#
# A fatal error has been detected by the Java Runtime Environment:
#
#  EXCEPTION_ACCESS_VIOLATION (0xc0000005) at pc=0x00007ff9b069b386, pid=15948, tid=45340
#
# JRE version: OpenJDK Runtime Environment Temurin-17.0.14+7 (17.0.14+7) (build 17.0.14+7)
# Java VM: OpenJDK 64-Bit Server VM Temurin-17.0.14+7 (17.0.14+7, mixed mode, sharing, tiered, compressed oops, compressed class ptrs, g1 gc, windows-amd64)
# Problematic frame:
# C  [igxelpicd64.dll+0x23b386]
#
# No core dump will be written. Minidumps are not enabled by default on client versions of Windows
#
# If you would like to submit a bug report, please visit:
#   https://github.com/adoptium/adoptium-support/issues
#

---------------  S U M M A R Y ------------

Command Line: -agentlib:jdwp=transport=dt_socket,address=8326,server=y,suspend=y,quiet=y -Xms64m -Xmx1024m -Djna.nosys=true -Djava.library.path=;C:\Program Files\Processing\app\resources\core\library;C:\Program Files\Processing;C:\WINDOWS\system32;C:\WINDOWS;C:\Program Files\PlasticSCM5\server;C:\Program Files\PlasticSCM5\client;C:\Program Files\Common Files\Oracle\Java\javapath;C:\Program Files (x86)\Common Files\Oracle\Java\javapath;C:\Windows\System32\HWAudioDriverLibs;C:\Windows\system32;C:\Windows;C:\Windows\System32\Wbem;C:\Windows\System32\WindowsPowerShell\v1.0;C:\Windows\System32\OpenSSH;C:\Program Files\Microsoft SQL Server\150\Tools\Binn;C:\Program Files\Microsoft SQL Server\Client SDK\ODBC\170\Tools\Binn;C:\Program Files\dotnet;D:\Windows Kits\10\Windows Performance Toolkit;C:\Program Files\Java\jdk-23\bin;C:\WINDOWS\system32;C:\WINDOWS;C:\WINDOWS\System32\Wbem;C:\WINDOWS\System32\WindowsPowerShell\v1.0;C:\WINDOWS\System32\OpenSSH;C:\Program Files\nodejs;C:\Program Files\Docker\Docker\resources\bin;C:\Program Files\TortoiseGit\bin;C:\Program Files\Git\cmd;C:\Users\danil\AppData\Local\Programs\Python\Python312\Scripts;C:\Users\danil\AppData\Local\Programs\Python\Python312;C:\Users\danil\AppData\Local\Microsoft\WindowsApps;C:\Users\danil\AppData\Local\Programs\Microsoft VS Code\bin;C:\Users\danil\AppData\Roaming\npm;D:\DataBase\18\bin;C:\Program Files\Processing\app;. -ea processing.core.PApplet --editor-location=-7,-7 --external --display=1 --sketch-path=C:\Users\danil\Desktop\Gravity_simul Gravity_simul

Host: 11th Gen Intel(R) Core(TM) i5-1155G7 @ 2.50GHz, 8 cores, 7G,  Windows 11 , 64 bit Build 26100 (10.0.26100.8328)
Time: Sat Jun 27 23:55:29 2026 RTZ 3 (s 11 , 64 bit Build 26100 (10.0.26100.8328) elapsed time: 18.253592 seconds (0d 0h 0m 18s)

---------------  T H R E A D  ---------------

Current thread (0x000001ce7ec253b0):  VMThread "VM Thread" [stack: 0x000000686d300000,0x000000686d400000] [id=45340]

Stack: [0x000000686d300000,0x000000686d400000],  sp=0x000000686d3fe150,  free space=1016k
Native frames: (J=compiled Java code, j=interpreted, Vv=VM code, C=native code)
C  [igxelpicd64.dll+0x23b386]


siginfo: EXCEPTION_ACCESS_VIOLATION (0xc0000005), reading address 0x0000000000035468


Registers:
RAX=0x000001ce48d46980, RBX=0x000001ce7f9668e0, RCX=0x0000000000000004, RDX=0x0000000000000000
RSP=0x000000686d3fe150, RBP=0x0000000000000000, RSI=0x000001ce48d46780, RDI=0x000001ce7f437af0
R8 =0x000001ce48d46880, R9 =0x000000686c892000, R10=0x0000000000000000, R11=0x0000000000000246
R12=0x000001ce48d46780, R13=0x0000000000000000, R14=0x000001ce48d46cc8, R15=0x000001ce48d48490
RIP=0x00007ff9b069b386, EFLAGS=0x0000000000010202


Register to memory mapping:

RIP=0x00007ff9b069b386 igxelpicd64.dll
RAX=0x000001ce48d46980 points into unknown readable memory: 0x000000000008369e | 9e 36 08 00 00 00 00 00
RBX=0x000001ce7f9668e0 points into unknown readable memory: 0xffffffffffffffff | ff ff ff ff ff ff ff ff
RCX=0x0000000000000004 is an unknown value
RDX=0x0 is NULL
RSP=0x000000686d3fe150 points into unknown readable memory: 0x000001ce7f9668e0 | e0 68 96 7f ce 01 00 00
RBP=0x0 is NULL
RSI=0x000001ce48d46780 points into unknown readable memory: 0x000001ce7f95fe40 | 40 fe 95 7f ce 01 00 00
RDI=0x000001ce7f437af0 points into unknown readable memory: 0x0000000000000000 | 00 00 00 00 00 00 00 00
R8 =0x000001ce48d46880 points into unknown readable memory: 0x0000000000000000 | 00 00 00 00 00 00 00 00
R9 =0x000000686c892000 points into unknown readable memory: 0x0000000000000000 | 00 00 00 00 00 00 00 00
R10=0x0 is NULL
R11=0x0000000000000246 is an unknown value
R12=0x000001ce48d46780 points into unknown readable memory: 0x000001ce7f95fe40 | 40 fe 95 7f ce 01 00 00
R13=0x0 is NULL
R14=0x000001ce48d46cc8 points into unknown readable memory: 0x000001ce48d48490 | 90 84 d4 48 ce 01 00 00
R15=0x000001ce48d48490 points into unknown readable memory: 0x000001ce7f95fe40 | 40 fe 95 7f ce 01 00 00


Top of Stack: (sp=0x000000686d3fe150)
0x000000686d3fe150:   000001ce7f9668e0 0255429d03862e9d
0x000000686d3fe160:   0391939f00929d9d 0250f39f03309c9f
0x000000686d3fe170:   0000001603000000 0000000000000000
0x000000686d3fe180:   032b66a303b02aa3 0365e2a3036987a3
0x000000686d3fe190:   000001ce7f9668e0 031d81a403732ea4
0x000000686d3fe1a0:   032a3ea502743ca5 02de81a503725aa5
0x000000686d3fe1b0:   02db39a602a81ca6 0353bba603a49ca6
0x000000686d3fe1c0:   00b3e9a603a7cba6 039039a700a836a7
0x000000686d3fe1d0:   0326f4a70133c2a7 031e5ea90399e2a8
0x000000686d3fe1e0:   036a28aa035e61a9 035b9aaa02fe53aa
0x000000686d3fe1f0:   022dceaa02eccdaa 02fe53ab02bf12ab
0x000000686d3fe200:   02b97dab02e266ab 036fedab021f82ab
0x000000686d3fe210:   03990eac01e702ac 02c01eac039d16ac
0x000000686d3fe220:   01d979ac034833ac 02db8cac03a986ac
0x000000686d3fe230:   036602ad03a4d0ac 00007ffa7dbc5b54
0x000000686d3fe240:   0000000000000000 0000000000000000
0x000000686d3fe250:   000000686d3fe3f0 00007ffa7be21259
0x000000686d3fe260:   000000686d3fe2e8 0000000000000000
0x000000686d3fe270:   0000000000000054 0000000000000000
0x000000686d3fe280:   032eb8b1029d98b1 00007ffa7dbc5cc4
0x000000686d3fe290:   039650b302c0ccb2 005273b3035461b3
0x000000686d3fe2a0:   0000a6a136a7f7d1 036c27b5039305b5
0x000000686d3fe2b0:   000001ce49183c78 00000000000836ba
0x000000686d3fe2c0:   0000000000000000 0000000000000016
0x000000686d3fe2d0:   0000000000000000 0000000000000000
0x000000686d3fe2e0:   000000686d3fe3f0 00007ff9b06c82ae
0x000000686d3fe2f0:   000001ce7f437af0 0000000000000000
0x000000686d3fe300:   000001ce7f437af0 0329a6bb033875bb
0x000000686d3fe310:   0000006800000a14 00007404006b0000
0x000000686d3fe320:   0000000000000000 033838be036430be
0x000000686d3fe330:   02aa5abe029d43be 03a6fcbe02eec1be
0x000000686d3fe340:   038ec2bf02f831bf 00ad46c00276c4bf 

Instructions: (pc=0x00007ff9b069b386)
0x00007ff9b069b286:   00 90 4c 8b bf 80 02 00 00 48 8b 05 9a 85 bd 00
0x00007ff9b069b296:   8b 80 c8 0a 00 00 89 44 24 24 c6 44 24 20 00 48
0x00007ff9b069b2a6:   c7 87 80 02 00 00 00 00 00 00 c7 87 88 02 00 00
0x00007ff9b069b2b6:   00 00 00 00 48 c7 87 a0 02 00 00 00 00 00 00 48
0x00007ff9b069b2c6:   c7 87 90 02 00 00 00 00 00 00 48 85 ed 75 3d 8b
0x00007ff9b069b2d6:   35 0d 77 cd 00 65 48 8b 04 25 58 00 00 00 b9 14
0x00007ff9b069b2e6:   00 00 00 48 8b 04 f0 40 38 2c 01 0f 84 c9 e7 75
0x00007ff9b069b2f6:   00 65 48 8b 04 25 58 00 00 00 bd 20 00 00 00 48
0x00007ff9b069b306:   8b 04 f0 48 8b 2c 28 48 89 6c 24 28 48 3b 2d 07
0x00007ff9b069b316:   9b cd 00 0f 84 9b 10 00 00 4d 85 ff 0f 84 3a 01
0x00007ff9b069b326:   00 00 0f 1f 84 00 00 00 00 00 49 8b f7 4d 8b e7
0x00007ff9b069b336:   4d 8d b7 48 05 00 00 4d 8b 3e 45 84 ed 0f 85 d9
0x00007ff9b069b346:   0e 00 00 8b 8f d0 01 00 00 48 8b 05 da 84 bd 00
0x00007ff9b069b356:   83 b8 64 03 00 00 02 75 34 4d 8d 84 24 00 01 00
0x00007ff9b069b366:   00 83 f9 10 0f 83 3a 01 00 00 8b c1 48 c1 e0 06
0x00007ff9b069b376:   49 03 c0 48 85 c0 0f 84 9b 01 00 00 48 8b 50 08
0x00007ff9b069b386:   48 3b 95 68 54 03 00 0f 87 b6 0e 00 00 48 83 be
0x00007ff9b069b396:   c0 05 00 00 00 0f 85 50 e7 75 00 44 8b 8f d0 01
0x00007ff9b069b3a6:   00 00 48 8b 87 e8 01 00 00 4c 8b 00 8b 8f d0 01
0x00007ff9b069b3b6:   00 00 48 8d 9e 00 01 00 00 83 f9 10 0f 83 1e 01
0x00007ff9b069b3c6:   00 00 8b c1 48 c1 e0 06 48 03 c3 48 85 c0 0f 84
0x00007ff9b069b3d6:   4a 01 00 00 4c 39 40 08 0f 86 40 01 00 00 48 8b
0x00007ff9b069b3e6:   87 80 02 00 00 49 89 06 48 89 b7 80 02 00 00 ff
0x00007ff9b069b3f6:   87 88 02 00 00 48 8b 4e 08 48 8b 01 ba 01 00 00
0x00007ff9b069b406:   00 48 8b 80 e0 02 00 00 ff 15 f4 c1 88 00 0f b7
0x00007ff9b069b416:   c8 48 2b c1 48 05 00 00 01 00 48 01 87 90 02 00
0x00007ff9b069b426:   00 48 8b 4e 08 48 8b 01 ba 01 00 00 00 48 8b 80
0x00007ff9b069b436:   e0 02 00 00 ff 15 c8 c1 88 00 48 01 87 a0 02 00
0x00007ff9b069b446:   00 0f b6 54 24 20 4d 85 ff 0f 85 db fe ff ff 84
0x00007ff9b069b456:   d2 0f 85 37 0f 00 00 48 8b 5c 24 40 48 8b cf 80
0x00007ff9b069b466:   7c 24 22 00 0f 85 40 0f 00 00 e8 3b f9 ff ff 90
0x00007ff9b069b476:   48 8b cb ff 15 99 bc 88 00 48 8b 8c 24 50 01 00 


Stack slot to memory mapping:
stack at sp + 0 slots: 0x000001ce7f9668e0 points into unknown readable memory: 0xffffffffffffffff | ff ff ff ff ff ff ff ff
stack at sp + 1 slots: 0x0255429d03862e9d is an unknown value
stack at sp + 2 slots: 0x0391939f00929d9d is an unknown value
stack at sp + 3 slots: 0x0250f39f03309c9f is an unknown value
stack at sp + 4 slots: 0x0000001603000000 is an unknown value
stack at sp + 5 slots: 0x0 is NULL
stack at sp + 6 slots: 0x032b66a303b02aa3 is an unknown value
stack at sp + 7 slots: 0x0365e2a3036987a3 is an unknown value

VM_Operation (0x000000686f4fe870): Exit, mode: safepoint, requested by thread 0x000001ce7f9285c0


---------------  P R O C E S S  ---------------

Threads class SMR info:
_java_thread_list=0x000001ce59c70a10, length=23, elements={
0x000001ce7ec2a3a0, 0x000001ce7ec2cd80, 0x000001ce7ec44400, 0x000001ce7ec44cd0,
0x000001ce7ec455a0, 0x000001ce7ec46610, 0x000001ce7ec4dde0, 0x000001ce7ec4f430,
0x000001ce7ec5e510, 0x000001ce7eeebc60, 0x000001ce7ef005a0, 0x000001ce7ef02ca0,
0x000001ce7ef054b0, 0x000001ce7ef20020, 0x000001ce7f3e0180, 0x000001ce7f3e0a70,
0x000001ce7f9285c0, 0x000001ce7f4935d0, 0x000001ce7f490d50, 0x000001ce7f4930c0,
0x000001ce7f492bb0, 0x000001ce7f491770, 0x000001ce7f650f40
}

Java Threads: ( => current thread )
  0x000001ce7ec2a3a0 JavaThread "Reference Handler" daemon [_thread_blocked, id=10936, stack(0x000000686d400000,0x000000686d500000)]
  0x000001ce7ec2cd80 JavaThread "Finalizer" daemon [_thread_blocked, id=29104, stack(0x000000686d500000,0x000000686d600000)]
  0x000001ce7ec44400 JavaThread "Signal Dispatcher" daemon [_thread_blocked, id=15060, stack(0x000000686d600000,0x000000686d700000)]
  0x000001ce7ec44cd0 JavaThread "Attach Listener" daemon [_thread_blocked, id=23904, stack(0x000000686d700000,0x000000686d800000)]
  0x000001ce7ec455a0 JavaThread "Service Thread" daemon [_thread_blocked, id=46168, stack(0x000000686d800000,0x000000686d900000)]
  0x000001ce7ec46610 JavaThread "Monitor Deflation Thread" daemon [_thread_blocked, id=46180, stack(0x000000686d900000,0x000000686da00000)]
  0x000001ce7ec4dde0 JavaThread "C2 CompilerThread0" daemon [_thread_blocked, id=46184, stack(0x000000686da00000,0x000000686db00000)]
  0x000001ce7ec4f430 JavaThread "C1 CompilerThread0" daemon [_thread_blocked, id=38496, stack(0x000000686db00000,0x000000686dc00000)]
  0x000001ce7ec5e510 JavaThread "Sweeper thread" daemon [_thread_blocked, id=44084, stack(0x000000686dc00000,0x000000686dd00000)]
  0x000001ce7eeebc60 JavaThread "JDWP Transport Listener: dt_socket" daemon [_thread_blocked, id=44052, stack(0x000000686dd00000,0x000000686de00000)]
  0x000001ce7ef005a0 JavaThread "JDWP Event Helper Thread" daemon [_thread_blocked, id=48152, stack(0x000000686de00000,0x000000686df00000)]
  0x000001ce7ef02ca0 JavaThread "JDWP Command Reader" daemon [_thread_blocked, id=22312, stack(0x000000686df00000,0x000000686e000000)]
  0x000001ce7ef054b0 JavaThread "Notification Thread" daemon [_thread_blocked, id=3812, stack(0x000000686e000000,0x000000686e100000)]
  0x000001ce7ef20020 JavaThread "Common-Cleaner" daemon [_thread_blocked, id=37568, stack(0x000000686e200000,0x000000686e300000)]
  0x000001ce7f3e0180 JavaThread "Java2D Disposer" daemon [_thread_blocked, id=10668, stack(0x000000686e300000,0x000000686e400000)]
  0x000001ce7f3e0a70 JavaThread "HighResTimerThread" daemon [_thread_blocked, id=20132, stack(0x000000686e700000,0x000000686e800000)]
  0x000001ce7f9285c0 JavaThread "main-FPSAWTAnimator#00-Timer0" [_thread_blocked, id=48524, stack(0x000000686f400000,0x000000686f500000)]
  0x000001ce7f4935d0 JavaThread "DestroyJavaVM" [_thread_blocked, id=43596, stack(0x000000686cd00000,0x000000686ce00000)]
  0x000001ce7f490d50 JavaThread "pool-1-thread-1" [_thread_blocked, id=48788, stack(0x000000686f800000,0x000000686f900000)]
  0x000001ce7f4930c0 JavaThread "pool-1-thread-2" [_thread_blocked, id=44208, stack(0x000000686f900000,0x000000686fa00000)]
  0x000001ce7f492bb0 JavaThread "pool-1-thread-3" [_thread_blocked, id=23064, stack(0x000000686fa00000,0x000000686fb00000)]
  0x000001ce7f491770 JavaThread "pool-1-thread-4" [_thread_blocked, id=24100, stack(0x000000686fb00000,0x000000686fc00000)]
  0x000001ce7f650f40 JavaThread "AWT-Shutdown" [_thread_blocked, id=25188, stack(0x000000686f300000,0x000000686f400000)]

Other Threads:
=>0x000001ce7ec253b0 VMThread "VM Thread" [stack: 0x000000686d300000,0x000000686d400000] [id=45340]
  0x000001ce630deb40 GCTaskThread "GC Thread#0" [stack: 0x000000686ce00000,0x000000686cf00000] [id=42044]
  0x000001ce48606460 GCTaskThread "GC Thread#1" [stack: 0x000000686eb00000,0x000000686ec00000] [id=23052]
  0x000001ce48606720 GCTaskThread "GC Thread#2" [stack: 0x000000686ec00000,0x000000686ed00000] [id=46172]
  0x000001ce486069e0 GCTaskThread "GC Thread#3" [stack: 0x000000686ed00000,0x000000686ee00000] [id=23048]
  0x000001ce48606ca0 GCTaskThread "GC Thread#4" [stack: 0x000000686ee00000,0x000000686ef00000] [id=43792]
  0x000001ce48606f60 GCTaskThread "GC Thread#5" [stack: 0x000000686ef00000,0x000000686f000000] [id=21660]
  0x000001ce48636850 GCTaskThread "GC Thread#6" [stack: 0x000000686f000000,0x000000686f100000] [id=21644]
  0x000001ce48636b10 GCTaskThread "GC Thread#7" [stack: 0x000000686f100000,0x000000686f200000] [id=21636]
  0x000001ce630e8670 ConcurrentGCThread "G1 Main Marker" terminated
  0x000001ce630e9e50 ConcurrentGCThread "G1 Conc#0" [stack: 0x000000686d000000,0x000000686d100000] [id=23192]
  0x000001ce59b9a070 ConcurrentGCThread "G1 Conc#1" [stack: 0x000000686fc00000,0x000000686fd00000] [id=21672]
  0x000001ce6314d020 ConcurrentGCThread "G1 Refine#0" terminated
  0x000001ce6314d800 ConcurrentGCThread "G1 Service" terminated

Threads with active compile tasks:

VM state: at safepoint (shutting down)

VM Mutex/Monitor currently owned by a thread:  ([mutex/lock_event])
[0x000001ce630982e0] Threads_lock - owner thread: 0x000001ce7ec253b0
[0x000001ce630977a0] Heap_lock - owner thread: 0x000001ce7f9285c0

Heap address: 0x00000000c0000000, size: 1024 MB, Compressed Oops mode: 32-bit

CDS archive(s) mapped at: [0x000001ce02000000-0x000001ce02bb0000-0x000001ce02bb0000), size 12255232, SharedBaseAddress: 0x000001ce02000000, ArchiveRelocationMode: 1.
Compressed class space mapped at: 0x000001ce03000000-0x000001ce43000000, reserved size: 1073741824
Narrow klass base: 0x000001ce02000000, Narrow klass shift: 0, Narrow klass range: 0x100000000

GC Precious Log:
 CPUs: 8 total, 8 available
 Memory: 7975M
 Large Page Support: Disabled
 NUMA Support: Disabled
 Compressed Oops: Enabled (32-bit)
 Heap Region Size: 1M
 Heap Min Capacity: 64M
 Heap Initial Capacity: 64M
 Heap Max Capacity: 1G
 Pre-touch: Disabled
 Parallel Workers: 8
 Concurrent Workers: 2
 Concurrent Refinement Workers: 8
 Periodic GC: Disabled

Heap:
 garbage-first heap   total 81920K, used 52309K [0x00000000c0000000, 0x0000000100000000)
  region size 1024K, 21 young (21504K), 1 survivors (1024K)
 Metaspace       used 13258K, committed 13504K, reserved 1114112K
  class space    used 920K, committed 1024K, reserved 1048576K

Heap Regions: E=young(eden), S=young(survivor), O=old, HS=humongous(starts), HC=humongous(continues), CS=collection set, F=free, OA=open archive, CA=closed archive, TAMS=top-at-mark-start (previous, next)
|   0|0x00000000c0000000, 0x00000000c0100000, 0x00000000c0100000|100%| O|  |TAMS 0x00000000c0100000, 0x00000000c0000000| Untracked 
|   1|0x00000000c0100000, 0x00000000c0200000, 0x00000000c0200000|100%| O|  |TAMS 0x00000000c0200000, 0x00000000c0100000| Untracked 
|   2|0x00000000c0200000, 0x00000000c0300000, 0x00000000c0300000|100%|HS|  |TAMS 0x00000000c0300000, 0x00000000c0200000| Complete 
|   3|0x00000000c0300000, 0x00000000c0400000, 0x00000000c0400000|100%|HC|  |TAMS 0x00000000c0400000, 0x00000000c0300000| Complete 
|   4|0x00000000c0400000, 0x00000000c0500000, 0x00000000c0500000|100%|HC|  |TAMS 0x00000000c0500000, 0x00000000c0400000| Complete 
|   5|0x00000000c0500000, 0x00000000c0600000, 0x00000000c0600000|100%|HC|  |TAMS 0x00000000c0600000, 0x00000000c0500000| Complete 
|   6|0x00000000c0600000, 0x00000000c0700000, 0x00000000c0700000|100%|HC|  |TAMS 0x00000000c0700000, 0x00000000c0600000| Complete 
|   7|0x00000000c0700000, 0x00000000c0800000, 0x00000000c0800000|100%|HS|  |TAMS 0x00000000c0800000, 0x00000000c0700000| Complete 
|   8|0x00000000c0800000, 0x00000000c0900000, 0x00000000c0900000|100%|HC|  |TAMS 0x00000000c0900000, 0x00000000c0800000| Complete 
|   9|0x00000000c0900000, 0x00000000c0a00000, 0x00000000c0a00000|100%|HS|  |TAMS 0x00000000c0a00000, 0x00000000c0900000| Complete 
|  10|0x00000000c0a00000, 0x00000000c0b00000, 0x00000000c0b00000|100%|HC|  |TAMS 0x00000000c0b00000, 0x00000000c0a00000| Complete 
|  11|0x00000000c0b00000, 0x00000000c0c00000, 0x00000000c0c00000|100%|HC|  |TAMS 0x00000000c0c00000, 0x00000000c0b00000| Complete 
|  12|0x00000000c0c00000, 0x00000000c0d00000, 0x00000000c0d00000|100%|HC|  |TAMS 0x00000000c0d00000, 0x00000000c0c00000| Complete 
|  13|0x00000000c0d00000, 0x00000000c0e00000, 0x00000000c0e00000|100%|HS|  |TAMS 0x00000000c0e00000, 0x00000000c0d00000| Complete 
|  14|0x00000000c0e00000, 0x00000000c0f00000, 0x00000000c0f00000|100%|HC|  |TAMS 0x00000000c0f00000, 0x00000000c0e00000| Complete 
|  15|0x00000000c0f00000, 0x00000000c1000000, 0x00000000c1000000|100%|HC|  |TAMS 0x00000000c1000000, 0x00000000c0f00000| Complete 
|  16|0x00000000c1000000, 0x00000000c1100000, 0x00000000c1100000|100%|HS|  |TAMS 0x00000000c1100000, 0x00000000c1000000| Complete 
|  17|0x00000000c1100000, 0x00000000c1200000, 0x00000000c1200000|100%|HC|  |TAMS 0x00000000c1200000, 0x00000000c1100000| Complete 
|  18|0x00000000c1200000, 0x00000000c1300000, 0x00000000c1300000|100%|HS|  |TAMS 0x00000000c1300000, 0x00000000c1200000| Complete 
|  19|0x00000000c1300000, 0x00000000c1400000, 0x00000000c1400000|100%|HC|  |TAMS 0x00000000c1400000, 0x00000000c1300000| Complete 
|  20|0x00000000c1400000, 0x00000000c1500000, 0x00000000c1500000|100%|HS|  |TAMS 0x00000000c1500000, 0x00000000c1400000| Complete 
|  21|0x00000000c1500000, 0x00000000c1600000, 0x00000000c1600000|100%|HC|  |TAMS 0x00000000c1600000, 0x00000000c1500000| Complete 
|  22|0x00000000c1600000, 0x00000000c1700000, 0x00000000c1700000|100%|HS|  |TAMS 0x00000000c1700000, 0x00000000c1600000| Complete 
|  23|0x00000000c1700000, 0x00000000c1800000, 0x00000000c1800000|100%|HC|  |TAMS 0x00000000c1800000, 0x00000000c1700000| Complete 
|  24|0x00000000c1800000, 0x00000000c1900000, 0x00000000c1900000|100%|HS|  |TAMS 0x00000000c1900000, 0x00000000c1800000| Complete 
|  25|0x00000000c1900000, 0x00000000c1a00000, 0x00000000c1a00000|100%|HC|  |TAMS 0x00000000c1a00000, 0x00000000c1900000| Complete 
|  26|0x00000000c1a00000, 0x00000000c1b00000, 0x00000000c1b00000|100%|HC|  |TAMS 0x00000000c1b00000, 0x00000000c1a00000| Complete 
|  27|0x00000000c1b00000, 0x00000000c1c00000, 0x00000000c1c00000|100%| O|  |TAMS 0x00000000c1c00000, 0x00000000c1b00000| Untracked 
|  28|0x00000000c1c00000, 0x00000000c1d00000, 0x00000000c1d00000|100%| O|  |TAMS 0x00000000c1d00000, 0x00000000c1c00000| Untracked 
|  29|0x00000000c1d00000, 0x00000000c1d72000, 0x00000000c1e00000| 44%| O|  |TAMS 0x00000000c1d69600, 0x00000000c1d00000| Untracked 
|  30|0x00000000c1e00000, 0x00000000c1f00000, 0x00000000c1f00000|100%| O|  |TAMS 0x00000000c1f00000, 0x00000000c1e00000| Untracked 
|  31|0x00000000c1f00000, 0x00000000c1f00000, 0x00000000c2000000|  0%| F|  |TAMS 0x00000000c1f00000, 0x00000000c1f00000| Untracked 
|  32|0x00000000c2000000, 0x00000000c2100000, 0x00000000c2100000|100%| O|  |TAMS 0x00000000c2100000, 0x00000000c2000000| Untracked 
|  33|0x00000000c2100000, 0x00000000c2100000, 0x00000000c2200000|  0%| F|  |TAMS 0x00000000c2100000, 0x00000000c2100000| Untracked 
|  34|0x00000000c2200000, 0x00000000c2200000, 0x00000000c2300000|  0%| F|  |TAMS 0x00000000c2200000, 0x00000000c2200000| Untracked 
|  35|0x00000000c2300000, 0x00000000c2300000, 0x00000000c2400000|  0%| F|  |TAMS 0x00000000c2300000, 0x00000000c2300000| Untracked 
|  36|0x00000000c2400000, 0x00000000c2400000, 0x00000000c2500000|  0%| F|  |TAMS 0x00000000c2400000, 0x00000000c2400000| Untracked 
|  37|0x00000000c2500000, 0x00000000c2500000, 0x00000000c2600000|  0%| F|  |TAMS 0x00000000c2500000, 0x00000000c2500000| Untracked 
|  38|0x00000000c2600000, 0x00000000c2600000, 0x00000000c2700000|  0%| F|  |TAMS 0x00000000c2600000, 0x00000000c2600000| Untracked 
|  39|0x00000000c2700000, 0x00000000c2700000, 0x00000000c2800000|  0%| F|  |TAMS 0x00000000c2700000, 0x00000000c2700000| Untracked 
|  40|0x00000000c2800000, 0x00000000c2800000, 0x00000000c2900000|  0%| F|  |TAMS 0x00000000c2800000, 0x00000000c2800000| Untracked 
|  41|0x00000000c2900000, 0x00000000c29a3798, 0x00000000c2a00000| 63%| S|CS|TAMS 0x00000000c2900000, 0x00000000c2900000| Complete 
|  42|0x00000000c2a00000, 0x00000000c2a00000, 0x00000000c2b00000|  0%| F|  |TAMS 0x00000000c2a00000, 0x00000000c2a00000| Untracked 
|  43|0x00000000c2b00000, 0x00000000c2b00000, 0x00000000c2c00000|  0%| F|  |TAMS 0x00000000c2b00000, 0x00000000c2b00000| Untracked 
|  44|0x00000000c2c00000, 0x00000000c2c00000, 0x00000000c2d00000|  0%| F|  |TAMS 0x00000000c2c00000, 0x00000000c2c00000| Untracked 
|  45|0x00000000c2d00000, 0x00000000c2d00000, 0x00000000c2e00000|  0%| F|  |TAMS 0x00000000c2d00000, 0x00000000c2d00000| Untracked 
|  46|0x00000000c2e00000, 0x00000000c2e00000, 0x00000000c2f00000|  0%| F|  |TAMS 0x00000000c2e00000, 0x00000000c2e00000| Untracked 
|  47|0x00000000c2f00000, 0x00000000c2f00000, 0x00000000c3000000|  0%| F|  |TAMS 0x00000000c2f00000, 0x00000000c2f00000| Untracked 
|  48|0x00000000c3000000, 0x00000000c3000000, 0x00000000c3100000|  0%| F|  |TAMS 0x00000000c3000000, 0x00000000c3000000| Untracked 
|  49|0x00000000c3100000, 0x00000000c3100000, 0x00000000c3200000|  0%| F|  |TAMS 0x00000000c3100000, 0x00000000c3100000| Untracked 
|  50|0x00000000c3200000, 0x00000000c3200000, 0x00000000c3300000|  0%| F|  |TAMS 0x00000000c3200000, 0x00000000c3200000| Untracked 
|  51|0x00000000c3300000, 0x00000000c3300000, 0x00000000c3400000|  0%| F|  |TAMS 0x00000000c3300000, 0x00000000c3300000| Untracked 
|  52|0x00000000c3400000, 0x00000000c3400000, 0x00000000c3500000|  0%| F|  |TAMS 0x00000000c3400000, 0x00000000c3400000| Untracked 
|  53|0x00000000c3500000, 0x00000000c3500000, 0x00000000c3600000|  0%| F|  |TAMS 0x00000000c3500000, 0x00000000c3500000| Untracked 
|  54|0x00000000c3600000, 0x00000000c3600000, 0x00000000c3700000|  0%| F|  |TAMS 0x00000000c3600000, 0x00000000c3600000| Untracked 
|  55|0x00000000c3700000, 0x00000000c3700000, 0x00000000c3800000|  0%| F|  |TAMS 0x00000000c3700000, 0x00000000c3700000| Untracked 
|  56|0x00000000c3800000, 0x00000000c3800000, 0x00000000c3900000|  0%| F|  |TAMS 0x00000000c3800000, 0x00000000c3800000| Untracked 
|  57|0x00000000c3900000, 0x00000000c3900000, 0x00000000c3a00000|  0%| F|  |TAMS 0x00000000c3900000, 0x00000000c3900000| Untracked 
|  58|0x00000000c3a00000, 0x00000000c3a00000, 0x00000000c3b00000|  0%| F|  |TAMS 0x00000000c3a00000, 0x00000000c3a00000| Untracked 
|  59|0x00000000c3b00000, 0x00000000c3b00000, 0x00000000c3c00000|  0%| F|  |TAMS 0x00000000c3b00000, 0x00000000c3b00000| Untracked 
|  60|0x00000000c3c00000, 0x00000000c3c61be0, 0x00000000c3d00000| 38%| E|  |TAMS 0x00000000c3c00000, 0x00000000c3c00000| Complete 
|  61|0x00000000c3d00000, 0x00000000c3e00000, 0x00000000c3e00000|100%| E|CS|TAMS 0x00000000c3d00000, 0x00000000c3d00000| Complete 
|  62|0x00000000c3e00000, 0x00000000c3f00000, 0x00000000c3f00000|100%| E|CS|TAMS 0x00000000c3e00000, 0x00000000c3e00000| Complete 
|  63|0x00000000c3f00000, 0x00000000c4000000, 0x00000000c4000000|100%| E|CS|TAMS 0x00000000c3f00000, 0x00000000c3f00000| Complete 
|  64|0x00000000c4000000, 0x00000000c4100000, 0x00000000c4100000|100%| E|CS|TAMS 0x00000000c4000000, 0x00000000c4000000| Complete 
|  65|0x00000000c4100000, 0x00000000c4200000, 0x00000000c4200000|100%| E|CS|TAMS 0x00000000c4100000, 0x00000000c4100000| Complete 
|  66|0x00000000c4200000, 0x00000000c4300000, 0x00000000c4300000|100%| E|CS|TAMS 0x00000000c4200000, 0x00000000c4200000| Complete 
|  67|0x00000000c4300000, 0x00000000c4400000, 0x00000000c4400000|100%| E|CS|TAMS 0x00000000c4300000, 0x00000000c4300000| Complete 
|  68|0x00000000c4400000, 0x00000000c4500000, 0x00000000c4500000|100%| E|CS|TAMS 0x00000000c4400000, 0x00000000c4400000| Complete 
|  69|0x00000000c4500000, 0x00000000c4600000, 0x00000000c4600000|100%| E|CS|TAMS 0x00000000c4500000, 0x00000000c4500000| Complete 
|  70|0x00000000c4600000, 0x00000000c4700000, 0x00000000c4700000|100%| E|CS|TAMS 0x00000000c4600000, 0x00000000c4600000| Complete 
|  71|0x00000000c4700000, 0x00000000c4800000, 0x00000000c4800000|100%| E|CS|TAMS 0x00000000c4700000, 0x00000000c4700000| Complete 
|  72|0x00000000c4800000, 0x00000000c4900000, 0x00000000c4900000|100%| E|CS|TAMS 0x00000000c4800000, 0x00000000c4800000| Complete 
|  73|0x00000000c4900000, 0x00000000c4a00000, 0x00000000c4a00000|100%| E|CS|TAMS 0x00000000c4900000, 0x00000000c4900000| Complete 
|  74|0x00000000c4a00000, 0x00000000c4b00000, 0x00000000c4b00000|100%| E|CS|TAMS 0x00000000c4a00000, 0x00000000c4a00000| Complete 
|  75|0x00000000c4b00000, 0x00000000c4c00000, 0x00000000c4c00000|100%| E|CS|TAMS 0x00000000c4b00000, 0x00000000c4b00000| Complete 
|  76|0x00000000c4c00000, 0x00000000c4d00000, 0x00000000c4d00000|100%| E|CS|TAMS 0x00000000c4c00000, 0x00000000c4c00000| Complete 
|  77|0x00000000c4d00000, 0x00000000c4e00000, 0x00000000c4e00000|100%| E|CS|TAMS 0x00000000c4d00000, 0x00000000c4d00000| Complete 
|  78|0x00000000c4e00000, 0x00000000c4f00000, 0x00000000c4f00000|100%| E|CS|TAMS 0x00000000c4e00000, 0x00000000c4e00000| Complete 
|  79|0x00000000c4f00000, 0x00000000c5000000, 0x00000000c5000000|100%| E|CS|TAMS 0x00000000c4f00000, 0x00000000c4f00000| Complete 

Card table byte_map: [0x000001ce7bdf0000,0x000001ce7bff0000] _byte_map_base: 0x000001ce7b7f0000

Marking Bits (Prev, Next): (CMBitMap*) 0x000001ce630df0b0, (CMBitMap*) 0x000001ce630df070
 Prev Bits: [0x000001ce7d1f0000, 0x000001ce7e1f0000)
 Next Bits: [0x000001ce7c1f0000, 0x000001ce7d1f0000)

Polling page: 0x000001ce62e20000

Metaspace:

Usage:
  Non-class:     12.05 MB used.
      Class:    920.23 KB used.
       Both:     12.95 MB used.

Virtual space:
  Non-class space:       64.00 MB reserved,      12.19 MB ( 19%) committed,  1 nodes.
      Class space:        1.00 GB reserved,       1.00 MB ( <1%) committed,  1 nodes.
             Both:        1.06 GB reserved,      13.19 MB (  1%) committed. 

Chunk freelists:
   Non-Class:  3.28 MB
       Class:  14.91 MB
        Both:  18.19 MB

MaxMetaspaceSize: unlimited
CompressedClassSpaceSize: 1.00 GB
Initial GC threshold: 21.00 MB
Current GC threshold: 21.00 MB
CDS: on
MetaspaceReclaimPolicy: balanced
 - commit_granule_bytes: 65536.
 - commit_granule_words: 8192.
 - virtual_space_node_default_size: 8388608.
 - enlarge_chunks_in_place: 1.
 - new_chunks_are_fully_committed: 0.
 - uncommit_free_chunks: 1.
 - use_allocation_guard: 0.
 - handle_deallocations: 1.


Internal statistics:

num_allocs_failed_limit: 0.
num_arena_births: 106.
num_arena_deaths: 0.
num_vsnodes_births: 2.
num_vsnodes_deaths: 0.
num_space_committed: 207.
num_space_uncommitted: 0.
num_chunks_returned_to_freelist: 0.
num_chunks_taken_from_freelist: 394.
num_chunk_merges: 0.
num_chunk_splits: 311.
num_chunks_enlarged: 250.
num_inconsistent_stats: 0.

CodeHeap 'non-profiled nmethods': size=120000Kb used=799Kb max_used=799Kb free=119200Kb
 bounds [0x000001ce73c60000, 0x000001ce73ed0000, 0x000001ce7b190000]
CodeHeap 'profiled nmethods': size=120000Kb used=3739Kb max_used=3739Kb free=116260Kb
 bounds [0x000001ce6c190000, 0x000001ce6c540000, 0x000001ce736c0000]
CodeHeap 'non-nmethods': size=5760Kb used=1613Kb max_used=1665Kb free=4146Kb
 bounds [0x000001ce736c0000, 0x000001ce73930000, 0x000001ce73c60000]
 total_blobs=2750 nmethods=1812 adapters=851
 compilation: enabled
              stopped_count=0, restarted_count=0
 full_count=0

Compilation events (20 events):
Event: 15.826 Thread 0x000001ce7ec4dde0 1803       4       processing.core.PMatrix3D::scale (121 bytes)
Event: 15.826 Thread 0x000001ce7ec4dde0 nmethod 1803 0x000001ce73d24790 code [0x000001ce73d24900, 0x000001ce73d249f8]
Event: 16.423 Thread 0x000001ce7ec4dde0 1804       4       processing.opengl.PGraphicsOpenGL$IndexCache::arrayCheck (40 bytes)
Event: 16.424 Thread 0x000001ce7ec4dde0 nmethod 1804 0x000001ce73d24a90 code [0x000001ce73d24c40, 0x000001ce73d24d70]
Event: 16.960 Thread 0x000001ce7ec4dde0 1805   !   4       java.nio.DirectIntBufferU::get (34 bytes)
Event: 16.961 Thread 0x000001ce7ec4dde0 nmethod 1805 0x000001ce73d24f10 code [0x000001ce73d25080, 0x000001ce73d25178]
Event: 17.233 Thread 0x000001ce7ec4dde0 1806       4       java.util.concurrent.CountDownLatch$Sync::tryAcquireShared (13 bytes)
Event: 17.234 Thread 0x000001ce7ec4dde0 nmethod 1806 0x000001ce73d25310 code [0x000001ce73d25480, 0x000001ce73d25518]
Event: 17.250 Thread 0x000001ce7ec4dde0 1807       4       processing.opengl.PShader::setVertexAttribute (17 bytes)
Event: 17.250 Thread 0x000001ce7ec4dde0 nmethod 1807 0x000001ce73d25610 code [0x000001ce73d257a0, 0x000001ce73d25888]
Event: 17.588 Thread 0x000001ce7ec4f430 1808       1       com.jogamp.newt.event.NEWTEvent::getEventType (5 bytes)
Event: 17.588 Thread 0x000001ce7ec4f430 nmethod 1808 0x000001ce73d25990 code [0x000001ce73d25b20, 0x000001ce73d25bf8]
Event: 17.650 Thread 0x000001ce7ec4dde0 1809       4       processing.opengl.PShader::draw (42 bytes)
Event: 17.661 Thread 0x000001ce7ec4dde0 nmethod 1809 0x000001ce73d25c90 code [0x000001ce73d25ea0, 0x000001ce73d26c68]
Event: 17.936 Thread 0x000001ce7ec4dde0 1810       4       java.util.concurrent.locks.LockSupport::setCurrentBlocker (14 bytes)
Event: 17.937 Thread 0x000001ce7ec4dde0 nmethod 1810 0x000001ce73d27a10 code [0x000001ce73d27b80, 0x000001ce73d27c98]
Event: 18.170 Thread 0x000001ce7ec4f430 1811       3       jdk.internal.misc.Unsafe::getAndAddLong (27 bytes)
Event: 18.170 Thread 0x000001ce7ec4f430 nmethod 1811 0x000001ce6c536510 code [0x000001ce6c5366c0, 0x000001ce6c536908]
Event: 18.170 Thread 0x000001ce7ec4f430 1812       3       jdk.internal.misc.Unsafe::weakCompareAndSetLong (11 bytes)
Event: 18.170 Thread 0x000001ce7ec4f430 nmethod 1812 0x000001ce6c536a10 code [0x000001ce6c536ba0, 0x000001ce6c536cd8]

GC Heap History (20 events):
Event: 10.914 GC heap before
{Heap before GC invocations=23 (full 0):
 garbage-first heap   total 81920K, used 70814K [0x00000000c0000000, 0x0000000100000000)
  region size 1024K, 38 young (38912K), 1 survivors (1024K)
 Metaspace       used 13182K, committed 13376K, reserved 1114112K
  class space    used 916K, committed 1024K, reserved 1048576K
}
Event: 10.915 GC heap after
{Heap after GC invocations=24 (full 0):
 garbage-first heap   total 81920K, used 33108K [0x00000000c0000000, 0x0000000100000000)
  region size 1024K, 1 young (1024K), 1 survivors (1024K)
 Metaspace       used 13182K, committed 13376K, reserved 1114112K
  class space    used 916K, committed 1024K, reserved 1048576K
}
Event: 11.708 GC heap before
{Heap before GC invocations=24 (full 0):
 garbage-first heap   total 81920K, used 70996K [0x00000000c0000000, 0x0000000100000000)
  region size 1024K, 38 young (38912K), 1 survivors (1024K)
 Metaspace       used 13213K, committed 13376K, reserved 1114112K
  class space    used 916K, committed 1024K, reserved 1048576K
}
Event: 11.709 GC heap after
{Heap after GC invocations=25 (full 0):
 garbage-first heap   total 81920K, used 32466K [0x00000000c0000000, 0x0000000100000000)
  region size 1024K, 1 young (1024K), 1 survivors (1024K)
 Metaspace       used 13213K, committed 13376K, reserved 1114112K
  class space    used 916K, committed 1024K, reserved 1048576K
}
Event: 12.418 GC heap before
{Heap before GC invocations=25 (full 0):
 garbage-first heap   total 81920K, used 70354K [0x00000000c0000000, 0x0000000100000000)
  region size 1024K, 38 young (38912K), 1 survivors (1024K)
 Metaspace       used 13213K, committed 13376K, reserved 1114112K
  class space    used 916K, committed 1024K, reserved 1048576K
}
Event: 12.419 GC heap after
{Heap after GC invocations=26 (full 0):
 garbage-first heap   total 81920K, used 32625K [0x00000000c0000000, 0x0000000100000000)
  region size 1024K, 1 young (1024K), 1 survivors (1024K)
 Metaspace       used 13213K, committed 13376K, reserved 1114112K
  class space    used 916K, committed 1024K, reserved 1048576K
}
Event: 13.156 GC heap before
{Heap before GC invocations=26 (full 0):
 garbage-first heap   total 81920K, used 70513K [0x00000000c0000000, 0x0000000100000000)
  region size 1024K, 38 young (38912K), 1 survivors (1024K)
 Metaspace       used 13213K, committed 13376K, reserved 1114112K
  class space    used 916K, committed 1024K, reserved 1048576K
}
Event: 13.156 GC heap after
{Heap after GC invocations=27 (full 0):
 garbage-first heap   total 81920K, used 32985K [0x00000000c0000000, 0x0000000100000000)
  region size 1024K, 1 young (1024K), 1 survivors (1024K)
 Metaspace       used 13213K, committed 13376K, reserved 1114112K
  class space    used 916K, committed 1024K, reserved 1048576K
}
Event: 13.949 GC heap before
{Heap before GC invocations=27 (full 0):
 garbage-first heap   total 81920K, used 70873K [0x00000000c0000000, 0x0000000100000000)
  region size 1024K, 38 young (38912K), 1 survivors (1024K)
 Metaspace       used 13213K, committed 13376K, reserved 1114112K
  class space    used 916K, committed 1024K, reserved 1048576K
}
Event: 13.949 GC heap after
{Heap after GC invocations=28 (full 0):
 garbage-first heap   total 81920K, used 32360K [0x00000000c0000000, 0x0000000100000000)
  region size 1024K, 1 young (1024K), 1 survivors (1024K)
 Metaspace       used 13213K, committed 13376K, reserved 1114112K
  class space    used 916K, committed 1024K, reserved 1048576K
}
Event: 14.711 GC heap before
{Heap before GC invocations=28 (full 0):
 garbage-first heap   total 81920K, used 70248K [0x00000000c0000000, 0x0000000100000000)
  region size 1024K, 38 young (38912K), 1 survivors (1024K)
 Metaspace       used 13215K, committed 13376K, reserved 1114112K
  class space    used 916K, committed 1024K, reserved 1048576K
}
Event: 14.712 GC heap after
{Heap after GC invocations=29 (full 0):
 garbage-first heap   total 81920K, used 32625K [0x00000000c0000000, 0x0000000100000000)
  region size 1024K, 1 young (1024K), 1 survivors (1024K)
 Metaspace       used 13215K, committed 13376K, reserved 1114112K
  class space    used 916K, committed 1024K, reserved 1048576K
}
Event: 15.520 GC heap before
{Heap before GC invocations=29 (full 0):
 garbage-first heap   total 81920K, used 70513K [0x00000000c0000000, 0x0000000100000000)
  region size 1024K, 38 young (38912K), 1 survivors (1024K)
 Metaspace       used 13215K, committed 13376K, reserved 1114112K
  class space    used 916K, committed 1024K, reserved 1048576K
}
Event: 15.521 GC heap after
{Heap after GC invocations=30 (full 0):
 garbage-first heap   total 81920K, used 32878K [0x00000000c0000000, 0x0000000100000000)
  region size 1024K, 1 young (1024K), 1 survivors (1024K)
 Metaspace       used 13215K, committed 13376K, reserved 1114112K
  class space    used 916K, committed 1024K, reserved 1048576K
}
Event: 16.239 GC heap before
{Heap before GC invocations=30 (full 0):
 garbage-first heap   total 81920K, used 70766K [0x00000000c0000000, 0x0000000100000000)
  region size 1024K, 38 young (38912K), 1 survivors (1024K)
 Metaspace       used 13215K, committed 13376K, reserved 1114112K
  class space    used 916K, committed 1024K, reserved 1048576K
}
Event: 16.240 GC heap after
{Heap after GC invocations=31 (full 0):
 garbage-first heap   total 81920K, used 33106K [0x00000000c0000000, 0x0000000100000000)
  region size 1024K, 1 young (1024K), 1 survivors (1024K)
 Metaspace       used 13215K, committed 13376K, reserved 1114112K
  class space    used 916K, committed 1024K, reserved 1048576K
}
Event: 17.023 GC heap before
{Heap before GC invocations=31 (full 0):
 garbage-first heap   total 81920K, used 70994K [0x00000000c0000000, 0x0000000100000000)
  region size 1024K, 38 young (38912K), 1 survivors (1024K)
 Metaspace       used 13215K, committed 13376K, reserved 1114112K
  class space    used 916K, committed 1024K, reserved 1048576K
}
Event: 17.024 GC heap after
{Heap after GC invocations=32 (full 0):
 garbage-first heap   total 81920K, used 32428K [0x00000000c0000000, 0x0000000100000000)
  region size 1024K, 1 young (1024K), 1 survivors (1024K)
 Metaspace       used 13215K, committed 13376K, reserved 1114112K
  class space    used 916K, committed 1024K, reserved 1048576K
}
Event: 17.760 GC heap before
{Heap before GC invocations=32 (full 0):
 garbage-first heap   total 81920K, used 70316K [0x00000000c0000000, 0x0000000100000000)
  region size 1024K, 38 young (38912K), 1 survivors (1024K)
 Metaspace       used 13215K, committed 13376K, reserved 1114112K
  class space    used 916K, committed 1024K, reserved 1048576K
}
Event: 17.761 GC heap after
{Heap after GC invocations=33 (full 0):
 garbage-first heap   total 81920K, used 32853K [0x00000000c0000000, 0x0000000100000000)
  region size 1024K, 1 young (1024K), 1 survivors (1024K)
 Metaspace       used 13215K, committed 13376K, reserved 1114112K
  class space    used 916K, committed 1024K, reserved 1048576K
}

Dll operation events (14 events):
Event: 0.007 Loaded shared library C:\Program Files\Processing\app\resources\jdk-17.0.14+7\bin\java.dll
Event: 0.018 Loaded shared library C:\Program Files\Processing\app\resources\jdk-17.0.14+7\bin\jsvml.dll
Event: 0.081 Loaded shared library C:\Program Files\Processing\app\resources\jdk-17.0.14+7\bin\net.dll
Event: 0.081 Loaded shared library C:\Program Files\Processing\app\resources\jdk-17.0.14+7\bin\nio.dll
Event: 0.084 Loaded shared library C:\Program Files\Processing\app\resources\jdk-17.0.14+7\bin\zip.dll
Event: 0.122 Loaded shared library C:\Program Files\Processing\app\resources\jdk-17.0.14+7\bin\jimage.dll
Event: 0.125 Loaded shared library C:\Program Files\Processing\app\resources\jdk-17.0.14+7\bin\awt.dll
Event: 0.407 Loaded shared library C:\Users\danil\AppData\Local\Temp\jogamp_0000\file_cache\jln117415173703662138\jln13348700143249097751\natives\windows-amd64\gluegen_rt.dll
Event: 0.413 Loaded shared library C:\Program Files\Processing\app\resources\jdk-17.0.14+7\bin\jawt.dll
Event: 0.425 Loaded shared library C:\Users\danil\AppData\Local\Temp\jogamp_0000\file_cache\jln117415173703662138\jln13348700143249097751\natives\windows-amd64\nativewindow_awt.dll
Event: 0.450 Loaded shared library C:\Users\danil\AppData\Local\Temp\jogamp_0000\file_cache\jln117415173703662138\jln13348700143249097751\natives\windows-amd64\nativewindow_win32.dll
Event: 0.526 Loaded shared library C:\Users\danil\AppData\Local\Temp\jogamp_0000\file_cache\jln117415173703662138\jln13348700143249097751\natives\windows-amd64\jogl_desktop.dll
Event: 0.691 Loaded shared library C:\Users\danil\AppData\Local\Temp\jogamp_0000\file_cache\jln117415173703662138\jln13348700143249097751\natives\windows-amd64\jogl_mobile.dll
Event: 1.412 Loaded shared library C:\Users\danil\AppData\Local\Temp\jogamp_0000\file_cache\jln117415173703662138\jln13348700143249097751\natives\windows-amd64\newt_head.dll

Deoptimization events (20 events):
Event: 18.090 Thread 0x000001ce7f9285c0 DEOPT PACKING pc=0x000001ce6c4707c1 sp=0x000000686f4fe980
Event: 18.090 Thread 0x000001ce7f9285c0 DEOPT UNPACKING pc=0x000001ce7371ace3 sp=0x000000686f4fde70 mode 1
Event: 18.090 Thread 0x000001ce7f9285c0 DEOPT PACKING pc=0x000001ce6c46e174 sp=0x000000686f4fea10
Event: 18.090 Thread 0x000001ce7f9285c0 DEOPT UNPACKING pc=0x000001ce7371ace3 sp=0x000000686f4fdeb8 mode 1
Event: 18.115 Thread 0x000001ce7f9285c0 DEOPT PACKING pc=0x000001ce6c4707c1 sp=0x000000686f4fe8f0
Event: 18.115 Thread 0x000001ce7f9285c0 DEOPT UNPACKING pc=0x000001ce7371ace3 sp=0x000000686f4fdde0 mode 1
Event: 18.116 Thread 0x000001ce7f9285c0 DEOPT PACKING pc=0x000001ce6c46e174 sp=0x000000686f4fe980
Event: 18.116 Thread 0x000001ce7f9285c0 DEOPT UNPACKING pc=0x000001ce7371ace3 sp=0x000000686f4fde28 mode 1
Event: 18.116 Thread 0x000001ce7f9285c0 DEOPT PACKING pc=0x000001ce6c4707c1 sp=0x000000686f4fe980
Event: 18.116 Thread 0x000001ce7f9285c0 DEOPT UNPACKING pc=0x000001ce7371ace3 sp=0x000000686f4fde70 mode 1
Event: 18.116 Thread 0x000001ce7f9285c0 DEOPT PACKING pc=0x000001ce6c46e174 sp=0x000000686f4fea10
Event: 18.116 Thread 0x000001ce7f9285c0 DEOPT UNPACKING pc=0x000001ce7371ace3 sp=0x000000686f4fdeb8 mode 1
Event: 18.162 Thread 0x000001ce7fb0a4e0 Uncommon trap: trap_request=0xffffff45 fr.pc=0x000001ce73d23a00 relative=0x00000000000000e0
Event: 18.162 Thread 0x000001ce7fb0a4e0 Uncommon trap: reason=unstable_if action=reinterpret pc=0x000001ce73d23a00 method=java.util.HashMap$HashIterator.<init>(Ljava/util/HashMap;)V @ 38 c2
Event: 18.162 Thread 0x000001ce7fb0a4e0 DEOPT PACKING pc=0x000001ce73d23a00 sp=0x000000686e8ff150
Event: 18.162 Thread 0x000001ce7fb0a4e0 DEOPT UNPACKING pc=0x000001ce7371a1a3 sp=0x000000686e8ff030 mode 2
Event: 18.166 Thread 0x000001ce7fb0a4e0 Uncommon trap: trap_request=0xffffff45 fr.pc=0x000001ce73d19970 relative=0x00000000000000f0
Event: 18.166 Thread 0x000001ce7fb0a4e0 Uncommon trap: reason=unstable_if action=reinterpret pc=0x000001ce73d19970 method=com.jogamp.common.util.IntIntHashMap.put(II)I @ 21 c2
Event: 18.166 Thread 0x000001ce7fb0a4e0 DEOPT PACKING pc=0x000001ce73d19970 sp=0x000000686e8fee60
Event: 18.166 Thread 0x000001ce7fb0a4e0 DEOPT UNPACKING pc=0x000001ce7371a1a3 sp=0x000000686e8fedc8 mode 2

Classes loaded (20 events):
Event: 1.550 Loading class java/util/concurrent/Callable done
Event: 1.550 Loading class java/util/concurrent/Executors$RunnableAdapter done
Event: 1.550 Loading class java/util/concurrent/ThreadPoolExecutor$Worker
Event: 1.550 Loading class java/util/concurrent/ThreadPoolExecutor$Worker done
Event: 1.550 Loading class java/util/concurrent/locks/AbstractQueuedSynchronizer$SharedNode
Event: 1.550 Loading class java/util/concurrent/locks/AbstractQueuedSynchronizer$SharedNode done
Event: 1.599 Loading class sun/nio/cs/StreamDecoder
Event: 1.599 Loading class sun/nio/cs/StreamDecoder done
Event: 1.600 Loading class java/util/regex/Pattern$LookBehindEndNode
Event: 1.600 Loading class java/util/regex/Pattern$LookBehindEndNode done
Event: 1.600 Loading class java/util/regex/Pattern$NotBehind
Event: 1.600 Loading class java/util/regex/Pattern$NotBehind done
Event: 1.600 Loading class java/util/regex/Pattern$Neg
Event: 1.600 Loading class java/util/regex/Pattern$Neg done
Event: 1.600 Loading class java/util/regex/Pattern$Pos
Event: 1.600 Loading class java/util/regex/Pattern$Pos done
Event: 1.607 Loading class java/util/regex/Pattern$SliceS
Event: 1.607 Loading class java/util/regex/Pattern$SliceS done
Event: 18.140 Loading class java/nio/channels/ClosedChannelException
Event: 18.140 Loading class java/nio/channels/ClosedChannelException done

Classes unloaded (0 events):
No events

Classes redefined (0 events):
No events

Internal exceptions (20 events):
Event: 0.111 Thread 0x000001ce6309bec0 Exception <a 'java/lang/NoSuchMethodError'{0x00000000c3ce6008}: 'void java.lang.invoke.DirectMethodHandle$Holder.invokeStatic(java.lang.Object, java.lang.Object, java.lang.Object)'> (0x00000000c3ce6008) 
thrown [s\src\hotspot\share\interpreter\linkResolver.cpp, line 759]
Event: 0.117 Thread 0x000001ce6309bec0 Exception <a 'java/lang/ClassNotFoundException'{0x00000000c3b0de00}: sun/awt/resources/spi/awtProvider> (0x00000000c3b0de00) 
thrown [s\src\hotspot\share\classfile\systemDictionary.cpp, line 256]
Event: 0.132 Thread 0x000001ce6309bec0 Exception <a 'java/io/FileNotFoundException'{0x00000000c3b63740}> (0x00000000c3b63740) 
thrown [s\src\hotspot\share\prims\jni.cpp, line 516]
Event: 0.137 Thread 0x000001ce6309bec0 Exception <a 'java/io/FileNotFoundException'{0x00000000c3b90300}> (0x00000000c3b90300) 
thrown [s\src\hotspot\share\prims\jni.cpp, line 516]
Event: 0.164 Thread 0x000001ce6309bec0 Exception <a 'java/lang/NoSuchMethodError'{0x00000000c3a3d2e0}: 'java.lang.Object java.lang.invoke.DirectMethodHandle$Holder.invokeStaticInit(java.lang.Object)'> (0x00000000c3a3d2e0) 
thrown [s\src\hotspot\share\interpreter\linkResolver.cpp, line 759]
Event: 0.251 Thread 0x000001ce6309bec0 Exception <a 'java/lang/NoSuchMethodError'{0x00000000c364c2b0}: 'java.lang.Object java.lang.invoke.DirectMethodHandle$Holder.invokeStaticInit(java.lang.Object, int, int, int, int)'> (0x00000000c364c2b0) 
thrown [s\src\hotspot\share\interpreter\linkResolver.cpp, line 759]
Event: 0.288 Thread 0x000001ce6309bec0 Exception <a 'java/lang/NoSuchMethodError'{0x00000000c3535850}: 'java.lang.Object java.lang.invoke.DirectMethodHandle$Holder.invokeStaticInit(java.lang.Object, java.lang.Object, int, int, int, int)'> (0x00000000c3535850) 
thrown [s\src\hotspot\share\interpreter\linkResolver.cpp, line 759]
Event: 0.317 Thread 0x000001ce6309bec0 Exception <a 'java/lang/NoSuchMethodError'{0x00000000c3540fa0}: 'void java.lang.invoke.DirectMethodHandle$Holder.invokeStatic(java.lang.Object, long)'> (0x00000000c3540fa0) 
thrown [s\src\hotspot\share\interpreter\linkResolver.cpp, line 759]
Event: 0.318 Thread 0x000001ce6309bec0 Exception <a 'java/lang/NoSuchMethodError'{0x00000000c3546580}: 'java.lang.Object java.lang.invoke.DirectMethodHandle$Holder.newInvokeSpecial(java.lang.Object, long)'> (0x00000000c3546580) 
thrown [s\src\hotspot\share\interpreter\linkResolver.cpp, line 759]
Event: 0.320 Thread 0x000001ce6309bec0 Exception <a 'java/lang/NoSuchMethodError'{0x00000000c3550d98}: 'java.lang.Object java.lang.invoke.DirectMethodHandle$Holder.invokeStaticInit(java.lang.Object, java.lang.Object, long, java.lang.Object)'> (0x00000000c3550d98) 
thrown [s\src\hotspot\share\interpreter\linkResolver.cpp, line 759]
Event: 0.320 Thread 0x000001ce6309bec0 Exception <a 'java/lang/NoSuchMethodError'{0x00000000c3557358}: 'java.lang.Object java.lang.invoke.DirectMethodHandle$Holder.newInvokeSpecial(java.lang.Object, java.lang.Object, long)'> (0x00000000c3557358) 
thrown [s\src\hotspot\share\interpreter\linkResolver.cpp, line 759]
Event: 0.321 Thread 0x000001ce6309bec0 Exception <a 'java/lang/NoSuchMethodError'{0x00000000c355aec8}: 'java.lang.Object java.lang.invoke.Invokers$Holder.linkToTargetMethod(java.lang.Object, long, java.lang.Object)'> (0x00000000c355aec8) 
thrown [s\src\hotspot\share\interpreter\linkResolver.cpp, line 759]
Event: 0.434 Thread 0x000001ce6309bec0 Exception <a 'java/lang/NoSuchMethodError'{0x00000000c34cbf68}: 'java.lang.Object java.lang.invoke.DirectMethodHandle$Holder.invokeInterface(java.lang.Object, java.lang.Object)'> (0x00000000c34cbf68) 
thrown [s\src\hotspot\share\interpreter\linkResolver.cpp, line 759]
Event: 0.434 Thread 0x000001ce6309bec0 Exception <a 'java/lang/IncompatibleClassChangeError'{0x00000000c34cf888}: Found class java.lang.Object, but interface was expected> (0x00000000c34cf888) 
thrown [s\src\hotspot\share\interpreter\linkResolver.cpp, line 826]
Event: 1.481 Thread 0x000001ce6309bec0 Exception <a 'java/lang/NoSuchMethodError'{0x00000000c33ce440}: 'void java.lang.invoke.DirectMethodHandle$Holder.invokeSpecial(java.lang.Object, java.lang.Object, java.lang.Object, java.lang.Object, java.lang.Object)'> (0x00000000c33ce440) 
thrown [s\src\hotspot\share\interpreter\linkResolver.cpp, line 759]
Event: 1.481 Thread 0x000001ce6309bec0 Exception <a 'java/lang/NoSuchMethodError'{0x00000000c33d7400}: 'void java.lang.invoke.DirectMethodHandle$Holder.invokeSpecial(java.lang.Object, java.lang.Object, java.lang.Object)'> (0x00000000c33d7400) 
thrown [s\src\hotspot\share\interpreter\linkResolver.cpp, line 759]
Event: 1.482 Thread 0x000001ce6309bec0 Exception <a 'java/lang/NoSuchMethodError'{0x00000000c33dd730}: 'void java.lang.invoke.DirectMethodHandle$Holder.invokeSpecial(java.lang.Object, java.lang.Object, int)'> (0x00000000c33dd730) 
thrown [s\src\hotspot\share\interpreter\linkResolver.cpp, line 759]
Event: 1.482 Thread 0x000001ce6309bec0 Exception <a 'java/lang/NoSuchMethodError'{0x00000000c33e3748}: 'java.lang.Object java.lang.invoke.DirectMethodHandle$Holder.newInvokeSpecial(java.lang.Object, java.lang.Object, int)'> (0x00000000c33e3748) 
thrown [s\src\hotspot\share\interpreter\linkResolver.cpp, line 759]
Event: 18.140 Thread 0x000001ce48aea340 Exception <a 'java/lang/InterruptedException'{0x00000000c3d02d20}> (0x00000000c3d02d20) 
thrown [s\src\hotspot\share\runtime\objectMonitor.cpp, line 1658]
Event: 18.166 Thread 0x000001ce7fb0a4e0 Implicit null exception at 0x000001ce73d198c4 to 0x000001ce73d1994c

VM Operations (20 events):
Event: 10.915 Executing VM operation: G1CollectForAllocation done
Event: 11.708 Executing VM operation: G1CollectForAllocation
Event: 11.709 Executing VM operation: G1CollectForAllocation done
Event: 12.418 Executing VM operation: G1CollectForAllocation
Event: 12.419 Executing VM operation: G1CollectForAllocation done
Event: 13.156 Executing VM operation: G1CollectForAllocation
Event: 13.156 Executing VM operation: G1CollectForAllocation done
Event: 13.948 Executing VM operation: G1CollectForAllocation
Event: 13.949 Executing VM operation: G1CollectForAllocation done
Event: 14.711 Executing VM operation: G1CollectForAllocation
Event: 14.712 Executing VM operation: G1CollectForAllocation done
Event: 15.520 Executing VM operation: G1CollectForAllocation
Event: 15.521 Executing VM operation: G1CollectForAllocation done
Event: 16.239 Executing VM operation: G1CollectForAllocation
Event: 16.240 Executing VM operation: G1CollectForAllocation done
Event: 17.023 Executing VM operation: G1CollectForAllocation
Event: 17.024 Executing VM operation: G1CollectForAllocation done
Event: 17.760 Executing VM operation: G1CollectForAllocation
Event: 17.761 Executing VM operation: G1CollectForAllocation done
Event: 18.241 Executing VM operation: Exit

Memory protections (0 events):
No events

Nmethod flushes (0 events):
No events

Events (20 events):
Event: 1.531 Thread 0x000001ce7ec4dde0 Thread added: 0x000001ce7efe4050
Event: 1.531 Thread 0x000001ce7ec4dde0 Thread added: 0x000001ce7efe3060
Event: 1.550 Thread 0x000001ce7f9285c0 Thread added: 0x000001ce7f490d50
Event: 1.550 Thread 0x000001ce7f9285c0 Thread added: 0x000001ce7f4930c0
Event: 1.550 Thread 0x000001ce7f9285c0 Thread added: 0x000001ce7f492bb0
Event: 1.550 Thread 0x000001ce7f9285c0 Thread added: 0x000001ce7f491770
Event: 1.967 Thread 0x000001ce7efe3060 Thread exited: 0x000001ce7efe3060
Event: 1.967 Thread 0x000001ce7efe4050 Thread exited: 0x000001ce7efe4050
Event: 18.140 Thread 0x000001ce7f9285c0 Thread added: 0x000001ce7f4926a0
Event: 18.140 Thread 0x000001ce7f9285c0 Thread added: 0x000001ce7f652da0
Event: 18.140 Thread 0x000001ce7f9285c0 Thread added: 0x000001ce7f651960
Event: 18.140 Thread 0x000001ce48aea340 Thread exited: 0x000001ce48aea340
Event: 18.140 Thread 0x000001ce7f3e4f60 Thread added: 0x000001ce7f650f40
Event: 18.141 Thread 0x000001ce7f651960 Thread exited: 0x000001ce7f651960
Event: 18.141 Thread 0x000001ce7f5b47d0 Thread exited: 0x000001ce7f5b47d0
Event: 18.142 Thread 0x000001ce7f3e4f60 Thread exited: 0x000001ce7f3e4f60
Event: 18.167 Thread 0x000001ce7fb0a4e0 Thread exited: 0x000001ce7fb0a4e0
Event: 18.170 Thread 0x000001ce7f4926a0 Thread exited: 0x000001ce7f4926a0
Event: 18.241 Thread 0x000001ce7f652da0 Thread exited: 0x000001ce7f652da0
Event: 18.241 Thread 0x000001ce7f9285c0 Before exit entered


Dynamic libraries:
0x00007ff7c9de0000 - 0x00007ff7c9dee000 	C:\Program Files\Processing\app\resources\jdk-17.0.14+7\bin\java.exe
0x00007ffa7da60000 - 0x00007ffa7dcc7000 	C:\WINDOWS\SYSTEM32\ntdll.dll
0x00007ffa7c020000 - 0x00007ffa7c0e9000 	C:\WINDOWS\System32\KERNEL32.DLL
0x00007ffa7a540000 - 0x00007ffa7a937000 	C:\WINDOWS\System32\KERNELBASE.dll
0x00007ffa7ab20000 - 0x00007ffa7ac6b000 	C:\WINDOWS\System32\ucrtbase.dll
0x00007ffa4d900000 - 0x00007ffa4d917000 	C:\Program Files\Processing\app\resources\jdk-17.0.14+7\bin\jli.dll
0x00007ffa4d400000 - 0x00007ffa4d41e000 	C:\Program Files\Processing\app\resources\jdk-17.0.14+7\bin\VCRUNTIME140.dll
0x00007ffa7bdd0000 - 0x00007ffa7bf96000 	C:\WINDOWS\System32\USER32.dll
0x00007ffa61590000 - 0x00007ffa61822000 	C:\WINDOWS\WinSxS\amd64_microsoft.windows.common-controls_6595b64144ccf1df_6.0.26100.8457_none_3e0b2faee331e92d\COMCTL32.dll
0x00007ffa7b630000 - 0x00007ffa7b657000 	C:\WINDOWS\System32\win32u.dll
0x00007ffa7b7e0000 - 0x00007ffa7b889000 	C:\WINDOWS\System32\msvcrt.dll
0x00007ffa7cc40000 - 0x00007ffa7cc6b000 	C:\WINDOWS\System32\GDI32.dll
0x00007ffa7a940000 - 0x00007ffa7aa6c000 	C:\WINDOWS\System32\gdi32full.dll
0x00007ffa7a490000 - 0x00007ffa7a533000 	C:\WINDOWS\System32\msvcp_win.dll
0x00007ffa7ba00000 - 0x00007ffa7ba32000 	C:\WINDOWS\System32\IMM32.DLL
0x00007ffa6a5b0000 - 0x00007ffa6a5bc000 	C:\Program Files\Processing\app\resources\jdk-17.0.14+7\bin\vcruntime140_1.dll
0x00007ff9ecaa0000 - 0x00007ff9ecb2d000 	C:\Program Files\Processing\app\resources\jdk-17.0.14+7\bin\msvcp140.dll
0x00007ff9b1440000 - 0x00007ff9b20ab000 	C:\Program Files\Processing\app\resources\jdk-17.0.14+7\bin\server\jvm.dll
0x00007ffa7d380000 - 0x00007ffa7d436000 	C:\WINDOWS\System32\ADVAPI32.dll
0x00007ffa7d450000 - 0x00007ffa7d4f7000 	C:\WINDOWS\System32\sechost.dll
0x00007ffa7d610000 - 0x00007ffa7d728000 	C:\WINDOWS\System32\RPCRT4.dll
0x00007ffa7d500000 - 0x00007ffa7d580000 	C:\WINDOWS\System32\WS2_32.dll
0x00007ffa7a310000 - 0x00007ffa7a36e000 	C:\WINDOWS\SYSTEM32\POWRPROF.dll
0x00007ffa704a0000 - 0x00007ffa704ab000 	C:\WINDOWS\SYSTEM32\VERSION.dll
0x00007ffa61e60000 - 0x00007ffa61e96000 	C:\WINDOWS\SYSTEM32\WINMM.dll
0x00007ffa7a2f0000 - 0x00007ffa7a304000 	C:\WINDOWS\SYSTEM32\UMPDC.dll
0x00007ffa79220000 - 0x00007ffa7923b000 	C:\WINDOWS\SYSTEM32\kernel.appcore.dll
0x00007ffa4ce20000 - 0x00007ffa4ce2a000 	C:\Program Files\Processing\app\resources\jdk-17.0.14+7\bin\jimage.dll
0x00007ffa72470000 - 0x00007ffa726b2000 	C:\WINDOWS\SYSTEM32\DBGHELP.DLL
0x00007ffa7c870000 - 0x00007ffa7cbf3000 	C:\WINDOWS\System32\combase.dll
0x00007ffa7bc30000 - 0x00007ffa7bd09000 	C:\WINDOWS\System32\OLEAUT32.dll
0x00007ffa410a0000 - 0x00007ffa410db000 	C:\WINDOWS\SYSTEM32\dbgcore.DLL
0x00007ffa7aa70000 - 0x00007ffa7ab18000 	C:\WINDOWS\System32\bcryptPrimitives.dll
0x00007ffa457d0000 - 0x00007ffa4580b000 	C:\Program Files\Processing\app\resources\jdk-17.0.14+7\bin\jdwp.dll
0x00007ffa4c330000 - 0x00007ffa4c355000 	C:\Program Files\Processing\app\resources\jdk-17.0.14+7\bin\java.dll
0x00007ff9ec9c0000 - 0x00007ff9eca97000 	C:\Program Files\Processing\app\resources\jdk-17.0.14+7\bin\jsvml.dll
0x00007ffa7c0f0000 - 0x00007ffa7c85e000 	C:\WINDOWS\System32\SHELL32.dll
0x00007ffa7ac70000 - 0x00007ffa7b4dc000 	C:\WINDOWS\System32\windows.storage.dll
0x00007ffa7d730000 - 0x00007ffa7d826000 	C:\WINDOWS\System32\SHCORE.dll
0x00007ffa7d210000 - 0x00007ffa7d276000 	C:\WINDOWS\System32\shlwapi.dll
0x00007ffa7a3b0000 - 0x00007ffa7a3d9000 	C:\WINDOWS\SYSTEM32\profapi.dll
0x00007ffa4ce10000 - 0x00007ffa4ce1c000 	C:\Program Files\Processing\app\resources\jdk-17.0.14+7\bin\dt_socket.dll
0x00007ffa78c30000 - 0x00007ffa78c62000 	C:\WINDOWS\SYSTEM32\IPHLPAPI.DLL
0x00007ffa79790000 - 0x00007ffa797fc000 	C:\WINDOWS\system32\mswsock.dll
0x00007ffa4cd70000 - 0x00007ffa4cd89000 	C:\Program Files\Processing\app\resources\jdk-17.0.14+7\bin\net.dll
0x00007ffa775b0000 - 0x00007ffa776d9000 	C:\WINDOWS\SYSTEM32\WINHTTP.dll
0x00007ffa47890000 - 0x00007ffa478a6000 	C:\Program Files\Processing\app\resources\jdk-17.0.14+7\bin\nio.dll
0x00007ffa44850000 - 0x00007ffa44868000 	C:\Program Files\Processing\app\resources\jdk-17.0.14+7\bin\zip.dll
0x00007ff9d43f0000 - 0x00007ff9d4580000 	C:\Program Files\Processing\app\resources\jdk-17.0.14+7\bin\awt.dll
0x00007ffa76060000 - 0x00007ffa76100000 	C:\WINDOWS\SYSTEM32\apphelp.dll
0x00007ffa77ee0000 - 0x00007ffa77f8a000 	C:\WINDOWS\system32\uxtheme.dll
0x00007ffa7b890000 - 0x00007ffa7b9ec000 	C:\WINDOWS\System32\MSCTF.dll
0x00007ffa7ba40000 - 0x00007ffa7bbd7000 	C:\WINDOWS\System32\ole32.dll
0x00007ffa781d0000 - 0x00007ffa781ff000 	C:\WINDOWS\system32\DWMAPI.DLL
0x00007ffa33d40000 - 0x00007ffa33e4f000 	C:\WINDOWS\system32\opengl32.dll
0x00007ffa36620000 - 0x00007ffa3664d000 	C:\WINDOWS\SYSTEM32\GLU32.dll
0x00007ffa77ff0000 - 0x00007ffa78035000 	C:\WINDOWS\SYSTEM32\dxcore.dll
0x00007ffa79a70000 - 0x00007ffa79a8b000 	C:\WINDOWS\SYSTEM32\CRYPTSP.dll
0x00007ffa79180000 - 0x00007ffa791b9000 	C:\WINDOWS\system32\rsaenh.dll
0x00007ffa79840000 - 0x00007ffa79873000 	C:\WINDOWS\SYSTEM32\USERENV.dll
0x00007ffa7a380000 - 0x00007ffa7a3aa000 	C:\WINDOWS\SYSTEM32\bcrypt.dll
0x00007ffa79a90000 - 0x00007ffa79a9c000 	C:\WINDOWS\SYSTEM32\CRYPTBASE.dll
0x00007ffa7cc00000 - 0x00007ffa7cc0a000 	C:\WINDOWS\System32\NSI.dll
0x00007ffa77800000 - 0x00007ffa7781d000 	C:\WINDOWS\SYSTEM32\dhcpcsvc6.DLL
0x00007ffa77750000 - 0x00007ffa77775000 	C:\WINDOWS\SYSTEM32\dhcpcsvc.DLL
0x00007ffa78ce0000 - 0x00007ffa78e12000 	C:\WINDOWS\SYSTEM32\DNSAPI.dll
0x00007ffa41a00000 - 0x00007ffa41a13000 	C:\Users\danil\AppData\Local\Temp\jogamp_0000\file_cache\jln117415173703662138\jln13348700143249097751\natives\windows-amd64\gluegen_rt.dll
0x00007ffa4cd50000 - 0x00007ffa4cd57000 	C:\Program Files\Processing\app\resources\jdk-17.0.14+7\bin\jawt.dll
0x00007ffa47880000 - 0x00007ffa4788d000 	C:\Users\danil\AppData\Local\Temp\jogamp_0000\file_cache\jln117415173703662138\jln13348700143249097751\natives\windows-amd64\nativewindow_awt.dll
0x00007ffa419e0000 - 0x00007ffa419f5000 	C:\Users\danil\AppData\Local\Temp\jogamp_0000\file_cache\jln117415173703662138\jln13348700143249097751\natives\windows-amd64\nativewindow_win32.dll
0x00007ff9d4360000 - 0x00007ff9d43e3000 	C:\Users\danil\AppData\Local\Temp\jogamp_0000\file_cache\jln117415173703662138\jln13348700143249097751\natives\windows-amd64\jogl_desktop.dll
0x00007ffa24380000 - 0x00007ffa243d2000 	C:\Users\danil\AppData\Local\Temp\jogamp_0000\file_cache\jln117415173703662138\jln13348700143249097751\natives\windows-amd64\jogl_mobile.dll
0x00007ffa73470000 - 0x00007ffa734d1000 	C:\WINDOWS\SYSTEM32\directxdatabasehelper.dll
0x00007ffa665e0000 - 0x00007ffa665fd000 	C:\WINDOWS\SYSTEM32\windows.staterepositorycore.dll
0x00007ff9b0460000 - 0x00007ff9b1433000 	C:\WINDOWS\System32\DriverStore\FileRepository\iigd_dch.inf_amd64_225f37aa3862fc3f\igxelpicd64.dll
0x00007ffa78040000 - 0x00007ffa7817e000 	C:\WINDOWS\system32\dxgi.dll
0x00007ff9d3b70000 - 0x00007ff9d3ff7000 	C:\WINDOWS\System32\DriverStore\FileRepository\iigd_dch.inf_amd64_225f37aa3862fc3f\igdml64.dll
0x00007ffa7a000000 - 0x00007ffa7a051000 	C:\WINDOWS\SYSTEM32\cfgmgr32.dll
0x00007ffa704b0000 - 0x00007ffa70871000 	C:\WINDOWS\System32\DriverStore\FileRepository\iigd_dch.inf_amd64_225f37aa3862fc3f\igdgmm64.dll
0x00007ffa6d290000 - 0x00007ffa70496000 	C:\WINDOWS\System32\DriverStore\FileRepository\iigd_dch.inf_amd64_225f37aa3862fc3f\igc64.dll
0x00007ffa41800000 - 0x00007ffa41819000 	C:\Users\danil\AppData\Local\Temp\jogamp_0000\file_cache\jln117415173703662138\jln13348700143249097751\natives\windows-amd64\newt_head.dll
0x00007ffa6bce0000 - 0x00007ffa6bd9f000 	C:\WINDOWS\SYSTEM32\mscms.dll
0x00007ffa111b0000 - 0x00007ffa111f9000 	C:\WINDOWS\SYSTEM32\icm32.dll
0x00007ffa7cc70000 - 0x00007ffa7d0f7000 	C:\WINDOWS\System32\setupapi.dll
0x00007ffa79fd0000 - 0x00007ffa79ffd000 	C:\WINDOWS\SYSTEM32\DEVOBJ.dll
0x00007ffa7b4e0000 - 0x00007ffa7b562000 	C:\WINDOWS\System32\WINTRUST.dll
0x00007ffa7b660000 - 0x00007ffa7b7d8000 	C:\WINDOWS\System32\CRYPT32.dll
0x00007ffa79ba0000 - 0x00007ffa79bb3000 	C:\WINDOWS\SYSTEM32\MSASN1.dll
0x00007ffa4d4c0000 - 0x00007ffa4d606000 	C:\WINDOWS\SYSTEM32\textinputframework.dll
0x00007ffa76ea0000 - 0x00007ffa76fc7000 	C:\WINDOWS\SYSTEM32\CoreMessaging.dll
0x00007ffa726c0000 - 0x00007ffa729a2000 	C:\WINDOWS\SYSTEM32\CoreUIComponents.dll
0x00007ffa737b0000 - 0x00007ffa7391a000 	C:\WINDOWS\SYSTEM32\wintypes.dll

dbghelp: loaded successfully - version: 4.0.5 - missing functions: none
symbol engine: initialized successfully - sym options: 0x614 - pdb path: .;C:\Program Files\Processing\app\resources\jdk-17.0.14+7\bin;C:\WINDOWS\SYSTEM32;C:\WINDOWS\WinSxS\amd64_microsoft.windows.common-controls_6595b64144ccf1df_6.0.26100.8457_none_3e0b2faee331e92d;C:\Program Files\Processing\app\resources\jdk-17.0.14+7\bin\server;C:\Users\danil\AppData\Local\Temp\jogamp_0000\file_cache\jln117415173703662138\jln13348700143249097751\natives\windows-amd64;C:\WINDOWS\System32\DriverStore\FileRepository\iigd_dch.inf_amd64_225f37aa3862fc3f

VM Arguments:
jvm_args: -agentlib:jdwp=transport=dt_socket,address=8326,server=y,suspend=y,quiet=y -Xms64m -Xmx1024m -Djna.nosys=true -Djava.library.path=;C:\Program Files\Processing\app\resources\core\library;C:\Program Files\Processing;C:\WINDOWS\system32;C:\WINDOWS;C:\Program Files\PlasticSCM5\server;C:\Program Files\PlasticSCM5\client;C:\Program Files\Common Files\Oracle\Java\javapath;C:\Program Files (x86)\Common Files\Oracle\Java\javapath;C:\Windows\System32\HWAudioDriverLibs;C:\Windows\system32;C:\Windows;C:\Windows\System32\Wbem;C:\Windows\System32\WindowsPowerShell\v1.0;C:\Windows\System32\OpenSSH;C:\Program Files\Microsoft SQL Server\150\Tools\Binn;C:\Program Files\Microsoft SQL Server\Client SDK\ODBC\170\Tools\Binn;C:\Program Files\dotnet;D:\Windows Kits\10\Windows Performance Toolkit;C:\Program Files\Java\jdk-23\bin;C:\WINDOWS\system32;C:\WINDOWS;C:\WINDOWS\System32\Wbem;C:\WINDOWS\System32\WindowsPowerShell\v1.0;C:\WINDOWS\System32\OpenSSH;C:\Program Files\nodejs;C:\Program Files\Docker\Docker\resources\bin;C:\Program Files\TortoiseGit\bin;C:\Program Files\Git\cmd;C:\Users\danil\AppData\Local\Programs\Python\Python312\Scripts;C:\Users\danil\AppData\Local\Programs\Python\Python312;C:\Users\danil\AppData\Local\Microsoft\WindowsApps;C:\Users\danil\AppData\Local\Programs\Microsoft VS Code\bin;C:\Users\danil\AppData\Roaming\npm;D:\DataBase\18\bin;C:\Program Files\Processing\app;. -ea 
java_command: processing.core.PApplet --editor-location=-7,-7 --external --display=1 --sketch-path=C:\Users\danil\Desktop\Gravity_simul Gravity_simul
java_class_path (initial): C:\Users\danil\AppData\Local\Temp\processing\Gravity_simul8340240143494633607temp;C:\Program Files\Processing\app\resources\core\library\annotations-13.0.jar;C:\Program Files\Processing\app\resources\core\library\antlr-2.7.7.jar;C:\Program Files\Processing\app\resources\core\library\core-4.4.1.jar;C:\Program Files\Processing\app\resources\core\library\gluegen-rt-2.5.0-natives-android-aarch64.jar;C:\Program Files\Processing\app\resources\core\library\gluegen-rt-2.5.0-natives-linux-aarch64.jar;C:\Program Files\Processing\app\resources\core\library\gluegen-rt-2.5.0-natives-linux-amd64.jar;C:\Program Files\Processing\app\resources\core\library\gluegen-rt-2.5.0-natives-linux-armv6hf.jar;C:\Program Files\Processing\app\resources\core\library\gluegen-rt-2.5.0-natives-macosx-universal.jar;C:\Program Files\Processing\app\resources\core\library\gluegen-rt-2.5.0-natives-windows-amd64.jar;C:\Program Files\Processing\app\resources\core\library\gluegen-rt-2.5.0.jar;C:\Program Files\Processing\app\resources\core\library\gluegen-rt-main-2.5.0.jar;C:\Program Files\Processing\app\resources\core\library\jogl-all-2.5.0-natives-android-aarch64.jar;C:\Program Files\Processing\app\resources\core\library\jogl-all-2.5.0-natives-linux-aarch64.jar;C:\Program Files\Processing\app\resources\core\library\jogl-all-2.5.0-natives-linux-amd64.jar;C:\Program Files\Processing\app\resources\core\library\jogl-all-2.5.0-natives-linux-armv6hf.jar;C:\Program Files\Processing\app\resources\core\library\jogl-all-2.5.0-natives-macosx-universal.jar;C:\Program Files\Processing\app\resources\core\library\jogl-all-2.5.0-natives-windows-amd64.jar;C:\Program Files\Processing\app\resources\core\library\jogl-all-2.5.0.jar;C:\Program Files\Processing\app\resources\core\library\jogl-all-main-2.5.0.jar;C:\Program Files\Processing\app\resources\core\library\kotlin-stdlib-2.0.20.jar
Launcher Type: SUN_STANDARD

[Global flags]
     intx CICompilerCount                          = 4                                         {product} {ergonomic}
     uint ConcGCThreads                            = 2                                         {product} {ergonomic}
     uint G1ConcRefinementThreads                  = 8                                         {product} {ergonomic}
   size_t G1HeapRegionSize                         = 1048576                                   {product} {ergonomic}
    uintx GCDrainStackTargetSize                   = 64                                        {product} {ergonomic}
   size_t InitialHeapSize                          = 67108864                                  {product} {command line}
   size_t MarkStackSize                            = 4194304                                   {product} {ergonomic}
   size_t MaxHeapSize                              = 1073741824                                {product} {command line}
   size_t MaxNewSize                               = 643825664                                 {product} {ergonomic}
   size_t MinHeapDeltaBytes                        = 1048576                                   {product} {ergonomic}
   size_t MinHeapSize                              = 67108864                                  {product} {command line}
    uintx NonNMethodCodeHeapSize                   = 5839372                                {pd product} {ergonomic}
    uintx NonProfiledCodeHeapSize                  = 122909434                              {pd product} {ergonomic}
    uintx ProfiledCodeHeapSize                     = 122909434                              {pd product} {ergonomic}
    uintx ReservedCodeCacheSize                    = 251658240                              {pd product} {ergonomic}
     bool SegmentedCodeCache                       = true                                      {product} {ergonomic}
   size_t SoftMaxHeapSize                          = 1073741824                             {manageable} {ergonomic}
     bool UseCompressedClassPointers               = true                           {product lp64_product} {ergonomic}
     bool UseCompressedOops                        = true                           {product lp64_product} {ergonomic}
     bool UseG1GC                                  = true                                      {product} {ergonomic}
     bool UseLargePagesIndividualAllocation        = false                                  {pd product} {ergonomic}

Logging:
Log output configuration:
 #0: stdout all=off uptime,level,tags
 #1: stderr all=off uptime,level,tags

Environment Variables:
JAVA_HOME=C:\Program Files\Java\jdk-23
PATH=C:\Program Files\PlasticSCM5\server;C:\Program Files\PlasticSCM5\client;C:\Program Files\Common Files\Oracle\Java\javapath;C:\Program Files (x86)\Common Files\Oracle\Java\javapath;C:\Windows\System32\HWAudioDriverLibs;C:\Windows\system32;C:\Windows;C:\Windows\System32\Wbem;C:\Windows\System32\WindowsPowerShell\v1.0\;C:\Windows\System32\OpenSSH\;C:\Users\Administrator\AppData\Local\Microsoft\WindowsApps;C:\Program Files\Microsoft SQL Server\150\Tools\Binn\;C:\Program Files\Microsoft SQL Server\Client SDK\ODBC\170\Tools\Binn\;C:\Program Files\dotnet\;D:\Windows Kits\10\Windows Performance Toolkit\;C:\Program Files\Java\jdk-23\bin;C:\WINDOWS\system32;C:\WINDOWS;C:\WINDOWS\System32\Wbem;C:\WINDOWS\System32\WindowsPowerShell\v1.0\;C:\WINDOWS\System32\OpenSSH\;C:\Program Files\nodejs\;C:\Program Files\Docker\Docker\resources\bin;C:\Program Files\TortoiseGit\bin;C:\Program Files\Git\cmd;C:\Users\danil\AppData\Local\Programs\Python\Python312\Scripts\;C:\Users\danil\AppData\Local\Programs\Python\Python312\;C:\Users\danil\AppData\Local\Microsoft\WindowsApps;C:\Users\danil\.dotnet\tools;C:\Users\danil\AppData\Local\Programs\Microsoft VS Code\bin;C:\Users\danil\AppData\Roaming\npm;D:\DataBase\18\bin;C:\Program Files\Processing\app
USERNAME=danil
OS=Windows_NT
PROCESSOR_IDENTIFIER=Intel64 Family 6 Model 140 Stepping 2, GenuineIntel
TMP=C:\Users\danil\AppData\Local\Temp
TEMP=C:\Users\danil\AppData\Local\Temp



Periodic native trim disabled


---------------  S Y S T E M  ---------------

OS:
 Windows 11 , 64 bit Build 26100 (10.0.26100.8328)
OS uptime: 0 days 4:30 hours
Hyper-V role detected

CPU: total 8 (initial active 8) (4 cores per cpu, 2 threads per core) family 6 model 140 stepping 2 microcode 0x16, cx8, cmov, fxsr, ht, mmx, 3dnowpref, sse, sse2, sse3, ssse3, sse4.1, sse4.2, popcnt, lzcnt, tsc, tscinvbit, avx, avx2, aes, erms, clmul, bmi1, bmi2, adx, avx512f, avx512dq, avx512cd, avx512bw, avx512vl, sha, fma, vzeroupper, avx512_vpopcntdq, avx512_vpclmulqdq, avx512_vaes, avx512_vnni, clflush, clflushopt, clwb, avx512_vbmi2, avx512_vbmi, hv
Processor Information for processor 0
  Max Mhz: 2496, Current Mhz: 2496, Mhz Limit: 2496
Processor Information for processor 1
  Max Mhz: 2496, Current Mhz: 2496, Mhz Limit: 2496
Processor Information for processor 2
  Max Mhz: 2496, Current Mhz: 2496, Mhz Limit: 2496
Processor Information for processor 3
  Max Mhz: 2496, Current Mhz: 2496, Mhz Limit: 2496
Processor Information for processor 4
  Max Mhz: 2496, Current Mhz: 2496, Mhz Limit: 2496
Processor Information for processor 5
  Max Mhz: 2496, Current Mhz: 2496, Mhz Limit: 2496
Processor Information for processor 6
  Max Mhz: 2496, Current Mhz: 2496, Mhz Limit: 2496
Processor Information for processor 7
  Max Mhz: 2496, Current Mhz: 1198, Mhz Limit: 2496

Memory: 4k page, system-wide physical 7975M (2138M free)
TotalPageFile size 17703M (AvailPageFile size 8138M)
current process WorkingSet (physical memory assigned to process): 403M, peak: 416M
current process commit charge ("private bytes"): 384M, peak: 403M

vm_info: OpenJDK 64-Bit Server VM (17.0.14+7) for windows-amd64 JRE (17.0.14+7), built on Jan 21 2025 23:40:15 by "admin" with MS VC++ 17.7 (VS2022)

END.
