#
# A fatal error has been detected by the Java Runtime Environment:
#
#  EXCEPTION_ACCESS_VIOLATION (0xc0000005) at pc=0x00007ffdd8d0b386, pid=12924, tid=5652
#
# JRE version: OpenJDK Runtime Environment Temurin-17.0.14+7 (17.0.14+7) (build 17.0.14+7)
# Java VM: OpenJDK 64-Bit Server VM Temurin-17.0.14+7 (17.0.14+7, mixed mode, sharing, tiered, compressed oops, compressed class ptrs, g1 gc, windows-amd64)
# Problematic frame:
# C  [igxelpicd64.dll+0x23b386]
#
# No core dump will be written. Minidumps are not enabled by default on client versions of Windows
#
# If you would like to submit a bug report, please visit:
#   https://github.com/adoptium/adoptium-support/issues
#

---------------  S U M M A R Y ------------

Command Line: -agentlib:jdwp=transport=dt_socket,address=8562,server=y,suspend=y,quiet=y -Xms64m -Xmx1024m -Djna.nosys=true -Djava.library.path=;C:\Program Files\Processing\app\resources\core\library;C:\Program Files\Processing;C:\WINDOWS\system32;C:\WINDOWS;C:\Program Files\PlasticSCM5\server;C:\Program Files\PlasticSCM5\client;C:\Program Files\Common Files\Oracle\Java\javapath;C:\Program Files (x86)\Common Files\Oracle\Java\javapath;C:\Windows\System32\HWAudioDriverLibs;C:\Windows\system32;C:\Windows;C:\Windows\System32\Wbem;C:\Windows\System32\WindowsPowerShell\v1.0;C:\Windows\System32\OpenSSH;C:\Program Files\Microsoft SQL Server\150\Tools\Binn;C:\Program Files\Microsoft SQL Server\Client SDK\ODBC\170\Tools\Binn;C:\Program Files\dotnet;D:\Windows Kits\10\Windows Performance Toolkit;C:\Program Files\Java\jdk-23\bin;C:\WINDOWS\system32;C:\WINDOWS;C:\WINDOWS\System32\Wbem;C:\WINDOWS\System32\WindowsPowerShell\v1.0;C:\WINDOWS\System32\OpenSSH;C:\Program Files\nodejs;C:\Program Files\Docker\Docker\resources\bin;C:\Program Files\TortoiseGit\bin;C:\Program Files\Git\cmd;C:\Users\danil\AppData\Local\Programs\Python\Python312\Scripts;C:\Users\danil\AppData\Local\Programs\Python\Python312;C:\Users\danil\AppData\Local\Microsoft\WindowsApps;C:\Users\danil\AppData\Local\Programs\Microsoft VS Code\bin;C:\Users\danil\AppData\Roaming\npm;D:\DataBase\18\bin;C:\Program Files\Processing\app;. -ea processing.core.PApplet --editor-location=-7,-7 --external --display=1 --sketch-path=C:\Users\danil\Desktop\Gravity_simul Gravity_simul

Host: 11th Gen Intel(R) Core(TM) i5-1155G7 @ 2.50GHz, 8 cores, 7G,  Windows 11 , 64 bit Build 26100 (10.0.26100.8328)
Time: Sun Jun 28 13:34:29 2026 RTZ 3 (s 11 , 64 bit Build 26100 (10.0.26100.8328) elapsed time: 21.741198 seconds (0d 0h 0m 21s)

---------------  T H R E A D  ---------------

Current thread (0x0000024b2a374e40):  VMThread "VM Thread" [stack: 0x000000ce92800000,0x000000ce92900000] [id=5652]

Stack: [0x000000ce92800000,0x000000ce92900000],  sp=0x000000ce928fe670,  free space=1017k
Native frames: (J=compiled Java code, j=interpreted, Vv=VM code, C=native code)
C  [igxelpicd64.dll+0x23b386]


siginfo: EXCEPTION_ACCESS_VIOLATION (0xc0000005), reading address 0x0000000000035468


Registers:
RAX=0x0000024b721149a0, RBX=0x0000024b705f4330, RCX=0x0000000000000004, RDX=0x0000000000000000
RSP=0x000000ce928fe670, RBP=0x0000000000000000, RSI=0x0000024b721147a0, RDI=0x0000024b714da140
R8 =0x0000024b721148a0, R9 =0x000000ce91da1000, R10=0x0000000000000000, R11=0x0000000000000246
R12=0x0000024b721147a0, R13=0x0000000000000000, R14=0x0000024b72114ce8, R15=0x0000024b72110d80
RIP=0x00007ffdd8d0b386, EFLAGS=0x0000000000010206


Register to memory mapping:

RIP=0x00007ffdd8d0b386 igxelpicd64.dll
RAX=0x0000024b721149a0 points into unknown readable memory: 0x000000000000479b | 9b 47 00 00 00 00 00 00
RBX=0x0000024b705f4330 points into unknown readable memory: 0xffffffffffffffff | ff ff ff ff ff ff ff ff
RCX=0x0000000000000004 is an unknown value
RDX=0x0 is NULL
RSP=0x000000ce928fe670 points into unknown readable memory: 0x0000024b705f4330 | 30 43 5f 70 4b 02 00 00
RBP=0x0 is NULL
RSI=0x0000024b721147a0 points into unknown readable memory: 0x0000024b70763230 | 30 32 76 70 4b 02 00 00
RDI=0x0000024b714da140 points into unknown readable memory: 0x0000000000000000 | 00 00 00 00 00 00 00 00
R8 =0x0000024b721148a0 points into unknown readable memory: 0x0000000000000000 | 00 00 00 00 00 00 00 00
R9 =0x000000ce91da1000 points into unknown readable memory: 0x0000000000000000 | 00 00 00 00 00 00 00 00
R10=0x0 is NULL
R11=0x0000000000000246 is an unknown value
R12=0x0000024b721147a0 points into unknown readable memory: 0x0000024b70763230 | 30 32 76 70 4b 02 00 00
R13=0x0 is NULL
R14=0x0000024b72114ce8 points into unknown readable memory: 0x0000024b72110d80 | 80 0d 11 72 4b 02 00 00
R15=0x0000024b72110d80 points into unknown readable memory: 0x0000024b70763230 | 30 32 76 70 4b 02 00 00


Top of Stack: (sp=0x000000ce928fe670)
0x000000ce928fe670:   0000024b705f4330 033838be038350bd
0x000000ce928fe680:   02aa5abe029d43be 02f831bf02eec1be
0x000000ce928fe690:   0000001601000000 0000000000000000
0x000000ce928fe6a0:   026319c10361b7c0 00816dc302c81bc2
0x000000ce928fe6b0:   0000024b705f4330 039807c400f399c3
0x000000ce928fe6c0:   02c88ec502330ac5 00d75dc7038eebc6
0x000000ce928fe6d0:   034d31c9036f88c8 02c41aca033fe8c9
0x000000ce928fe6e0:   039f35ca00b723ca 027527cb037086ca
0x000000ce928fe6f0:   024d47cb033837cb 005649cc0385f7cb
0x000000ce928fe700:   039807cd037086cc 0283bacd036711cd
0x000000ce928fe710:   01ba0ad00165f3cf 039189d0036f30d0
0x000000ce928fe720:   01e4f6d0036ac6d0 0347fdd1037086d1
0x000000ce928fe730:   0364afd2038d2bd2 039f30d30377c8d2
0x000000ce928fe740:   006182d3038469d3 0362d8d3014b83d3
0x000000ce928fe750:   026672d4032a08d4 00007ffe8d905b54
0x000000ce928fe760:   0000000000000000 0000000000000000
0x000000ce928fe770:   000000ce928fe910 00007ffe8b771259
0x000000ce928fe780:   000000ce928fe808 0000000000000000
0x000000ce928fe790:   0000000000000054 0000000000000000
0x000000ce928fe7a0:   0378b6dc02f463dc 00007ffe8d905cc4
0x000000ce928fe7b0:   028f19e0037086df 037086e002fd6ce0
0x000000ce928fe7c0:   000049da549b9f34 00561be20376e8e1
0x000000ce928fe7d0:   0000024b71fe1a78 00000000000047d1
0x000000ce928fe7e0:   0000000000000000 0000000000000016
0x000000ce928fe7f0:   0000000000000000 0000000000000000
0x000000ce928fe800:   000000ce928fe910 00007ffdd8d382ae
0x000000ce928fe810:   0000024b714da140 0000000000000000
0x000000ce928fe820:   0000024b714da140 034834ea02820cea
0x000000ce928fe830:   000000ce00000d54 0000740400870000
0x000000ce928fe840:   0000000000000000 027a29ec035699eb
0x000000ce928fe850:   029acaec035546ec 02718eef03a116ee
0x000000ce928fe860:   029f24f002b303f0 039c40f002742af0 

Instructions: (pc=0x00007ffdd8d0b386)
0x00007ffdd8d0b286:   00 90 4c 8b bf 80 02 00 00 48 8b 05 9a 85 bd 00
0x00007ffdd8d0b296:   8b 80 c8 0a 00 00 89 44 24 24 c6 44 24 20 00 48
0x00007ffdd8d0b2a6:   c7 87 80 02 00 00 00 00 00 00 c7 87 88 02 00 00
0x00007ffdd8d0b2b6:   00 00 00 00 48 c7 87 a0 02 00 00 00 00 00 00 48
0x00007ffdd8d0b2c6:   c7 87 90 02 00 00 00 00 00 00 48 85 ed 75 3d 8b
0x00007ffdd8d0b2d6:   35 0d 77 cd 00 65 48 8b 04 25 58 00 00 00 b9 14
0x00007ffdd8d0b2e6:   00 00 00 48 8b 04 f0 40 38 2c 01 0f 84 c9 e7 75
0x00007ffdd8d0b2f6:   00 65 48 8b 04 25 58 00 00 00 bd 20 00 00 00 48
0x00007ffdd8d0b306:   8b 04 f0 48 8b 2c 28 48 89 6c 24 28 48 3b 2d 07
0x00007ffdd8d0b316:   9b cd 00 0f 84 9b 10 00 00 4d 85 ff 0f 84 3a 01
0x00007ffdd8d0b326:   00 00 0f 1f 84 00 00 00 00 00 49 8b f7 4d 8b e7
0x00007ffdd8d0b336:   4d 8d b7 48 05 00 00 4d 8b 3e 45 84 ed 0f 85 d9
0x00007ffdd8d0b346:   0e 00 00 8b 8f d0 01 00 00 48 8b 05 da 84 bd 00
0x00007ffdd8d0b356:   83 b8 64 03 00 00 02 75 34 4d 8d 84 24 00 01 00
0x00007ffdd8d0b366:   00 83 f9 10 0f 83 3a 01 00 00 8b c1 48 c1 e0 06
0x00007ffdd8d0b376:   49 03 c0 48 85 c0 0f 84 9b 01 00 00 48 8b 50 08
0x00007ffdd8d0b386:   48 3b 95 68 54 03 00 0f 87 b6 0e 00 00 48 83 be
0x00007ffdd8d0b396:   c0 05 00 00 00 0f 85 50 e7 75 00 44 8b 8f d0 01
0x00007ffdd8d0b3a6:   00 00 48 8b 87 e8 01 00 00 4c 8b 00 8b 8f d0 01
0x00007ffdd8d0b3b6:   00 00 48 8d 9e 00 01 00 00 83 f9 10 0f 83 1e 01
0x00007ffdd8d0b3c6:   00 00 8b c1 48 c1 e0 06 48 03 c3 48 85 c0 0f 84
0x00007ffdd8d0b3d6:   4a 01 00 00 4c 39 40 08 0f 86 40 01 00 00 48 8b
0x00007ffdd8d0b3e6:   87 80 02 00 00 49 89 06 48 89 b7 80 02 00 00 ff
0x00007ffdd8d0b3f6:   87 88 02 00 00 48 8b 4e 08 48 8b 01 ba 01 00 00
0x00007ffdd8d0b406:   00 48 8b 80 e0 02 00 00 ff 15 f4 c1 88 00 0f b7
0x00007ffdd8d0b416:   c8 48 2b c1 48 05 00 00 01 00 48 01 87 90 02 00
0x00007ffdd8d0b426:   00 48 8b 4e 08 48 8b 01 ba 01 00 00 00 48 8b 80
0x00007ffdd8d0b436:   e0 02 00 00 ff 15 c8 c1 88 00 48 01 87 a0 02 00
0x00007ffdd8d0b446:   00 0f b6 54 24 20 4d 85 ff 0f 85 db fe ff ff 84
0x00007ffdd8d0b456:   d2 0f 85 37 0f 00 00 48 8b 5c 24 40 48 8b cf 80
0x00007ffdd8d0b466:   7c 24 22 00 0f 85 40 0f 00 00 e8 3b f9 ff ff 90
0x00007ffdd8d0b476:   48 8b cb ff 15 99 bc 88 00 48 8b 8c 24 50 01 00 


Stack slot to memory mapping:
stack at sp + 0 slots: 0x0000024b705f4330 points into unknown readable memory: 0xffffffffffffffff | ff ff ff ff ff ff ff ff
stack at sp + 1 slots: 0x033838be038350bd is an unknown value
stack at sp + 2 slots: 0x02aa5abe029d43be is an unknown value
stack at sp + 3 slots: 0x02f831bf02eec1be is an unknown value
stack at sp + 4 slots: 0x0000001601000000 is an unknown value
stack at sp + 5 slots: 0x0 is NULL
stack at sp + 6 slots: 0x026319c10361b7c0 is an unknown value
stack at sp + 7 slots: 0x00816dc302c81bc2 is an unknown value

VM_Operation (0x000000ce94cfec50): Exit, mode: safepoint, requested by thread 0x0000024b71d4a1f0


---------------  P R O C E S S  ---------------

Threads class SMR info:
_java_thread_list=0x0000024b719a5dc0, length=37, elements={
0x0000024b2a378d50, 0x0000024b2a37d2e0, 0x0000024b2a396590, 0x0000024b2a397600,
0x0000024b2a397ed0, 0x0000024b2a3a0bf0, 0x0000024b2a3a3d60, 0x0000024b2a3c2320,
0x0000024b2a61f780, 0x0000024b2a6310b0, 0x0000024b2a639bf0, 0x0000024b2a64b740,
0x0000024b7004cde0, 0x0000024b719b6e60, 0x0000024b71d4a1f0, 0x0000024b71d488a0,
0x0000024b71d47970, 0x0000024b71d47460, 0x0000024b71d4a700, 0x0000024b71d46f50,
0x0000024b71d492c0, 0x0000024b71d47e80, 0x0000024b71d48390, 0x0000024b71d497d0,
0x0000024b71d49ce0, 0x0000024b02872db0, 0x0000024b028732c0, 0x0000024b028728a0,
0x0000024b02873ce0, 0x0000024b02871970, 0x0000024b028737d0, 0x0000024b02871460,
0x0000024b028741f0, 0x0000024b02874700, 0x0000024b02874c10, 0x0000024b02875120,
0x0000024b02872390
}

Java Threads: ( => current thread )
  0x0000024b2a378d50 JavaThread "Reference Handler" daemon [_thread_blocked, id=2200, stack(0x000000ce92900000,0x000000ce92a00000)]
  0x0000024b2a37d2e0 JavaThread "Finalizer" daemon [_thread_blocked, id=9096, stack(0x000000ce92a00000,0x000000ce92b00000)]
  0x0000024b2a396590 JavaThread "Attach Listener" daemon [_thread_blocked, id=14976, stack(0x000000ce92c00000,0x000000ce92d00000)]
  0x0000024b2a397600 JavaThread "Service Thread" daemon [_thread_blocked, id=8904, stack(0x000000ce92d00000,0x000000ce92e00000)]
  0x0000024b2a397ed0 JavaThread "Monitor Deflation Thread" daemon [_thread_blocked, id=6568, stack(0x000000ce92e00000,0x000000ce92f00000)]
  0x0000024b2a3a0bf0 JavaThread "C2 CompilerThread0" daemon [_thread_blocked, id=15512, stack(0x000000ce92f00000,0x000000ce93000000)]
  0x0000024b2a3a3d60 JavaThread "C1 CompilerThread0" daemon [_thread_blocked, id=15652, stack(0x000000ce93000000,0x000000ce93100000)]
  0x0000024b2a3c2320 JavaThread "Sweeper thread" daemon [_thread_blocked, id=18264, stack(0x000000ce93100000,0x000000ce93200000)]
  0x0000024b2a61f780 JavaThread "JDWP Transport Listener: dt_socket" daemon [_thread_blocked, id=16160, stack(0x000000ce93200000,0x000000ce93300000)]
  0x0000024b2a6310b0 JavaThread "JDWP Event Helper Thread" daemon [_thread_blocked, id=19348, stack(0x000000ce93300000,0x000000ce93400000)]
  0x0000024b2a639bf0 JavaThread "Notification Thread" daemon [_thread_blocked, id=15128, stack(0x000000ce93500000,0x000000ce93600000)]
  0x0000024b2a64b740 JavaThread "Common-Cleaner" daemon [_thread_blocked, id=17428, stack(0x000000ce93700000,0x000000ce93800000)]
  0x0000024b7004cde0 JavaThread "Java2D Disposer" daemon [_thread_blocked, id=12136, stack(0x000000ce93800000,0x000000ce93900000)]
  0x0000024b719b6e60 JavaThread "HighResTimerThread" daemon [_thread_blocked, id=18052, stack(0x000000ce94a00000,0x000000ce94b00000)]
  0x0000024b71d4a1f0 JavaThread "main-FPSAWTAnimator#00-Timer0" [_thread_blocked, id=15968, stack(0x000000ce94c00000,0x000000ce94d00000)]
  0x0000024b71d488a0 JavaThread "DestroyJavaVM" [_thread_blocked, id=17096, stack(0x000000ce92200000,0x000000ce92300000)]
  0x0000024b71d47970 JavaThread "pool-1-thread-1" [_thread_blocked, id=9596, stack(0x000000ce94e00000,0x000000ce94f00000)]
  0x0000024b71d47460 JavaThread "pool-1-thread-2" [_thread_blocked, id=18748, stack(0x000000ce94f00000,0x000000ce95000000)]
  0x0000024b71d4a700 JavaThread "pool-1-thread-3" [_thread_blocked, id=18884, stack(0x000000ce95000000,0x000000ce95100000)]
  0x0000024b71d46f50 JavaThread "pool-1-thread-4" [_thread_blocked, id=11276, stack(0x000000ce95100000,0x000000ce95200000)]
  0x0000024b71d492c0 JavaThread "pool-1-thread-5" [_thread_blocked, id=18700, stack(0x000000ce95200000,0x000000ce95300000)]
  0x0000024b71d47e80 JavaThread "pool-1-thread-6" [_thread_blocked, id=10800, stack(0x000000ce95300000,0x000000ce95400000)]
  0x0000024b71d48390 JavaThread "pool-1-thread-7" [_thread_blocked, id=16032, stack(0x000000ce95400000,0x000000ce95500000)]
  0x0000024b71d497d0 JavaThread "pool-1-thread-8" [_thread_blocked, id=1076, stack(0x000000ce95500000,0x000000ce95600000)]
  0x0000024b71d49ce0 JavaThread "pool-1-thread-9" [_thread_blocked, id=15140, stack(0x000000ce95600000,0x000000ce95700000)]
  0x0000024b02872db0 JavaThread "pool-1-thread-10" [_thread_blocked, id=16144, stack(0x000000ce95700000,0x000000ce95800000)]
  0x0000024b028732c0 JavaThread "pool-1-thread-11" [_thread_blocked, id=12976, stack(0x000000ce95800000,0x000000ce95900000)]
  0x0000024b028728a0 JavaThread "pool-1-thread-12" [_thread_blocked, id=11336, stack(0x000000ce95a00000,0x000000ce95b00000)]
  0x0000024b02873ce0 JavaThread "pool-1-thread-13" [_thread_blocked, id=6924, stack(0x000000ce95b00000,0x000000ce95c00000)]
  0x0000024b02871970 JavaThread "pool-1-thread-14" [_thread_blocked, id=6972, stack(0x000000ce95c00000,0x000000ce95d00000)]
  0x0000024b028737d0 JavaThread "pool-1-thread-15" [_thread_blocked, id=16784, stack(0x000000ce95d00000,0x000000ce95e00000)]
  0x0000024b02871460 JavaThread "pool-1-thread-16" [_thread_blocked, id=4792, stack(0x000000ce95e00000,0x000000ce95f00000)]
  0x0000024b028741f0 JavaThread "pool-1-thread-17" [_thread_blocked, id=15844, stack(0x000000ce95f00000,0x000000ce96000000)]
  0x0000024b02874700 JavaThread "pool-1-thread-18" [_thread_blocked, id=18156, stack(0x000000ce96000000,0x000000ce96100000)]
  0x0000024b02874c10 JavaThread "pool-1-thread-19" [_thread_blocked, id=6852, stack(0x000000ce96100000,0x000000ce96200000)]
  0x0000024b02875120 JavaThread "pool-1-thread-20" [_thread_blocked, id=4308, stack(0x000000ce96200000,0x000000ce96300000)]
  0x0000024b02872390 JavaThread "AWT-Shutdown" [_thread_blocked, id=12516, stack(0x000000ce95900000,0x000000ce95a00000)]

Other Threads:
=>0x0000024b2a374e40 VMThread "VM Thread" [stack: 0x000000ce92800000,0x000000ce92900000] [id=5652]
  0x0000024b0c98f550 GCTaskThread "GC Thread#0" [stack: 0x000000ce92300000,0x000000ce92400000] [id=2508]
  0x0000024b707a6190 GCTaskThread "GC Thread#1" [stack: 0x000000ce94000000,0x000000ce94100000] [id=144]
  0x0000024b707a6450 GCTaskThread "GC Thread#2" [stack: 0x000000ce94100000,0x000000ce94200000] [id=18256]
  0x0000024b716173e0 GCTaskThread "GC Thread#3" [stack: 0x000000ce94200000,0x000000ce94300000] [id=14732]
  0x0000024b716176a0 GCTaskThread "GC Thread#4" [stack: 0x000000ce94300000,0x000000ce94400000] [id=11428]
  0x0000024b71617d70 GCTaskThread "GC Thread#5" [stack: 0x000000ce94400000,0x000000ce94500000] [id=348]
  0x0000024b7165dc40 GCTaskThread "GC Thread#6" [stack: 0x000000ce94500000,0x000000ce94600000] [id=4224]
  0x0000024b71661f10 GCTaskThread "GC Thread#7" [stack: 0x000000ce94600000,0x000000ce94700000] [id=8276]
  0x0000024b0c9993c0 ConcurrentGCThread "G1 Main Marker" terminated
  0x0000024b0c99b870 ConcurrentGCThread "G1 Conc#0" [stack: 0x000000ce92500000,0x000000ce92600000] [id=10948]
  0x0000024b028211e0 ConcurrentGCThread "G1 Conc#1" [stack: 0x000000ce96500000,0x000000ce96600000] [id=10212]
  0x0000024b0c9f6780 ConcurrentGCThread "G1 Refine#0" terminated
  0x0000024b02b86d10 ConcurrentGCThread "G1 Refine#1" terminated
  0x0000024b029dec50 ConcurrentGCThread "G1 Refine#2" terminated
  0x0000024b0c9f6f60 ConcurrentGCThread "G1 Service" terminated

Threads with active compile tasks:

VM state: at safepoint (shutting down)

VM Mutex/Monitor currently owned by a thread:  ([mutex/lock_event])
[0x0000024b0c31c070] Threads_lock - owner thread: 0x0000024b2a374e40
[0x0000024b0c94bda0] Heap_lock - owner thread: 0x0000024b71d4a1f0

Heap address: 0x00000000c0000000, size: 1024 MB, Compressed Oops mode: 32-bit

CDS archive(s) mapped at: [0x0000024b2b000000-0x0000024b2bbb0000-0x0000024b2bbb0000), size 12255232, SharedBaseAddress: 0x0000024b2b000000, ArchiveRelocationMode: 1.
Compressed class space mapped at: 0x0000024b2c000000-0x0000024b6c000000, reserved size: 1073741824
Narrow klass base: 0x0000024b2b000000, Narrow klass shift: 0, Narrow klass range: 0x100000000

GC Precious Log:
 CPUs: 8 total, 8 available
 Memory: 7975M
 Large Page Support: Disabled
 NUMA Support: Disabled
 Compressed Oops: Enabled (32-bit)
 Heap Region Size: 1M
 Heap Min Capacity: 64M
 Heap Initial Capacity: 64M
 Heap Max Capacity: 1G
 Pre-touch: Disabled
 Parallel Workers: 8
 Concurrent Workers: 2
 Concurrent Refinement Workers: 8
 Periodic GC: Disabled

Heap:
 garbage-first heap   total 175104K, used 119746K [0x00000000c0000000, 0x0000000100000000)
  region size 1024K, 39 young (39936K), 3 survivors (3072K)
 Metaspace       used 13144K, committed 13376K, reserved 1114112K
  class space    used 919K, committed 1024K, reserved 1048576K

Heap Regions: E=young(eden), S=young(survivor), O=old, HS=humongous(starts), HC=humongous(continues), CS=collection set, F=free, OA=open archive, CA=closed archive, TAMS=top-at-mark-start (previous, next)
|   0|0x00000000c0000000, 0x00000000c0100000, 0x00000000c0100000|100%| O|  |TAMS 0x00000000c0100000, 0x00000000c0000000| Untracked 
|   1|0x00000000c0100000, 0x00000000c0200000, 0x00000000c0200000|100%| O|  |TAMS 0x00000000c0200000, 0x00000000c0100000| Untracked 
|   2|0x00000000c0200000, 0x00000000c0300000, 0x00000000c0300000|100%| O|  |TAMS 0x00000000c0300000, 0x00000000c0200000| Untracked 
|   3|0x00000000c0300000, 0x00000000c0400000, 0x00000000c0400000|100%| O|  |TAMS 0x00000000c0400000, 0x00000000c0300000| Untracked 
|   4|0x00000000c0400000, 0x00000000c0500000, 0x00000000c0500000|100%| O|  |TAMS 0x00000000c0500000, 0x00000000c0400000| Untracked 
|   5|0x00000000c0500000, 0x00000000c0600000, 0x00000000c0600000|100%| O|  |TAMS 0x00000000c0600000, 0x00000000c0500000| Untracked 
|   6|0x00000000c0600000, 0x00000000c0700000, 0x00000000c0700000|100%| O|  |TAMS 0x00000000c0700000, 0x00000000c0600000| Untracked 
|   7|0x00000000c0700000, 0x00000000c0800000, 0x00000000c0800000|100%| O|  |TAMS 0x00000000c0800000, 0x00000000c0700000| Untracked 
|   8|0x00000000c0800000, 0x00000000c0800000, 0x00000000c0900000|  0%| F|  |TAMS 0x00000000c0800000, 0x00000000c0800000| Untracked 
|   9|0x00000000c0900000, 0x00000000c0900000, 0x00000000c0a00000|  0%| F|  |TAMS 0x00000000c0900000, 0x00000000c0900000| Untracked 
|  10|0x00000000c0a00000, 0x00000000c0b00000, 0x00000000c0b00000|100%| O|  |TAMS 0x00000000c0b00000, 0x00000000c0a00000| Untracked 
|  11|0x00000000c0b00000, 0x00000000c0c00000, 0x00000000c0c00000|100%|HS|  |TAMS 0x00000000c0c00000, 0x00000000c0b00000| Complete 
|  12|0x00000000c0c00000, 0x00000000c0d00000, 0x00000000c0d00000|100%|HC|  |TAMS 0x00000000c0d00000, 0x00000000c0c00000| Complete 
|  13|0x00000000c0d00000, 0x00000000c0e00000, 0x00000000c0e00000|100%|HC|  |TAMS 0x00000000c0e00000, 0x00000000c0d00000| Complete 
|  14|0x00000000c0e00000, 0x00000000c0f00000, 0x00000000c0f00000|100%|HC|  |TAMS 0x00000000c0f00000, 0x00000000c0e00000| Complete 
|  15|0x00000000c0f00000, 0x00000000c1000000, 0x00000000c1000000|100%|HC|  |TAMS 0x00000000c1000000, 0x00000000c0f00000| Complete 
|  16|0x00000000c1000000, 0x00000000c1100000, 0x00000000c1100000|100%|HC|  |TAMS 0x00000000c1100000, 0x00000000c1000000| Complete 
|  17|0x00000000c1100000, 0x00000000c1200000, 0x00000000c1200000|100%|HC|  |TAMS 0x00000000c1200000, 0x00000000c1100000| Complete 
|  18|0x00000000c1200000, 0x00000000c1300000, 0x00000000c1300000|100%|HC|  |TAMS 0x00000000c1300000, 0x00000000c1200000| Complete 
|  19|0x00000000c1300000, 0x00000000c1400000, 0x00000000c1400000|100%|HC|  |TAMS 0x00000000c1400000, 0x00000000c1300000| Complete 
|  20|0x00000000c1400000, 0x00000000c1500000, 0x00000000c1500000|100%|HC|  |TAMS 0x00000000c1500000, 0x00000000c1400000| Complete 
|  21|0x00000000c1500000, 0x00000000c1600000, 0x00000000c1600000|100%|HC|  |TAMS 0x00000000c1600000, 0x00000000c1500000| Complete 
|  22|0x00000000c1600000, 0x00000000c1700000, 0x00000000c1700000|100%|HC|  |TAMS 0x00000000c1700000, 0x00000000c1600000| Complete 
|  23|0x00000000c1700000, 0x00000000c1800000, 0x00000000c1800000|100%|HC|  |TAMS 0x00000000c1800000, 0x00000000c1700000| Complete 
|  24|0x00000000c1800000, 0x00000000c1900000, 0x00000000c1900000|100%|HC|  |TAMS 0x00000000c1900000, 0x00000000c1800000| Complete 
|  25|0x00000000c1900000, 0x00000000c1a00000, 0x00000000c1a00000|100%|HC|  |TAMS 0x00000000c1a00000, 0x00000000c1900000| Complete 
|  26|0x00000000c1a00000, 0x00000000c1b00000, 0x00000000c1b00000|100%|HC|  |TAMS 0x00000000c1b00000, 0x00000000c1a00000| Complete 
|  27|0x00000000c1b00000, 0x00000000c1c00000, 0x00000000c1c00000|100%|HC|  |TAMS 0x00000000c1c00000, 0x00000000c1b00000| Complete 
|  28|0x00000000c1c00000, 0x00000000c1c00000, 0x00000000c1d00000|  0%| F|  |TAMS 0x00000000c1c00000, 0x00000000c1c00000| Untracked 
|  29|0x00000000c1d00000, 0x00000000c1e00000, 0x00000000c1e00000|100%|HS|  |TAMS 0x00000000c1e00000, 0x00000000c1d00000| Complete 
|  30|0x00000000c1e00000, 0x00000000c1f00000, 0x00000000c1f00000|100%|HC|  |TAMS 0x00000000c1f00000, 0x00000000c1e00000| Complete 
|  31|0x00000000c1f00000, 0x00000000c2000000, 0x00000000c2000000|100%|HC|  |TAMS 0x00000000c2000000, 0x00000000c1f00000| Complete 
|  32|0x00000000c2000000, 0x00000000c2100000, 0x00000000c2100000|100%|HC|  |TAMS 0x00000000c2100000, 0x00000000c2000000| Complete 
|  33|0x00000000c2100000, 0x00000000c2200000, 0x00000000c2200000|100%|HC|  |TAMS 0x00000000c2200000, 0x00000000c2100000| Complete 
|  34|0x00000000c2200000, 0x00000000c2300000, 0x00000000c2300000|100%|HS|  |TAMS 0x00000000c2300000, 0x00000000c2200000| Complete 
|  35|0x00000000c2300000, 0x00000000c2400000, 0x00000000c2400000|100%|HC|  |TAMS 0x00000000c2400000, 0x00000000c2300000| Complete 
|  36|0x00000000c2400000, 0x00000000c2500000, 0x00000000c2500000|100%|HC|  |TAMS 0x00000000c2500000, 0x00000000c2400000| Complete 
|  37|0x00000000c2500000, 0x00000000c2600000, 0x00000000c2600000|100%|HC|  |TAMS 0x00000000c2600000, 0x00000000c2500000| Complete 
|  38|0x00000000c2600000, 0x00000000c2700000, 0x00000000c2700000|100%|HC|  |TAMS 0x00000000c2700000, 0x00000000c2600000| Complete 
|  39|0x00000000c2700000, 0x00000000c2800000, 0x00000000c2800000|100%|HC|  |TAMS 0x00000000c2800000, 0x00000000c2700000| Complete 
|  40|0x00000000c2800000, 0x00000000c2900000, 0x00000000c2900000|100%|HC|  |TAMS 0x00000000c2900000, 0x00000000c2800000| Complete 
|  41|0x00000000c2900000, 0x00000000c2a00000, 0x00000000c2a00000|100%|HC|  |TAMS 0x00000000c2a00000, 0x00000000c2900000| Complete 
|  42|0x00000000c2a00000, 0x00000000c2b00000, 0x00000000c2b00000|100%|HC|  |TAMS 0x00000000c2b00000, 0x00000000c2a00000| Complete 
|  43|0x00000000c2b00000, 0x00000000c2c00000, 0x00000000c2c00000|100%|HC|  |TAMS 0x00000000c2c00000, 0x00000000c2b00000| Complete 
|  44|0x00000000c2c00000, 0x00000000c2d00000, 0x00000000c2d00000|100%|HC|  |TAMS 0x00000000c2d00000, 0x00000000c2c00000| Complete 
|  45|0x00000000c2d00000, 0x00000000c2e00000, 0x00000000c2e00000|100%|HC|  |TAMS 0x00000000c2e00000, 0x00000000c2d00000| Complete 
|  46|0x00000000c2e00000, 0x00000000c2f00000, 0x00000000c2f00000|100%|HC|  |TAMS 0x00000000c2f00000, 0x00000000c2e00000| Complete 
|  47|0x00000000c2f00000, 0x00000000c3000000, 0x00000000c3000000|100%|HS|  |TAMS 0x00000000c3000000, 0x00000000c2f00000| Complete 
|  48|0x00000000c3000000, 0x00000000c3100000, 0x00000000c3100000|100%|HC|  |TAMS 0x00000000c3100000, 0x00000000c3000000| Complete 
|  49|0x00000000c3100000, 0x00000000c3200000, 0x00000000c3200000|100%|HC|  |TAMS 0x00000000c3200000, 0x00000000c3100000| Complete 
|  50|0x00000000c3200000, 0x00000000c3300000, 0x00000000c3300000|100%|HC|  |TAMS 0x00000000c3300000, 0x00000000c3200000| Complete 
|  51|0x00000000c3300000, 0x00000000c3400000, 0x00000000c3400000|100%|HC|  |TAMS 0x00000000c3400000, 0x00000000c3300000| Complete 
|  52|0x00000000c3400000, 0x00000000c3500000, 0x00000000c3500000|100%|HC|  |TAMS 0x00000000c3500000, 0x00000000c3400000| Complete 
|  53|0x00000000c3500000, 0x00000000c3600000, 0x00000000c3600000|100%|HC|  |TAMS 0x00000000c3600000, 0x00000000c3500000| Complete 
|  54|0x00000000c3600000, 0x00000000c3700000, 0x00000000c3700000|100%|HC|  |TAMS 0x00000000c3700000, 0x00000000c3600000| Complete 
|  55|0x00000000c3700000, 0x00000000c3800000, 0x00000000c3800000|100%|HC|  |TAMS 0x00000000c3800000, 0x00000000c3700000| Complete 
|  56|0x00000000c3800000, 0x00000000c3900000, 0x00000000c3900000|100%| O|  |TAMS 0x00000000c3900000, 0x00000000c3800000| Untracked 
|  57|0x00000000c3900000, 0x00000000c39e5400, 0x00000000c3a00000| 89%| O|  |TAMS 0x00000000c39e4a00, 0x00000000c3900000| Untracked 
|  58|0x00000000c3a00000, 0x00000000c3b00000, 0x00000000c3b00000|100%|HS|  |TAMS 0x00000000c3b00000, 0x00000000c3a00000| Complete 
|  59|0x00000000c3b00000, 0x00000000c3c00000, 0x00000000c3c00000|100%|HC|  |TAMS 0x00000000c3c00000, 0x00000000c3b00000| Complete 
|  60|0x00000000c3c00000, 0x00000000c3d00000, 0x00000000c3d00000|100%|HC|  |TAMS 0x00000000c3d00000, 0x00000000c3c00000| Complete 
|  61|0x00000000c3d00000, 0x00000000c3e00000, 0x00000000c3e00000|100%|HC|  |TAMS 0x00000000c3e00000, 0x00000000c3d00000| Complete 
|  62|0x00000000c3e00000, 0x00000000c3f00000, 0x00000000c3f00000|100%|HC|  |TAMS 0x00000000c3f00000, 0x00000000c3e00000| Complete 
|  63|0x00000000c3f00000, 0x00000000c3f00000, 0x00000000c4000000|  0%| F|  |TAMS 0x00000000c3f00000, 0x00000000c3f00000| Untracked 
|  64|0x00000000c4000000, 0x00000000c4100000, 0x00000000c4100000|100%|HS|  |TAMS 0x00000000c4100000, 0x00000000c4000000| Complete 
|  65|0x00000000c4100000, 0x00000000c4200000, 0x00000000c4200000|100%|HC|  |TAMS 0x00000000c4200000, 0x00000000c4100000| Complete 
|  66|0x00000000c4200000, 0x00000000c4300000, 0x00000000c4300000|100%|HC|  |TAMS 0x00000000c4300000, 0x00000000c4200000| Complete 
|  67|0x00000000c4300000, 0x00000000c4400000, 0x00000000c4400000|100%|HC|  |TAMS 0x00000000c4400000, 0x00000000c4300000| Complete 
|  68|0x00000000c4400000, 0x00000000c4500000, 0x00000000c4500000|100%|HC|  |TAMS 0x00000000c4500000, 0x00000000c4400000| Complete 
|  69|0x00000000c4500000, 0x00000000c4600000, 0x00000000c4600000|100%|HS|  |TAMS 0x00000000c4600000, 0x00000000c4500000| Complete 
|  70|0x00000000c4600000, 0x00000000c4700000, 0x00000000c4700000|100%|HC|  |TAMS 0x00000000c4700000, 0x00000000c4600000| Complete 
|  71|0x00000000c4700000, 0x00000000c4800000, 0x00000000c4800000|100%|HC|  |TAMS 0x00000000c4800000, 0x00000000c4700000| Complete 
|  72|0x00000000c4800000, 0x00000000c4900000, 0x00000000c4900000|100%|HC|  |TAMS 0x00000000c4900000, 0x00000000c4800000| Complete 
|  73|0x00000000c4900000, 0x00000000c4a00000, 0x00000000c4a00000|100%|HC|  |TAMS 0x00000000c4a00000, 0x00000000c4900000| Complete 
|  74|0x00000000c4a00000, 0x00000000c4b00000, 0x00000000c4b00000|100%|HS|  |TAMS 0x00000000c4b00000, 0x00000000c4a00000| Complete 
|  75|0x00000000c4b00000, 0x00000000c4c00000, 0x00000000c4c00000|100%|HC|  |TAMS 0x00000000c4c00000, 0x00000000c4b00000| Complete 
|  76|0x00000000c4c00000, 0x00000000c4d00000, 0x00000000c4d00000|100%|HC|  |TAMS 0x00000000c4d00000, 0x00000000c4c00000| Complete 
|  77|0x00000000c4d00000, 0x00000000c4e00000, 0x00000000c4e00000|100%|HC|  |TAMS 0x00000000c4e00000, 0x00000000c4d00000| Complete 
|  78|0x00000000c4e00000, 0x00000000c4f00000, 0x00000000c4f00000|100%|HC|  |TAMS 0x00000000c4f00000, 0x00000000c4e00000| Complete 
|  79|0x00000000c4f00000, 0x00000000c5000000, 0x00000000c5000000|100%|HS|  |TAMS 0x00000000c5000000, 0x00000000c4f00000| Complete 
|  80|0x00000000c5000000, 0x00000000c5100000, 0x00000000c5100000|100%|HC|  |TAMS 0x00000000c5100000, 0x00000000c5000000| Complete 
|  81|0x00000000c5100000, 0x00000000c5200000, 0x00000000c5200000|100%|HC|  |TAMS 0x00000000c5200000, 0x00000000c5100000| Complete 
|  82|0x00000000c5200000, 0x00000000c5300000, 0x00000000c5300000|100%|HC|  |TAMS 0x00000000c5300000, 0x00000000c5200000| Complete 
|  83|0x00000000c5300000, 0x00000000c5400000, 0x00000000c5400000|100%|HC|  |TAMS 0x00000000c5400000, 0x00000000c5300000| Complete 
|  84|0x00000000c5400000, 0x00000000c5400000, 0x00000000c5500000|  0%| F|  |TAMS 0x00000000c5400000, 0x00000000c5400000| Untracked 
|  85|0x00000000c5500000, 0x00000000c5500000, 0x00000000c5600000|  0%| F|  |TAMS 0x00000000c5500000, 0x00000000c5500000| Untracked 
|  86|0x00000000c5600000, 0x00000000c5600000, 0x00000000c5700000|  0%| F|  |TAMS 0x00000000c5600000, 0x00000000c5600000| Untracked 
|  87|0x00000000c5700000, 0x00000000c5700000, 0x00000000c5800000|  0%| F|  |TAMS 0x00000000c5700000, 0x00000000c5700000| Untracked 
|  88|0x00000000c5800000, 0x00000000c5800000, 0x00000000c5900000|  0%| F|  |TAMS 0x00000000c5800000, 0x00000000c5800000| Untracked 
|  89|0x00000000c5900000, 0x00000000c5900000, 0x00000000c5a00000|  0%| F|  |TAMS 0x00000000c5900000, 0x00000000c5900000| Untracked 
|  90|0x00000000c5a00000, 0x00000000c5a00000, 0x00000000c5b00000|  0%| F|  |TAMS 0x00000000c5a00000, 0x00000000c5a00000| Untracked 
|  91|0x00000000c5b00000, 0x00000000c5b00000, 0x00000000c5c00000|  0%| F|  |TAMS 0x00000000c5b00000, 0x00000000c5b00000| Untracked 
|  92|0x00000000c5c00000, 0x00000000c5c00000, 0x00000000c5d00000|  0%| F|  |TAMS 0x00000000c5c00000, 0x00000000c5c00000| Untracked 
|  93|0x00000000c5d00000, 0x00000000c5d00000, 0x00000000c5e00000|  0%| F|  |TAMS 0x00000000c5d00000, 0x00000000c5d00000| Untracked 
|  94|0x00000000c5e00000, 0x00000000c5e00000, 0x00000000c5f00000|  0%| F|  |TAMS 0x00000000c5e00000, 0x00000000c5e00000| Untracked 
|  95|0x00000000c5f00000, 0x00000000c5f00000, 0x00000000c6000000|  0%| F|  |TAMS 0x00000000c5f00000, 0x00000000c5f00000| Untracked 
|  96|0x00000000c6000000, 0x00000000c6000000, 0x00000000c6100000|  0%| F|  |TAMS 0x00000000c6000000, 0x00000000c6000000| Untracked 
|  97|0x00000000c6100000, 0x00000000c6100000, 0x00000000c6200000|  0%| F|  |TAMS 0x00000000c6100000, 0x00000000c6100000| Untracked 
|  98|0x00000000c6200000, 0x00000000c6200000, 0x00000000c6300000|  0%| F|  |TAMS 0x00000000c6200000, 0x00000000c6200000| Untracked 
|  99|0x00000000c6300000, 0x00000000c6300000, 0x00000000c6400000|  0%| F|  |TAMS 0x00000000c6300000, 0x00000000c6300000| Untracked 
| 100|0x00000000c6400000, 0x00000000c6400000, 0x00000000c6500000|  0%| F|  |TAMS 0x00000000c6400000, 0x00000000c6400000| Untracked 
| 101|0x00000000c6500000, 0x00000000c6500000, 0x00000000c6600000|  0%| F|  |TAMS 0x00000000c6500000, 0x00000000c6500000| Untracked 
| 102|0x00000000c6600000, 0x00000000c660b450, 0x00000000c6700000|  4%| S|CS|TAMS 0x00000000c6600000, 0x00000000c6600000| Complete 
| 103|0x00000000c6700000, 0x00000000c6700000, 0x00000000c6800000|  0%| F|  |TAMS 0x00000000c6700000, 0x00000000c6700000| Untracked 
| 104|0x00000000c6800000, 0x00000000c6900000, 0x00000000c6900000|100%| S|CS|TAMS 0x00000000c6800000, 0x00000000c6800000| Complete 
| 105|0x00000000c6900000, 0x00000000c6a00000, 0x00000000c6a00000|100%| S|CS|TAMS 0x00000000c6900000, 0x00000000c6900000| Complete 
| 106|0x00000000c6a00000, 0x00000000c6a00000, 0x00000000c6b00000|  0%| F|  |TAMS 0x00000000c6a00000, 0x00000000c6a00000| Untracked 
| 107|0x00000000c6b00000, 0x00000000c6b00000, 0x00000000c6c00000|  0%| F|  |TAMS 0x00000000c6b00000, 0x00000000c6b00000| Untracked 
| 108|0x00000000c6c00000, 0x00000000c6c00000, 0x00000000c6d00000|  0%| F|  |TAMS 0x00000000c6c00000, 0x00000000c6c00000| Untracked 
| 109|0x00000000c6d00000, 0x00000000c6d00000, 0x00000000c6e00000|  0%| F|  |TAMS 0x00000000c6d00000, 0x00000000c6d00000| Untracked 
| 110|0x00000000c6e00000, 0x00000000c6e00000, 0x00000000c6f00000|  0%| F|  |TAMS 0x00000000c6e00000, 0x00000000c6e00000| Untracked 
| 111|0x00000000c6f00000, 0x00000000c6f00000, 0x00000000c7000000|  0%| F|  |TAMS 0x00000000c6f00000, 0x00000000c6f00000| Untracked 
| 112|0x00000000c7000000, 0x00000000c7000000, 0x00000000c7100000|  0%| F|  |TAMS 0x00000000c7000000, 0x00000000c7000000| Untracked 
| 113|0x00000000c7100000, 0x00000000c7100000, 0x00000000c7200000|  0%| F|  |TAMS 0x00000000c7100000, 0x00000000c7100000| Untracked 
| 114|0x00000000c7200000, 0x00000000c7200000, 0x00000000c7300000|  0%| F|  |TAMS 0x00000000c7200000, 0x00000000c7200000| Untracked 
| 115|0x00000000c7300000, 0x00000000c7300000, 0x00000000c7400000|  0%| F|  |TAMS 0x00000000c7300000, 0x00000000c7300000| Untracked 
| 116|0x00000000c7400000, 0x00000000c7400000, 0x00000000c7500000|  0%| F|  |TAMS 0x00000000c7400000, 0x00000000c7400000| Untracked 
| 117|0x00000000c7500000, 0x00000000c7500000, 0x00000000c7600000|  0%| F|  |TAMS 0x00000000c7500000, 0x00000000c7500000| Untracked 
| 118|0x00000000c7600000, 0x00000000c7600000, 0x00000000c7700000|  0%| F|  |TAMS 0x00000000c7600000, 0x00000000c7600000| Untracked 
| 119|0x00000000c7700000, 0x00000000c7700000, 0x00000000c7800000|  0%| F|  |TAMS 0x00000000c7700000, 0x00000000c7700000| Untracked 
| 120|0x00000000c7800000, 0x00000000c7800000, 0x00000000c7900000|  0%| F|  |TAMS 0x00000000c7800000, 0x00000000c7800000| Untracked 
| 121|0x00000000c7900000, 0x00000000c7900000, 0x00000000c7a00000|  0%| F|  |TAMS 0x00000000c7900000, 0x00000000c7900000| Untracked 
| 122|0x00000000c7a00000, 0x00000000c7a00000, 0x00000000c7b00000|  0%| F|  |TAMS 0x00000000c7a00000, 0x00000000c7a00000| Untracked 
| 123|0x00000000c7b00000, 0x00000000c7b00000, 0x00000000c7c00000|  0%| F|  |TAMS 0x00000000c7b00000, 0x00000000c7b00000| Untracked 
| 124|0x00000000c7c00000, 0x00000000c7c00000, 0x00000000c7d00000|  0%| F|  |TAMS 0x00000000c7c00000, 0x00000000c7c00000| Untracked 
| 125|0x00000000c7d00000, 0x00000000c7d00000, 0x00000000c7e00000|  0%| F|  |TAMS 0x00000000c7d00000, 0x00000000c7d00000| Untracked 
| 126|0x00000000c7e00000, 0x00000000c7e00000, 0x00000000c7f00000|  0%| F|  |TAMS 0x00000000c7e00000, 0x00000000c7e00000| Untracked 
| 127|0x00000000c7f00000, 0x00000000c7f00000, 0x00000000c8000000|  0%| F|  |TAMS 0x00000000c7f00000, 0x00000000c7f00000| Untracked 
| 128|0x00000000c8000000, 0x00000000c8000000, 0x00000000c8100000|  0%| F|  |TAMS 0x00000000c8000000, 0x00000000c8000000| Untracked 
| 129|0x00000000c8100000, 0x00000000c8100000, 0x00000000c8200000|  0%| F|  |TAMS 0x00000000c8100000, 0x00000000c8100000| Untracked 
| 130|0x00000000c8200000, 0x00000000c8200000, 0x00000000c8300000|  0%| F|  |TAMS 0x00000000c8200000, 0x00000000c8200000| Untracked 
| 131|0x00000000c8300000, 0x00000000c8300000, 0x00000000c8400000|  0%| F|  |TAMS 0x00000000c8300000, 0x00000000c8300000| Untracked 
| 132|0x00000000c8400000, 0x00000000c8400000, 0x00000000c8500000|  0%| F|  |TAMS 0x00000000c8400000, 0x00000000c8400000| Untracked 
| 133|0x00000000c8500000, 0x00000000c8500000, 0x00000000c8600000|  0%| F|  |TAMS 0x00000000c8500000, 0x00000000c8500000| Untracked 
| 134|0x00000000c8600000, 0x00000000c8600000, 0x00000000c8700000|  0%| F|  |TAMS 0x00000000c8600000, 0x00000000c8600000| Untracked 
| 135|0x00000000c8700000, 0x00000000c87147a8, 0x00000000c8800000|  7%| E|  |TAMS 0x00000000c8700000, 0x00000000c8700000| Complete 
| 136|0x00000000c8800000, 0x00000000c8900000, 0x00000000c8900000|100%| E|CS|TAMS 0x00000000c8800000, 0x00000000c8800000| Complete 
| 137|0x00000000c8900000, 0x00000000c8a00000, 0x00000000c8a00000|100%| E|CS|TAMS 0x00000000c8900000, 0x00000000c8900000| Complete 
| 138|0x00000000c8a00000, 0x00000000c8b00000, 0x00000000c8b00000|100%| E|CS|TAMS 0x00000000c8a00000, 0x00000000c8a00000| Complete 
| 139|0x00000000c8b00000, 0x00000000c8c00000, 0x00000000c8c00000|100%| E|CS|TAMS 0x00000000c8b00000, 0x00000000c8b00000| Complete 
| 140|0x00000000c8c00000, 0x00000000c8d00000, 0x00000000c8d00000|100%| E|CS|TAMS 0x00000000c8c00000, 0x00000000c8c00000| Complete 
| 141|0x00000000c8d00000, 0x00000000c8e00000, 0x00000000c8e00000|100%| E|CS|TAMS 0x00000000c8d00000, 0x00000000c8d00000| Complete 
| 142|0x00000000c8e00000, 0x00000000c8f00000, 0x00000000c8f00000|100%| E|CS|TAMS 0x00000000c8e00000, 0x00000000c8e00000| Complete 
| 143|0x00000000c8f00000, 0x00000000c9000000, 0x00000000c9000000|100%| E|CS|TAMS 0x00000000c8f00000, 0x00000000c8f00000| Complete 
| 144|0x00000000c9000000, 0x00000000c9100000, 0x00000000c9100000|100%| E|CS|TAMS 0x00000000c9000000, 0x00000000c9000000| Complete 
| 145|0x00000000c9100000, 0x00000000c9200000, 0x00000000c9200000|100%| E|CS|TAMS 0x00000000c9100000, 0x00000000c9100000| Complete 
| 146|0x00000000c9200000, 0x00000000c9300000, 0x00000000c9300000|100%| E|CS|TAMS 0x00000000c9200000, 0x00000000c9200000| Complete 
| 147|0x00000000c9300000, 0x00000000c9400000, 0x00000000c9400000|100%| E|CS|TAMS 0x00000000c9300000, 0x00000000c9300000| Complete 
| 148|0x00000000c9400000, 0x00000000c9500000, 0x00000000c9500000|100%| E|CS|TAMS 0x00000000c9400000, 0x00000000c9400000| Complete 
| 149|0x00000000c9500000, 0x00000000c9600000, 0x00000000c9600000|100%| E|CS|TAMS 0x00000000c9500000, 0x00000000c9500000| Complete 
| 150|0x00000000c9600000, 0x00000000c9700000, 0x00000000c9700000|100%| E|CS|TAMS 0x00000000c9600000, 0x00000000c9600000| Complete 
| 151|0x00000000c9700000, 0x00000000c9800000, 0x00000000c9800000|100%| E|CS|TAMS 0x00000000c9700000, 0x00000000c9700000| Complete 
| 152|0x00000000c9800000, 0x00000000c9900000, 0x00000000c9900000|100%| E|CS|TAMS 0x00000000c9800000, 0x00000000c9800000| Complete 
| 153|0x00000000c9900000, 0x00000000c9a00000, 0x00000000c9a00000|100%| E|CS|TAMS 0x00000000c9900000, 0x00000000c9900000| Complete 
| 154|0x00000000c9a00000, 0x00000000c9b00000, 0x00000000c9b00000|100%| E|CS|TAMS 0x00000000c9a00000, 0x00000000c9a00000| Complete 
| 155|0x00000000c9b00000, 0x00000000c9c00000, 0x00000000c9c00000|100%| E|CS|TAMS 0x00000000c9b00000, 0x00000000c9b00000| Complete 
| 156|0x00000000c9c00000, 0x00000000c9d00000, 0x00000000c9d00000|100%| E|CS|TAMS 0x00000000c9c00000, 0x00000000c9c00000| Complete 
| 157|0x00000000c9d00000, 0x00000000c9e00000, 0x00000000c9e00000|100%| E|CS|TAMS 0x00000000c9d00000, 0x00000000c9d00000| Complete 
| 158|0x00000000c9e00000, 0x00000000c9f00000, 0x00000000c9f00000|100%| E|CS|TAMS 0x00000000c9e00000, 0x00000000c9e00000| Complete 
| 159|0x00000000c9f00000, 0x00000000ca000000, 0x00000000ca000000|100%| E|CS|TAMS 0x00000000c9f00000, 0x00000000c9f00000| Complete 
| 160|0x00000000ca000000, 0x00000000ca100000, 0x00000000ca100000|100%| E|CS|TAMS 0x00000000ca000000, 0x00000000ca000000| Complete 
| 161|0x00000000ca100000, 0x00000000ca200000, 0x00000000ca200000|100%| E|CS|TAMS 0x00000000ca100000, 0x00000000ca100000| Complete 
| 162|0x00000000ca200000, 0x00000000ca300000, 0x00000000ca300000|100%| E|CS|TAMS 0x00000000ca200000, 0x00000000ca200000| Complete 
| 163|0x00000000ca300000, 0x00000000ca400000, 0x00000000ca400000|100%| E|CS|TAMS 0x00000000ca300000, 0x00000000ca300000| Complete 
| 164|0x00000000ca400000, 0x00000000ca500000, 0x00000000ca500000|100%| E|CS|TAMS 0x00000000ca400000, 0x00000000ca400000| Complete 
| 165|0x00000000ca500000, 0x00000000ca600000, 0x00000000ca600000|100%| E|CS|TAMS 0x00000000ca500000, 0x00000000ca500000| Complete 
| 166|0x00000000ca600000, 0x00000000ca700000, 0x00000000ca700000|100%| E|CS|TAMS 0x00000000ca600000, 0x00000000ca600000| Complete 
| 167|0x00000000ca700000, 0x00000000ca800000, 0x00000000ca800000|100%| E|CS|TAMS 0x00000000ca700000, 0x00000000ca700000| Complete 
| 168|0x00000000ca800000, 0x00000000ca900000, 0x00000000ca900000|100%| E|CS|TAMS 0x00000000ca800000, 0x00000000ca800000| Complete 
| 169|0x00000000ca900000, 0x00000000caa00000, 0x00000000caa00000|100%| E|CS|TAMS 0x00000000ca900000, 0x00000000ca900000| Complete 
| 170|0x00000000caa00000, 0x00000000cab00000, 0x00000000cab00000|100%| E|CS|TAMS 0x00000000caa00000, 0x00000000caa00000| Complete 

Card table byte_map: [0x0000024b255a0000,0x0000024b257a0000] _byte_map_base: 0x0000024b24fa0000

Marking Bits (Prev, Next): (CMBitMap*) 0x0000024b0c990ad0, (CMBitMap*) 0x0000024b0c990a90
 Prev Bits: [0x0000024b269a0000, 0x0000024b279a0000)
 Next Bits: [0x0000024b259a0000, 0x0000024b269a0000)

Polling page: 0x0000024b0ca00000

Metaspace:

Usage:
  Non-class:     11.94 MB used.
      Class:    919.25 KB used.
       Both:     12.84 MB used.

Virtual space:
  Non-class space:       64.00 MB reserved,      12.06 MB ( 19%) committed,  1 nodes.
      Class space:        1.00 GB reserved,       1.00 MB ( <1%) committed,  1 nodes.
             Both:        1.06 GB reserved,      13.06 MB (  1%) committed. 

Chunk freelists:
   Non-Class:  3.70 MB
       Class:  14.91 MB
        Both:  18.61 MB

MaxMetaspaceSize: unlimited
CompressedClassSpaceSize: 1.00 GB
Initial GC threshold: 21.00 MB
Current GC threshold: 21.38 MB
CDS: on
MetaspaceReclaimPolicy: balanced
 - commit_granule_bytes: 65536.
 - commit_granule_words: 8192.
 - virtual_space_node_default_size: 8388608.
 - enlarge_chunks_in_place: 1.
 - new_chunks_are_fully_committed: 0.
 - uncommit_free_chunks: 1.
 - use_allocation_guard: 0.
 - handle_deallocations: 1.


Internal statistics:

num_allocs_failed_limit: 0.
num_arena_births: 106.
num_arena_deaths: 0.
num_vsnodes_births: 2.
num_vsnodes_deaths: 0.
num_space_committed: 205.
num_space_uncommitted: 0.
num_chunks_returned_to_freelist: 0.
num_chunks_taken_from_freelist: 391.
num_chunk_merges: 0.
num_chunk_splits: 305.
num_chunks_enlarged: 244.
num_inconsistent_stats: 0.

CodeHeap 'non-profiled nmethods': size=120000Kb used=923Kb max_used=923Kb free=119077Kb
 bounds [0x0000024b1d400000, 0x0000024b1d670000, 0x0000024b24930000]
CodeHeap 'profiled nmethods': size=120000Kb used=3277Kb max_used=3277Kb free=116722Kb
 bounds [0x0000024b15930000, 0x0000024b15c70000, 0x0000024b1ce60000]
CodeHeap 'non-nmethods': size=5760Kb used=1613Kb max_used=1661Kb free=4146Kb
 bounds [0x0000024b1ce60000, 0x0000024b1d0d0000, 0x0000024b1d400000]
 total_blobs=2688 nmethods=1750 adapters=851
 compilation: enabled
              stopped_count=0, restarted_count=0
 full_count=0

Compilation events (20 events):
Event: 20.529 Thread 0x0000024b2a3a0bf0 1741       4       processing.opengl.PGraphicsOpenGL$IndexCache::addNew (29 bytes)
Event: 20.532 Thread 0x0000024b2a3a0bf0 nmethod 1741 0x0000024b1d4e1f90 code [0x0000024b1d4e2160, 0x0000024b1d4e2530]
Event: 20.757 Thread 0x0000024b2a3a0bf0 1742       4       processing.opengl.PShader::draw (42 bytes)
Event: 20.766 Thread 0x0000024b2a3a0bf0 nmethod 1742 0x0000024b1d4e2990 code [0x0000024b1d4e2ba0, 0x0000024b1d4e3968]
Event: 20.766 Thread 0x0000024b2a3a0bf0 1743       4       processing.opengl.PGL::drawElements (20 bytes)
Event: 20.770 Thread 0x0000024b2a3a0bf0 nmethod 1743 0x0000024b1d4e4710 code [0x0000024b1d4e48c0, 0x0000024b1d4e4ce8]
Event: 20.770 Thread 0x0000024b2a3a0bf0 1744       4       processing.opengl.PJOGL::drawElementsImpl (16 bytes)
Event: 20.775 Thread 0x0000024b2a3a0bf0 nmethod 1744 0x0000024b1d4e5290 code [0x0000024b1d4e5440, 0x0000024b1d4e5808]
Event: 20.775 Thread 0x0000024b2a3a0bf0 1745       4       jogamp.opengl.gl4.GL4bcImpl::glDrawElements (57 bytes)
Event: 20.778 Thread 0x0000024b2a3a0bf0 nmethod 1745 0x0000024b1d4e5d10 code [0x0000024b1d4e5ea0, 0x0000024b1d4e6248]
Event: 21.348 Thread 0x0000024b2a3a0bf0 1746       4       jogamp.common.util.locks.RecursiveLockImpl01Unfairish$SingleThreadSync::incrHoldCount (11 bytes)
Event: 21.348 Thread 0x0000024b2a3a0bf0 nmethod 1746 0x0000024b1d4e6610 code [0x0000024b1d4e6780, 0x0000024b1d4e67f8]
Event: 21.403 Thread 0x0000024b2a3a0bf0 1747       4       jogamp.common.util.locks.RecursiveLockImpl01Unfairish$SingleThreadSync::decrHoldCount (11 bytes)
Event: 21.403 Thread 0x0000024b2a3a0bf0 nmethod 1747 0x0000024b1d4e6910 code [0x0000024b1d4e6a80, 0x0000024b1d4e6af8]
Event: 21.628 Thread 0x0000024b2a3a3d60 1748       3       java.lang.AbstractStringBuilder::append (55 bytes)
Event: 21.628 Thread 0x0000024b2a3a3d60 nmethod 1748 0x0000024b15c62610 code [0x0000024b15c627e0, 0x0000024b15c62b18]
Event: 21.664 Thread 0x0000024b2a3a3d60 1749       3       jdk.internal.misc.Unsafe::getAndAddLong (27 bytes)
Event: 21.665 Thread 0x0000024b2a3a3d60 nmethod 1749 0x0000024b15c62c90 code [0x0000024b15c62e40, 0x0000024b15c63088]
Event: 21.665 Thread 0x0000024b2a3a3d60 1750       3       jdk.internal.misc.Unsafe::weakCompareAndSetLong (11 bytes)
Event: 21.665 Thread 0x0000024b2a3a3d60 nmethod 1750 0x0000024b15c63190 code [0x0000024b15c63320, 0x0000024b15c63458]

GC Heap History (20 events):
Event: 10.994 GC heap before
{Heap before GC invocations=25 (full 0):
 garbage-first heap   total 175104K, used 148648K [0x00000000c0000000, 0x0000000100000000)
  region size 1024K, 66 young (67584K), 2 survivors (2048K)
 Metaspace       used 12904K, committed 13120K, reserved 1114112K
  class space    used 915K, committed 1024K, reserved 1048576K
}
Event: 10.996 GC heap after
{Heap after GC invocations=26 (full 0):
 garbage-first heap   total 175104K, used 84660K [0x00000000c0000000, 0x0000000100000000)
  region size 1024K, 3 young (3072K), 3 survivors (3072K)
 Metaspace       used 12904K, committed 13120K, reserved 1114112K
  class space    used 915K, committed 1024K, reserved 1048576K
}
Event: 12.084 GC heap before
{Heap before GC invocations=26 (full 0):
 garbage-first heap   total 175104K, used 149172K [0x00000000c0000000, 0x0000000100000000)
  region size 1024K, 66 young (67584K), 3 survivors (3072K)
 Metaspace       used 12904K, committed 13120K, reserved 1114112K
  class space    used 915K, committed 1024K, reserved 1048576K
}
Event: 12.085 GC heap after
{Heap after GC invocations=27 (full 0):
 garbage-first heap   total 175104K, used 82678K [0x00000000c0000000, 0x0000000100000000)
  region size 1024K, 1 young (1024K), 1 survivors (1024K)
 Metaspace       used 12904K, committed 13120K, reserved 1114112K
  class space    used 915K, committed 1024K, reserved 1048576K
}
Event: 13.215 GC heap before
{Heap before GC invocations=28 (full 0):
 garbage-first heap   total 175104K, used 150262K [0x00000000c0000000, 0x0000000100000000)
  region size 1024K, 67 young (68608K), 1 survivors (1024K)
 Metaspace       used 12919K, committed 13120K, reserved 1114112K
  class space    used 915K, committed 1024K, reserved 1048576K
}
Event: 13.216 GC heap after
{Heap after GC invocations=29 (full 0):
 garbage-first heap   total 175104K, used 83044K [0x00000000c0000000, 0x0000000100000000)
  region size 1024K, 2 young (2048K), 2 survivors (2048K)
 Metaspace       used 12919K, committed 13120K, reserved 1114112K
  class space    used 915K, committed 1024K, reserved 1048576K
}
Event: 14.279 GC heap before
{Heap before GC invocations=29 (full 0):
 garbage-first heap   total 175104K, used 149604K [0x00000000c0000000, 0x0000000100000000)
  region size 1024K, 67 young (68608K), 2 survivors (2048K)
 Metaspace       used 12919K, committed 13120K, reserved 1114112K
  class space    used 915K, committed 1024K, reserved 1048576K
}
Event: 14.281 GC heap after
{Heap after GC invocations=30 (full 0):
 garbage-first heap   total 175104K, used 84721K [0x00000000c0000000, 0x0000000100000000)
  region size 1024K, 3 young (3072K), 3 survivors (3072K)
 Metaspace       used 12919K, committed 13120K, reserved 1114112K
  class space    used 915K, committed 1024K, reserved 1048576K
}
Event: 15.380 GC heap before
{Heap before GC invocations=31 (full 0):
 garbage-first heap   total 175104K, used 150257K [0x00000000c0000000, 0x0000000100000000)
  region size 1024K, 67 young (68608K), 3 survivors (3072K)
 Metaspace       used 12926K, committed 13120K, reserved 1114112K
  class space    used 915K, committed 1024K, reserved 1048576K
}
Event: 15.382 GC heap after
{Heap after GC invocations=32 (full 0):
 garbage-first heap   total 175104K, used 83787K [0x00000000c0000000, 0x0000000100000000)
  region size 1024K, 2 young (2048K), 2 survivors (2048K)
 Metaspace       used 12926K, committed 13120K, reserved 1114112K
  class space    used 915K, committed 1024K, reserved 1048576K
}
Event: 16.516 GC heap before
{Heap before GC invocations=32 (full 0):
 garbage-first heap   total 175104K, used 150347K [0x00000000c0000000, 0x0000000100000000)
  region size 1024K, 67 young (68608K), 2 survivors (2048K)
 Metaspace       used 12992K, committed 13184K, reserved 1114112K
  class space    used 915K, committed 1024K, reserved 1048576K
}
Event: 16.518 GC heap after
{Heap after GC invocations=33 (full 0):
 garbage-first heap   total 175104K, used 83619K [0x00000000c0000000, 0x0000000100000000)
  region size 1024K, 2 young (2048K), 2 survivors (2048K)
 Metaspace       used 12992K, committed 13184K, reserved 1114112K
  class space    used 915K, committed 1024K, reserved 1048576K
}
Event: 17.648 GC heap before
{Heap before GC invocations=34 (full 0):
 garbage-first heap   total 175104K, used 150179K [0x00000000c0000000, 0x0000000100000000)
  region size 1024K, 67 young (68608K), 2 survivors (2048K)
 Metaspace       used 13099K, committed 13248K, reserved 1114112K
  class space    used 915K, committed 1024K, reserved 1048576K
}
Event: 17.649 GC heap after
{Heap after GC invocations=35 (full 0):
 garbage-first heap   total 175104K, used 83103K [0x00000000c0000000, 0x0000000100000000)
  region size 1024K, 2 young (2048K), 2 survivors (2048K)
 Metaspace       used 13099K, committed 13248K, reserved 1114112K
  class space    used 915K, committed 1024K, reserved 1048576K
}
Event: 18.776 GC heap before
{Heap before GC invocations=35 (full 0):
 garbage-first heap   total 175104K, used 150687K [0x00000000c0000000, 0x0000000100000000)
  region size 1024K, 68 young (69632K), 2 survivors (2048K)
 Metaspace       used 13099K, committed 13248K, reserved 1114112K
  class space    used 915K, committed 1024K, reserved 1048576K
}
Event: 18.777 GC heap after
{Heap after GC invocations=36 (full 0):
 garbage-first heap   total 175104K, used 82621K [0x00000000c0000000, 0x0000000100000000)
  region size 1024K, 1 young (1024K), 1 survivors (1024K)
 Metaspace       used 13099K, committed 13248K, reserved 1114112K
  class space    used 915K, committed 1024K, reserved 1048576K
}
Event: 19.890 GC heap before
{Heap before GC invocations=37 (full 0):
 garbage-first heap   total 175104K, used 151229K [0x00000000c0000000, 0x0000000100000000)
  region size 1024K, 68 young (69632K), 1 survivors (1024K)
 Metaspace       used 13099K, committed 13248K, reserved 1114112K
  class space    used 915K, committed 1024K, reserved 1048576K
}
Event: 19.892 GC heap after
{Heap after GC invocations=38 (full 0):
 garbage-first heap   total 175104K, used 83950K [0x00000000c0000000, 0x0000000100000000)
  region size 1024K, 3 young (3072K), 3 survivors (3072K)
 Metaspace       used 13099K, committed 13248K, reserved 1114112K
  class space    used 915K, committed 1024K, reserved 1048576K
}
Event: 20.989 GC heap before
{Heap before GC invocations=38 (full 0):
 garbage-first heap   total 175104K, used 150510K [0x00000000c0000000, 0x0000000100000000)
  region size 1024K, 68 young (69632K), 3 survivors (3072K)
 Metaspace       used 13100K, committed 13248K, reserved 1114112K
  class space    used 915K, committed 1024K, reserved 1048576K
}
Event: 20.990 GC heap after
{Heap after GC invocations=39 (full 0):
 garbage-first heap   total 175104K, used 83906K [0x00000000c0000000, 0x0000000100000000)
  region size 1024K, 3 young (3072K), 3 survivors (3072K)
 Metaspace       used 13100K, committed 13248K, reserved 1114112K
  class space    used 915K, committed 1024K, reserved 1048576K
}

Dll operation events (14 events):
Event: 0.012 Loaded shared library C:\Program Files\Processing\app\resources\jdk-17.0.14+7\bin\java.dll
Event: 0.027 Loaded shared library C:\Program Files\Processing\app\resources\jdk-17.0.14+7\bin\jsvml.dll
Event: 0.082 Loaded shared library C:\Program Files\Processing\app\resources\jdk-17.0.14+7\bin\net.dll
Event: 0.083 Loaded shared library C:\Program Files\Processing\app\resources\jdk-17.0.14+7\bin\nio.dll
Event: 0.086 Loaded shared library C:\Program Files\Processing\app\resources\jdk-17.0.14+7\bin\zip.dll
Event: 0.144 Loaded shared library C:\Program Files\Processing\app\resources\jdk-17.0.14+7\bin\jimage.dll
Event: 0.148 Loaded shared library C:\Program Files\Processing\app\resources\jdk-17.0.14+7\bin\awt.dll
Event: 0.613 Loaded shared library C:\Users\danil\AppData\Local\Temp\jogamp_0000\file_cache\jln12189589585970386282\jln13004005557232174748\natives\windows-amd64\gluegen_rt.dll
Event: 0.622 Loaded shared library C:\Program Files\Processing\app\resources\jdk-17.0.14+7\bin\jawt.dll
Event: 0.638 Loaded shared library C:\Users\danil\AppData\Local\Temp\jogamp_0000\file_cache\jln12189589585970386282\jln13004005557232174748\natives\windows-amd64\nativewindow_awt.dll
Event: 0.682 Loaded shared library C:\Users\danil\AppData\Local\Temp\jogamp_0000\file_cache\jln12189589585970386282\jln13004005557232174748\natives\windows-amd64\nativewindow_win32.dll
Event: 0.800 Loaded shared library C:\Users\danil\AppData\Local\Temp\jogamp_0000\file_cache\jln12189589585970386282\jln13004005557232174748\natives\windows-amd64\jogl_desktop.dll
Event: 1.034 Loaded shared library C:\Users\danil\AppData\Local\Temp\jogamp_0000\file_cache\jln12189589585970386282\jln13004005557232174748\natives\windows-amd64\jogl_mobile.dll
Event: 1.975 Loaded shared library C:\Users\danil\AppData\Local\Temp\jogamp_0000\file_cache\jln12189589585970386282\jln13004005557232174748\natives\windows-amd64\newt_head.dll

Deoptimization events (20 events):
Event: 21.514 Thread 0x0000024b71d4a1f0 DEOPT PACKING pc=0x0000024b15c05641 sp=0x000000ce94cfedf0
Event: 21.514 Thread 0x0000024b71d4a1f0 DEOPT UNPACKING pc=0x0000024b1cebace3 sp=0x000000ce94cfe2e0 mode 1
Event: 21.514 Thread 0x0000024b71d4a1f0 DEOPT PACKING pc=0x0000024b15c02ff4 sp=0x000000ce94cfee80
Event: 21.514 Thread 0x0000024b71d4a1f0 DEOPT UNPACKING pc=0x0000024b1cebace3 sp=0x000000ce94cfe328 mode 1
Event: 21.514 Thread 0x0000024b71d4a1f0 DEOPT PACKING pc=0x0000024b15c05641 sp=0x000000ce94cfee70
Event: 21.514 Thread 0x0000024b71d4a1f0 DEOPT UNPACKING pc=0x0000024b1cebace3 sp=0x000000ce94cfe360 mode 1
Event: 21.514 Thread 0x0000024b71d4a1f0 DEOPT PACKING pc=0x0000024b15c02ff4 sp=0x000000ce94cfef00
Event: 21.514 Thread 0x0000024b71d4a1f0 DEOPT UNPACKING pc=0x0000024b1cebace3 sp=0x000000ce94cfe3b8 mode 1
Event: 21.571 Thread 0x0000024b71d4a1f0 DEOPT PACKING pc=0x0000024b15c05641 sp=0x000000ce94cfedf0
Event: 21.571 Thread 0x0000024b71d4a1f0 DEOPT UNPACKING pc=0x0000024b1cebace3 sp=0x000000ce94cfe2e0 mode 1
Event: 21.571 Thread 0x0000024b71d4a1f0 DEOPT PACKING pc=0x0000024b15c02ff4 sp=0x000000ce94cfee80
Event: 21.571 Thread 0x0000024b71d4a1f0 DEOPT UNPACKING pc=0x0000024b1cebace3 sp=0x000000ce94cfe328 mode 1
Event: 21.571 Thread 0x0000024b71d4a1f0 DEOPT PACKING pc=0x0000024b15c05641 sp=0x000000ce94cfee70
Event: 21.571 Thread 0x0000024b71d4a1f0 DEOPT UNPACKING pc=0x0000024b1cebace3 sp=0x000000ce94cfe360 mode 1
Event: 21.571 Thread 0x0000024b71d4a1f0 DEOPT PACKING pc=0x0000024b15c02ff4 sp=0x000000ce94cfef00
Event: 21.571 Thread 0x0000024b71d4a1f0 DEOPT UNPACKING pc=0x0000024b1cebace3 sp=0x000000ce94cfe3b8 mode 1
Event: 21.658 Thread 0x0000024b705b7c60 Uncommon trap: trap_request=0xffffff45 fr.pc=0x0000024b1d4bb170 relative=0x00000000000000f0
Event: 21.658 Thread 0x0000024b705b7c60 Uncommon trap: reason=unstable_if action=reinterpret pc=0x0000024b1d4bb170 method=com.jogamp.common.util.IntIntHashMap.put(II)I @ 21 c2
Event: 21.658 Thread 0x0000024b705b7c60 DEOPT PACKING pc=0x0000024b1d4bb170 sp=0x000000ce93cff220
Event: 21.658 Thread 0x0000024b705b7c60 DEOPT UNPACKING pc=0x0000024b1ceba1a3 sp=0x000000ce93cff188 mode 2

Classes loaded (20 events):
Event: 2.209 Loading class java/util/concurrent/locks/AbstractQueuedSynchronizer$ExclusiveNode
Event: 2.209 Loading class java/util/concurrent/locks/AbstractQueuedSynchronizer$ExclusiveNode done
Event: 2.365 Loading class sun/nio/cs/StreamDecoder
Event: 2.365 Loading class sun/nio/cs/StreamDecoder done
Event: 2.366 Loading class java/util/regex/Pattern$LookBehindEndNode
Event: 2.366 Loading class java/util/regex/Pattern$LookBehindEndNode done
Event: 2.366 Loading class java/util/regex/Pattern$NotBehind
Event: 2.366 Loading class java/util/regex/Pattern$NotBehind done
Event: 2.366 Loading class java/util/regex/Pattern$Neg
Event: 2.366 Loading class java/util/regex/Pattern$Neg done
Event: 2.366 Loading class java/util/regex/Pattern$Pos
Event: 2.366 Loading class java/util/regex/Pattern$Pos done
Event: 2.377 Loading class java/util/regex/Pattern$SliceS
Event: 2.377 Loading class java/util/regex/Pattern$SliceS done
Event: 2.684 Loading class sun/awt/AppContext$PostShutdownEventRunnable
Event: 2.684 Loading class sun/awt/AppContext$PostShutdownEventRunnable done
Event: 2.684 Loading class sun/awt/AWTAutoShutdown$1
Event: 2.684 Loading class sun/awt/AWTAutoShutdown$1 done
Event: 21.627 Loading class java/nio/channels/ClosedChannelException
Event: 21.628 Loading class java/nio/channels/ClosedChannelException done

Classes unloaded (0 events):
No events

Classes redefined (0 events):
No events

Internal exceptions (20 events):
Event: 0.128 Thread 0x0000024b0c94cad0 Exception <a 'java/lang/NoSuchMethodError'{0x00000000c3ce6b18}: 'void java.lang.invoke.DirectMethodHandle$Holder.invokeStatic(java.lang.Object, java.lang.Object, java.lang.Object)'> (0x00000000c3ce6b18) 
thrown [s\src\hotspot\share\interpreter\linkResolver.cpp, line 759]
Event: 0.138 Thread 0x0000024b0c94cad0 Exception <a 'java/lang/ClassNotFoundException'{0x00000000c3b0dd58}: sun/awt/resources/spi/awtProvider> (0x00000000c3b0dd58) 
thrown [s\src\hotspot\share\classfile\systemDictionary.cpp, line 256]
Event: 0.157 Thread 0x0000024b0c94cad0 Exception <a 'java/io/FileNotFoundException'{0x00000000c3b63698}> (0x00000000c3b63698) 
thrown [s\src\hotspot\share\prims\jni.cpp, line 516]
Event: 0.163 Thread 0x0000024b0c94cad0 Exception <a 'java/io/FileNotFoundException'{0x00000000c3b90af0}> (0x00000000c3b90af0) 
thrown [s\src\hotspot\share\prims\jni.cpp, line 516]
Event: 0.204 Thread 0x0000024b0c94cad0 Exception <a 'java/lang/NoSuchMethodError'{0x00000000c3a3e548}: 'java.lang.Object java.lang.invoke.DirectMethodHandle$Holder.invokeStaticInit(java.lang.Object)'> (0x00000000c3a3e548) 
thrown [s\src\hotspot\share\interpreter\linkResolver.cpp, line 759]
Event: 0.341 Thread 0x0000024b0c94cad0 Exception <a 'java/lang/NoSuchMethodError'{0x00000000c364c2d0}: 'java.lang.Object java.lang.invoke.DirectMethodHandle$Holder.invokeStaticInit(java.lang.Object, int, int, int, int)'> (0x00000000c364c2d0) 
thrown [s\src\hotspot\share\interpreter\linkResolver.cpp, line 759]
Event: 0.406 Thread 0x0000024b0c94cad0 Exception <a 'java/lang/NoSuchMethodError'{0x00000000c35350a8}: 'java.lang.Object java.lang.invoke.DirectMethodHandle$Holder.invokeStaticInit(java.lang.Object, java.lang.Object, int, int, int, int)'> (0x00000000c35350a8) 
thrown [s\src\hotspot\share\interpreter\linkResolver.cpp, line 759]
Event: 0.457 Thread 0x0000024b0c94cad0 Exception <a 'java/lang/NoSuchMethodError'{0x00000000c35407f8}: 'void java.lang.invoke.DirectMethodHandle$Holder.invokeStatic(java.lang.Object, long)'> (0x00000000c35407f8) 
thrown [s\src\hotspot\share\interpreter\linkResolver.cpp, line 759]
Event: 0.458 Thread 0x0000024b0c94cad0 Exception <a 'java/lang/NoSuchMethodError'{0x00000000c3545dd8}: 'java.lang.Object java.lang.invoke.DirectMethodHandle$Holder.newInvokeSpecial(java.lang.Object, long)'> (0x00000000c3545dd8) 
thrown [s\src\hotspot\share\interpreter\linkResolver.cpp, line 759]
Event: 0.460 Thread 0x0000024b0c94cad0 Exception <a 'java/lang/NoSuchMethodError'{0x00000000c35505f0}: 'java.lang.Object java.lang.invoke.DirectMethodHandle$Holder.invokeStaticInit(java.lang.Object, java.lang.Object, long, java.lang.Object)'> (0x00000000c35505f0) 
thrown [s\src\hotspot\share\interpreter\linkResolver.cpp, line 759]
Event: 0.461 Thread 0x0000024b0c94cad0 Exception <a 'java/lang/NoSuchMethodError'{0x00000000c3556bb0}: 'java.lang.Object java.lang.invoke.DirectMethodHandle$Holder.newInvokeSpecial(java.lang.Object, java.lang.Object, long)'> (0x00000000c3556bb0) 
thrown [s\src\hotspot\share\interpreter\linkResolver.cpp, line 759]
Event: 0.462 Thread 0x0000024b0c94cad0 Exception <a 'java/lang/NoSuchMethodError'{0x00000000c355a720}: 'java.lang.Object java.lang.invoke.Invokers$Holder.linkToTargetMethod(java.lang.Object, long, java.lang.Object)'> (0x00000000c355a720) 
thrown [s\src\hotspot\share\interpreter\linkResolver.cpp, line 759]
Event: 0.652 Thread 0x0000024b0c94cad0 Exception <a 'java/lang/NoSuchMethodError'{0x00000000c34ca010}: 'java.lang.Object java.lang.invoke.DirectMethodHandle$Holder.invokeInterface(java.lang.Object, java.lang.Object)'> (0x00000000c34ca010) 
thrown [s\src\hotspot\share\interpreter\linkResolver.cpp, line 759]
Event: 0.652 Thread 0x0000024b0c94cad0 Exception <a 'java/lang/IncompatibleClassChangeError'{0x00000000c34cd930}: Found class java.lang.Object, but interface was expected> (0x00000000c34cd930) 
thrown [s\src\hotspot\share\interpreter\linkResolver.cpp, line 826]
Event: 2.080 Thread 0x0000024b0c94cad0 Exception <a 'java/lang/NoSuchMethodError'{0x00000000c334c418}: 'void java.lang.invoke.DirectMethodHandle$Holder.invokeSpecial(java.lang.Object, java.lang.Object, java.lang.Object, java.lang.Object, java.lang.Object)'> (0x00000000c334c418) 
thrown [s\src\hotspot\share\interpreter\linkResolver.cpp, line 759]
Event: 2.081 Thread 0x0000024b0c94cad0 Exception <a 'java/lang/NoSuchMethodError'{0x00000000c33553a8}: 'void java.lang.invoke.DirectMethodHandle$Holder.invokeSpecial(java.lang.Object, java.lang.Object, java.lang.Object)'> (0x00000000c33553a8) 
thrown [s\src\hotspot\share\interpreter\linkResolver.cpp, line 759]
Event: 2.082 Thread 0x0000024b0c94cad0 Exception <a 'java/lang/NoSuchMethodError'{0x00000000c335b6d8}: 'void java.lang.invoke.DirectMethodHandle$Holder.invokeSpecial(java.lang.Object, java.lang.Object, int)'> (0x00000000c335b6d8) 
thrown [s\src\hotspot\share\interpreter\linkResolver.cpp, line 759]
Event: 2.083 Thread 0x0000024b0c94cad0 Exception <a 'java/lang/NoSuchMethodError'{0x00000000c33616f0}: 'java.lang.Object java.lang.invoke.DirectMethodHandle$Holder.newInvokeSpecial(java.lang.Object, java.lang.Object, int)'> (0x00000000c33616f0) 
thrown [s\src\hotspot\share\interpreter\linkResolver.cpp, line 759]
Event: 21.626 Thread 0x0000024b71d48db0 Exception <a 'java/lang/InterruptedException'{0x00000000c8800000}> (0x00000000c8800000) 
thrown [s\src\hotspot\share\runtime\objectMonitor.cpp, line 1658]
Event: 21.658 Thread 0x0000024b705b7c60 Implicit null exception at 0x0000024b1d4bb0c4 to 0x0000024b1d4bb14c

VM Operations (20 events):
Event: 16.530 Executing VM operation: G1PauseCleanup done
Event: 17.530 Executing VM operation: Cleanup
Event: 17.531 Executing VM operation: Cleanup done
Event: 17.648 Executing VM operation: G1CollectForAllocation
Event: 17.649 Executing VM operation: G1CollectForAllocation done
Event: 18.776 Executing VM operation: G1CollectForAllocation
Event: 18.777 Executing VM operation: G1CollectForAllocation done
Event: 18.787 Executing VM operation: G1PauseRemark
Event: 18.788 Executing VM operation: G1PauseRemark done
Event: 18.791 Executing VM operation: G1PauseCleanup
Event: 18.791 Executing VM operation: G1PauseCleanup done
Event: 19.890 Executing VM operation: G1CollectForAllocation
Event: 19.892 Executing VM operation: G1CollectForAllocation done
Event: 20.988 Executing VM operation: G1CollectForAllocation
Event: 20.990 Executing VM operation: G1CollectForAllocation done
Event: 20.998 Executing VM operation: G1PauseRemark
Event: 20.999 Executing VM operation: G1PauseRemark done
Event: 21.002 Executing VM operation: G1PauseCleanup
Event: 21.002 Executing VM operation: G1PauseCleanup done
Event: 21.729 Executing VM operation: Exit

Memory protections (0 events):
No events

Nmethod flushes (0 events):
No events

Events (20 events):
Event: 2.684 Thread 0x0000024b70289040 Thread exited: 0x0000024b70289040
Event: 2.706 Thread 0x0000024b71d39810 Thread exited: 0x0000024b71d39810
Event: 9.902 Thread 0x0000024b7004f7b0 Thread added: 0x0000024b02875630
Event: 10.911 Thread 0x0000024b02875630 Thread exited: 0x0000024b02875630
Event: 18.127 Thread 0x0000024b7004f7b0 Thread added: 0x0000024b02875630
Event: 19.144 Thread 0x0000024b02875630 Thread exited: 0x0000024b02875630
Event: 21.626 Thread 0x0000024b71d4a1f0 Thread added: 0x0000024b02875630
Event: 21.626 Thread 0x0000024b71d4a1f0 Thread added: 0x0000024b02871e80
Event: 21.627 Thread 0x0000024b71d4a1f0 Thread added: 0x0000024b02875b40
Event: 21.627 Thread 0x0000024b71d48db0 Thread exited: 0x0000024b71d48db0
Event: 21.627 Thread 0x0000024b7004f7b0 Thread added: 0x0000024b02872390
Event: 21.628 Thread 0x0000024b02875b40 Thread exited: 0x0000024b02875b40
Event: 21.628 Thread 0x0000024b719b6980 Thread exited: 0x0000024b719b6980
Event: 21.629 Thread 0x0000024b7004f7b0 Thread exited: 0x0000024b7004f7b0
Event: 21.660 Thread 0x0000024b705b7c60 Thread exited: 0x0000024b705b7c60
Event: 21.665 Thread 0x0000024b02875630 Thread exited: 0x0000024b02875630
Event: 21.728 Thread 0x0000024b02871e80 Thread exited: 0x0000024b02871e80
Event: 21.728 Thread 0x0000024b71d4a1f0 Before exit entered
Event: 21.729 Thread 0x0000024b2a6375d0 Thread exited: 0x0000024b2a6375d0
Event: 21.729 Thread 0x0000024b2a395cc0 Thread exited: 0x0000024b2a395cc0


Dynamic libraries:
0x00007ff705240000 - 0x00007ff70524e000 	C:\Program Files\Processing\app\resources\jdk-17.0.14+7\bin\java.exe
0x00007ffe8d7a0000 - 0x00007ffe8da07000 	C:\WINDOWS\SYSTEM32\ntdll.dll
0x00007ffe8bad0000 - 0x00007ffe8bb99000 	C:\WINDOWS\System32\KERNEL32.DLL
0x00007ffe8afe0000 - 0x00007ffe8b3d7000 	C:\WINDOWS\System32\KERNELBASE.dll
0x00007ffe8ac60000 - 0x00007ffe8adab000 	C:\WINDOWS\System32\ucrtbase.dll
0x00007ffe879c0000 - 0x00007ffe879de000 	C:\Program Files\Processing\app\resources\jdk-17.0.14+7\bin\VCRUNTIME140.dll
0x00007ffe878f0000 - 0x00007ffe87907000 	C:\Program Files\Processing\app\resources\jdk-17.0.14+7\bin\jli.dll
0x00007ffe8b720000 - 0x00007ffe8b8e6000 	C:\WINDOWS\System32\USER32.dll
0x00007ffe8a290000 - 0x00007ffe8a2b7000 	C:\WINDOWS\System32\win32u.dll
0x00007ffe73250000 - 0x00007ffe734e2000 	C:\WINDOWS\WinSxS\amd64_microsoft.windows.common-controls_6595b64144ccf1df_6.0.26100.8457_none_3e0b2faee331e92d\COMCTL32.dll
0x00007ffe8b960000 - 0x00007ffe8ba09000 	C:\WINDOWS\System32\msvcrt.dll
0x00007ffe8d080000 - 0x00007ffe8d0ab000 	C:\WINDOWS\System32\GDI32.dll
0x00007ffe8a2c0000 - 0x00007ffe8a3ec000 	C:\WINDOWS\System32\gdi32full.dll
0x00007ffe8b470000 - 0x00007ffe8b513000 	C:\WINDOWS\System32\msvcp_win.dll
0x00007ffe8d720000 - 0x00007ffe8d752000 	C:\WINDOWS\System32\IMM32.DLL
0x00007ffe85b30000 - 0x00007ffe85b3c000 	C:\Program Files\Processing\app\resources\jdk-17.0.14+7\bin\vcruntime140_1.dll
0x00007ffe63cf0000 - 0x00007ffe63d7d000 	C:\Program Files\Processing\app\resources\jdk-17.0.14+7\bin\msvcp140.dll
0x00007ffdf50b0000 - 0x00007ffdf5d1b000 	C:\Program Files\Processing\app\resources\jdk-17.0.14+7\bin\server\jvm.dll
0x00007ffe8ba10000 - 0x00007ffe8bac6000 	C:\WINDOWS\System32\ADVAPI32.dll
0x00007ffe8d0f0000 - 0x00007ffe8d197000 	C:\WINDOWS\System32\sechost.dll
0x00007ffe8b520000 - 0x00007ffe8b638000 	C:\WINDOWS\System32\RPCRT4.dll
0x00007ffe8b640000 - 0x00007ffe8b6c0000 	C:\WINDOWS\System32\WS2_32.dll
0x00007ffe8a030000 - 0x00007ffe8a08e000 	C:\WINDOWS\SYSTEM32\POWRPROF.dll
0x00007ffe73640000 - 0x00007ffe73676000 	C:\WINDOWS\SYSTEM32\WINMM.dll
0x00007ffe810b0000 - 0x00007ffe810bb000 	C:\WINDOWS\SYSTEM32\VERSION.dll
0x00007ffe8a010000 - 0x00007ffe8a024000 	C:\WINDOWS\SYSTEM32\UMPDC.dll
0x00007ffe88f60000 - 0x00007ffe88f7b000 	C:\WINDOWS\SYSTEM32\kernel.appcore.dll
0x00007ffe85b20000 - 0x00007ffe85b2a000 	C:\Program Files\Processing\app\resources\jdk-17.0.14+7\bin\jimage.dll
0x00007ffe74060000 - 0x00007ffe742a2000 	C:\WINDOWS\SYSTEM32\DBGHELP.DLL
0x00007ffe8d390000 - 0x00007ffe8d713000 	C:\WINDOWS\System32\combase.dll
0x00007ffe8c8d0000 - 0x00007ffe8c9a9000 	C:\WINDOWS\System32\OLEAUT32.dll
0x00007ffe7b860000 - 0x00007ffe7b89b000 	C:\WINDOWS\SYSTEM32\dbgcore.DLL
0x00007ffe8adb0000 - 0x00007ffe8ae58000 	C:\WINDOWS\System32\bcryptPrimitives.dll
0x00007ffe85ae0000 - 0x00007ffe85b1b000 	C:\Program Files\Processing\app\resources\jdk-17.0.14+7\bin\jdwp.dll
0x00007ffe7be50000 - 0x00007ffe7be75000 	C:\Program Files\Processing\app\resources\jdk-17.0.14+7\bin\java.dll
0x00007ffe5ef00000 - 0x00007ffe5efd7000 	C:\Program Files\Processing\app\resources\jdk-17.0.14+7\bin\jsvml.dll
0x00007ffe8bca0000 - 0x00007ffe8c40e000 	C:\WINDOWS\System32\SHELL32.dll
0x00007ffe8a3f0000 - 0x00007ffe8ac5c000 	C:\WINDOWS\System32\windows.storage.dll
0x00007ffe8bba0000 - 0x00007ffe8bc96000 	C:\WINDOWS\System32\SHCORE.dll
0x00007ffe8b8f0000 - 0x00007ffe8b956000 	C:\WINDOWS\System32\shlwapi.dll
0x00007ffe8a0f0000 - 0x00007ffe8a119000 	C:\WINDOWS\SYSTEM32\profapi.dll
0x00007ffe85ad0000 - 0x00007ffe85adc000 	C:\Program Files\Processing\app\resources\jdk-17.0.14+7\bin\dt_socket.dll
0x00007ffe889a0000 - 0x00007ffe889d2000 	C:\WINDOWS\SYSTEM32\IPHLPAPI.DLL
0x00007ffe894d0000 - 0x00007ffe8953c000 	C:\WINDOWS\system32\mswsock.dll
0x00007ffe85a90000 - 0x00007ffe85aa9000 	C:\Program Files\Processing\app\resources\jdk-17.0.14+7\bin\net.dll
0x00007ffe843f0000 - 0x00007ffe84519000 	C:\WINDOWS\SYSTEM32\WINHTTP.dll
0x00007ffe85860000 - 0x00007ffe85876000 	C:\Program Files\Processing\app\resources\jdk-17.0.14+7\bin\nio.dll
0x00007ffe80870000 - 0x00007ffe80888000 	C:\Program Files\Processing\app\resources\jdk-17.0.14+7\bin\zip.dll
0x00007ffe5e560000 - 0x00007ffe5e6f0000 	C:\Program Files\Processing\app\resources\jdk-17.0.14+7\bin\awt.dll
0x00007ffe87a00000 - 0x00007ffe87aa0000 	C:\WINDOWS\SYSTEM32\apphelp.dll
0x00007ffe87d80000 - 0x00007ffe87e2a000 	C:\WINDOWS\system32\uxtheme.dll
0x00007ffe8d1a0000 - 0x00007ffe8d2fc000 	C:\WINDOWS\System32\MSCTF.dll
0x00007ffe8c430000 - 0x00007ffe8c5c7000 	C:\WINDOWS\System32\ole32.dll
0x00007ffe87f20000 - 0x00007ffe87f4f000 	C:\WINDOWS\system32\DWMAPI.DLL
0x00007ffe40100000 - 0x00007ffe4020f000 	C:\WINDOWS\system32\opengl32.dll
0x00007ffe429d0000 - 0x00007ffe429fd000 	C:\WINDOWS\SYSTEM32\GLU32.dll
0x00007ffe87eb0000 - 0x00007ffe87ef5000 	C:\WINDOWS\SYSTEM32\dxcore.dll
0x00007ffe897b0000 - 0x00007ffe897cb000 	C:\WINDOWS\SYSTEM32\CRYPTSP.dll
0x00007ffe88ec0000 - 0x00007ffe88ef9000 	C:\WINDOWS\system32\rsaenh.dll
0x00007ffe89580000 - 0x00007ffe895b3000 	C:\WINDOWS\SYSTEM32\USERENV.dll
0x00007ffe8a0c0000 - 0x00007ffe8a0ea000 	C:\WINDOWS\SYSTEM32\bcrypt.dll
0x00007ffe897d0000 - 0x00007ffe897dc000 	C:\WINDOWS\SYSTEM32\CRYPTBASE.dll
0x00007ffe8c8c0000 - 0x00007ffe8c8ca000 	C:\WINDOWS\System32\NSI.dll
0x00007ffe84550000 - 0x00007ffe8456d000 	C:\WINDOWS\SYSTEM32\dhcpcsvc6.DLL
0x00007ffe84520000 - 0x00007ffe84545000 	C:\WINDOWS\SYSTEM32\dhcpcsvc.DLL
0x00007ffe88a40000 - 0x00007ffe88b72000 	C:\WINDOWS\SYSTEM32\DNSAPI.dll
0x00007ffe7b7e0000 - 0x00007ffe7b7f3000 	C:\Users\danil\AppData\Local\Temp\jogamp_0000\file_cache\jln12189589585970386282\jln13004005557232174748\natives\windows-amd64\gluegen_rt.dll
0x00007ffe7b7d0000 - 0x00007ffe7b7d7000 	C:\Program Files\Processing\app\resources\jdk-17.0.14+7\bin\jawt.dll
0x00007ffe7b7c0000 - 0x00007ffe7b7cd000 	C:\Users\danil\AppData\Local\Temp\jogamp_0000\file_cache\jln12189589585970386282\jln13004005557232174748\natives\windows-amd64\nativewindow_awt.dll
0x00007ffe7a340000 - 0x00007ffe7a355000 	C:\Users\danil\AppData\Local\Temp\jogamp_0000\file_cache\jln12189589585970386282\jln13004005557232174748\natives\windows-amd64\nativewindow_win32.dll
0x00007ffe5e400000 - 0x00007ffe5e483000 	C:\Users\danil\AppData\Local\Temp\jogamp_0000\file_cache\jln12189589585970386282\jln13004005557232174748\natives\windows-amd64\jogl_desktop.dll
0x00007ffe5e3a0000 - 0x00007ffe5e3f2000 	C:\Users\danil\AppData\Local\Temp\jogamp_0000\file_cache\jln12189589585970386282\jln13004005557232174748\natives\windows-amd64\jogl_mobile.dll
0x00007ffe841f0000 - 0x00007ffe84251000 	C:\WINDOWS\SYSTEM32\directxdatabasehelper.dll
0x00007ffe7b700000 - 0x00007ffe7b71d000 	C:\WINDOWS\SYSTEM32\windows.staterepositorycore.dll
0x00007ffdd8ad0000 - 0x00007ffdd9aa3000 	C:\WINDOWS\System32\DriverStore\FileRepository\iigd_dch.inf_amd64_225f37aa3862fc3f\igxelpicd64.dll
0x00007ffe87bd0000 - 0x00007ffe87d0e000 	C:\WINDOWS\system32\dxgi.dll
0x00007ffe59810000 - 0x00007ffe59c97000 	C:\WINDOWS\System32\DriverStore\FileRepository\iigd_dch.inf_amd64_225f37aa3862fc3f\igdml64.dll
0x00007ffe89d40000 - 0x00007ffe89d91000 	C:\WINDOWS\SYSTEM32\cfgmgr32.dll
0x00007ffe80b00000 - 0x00007ffe80ec1000 	C:\WINDOWS\System32\DriverStore\FileRepository\iigd_dch.inf_amd64_225f37aa3862fc3f\igdgmm64.dll
0x00007ffe7d5d0000 - 0x00007ffe807d6000 	C:\WINDOWS\System32\DriverStore\FileRepository\iigd_dch.inf_amd64_225f37aa3862fc3f\igc64.dll
0x00007ffe79250000 - 0x00007ffe79269000 	C:\Users\danil\AppData\Local\Temp\jogamp_0000\file_cache\jln12189589585970386282\jln13004005557232174748\natives\windows-amd64\newt_head.dll
0x00007ffe5e8e0000 - 0x00007ffe5e99f000 	C:\WINDOWS\SYSTEM32\mscms.dll
0x00007ffe1cd10000 - 0x00007ffe1cd59000 	C:\WINDOWS\SYSTEM32\icm32.dll
0x00007ffe8cbf0000 - 0x00007ffe8d077000 	C:\WINDOWS\System32\setupapi.dll
0x00007ffe89d10000 - 0x00007ffe89d3d000 	C:\WINDOWS\SYSTEM32\DEVOBJ.dll
0x00007ffe8b3e0000 - 0x00007ffe8b462000 	C:\WINDOWS\System32\WINTRUST.dll
0x00007ffe8ae60000 - 0x00007ffe8afd8000 	C:\WINDOWS\System32\CRYPT32.dll
0x00007ffe898e0000 - 0x00007ffe898f3000 	C:\WINDOWS\SYSTEM32\MSASN1.dll
0x00007ffe580f0000 - 0x00007ffe58236000 	C:\WINDOWS\SYSTEM32\textinputframework.dll
0x00007ffe87560000 - 0x00007ffe87687000 	C:\WINDOWS\SYSTEM32\CoreMessaging.dll
0x00007ffe83270000 - 0x00007ffe83552000 	C:\WINDOWS\SYSTEM32\CoreUIComponents.dll
0x00007ffe84e00000 - 0x00007ffe84f6a000 	C:\WINDOWS\SYSTEM32\wintypes.dll

dbghelp: loaded successfully - version: 4.0.5 - missing functions: none
symbol engine: initialized successfully - sym options: 0x614 - pdb path: .;C:\Program Files\Processing\app\resources\jdk-17.0.14+7\bin;C:\WINDOWS\SYSTEM32;C:\WINDOWS\WinSxS\amd64_microsoft.windows.common-controls_6595b64144ccf1df_6.0.26100.8457_none_3e0b2faee331e92d;C:\Program Files\Processing\app\resources\jdk-17.0.14+7\bin\server;C:\Users\danil\AppData\Local\Temp\jogamp_0000\file_cache\jln12189589585970386282\jln13004005557232174748\natives\windows-amd64;C:\WINDOWS\System32\DriverStore\FileRepository\iigd_dch.inf_amd64_225f37aa3862fc3f

VM Arguments:
jvm_args: -agentlib:jdwp=transport=dt_socket,address=8562,server=y,suspend=y,quiet=y -Xms64m -Xmx1024m -Djna.nosys=true -Djava.library.path=;C:\Program Files\Processing\app\resources\core\library;C:\Program Files\Processing;C:\WINDOWS\system32;C:\WINDOWS;C:\Program Files\PlasticSCM5\server;C:\Program Files\PlasticSCM5\client;C:\Program Files\Common Files\Oracle\Java\javapath;C:\Program Files (x86)\Common Files\Oracle\Java\javapath;C:\Windows\System32\HWAudioDriverLibs;C:\Windows\system32;C:\Windows;C:\Windows\System32\Wbem;C:\Windows\System32\WindowsPowerShell\v1.0;C:\Windows\System32\OpenSSH;C:\Program Files\Microsoft SQL Server\150\Tools\Binn;C:\Program Files\Microsoft SQL Server\Client SDK\ODBC\170\Tools\Binn;C:\Program Files\dotnet;D:\Windows Kits\10\Windows Performance Toolkit;C:\Program Files\Java\jdk-23\bin;C:\WINDOWS\system32;C:\WINDOWS;C:\WINDOWS\System32\Wbem;C:\WINDOWS\System32\WindowsPowerShell\v1.0;C:\WINDOWS\System32\OpenSSH;C:\Program Files\nodejs;C:\Program Files\Docker\Docker\resources\bin;C:\Program Files\TortoiseGit\bin;C:\Program Files\Git\cmd;C:\Users\danil\AppData\Local\Programs\Python\Python312\Scripts;C:\Users\danil\AppData\Local\Programs\Python\Python312;C:\Users\danil\AppData\Local\Microsoft\WindowsApps;C:\Users\danil\AppData\Local\Programs\Microsoft VS Code\bin;C:\Users\danil\AppData\Roaming\npm;D:\DataBase\18\bin;C:\Program Files\Processing\app;. -ea 
java_command: processing.core.PApplet --editor-location=-7,-7 --external --display=1 --sketch-path=C:\Users\danil\Desktop\Gravity_simul Gravity_simul
java_class_path (initial): C:\Users\danil\AppData\Local\Temp\processing\Gravity_simul3276731543222185103temp;C:\Program Files\Processing\app\resources\core\library\annotations-13.0.jar;C:\Program Files\Processing\app\resources\core\library\antlr-2.7.7.jar;C:\Program Files\Processing\app\resources\core\library\core-4.4.1.jar;C:\Program Files\Processing\app\resources\core\library\gluegen-rt-2.5.0-natives-android-aarch64.jar;C:\Program Files\Processing\app\resources\core\library\gluegen-rt-2.5.0-natives-linux-aarch64.jar;C:\Program Files\Processing\app\resources\core\library\gluegen-rt-2.5.0-natives-linux-amd64.jar;C:\Program Files\Processing\app\resources\core\library\gluegen-rt-2.5.0-natives-linux-armv6hf.jar;C:\Program Files\Processing\app\resources\core\library\gluegen-rt-2.5.0-natives-macosx-universal.jar;C:\Program Files\Processing\app\resources\core\library\gluegen-rt-2.5.0-natives-windows-amd64.jar;C:\Program Files\Processing\app\resources\core\library\gluegen-rt-2.5.0.jar;C:\Program Files\Processing\app\resources\core\library\gluegen-rt-main-2.5.0.jar;C:\Program Files\Processing\app\resources\core\library\jogl-all-2.5.0-natives-android-aarch64.jar;C:\Program Files\Processing\app\resources\core\library\jogl-all-2.5.0-natives-linux-aarch64.jar;C:\Program Files\Processing\app\resources\core\library\jogl-all-2.5.0-natives-linux-amd64.jar;C:\Program Files\Processing\app\resources\core\library\jogl-all-2.5.0-natives-linux-armv6hf.jar;C:\Program Files\Processing\app\resources\core\library\jogl-all-2.5.0-natives-macosx-universal.jar;C:\Program Files\Processing\app\resources\core\library\jogl-all-2.5.0-natives-windows-amd64.jar;C:\Program Files\Processing\app\resources\core\library\jogl-all-2.5.0.jar;C:\Program Files\Processing\app\resources\core\library\jogl-all-main-2.5.0.jar;C:\Program Files\Processing\app\resources\core\library\kotlin-stdlib-2.0.20.jar
Launcher Type: SUN_STANDARD

[Global flags]
     intx CICompilerCount                          = 4                                         {product} {ergonomic}
     uint ConcGCThreads                            = 2                                         {product} {ergonomic}
     uint G1ConcRefinementThreads                  = 8                                         {product} {ergonomic}
   size_t G1HeapRegionSize                         = 1048576                                   {product} {ergonomic}
    uintx GCDrainStackTargetSize                   = 64                                        {product} {ergonomic}
   size_t InitialHeapSize                          = 67108864                                  {product} {command line}
   size_t MarkStackSize                            = 4194304                                   {product} {ergonomic}
   size_t MaxHeapSize                              = 1073741824                                {product} {command line}
   size_t MaxNewSize                               = 643825664                                 {product} {ergonomic}
   size_t MinHeapDeltaBytes                        = 1048576                                   {product} {ergonomic}
   size_t MinHeapSize                              = 67108864                                  {product} {command line}
    uintx NonNMethodCodeHeapSize                   = 5839372                                {pd product} {ergonomic}
    uintx NonProfiledCodeHeapSize                  = 122909434                              {pd product} {ergonomic}
    uintx ProfiledCodeHeapSize                     = 122909434                              {pd product} {ergonomic}
    uintx ReservedCodeCacheSize                    = 251658240                              {pd product} {ergonomic}
     bool SegmentedCodeCache                       = true                                      {product} {ergonomic}
   size_t SoftMaxHeapSize                          = 1073741824                             {manageable} {ergonomic}
     bool UseCompressedClassPointers               = true                           {product lp64_product} {ergonomic}
     bool UseCompressedOops                        = true                           {product lp64_product} {ergonomic}
     bool UseG1GC                                  = true                                      {product} {ergonomic}
     bool UseLargePagesIndividualAllocation        = false                                  {pd product} {ergonomic}

Logging:
Log output configuration:
 #0: stdout all=off uptime,level,tags
 #1: stderr all=off uptime,level,tags

Environment Variables:
JAVA_HOME=C:\Program Files\Java\jdk-23
PATH=C:\Program Files\PlasticSCM5\server;C:\Program Files\PlasticSCM5\client;C:\Program Files\Common Files\Oracle\Java\javapath;C:\Program Files (x86)\Common Files\Oracle\Java\javapath;C:\Windows\System32\HWAudioDriverLibs;C:\Windows\system32;C:\Windows;C:\Windows\System32\Wbem;C:\Windows\System32\WindowsPowerShell\v1.0\;C:\Windows\System32\OpenSSH\;C:\Users\Administrator\AppData\Local\Microsoft\WindowsApps;C:\Program Files\Microsoft SQL Server\150\Tools\Binn\;C:\Program Files\Microsoft SQL Server\Client SDK\ODBC\170\Tools\Binn\;C:\Program Files\dotnet\;D:\Windows Kits\10\Windows Performance Toolkit\;C:\Program Files\Java\jdk-23\bin;C:\WINDOWS\system32;C:\WINDOWS;C:\WINDOWS\System32\Wbem;C:\WINDOWS\System32\WindowsPowerShell\v1.0\;C:\WINDOWS\System32\OpenSSH\;C:\Program Files\nodejs\;C:\Program Files\Docker\Docker\resources\bin;C:\Program Files\TortoiseGit\bin;C:\Program Files\Git\cmd;C:\Users\danil\AppData\Local\Programs\Python\Python312\Scripts\;C:\Users\danil\AppData\Local\Programs\Python\Python312\;C:\Users\danil\AppData\Local\Microsoft\WindowsApps;C:\Users\danil\.dotnet\tools;C:\Users\danil\AppData\Local\Programs\Microsoft VS Code\bin;C:\Users\danil\AppData\Roaming\npm;D:\DataBase\18\bin;C:\Program Files\Processing\app
USERNAME=danil
OS=Windows_NT
PROCESSOR_IDENTIFIER=Intel64 Family 6 Model 140 Stepping 2, GenuineIntel
TMP=C:\Users\danil\AppData\Local\Temp
TEMP=C:\Users\danil\AppData\Local\Temp



Periodic native trim disabled


---------------  S Y S T E M  ---------------

OS:
 Windows 11 , 64 bit Build 26100 (10.0.26100.8328)
OS uptime: 0 days 0:24 hours
Hyper-V role detected

CPU: total 8 (initial active 8) (4 cores per cpu, 2 threads per core) family 6 model 140 stepping 2 microcode 0x16, cx8, cmov, fxsr, ht, mmx, 3dnowpref, sse, sse2, sse3, ssse3, sse4.1, sse4.2, popcnt, lzcnt, tsc, tscinvbit, avx, avx2, aes, erms, clmul, bmi1, bmi2, adx, avx512f, avx512dq, avx512cd, avx512bw, avx512vl, sha, fma, vzeroupper, avx512_vpopcntdq, avx512_vpclmulqdq, avx512_vaes, avx512_vnni, clflush, clflushopt, clwb, avx512_vbmi2, avx512_vbmi, hv
Processor Information for processor 0
  Max Mhz: 2496, Current Mhz: 998, Mhz Limit: 2496
Processor Information for processor 1
  Max Mhz: 2496, Current Mhz: 2496, Mhz Limit: 2496
Processor Information for processor 2
  Max Mhz: 2496, Current Mhz: 2496, Mhz Limit: 2496
Processor Information for processor 3
  Max Mhz: 2496, Current Mhz: 2496, Mhz Limit: 2496
Processor Information for processor 4
  Max Mhz: 2496, Current Mhz: 998, Mhz Limit: 2496
Processor Information for processor 5
  Max Mhz: 2496, Current Mhz: 2496, Mhz Limit: 2496
Processor Information for processor 6
  Max Mhz: 2496, Current Mhz: 2496, Mhz Limit: 2496
Processor Information for processor 7
  Max Mhz: 2496, Current Mhz: 2496, Mhz Limit: 2496

Memory: 4k page, system-wide physical 7975M (1851M free)
TotalPageFile size 17703M (AvailPageFile size 8580M)
current process WorkingSet (physical memory assigned to process): 550M, peak: 559M
current process commit charge ("private bytes"): 545M, peak: 556M

vm_info: OpenJDK 64-Bit Server VM (17.0.14+7) for windows-amd64 JRE (17.0.14+7), built on Jan 21 2025 23:40:15 by "admin" with MS VC++ 17.7 (VS2022)

END.
