#
# A fatal error has been detected by the Java Runtime Environment:
#
#  EXCEPTION_ACCESS_VIOLATION (0xc0000005) at pc=0x00007ff9b069b386, pid=28188, tid=23308
#
# JRE version: OpenJDK Runtime Environment Temurin-17.0.14+7 (17.0.14+7) (build 17.0.14+7)
# Java VM: OpenJDK 64-Bit Server VM Temurin-17.0.14+7 (17.0.14+7, mixed mode, sharing, tiered, compressed oops, compressed class ptrs, g1 gc, windows-amd64)
# Problematic frame:
# C  [igxelpicd64.dll+0x23b386]
#
# No core dump will be written. Minidumps are not enabled by default on client versions of Windows
#
# If you would like to submit a bug report, please visit:
#   https://github.com/adoptium/adoptium-support/issues
#

---------------  S U M M A R Y ------------

Command Line: -agentlib:jdwp=transport=dt_socket,address=8147,server=y,suspend=y,quiet=y -Xms64m -Xmx1024m -Djna.nosys=true -Djava.library.path=;C:\Program Files\Processing\app\resources\core\library;C:\Program Files\Processing;C:\WINDOWS\system32;C:\WINDOWS;C:\Program Files\PlasticSCM5\server;C:\Program Files\PlasticSCM5\client;C:\Program Files\Common Files\Oracle\Java\javapath;C:\Program Files (x86)\Common Files\Oracle\Java\javapath;C:\Windows\System32\HWAudioDriverLibs;C:\Windows\system32;C:\Windows;C:\Windows\System32\Wbem;C:\Windows\System32\WindowsPowerShell\v1.0;C:\Windows\System32\OpenSSH;C:\Program Files\Microsoft SQL Server\150\Tools\Binn;C:\Program Files\Microsoft SQL Server\Client SDK\ODBC\170\Tools\Binn;C:\Program Files\dotnet;D:\Windows Kits\10\Windows Performance Toolkit;C:\Program Files\Java\jdk-23\bin;C:\WINDOWS\system32;C:\WINDOWS;C:\WINDOWS\System32\Wbem;C:\WINDOWS\System32\WindowsPowerShell\v1.0;C:\WINDOWS\System32\OpenSSH;C:\Program Files\nodejs;C:\Program Files\Docker\Docker\resources\bin;C:\Program Files\TortoiseGit\bin;C:\Program Files\Git\cmd;C:\Users\danil\AppData\Local\Programs\Python\Python312\Scripts;C:\Users\danil\AppData\Local\Programs\Python\Python312;C:\Users\danil\AppData\Local\Microsoft\WindowsApps;C:\Users\danil\AppData\Local\Programs\Microsoft VS Code\bin;C:\Users\danil\AppData\Roaming\npm;D:\DataBase\18\bin;C:\Program Files\Processing\app;. -ea processing.core.PApplet --editor-location=-7,-7 --external --display=1 --sketch-path=C:\Users\danil\Desktop\Gravity_simul Gravity_simul

Host: 11th Gen Intel(R) Core(TM) i5-1155G7 @ 2.50GHz, 8 cores, 7G,  Windows 11 , 64 bit Build 26100 (10.0.26100.8328)
Time: Sun Jun 28 00:07:28 2026 RTZ 3 (s 11 , 64 bit Build 26100 (10.0.26100.8328) elapsed time: 22.474552 seconds (0d 0h 0m 22s)

---------------  T H R E A D  ---------------

Current thread (0x0000014a54829240):  VMThread "VM Thread" [stack: 0x00000041d5500000,0x00000041d5600000] [id=23308]

Stack: [0x00000041d5500000,0x00000041d5600000],  sp=0x00000041d55fe430,  free space=1017k
Native frames: (J=compiled Java code, j=interpreted, Vv=VM code, C=native code)
C  [igxelpicd64.dll+0x23b386]


siginfo: EXCEPTION_ACCESS_VIOLATION (0xc0000005), reading address 0x0000000000035468


Registers:
RAX=0x0000014a9cc24990, RBX=0x0000014a9a7cd1b0, RCX=0x0000000000000004, RDX=0x0000000000000000
RSP=0x00000041d55fe430, RBP=0x0000000000000000, RSI=0x0000014a9cc24790, RDI=0x0000014a9a0b95e0
R8 =0x0000014a9cc24890, R9 =0x00000041d4ac7000, R10=0x0000000000000000, R11=0x0000000000000246
R12=0x0000014a9cc24790, R13=0x0000000000000000, R14=0x0000014a9cc24cd8, R15=0x0000014a9cc241c0
RIP=0x00007ff9b069b386, EFLAGS=0x0000000000010206


Register to memory mapping:

RIP=0x00007ff9b069b386 igxelpicd64.dll
RAX=0x0000014a9cc24990 points into unknown readable memory: 0x0000000000045a3a | 3a 5a 04 00 00 00 00 00
RBX=0x0000014a9a7cd1b0 points into unknown readable memory: 0xffffffffffffffff | ff ff ff ff ff ff ff ff
RCX=0x0000000000000004 is an unknown value
RDX=0x0 is NULL
RSP=0x00000041d55fe430 points into unknown readable memory: 0x0000014a9a7cd1b0 | b0 d1 7c 9a 4a 01 00 00
RBP=0x0 is NULL
RSI=0x0000014a9cc24790 points into unknown readable memory: 0x0000014a9a775440 | 40 54 77 9a 4a 01 00 00
RDI=0x0000014a9a0b95e0 points into unknown readable memory: 0x00007ffa7d6f1500 | 00 15 6f 7d fa 7f 00 00
R8 =0x0000014a9cc24890 points into unknown readable memory: 0x0000000000000000 | 00 00 00 00 00 00 00 00
R9 =0x00000041d4ac7000 points into unknown readable memory: 0x0000000000000000 | 00 00 00 00 00 00 00 00
R10=0x0 is NULL
R11=0x0000000000000246 is an unknown value
R12=0x0000014a9cc24790 points into unknown readable memory: 0x0000014a9a775440 | 40 54 77 9a 4a 01 00 00
R13=0x0 is NULL
R14=0x0000014a9cc24cd8 points into unknown readable memory: 0x0000014a9cc241c0 | c0 41 c2 9c 4a 01 00 00
R15=0x0000014a9cc241c0 points into unknown readable memory: 0x0000014a9a775440 | 40 54 77 9a 4a 01 00 00


Top of Stack: (sp=0x00000041d55fe430)
0x00000041d55fe430:   0000014a9a7cd1b0 0255429d03862e9d
0x00000041d55fe440:   0391939f00929d9d 0250f39f03309c9f
0x00000041d55fe450:   0000001603000000 0000000000000000
0x00000041d55fe460:   032b66a303b02aa3 0365e2a3036987a3
0x00000041d55fe470:   0000014a9a7cd1b0 031d81a403732ea4
0x00000041d55fe480:   032a3ea502743ca5 02de81a503725aa5
0x00000041d55fe490:   02db39a602a81ca6 0353bba603a49ca6
0x00000041d55fe4a0:   00b3e9a603a7cba6 039039a700a836a7
0x00000041d55fe4b0:   0326f4a70133c2a7 031e5ea90399e2a8
0x00000041d55fe4c0:   036a28aa035e61a9 035b9aaa02fe53aa
0x00000041d55fe4d0:   022dceaa02eccdaa 02fe53ab02bf12ab
0x00000041d55fe4e0:   02b97dab02e266ab 036fedab021f82ab
0x00000041d55fe4f0:   03990eac01e702ac 02c01eac039d16ac
0x00000041d55fe500:   01d979ac034833ac 02db8cac03a986ac
0x00000041d55fe510:   036602ad03a4d0ac 00007ffa7dbc5b54
0x00000041d55fe520:   0000000000000000 0000000000000000
0x00000041d55fe530:   00000041d55fe6d0 00007ffa7be21259
0x00000041d55fe540:   00000041d55fe5c8 0000000000000000
0x00000041d55fe550:   0000000000000054 0000000000000000
0x00000041d55fe560:   032eb8b1029d98b1 00007ffa7dbc5cc4
0x00000041d55fe570:   039650b302c0ccb2 005273b3035461b3
0x00000041d55fe580:   000077b13d5bbe7f 036c27b5039305b5
0x00000041d55fe590:   0000014a9cac4938 0000000000045a6e
0x00000041d55fe5a0:   0000000000000000 0000000000000016
0x00000041d55fe5b0:   0000000000000000 0000000000000000
0x00000041d55fe5c0:   00000041d55fe6d0 00007ff9b06c82ae
0x00000041d55fe5d0:   0000014a9a0b95e0 0000000000000000
0x00000041d55fe5e0:   0000014a9a0b95e0 0329a6bb033875bb
0x00000041d55fe5f0:   0000004100000c94 00007404006b0000
0x00000041d55fe600:   0000000000000000 033838be036430be
0x00000041d55fe610:   02aa5abe029d43be 03a6fcbe02eec1be
0x00000041d55fe620:   038ec2bf02f831bf 00ad46c00276c4bf 

Instructions: (pc=0x00007ff9b069b386)
0x00007ff9b069b286:   00 90 4c 8b bf 80 02 00 00 48 8b 05 9a 85 bd 00
0x00007ff9b069b296:   8b 80 c8 0a 00 00 89 44 24 24 c6 44 24 20 00 48
0x00007ff9b069b2a6:   c7 87 80 02 00 00 00 00 00 00 c7 87 88 02 00 00
0x00007ff9b069b2b6:   00 00 00 00 48 c7 87 a0 02 00 00 00 00 00 00 48
0x00007ff9b069b2c6:   c7 87 90 02 00 00 00 00 00 00 48 85 ed 75 3d 8b
0x00007ff9b069b2d6:   35 0d 77 cd 00 65 48 8b 04 25 58 00 00 00 b9 14
0x00007ff9b069b2e6:   00 00 00 48 8b 04 f0 40 38 2c 01 0f 84 c9 e7 75
0x00007ff9b069b2f6:   00 65 48 8b 04 25 58 00 00 00 bd 20 00 00 00 48
0x00007ff9b069b306:   8b 04 f0 48 8b 2c 28 48 89 6c 24 28 48 3b 2d 07
0x00007ff9b069b316:   9b cd 00 0f 84 9b 10 00 00 4d 85 ff 0f 84 3a 01
0x00007ff9b069b326:   00 00 0f 1f 84 00 00 00 00 00 49 8b f7 4d 8b e7
0x00007ff9b069b336:   4d 8d b7 48 05 00 00 4d 8b 3e 45 84 ed 0f 85 d9
0x00007ff9b069b346:   0e 00 00 8b 8f d0 01 00 00 48 8b 05 da 84 bd 00
0x00007ff9b069b356:   83 b8 64 03 00 00 02 75 34 4d 8d 84 24 00 01 00
0x00007ff9b069b366:   00 83 f9 10 0f 83 3a 01 00 00 8b c1 48 c1 e0 06
0x00007ff9b069b376:   49 03 c0 48 85 c0 0f 84 9b 01 00 00 48 8b 50 08
0x00007ff9b069b386:   48 3b 95 68 54 03 00 0f 87 b6 0e 00 00 48 83 be
0x00007ff9b069b396:   c0 05 00 00 00 0f 85 50 e7 75 00 44 8b 8f d0 01
0x00007ff9b069b3a6:   00 00 48 8b 87 e8 01 00 00 4c 8b 00 8b 8f d0 01
0x00007ff9b069b3b6:   00 00 48 8d 9e 00 01 00 00 83 f9 10 0f 83 1e 01
0x00007ff9b069b3c6:   00 00 8b c1 48 c1 e0 06 48 03 c3 48 85 c0 0f 84
0x00007ff9b069b3d6:   4a 01 00 00 4c 39 40 08 0f 86 40 01 00 00 48 8b
0x00007ff9b069b3e6:   87 80 02 00 00 49 89 06 48 89 b7 80 02 00 00 ff
0x00007ff9b069b3f6:   87 88 02 00 00 48 8b 4e 08 48 8b 01 ba 01 00 00
0x00007ff9b069b406:   00 48 8b 80 e0 02 00 00 ff 15 f4 c1 88 00 0f b7
0x00007ff9b069b416:   c8 48 2b c1 48 05 00 00 01 00 48 01 87 90 02 00
0x00007ff9b069b426:   00 48 8b 4e 08 48 8b 01 ba 01 00 00 00 48 8b 80
0x00007ff9b069b436:   e0 02 00 00 ff 15 c8 c1 88 00 48 01 87 a0 02 00
0x00007ff9b069b446:   00 0f b6 54 24 20 4d 85 ff 0f 85 db fe ff ff 84
0x00007ff9b069b456:   d2 0f 85 37 0f 00 00 48 8b 5c 24 40 48 8b cf 80
0x00007ff9b069b466:   7c 24 22 00 0f 85 40 0f 00 00 e8 3b f9 ff ff 90
0x00007ff9b069b476:   48 8b cb ff 15 99 bc 88 00 48 8b 8c 24 50 01 00 


Stack slot to memory mapping:
stack at sp + 0 slots: 0x0000014a9a7cd1b0 points into unknown readable memory: 0xffffffffffffffff | ff ff ff ff ff ff ff ff
stack at sp + 1 slots: 0x0255429d03862e9d is an unknown value
stack at sp + 2 slots: 0x0391939f00929d9d is an unknown value
stack at sp + 3 slots: 0x0250f39f03309c9f is an unknown value
stack at sp + 4 slots: 0x0000001603000000 is an unknown value
stack at sp + 5 slots: 0x0 is NULL
stack at sp + 6 slots: 0x032b66a303b02aa3 is an unknown value
stack at sp + 7 slots: 0x0365e2a3036987a3 is an unknown value

VM_Operation (0x00000041d79fe940): Exit, mode: safepoint, requested by thread 0x0000014a9c6a3860


---------------  P R O C E S S  ---------------

Threads class SMR info:
_java_thread_list=0x0000014a9c6aaa00, length=39, elements={
0x0000014a54830610, 0x0000014a54832ff0, 0x0000014a54849a70, 0x0000014a5484a340,
0x0000014a5484b780, 0x0000014a5484cbc0, 0x0000014a5484ef50, 0x0000014a54860750,
0x0000014a54864970, 0x0000014a54ad3780, 0x0000014a54ae86c0, 0x0000014a54ae8bc0,
0x0000014a54aecd00, 0x0000014a54af8ef0, 0x0000014a9a04d860, 0x0000014a9c8c3690,
0x0000014a9c6a3860, 0x0000014a9c6a60e0, 0x0000014a9c6a3d70, 0x0000014a9c6a4280,
0x0000014a9c6a5bd0, 0x0000014a9c6a56c0, 0x0000014a9c6a65f0, 0x0000014a9c6a4790,
0x0000014a9c6a6b00, 0x0000014a9c6a4ca0, 0x0000014a9c6a7010, 0x0000014aad4c88d0,
0x0000014aad4ca220, 0x0000014aad4c7eb0, 0x0000014aad4c6a70, 0x0000014aad4c8de0,
0x0000014aad4c92f0, 0x0000014aad4c9800, 0x0000014aad4c79a0, 0x0000014aad4c6f80,
0x0000014aad4ca730, 0x0000014aad4cac40, 0x0000014aad4cb660
}

Java Threads: ( => current thread )
  0x0000014a54830610 JavaThread "Reference Handler" daemon [_thread_blocked, id=23356, stack(0x00000041d5600000,0x00000041d5700000)]
  0x0000014a54832ff0 JavaThread "Finalizer" daemon [_thread_blocked, id=24004, stack(0x00000041d5700000,0x00000041d5800000)]
  0x0000014a54849a70 JavaThread "Signal Dispatcher" daemon [_thread_blocked, id=30432, stack(0x00000041d5800000,0x00000041d5900000)]
  0x0000014a5484a340 JavaThread "Attach Listener" daemon [_thread_blocked, id=23076, stack(0x00000041d5900000,0x00000041d5a00000)]
  0x0000014a5484b780 JavaThread "Service Thread" daemon [_thread_blocked, id=32224, stack(0x00000041d5a00000,0x00000041d5b00000)]
  0x0000014a5484cbc0 JavaThread "Monitor Deflation Thread" daemon [_thread_blocked, id=22868, stack(0x00000041d5b00000,0x00000041d5c00000)]
  0x0000014a5484ef50 JavaThread "C2 CompilerThread0" daemon [_thread_blocked, id=36620, stack(0x00000041d5c00000,0x00000041d5d00000)]
  0x0000014a54860750 JavaThread "C1 CompilerThread0" daemon [_thread_blocked, id=36560, stack(0x00000041d5d00000,0x00000041d5e00000)]
  0x0000014a54864970 JavaThread "Sweeper thread" daemon [_thread_blocked, id=36408, stack(0x00000041d5e00000,0x00000041d5f00000)]
  0x0000014a54ad3780 JavaThread "JDWP Transport Listener: dt_socket" daemon [_thread_blocked, id=10876, stack(0x00000041d5f00000,0x00000041d6000000)]
  0x0000014a54ae86c0 JavaThread "JDWP Event Helper Thread" daemon [_thread_blocked, id=31184, stack(0x00000041d6000000,0x00000041d6100000)]
  0x0000014a54ae8bc0 JavaThread "JDWP Command Reader" daemon [_thread_blocked, id=28496, stack(0x00000041d6100000,0x00000041d6200000)]
  0x0000014a54aecd00 JavaThread "Notification Thread" daemon [_thread_blocked, id=36580, stack(0x00000041d6200000,0x00000041d6300000)]
  0x0000014a54af8ef0 JavaThread "Common-Cleaner" daemon [_thread_blocked, id=21104, stack(0x00000041d6400000,0x00000041d6500000)]
  0x0000014a9a04d860 JavaThread "Java2D Disposer" daemon [_thread_blocked, id=12076, stack(0x00000041d6500000,0x00000041d6600000)]
  0x0000014a9c8c3690 JavaThread "HighResTimerThread" daemon [_thread_blocked, id=31492, stack(0x00000041d7700000,0x00000041d7800000)]
  0x0000014a9c6a3860 JavaThread "main-FPSAWTAnimator#00-Timer0" [_thread_blocked, id=24256, stack(0x00000041d7900000,0x00000041d7a00000)]
  0x0000014a9c6a60e0 JavaThread "DestroyJavaVM" [_thread_blocked, id=6328, stack(0x00000041d4f00000,0x00000041d5000000)]
  0x0000014a9c6a3d70 JavaThread "pool-1-thread-1" [_thread_blocked, id=31700, stack(0x00000041d7a00000,0x00000041d7b00000)]
  0x0000014a9c6a4280 JavaThread "pool-1-thread-2" [_thread_blocked, id=34252, stack(0x00000041d7b00000,0x00000041d7c00000)]
  0x0000014a9c6a5bd0 JavaThread "pool-1-thread-3" [_thread_blocked, id=34676, stack(0x00000041d7c00000,0x00000041d7d00000)]
  0x0000014a9c6a56c0 JavaThread "pool-1-thread-4" [_thread_blocked, id=34764, stack(0x00000041d7d00000,0x00000041d7e00000)]
  0x0000014a9c6a65f0 JavaThread "pool-1-thread-5" [_thread_blocked, id=39112, stack(0x00000041d7e00000,0x00000041d7f00000)]
  0x0000014a9c6a4790 JavaThread "pool-1-thread-6" [_thread_blocked, id=30624, stack(0x00000041d7f00000,0x00000041d8000000)]
  0x0000014a9c6a6b00 JavaThread "pool-1-thread-7" [_thread_blocked, id=25068, stack(0x00000041d8000000,0x00000041d8100000)]
  0x0000014a9c6a4ca0 JavaThread "pool-1-thread-8" [_thread_blocked, id=18416, stack(0x00000041d8100000,0x00000041d8200000)]
  0x0000014a9c6a7010 JavaThread "pool-1-thread-9" [_thread_blocked, id=5012, stack(0x00000041d8200000,0x00000041d8300000)]
  0x0000014aad4c88d0 JavaThread "pool-1-thread-10" [_thread_blocked, id=8892, stack(0x00000041d8300000,0x00000041d8400000)]
  0x0000014aad4ca220 JavaThread "pool-1-thread-11" [_thread_blocked, id=18728, stack(0x00000041d8400000,0x00000041d8500000)]
  0x0000014aad4c7eb0 JavaThread "pool-1-thread-12" [_thread_blocked, id=30152, stack(0x00000041d8500000,0x00000041d8600000)]
  0x0000014aad4c6a70 JavaThread "pool-1-thread-13" [_thread_blocked, id=30684, stack(0x00000041d8600000,0x00000041d8700000)]
  0x0000014aad4c8de0 JavaThread "pool-1-thread-14" [_thread_blocked, id=30256, stack(0x00000041d8700000,0x00000041d8800000)]
  0x0000014aad4c92f0 JavaThread "pool-1-thread-15" [_thread_blocked, id=28924, stack(0x00000041d8800000,0x00000041d8900000)]
  0x0000014aad4c9800 JavaThread "pool-1-thread-16" [_thread_blocked, id=30672, stack(0x00000041d8900000,0x00000041d8a00000)]
  0x0000014aad4c79a0 JavaThread "pool-1-thread-17" [_thread_blocked, id=44272, stack(0x00000041d8a00000,0x00000041d8b00000)]
  0x0000014aad4c6f80 JavaThread "pool-1-thread-18" [_thread_blocked, id=46440, stack(0x00000041d8b00000,0x00000041d8c00000)]
  0x0000014aad4ca730 JavaThread "pool-1-thread-19" [_thread_blocked, id=30180, stack(0x00000041d8c00000,0x00000041d8d00000)]
  0x0000014aad4cac40 JavaThread "pool-1-thread-20" [_thread_blocked, id=33168, stack(0x00000041d8d00000,0x00000041d8e00000)]
  0x0000014aad4cb660 JavaThread "AWT-Shutdown" [_thread_blocked, id=19644, stack(0x00000041d7800000,0x00000041d7900000)]

Other Threads:
=>0x0000014a54829240 VMThread "VM Thread" [stack: 0x00000041d5500000,0x00000041d5600000] [id=23308]
  0x0000014a38b1ed40 GCTaskThread "GC Thread#0" [stack: 0x00000041d5000000,0x00000041d5100000] [id=23348]
  0x0000014a9c15c8d0 GCTaskThread "GC Thread#1" [stack: 0x00000041d6d00000,0x00000041d6e00000] [id=36688]
  0x0000014a9c15cb90 GCTaskThread "GC Thread#2" [stack: 0x00000041d6e00000,0x00000041d6f00000] [id=28360]
  0x0000014a9c15ce50 GCTaskThread "GC Thread#3" [stack: 0x00000041d6f00000,0x00000041d7000000] [id=20656]
  0x0000014a9c15d110 GCTaskThread "GC Thread#4" [stack: 0x00000041d7000000,0x00000041d7100000] [id=21516]
  0x0000014a9c15d3d0 GCTaskThread "GC Thread#5" [stack: 0x00000041d7100000,0x00000041d7200000] [id=20216]
  0x0000014a9c191560 GCTaskThread "GC Thread#6" [stack: 0x00000041d7200000,0x00000041d7300000] [id=26116]
  0x0000014a9c195830 GCTaskThread "GC Thread#7" [stack: 0x00000041d7300000,0x00000041d7400000] [id=21964]
  0x0000014a38b27ba0 ConcurrentGCThread "G1 Main Marker" terminated
  0x0000014a38b284d0 ConcurrentGCThread "G1 Conc#0" [stack: 0x00000041d5200000,0x00000041d5300000] [id=19852]
  0x0000014aad20de00 ConcurrentGCThread "G1 Conc#1" [stack: 0x00000041d9000000,0x00000041d9100000] [id=30388]
  0x0000014a38b8eb50 ConcurrentGCThread "G1 Refine#0" terminated
  0x0000014aad2f4700 ConcurrentGCThread "G1 Refine#1" terminated
  0x0000014aacef0a30 ConcurrentGCThread "G1 Refine#2" terminated
  0x0000014a546f04e0 ConcurrentGCThread "G1 Service" terminated

Threads with active compile tasks:

VM state: at safepoint (shutting down)

VM Mutex/Monitor currently owned by a thread:  ([mutex/lock_event])
[0x0000014a38ad8300] Threads_lock - owner thread: 0x0000014a54829240
[0x0000014a38ad89c0] Heap_lock - owner thread: 0x0000014a9c6a3860

Heap address: 0x00000000c0000000, size: 1024 MB, Compressed Oops mode: 32-bit

CDS archive(s) mapped at: [0x0000014a55000000-0x0000014a55bb0000-0x0000014a55bb0000), size 12255232, SharedBaseAddress: 0x0000014a55000000, ArchiveRelocationMode: 1.
Compressed class space mapped at: 0x0000014a56000000-0x0000014a96000000, reserved size: 1073741824
Narrow klass base: 0x0000014a55000000, Narrow klass shift: 0, Narrow klass range: 0x100000000

GC Precious Log:
 CPUs: 8 total, 8 available
 Memory: 7975M
 Large Page Support: Disabled
 NUMA Support: Disabled
 Compressed Oops: Enabled (32-bit)
 Heap Region Size: 1M
 Heap Min Capacity: 64M
 Heap Initial Capacity: 64M
 Heap Max Capacity: 1G
 Pre-touch: Disabled
 Parallel Workers: 8
 Concurrent Workers: 2
 Concurrent Refinement Workers: 8
 Periodic GC: Disabled

Heap:
 garbage-first heap   total 206848K, used 101312K [0x00000000c0000000, 0x0000000100000000)
  region size 1024K, 20 young (20480K), 2 survivors (2048K)
 Metaspace       used 13223K, committed 13440K, reserved 1114112K
  class space    used 919K, committed 1024K, reserved 1048576K

Heap Regions: E=young(eden), S=young(survivor), O=old, HS=humongous(starts), HC=humongous(continues), CS=collection set, F=free, OA=open archive, CA=closed archive, TAMS=top-at-mark-start (previous, next)
|   0|0x00000000c0000000, 0x00000000c0100000, 0x00000000c0100000|100%| O|  |TAMS 0x00000000c0100000, 0x00000000c0000000| Untracked 
|   1|0x00000000c0100000, 0x00000000c0200000, 0x00000000c0200000|100%| O|  |TAMS 0x00000000c0200000, 0x00000000c0100000| Untracked 
|   2|0x00000000c0200000, 0x00000000c0300000, 0x00000000c0300000|100%| O|  |TAMS 0x00000000c0300000, 0x00000000c0200000| Untracked 
|   3|0x00000000c0300000, 0x00000000c0400000, 0x00000000c0400000|100%| O|  |TAMS 0x00000000c0400000, 0x00000000c0300000| Untracked 
|   4|0x00000000c0400000, 0x00000000c0500000, 0x00000000c0500000|100%| O|  |TAMS 0x00000000c0500000, 0x00000000c0400000| Untracked 
|   5|0x00000000c0500000, 0x00000000c0600000, 0x00000000c0600000|100%| O|  |TAMS 0x00000000c0600000, 0x00000000c0500000| Untracked 
|   6|0x00000000c0600000, 0x00000000c0700000, 0x00000000c0700000|100%| O|  |TAMS 0x00000000c0700000, 0x00000000c0600000| Untracked 
|   7|0x00000000c0700000, 0x00000000c0800000, 0x00000000c0800000|100%| O|  |TAMS 0x00000000c0800000, 0x00000000c0700000| Untracked 
|   8|0x00000000c0800000, 0x00000000c08ba600, 0x00000000c0900000| 72%| O|  |TAMS 0x00000000c08a2c00, 0x00000000c0800000| Untracked 
|   9|0x00000000c0900000, 0x00000000c0a00000, 0x00000000c0a00000|100%| O|  |TAMS 0x00000000c0a00000, 0x00000000c0900000| Untracked 
|  10|0x00000000c0a00000, 0x00000000c0b00000, 0x00000000c0b00000|100%|HS|  |TAMS 0x00000000c0b00000, 0x00000000c0a00000| Complete 
|  11|0x00000000c0b00000, 0x00000000c0c00000, 0x00000000c0c00000|100%|HC|  |TAMS 0x00000000c0c00000, 0x00000000c0b00000| Complete 
|  12|0x00000000c0c00000, 0x00000000c0d00000, 0x00000000c0d00000|100%|HC|  |TAMS 0x00000000c0d00000, 0x00000000c0c00000| Complete 
|  13|0x00000000c0d00000, 0x00000000c0e00000, 0x00000000c0e00000|100%|HC|  |TAMS 0x00000000c0e00000, 0x00000000c0d00000| Complete 
|  14|0x00000000c0e00000, 0x00000000c0f00000, 0x00000000c0f00000|100%|HC|  |TAMS 0x00000000c0f00000, 0x00000000c0e00000| Complete 
|  15|0x00000000c0f00000, 0x00000000c1000000, 0x00000000c1000000|100%|HC|  |TAMS 0x00000000c1000000, 0x00000000c0f00000| Complete 
|  16|0x00000000c1000000, 0x00000000c1100000, 0x00000000c1100000|100%|HC|  |TAMS 0x00000000c1100000, 0x00000000c1000000| Complete 
|  17|0x00000000c1100000, 0x00000000c1200000, 0x00000000c1200000|100%|HC|  |TAMS 0x00000000c1200000, 0x00000000c1100000| Complete 
|  18|0x00000000c1200000, 0x00000000c1300000, 0x00000000c1300000|100%|HC|  |TAMS 0x00000000c1300000, 0x00000000c1200000| Complete 
|  19|0x00000000c1300000, 0x00000000c1400000, 0x00000000c1400000|100%|HC|  |TAMS 0x00000000c1400000, 0x00000000c1300000| Complete 
|  20|0x00000000c1400000, 0x00000000c1500000, 0x00000000c1500000|100%|HC|  |TAMS 0x00000000c1500000, 0x00000000c1400000| Complete 
|  21|0x00000000c1500000, 0x00000000c1600000, 0x00000000c1600000|100%|HC|  |TAMS 0x00000000c1600000, 0x00000000c1500000| Complete 
|  22|0x00000000c1600000, 0x00000000c1700000, 0x00000000c1700000|100%|HC|  |TAMS 0x00000000c1700000, 0x00000000c1600000| Complete 
|  23|0x00000000c1700000, 0x00000000c1800000, 0x00000000c1800000|100%|HC|  |TAMS 0x00000000c1800000, 0x00000000c1700000| Complete 
|  24|0x00000000c1800000, 0x00000000c1900000, 0x00000000c1900000|100%|HC|  |TAMS 0x00000000c1900000, 0x00000000c1800000| Complete 
|  25|0x00000000c1900000, 0x00000000c1a00000, 0x00000000c1a00000|100%|HC|  |TAMS 0x00000000c1a00000, 0x00000000c1900000| Complete 
|  26|0x00000000c1a00000, 0x00000000c1b00000, 0x00000000c1b00000|100%|HC|  |TAMS 0x00000000c1b00000, 0x00000000c1a00000| Complete 
|  27|0x00000000c1b00000, 0x00000000c1c00000, 0x00000000c1c00000|100%| O|  |TAMS 0x00000000c1c00000, 0x00000000c1b00000| Untracked 
|  28|0x00000000c1c00000, 0x00000000c1d00000, 0x00000000c1d00000|100%| O|  |TAMS 0x00000000c1d00000, 0x00000000c1c00000| Untracked 
|  29|0x00000000c1d00000, 0x00000000c1e00000, 0x00000000c1e00000|100%|HS|  |TAMS 0x00000000c1e00000, 0x00000000c1d00000| Complete 
|  30|0x00000000c1e00000, 0x00000000c1f00000, 0x00000000c1f00000|100%|HC|  |TAMS 0x00000000c1f00000, 0x00000000c1e00000| Complete 
|  31|0x00000000c1f00000, 0x00000000c2000000, 0x00000000c2000000|100%|HC|  |TAMS 0x00000000c2000000, 0x00000000c1f00000| Complete 
|  32|0x00000000c2000000, 0x00000000c2100000, 0x00000000c2100000|100%|HC|  |TAMS 0x00000000c2100000, 0x00000000c2000000| Complete 
|  33|0x00000000c2100000, 0x00000000c2200000, 0x00000000c2200000|100%|HC|  |TAMS 0x00000000c2200000, 0x00000000c2100000| Complete 
|  34|0x00000000c2200000, 0x00000000c2300000, 0x00000000c2300000|100%|HS|  |TAMS 0x00000000c2300000, 0x00000000c2200000| Complete 
|  35|0x00000000c2300000, 0x00000000c2400000, 0x00000000c2400000|100%|HC|  |TAMS 0x00000000c2400000, 0x00000000c2300000| Complete 
|  36|0x00000000c2400000, 0x00000000c2500000, 0x00000000c2500000|100%|HC|  |TAMS 0x00000000c2500000, 0x00000000c2400000| Complete 
|  37|0x00000000c2500000, 0x00000000c2600000, 0x00000000c2600000|100%|HC|  |TAMS 0x00000000c2600000, 0x00000000c2500000| Complete 
|  38|0x00000000c2600000, 0x00000000c2700000, 0x00000000c2700000|100%|HC|  |TAMS 0x00000000c2700000, 0x00000000c2600000| Complete 
|  39|0x00000000c2700000, 0x00000000c2800000, 0x00000000c2800000|100%|HC|  |TAMS 0x00000000c2800000, 0x00000000c2700000| Complete 
|  40|0x00000000c2800000, 0x00000000c2900000, 0x00000000c2900000|100%|HC|  |TAMS 0x00000000c2900000, 0x00000000c2800000| Complete 
|  41|0x00000000c2900000, 0x00000000c2a00000, 0x00000000c2a00000|100%|HC|  |TAMS 0x00000000c2a00000, 0x00000000c2900000| Complete 
|  42|0x00000000c2a00000, 0x00000000c2b00000, 0x00000000c2b00000|100%|HC|  |TAMS 0x00000000c2b00000, 0x00000000c2a00000| Complete 
|  43|0x00000000c2b00000, 0x00000000c2c00000, 0x00000000c2c00000|100%|HC|  |TAMS 0x00000000c2c00000, 0x00000000c2b00000| Complete 
|  44|0x00000000c2c00000, 0x00000000c2d00000, 0x00000000c2d00000|100%|HC|  |TAMS 0x00000000c2d00000, 0x00000000c2c00000| Complete 
|  45|0x00000000c2d00000, 0x00000000c2e00000, 0x00000000c2e00000|100%|HC|  |TAMS 0x00000000c2e00000, 0x00000000c2d00000| Complete 
|  46|0x00000000c2e00000, 0x00000000c2f00000, 0x00000000c2f00000|100%|HC|  |TAMS 0x00000000c2f00000, 0x00000000c2e00000| Complete 
|  47|0x00000000c2f00000, 0x00000000c3000000, 0x00000000c3000000|100%|HS|  |TAMS 0x00000000c3000000, 0x00000000c2f00000| Complete 
|  48|0x00000000c3000000, 0x00000000c3100000, 0x00000000c3100000|100%|HC|  |TAMS 0x00000000c3100000, 0x00000000c3000000| Complete 
|  49|0x00000000c3100000, 0x00000000c3200000, 0x00000000c3200000|100%|HC|  |TAMS 0x00000000c3200000, 0x00000000c3100000| Complete 
|  50|0x00000000c3200000, 0x00000000c3300000, 0x00000000c3300000|100%|HC|  |TAMS 0x00000000c3300000, 0x00000000c3200000| Complete 
|  51|0x00000000c3300000, 0x00000000c3400000, 0x00000000c3400000|100%|HC|  |TAMS 0x00000000c3400000, 0x00000000c3300000| Complete 
|  52|0x00000000c3400000, 0x00000000c3500000, 0x00000000c3500000|100%|HC|  |TAMS 0x00000000c3500000, 0x00000000c3400000| Complete 
|  53|0x00000000c3500000, 0x00000000c3600000, 0x00000000c3600000|100%|HC|  |TAMS 0x00000000c3600000, 0x00000000c3500000| Complete 
|  54|0x00000000c3600000, 0x00000000c3700000, 0x00000000c3700000|100%|HC|  |TAMS 0x00000000c3700000, 0x00000000c3600000| Complete 
|  55|0x00000000c3700000, 0x00000000c3800000, 0x00000000c3800000|100%|HC|  |TAMS 0x00000000c3800000, 0x00000000c3700000| Complete 
|  56|0x00000000c3800000, 0x00000000c3900000, 0x00000000c3900000|100%|HS|  |TAMS 0x00000000c3900000, 0x00000000c3800000| Complete 
|  57|0x00000000c3900000, 0x00000000c3a00000, 0x00000000c3a00000|100%|HC|  |TAMS 0x00000000c3a00000, 0x00000000c3900000| Complete 
|  58|0x00000000c3a00000, 0x00000000c3b00000, 0x00000000c3b00000|100%|HC|  |TAMS 0x00000000c3b00000, 0x00000000c3a00000| Complete 
|  59|0x00000000c3b00000, 0x00000000c3c00000, 0x00000000c3c00000|100%|HC|  |TAMS 0x00000000c3c00000, 0x00000000c3b00000| Complete 
|  60|0x00000000c3c00000, 0x00000000c3d00000, 0x00000000c3d00000|100%|HC|  |TAMS 0x00000000c3d00000, 0x00000000c3c00000| Complete 
|  61|0x00000000c3d00000, 0x00000000c3d00000, 0x00000000c3e00000|  0%| F|  |TAMS 0x00000000c3d00000, 0x00000000c3d00000| Untracked 
|  62|0x00000000c3e00000, 0x00000000c3e00000, 0x00000000c3f00000|  0%| F|  |TAMS 0x00000000c3e00000, 0x00000000c3e00000| Untracked 
|  63|0x00000000c3f00000, 0x00000000c3f00000, 0x00000000c4000000|  0%| F|  |TAMS 0x00000000c3f00000, 0x00000000c3f00000| Untracked 
|  64|0x00000000c4000000, 0x00000000c4100000, 0x00000000c4100000|100%|HS|  |TAMS 0x00000000c4100000, 0x00000000c4000000| Complete 
|  65|0x00000000c4100000, 0x00000000c4200000, 0x00000000c4200000|100%|HC|  |TAMS 0x00000000c4200000, 0x00000000c4100000| Complete 
|  66|0x00000000c4200000, 0x00000000c4300000, 0x00000000c4300000|100%|HC|  |TAMS 0x00000000c4300000, 0x00000000c4200000| Complete 
|  67|0x00000000c4300000, 0x00000000c4400000, 0x00000000c4400000|100%|HC|  |TAMS 0x00000000c4400000, 0x00000000c4300000| Complete 
|  68|0x00000000c4400000, 0x00000000c4500000, 0x00000000c4500000|100%|HC|  |TAMS 0x00000000c4500000, 0x00000000c4400000| Complete 
|  69|0x00000000c4500000, 0x00000000c4600000, 0x00000000c4600000|100%|HS|  |TAMS 0x00000000c4600000, 0x00000000c4500000| Complete 
|  70|0x00000000c4600000, 0x00000000c4700000, 0x00000000c4700000|100%|HC|  |TAMS 0x00000000c4700000, 0x00000000c4600000| Complete 
|  71|0x00000000c4700000, 0x00000000c4800000, 0x00000000c4800000|100%|HC|  |TAMS 0x00000000c4800000, 0x00000000c4700000| Complete 
|  72|0x00000000c4800000, 0x00000000c4900000, 0x00000000c4900000|100%|HC|  |TAMS 0x00000000c4900000, 0x00000000c4800000| Complete 
|  73|0x00000000c4900000, 0x00000000c4a00000, 0x00000000c4a00000|100%|HC|  |TAMS 0x00000000c4a00000, 0x00000000c4900000| Complete 
|  74|0x00000000c4a00000, 0x00000000c4b00000, 0x00000000c4b00000|100%|HS|  |TAMS 0x00000000c4b00000, 0x00000000c4a00000| Complete 
|  75|0x00000000c4b00000, 0x00000000c4c00000, 0x00000000c4c00000|100%|HC|  |TAMS 0x00000000c4c00000, 0x00000000c4b00000| Complete 
|  76|0x00000000c4c00000, 0x00000000c4d00000, 0x00000000c4d00000|100%|HC|  |TAMS 0x00000000c4d00000, 0x00000000c4c00000| Complete 
|  77|0x00000000c4d00000, 0x00000000c4e00000, 0x00000000c4e00000|100%|HC|  |TAMS 0x00000000c4e00000, 0x00000000c4d00000| Complete 
|  78|0x00000000c4e00000, 0x00000000c4f00000, 0x00000000c4f00000|100%|HC|  |TAMS 0x00000000c4f00000, 0x00000000c4e00000| Complete 
|  79|0x00000000c4f00000, 0x00000000c5000000, 0x00000000c5000000|100%|HS|  |TAMS 0x00000000c5000000, 0x00000000c4f00000| Complete 
|  80|0x00000000c5000000, 0x00000000c5100000, 0x00000000c5100000|100%|HC|  |TAMS 0x00000000c5100000, 0x00000000c5000000| Complete 
|  81|0x00000000c5100000, 0x00000000c5200000, 0x00000000c5200000|100%|HC|  |TAMS 0x00000000c5200000, 0x00000000c5100000| Complete 
|  82|0x00000000c5200000, 0x00000000c5300000, 0x00000000c5300000|100%|HC|  |TAMS 0x00000000c5300000, 0x00000000c5200000| Complete 
|  83|0x00000000c5300000, 0x00000000c5400000, 0x00000000c5400000|100%|HC|  |TAMS 0x00000000c5400000, 0x00000000c5300000| Complete 
|  84|0x00000000c5400000, 0x00000000c5400000, 0x00000000c5500000|  0%| F|  |TAMS 0x00000000c5400000, 0x00000000c5400000| Untracked 
|  85|0x00000000c5500000, 0x00000000c5500000, 0x00000000c5600000|  0%| F|  |TAMS 0x00000000c5500000, 0x00000000c5500000| Untracked 
|  86|0x00000000c5600000, 0x00000000c5600000, 0x00000000c5700000|  0%| F|  |TAMS 0x00000000c5600000, 0x00000000c5600000| Untracked 
|  87|0x00000000c5700000, 0x00000000c5700000, 0x00000000c5800000|  0%| F|  |TAMS 0x00000000c5700000, 0x00000000c5700000| Untracked 
|  88|0x00000000c5800000, 0x00000000c5800000, 0x00000000c5900000|  0%| F|  |TAMS 0x00000000c5800000, 0x00000000c5800000| Untracked 
|  89|0x00000000c5900000, 0x00000000c5900000, 0x00000000c5a00000|  0%| F|  |TAMS 0x00000000c5900000, 0x00000000c5900000| Untracked 
|  90|0x00000000c5a00000, 0x00000000c5a00000, 0x00000000c5b00000|  0%| F|  |TAMS 0x00000000c5a00000, 0x00000000c5a00000| Untracked 
|  91|0x00000000c5b00000, 0x00000000c5b00000, 0x00000000c5c00000|  0%| F|  |TAMS 0x00000000c5b00000, 0x00000000c5b00000| Untracked 
|  92|0x00000000c5c00000, 0x00000000c5c00000, 0x00000000c5d00000|  0%| F|  |TAMS 0x00000000c5c00000, 0x00000000c5c00000| Untracked 
|  93|0x00000000c5d00000, 0x00000000c5d00000, 0x00000000c5e00000|  0%| F|  |TAMS 0x00000000c5d00000, 0x00000000c5d00000| Untracked 
|  94|0x00000000c5e00000, 0x00000000c5e00000, 0x00000000c5f00000|  0%| F|  |TAMS 0x00000000c5e00000, 0x00000000c5e00000| Untracked 
|  95|0x00000000c5f00000, 0x00000000c5f00000, 0x00000000c6000000|  0%| F|  |TAMS 0x00000000c5f00000, 0x00000000c5f00000| Untracked 
|  96|0x00000000c6000000, 0x00000000c6000000, 0x00000000c6100000|  0%| F|  |TAMS 0x00000000c6000000, 0x00000000c6000000| Untracked 
|  97|0x00000000c6100000, 0x00000000c6100000, 0x00000000c6200000|  0%| F|  |TAMS 0x00000000c6100000, 0x00000000c6100000| Untracked 
|  98|0x00000000c6200000, 0x00000000c6200000, 0x00000000c6300000|  0%| F|  |TAMS 0x00000000c6200000, 0x00000000c6200000| Untracked 
|  99|0x00000000c6300000, 0x00000000c6300000, 0x00000000c6400000|  0%| F|  |TAMS 0x00000000c6300000, 0x00000000c6300000| Untracked 
| 100|0x00000000c6400000, 0x00000000c6400000, 0x00000000c6500000|  0%| F|  |TAMS 0x00000000c6400000, 0x00000000c6400000| Untracked 
| 101|0x00000000c6500000, 0x00000000c6500000, 0x00000000c6600000|  0%| F|  |TAMS 0x00000000c6500000, 0x00000000c6500000| Untracked 
| 102|0x00000000c6600000, 0x00000000c6600000, 0x00000000c6700000|  0%| F|  |TAMS 0x00000000c6600000, 0x00000000c6600000| Untracked 
| 103|0x00000000c6700000, 0x00000000c6700000, 0x00000000c6800000|  0%| F|  |TAMS 0x00000000c6700000, 0x00000000c6700000| Untracked 
| 104|0x00000000c6800000, 0x00000000c6800000, 0x00000000c6900000|  0%| F|  |TAMS 0x00000000c6800000, 0x00000000c6800000| Untracked 
| 105|0x00000000c6900000, 0x00000000c6900000, 0x00000000c6a00000|  0%| F|  |TAMS 0x00000000c6900000, 0x00000000c6900000| Untracked 
| 106|0x00000000c6a00000, 0x00000000c6a00000, 0x00000000c6b00000|  0%| F|  |TAMS 0x00000000c6a00000, 0x00000000c6a00000| Untracked 
| 107|0x00000000c6b00000, 0x00000000c6b00000, 0x00000000c6c00000|  0%| F|  |TAMS 0x00000000c6b00000, 0x00000000c6b00000| Untracked 
| 108|0x00000000c6c00000, 0x00000000c6c35c80, 0x00000000c6d00000| 21%| S|CS|TAMS 0x00000000c6c00000, 0x00000000c6c00000| Complete 
| 109|0x00000000c6d00000, 0x00000000c6e00000, 0x00000000c6e00000|100%| S|CS|TAMS 0x00000000c6d00000, 0x00000000c6d00000| Complete 
| 110|0x00000000c6e00000, 0x00000000c6e00000, 0x00000000c6f00000|  0%| F|  |TAMS 0x00000000c6e00000, 0x00000000c6e00000| Untracked 
| 111|0x00000000c6f00000, 0x00000000c6f00000, 0x00000000c7000000|  0%| F|  |TAMS 0x00000000c6f00000, 0x00000000c6f00000| Untracked 
| 112|0x00000000c7000000, 0x00000000c7000000, 0x00000000c7100000|  0%| F|  |TAMS 0x00000000c7000000, 0x00000000c7000000| Untracked 
| 113|0x00000000c7100000, 0x00000000c7100000, 0x00000000c7200000|  0%| F|  |TAMS 0x00000000c7100000, 0x00000000c7100000| Untracked 
| 114|0x00000000c7200000, 0x00000000c7200000, 0x00000000c7300000|  0%| F|  |TAMS 0x00000000c7200000, 0x00000000c7200000| Untracked 
| 115|0x00000000c7300000, 0x00000000c7300000, 0x00000000c7400000|  0%| F|  |TAMS 0x00000000c7300000, 0x00000000c7300000| Untracked 
| 116|0x00000000c7400000, 0x00000000c7400000, 0x00000000c7500000|  0%| F|  |TAMS 0x00000000c7400000, 0x00000000c7400000| Untracked 
| 117|0x00000000c7500000, 0x00000000c7500000, 0x00000000c7600000|  0%| F|  |TAMS 0x00000000c7500000, 0x00000000c7500000| Untracked 
| 118|0x00000000c7600000, 0x00000000c7600000, 0x00000000c7700000|  0%| F|  |TAMS 0x00000000c7600000, 0x00000000c7600000| Untracked 
| 119|0x00000000c7700000, 0x00000000c7700000, 0x00000000c7800000|  0%| F|  |TAMS 0x00000000c7700000, 0x00000000c7700000| Untracked 
| 120|0x00000000c7800000, 0x00000000c7800000, 0x00000000c7900000|  0%| F|  |TAMS 0x00000000c7800000, 0x00000000c7800000| Untracked 
| 121|0x00000000c7900000, 0x00000000c7900000, 0x00000000c7a00000|  0%| F|  |TAMS 0x00000000c7900000, 0x00000000c7900000| Untracked 
| 122|0x00000000c7a00000, 0x00000000c7a00000, 0x00000000c7b00000|  0%| F|  |TAMS 0x00000000c7a00000, 0x00000000c7a00000| Untracked 
| 123|0x00000000c7b00000, 0x00000000c7b00000, 0x00000000c7c00000|  0%| F|  |TAMS 0x00000000c7b00000, 0x00000000c7b00000| Untracked 
| 124|0x00000000c7c00000, 0x00000000c7c00000, 0x00000000c7d00000|  0%| F|  |TAMS 0x00000000c7c00000, 0x00000000c7c00000| Untracked 
| 125|0x00000000c7d00000, 0x00000000c7d00000, 0x00000000c7e00000|  0%| F|  |TAMS 0x00000000c7d00000, 0x00000000c7d00000| Untracked 
| 126|0x00000000c7e00000, 0x00000000c7e00000, 0x00000000c7f00000|  0%| F|  |TAMS 0x00000000c7e00000, 0x00000000c7e00000| Untracked 
| 127|0x00000000c7f00000, 0x00000000c7f00000, 0x00000000c8000000|  0%| F|  |TAMS 0x00000000c7f00000, 0x00000000c7f00000| Untracked 
| 128|0x00000000c8000000, 0x00000000c8000000, 0x00000000c8100000|  0%| F|  |TAMS 0x00000000c8000000, 0x00000000c8000000| Untracked 
| 129|0x00000000c8100000, 0x00000000c8100000, 0x00000000c8200000|  0%| F|  |TAMS 0x00000000c8100000, 0x00000000c8100000| Untracked 
| 130|0x00000000c8200000, 0x00000000c8200000, 0x00000000c8300000|  0%| F|  |TAMS 0x00000000c8200000, 0x00000000c8200000| Untracked 
| 131|0x00000000c8300000, 0x00000000c8300000, 0x00000000c8400000|  0%| F|  |TAMS 0x00000000c8300000, 0x00000000c8300000| Untracked 
| 132|0x00000000c8400000, 0x00000000c8400000, 0x00000000c8500000|  0%| F|  |TAMS 0x00000000c8400000, 0x00000000c8400000| Untracked 
| 133|0x00000000c8500000, 0x00000000c8500000, 0x00000000c8600000|  0%| F|  |TAMS 0x00000000c8500000, 0x00000000c8500000| Untracked 
| 134|0x00000000c8600000, 0x00000000c8600000, 0x00000000c8700000|  0%| F|  |TAMS 0x00000000c8600000, 0x00000000c8600000| Untracked 
| 135|0x00000000c8700000, 0x00000000c8700000, 0x00000000c8800000|  0%| F|  |TAMS 0x00000000c8700000, 0x00000000c8700000| Untracked 
| 136|0x00000000c8800000, 0x00000000c8800000, 0x00000000c8900000|  0%| F|  |TAMS 0x00000000c8800000, 0x00000000c8800000| Untracked 
| 137|0x00000000c8900000, 0x00000000c8900000, 0x00000000c8a00000|  0%| F|  |TAMS 0x00000000c8900000, 0x00000000c8900000| Untracked 
| 138|0x00000000c8a00000, 0x00000000c8a00000, 0x00000000c8b00000|  0%| F|  |TAMS 0x00000000c8a00000, 0x00000000c8a00000| Untracked 
| 139|0x00000000c8b00000, 0x00000000c8b00000, 0x00000000c8c00000|  0%| F|  |TAMS 0x00000000c8b00000, 0x00000000c8b00000| Untracked 
| 140|0x00000000c8c00000, 0x00000000c8c00000, 0x00000000c8d00000|  0%| F|  |TAMS 0x00000000c8c00000, 0x00000000c8c00000| Untracked 
| 141|0x00000000c8d00000, 0x00000000c8d00000, 0x00000000c8e00000|  0%| F|  |TAMS 0x00000000c8d00000, 0x00000000c8d00000| Untracked 
| 142|0x00000000c8e00000, 0x00000000c8e00000, 0x00000000c8f00000|  0%| F|  |TAMS 0x00000000c8e00000, 0x00000000c8e00000| Untracked 
| 143|0x00000000c8f00000, 0x00000000c8f00000, 0x00000000c9000000|  0%| F|  |TAMS 0x00000000c8f00000, 0x00000000c8f00000| Untracked 
| 144|0x00000000c9000000, 0x00000000c9000000, 0x00000000c9100000|  0%| F|  |TAMS 0x00000000c9000000, 0x00000000c9000000| Untracked 
| 145|0x00000000c9100000, 0x00000000c9100000, 0x00000000c9200000|  0%| F|  |TAMS 0x00000000c9100000, 0x00000000c9100000| Untracked 
| 146|0x00000000c9200000, 0x00000000c9200000, 0x00000000c9300000|  0%| F|  |TAMS 0x00000000c9200000, 0x00000000c9200000| Untracked 
| 147|0x00000000c9300000, 0x00000000c9300000, 0x00000000c9400000|  0%| F|  |TAMS 0x00000000c9300000, 0x00000000c9300000| Untracked 
| 148|0x00000000c9400000, 0x00000000c9400000, 0x00000000c9500000|  0%| F|  |TAMS 0x00000000c9400000, 0x00000000c9400000| Untracked 
| 149|0x00000000c9500000, 0x00000000c9500000, 0x00000000c9600000|  0%| F|  |TAMS 0x00000000c9500000, 0x00000000c9500000| Untracked 
| 150|0x00000000c9600000, 0x00000000c9600000, 0x00000000c9700000|  0%| F|  |TAMS 0x00000000c9600000, 0x00000000c9600000| Untracked 
| 151|0x00000000c9700000, 0x00000000c9700000, 0x00000000c9800000|  0%| F|  |TAMS 0x00000000c9700000, 0x00000000c9700000| Untracked 
| 152|0x00000000c9800000, 0x00000000c9800000, 0x00000000c9900000|  0%| F|  |TAMS 0x00000000c9800000, 0x00000000c9800000| Untracked 
| 153|0x00000000c9900000, 0x00000000c9900000, 0x00000000c9a00000|  0%| F|  |TAMS 0x00000000c9900000, 0x00000000c9900000| Untracked 
| 154|0x00000000c9a00000, 0x00000000c9a00000, 0x00000000c9b00000|  0%| F|  |TAMS 0x00000000c9a00000, 0x00000000c9a00000| Untracked 
| 155|0x00000000c9b00000, 0x00000000c9b00000, 0x00000000c9c00000|  0%| F|  |TAMS 0x00000000c9b00000, 0x00000000c9b00000| Untracked 
| 156|0x00000000c9c00000, 0x00000000c9c00000, 0x00000000c9d00000|  0%| F|  |TAMS 0x00000000c9c00000, 0x00000000c9c00000| Untracked 
| 157|0x00000000c9d00000, 0x00000000c9d00000, 0x00000000c9e00000|  0%| F|  |TAMS 0x00000000c9d00000, 0x00000000c9d00000| Untracked 
| 158|0x00000000c9e00000, 0x00000000c9e00000, 0x00000000c9f00000|  0%| F|  |TAMS 0x00000000c9e00000, 0x00000000c9e00000| Untracked 
| 159|0x00000000c9f00000, 0x00000000c9f00000, 0x00000000ca000000|  0%| F|  |TAMS 0x00000000c9f00000, 0x00000000c9f00000| Untracked 
| 160|0x00000000ca000000, 0x00000000ca000000, 0x00000000ca100000|  0%| F|  |TAMS 0x00000000ca000000, 0x00000000ca000000| Untracked 
| 161|0x00000000ca100000, 0x00000000ca100000, 0x00000000ca200000|  0%| F|  |TAMS 0x00000000ca100000, 0x00000000ca100000| Untracked 
| 162|0x00000000ca200000, 0x00000000ca200000, 0x00000000ca300000|  0%| F|  |TAMS 0x00000000ca200000, 0x00000000ca200000| Untracked 
| 163|0x00000000ca300000, 0x00000000ca300000, 0x00000000ca400000|  0%| F|  |TAMS 0x00000000ca300000, 0x00000000ca300000| Untracked 
| 164|0x00000000ca400000, 0x00000000ca400000, 0x00000000ca500000|  0%| F|  |TAMS 0x00000000ca400000, 0x00000000ca400000| Untracked 
| 165|0x00000000ca500000, 0x00000000ca500000, 0x00000000ca600000|  0%| F|  |TAMS 0x00000000ca500000, 0x00000000ca500000| Untracked 
| 166|0x00000000ca600000, 0x00000000ca600000, 0x00000000ca700000|  0%| F|  |TAMS 0x00000000ca600000, 0x00000000ca600000| Untracked 
| 167|0x00000000ca700000, 0x00000000ca700000, 0x00000000ca800000|  0%| F|  |TAMS 0x00000000ca700000, 0x00000000ca700000| Untracked 
| 168|0x00000000ca800000, 0x00000000ca800000, 0x00000000ca900000|  0%| F|  |TAMS 0x00000000ca800000, 0x00000000ca800000| Untracked 
| 169|0x00000000ca900000, 0x00000000ca900000, 0x00000000caa00000|  0%| F|  |TAMS 0x00000000ca900000, 0x00000000ca900000| Untracked 
| 170|0x00000000caa00000, 0x00000000caa00000, 0x00000000cab00000|  0%| F|  |TAMS 0x00000000caa00000, 0x00000000caa00000| Untracked 
| 171|0x00000000cab00000, 0x00000000cab00000, 0x00000000cac00000|  0%| F|  |TAMS 0x00000000cab00000, 0x00000000cab00000| Untracked 
| 172|0x00000000cac00000, 0x00000000cac00000, 0x00000000cad00000|  0%| F|  |TAMS 0x00000000cac00000, 0x00000000cac00000| Untracked 
| 173|0x00000000cad00000, 0x00000000cad00000, 0x00000000cae00000|  0%| F|  |TAMS 0x00000000cad00000, 0x00000000cad00000| Untracked 
| 174|0x00000000cae00000, 0x00000000cae00000, 0x00000000caf00000|  0%| F|  |TAMS 0x00000000cae00000, 0x00000000cae00000| Untracked 
| 175|0x00000000caf00000, 0x00000000caf00000, 0x00000000cb000000|  0%| F|  |TAMS 0x00000000caf00000, 0x00000000caf00000| Untracked 
| 176|0x00000000cb000000, 0x00000000cb000000, 0x00000000cb100000|  0%| F|  |TAMS 0x00000000cb000000, 0x00000000cb000000| Untracked 
| 177|0x00000000cb100000, 0x00000000cb100000, 0x00000000cb200000|  0%| F|  |TAMS 0x00000000cb100000, 0x00000000cb100000| Untracked 
| 178|0x00000000cb200000, 0x00000000cb200000, 0x00000000cb300000|  0%| F|  |TAMS 0x00000000cb200000, 0x00000000cb200000| Untracked 
| 179|0x00000000cb300000, 0x00000000cb300000, 0x00000000cb400000|  0%| F|  |TAMS 0x00000000cb300000, 0x00000000cb300000| Untracked 
| 180|0x00000000cb400000, 0x00000000cb400000, 0x00000000cb500000|  0%| F|  |TAMS 0x00000000cb400000, 0x00000000cb400000| Untracked 
| 181|0x00000000cb500000, 0x00000000cb500000, 0x00000000cb600000|  0%| F|  |TAMS 0x00000000cb500000, 0x00000000cb500000| Untracked 
| 182|0x00000000cb600000, 0x00000000cb600000, 0x00000000cb700000|  0%| F|  |TAMS 0x00000000cb600000, 0x00000000cb600000| Untracked 
| 183|0x00000000cb700000, 0x00000000cb700000, 0x00000000cb800000|  0%| F|  |TAMS 0x00000000cb700000, 0x00000000cb700000| Untracked 
| 184|0x00000000cb800000, 0x00000000cb896b30, 0x00000000cb900000| 58%| E|  |TAMS 0x00000000cb800000, 0x00000000cb800000| Complete 
| 185|0x00000000cb900000, 0x00000000cba00000, 0x00000000cba00000|100%| E|CS|TAMS 0x00000000cb900000, 0x00000000cb900000| Complete 
| 186|0x00000000cba00000, 0x00000000cbb00000, 0x00000000cbb00000|100%| E|CS|TAMS 0x00000000cba00000, 0x00000000cba00000| Complete 
| 187|0x00000000cbb00000, 0x00000000cbc00000, 0x00000000cbc00000|100%| E|CS|TAMS 0x00000000cbb00000, 0x00000000cbb00000| Complete 
| 188|0x00000000cbc00000, 0x00000000cbd00000, 0x00000000cbd00000|100%| E|CS|TAMS 0x00000000cbc00000, 0x00000000cbc00000| Complete 
| 189|0x00000000cbd00000, 0x00000000cbe00000, 0x00000000cbe00000|100%| E|CS|TAMS 0x00000000cbd00000, 0x00000000cbd00000| Complete 
| 190|0x00000000cbe00000, 0x00000000cbf00000, 0x00000000cbf00000|100%| E|CS|TAMS 0x00000000cbe00000, 0x00000000cbe00000| Complete 
| 191|0x00000000cbf00000, 0x00000000cc000000, 0x00000000cc000000|100%| E|CS|TAMS 0x00000000cbf00000, 0x00000000cbf00000| Complete 
| 192|0x00000000cc000000, 0x00000000cc100000, 0x00000000cc100000|100%| E|CS|TAMS 0x00000000cc000000, 0x00000000cc000000| Complete 
| 193|0x00000000cc100000, 0x00000000cc200000, 0x00000000cc200000|100%| E|CS|TAMS 0x00000000cc100000, 0x00000000cc100000| Complete 
| 194|0x00000000cc200000, 0x00000000cc300000, 0x00000000cc300000|100%| E|CS|TAMS 0x00000000cc200000, 0x00000000cc200000| Complete 
| 195|0x00000000cc300000, 0x00000000cc400000, 0x00000000cc400000|100%| E|CS|TAMS 0x00000000cc300000, 0x00000000cc300000| Complete 
| 196|0x00000000cc400000, 0x00000000cc500000, 0x00000000cc500000|100%| E|CS|TAMS 0x00000000cc400000, 0x00000000cc400000| Complete 
| 197|0x00000000cc500000, 0x00000000cc600000, 0x00000000cc600000|100%| E|CS|TAMS 0x00000000cc500000, 0x00000000cc500000| Complete 
| 198|0x00000000cc600000, 0x00000000cc700000, 0x00000000cc700000|100%| E|CS|TAMS 0x00000000cc600000, 0x00000000cc600000| Complete 
| 199|0x00000000cc700000, 0x00000000cc800000, 0x00000000cc800000|100%| E|CS|TAMS 0x00000000cc700000, 0x00000000cc700000| Complete 
| 200|0x00000000cc800000, 0x00000000cc900000, 0x00000000cc900000|100%| E|CS|TAMS 0x00000000cc800000, 0x00000000cc800000| Complete 
| 201|0x00000000cc900000, 0x00000000cca00000, 0x00000000cca00000|100%| E|CS|TAMS 0x00000000cc900000, 0x00000000cc900000| Complete 

Card table byte_map: [0x0000014a4fa30000,0x0000014a4fc30000] _byte_map_base: 0x0000014a4f430000

Marking Bits (Prev, Next): (CMBitMap*) 0x0000014a38b1f270, (CMBitMap*) 0x0000014a38b1f2b0
 Prev Bits: [0x0000014a4fe30000, 0x0000014a50e30000)
 Next Bits: [0x0000014a50e30000, 0x0000014a51e30000)

Polling page: 0x0000014a36990000

Metaspace:

Usage:
  Non-class:     12.02 MB used.
      Class:    919.25 KB used.
       Both:     12.91 MB used.

Virtual space:
  Non-class space:       64.00 MB reserved,      12.12 MB ( 19%) committed,  1 nodes.
      Class space:        1.00 GB reserved,       1.00 MB ( <1%) committed,  1 nodes.
             Both:        1.06 GB reserved,      13.12 MB (  1%) committed. 

Chunk freelists:
   Non-Class:  3.33 MB
       Class:  14.91 MB
        Both:  18.24 MB

MaxMetaspaceSize: unlimited
CompressedClassSpaceSize: 1.00 GB
Initial GC threshold: 21.00 MB
Current GC threshold: 21.38 MB
CDS: on
MetaspaceReclaimPolicy: balanced
 - commit_granule_bytes: 65536.
 - commit_granule_words: 8192.
 - virtual_space_node_default_size: 8388608.
 - enlarge_chunks_in_place: 1.
 - new_chunks_are_fully_committed: 0.
 - uncommit_free_chunks: 1.
 - use_allocation_guard: 0.
 - handle_deallocations: 1.


Internal statistics:

num_allocs_failed_limit: 0.
num_arena_births: 106.
num_arena_deaths: 0.
num_vsnodes_births: 2.
num_vsnodes_deaths: 0.
num_space_committed: 206.
num_space_uncommitted: 0.
num_chunks_returned_to_freelist: 0.
num_chunks_taken_from_freelist: 393.
num_chunk_merges: 0.
num_chunk_splits: 307.
num_chunks_enlarged: 246.
num_inconsistent_stats: 0.

CodeHeap 'non-profiled nmethods': size=120000Kb used=854Kb max_used=854Kb free=119146Kb
 bounds [0x0000014a480e0000, 0x0000014a48350000, 0x0000014a4f610000]
CodeHeap 'profiled nmethods': size=120000Kb used=3502Kb max_used=3502Kb free=116497Kb
 bounds [0x0000014a40610000, 0x0000014a40980000, 0x0000014a47b40000]
CodeHeap 'non-nmethods': size=5760Kb used=1613Kb max_used=1643Kb free=4146Kb
 bounds [0x0000014a47b40000, 0x0000014a47db0000, 0x0000014a480e0000]
 total_blobs=2726 nmethods=1788 adapters=851
 compilation: enabled
              stopped_count=0, restarted_count=0
 full_count=0

Compilation events (20 events):
Event: 17.042 Thread 0x0000014a54860750 1779       3       processing.opengl.PGraphicsOpenGL$IndexCache::getLast (28 bytes)
Event: 17.042 Thread 0x0000014a54860750 nmethod 1779 0x0000014a40967e10 code [0x0000014a40967fc0, 0x0000014a40968178]
Event: 17.551 Thread 0x0000014a54860750 1780       3       processing.opengl.PGraphicsOpenGL$TessGeometry::copyPolyVertices (79 bytes)
Event: 17.551 Thread 0x0000014a54860750 nmethod 1780 0x0000014a40968290 code [0x0000014a409684e0, 0x0000014a40968d68]
Event: 17.554 Thread 0x0000014a54860750 1781       3       processing.opengl.PShader::consumeUniforms (1093 bytes)
Event: 17.556 Thread 0x0000014a54860750 nmethod 1781 0x0000014a40969110 code [0x0000014a40969aa0, 0x0000014a40970848]
Event: 17.557 Thread 0x0000014a54860750 1782       3       processing.opengl.PShader::bindTextures (126 bytes)
Event: 17.557 Thread 0x0000014a54860750 nmethod 1782 0x0000014a40973510 code [0x0000014a40973800, 0x0000014a40974bd8]
Event: 17.557 Thread 0x0000014a54860750 1783       3       processing.opengl.PShader::bindTyped (516 bytes)
Event: 17.558 Thread 0x0000014a54860750 nmethod 1783 0x0000014a40975290 code [0x0000014a40975780, 0x0000014a40977c78]
Event: 17.558 Thread 0x0000014a54860750 1784       3       processing.opengl.PShader::unbindTextures (136 bytes)
Event: 17.559 Thread 0x0000014a54860750 nmethod 1784 0x0000014a40978910 code [0x0000014a40978c20, 0x0000014a4097a248]
Event: 21.086 Thread 0x0000014a5484ef50 1785       4       jogamp.common.util.locks.RecursiveLockImpl01Unfairish$SingleThreadSync::isOwner (14 bytes)
Event: 21.086 Thread 0x0000014a5484ef50 nmethod 1785 0x0000014a481b5510 code [0x0000014a481b5680, 0x0000014a481b5718]
Event: 22.364 Thread 0x0000014a54860750 1786       3       java.lang.AbstractStringBuilder::append (55 bytes)
Event: 22.364 Thread 0x0000014a54860750 nmethod 1786 0x0000014a4097a990 code [0x0000014a4097ab60, 0x0000014a4097ae98]
Event: 22.392 Thread 0x0000014a54860750 1787       3       jdk.internal.misc.Unsafe::getAndAddLong (27 bytes)
Event: 22.392 Thread 0x0000014a54860750 nmethod 1787 0x0000014a4097b010 code [0x0000014a4097b1c0, 0x0000014a4097b408]
Event: 22.392 Thread 0x0000014a54860750 1788       3       jdk.internal.misc.Unsafe::weakCompareAndSetLong (11 bytes)
Event: 22.393 Thread 0x0000014a54860750 nmethod 1788 0x0000014a4097b510 code [0x0000014a4097b6a0, 0x0000014a4097b7d8]

GC Heap History (20 events):
Event: 10.102 GC heap before
{Heap before GC invocations=25 (full 0):
 garbage-first heap   total 172032K, used 149278K [0x00000000c0000000, 0x0000000100000000)
  region size 1024K, 66 young (67584K), 2 survivors (2048K)
 Metaspace       used 12917K, committed 13120K, reserved 1114112K
  class space    used 915K, committed 1024K, reserved 1048576K
}
Event: 10.104 GC heap after
{Heap after GC invocations=26 (full 0):
 garbage-first heap   total 172032K, used 84288K [0x00000000c0000000, 0x0000000100000000)
  region size 1024K, 2 young (2048K), 2 survivors (2048K)
 Metaspace       used 12917K, committed 13120K, reserved 1114112K
  class space    used 915K, committed 1024K, reserved 1048576K
}
Event: 11.127 GC heap before
{Heap before GC invocations=27 (full 0):
 garbage-first heap   total 172032K, used 149824K [0x00000000c0000000, 0x0000000100000000)
  region size 1024K, 66 young (67584K), 2 survivors (2048K)
 Metaspace       used 12973K, committed 13184K, reserved 1114112K
  class space    used 915K, committed 1024K, reserved 1048576K
}
Event: 11.128 GC heap after
{Heap after GC invocations=28 (full 0):
 garbage-first heap   total 172032K, used 84910K [0x00000000c0000000, 0x0000000100000000)
  region size 1024K, 3 young (3072K), 3 survivors (3072K)
 Metaspace       used 12973K, committed 13184K, reserved 1114112K
  class space    used 915K, committed 1024K, reserved 1048576K
}
Event: 12.136 GC heap before
{Heap before GC invocations=28 (full 0):
 garbage-first heap   total 172032K, used 148398K [0x00000000c0000000, 0x0000000100000000)
  region size 1024K, 65 young (66560K), 3 survivors (3072K)
 Metaspace       used 13076K, committed 13248K, reserved 1114112K
  class space    used 915K, committed 1024K, reserved 1048576K
}
Event: 12.137 GC heap after
{Heap after GC invocations=29 (full 0):
 garbage-first heap   total 172032K, used 83695K [0x00000000c0000000, 0x0000000100000000)
  region size 1024K, 2 young (2048K), 2 survivors (2048K)
 Metaspace       used 13076K, committed 13248K, reserved 1114112K
  class space    used 915K, committed 1024K, reserved 1048576K
}
Event: 13.142 GC heap before
{Heap before GC invocations=30 (full 0):
 garbage-first heap   total 172032K, used 148207K [0x00000000c0000000, 0x0000000100000000)
  region size 1024K, 65 young (66560K), 2 survivors (2048K)
 Metaspace       used 13077K, committed 13248K, reserved 1114112K
  class space    used 915K, committed 1024K, reserved 1048576K
}
Event: 13.143 GC heap after
{Heap after GC invocations=31 (full 0):
 garbage-first heap   total 206848K, used 83294K [0x00000000c0000000, 0x0000000100000000)
  region size 1024K, 1 young (1024K), 1 survivors (1024K)
 Metaspace       used 13077K, committed 13248K, reserved 1114112K
  class space    used 915K, committed 1024K, reserved 1048576K
}
Event: 14.623 GC heap before
{Heap before GC invocations=31 (full 0):
 garbage-first heap   total 206848K, used 180574K [0x00000000c0000000, 0x0000000100000000)
  region size 1024K, 96 young (98304K), 1 survivors (1024K)
 Metaspace       used 13077K, committed 13248K, reserved 1114112K
  class space    used 915K, committed 1024K, reserved 1048576K
}
Event: 14.624 GC heap after
{Heap after GC invocations=32 (full 0):
 garbage-first heap   total 206848K, used 84469K [0x00000000c0000000, 0x0000000100000000)
  region size 1024K, 2 young (2048K), 2 survivors (2048K)
 Metaspace       used 13077K, committed 13248K, reserved 1114112K
  class space    used 915K, committed 1024K, reserved 1048576K
}
Event: 16.176 GC heap before
{Heap before GC invocations=32 (full 0):
 garbage-first heap   total 206848K, used 180725K [0x00000000c0000000, 0x0000000100000000)
  region size 1024K, 96 young (98304K), 2 survivors (2048K)
 Metaspace       used 13077K, committed 13248K, reserved 1114112K
  class space    used 915K, committed 1024K, reserved 1048576K
}
Event: 16.178 GC heap after
{Heap after GC invocations=33 (full 0):
 garbage-first heap   total 206848K, used 84721K [0x00000000c0000000, 0x0000000100000000)
  region size 1024K, 3 young (3072K), 3 survivors (3072K)
 Metaspace       used 13077K, committed 13248K, reserved 1114112K
  class space    used 915K, committed 1024K, reserved 1048576K
}
Event: 17.648 GC heap before
{Heap before GC invocations=33 (full 0):
 garbage-first heap   total 206848K, used 178929K [0x00000000c0000000, 0x0000000100000000)
  region size 1024K, 95 young (97280K), 3 survivors (3072K)
 Metaspace       used 13179K, committed 13376K, reserved 1114112K
  class space    used 915K, committed 1024K, reserved 1048576K
}
Event: 17.649 GC heap after
{Heap after GC invocations=34 (full 0):
 garbage-first heap   total 206848K, used 83240K [0x00000000c0000000, 0x0000000100000000)
  region size 1024K, 1 young (1024K), 1 survivors (1024K)
 Metaspace       used 13179K, committed 13376K, reserved 1114112K
  class space    used 915K, committed 1024K, reserved 1048576K
}
Event: 19.175 GC heap before
{Heap before GC invocations=34 (full 0):
 garbage-first heap   total 206848K, used 180520K [0x00000000c0000000, 0x0000000100000000)
  region size 1024K, 96 young (98304K), 1 survivors (1024K)
 Metaspace       used 13179K, committed 13376K, reserved 1114112K
  class space    used 915K, committed 1024K, reserved 1048576K
}
Event: 19.176 GC heap after
{Heap after GC invocations=35 (full 0):
 garbage-first heap   total 206848K, used 84618K [0x00000000c0000000, 0x0000000100000000)
  region size 1024K, 2 young (2048K), 2 survivors (2048K)
 Metaspace       used 13179K, committed 13376K, reserved 1114112K
  class space    used 915K, committed 1024K, reserved 1048576K
}
Event: 20.655 GC heap before
{Heap before GC invocations=35 (full 0):
 garbage-first heap   total 206848K, used 180874K [0x00000000c0000000, 0x0000000100000000)
  region size 1024K, 96 young (98304K), 2 survivors (2048K)
 Metaspace       used 13179K, committed 13376K, reserved 1114112K
  class space    used 915K, committed 1024K, reserved 1048576K
}
Event: 20.656 GC heap after
{Heap after GC invocations=36 (full 0):
 garbage-first heap   total 206848K, used 85225K [0x00000000c0000000, 0x0000000100000000)
  region size 1024K, 3 young (3072K), 3 survivors (3072K)
 Metaspace       used 13179K, committed 13376K, reserved 1114112K
  class space    used 915K, committed 1024K, reserved 1048576K
}
Event: 22.113 GC heap before
{Heap before GC invocations=36 (full 0):
 garbage-first heap   total 206848K, used 179433K [0x00000000c0000000, 0x0000000100000000)
  region size 1024K, 95 young (97280K), 3 survivors (3072K)
 Metaspace       used 13179K, committed 13376K, reserved 1114112K
  class space    used 915K, committed 1024K, reserved 1048576K
}
Event: 22.113 GC heap after
{Heap after GC invocations=37 (full 0):
 garbage-first heap   total 206848K, used 83904K [0x00000000c0000000, 0x0000000100000000)
  region size 1024K, 2 young (2048K), 2 survivors (2048K)
 Metaspace       used 13179K, committed 13376K, reserved 1114112K
  class space    used 915K, committed 1024K, reserved 1048576K
}

Dll operation events (14 events):
Event: 0.006 Loaded shared library C:\Program Files\Processing\app\resources\jdk-17.0.14+7\bin\java.dll
Event: 0.017 Loaded shared library C:\Program Files\Processing\app\resources\jdk-17.0.14+7\bin\jsvml.dll
Event: 0.083 Loaded shared library C:\Program Files\Processing\app\resources\jdk-17.0.14+7\bin\net.dll
Event: 0.084 Loaded shared library C:\Program Files\Processing\app\resources\jdk-17.0.14+7\bin\nio.dll
Event: 0.086 Loaded shared library C:\Program Files\Processing\app\resources\jdk-17.0.14+7\bin\zip.dll
Event: 0.121 Loaded shared library C:\Program Files\Processing\app\resources\jdk-17.0.14+7\bin\jimage.dll
Event: 0.124 Loaded shared library C:\Program Files\Processing\app\resources\jdk-17.0.14+7\bin\awt.dll
Event: 0.372 Loaded shared library C:\Users\danil\AppData\Local\Temp\jogamp_0000\file_cache\jln13035324668769962408\jln4490591412363949549\natives\windows-amd64\gluegen_rt.dll
Event: 0.377 Loaded shared library C:\Program Files\Processing\app\resources\jdk-17.0.14+7\bin\jawt.dll
Event: 0.388 Loaded shared library C:\Users\danil\AppData\Local\Temp\jogamp_0000\file_cache\jln13035324668769962408\jln4490591412363949549\natives\windows-amd64\nativewindow_awt.dll
Event: 0.412 Loaded shared library C:\Users\danil\AppData\Local\Temp\jogamp_0000\file_cache\jln13035324668769962408\jln4490591412363949549\natives\windows-amd64\nativewindow_win32.dll
Event: 0.489 Loaded shared library C:\Users\danil\AppData\Local\Temp\jogamp_0000\file_cache\jln13035324668769962408\jln4490591412363949549\natives\windows-amd64\jogl_desktop.dll
Event: 0.644 Loaded shared library C:\Users\danil\AppData\Local\Temp\jogamp_0000\file_cache\jln13035324668769962408\jln4490591412363949549\natives\windows-amd64\jogl_mobile.dll
Event: 1.331 Loaded shared library C:\Users\danil\AppData\Local\Temp\jogamp_0000\file_cache\jln13035324668769962408\jln4490591412363949549\natives\windows-amd64\newt_head.dll

Deoptimization events (20 events):
Event: 22.278 Thread 0x0000014a9c6a3860 DEOPT PACKING pc=0x0000014a408e5041 sp=0x00000041d79fe9c0
Event: 22.278 Thread 0x0000014a9c6a3860 DEOPT UNPACKING pc=0x0000014a47b9ace3 sp=0x00000041d79fdeb0 mode 1
Event: 22.278 Thread 0x0000014a9c6a3860 DEOPT PACKING pc=0x0000014a408d48f4 sp=0x00000041d79fea50
Event: 22.278 Thread 0x0000014a9c6a3860 DEOPT UNPACKING pc=0x0000014a47b9ace3 sp=0x00000041d79fdef8 mode 1
Event: 22.278 Thread 0x0000014a9c6a3860 DEOPT PACKING pc=0x0000014a408e5041 sp=0x00000041d79fea50
Event: 22.278 Thread 0x0000014a9c6a3860 DEOPT UNPACKING pc=0x0000014a47b9ace3 sp=0x00000041d79fdf40 mode 1
Event: 22.278 Thread 0x0000014a9c6a3860 DEOPT PACKING pc=0x0000014a408d48f4 sp=0x00000041d79feae0
Event: 22.278 Thread 0x0000014a9c6a3860 DEOPT UNPACKING pc=0x0000014a47b9ace3 sp=0x00000041d79fdf88 mode 1
Event: 22.322 Thread 0x0000014a9c6a3860 DEOPT PACKING pc=0x0000014a408e5041 sp=0x00000041d79fe9c0
Event: 22.322 Thread 0x0000014a9c6a3860 DEOPT UNPACKING pc=0x0000014a47b9ace3 sp=0x00000041d79fdeb0 mode 1
Event: 22.322 Thread 0x0000014a9c6a3860 DEOPT PACKING pc=0x0000014a408d48f4 sp=0x00000041d79fea50
Event: 22.322 Thread 0x0000014a9c6a3860 DEOPT UNPACKING pc=0x0000014a47b9ace3 sp=0x00000041d79fdef8 mode 1
Event: 22.322 Thread 0x0000014a9c6a3860 DEOPT PACKING pc=0x0000014a408e5041 sp=0x00000041d79fea50
Event: 22.322 Thread 0x0000014a9c6a3860 DEOPT UNPACKING pc=0x0000014a47b9ace3 sp=0x00000041d79fdf40 mode 1
Event: 22.322 Thread 0x0000014a9c6a3860 DEOPT PACKING pc=0x0000014a408d48f4 sp=0x00000041d79feae0
Event: 22.322 Thread 0x0000014a9c6a3860 DEOPT UNPACKING pc=0x0000014a47b9ace3 sp=0x00000041d79fdf88 mode 1
Event: 22.388 Thread 0x0000014a9a773830 Uncommon trap: trap_request=0xffffff45 fr.pc=0x0000014a48191170 relative=0x00000000000000f0
Event: 22.388 Thread 0x0000014a9a773830 Uncommon trap: reason=unstable_if action=reinterpret pc=0x0000014a48191170 method=com.jogamp.common.util.IntIntHashMap.put(II)I @ 21 c2
Event: 22.388 Thread 0x0000014a9a773830 DEOPT PACKING pc=0x0000014a48191170 sp=0x00000041d6afef10
Event: 22.388 Thread 0x0000014a9a773830 DEOPT UNPACKING pc=0x0000014a47b9a1a3 sp=0x00000041d6afee78 mode 2

Classes loaded (20 events):
Event: 1.480 Loading class java/util/concurrent/Callable done
Event: 1.480 Loading class java/util/concurrent/Executors$RunnableAdapter done
Event: 1.480 Loading class java/util/concurrent/ThreadPoolExecutor$Worker
Event: 1.480 Loading class java/util/concurrent/ThreadPoolExecutor$Worker done
Event: 1.484 Loading class java/util/concurrent/locks/AbstractQueuedSynchronizer$SharedNode
Event: 1.484 Loading class java/util/concurrent/locks/AbstractQueuedSynchronizer$SharedNode done
Event: 1.570 Loading class sun/nio/cs/StreamDecoder
Event: 1.571 Loading class sun/nio/cs/StreamDecoder done
Event: 1.571 Loading class java/util/regex/Pattern$LookBehindEndNode
Event: 1.571 Loading class java/util/regex/Pattern$LookBehindEndNode done
Event: 1.571 Loading class java/util/regex/Pattern$NotBehind
Event: 1.571 Loading class java/util/regex/Pattern$NotBehind done
Event: 1.571 Loading class java/util/regex/Pattern$Neg
Event: 1.571 Loading class java/util/regex/Pattern$Neg done
Event: 1.571 Loading class java/util/regex/Pattern$Pos
Event: 1.571 Loading class java/util/regex/Pattern$Pos done
Event: 1.577 Loading class java/util/regex/Pattern$SliceS
Event: 1.577 Loading class java/util/regex/Pattern$SliceS done
Event: 22.364 Loading class java/nio/channels/ClosedChannelException
Event: 22.364 Loading class java/nio/channels/ClosedChannelException done

Classes unloaded (0 events):
No events

Classes redefined (0 events):
No events

Internal exceptions (20 events):
Event: 0.111 Thread 0x0000014a38add430 Exception <a 'java/lang/NoSuchMethodError'{0x00000000c3ce65b8}: 'void java.lang.invoke.DirectMethodHandle$Holder.invokeStatic(java.lang.Object, java.lang.Object, java.lang.Object)'> (0x00000000c3ce65b8) 
thrown [s\src\hotspot\share\interpreter\linkResolver.cpp, line 759]
Event: 0.117 Thread 0x0000014a38add430 Exception <a 'java/lang/ClassNotFoundException'{0x00000000c3b0d918}: sun/awt/resources/spi/awtProvider> (0x00000000c3b0d918) 
thrown [s\src\hotspot\share\classfile\systemDictionary.cpp, line 256]
Event: 0.131 Thread 0x0000014a38add430 Exception <a 'java/io/FileNotFoundException'{0x00000000c3b63258}> (0x00000000c3b63258) 
thrown [s\src\hotspot\share\prims\jni.cpp, line 516]
Event: 0.135 Thread 0x0000014a38add430 Exception <a 'java/io/FileNotFoundException'{0x00000000c3b906d8}> (0x00000000c3b906d8) 
thrown [s\src\hotspot\share\prims\jni.cpp, line 516]
Event: 0.160 Thread 0x0000014a38add430 Exception <a 'java/lang/NoSuchMethodError'{0x00000000c3a3e218}: 'java.lang.Object java.lang.invoke.DirectMethodHandle$Holder.invokeStaticInit(java.lang.Object)'> (0x00000000c3a3e218) 
thrown [s\src\hotspot\share\interpreter\linkResolver.cpp, line 759]
Event: 0.241 Thread 0x0000014a38add430 Exception <a 'java/lang/NoSuchMethodError'{0x00000000c364c2a8}: 'java.lang.Object java.lang.invoke.DirectMethodHandle$Holder.invokeStaticInit(java.lang.Object, int, int, int, int)'> (0x00000000c364c2a8) 
thrown [s\src\hotspot\share\interpreter\linkResolver.cpp, line 759]
Event: 0.273 Thread 0x0000014a38add430 Exception <a 'java/lang/NoSuchMethodError'{0x00000000c3535468}: 'java.lang.Object java.lang.invoke.DirectMethodHandle$Holder.invokeStaticInit(java.lang.Object, java.lang.Object, int, int, int, int)'> (0x00000000c3535468) 
thrown [s\src\hotspot\share\interpreter\linkResolver.cpp, line 759]
Event: 0.295 Thread 0x0000014a38add430 Exception <a 'java/lang/NoSuchMethodError'{0x00000000c3540bc0}: 'void java.lang.invoke.DirectMethodHandle$Holder.invokeStatic(java.lang.Object, long)'> (0x00000000c3540bc0) 
thrown [s\src\hotspot\share\interpreter\linkResolver.cpp, line 759]
Event: 0.296 Thread 0x0000014a38add430 Exception <a 'java/lang/NoSuchMethodError'{0x00000000c35461a0}: 'java.lang.Object java.lang.invoke.DirectMethodHandle$Holder.newInvokeSpecial(java.lang.Object, long)'> (0x00000000c35461a0) 
thrown [s\src\hotspot\share\interpreter\linkResolver.cpp, line 759]
Event: 0.298 Thread 0x0000014a38add430 Exception <a 'java/lang/NoSuchMethodError'{0x00000000c35509b8}: 'java.lang.Object java.lang.invoke.DirectMethodHandle$Holder.invokeStaticInit(java.lang.Object, java.lang.Object, long, java.lang.Object)'> (0x00000000c35509b8) 
thrown [s\src\hotspot\share\interpreter\linkResolver.cpp, line 759]
Event: 0.298 Thread 0x0000014a38add430 Exception <a 'java/lang/NoSuchMethodError'{0x00000000c3556f78}: 'java.lang.Object java.lang.invoke.DirectMethodHandle$Holder.newInvokeSpecial(java.lang.Object, java.lang.Object, long)'> (0x00000000c3556f78) 
thrown [s\src\hotspot\share\interpreter\linkResolver.cpp, line 759]
Event: 0.299 Thread 0x0000014a38add430 Exception <a 'java/lang/NoSuchMethodError'{0x00000000c355aae8}: 'java.lang.Object java.lang.invoke.Invokers$Holder.linkToTargetMethod(java.lang.Object, long, java.lang.Object)'> (0x00000000c355aae8) 
thrown [s\src\hotspot\share\interpreter\linkResolver.cpp, line 759]
Event: 0.397 Thread 0x0000014a38add430 Exception <a 'java/lang/NoSuchMethodError'{0x00000000c34c9f58}: 'java.lang.Object java.lang.invoke.DirectMethodHandle$Holder.invokeInterface(java.lang.Object, java.lang.Object)'> (0x00000000c34c9f58) 
thrown [s\src\hotspot\share\interpreter\linkResolver.cpp, line 759]
Event: 0.397 Thread 0x0000014a38add430 Exception <a 'java/lang/IncompatibleClassChangeError'{0x00000000c34cd878}: Found class java.lang.Object, but interface was expected> (0x00000000c34cd878) 
thrown [s\src\hotspot\share\interpreter\linkResolver.cpp, line 826]
Event: 1.393 Thread 0x0000014a38add430 Exception <a 'java/lang/NoSuchMethodError'{0x00000000c3349858}: 'void java.lang.invoke.DirectMethodHandle$Holder.invokeSpecial(java.lang.Object, java.lang.Object, java.lang.Object, java.lang.Object, java.lang.Object)'> (0x00000000c3349858) 
thrown [s\src\hotspot\share\interpreter\linkResolver.cpp, line 759]
Event: 1.394 Thread 0x0000014a38add430 Exception <a 'java/lang/NoSuchMethodError'{0x00000000c33527e8}: 'void java.lang.invoke.DirectMethodHandle$Holder.invokeSpecial(java.lang.Object, java.lang.Object, java.lang.Object)'> (0x00000000c33527e8) 
thrown [s\src\hotspot\share\interpreter\linkResolver.cpp, line 759]
Event: 1.395 Thread 0x0000014a38add430 Exception <a 'java/lang/NoSuchMethodError'{0x00000000c3358b18}: 'void java.lang.invoke.DirectMethodHandle$Holder.invokeSpecial(java.lang.Object, java.lang.Object, int)'> (0x00000000c3358b18) 
thrown [s\src\hotspot\share\interpreter\linkResolver.cpp, line 759]
Event: 1.395 Thread 0x0000014a38add430 Exception <a 'java/lang/NoSuchMethodError'{0x00000000c335eb30}: 'java.lang.Object java.lang.invoke.DirectMethodHandle$Holder.newInvokeSpecial(java.lang.Object, java.lang.Object, int)'> (0x00000000c335eb30) 
thrown [s\src\hotspot\share\interpreter\linkResolver.cpp, line 759]
Event: 22.363 Thread 0x0000014a9c6a51b0 Exception <a 'java/lang/InterruptedException'{0x00000000cb900000}> (0x00000000cb900000) 
thrown [s\src\hotspot\share\runtime\objectMonitor.cpp, line 1658]
Event: 22.388 Thread 0x0000014a9a773830 Implicit null exception at 0x0000014a481910c4 to 0x0000014a4819114c

VM Operations (20 events):
Event: 12.144 Executing VM operation: G1PauseCleanup done
Event: 13.142 Executing VM operation: G1CollectForAllocation
Event: 13.143 Executing VM operation: G1CollectForAllocation done
Event: 14.623 Executing VM operation: G1CollectForAllocation
Event: 14.624 Executing VM operation: G1CollectForAllocation done
Event: 16.176 Executing VM operation: G1CollectForAllocation
Event: 16.178 Executing VM operation: G1CollectForAllocation done
Event: 17.178 Executing VM operation: Cleanup
Event: 17.178 Executing VM operation: Cleanup done
Event: 17.648 Executing VM operation: G1CollectForAllocation
Event: 17.649 Executing VM operation: G1CollectForAllocation done
Event: 19.175 Executing VM operation: G1CollectForAllocation
Event: 19.176 Executing VM operation: G1CollectForAllocation done
Event: 20.655 Executing VM operation: G1CollectForAllocation
Event: 20.656 Executing VM operation: G1CollectForAllocation done
Event: 21.656 Executing VM operation: Cleanup
Event: 21.656 Executing VM operation: Cleanup done
Event: 22.113 Executing VM operation: G1CollectForAllocation
Event: 22.113 Executing VM operation: G1CollectForAllocation done
Event: 22.466 Executing VM operation: Exit

Memory protections (0 events):
No events

Nmethod flushes (0 events):
No events

Events (20 events):
Event: 1.483 Thread 0x0000014a9c6a3860 Thread added: 0x0000014aad4c79a0
Event: 1.483 Thread 0x0000014a9c6a3860 Thread added: 0x0000014aad4c6f80
Event: 1.484 Thread 0x0000014a9c6a3860 Thread added: 0x0000014aad4ca730
Event: 1.484 Thread 0x0000014a9c6a3860 Thread added: 0x0000014aad4cac40
Event: 1.845 Thread 0x0000014aad76e920 Thread exited: 0x0000014aad76e920
Event: 1.845 Thread 0x0000014a9c97b180 Thread exited: 0x0000014a9c97b180
Event: 5.215 Thread 0x0000014a9a054240 Thread added: 0x0000014aad4c9d10
Event: 6.228 Thread 0x0000014aad4c9d10 Thread exited: 0x0000014aad4c9d10
Event: 22.363 Thread 0x0000014a9c6a3860 Thread added: 0x0000014aad4c7490
Event: 22.363 Thread 0x0000014a9c6a3860 Thread added: 0x0000014aad4c9d10
Event: 22.363 Thread 0x0000014a9c6a3860 Thread added: 0x0000014aad4cb150
Event: 22.363 Thread 0x0000014a9c6a51b0 Thread exited: 0x0000014a9c6a51b0
Event: 22.364 Thread 0x0000014a9a054240 Thread added: 0x0000014aad4cb660
Event: 22.364 Thread 0x0000014aad4cb150 Thread exited: 0x0000014aad4cb150
Event: 22.364 Thread 0x0000014a9bfb6f70 Thread exited: 0x0000014a9bfb6f70
Event: 22.365 Thread 0x0000014a9a054240 Thread exited: 0x0000014a9a054240
Event: 22.389 Thread 0x0000014a9a773830 Thread exited: 0x0000014a9a773830
Event: 22.393 Thread 0x0000014aad4c7490 Thread exited: 0x0000014aad4c7490
Event: 22.465 Thread 0x0000014aad4c9d10 Thread exited: 0x0000014aad4c9d10
Event: 22.465 Thread 0x0000014a9c6a3860 Before exit entered


Dynamic libraries:
0x00007ff7c9de0000 - 0x00007ff7c9dee000 	C:\Program Files\Processing\app\resources\jdk-17.0.14+7\bin\java.exe
0x00007ffa7da60000 - 0x00007ffa7dcc7000 	C:\WINDOWS\SYSTEM32\ntdll.dll
0x00007ffa7c020000 - 0x00007ffa7c0e9000 	C:\WINDOWS\System32\KERNEL32.DLL
0x00007ffa7a540000 - 0x00007ffa7a937000 	C:\WINDOWS\System32\KERNELBASE.dll
0x00007ffa7ab20000 - 0x00007ffa7ac6b000 	C:\WINDOWS\System32\ucrtbase.dll
0x00007ffa4d920000 - 0x00007ffa4d93e000 	C:\Program Files\Processing\app\resources\jdk-17.0.14+7\bin\VCRUNTIME140.dll
0x00007ffa4d900000 - 0x00007ffa4d917000 	C:\Program Files\Processing\app\resources\jdk-17.0.14+7\bin\jli.dll
0x00007ffa7bdd0000 - 0x00007ffa7bf96000 	C:\WINDOWS\System32\USER32.dll
0x00007ffa7b630000 - 0x00007ffa7b657000 	C:\WINDOWS\System32\win32u.dll
0x00007ffa7cc40000 - 0x00007ffa7cc6b000 	C:\WINDOWS\System32\GDI32.dll
0x00007ffa7a940000 - 0x00007ffa7aa6c000 	C:\WINDOWS\System32\gdi32full.dll
0x00007ffa61590000 - 0x00007ffa61822000 	C:\WINDOWS\WinSxS\amd64_microsoft.windows.common-controls_6595b64144ccf1df_6.0.26100.8457_none_3e0b2faee331e92d\COMCTL32.dll
0x00007ffa7a490000 - 0x00007ffa7a533000 	C:\WINDOWS\System32\msvcp_win.dll
0x00007ffa7b7e0000 - 0x00007ffa7b889000 	C:\WINDOWS\System32\msvcrt.dll
0x00007ffa7ba00000 - 0x00007ffa7ba32000 	C:\WINDOWS\System32\IMM32.DLL
0x00007ffa736e0000 - 0x00007ffa736ec000 	C:\Program Files\Processing\app\resources\jdk-17.0.14+7\bin\vcruntime140_1.dll
0x00007ffa41a50000 - 0x00007ffa41add000 	C:\Program Files\Processing\app\resources\jdk-17.0.14+7\bin\msvcp140.dll
0x00007ff9b1440000 - 0x00007ff9b20ab000 	C:\Program Files\Processing\app\resources\jdk-17.0.14+7\bin\server\jvm.dll
0x00007ffa7d380000 - 0x00007ffa7d436000 	C:\WINDOWS\System32\ADVAPI32.dll
0x00007ffa7d450000 - 0x00007ffa7d4f7000 	C:\WINDOWS\System32\sechost.dll
0x00007ffa7d610000 - 0x00007ffa7d728000 	C:\WINDOWS\System32\RPCRT4.dll
0x00007ffa7d500000 - 0x00007ffa7d580000 	C:\WINDOWS\System32\WS2_32.dll
0x00007ffa7a310000 - 0x00007ffa7a36e000 	C:\WINDOWS\SYSTEM32\POWRPROF.dll
0x00007ffa61e60000 - 0x00007ffa61e96000 	C:\WINDOWS\SYSTEM32\WINMM.dll
0x00007ffa704a0000 - 0x00007ffa704ab000 	C:\WINDOWS\SYSTEM32\VERSION.dll
0x00007ffa7a2f0000 - 0x00007ffa7a304000 	C:\WINDOWS\SYSTEM32\UMPDC.dll
0x00007ffa79220000 - 0x00007ffa7923b000 	C:\WINDOWS\SYSTEM32\kernel.appcore.dll
0x00007ffa73680000 - 0x00007ffa7368a000 	C:\Program Files\Processing\app\resources\jdk-17.0.14+7\bin\jimage.dll
0x00007ffa72470000 - 0x00007ffa726b2000 	C:\WINDOWS\SYSTEM32\DBGHELP.DLL
0x00007ffa7c870000 - 0x00007ffa7cbf3000 	C:\WINDOWS\System32\combase.dll
0x00007ffa7bc30000 - 0x00007ffa7bd09000 	C:\WINDOWS\System32\OLEAUT32.dll
0x00007ffa410a0000 - 0x00007ffa410db000 	C:\WINDOWS\SYSTEM32\dbgcore.DLL
0x00007ffa7aa70000 - 0x00007ffa7ab18000 	C:\WINDOWS\System32\bcryptPrimitives.dll
0x00007ffa478a0000 - 0x00007ffa478db000 	C:\Program Files\Processing\app\resources\jdk-17.0.14+7\bin\jdwp.dll
0x00007ffa4c330000 - 0x00007ffa4c355000 	C:\Program Files\Processing\app\resources\jdk-17.0.14+7\bin\java.dll
0x00007ffa24100000 - 0x00007ffa241d7000 	C:\Program Files\Processing\app\resources\jdk-17.0.14+7\bin\jsvml.dll
0x00007ffa7c0f0000 - 0x00007ffa7c85e000 	C:\WINDOWS\System32\SHELL32.dll
0x00007ffa7ac70000 - 0x00007ffa7b4dc000 	C:\WINDOWS\System32\windows.storage.dll
0x00007ffa7d730000 - 0x00007ffa7d826000 	C:\WINDOWS\System32\SHCORE.dll
0x00007ffa7d210000 - 0x00007ffa7d276000 	C:\WINDOWS\System32\shlwapi.dll
0x00007ffa7a3b0000 - 0x00007ffa7a3d9000 	C:\WINDOWS\SYSTEM32\profapi.dll
0x00007ffa4d410000 - 0x00007ffa4d41c000 	C:\Program Files\Processing\app\resources\jdk-17.0.14+7\bin\dt_socket.dll
0x00007ffa78c30000 - 0x00007ffa78c62000 	C:\WINDOWS\SYSTEM32\IPHLPAPI.DLL
0x00007ffa79790000 - 0x00007ffa797fc000 	C:\WINDOWS\system32\mswsock.dll
0x00007ffa4ce10000 - 0x00007ffa4ce29000 	C:\Program Files\Processing\app\resources\jdk-17.0.14+7\bin\net.dll
0x00007ffa775b0000 - 0x00007ffa776d9000 	C:\WINDOWS\SYSTEM32\WINHTTP.dll
0x00007ffa4cd70000 - 0x00007ffa4cd86000 	C:\Program Files\Processing\app\resources\jdk-17.0.14+7\bin\nio.dll
0x00007ffa47880000 - 0x00007ffa47898000 	C:\Program Files\Processing\app\resources\jdk-17.0.14+7\bin\zip.dll
0x00007ff9ec9a0000 - 0x00007ff9ecb30000 	C:\Program Files\Processing\app\resources\jdk-17.0.14+7\bin\awt.dll
0x00007ffa76060000 - 0x00007ffa76100000 	C:\WINDOWS\SYSTEM32\apphelp.dll
0x00007ffa77ee0000 - 0x00007ffa77f8a000 	C:\WINDOWS\system32\uxtheme.dll
0x00007ffa7b890000 - 0x00007ffa7b9ec000 	C:\WINDOWS\System32\MSCTF.dll
0x00007ffa7ba40000 - 0x00007ffa7bbd7000 	C:\WINDOWS\System32\ole32.dll
0x00007ffa781d0000 - 0x00007ffa781ff000 	C:\WINDOWS\system32\DWMAPI.DLL
0x00007ffa33d40000 - 0x00007ffa33e4f000 	C:\WINDOWS\system32\opengl32.dll
0x00007ffa36620000 - 0x00007ffa3664d000 	C:\WINDOWS\SYSTEM32\GLU32.dll
0x00007ffa77ff0000 - 0x00007ffa78035000 	C:\WINDOWS\SYSTEM32\dxcore.dll
0x00007ffa79a70000 - 0x00007ffa79a8b000 	C:\WINDOWS\SYSTEM32\CRYPTSP.dll
0x00007ffa79180000 - 0x00007ffa791b9000 	C:\WINDOWS\system32\rsaenh.dll
0x00007ffa79840000 - 0x00007ffa79873000 	C:\WINDOWS\SYSTEM32\USERENV.dll
0x00007ffa7a380000 - 0x00007ffa7a3aa000 	C:\WINDOWS\SYSTEM32\bcrypt.dll
0x00007ffa79a90000 - 0x00007ffa79a9c000 	C:\WINDOWS\SYSTEM32\CRYPTBASE.dll
0x00007ffa7cc00000 - 0x00007ffa7cc0a000 	C:\WINDOWS\System32\NSI.dll
0x00007ffa77800000 - 0x00007ffa7781d000 	C:\WINDOWS\SYSTEM32\dhcpcsvc6.DLL
0x00007ffa77750000 - 0x00007ffa77775000 	C:\WINDOWS\SYSTEM32\dhcpcsvc.DLL
0x00007ffa78ce0000 - 0x00007ffa78e12000 	C:\WINDOWS\SYSTEM32\DNSAPI.dll
0x00007ffa457f0000 - 0x00007ffa45803000 	C:\Users\danil\AppData\Local\Temp\jogamp_0000\file_cache\jln13035324668769962408\jln4490591412363949549\natives\windows-amd64\gluegen_rt.dll
0x00007ffa4d400000 - 0x00007ffa4d407000 	C:\Program Files\Processing\app\resources\jdk-17.0.14+7\bin\jawt.dll
0x00007ffa4cd50000 - 0x00007ffa4cd5d000 	C:\Users\danil\AppData\Local\Temp\jogamp_0000\file_cache\jln13035324668769962408\jln4490591412363949549\natives\windows-amd64\nativewindow_awt.dll
0x00007ffa457d0000 - 0x00007ffa457e5000 	C:\Users\danil\AppData\Local\Temp\jogamp_0000\file_cache\jln13035324668769962408\jln4490591412363949549\natives\windows-amd64\nativewindow_win32.dll
0x00007ff9ec910000 - 0x00007ff9ec993000 	C:\Users\danil\AppData\Local\Temp\jogamp_0000\file_cache\jln13035324668769962408\jln4490591412363949549\natives\windows-amd64\jogl_desktop.dll
0x00007ffa419f0000 - 0x00007ffa41a42000 	C:\Users\danil\AppData\Local\Temp\jogamp_0000\file_cache\jln13035324668769962408\jln4490591412363949549\natives\windows-amd64\jogl_mobile.dll
0x00007ffa73470000 - 0x00007ffa734d1000 	C:\WINDOWS\SYSTEM32\directxdatabasehelper.dll
0x00007ffa665e0000 - 0x00007ffa665fd000 	C:\WINDOWS\SYSTEM32\windows.staterepositorycore.dll
0x00007ff9b0460000 - 0x00007ff9b1433000 	C:\WINDOWS\System32\DriverStore\FileRepository\iigd_dch.inf_amd64_225f37aa3862fc3f\igxelpicd64.dll
0x00007ffa78040000 - 0x00007ffa7817e000 	C:\WINDOWS\system32\dxgi.dll
0x00007ff9d3b70000 - 0x00007ff9d3ff7000 	C:\WINDOWS\System32\DriverStore\FileRepository\iigd_dch.inf_amd64_225f37aa3862fc3f\igdml64.dll
0x00007ffa7a000000 - 0x00007ffa7a051000 	C:\WINDOWS\SYSTEM32\cfgmgr32.dll
0x00007ffa704b0000 - 0x00007ffa70871000 	C:\WINDOWS\System32\DriverStore\FileRepository\iigd_dch.inf_amd64_225f37aa3862fc3f\igdgmm64.dll
0x00007ffa6d290000 - 0x00007ffa70496000 	C:\WINDOWS\System32\DriverStore\FileRepository\iigd_dch.inf_amd64_225f37aa3862fc3f\igc64.dll
0x00007ffa44850000 - 0x00007ffa44869000 	C:\Users\danil\AppData\Local\Temp\jogamp_0000\file_cache\jln13035324668769962408\jln4490591412363949549\natives\windows-amd64\newt_head.dll
0x00007ffa6bce0000 - 0x00007ffa6bd9f000 	C:\WINDOWS\SYSTEM32\mscms.dll
0x00007ffa111b0000 - 0x00007ffa111f9000 	C:\WINDOWS\SYSTEM32\icm32.dll
0x00007ffa7cc70000 - 0x00007ffa7d0f7000 	C:\WINDOWS\System32\setupapi.dll
0x00007ffa79fd0000 - 0x00007ffa79ffd000 	C:\WINDOWS\SYSTEM32\DEVOBJ.dll
0x00007ffa7b4e0000 - 0x00007ffa7b562000 	C:\WINDOWS\System32\WINTRUST.dll
0x00007ffa7b660000 - 0x00007ffa7b7d8000 	C:\WINDOWS\System32\CRYPT32.dll
0x00007ffa79ba0000 - 0x00007ffa79bb3000 	C:\WINDOWS\SYSTEM32\MSASN1.dll
0x00007ffa4d4c0000 - 0x00007ffa4d606000 	C:\WINDOWS\SYSTEM32\textinputframework.dll
0x00007ffa76ea0000 - 0x00007ffa76fc7000 	C:\WINDOWS\SYSTEM32\CoreMessaging.dll
0x00007ffa726c0000 - 0x00007ffa729a2000 	C:\WINDOWS\SYSTEM32\CoreUIComponents.dll
0x00007ffa737b0000 - 0x00007ffa7391a000 	C:\WINDOWS\SYSTEM32\wintypes.dll

dbghelp: loaded successfully - version: 4.0.5 - missing functions: none
symbol engine: initialized successfully - sym options: 0x614 - pdb path: .;C:\Program Files\Processing\app\resources\jdk-17.0.14+7\bin;C:\WINDOWS\SYSTEM32;C:\WINDOWS\WinSxS\amd64_microsoft.windows.common-controls_6595b64144ccf1df_6.0.26100.8457_none_3e0b2faee331e92d;C:\Program Files\Processing\app\resources\jdk-17.0.14+7\bin\server;C:\Users\danil\AppData\Local\Temp\jogamp_0000\file_cache\jln13035324668769962408\jln4490591412363949549\natives\windows-amd64;C:\WINDOWS\System32\DriverStore\FileRepository\iigd_dch.inf_amd64_225f37aa3862fc3f

VM Arguments:
jvm_args: -agentlib:jdwp=transport=dt_socket,address=8147,server=y,suspend=y,quiet=y -Xms64m -Xmx1024m -Djna.nosys=true -Djava.library.path=;C:\Program Files\Processing\app\resources\core\library;C:\Program Files\Processing;C:\WINDOWS\system32;C:\WINDOWS;C:\Program Files\PlasticSCM5\server;C:\Program Files\PlasticSCM5\client;C:\Program Files\Common Files\Oracle\Java\javapath;C:\Program Files (x86)\Common Files\Oracle\Java\javapath;C:\Windows\System32\HWAudioDriverLibs;C:\Windows\system32;C:\Windows;C:\Windows\System32\Wbem;C:\Windows\System32\WindowsPowerShell\v1.0;C:\Windows\System32\OpenSSH;C:\Program Files\Microsoft SQL Server\150\Tools\Binn;C:\Program Files\Microsoft SQL Server\Client SDK\ODBC\170\Tools\Binn;C:\Program Files\dotnet;D:\Windows Kits\10\Windows Performance Toolkit;C:\Program Files\Java\jdk-23\bin;C:\WINDOWS\system32;C:\WINDOWS;C:\WINDOWS\System32\Wbem;C:\WINDOWS\System32\WindowsPowerShell\v1.0;C:\WINDOWS\System32\OpenSSH;C:\Program Files\nodejs;C:\Program Files\Docker\Docker\resources\bin;C:\Program Files\TortoiseGit\bin;C:\Program Files\Git\cmd;C:\Users\danil\AppData\Local\Programs\Python\Python312\Scripts;C:\Users\danil\AppData\Local\Programs\Python\Python312;C:\Users\danil\AppData\Local\Microsoft\WindowsApps;C:\Users\danil\AppData\Local\Programs\Microsoft VS Code\bin;C:\Users\danil\AppData\Roaming\npm;D:\DataBase\18\bin;C:\Program Files\Processing\app;. -ea 
java_command: processing.core.PApplet --editor-location=-7,-7 --external --display=1 --sketch-path=C:\Users\danil\Desktop\Gravity_simul Gravity_simul
java_class_path (initial): C:\Users\danil\AppData\Local\Temp\processing\Gravity_simul836346899844413338temp;C:\Program Files\Processing\app\resources\core\library\annotations-13.0.jar;C:\Program Files\Processing\app\resources\core\library\antlr-2.7.7.jar;C:\Program Files\Processing\app\resources\core\library\core-4.4.1.jar;C:\Program Files\Processing\app\resources\core\library\gluegen-rt-2.5.0-natives-android-aarch64.jar;C:\Program Files\Processing\app\resources\core\library\gluegen-rt-2.5.0-natives-linux-aarch64.jar;C:\Program Files\Processing\app\resources\core\library\gluegen-rt-2.5.0-natives-linux-amd64.jar;C:\Program Files\Processing\app\resources\core\library\gluegen-rt-2.5.0-natives-linux-armv6hf.jar;C:\Program Files\Processing\app\resources\core\library\gluegen-rt-2.5.0-natives-macosx-universal.jar;C:\Program Files\Processing\app\resources\core\library\gluegen-rt-2.5.0-natives-windows-amd64.jar;C:\Program Files\Processing\app\resources\core\library\gluegen-rt-2.5.0.jar;C:\Program Files\Processing\app\resources\core\library\gluegen-rt-main-2.5.0.jar;C:\Program Files\Processing\app\resources\core\library\jogl-all-2.5.0-natives-android-aarch64.jar;C:\Program Files\Processing\app\resources\core\library\jogl-all-2.5.0-natives-linux-aarch64.jar;C:\Program Files\Processing\app\resources\core\library\jogl-all-2.5.0-natives-linux-amd64.jar;C:\Program Files\Processing\app\resources\core\library\jogl-all-2.5.0-natives-linux-armv6hf.jar;C:\Program Files\Processing\app\resources\core\library\jogl-all-2.5.0-natives-macosx-universal.jar;C:\Program Files\Processing\app\resources\core\library\jogl-all-2.5.0-natives-windows-amd64.jar;C:\Program Files\Processing\app\resources\core\library\jogl-all-2.5.0.jar;C:\Program Files\Processing\app\resources\core\library\jogl-all-main-2.5.0.jar;C:\Program Files\Processing\app\resources\core\library\kotlin-stdlib-2.0.20.jar
Launcher Type: SUN_STANDARD

[Global flags]
     intx CICompilerCount                          = 4                                         {product} {ergonomic}
     uint ConcGCThreads                            = 2                                         {product} {ergonomic}
     uint G1ConcRefinementThreads                  = 8                                         {product} {ergonomic}
   size_t G1HeapRegionSize                         = 1048576                                   {product} {ergonomic}
    uintx GCDrainStackTargetSize                   = 64                                        {product} {ergonomic}
   size_t InitialHeapSize                          = 67108864                                  {product} {command line}
   size_t MarkStackSize                            = 4194304                                   {product} {ergonomic}
   size_t MaxHeapSize                              = 1073741824                                {product} {command line}
   size_t MaxNewSize                               = 643825664                                 {product} {ergonomic}
   size_t MinHeapDeltaBytes                        = 1048576                                   {product} {ergonomic}
   size_t MinHeapSize                              = 67108864                                  {product} {command line}
    uintx NonNMethodCodeHeapSize                   = 5839372                                {pd product} {ergonomic}
    uintx NonProfiledCodeHeapSize                  = 122909434                              {pd product} {ergonomic}
    uintx ProfiledCodeHeapSize                     = 122909434                              {pd product} {ergonomic}
    uintx ReservedCodeCacheSize                    = 251658240                              {pd product} {ergonomic}
     bool SegmentedCodeCache                       = true                                      {product} {ergonomic}
   size_t SoftMaxHeapSize                          = 1073741824                             {manageable} {ergonomic}
     bool UseCompressedClassPointers               = true                           {product lp64_product} {ergonomic}
     bool UseCompressedOops                        = true                           {product lp64_product} {ergonomic}
     bool UseG1GC                                  = true                                      {product} {ergonomic}
     bool UseLargePagesIndividualAllocation        = false                                  {pd product} {ergonomic}

Logging:
Log output configuration:
 #0: stdout all=off uptime,level,tags
 #1: stderr all=off uptime,level,tags

Environment Variables:
JAVA_HOME=C:\Program Files\Java\jdk-23
PATH=C:\Program Files\PlasticSCM5\server;C:\Program Files\PlasticSCM5\client;C:\Program Files\Common Files\Oracle\Java\javapath;C:\Program Files (x86)\Common Files\Oracle\Java\javapath;C:\Windows\System32\HWAudioDriverLibs;C:\Windows\system32;C:\Windows;C:\Windows\System32\Wbem;C:\Windows\System32\WindowsPowerShell\v1.0\;C:\Windows\System32\OpenSSH\;C:\Users\Administrator\AppData\Local\Microsoft\WindowsApps;C:\Program Files\Microsoft SQL Server\150\Tools\Binn\;C:\Program Files\Microsoft SQL Server\Client SDK\ODBC\170\Tools\Binn\;C:\Program Files\dotnet\;D:\Windows Kits\10\Windows Performance Toolkit\;C:\Program Files\Java\jdk-23\bin;C:\WINDOWS\system32;C:\WINDOWS;C:\WINDOWS\System32\Wbem;C:\WINDOWS\System32\WindowsPowerShell\v1.0\;C:\WINDOWS\System32\OpenSSH\;C:\Program Files\nodejs\;C:\Program Files\Docker\Docker\resources\bin;C:\Program Files\TortoiseGit\bin;C:\Program Files\Git\cmd;C:\Users\danil\AppData\Local\Programs\Python\Python312\Scripts\;C:\Users\danil\AppData\Local\Programs\Python\Python312\;C:\Users\danil\AppData\Local\Microsoft\WindowsApps;C:\Users\danil\.dotnet\tools;C:\Users\danil\AppData\Local\Programs\Microsoft VS Code\bin;C:\Users\danil\AppData\Roaming\npm;D:\DataBase\18\bin;C:\Program Files\Processing\app
USERNAME=danil
OS=Windows_NT
PROCESSOR_IDENTIFIER=Intel64 Family 6 Model 140 Stepping 2, GenuineIntel
TMP=C:\Users\danil\AppData\Local\Temp
TEMP=C:\Users\danil\AppData\Local\Temp



Periodic native trim disabled


---------------  S Y S T E M  ---------------

OS:
 Windows 11 , 64 bit Build 26100 (10.0.26100.8328)
OS uptime: 0 days 4:42 hours
Hyper-V role detected

CPU: total 8 (initial active 8) (4 cores per cpu, 2 threads per core) family 6 model 140 stepping 2 microcode 0x16, cx8, cmov, fxsr, ht, mmx, 3dnowpref, sse, sse2, sse3, ssse3, sse4.1, sse4.2, popcnt, lzcnt, tsc, tscinvbit, avx, avx2, aes, erms, clmul, bmi1, bmi2, adx, avx512f, avx512dq, avx512cd, avx512bw, avx512vl, sha, fma, vzeroupper, avx512_vpopcntdq, avx512_vpclmulqdq, avx512_vaes, avx512_vnni, clflush, clflushopt, clwb, avx512_vbmi2, avx512_vbmi, hv
Processor Information for all 8 processors :
  Max Mhz: 2496, Current Mhz: 2496, Mhz Limit: 2496

Memory: 4k page, system-wide physical 7975M (2353M free)
TotalPageFile size 17703M (AvailPageFile size 8196M)
current process WorkingSet (physical memory assigned to process): 578M, peak: 587M
current process commit charge ("private bytes"): 571M, peak: 586M

vm_info: OpenJDK 64-Bit Server VM (17.0.14+7) for windows-amd64 JRE (17.0.14+7), built on Jan 21 2025 23:40:15 by "admin" with MS VC++ 17.7 (VS2022)

END.
