#
# A fatal error has been detected by the Java Runtime Environment:
#
#  EXCEPTION_ACCESS_VIOLATION (0xc0000005) at pc=0x00007ff9af9cb386, pid=38956, tid=28260
#
# JRE version: OpenJDK Runtime Environment Temurin-17.0.14+7 (17.0.14+7) (build 17.0.14+7)
# Java VM: OpenJDK 64-Bit Server VM Temurin-17.0.14+7 (17.0.14+7, mixed mode, sharing, tiered, compressed oops, compressed class ptrs, g1 gc, windows-amd64)
# Problematic frame:
# C  [igxelpicd64.dll+0x23b386]
#
# No core dump will be written. Minidumps are not enabled by default on client versions of Windows
#
# If you would like to submit a bug report, please visit:
#   https://github.com/adoptium/adoptium-support/issues
#

---------------  S U M M A R Y ------------

Command Line: -agentlib:jdwp=transport=dt_socket,address=8056,server=y,suspend=y,quiet=y -Xms64m -Xmx1024m -Djna.nosys=true -Djava.library.path=;C:\Program Files\Processing\app\resources\core\library;C:\Program Files\Processing;C:\WINDOWS\system32;C:\WINDOWS;C:\Program Files\PlasticSCM5\server;C:\Program Files\PlasticSCM5\client;C:\Program Files\Common Files\Oracle\Java\javapath;C:\Program Files (x86)\Common Files\Oracle\Java\javapath;C:\Windows\System32\HWAudioDriverLibs;C:\Windows\system32;C:\Windows;C:\Windows\System32\Wbem;C:\Windows\System32\WindowsPowerShell\v1.0;C:\Windows\System32\OpenSSH;C:\Program Files\Microsoft SQL Server\150\Tools\Binn;C:\Program Files\Microsoft SQL Server\Client SDK\ODBC\170\Tools\Binn;C:\Program Files\dotnet;D:\Windows Kits\10\Windows Performance Toolkit;C:\Program Files\Java\jdk-23\bin;C:\WINDOWS\system32;C:\WINDOWS;C:\WINDOWS\System32\Wbem;C:\WINDOWS\System32\WindowsPowerShell\v1.0;C:\WINDOWS\System32\OpenSSH;C:\Program Files\nodejs;C:\Program Files\Docker\Docker\resources\bin;C:\Program Files\TortoiseGit\bin;C:\Program Files\Git\cmd;C:\Users\danil\AppData\Local\Programs\Python\Python312\Scripts;C:\Users\danil\AppData\Local\Programs\Python\Python312;C:\Users\danil\AppData\Local\Microsoft\WindowsApps;C:\Users\danil\AppData\Local\Programs\Microsoft VS Code\bin;C:\Users\danil\AppData\Roaming\npm;D:\DataBase\18\bin;C:\Program Files\Processing\app;. -ea processing.core.PApplet --editor-location=-7,-7 --external --display=1 --sketch-path=C:\Users\danil\Desktop\Gravity_simul Gravity_simul

Host: 11th Gen Intel(R) Core(TM) i5-1155G7 @ 2.50GHz, 8 cores, 7G,  Windows 11 , 64 bit Build 26100 (10.0.26100.8328)
Time: Sun Jun 28 00:00:04 2026 RTZ 3 (s 11 , 64 bit Build 26100 (10.0.26100.8328) elapsed time: 3.915464 seconds (0d 0h 0m 3s)

---------------  T H R E A D  ---------------

Current thread (0x000002162474e710):  VMThread "VM Thread" [stack: 0x0000008a59d00000,0x0000008a59e00000] [id=28260]

Stack: [0x0000008a59d00000,0x0000008a59e00000],  sp=0x0000008a59dfe1d0,  free space=1016k
Native frames: (J=compiled Java code, j=interpreted, Vv=VM code, C=native code)
C  [igxelpicd64.dll+0x23b386]


siginfo: EXCEPTION_ACCESS_VIOLATION (0xc0000005), reading address 0x0000000000035468


Registers:
RAX=0x000002167cf0cda0, RBX=0x000002166a0568e0, RCX=0x0000000000000004, RDX=0x0000000000000000
RSP=0x0000008a59dfe1d0, RBP=0x0000000000000000, RSI=0x000002167cf0cba0, RDI=0x000002166a0c0840
R8 =0x000002167cf0cca0, R9 =0x0000008a593ab000, R10=0x0000000000000000, R11=0x0000000000000246
R12=0x000002167cf0cba0, R13=0x0000000000000000, R14=0x000002167cf0d0e8, R15=0x000002167cf0c5d0
RIP=0x00007ff9af9cb386, EFLAGS=0x0000000000010206


Register to memory mapping:

RIP=0x00007ff9af9cb386 igxelpicd64.dll
RAX=0x000002167cf0cda0 points into unknown readable memory: 0x00000000000019a6 | a6 19 00 00 00 00 00 00
RBX=0x000002166a0568e0 points into unknown readable memory: 0xffffffffffffffff | ff ff ff ff ff ff ff ff
RCX=0x0000000000000004 is an unknown value
RDX=0x0 is NULL
RSP=0x0000008a59dfe1d0 points into unknown readable memory: 0x000002166a0568e0 | e0 68 05 6a 16 02 00 00
RBP=0x0 is NULL
RSI=0x000002167cf0cba0 points into unknown readable memory: 0x000002166a78be00 | 00 be 78 6a 16 02 00 00
RDI=0x000002166a0c0840 points into unknown readable memory: 0x000002166c88d100 | 00 d1 88 6c 16 02 00 00
R8 =0x000002167cf0cca0 points into unknown readable memory: 0x0000000000000000 | 00 00 00 00 00 00 00 00
R9 =0x0000008a593ab000 points into unknown readable memory: 0x0000000000000000 | 00 00 00 00 00 00 00 00
R10=0x0 is NULL
R11=0x0000000000000246 is an unknown value
R12=0x000002167cf0cba0 points into unknown readable memory: 0x000002166a78be00 | 00 be 78 6a 16 02 00 00
R13=0x0 is NULL
R14=0x000002167cf0d0e8 points into unknown readable memory: 0x000002167cf0c5d0 | d0 c5 f0 7c 16 02 00 00
R15=0x000002167cf0c5d0 points into unknown readable memory: 0x000002166a78be00 | 00 be 78 6a 16 02 00 00


Top of Stack: (sp=0x0000008a59dfe1d0)
0x0000008a59dfe1d0:   000002166a0568e0 0255429d03862e9d
0x0000008a59dfe1e0:   0391939f00929d9d 0250f39f03309c9f
0x0000008a59dfe1f0:   0000001603000000 0000000000000000
0x0000008a59dfe200:   032b66a303b02aa3 0365e2a3036987a3
0x0000008a59dfe210:   000002166a0568e0 031d81a403732ea4
0x0000008a59dfe220:   032a3ea502743ca5 02de81a503725aa5
0x0000008a59dfe230:   02db39a602a81ca6 0353bba603a49ca6
0x0000008a59dfe240:   00b3e9a603a7cba6 039039a700a836a7
0x0000008a59dfe250:   0326f4a70133c2a7 031e5ea90399e2a8
0x0000008a59dfe260:   036a28aa035e61a9 035b9aaa02fe53aa
0x0000008a59dfe270:   022dceaa02eccdaa 02fe53ab02bf12ab
0x0000008a59dfe280:   02b97dab02e266ab 036fedab021f82ab
0x0000008a59dfe290:   03990eac01e702ac 02c01eac039d16ac
0x0000008a59dfe2a0:   01d979ac034833ac 02db8cac03a986ac
0x0000008a59dfe2b0:   036602ad03a4d0ac 00007ffa7dbc5b54
0x0000008a59dfe2c0:   0000000000000000 0000000000000000
0x0000008a59dfe2d0:   0000008a59dfe470 00007ffa7be21259
0x0000008a59dfe2e0:   0000008a59dfe368 0000000000000000
0x0000008a59dfe2f0:   0000000000000054 0000000000000000
0x0000008a59dfe300:   032eb8b1029d98b1 00007ffa7dbc5cc4
0x0000008a59dfe310:   039650b302c0ccb2 005273b3035461b3
0x0000008a59dfe320:   00001b1c88820676 036c27b5039305b5
0x0000008a59dfe330:   000002166c9ed238 00000000000019c2
0x0000008a59dfe340:   0000000000000000 0000000000000016
0x0000008a59dfe350:   0000000000000000 0000000000000000
0x0000008a59dfe360:   0000008a59dfe470 00007ff9af9f82ae
0x0000008a59dfe370:   000002166a0c0840 0000000000000000
0x0000008a59dfe380:   000002166a0c0840 0329a6bb033875bb
0x0000008a59dfe390:   0000008a00000a14 0000740400840000
0x0000008a59dfe3a0:   0000000000000000 033838be036430be
0x0000008a59dfe3b0:   02aa5abe029d43be 03a6fcbe02eec1be
0x0000008a59dfe3c0:   038ec2bf02f831bf 00ad46c00276c4bf 

Instructions: (pc=0x00007ff9af9cb386)
0x00007ff9af9cb286:   00 90 4c 8b bf 80 02 00 00 48 8b 05 9a 85 bd 00
0x00007ff9af9cb296:   8b 80 c8 0a 00 00 89 44 24 24 c6 44 24 20 00 48
0x00007ff9af9cb2a6:   c7 87 80 02 00 00 00 00 00 00 c7 87 88 02 00 00
0x00007ff9af9cb2b6:   00 00 00 00 48 c7 87 a0 02 00 00 00 00 00 00 48
0x00007ff9af9cb2c6:   c7 87 90 02 00 00 00 00 00 00 48 85 ed 75 3d 8b
0x00007ff9af9cb2d6:   35 0d 77 cd 00 65 48 8b 04 25 58 00 00 00 b9 14
0x00007ff9af9cb2e6:   00 00 00 48 8b 04 f0 40 38 2c 01 0f 84 c9 e7 75
0x00007ff9af9cb2f6:   00 65 48 8b 04 25 58 00 00 00 bd 20 00 00 00 48
0x00007ff9af9cb306:   8b 04 f0 48 8b 2c 28 48 89 6c 24 28 48 3b 2d 07
0x00007ff9af9cb316:   9b cd 00 0f 84 9b 10 00 00 4d 85 ff 0f 84 3a 01
0x00007ff9af9cb326:   00 00 0f 1f 84 00 00 00 00 00 49 8b f7 4d 8b e7
0x00007ff9af9cb336:   4d 8d b7 48 05 00 00 4d 8b 3e 45 84 ed 0f 85 d9
0x00007ff9af9cb346:   0e 00 00 8b 8f d0 01 00 00 48 8b 05 da 84 bd 00
0x00007ff9af9cb356:   83 b8 64 03 00 00 02 75 34 4d 8d 84 24 00 01 00
0x00007ff9af9cb366:   00 83 f9 10 0f 83 3a 01 00 00 8b c1 48 c1 e0 06
0x00007ff9af9cb376:   49 03 c0 48 85 c0 0f 84 9b 01 00 00 48 8b 50 08
0x00007ff9af9cb386:   48 3b 95 68 54 03 00 0f 87 b6 0e 00 00 48 83 be
0x00007ff9af9cb396:   c0 05 00 00 00 0f 85 50 e7 75 00 44 8b 8f d0 01
0x00007ff9af9cb3a6:   00 00 48 8b 87 e8 01 00 00 4c 8b 00 8b 8f d0 01
0x00007ff9af9cb3b6:   00 00 48 8d 9e 00 01 00 00 83 f9 10 0f 83 1e 01
0x00007ff9af9cb3c6:   00 00 8b c1 48 c1 e0 06 48 03 c3 48 85 c0 0f 84
0x00007ff9af9cb3d6:   4a 01 00 00 4c 39 40 08 0f 86 40 01 00 00 48 8b
0x00007ff9af9cb3e6:   87 80 02 00 00 49 89 06 48 89 b7 80 02 00 00 ff
0x00007ff9af9cb3f6:   87 88 02 00 00 48 8b 4e 08 48 8b 01 ba 01 00 00
0x00007ff9af9cb406:   00 48 8b 80 e0 02 00 00 ff 15 f4 c1 88 00 0f b7
0x00007ff9af9cb416:   c8 48 2b c1 48 05 00 00 01 00 48 01 87 90 02 00
0x00007ff9af9cb426:   00 48 8b 4e 08 48 8b 01 ba 01 00 00 00 48 8b 80
0x00007ff9af9cb436:   e0 02 00 00 ff 15 c8 c1 88 00 48 01 87 a0 02 00
0x00007ff9af9cb446:   00 0f b6 54 24 20 4d 85 ff 0f 85 db fe ff ff 84
0x00007ff9af9cb456:   d2 0f 85 37 0f 00 00 48 8b 5c 24 40 48 8b cf 80
0x00007ff9af9cb466:   7c 24 22 00 0f 85 40 0f 00 00 e8 3b f9 ff ff 90
0x00007ff9af9cb476:   48 8b cb ff 15 99 bc 88 00 48 8b 8c 24 50 01 00 


Stack slot to memory mapping:
stack at sp + 0 slots: 0x000002166a0568e0 points into unknown readable memory: 0xffffffffffffffff | ff ff ff ff ff ff ff ff
stack at sp + 1 slots: 0x0255429d03862e9d is an unknown value
stack at sp + 2 slots: 0x0391939f00929d9d is an unknown value
stack at sp + 3 slots: 0x0250f39f03309c9f is an unknown value
stack at sp + 4 slots: 0x0000001603000000 is an unknown value
stack at sp + 5 slots: 0x0 is NULL
stack at sp + 6 slots: 0x032b66a303b02aa3 is an unknown value
stack at sp + 7 slots: 0x0365e2a3036987a3 is an unknown value

VM_Operation (0x0000008a5bffe6c0): Exit, mode: safepoint, requested by thread 0x000002166c8c7600


---------------  P R O C E S S  ---------------

Threads class SMR info:
_java_thread_list=0x000002166bed6580, length=23, elements={
0x0000021624752c50, 0x0000021624755720, 0x000002162476ba40, 0x000002162476c400,
0x000002162476cdc0, 0x00000216247717a0, 0x00000216247744a0, 0x0000021624774ea0,
0x00000216247798c0, 0x0000021624a00110, 0x0000021624a14d00, 0x0000021624a19220,
0x0000021624a1cef0, 0x0000021624a232a0, 0x0000021624cde3a0, 0x000002166a5d2730,
0x000002166c8c7600, 0x000002166a136880, 0x000002166a138bf0, 0x000002166a1386e0,
0x000002166a1372a0, 0x000002166a139100, 0x000002167d878f60
}

Java Threads: ( => current thread )
  0x0000021624752c50 JavaThread "Reference Handler" daemon [_thread_blocked, id=23692, stack(0x0000008a59e00000,0x0000008a59f00000)]
  0x0000021624755720 JavaThread "Finalizer" daemon [_thread_blocked, id=38296, stack(0x0000008a59f00000,0x0000008a5a000000)]
  0x000002162476ba40 JavaThread "Signal Dispatcher" daemon [_thread_blocked, id=46576, stack(0x0000008a5a000000,0x0000008a5a100000)]
  0x000002162476c400 JavaThread "Attach Listener" daemon [_thread_blocked, id=38812, stack(0x0000008a5a100000,0x0000008a5a200000)]
  0x000002162476cdc0 JavaThread "Service Thread" daemon [_thread_blocked, id=3136, stack(0x0000008a5a200000,0x0000008a5a300000)]
  0x00000216247717a0 JavaThread "Monitor Deflation Thread" daemon [_thread_blocked, id=29392, stack(0x0000008a5a300000,0x0000008a5a400000)]
  0x00000216247744a0 JavaThread "C2 CompilerThread0" daemon [_thread_blocked, id=31444, stack(0x0000008a5a400000,0x0000008a5a500000)]
  0x0000021624774ea0 JavaThread "C1 CompilerThread0" daemon [_thread_blocked, id=33784, stack(0x0000008a5a500000,0x0000008a5a600000)]
  0x00000216247798c0 JavaThread "Sweeper thread" daemon [_thread_blocked, id=39800, stack(0x0000008a5a600000,0x0000008a5a700000)]
  0x0000021624a00110 JavaThread "JDWP Transport Listener: dt_socket" daemon [_thread_blocked, id=39928, stack(0x0000008a5a700000,0x0000008a5a800000)]
  0x0000021624a14d00 JavaThread "JDWP Event Helper Thread" daemon [_thread_blocked, id=40276, stack(0x0000008a5a800000,0x0000008a5a900000)]
  0x0000021624a19220 JavaThread "JDWP Command Reader" daemon [_thread_blocked, id=38632, stack(0x0000008a5a900000,0x0000008a5aa00000)]
  0x0000021624a1cef0 JavaThread "Notification Thread" daemon [_thread_blocked, id=39892, stack(0x0000008a5aa00000,0x0000008a5ab00000)]
  0x0000021624a232a0 JavaThread "Common-Cleaner" daemon [_thread_blocked, id=34840, stack(0x0000008a5ac00000,0x0000008a5ad00000)]
  0x0000021624cde3a0 JavaThread "Java2D Disposer" daemon [_thread_blocked, id=28492, stack(0x0000008a5ad00000,0x0000008a5ae00000)]
  0x000002166a5d2730 JavaThread "HighResTimerThread" daemon [_thread_blocked, id=36272, stack(0x0000008a5ae00000,0x0000008a5af00000)]
  0x000002166c8c7600 JavaThread "main-FPSAWTAnimator#00-Timer0" [_thread_blocked, id=39384, stack(0x0000008a5bf00000,0x0000008a5c000000)]
  0x000002166a136880 JavaThread "DestroyJavaVM" [_thread_blocked, id=3808, stack(0x0000008a59700000,0x0000008a59800000)]
  0x000002166a138bf0 JavaThread "pool-1-thread-1" [_thread_blocked, id=39388, stack(0x0000008a5c100000,0x0000008a5c200000)]
  0x000002166a1386e0 JavaThread "pool-1-thread-2" [_thread_blocked, id=24104, stack(0x0000008a5c200000,0x0000008a5c300000)]
  0x000002166a1372a0 JavaThread "pool-1-thread-3" [_thread_blocked, id=34528, stack(0x0000008a5c300000,0x0000008a5c400000)]
  0x000002166a139100 JavaThread "pool-1-thread-4" [_thread_blocked, id=37716, stack(0x0000008a5c400000,0x0000008a5c500000)]
  0x000002167d878f60 JavaThread "AWT-Shutdown" [_thread_blocked, id=40720, stack(0x0000008a5b100000,0x0000008a5b200000)]

Other Threads:
=>0x000002162474e710 VMThread "VM Thread" [stack: 0x0000008a59d00000,0x0000008a59e00000] [id=28260]
  0x000002160890d150 GCTaskThread "GC Thread#0" [stack: 0x0000008a59800000,0x0000008a59900000] [id=41676]
  0x000002166c0a03a0 GCTaskThread "GC Thread#1" [stack: 0x0000008a5b500000,0x0000008a5b600000] [id=39588]
  0x000002166c0a0660 GCTaskThread "GC Thread#2" [stack: 0x0000008a5b600000,0x0000008a5b700000] [id=39216]
  0x000002166c0a0920 GCTaskThread "GC Thread#3" [stack: 0x0000008a5b700000,0x0000008a5b800000] [id=39492]
  0x000002166c0a0be0 GCTaskThread "GC Thread#4" [stack: 0x0000008a5b800000,0x0000008a5b900000] [id=39500]
  0x000002166c0a0ea0 GCTaskThread "GC Thread#5" [stack: 0x0000008a5b900000,0x0000008a5ba00000] [id=39456]
  0x000002166c0d7c80 GCTaskThread "GC Thread#6" [stack: 0x0000008a5ba00000,0x0000008a5bb00000] [id=39448]
  0x000002166c0dbf50 GCTaskThread "GC Thread#7" [stack: 0x0000008a5bb00000,0x0000008a5bc00000] [id=39468]
  0x0000021608916d70 ConcurrentGCThread "G1 Main Marker" terminated
  0x0000021608918de0 ConcurrentGCThread "G1 Conc#0" [stack: 0x0000008a59a00000,0x0000008a59b00000] [id=36188]
  0x000002167f055c50 ConcurrentGCThread "G1 Conc#1" [stack: 0x0000008a5bd00000,0x0000008a5be00000] [id=37280]
  0x000002160897d370 ConcurrentGCThread "G1 Refine#0" terminated
  0x000002160897dc40 ConcurrentGCThread "G1 Service" terminated

Threads with active compile tasks:

VM state: at safepoint (shutting down)

VM Mutex/Monitor currently owned by a thread:  ([mutex/lock_event])
[0x00000216088c71c0] Threads_lock - owner thread: 0x000002162474e710
[0x00000216088c7250] Heap_lock - owner thread: 0x000002166c8c7600

Heap address: 0x00000000c0000000, size: 1024 MB, Compressed Oops mode: 32-bit

CDS archive(s) mapped at: [0x0000021625000000-0x0000021625bb0000-0x0000021625bb0000), size 12255232, SharedBaseAddress: 0x0000021625000000, ArchiveRelocationMode: 1.
Compressed class space mapped at: 0x0000021626000000-0x0000021666000000, reserved size: 1073741824
Narrow klass base: 0x0000021625000000, Narrow klass shift: 0, Narrow klass range: 0x100000000

GC Precious Log:
 CPUs: 8 total, 8 available
 Memory: 7975M
 Large Page Support: Disabled
 NUMA Support: Disabled
 Compressed Oops: Enabled (32-bit)
 Heap Region Size: 1M
 Heap Min Capacity: 64M
 Heap Initial Capacity: 64M
 Heap Max Capacity: 1G
 Pre-touch: Disabled
 Parallel Workers: 8
 Concurrent Workers: 2
 Concurrent Refinement Workers: 8
 Periodic GC: Disabled

Heap:
 garbage-first heap   total 78848K, used 48437K [0x00000000c0000000, 0x0000000100000000)
  region size 1024K, 17 young (17408K), 1 survivors (1024K)
 Metaspace       used 12928K, committed 13120K, reserved 1114112K
  class space    used 920K, committed 1024K, reserved 1048576K

Heap Regions: E=young(eden), S=young(survivor), O=old, HS=humongous(starts), HC=humongous(continues), CS=collection set, F=free, OA=open archive, CA=closed archive, TAMS=top-at-mark-start (previous, next)
|   0|0x00000000c0000000, 0x00000000c0100000, 0x00000000c0100000|100%| O|  |TAMS 0x00000000c0100000, 0x00000000c0000000| Untracked 
|   1|0x00000000c0100000, 0x00000000c0200000, 0x00000000c0200000|100%| O|  |TAMS 0x00000000c0200000, 0x00000000c0100000| Untracked 
|   2|0x00000000c0200000, 0x00000000c0300000, 0x00000000c0300000|100%|HS|  |TAMS 0x00000000c0300000, 0x00000000c0200000| Complete 
|   3|0x00000000c0300000, 0x00000000c0400000, 0x00000000c0400000|100%|HC|  |TAMS 0x00000000c0400000, 0x00000000c0300000| Complete 
|   4|0x00000000c0400000, 0x00000000c0500000, 0x00000000c0500000|100%|HC|  |TAMS 0x00000000c0500000, 0x00000000c0400000| Complete 
|   5|0x00000000c0500000, 0x00000000c0600000, 0x00000000c0600000|100%|HC|  |TAMS 0x00000000c0600000, 0x00000000c0500000| Complete 
|   6|0x00000000c0600000, 0x00000000c0700000, 0x00000000c0700000|100%|HC|  |TAMS 0x00000000c0700000, 0x00000000c0600000| Complete 
|   7|0x00000000c0700000, 0x00000000c0800000, 0x00000000c0800000|100%|HS|  |TAMS 0x00000000c0800000, 0x00000000c0700000| Complete 
|   8|0x00000000c0800000, 0x00000000c0900000, 0x00000000c0900000|100%|HC|  |TAMS 0x00000000c0900000, 0x00000000c0800000| Complete 
|   9|0x00000000c0900000, 0x00000000c0a00000, 0x00000000c0a00000|100%|HS|  |TAMS 0x00000000c0a00000, 0x00000000c0900000| Complete 
|  10|0x00000000c0a00000, 0x00000000c0b00000, 0x00000000c0b00000|100%|HC|  |TAMS 0x00000000c0b00000, 0x00000000c0a00000| Complete 
|  11|0x00000000c0b00000, 0x00000000c0c00000, 0x00000000c0c00000|100%|HC|  |TAMS 0x00000000c0c00000, 0x00000000c0b00000| Complete 
|  12|0x00000000c0c00000, 0x00000000c0d00000, 0x00000000c0d00000|100%|HC|  |TAMS 0x00000000c0d00000, 0x00000000c0c00000| Complete 
|  13|0x00000000c0d00000, 0x00000000c0e00000, 0x00000000c0e00000|100%|HS|  |TAMS 0x00000000c0e00000, 0x00000000c0d00000| Complete 
|  14|0x00000000c0e00000, 0x00000000c0f00000, 0x00000000c0f00000|100%|HC|  |TAMS 0x00000000c0f00000, 0x00000000c0e00000| Complete 
|  15|0x00000000c0f00000, 0x00000000c1000000, 0x00000000c1000000|100%|HC|  |TAMS 0x00000000c1000000, 0x00000000c0f00000| Complete 
|  16|0x00000000c1000000, 0x00000000c1100000, 0x00000000c1100000|100%|HS|  |TAMS 0x00000000c1100000, 0x00000000c1000000| Complete 
|  17|0x00000000c1100000, 0x00000000c1200000, 0x00000000c1200000|100%|HC|  |TAMS 0x00000000c1200000, 0x00000000c1100000| Complete 
|  18|0x00000000c1200000, 0x00000000c1300000, 0x00000000c1300000|100%|HS|  |TAMS 0x00000000c1300000, 0x00000000c1200000| Complete 
|  19|0x00000000c1300000, 0x00000000c1400000, 0x00000000c1400000|100%|HC|  |TAMS 0x00000000c1400000, 0x00000000c1300000| Complete 
|  20|0x00000000c1400000, 0x00000000c1500000, 0x00000000c1500000|100%|HS|  |TAMS 0x00000000c1500000, 0x00000000c1400000| Complete 
|  21|0x00000000c1500000, 0x00000000c1600000, 0x00000000c1600000|100%|HC|  |TAMS 0x00000000c1600000, 0x00000000c1500000| Complete 
|  22|0x00000000c1600000, 0x00000000c1700000, 0x00000000c1700000|100%|HS|  |TAMS 0x00000000c1700000, 0x00000000c1600000| Complete 
|  23|0x00000000c1700000, 0x00000000c1800000, 0x00000000c1800000|100%|HC|  |TAMS 0x00000000c1800000, 0x00000000c1700000| Complete 
|  24|0x00000000c1800000, 0x00000000c1900000, 0x00000000c1900000|100%|HS|  |TAMS 0x00000000c1900000, 0x00000000c1800000| Complete 
|  25|0x00000000c1900000, 0x00000000c1a00000, 0x00000000c1a00000|100%|HC|  |TAMS 0x00000000c1a00000, 0x00000000c1900000| Complete 
|  26|0x00000000c1a00000, 0x00000000c1b00000, 0x00000000c1b00000|100%|HC|  |TAMS 0x00000000c1b00000, 0x00000000c1a00000| Complete 
|  27|0x00000000c1b00000, 0x00000000c1c00000, 0x00000000c1c00000|100%| O|  |TAMS 0x00000000c1c00000, 0x00000000c1b00000| Untracked 
|  28|0x00000000c1c00000, 0x00000000c1d00000, 0x00000000c1d00000|100%| O|  |TAMS 0x00000000c1d00000, 0x00000000c1c00000| Untracked 
|  29|0x00000000c1d00000, 0x00000000c1d6ce00, 0x00000000c1e00000| 42%| O|  |TAMS 0x00000000c1d6ce00, 0x00000000c1d00000| Untracked 
|  30|0x00000000c1e00000, 0x00000000c1f00000, 0x00000000c1f00000|100%| O|  |TAMS 0x00000000c1f00000, 0x00000000c1e00000| Untracked 
|  31|0x00000000c1f00000, 0x00000000c1f00000, 0x00000000c2000000|  0%| F|  |TAMS 0x00000000c1f00000, 0x00000000c1f00000| Untracked 
|  32|0x00000000c2000000, 0x00000000c2100000, 0x00000000c2100000|100%| O|  |TAMS 0x00000000c2100000, 0x00000000c2000000| Untracked 
|  33|0x00000000c2100000, 0x00000000c2100000, 0x00000000c2200000|  0%| F|  |TAMS 0x00000000c2100000, 0x00000000c2100000| Untracked 
|  34|0x00000000c2200000, 0x00000000c2200000, 0x00000000c2300000|  0%| F|  |TAMS 0x00000000c2200000, 0x00000000c2200000| Untracked 
|  35|0x00000000c2300000, 0x00000000c2300000, 0x00000000c2400000|  0%| F|  |TAMS 0x00000000c2300000, 0x00000000c2300000| Untracked 
|  36|0x00000000c2400000, 0x00000000c2400000, 0x00000000c2500000|  0%| F|  |TAMS 0x00000000c2400000, 0x00000000c2400000| Untracked 
|  37|0x00000000c2500000, 0x00000000c2500000, 0x00000000c2600000|  0%| F|  |TAMS 0x00000000c2500000, 0x00000000c2500000| Untracked 
|  38|0x00000000c2600000, 0x00000000c2600000, 0x00000000c2700000|  0%| F|  |TAMS 0x00000000c2600000, 0x00000000c2600000| Untracked 
|  39|0x00000000c2700000, 0x00000000c2700000, 0x00000000c2800000|  0%| F|  |TAMS 0x00000000c2700000, 0x00000000c2700000| Untracked 
|  40|0x00000000c2800000, 0x00000000c2800000, 0x00000000c2900000|  0%| F|  |TAMS 0x00000000c2800000, 0x00000000c2800000| Untracked 
|  41|0x00000000c2900000, 0x00000000c2900000, 0x00000000c2a00000|  0%| F|  |TAMS 0x00000000c2900000, 0x00000000c2900000| Untracked 
|  42|0x00000000c2a00000, 0x00000000c2a00000, 0x00000000c2b00000|  0%| F|  |TAMS 0x00000000c2a00000, 0x00000000c2a00000| Untracked 
|  43|0x00000000c2b00000, 0x00000000c2b00000, 0x00000000c2c00000|  0%| F|  |TAMS 0x00000000c2b00000, 0x00000000c2b00000| Untracked 
|  44|0x00000000c2c00000, 0x00000000c2c00000, 0x00000000c2d00000|  0%| F|  |TAMS 0x00000000c2c00000, 0x00000000c2c00000| Untracked 
|  45|0x00000000c2d00000, 0x00000000c2de0940, 0x00000000c2e00000| 87%| S|CS|TAMS 0x00000000c2d00000, 0x00000000c2d00000| Complete 
|  46|0x00000000c2e00000, 0x00000000c2e00000, 0x00000000c2f00000|  0%| F|  |TAMS 0x00000000c2e00000, 0x00000000c2e00000| Untracked 
|  47|0x00000000c2f00000, 0x00000000c2f00000, 0x00000000c3000000|  0%| F|  |TAMS 0x00000000c2f00000, 0x00000000c2f00000| Untracked 
|  48|0x00000000c3000000, 0x00000000c3000000, 0x00000000c3100000|  0%| F|  |TAMS 0x00000000c3000000, 0x00000000c3000000| Untracked 
|  49|0x00000000c3100000, 0x00000000c3100000, 0x00000000c3200000|  0%| F|  |TAMS 0x00000000c3100000, 0x00000000c3100000| Untracked 
|  50|0x00000000c3200000, 0x00000000c3200000, 0x00000000c3300000|  0%| F|  |TAMS 0x00000000c3200000, 0x00000000c3200000| Untracked 
|  51|0x00000000c3300000, 0x00000000c3300000, 0x00000000c3400000|  0%| F|  |TAMS 0x00000000c3300000, 0x00000000c3300000| Untracked 
|  52|0x00000000c3400000, 0x00000000c3400000, 0x00000000c3500000|  0%| F|  |TAMS 0x00000000c3400000, 0x00000000c3400000| Untracked 
|  53|0x00000000c3500000, 0x00000000c3500000, 0x00000000c3600000|  0%| F|  |TAMS 0x00000000c3500000, 0x00000000c3500000| Untracked 
|  54|0x00000000c3600000, 0x00000000c3600000, 0x00000000c3700000|  0%| F|  |TAMS 0x00000000c3600000, 0x00000000c3600000| Untracked 
|  55|0x00000000c3700000, 0x00000000c3700000, 0x00000000c3800000|  0%| F|  |TAMS 0x00000000c3700000, 0x00000000c3700000| Untracked 
|  56|0x00000000c3800000, 0x00000000c3800000, 0x00000000c3900000|  0%| F|  |TAMS 0x00000000c3800000, 0x00000000c3800000| Untracked 
|  57|0x00000000c3900000, 0x00000000c3900000, 0x00000000c3a00000|  0%| F|  |TAMS 0x00000000c3900000, 0x00000000c3900000| Untracked 
|  58|0x00000000c3a00000, 0x00000000c3a00000, 0x00000000c3b00000|  0%| F|  |TAMS 0x00000000c3a00000, 0x00000000c3a00000| Untracked 
|  59|0x00000000c3b00000, 0x00000000c3b00000, 0x00000000c3c00000|  0%| F|  |TAMS 0x00000000c3b00000, 0x00000000c3b00000| Untracked 
|  60|0x00000000c3c00000, 0x00000000c3c00000, 0x00000000c3d00000|  0%| F|  |TAMS 0x00000000c3c00000, 0x00000000c3c00000| Untracked 
|  61|0x00000000c3d00000, 0x00000000c3d71988, 0x00000000c3e00000| 44%| E|  |TAMS 0x00000000c3d00000, 0x00000000c3d00000| Complete 
|  62|0x00000000c3e00000, 0x00000000c3f00000, 0x00000000c3f00000|100%| E|CS|TAMS 0x00000000c3e00000, 0x00000000c3e00000| Complete 
|  63|0x00000000c3f00000, 0x00000000c4000000, 0x00000000c4000000|100%| E|CS|TAMS 0x00000000c3f00000, 0x00000000c3f00000| Complete 
|  64|0x00000000c4000000, 0x00000000c4100000, 0x00000000c4100000|100%| E|CS|TAMS 0x00000000c4000000, 0x00000000c4000000| Complete 
|  65|0x00000000c4100000, 0x00000000c4200000, 0x00000000c4200000|100%| E|CS|TAMS 0x00000000c4100000, 0x00000000c4100000| Complete 
|  66|0x00000000c4200000, 0x00000000c4300000, 0x00000000c4300000|100%| E|CS|TAMS 0x00000000c4200000, 0x00000000c4200000| Complete 
|  67|0x00000000c4300000, 0x00000000c4400000, 0x00000000c4400000|100%| E|CS|TAMS 0x00000000c4300000, 0x00000000c4300000| Complete 
|  68|0x00000000c4400000, 0x00000000c4500000, 0x00000000c4500000|100%| E|CS|TAMS 0x00000000c4400000, 0x00000000c4400000| Complete 
|  69|0x00000000c4500000, 0x00000000c4600000, 0x00000000c4600000|100%| E|CS|TAMS 0x00000000c4500000, 0x00000000c4500000| Complete 
|  70|0x00000000c4600000, 0x00000000c4700000, 0x00000000c4700000|100%| E|CS|TAMS 0x00000000c4600000, 0x00000000c4600000| Complete 
|  71|0x00000000c4700000, 0x00000000c4800000, 0x00000000c4800000|100%| E|CS|TAMS 0x00000000c4700000, 0x00000000c4700000| Complete 
|  72|0x00000000c4800000, 0x00000000c4900000, 0x00000000c4900000|100%| E|CS|TAMS 0x00000000c4800000, 0x00000000c4800000| Complete 
|  73|0x00000000c4900000, 0x00000000c4a00000, 0x00000000c4a00000|100%| E|CS|TAMS 0x00000000c4900000, 0x00000000c4900000| Complete 
|  74|0x00000000c4a00000, 0x00000000c4b00000, 0x00000000c4b00000|100%| E|CS|TAMS 0x00000000c4a00000, 0x00000000c4a00000| Complete 
|  75|0x00000000c4b00000, 0x00000000c4c00000, 0x00000000c4c00000|100%| E|CS|TAMS 0x00000000c4b00000, 0x00000000c4b00000| Complete 
|  76|0x00000000c4c00000, 0x00000000c4d00000, 0x00000000c4d00000|100%| E|CS|TAMS 0x00000000c4c00000, 0x00000000c4c00000| Complete 

Card table byte_map: [0x000002161f930000,0x000002161fb30000] _byte_map_base: 0x000002161f330000

Marking Bits (Prev, Next): (CMBitMap*) 0x000002160890d7b0, (CMBitMap*) 0x000002160890d770
 Prev Bits: [0x0000021620d30000, 0x0000021621d30000)
 Next Bits: [0x000002161fd30000, 0x0000021620d30000)

Polling page: 0x0000021606820000

Metaspace:

Usage:
  Non-class:     11.73 MB used.
      Class:    920.75 KB used.
       Both:     12.63 MB used.

Virtual space:
  Non-class space:       64.00 MB reserved,      11.81 MB ( 18%) committed,  1 nodes.
      Class space:        1.00 GB reserved,       1.00 MB ( <1%) committed,  1 nodes.
             Both:        1.06 GB reserved,      12.81 MB (  1%) committed. 

Chunk freelists:
   Non-Class:  3.91 MB
       Class:  14.91 MB
        Both:  18.82 MB

MaxMetaspaceSize: unlimited
CompressedClassSpaceSize: 1.00 GB
Initial GC threshold: 21.00 MB
Current GC threshold: 21.00 MB
CDS: on
MetaspaceReclaimPolicy: balanced
 - commit_granule_bytes: 65536.
 - commit_granule_words: 8192.
 - virtual_space_node_default_size: 8388608.
 - enlarge_chunks_in_place: 1.
 - new_chunks_are_fully_committed: 0.
 - uncommit_free_chunks: 1.
 - use_allocation_guard: 0.
 - handle_deallocations: 1.


Internal statistics:

num_allocs_failed_limit: 0.
num_arena_births: 106.
num_arena_deaths: 0.
num_vsnodes_births: 2.
num_vsnodes_deaths: 0.
num_space_committed: 201.
num_space_uncommitted: 0.
num_chunks_returned_to_freelist: 0.
num_chunks_taken_from_freelist: 384.
num_chunk_merges: 0.
num_chunk_splits: 298.
num_chunks_enlarged: 238.
num_inconsistent_stats: 0.

CodeHeap 'non-profiled nmethods': size=120000Kb used=746Kb max_used=746Kb free=119253Kb
 bounds [0x0000021617ed0000, 0x0000021618140000, 0x000002161f400000]
CodeHeap 'profiled nmethods': size=120000Kb used=2832Kb max_used=2832Kb free=117167Kb
 bounds [0x0000021610400000, 0x00000216106d0000, 0x0000021617930000]
CodeHeap 'non-nmethods': size=5760Kb used=1613Kb max_used=1646Kb free=4146Kb
 bounds [0x0000021617930000, 0x0000021617ba0000, 0x0000021617ed0000]
 total_blobs=2469 nmethods=1531 adapters=851
 compilation: enabled
              stopped_count=0, restarted_count=0
 full_count=0

Compilation events (20 events):
Event: 3.791 Thread 0x0000021624774ea0 1519       1       jogamp.newt.WindowImpl::getLock (5 bytes)
Event: 3.791 Thread 0x0000021624774ea0 nmethod 1519 0x0000021617f89490 code [0x0000021617f89620, 0x0000021617f896f8]
Event: 3.791 Thread 0x0000021624774ea0 1523       1       processing.opengl.PGL::isFBOBacked (5 bytes)
Event: 3.791 Thread 0x0000021624774ea0 nmethod 1523 0x0000021617f89790 code [0x0000021617f89920, 0x0000021617f899f8]
Event: 3.791 Thread 0x0000021624774ea0 1524       1       processing.opengl.PGraphicsOpenGL::strokeWeight (6 bytes)
Event: 3.791 Thread 0x0000021624774ea0 nmethod 1524 0x0000021617f89a90 code [0x0000021617f89c20, 0x0000021617f89cf8]
Event: 3.804 Thread 0x0000021624774ea0 1525       1       processing.core.PApplet::sketchWindowColor (5 bytes)
Event: 3.804 Thread 0x0000021624774ea0 nmethod 1525 0x0000021617f89d90 code [0x0000021617f89f20, 0x0000021617f89ff8]
Event: 3.804 Thread 0x0000021624774ea0 1526       1       processing.core.PApplet::isLooping (5 bytes)
Event: 3.804 Thread 0x0000021624774ea0 nmethod 1526 0x0000021617f8a090 code [0x0000021617f8a220, 0x0000021617f8a2f8]
Event: 3.804 Thread 0x0000021624774ea0 1527       1       processing.core.PApplet::exitCalled (5 bytes)
Event: 3.804 Thread 0x0000021624774ea0 nmethod 1527 0x0000021617f8a390 code [0x0000021617f8a520, 0x0000021617f8a5f8]
Event: 3.805 Thread 0x0000021624774ea0 1528       3       java.util.HashMap::removeNode (291 bytes)
Event: 3.805 Thread 0x0000021624774ea0 nmethod 1528 0x00000216106c1d90 code [0x00000216106c2020, 0x00000216106c32d8]
Event: 3.831 Thread 0x00000216247744a0 1529 %     4       java.lang.StringCoding::hasNegatives @ 2 (25 bytes)
Event: 3.832 Thread 0x0000021624774ea0 1530       3       jdk.internal.misc.Unsafe::getAndAddLong (27 bytes)
Event: 3.832 Thread 0x0000021624774ea0 nmethod 1530 0x00000216106c3910 code [0x00000216106c3ac0, 0x00000216106c3d08]
Event: 3.832 Thread 0x0000021624774ea0 1531       3       jdk.internal.misc.Unsafe::weakCompareAndSetLong (11 bytes)
Event: 3.832 Thread 0x0000021624774ea0 nmethod 1531 0x00000216106c3e10 code [0x00000216106c3fa0, 0x00000216106c40d8]
Event: 3.833 Thread 0x00000216247744a0 nmethod 1529% 0x0000021617f8a690 code [0x0000021617f8a820, 0x0000021617f8aa38]

GC Heap History (20 events):
Event: 0.912 GC heap before
{Heap before GC invocations=0 (full 0):
 garbage-first heap   total 65536K, used 23552K [0x00000000c0000000, 0x0000000100000000)
  region size 1024K, 23 young (23552K), 0 survivors (0K)
 Metaspace       used 10926K, committed 11072K, reserved 1114112K
  class space    used 748K, committed 832K, reserved 1048576K
}
Event: 0.918 GC heap after
{Heap after GC invocations=1 (full 0):
 garbage-first heap   total 65536K, used 2858K [0x00000000c0000000, 0x0000000100000000)
  region size 1024K, 3 young (3072K), 3 survivors (3072K)
 Metaspace       used 10926K, committed 11072K, reserved 1114112K
  class space    used 748K, committed 832K, reserved 1048576K
}
Event: 1.675 GC heap before
{Heap before GC invocations=1 (full 0):
 garbage-first heap   total 65536K, used 53034K [0x00000000c0000000, 0x0000000100000000)
  region size 1024K, 27 young (27648K), 3 survivors (3072K)
 Metaspace       used 12707K, committed 12928K, reserved 1114112K
  class space    used 915K, committed 1024K, reserved 1048576K
}
Event: 1.678 GC heap after
{Heap after GC invocations=2 (full 0):
 garbage-first heap   total 65536K, used 32840K [0x00000000c0000000, 0x0000000100000000)
  region size 1024K, 4 young (4096K), 4 survivors (4096K)
 Metaspace       used 12707K, committed 12928K, reserved 1114112K
  class space    used 915K, committed 1024K, reserved 1048576K
}
Event: 1.910 GC heap before
{Heap before GC invocations=2 (full 0):
 garbage-first heap   total 65536K, used 48200K [0x00000000c0000000, 0x0000000100000000)
  region size 1024K, 19 young (19456K), 4 survivors (4096K)
 Metaspace       used 12733K, committed 12928K, reserved 1114112K
  class space    used 916K, committed 1024K, reserved 1048576K
}
Event: 1.911 GC heap after
{Heap after GC invocations=3 (full 0):
 garbage-first heap   total 65536K, used 33690K [0x00000000c0000000, 0x0000000100000000)
  region size 1024K, 1 young (1024K), 1 survivors (1024K)
 Metaspace       used 12733K, committed 12928K, reserved 1114112K
  class space    used 916K, committed 1024K, reserved 1048576K
}
Event: 2.177 GC heap before
{Heap before GC invocations=4 (full 0):
 garbage-first heap   total 65536K, used 51098K [0x00000000c0000000, 0x0000000100000000)
  region size 1024K, 18 young (18432K), 1 survivors (1024K)
 Metaspace       used 12738K, committed 12928K, reserved 1114112K
  class space    used 916K, committed 1024K, reserved 1048576K
}
Event: 2.177 GC heap after
{Heap after GC invocations=5 (full 0):
 garbage-first heap   total 65536K, used 33471K [0x00000000c0000000, 0x0000000100000000)
  region size 1024K, 1 young (1024K), 1 survivors (1024K)
 Metaspace       used 12738K, committed 12928K, reserved 1114112K
  class space    used 916K, committed 1024K, reserved 1048576K
}
Event: 2.209 GC heap before
{Heap before GC invocations=5 (full 0):
 garbage-first heap   total 65536K, used 35519K [0x00000000c0000000, 0x0000000100000000)
  region size 1024K, 3 young (3072K), 1 survivors (1024K)
 Metaspace       used 12738K, committed 12928K, reserved 1114112K
  class space    used 916K, committed 1024K, reserved 1048576K
}
Event: 2.210 GC heap after
{Heap after GC invocations=6 (full 0):
 garbage-first heap   total 65536K, used 32944K [0x00000000c0000000, 0x0000000100000000)
  region size 1024K, 1 young (1024K), 1 survivors (1024K)
 Metaspace       used 12738K, committed 12928K, reserved 1114112K
  class space    used 916K, committed 1024K, reserved 1048576K
}
Event: 2.494 GC heap before
{Heap before GC invocations=6 (full 0):
 garbage-first heap   total 65536K, used 51376K [0x00000000c0000000, 0x0000000100000000)
  region size 1024K, 19 young (19456K), 1 survivors (1024K)
 Metaspace       used 12742K, committed 12928K, reserved 1114112K
  class space    used 916K, committed 1024K, reserved 1048576K
}
Event: 2.494 GC heap after
{Heap after GC invocations=7 (full 0):
 garbage-first heap   total 65536K, used 32928K [0x00000000c0000000, 0x0000000100000000)
  region size 1024K, 1 young (1024K), 1 survivors (1024K)
 Metaspace       used 12742K, committed 12928K, reserved 1114112K
  class space    used 916K, committed 1024K, reserved 1048576K
}
Event: 2.792 GC heap before
{Heap before GC invocations=8 (full 0):
 garbage-first heap   total 65536K, used 52384K [0x00000000c0000000, 0x0000000100000000)
  region size 1024K, 20 young (20480K), 1 survivors (1024K)
 Metaspace       used 12790K, committed 12992K, reserved 1114112K
  class space    used 916K, committed 1024K, reserved 1048576K
}
Event: 2.793 GC heap after
{Heap after GC invocations=9 (full 0):
 garbage-first heap   total 65536K, used 33066K [0x00000000c0000000, 0x0000000100000000)
  region size 1024K, 1 young (1024K), 1 survivors (1024K)
 Metaspace       used 12790K, committed 12992K, reserved 1114112K
  class space    used 916K, committed 1024K, reserved 1048576K
}
Event: 2.825 GC heap before
{Heap before GC invocations=9 (full 0):
 garbage-first heap   total 65536K, used 35114K [0x00000000c0000000, 0x0000000100000000)
  region size 1024K, 3 young (3072K), 1 survivors (1024K)
 Metaspace       used 12790K, committed 12992K, reserved 1114112K
  class space    used 916K, committed 1024K, reserved 1048576K
}
Event: 2.826 GC heap after
{Heap after GC invocations=10 (full 0):
 garbage-first heap   total 65536K, used 32564K [0x00000000c0000000, 0x0000000100000000)
  region size 1024K, 1 young (1024K), 1 survivors (1024K)
 Metaspace       used 12790K, committed 12992K, reserved 1114112K
  class space    used 916K, committed 1024K, reserved 1048576K
}
Event: 3.109 GC heap before
{Heap before GC invocations=10 (full 0):
 garbage-first heap   total 65536K, used 52020K [0x00000000c0000000, 0x0000000100000000)
  region size 1024K, 20 young (20480K), 1 survivors (1024K)
 Metaspace       used 12829K, committed 13056K, reserved 1114112K
  class space    used 916K, committed 1024K, reserved 1048576K
}
Event: 3.109 GC heap after
{Heap after GC invocations=11 (full 0):
 garbage-first heap   total 78848K, used 32743K [0x00000000c0000000, 0x0000000100000000)
  region size 1024K, 1 young (1024K), 1 survivors (1024K)
 Metaspace       used 12829K, committed 13056K, reserved 1114112K
  class space    used 916K, committed 1024K, reserved 1048576K
}
Event: 3.576 GC heap before
{Heap before GC invocations=12 (full 0):
 garbage-first heap   total 78848K, used 64487K [0x00000000c0000000, 0x0000000100000000)
  region size 1024K, 32 young (32768K), 1 survivors (1024K)
 Metaspace       used 12851K, committed 13056K, reserved 1114112K
  class space    used 916K, committed 1024K, reserved 1048576K
}
Event: 3.577 GC heap after
{Heap after GC invocations=13 (full 0):
 garbage-first heap   total 78848K, used 33077K [0x00000000c0000000, 0x0000000100000000)
  region size 1024K, 1 young (1024K), 1 survivors (1024K)
 Metaspace       used 12851K, committed 13056K, reserved 1114112K
  class space    used 916K, committed 1024K, reserved 1048576K
}

Dll operation events (14 events):
Event: 0.005 Loaded shared library C:\Program Files\Processing\app\resources\jdk-17.0.14+7\bin\java.dll
Event: 0.017 Loaded shared library C:\Program Files\Processing\app\resources\jdk-17.0.14+7\bin\jsvml.dll
Event: 0.092 Loaded shared library C:\Program Files\Processing\app\resources\jdk-17.0.14+7\bin\net.dll
Event: 0.092 Loaded shared library C:\Program Files\Processing\app\resources\jdk-17.0.14+7\bin\nio.dll
Event: 0.094 Loaded shared library C:\Program Files\Processing\app\resources\jdk-17.0.14+7\bin\zip.dll
Event: 0.131 Loaded shared library C:\Program Files\Processing\app\resources\jdk-17.0.14+7\bin\jimage.dll
Event: 0.134 Loaded shared library C:\Program Files\Processing\app\resources\jdk-17.0.14+7\bin\awt.dll
Event: 0.431 Loaded shared library C:\Users\danil\AppData\Local\Temp\jogamp_0000\file_cache\jln10127709794512293649\jln14282501955130188491\natives\windows-amd64\gluegen_rt.dll
Event: 0.438 Loaded shared library C:\Program Files\Processing\app\resources\jdk-17.0.14+7\bin\jawt.dll
Event: 0.449 Loaded shared library C:\Users\danil\AppData\Local\Temp\jogamp_0000\file_cache\jln10127709794512293649\jln14282501955130188491\natives\windows-amd64\nativewindow_awt.dll
Event: 0.476 Loaded shared library C:\Users\danil\AppData\Local\Temp\jogamp_0000\file_cache\jln10127709794512293649\jln14282501955130188491\natives\windows-amd64\nativewindow_win32.dll
Event: 0.555 Loaded shared library C:\Users\danil\AppData\Local\Temp\jogamp_0000\file_cache\jln10127709794512293649\jln14282501955130188491\natives\windows-amd64\jogl_desktop.dll
Event: 0.711 Loaded shared library C:\Users\danil\AppData\Local\Temp\jogamp_0000\file_cache\jln10127709794512293649\jln14282501955130188491\natives\windows-amd64\jogl_mobile.dll
Event: 1.410 Loaded shared library C:\Users\danil\AppData\Local\Temp\jogamp_0000\file_cache\jln10127709794512293649\jln14282501955130188491\natives\windows-amd64\newt_head.dll

Deoptimization events (20 events):
Event: 1.649 Thread 0x000002166c8c7600 DEOPT PACKING pc=0x0000021617f51b4c sp=0x0000008a5bffe590
Event: 1.649 Thread 0x000002166c8c7600 DEOPT UNPACKING pc=0x000002161798a1a3 sp=0x0000008a5bffe550 mode 2
Event: 1.667 Thread 0x000002166c8c7600 DEOPT PACKING pc=0x000002161060c9da sp=0x0000008a5bffe560
Event: 1.667 Thread 0x000002166c8c7600 DEOPT UNPACKING pc=0x000002161798ace3 sp=0x0000008a5bffda50 mode 0
Event: 1.687 Thread 0x000002166c8c7600 DEOPT PACKING pc=0x000002161060c9da sp=0x0000008a5bffe560
Event: 1.687 Thread 0x000002166c8c7600 DEOPT UNPACKING pc=0x000002161798ace3 sp=0x0000008a5bffda50 mode 0
Event: 1.688 Thread 0x000002166c8c7600 DEOPT PACKING pc=0x0000021610642163 sp=0x0000008a5bffe4e0
Event: 1.688 Thread 0x000002166c8c7600 DEOPT UNPACKING pc=0x000002161798ace3 sp=0x0000008a5bffda50 mode 0
Event: 1.730 Thread 0x000002166c8c7600 DEOPT PACKING pc=0x00000216106480ce sp=0x0000008a5bffe7a0
Event: 1.730 Thread 0x000002166c8c7600 DEOPT UNPACKING pc=0x000002161798ace3 sp=0x0000008a5bffdd10 mode 0
Event: 1.830 Thread 0x000002166a139100 DEOPT PACKING pc=0x000002161064d952 sp=0x0000008a5c4ff260
Event: 1.830 Thread 0x000002166a139100 DEOPT UNPACKING pc=0x000002161798ace3 sp=0x0000008a5c4fe770 mode 0
Event: 3.790 Thread 0x000002166c8c7600 DEOPT PACKING pc=0x00000216106bbbf4 sp=0x0000008a5bffe920
Event: 3.790 Thread 0x000002166c8c7600 DEOPT UNPACKING pc=0x000002161798ace3 sp=0x0000008a5bffddd8 mode 1
Event: 3.790 Thread 0x000002166c8c7600 DEOPT PACKING pc=0x00000216106bbbf4 sp=0x0000008a5bffe970
Event: 3.790 Thread 0x000002166c8c7600 DEOPT UNPACKING pc=0x000002161798ace3 sp=0x0000008a5bffde28 mode 1
Event: 3.825 Thread 0x000002166a7a4340 Uncommon trap: trap_request=0xffffff45 fr.pc=0x0000021617f49e68 relative=0x00000000000001e8
Event: 3.825 Thread 0x000002166a7a4340 Uncommon trap: reason=unstable_if action=reinterpret pc=0x0000021617f49e68 method=java.util.HashMap$HashIterator.<init>(Ljava/util/HashMap;)V @ 38 c2
Event: 3.825 Thread 0x000002166a7a4340 DEOPT PACKING pc=0x0000021617f49e68 sp=0x0000008a5b2feff0
Event: 3.825 Thread 0x000002166a7a4340 DEOPT UNPACKING pc=0x000002161798a1a3 sp=0x0000008a5b2fef98 mode 2

Classes loaded (20 events):
Event: 1.540 Loading class java/util/concurrent/Callable done
Event: 1.540 Loading class java/util/concurrent/Executors$RunnableAdapter done
Event: 1.540 Loading class java/util/concurrent/ThreadPoolExecutor$Worker
Event: 1.541 Loading class java/util/concurrent/ThreadPoolExecutor$Worker done
Event: 1.541 Loading class java/util/concurrent/locks/AbstractQueuedSynchronizer$SharedNode
Event: 1.541 Loading class java/util/concurrent/locks/AbstractQueuedSynchronizer$SharedNode done
Event: 1.598 Loading class sun/nio/cs/StreamDecoder
Event: 1.598 Loading class sun/nio/cs/StreamDecoder done
Event: 1.599 Loading class java/util/regex/Pattern$LookBehindEndNode
Event: 1.599 Loading class java/util/regex/Pattern$LookBehindEndNode done
Event: 1.599 Loading class java/util/regex/Pattern$NotBehind
Event: 1.599 Loading class java/util/regex/Pattern$NotBehind done
Event: 1.599 Loading class java/util/regex/Pattern$Neg
Event: 1.599 Loading class java/util/regex/Pattern$Neg done
Event: 1.600 Loading class java/util/regex/Pattern$Pos
Event: 1.600 Loading class java/util/regex/Pattern$Pos done
Event: 1.606 Loading class java/util/regex/Pattern$SliceS
Event: 1.606 Loading class java/util/regex/Pattern$SliceS done
Event: 3.805 Loading class java/nio/channels/ClosedChannelException
Event: 3.805 Loading class java/nio/channels/ClosedChannelException done

Classes unloaded (0 events):
No events

Classes redefined (0 events):
No events

Internal exceptions (19 events):
Event: 0.120 Thread 0x00000216088cc770 Exception <a 'java/lang/NoSuchMethodError'{0x00000000c3ce7738}: 'void java.lang.invoke.DirectMethodHandle$Holder.invokeStatic(java.lang.Object, java.lang.Object, java.lang.Object)'> (0x00000000c3ce7738) 
thrown [s\src\hotspot\share\interpreter\linkResolver.cpp, line 759]
Event: 0.127 Thread 0x00000216088cc770 Exception <a 'java/lang/ClassNotFoundException'{0x00000000c3b106f8}: sun/awt/resources/spi/awtProvider> (0x00000000c3b106f8) 
thrown [s\src\hotspot\share\classfile\systemDictionary.cpp, line 256]
Event: 0.141 Thread 0x00000216088cc770 Exception <a 'java/io/FileNotFoundException'{0x00000000c3b66038}> (0x00000000c3b66038) 
thrown [s\src\hotspot\share\prims\jni.cpp, line 516]
Event: 0.145 Thread 0x00000216088cc770 Exception <a 'java/io/FileNotFoundException'{0x00000000c3b93748}> (0x00000000c3b93748) 
thrown [s\src\hotspot\share\prims\jni.cpp, line 516]
Event: 0.177 Thread 0x00000216088cc770 Exception <a 'java/lang/NoSuchMethodError'{0x00000000c3a407d8}: 'java.lang.Object java.lang.invoke.DirectMethodHandle$Holder.invokeStaticInit(java.lang.Object)'> (0x00000000c3a407d8) 
thrown [s\src\hotspot\share\interpreter\linkResolver.cpp, line 759]
Event: 0.282 Thread 0x00000216088cc770 Exception <a 'java/lang/NoSuchMethodError'{0x00000000c364ded0}: 'java.lang.Object java.lang.invoke.DirectMethodHandle$Holder.invokeStaticInit(java.lang.Object, int, int, int, int)'> (0x00000000c364ded0) 
thrown [s\src\hotspot\share\interpreter\linkResolver.cpp, line 759]
Event: 0.321 Thread 0x00000216088cc770 Exception <a 'java/lang/NoSuchMethodError'{0x00000000c35372b0}: 'java.lang.Object java.lang.invoke.DirectMethodHandle$Holder.invokeStaticInit(java.lang.Object, java.lang.Object, int, int, int, int)'> (0x00000000c35372b0) 
thrown [s\src\hotspot\share\interpreter\linkResolver.cpp, line 759]
Event: 0.345 Thread 0x00000216088cc770 Exception <a 'java/lang/NoSuchMethodError'{0x00000000c3542950}: 'void java.lang.invoke.DirectMethodHandle$Holder.invokeStatic(java.lang.Object, long)'> (0x00000000c3542950) 
thrown [s\src\hotspot\share\interpreter\linkResolver.cpp, line 759]
Event: 0.346 Thread 0x00000216088cc770 Exception <a 'java/lang/NoSuchMethodError'{0x00000000c3547f30}: 'java.lang.Object java.lang.invoke.DirectMethodHandle$Holder.newInvokeSpecial(java.lang.Object, long)'> (0x00000000c3547f30) 
thrown [s\src\hotspot\share\interpreter\linkResolver.cpp, line 759]
Event: 0.348 Thread 0x00000216088cc770 Exception <a 'java/lang/NoSuchMethodError'{0x00000000c3552748}: 'java.lang.Object java.lang.invoke.DirectMethodHandle$Holder.invokeStaticInit(java.lang.Object, java.lang.Object, long, java.lang.Object)'> (0x00000000c3552748) 
thrown [s\src\hotspot\share\interpreter\linkResolver.cpp, line 759]
Event: 0.348 Thread 0x00000216088cc770 Exception <a 'java/lang/NoSuchMethodError'{0x00000000c3558d08}: 'java.lang.Object java.lang.invoke.DirectMethodHandle$Holder.newInvokeSpecial(java.lang.Object, java.lang.Object, long)'> (0x00000000c3558d08) 
thrown [s\src\hotspot\share\interpreter\linkResolver.cpp, line 759]
Event: 0.349 Thread 0x00000216088cc770 Exception <a 'java/lang/NoSuchMethodError'{0x00000000c355c878}: 'java.lang.Object java.lang.invoke.Invokers$Holder.linkToTargetMethod(java.lang.Object, long, java.lang.Object)'> (0x00000000c355c878) 
thrown [s\src\hotspot\share\interpreter\linkResolver.cpp, line 759]
Event: 0.460 Thread 0x00000216088cc770 Exception <a 'java/lang/NoSuchMethodError'{0x00000000c34cdf20}: 'java.lang.Object java.lang.invoke.DirectMethodHandle$Holder.invokeInterface(java.lang.Object, java.lang.Object)'> (0x00000000c34cdf20) 
thrown [s\src\hotspot\share\interpreter\linkResolver.cpp, line 759]
Event: 0.460 Thread 0x00000216088cc770 Exception <a 'java/lang/IncompatibleClassChangeError'{0x00000000c34d1840}: Found class java.lang.Object, but interface was expected> (0x00000000c34d1840) 
thrown [s\src\hotspot\share\interpreter\linkResolver.cpp, line 826]
Event: 1.476 Thread 0x00000216088cc770 Exception <a 'java/lang/NoSuchMethodError'{0x00000000c334c628}: 'void java.lang.invoke.DirectMethodHandle$Holder.invokeSpecial(java.lang.Object, java.lang.Object, java.lang.Object, java.lang.Object, java.lang.Object)'> (0x00000000c334c628) 
thrown [s\src\hotspot\share\interpreter\linkResolver.cpp, line 759]
Event: 1.476 Thread 0x00000216088cc770 Exception <a 'java/lang/NoSuchMethodError'{0x00000000c33555e8}: 'void java.lang.invoke.DirectMethodHandle$Holder.invokeSpecial(java.lang.Object, java.lang.Object, java.lang.Object)'> (0x00000000c33555e8) 
thrown [s\src\hotspot\share\interpreter\linkResolver.cpp, line 759]
Event: 1.477 Thread 0x00000216088cc770 Exception <a 'java/lang/NoSuchMethodError'{0x00000000c335b918}: 'void java.lang.invoke.DirectMethodHandle$Holder.invokeSpecial(java.lang.Object, java.lang.Object, int)'> (0x00000000c335b918) 
thrown [s\src\hotspot\share\interpreter\linkResolver.cpp, line 759]
Event: 1.477 Thread 0x00000216088cc770 Exception <a 'java/lang/NoSuchMethodError'{0x00000000c3361930}: 'java.lang.Object java.lang.invoke.DirectMethodHandle$Holder.newInvokeSpecial(java.lang.Object, java.lang.Object, int)'> (0x00000000c3361930) 
thrown [s\src\hotspot\share\interpreter\linkResolver.cpp, line 759]
Event: 3.804 Thread 0x0000021624cde880 Exception <a 'java/lang/InterruptedException'{0x00000000c3e83c68}> (0x00000000c3e83c68) 
thrown [s\src\hotspot\share\runtime\objectMonitor.cpp, line 1658]

VM Operations (20 events):
Event: 2.210 Executing VM operation: G1CollectForAllocation done
Event: 2.494 Executing VM operation: G1CollectForAllocation
Event: 2.494 Executing VM operation: G1CollectForAllocation done
Event: 2.499 Executing VM operation: G1PauseRemark
Event: 2.500 Executing VM operation: G1PauseRemark done
Event: 2.502 Executing VM operation: G1PauseCleanup
Event: 2.502 Executing VM operation: G1PauseCleanup done
Event: 2.792 Executing VM operation: G1CollectForAllocation
Event: 2.793 Executing VM operation: G1CollectForAllocation done
Event: 2.825 Executing VM operation: G1CollectForAllocation
Event: 2.826 Executing VM operation: G1CollectForAllocation done
Event: 3.109 Executing VM operation: G1CollectForAllocation
Event: 3.109 Executing VM operation: G1CollectForAllocation done
Event: 3.113 Executing VM operation: G1PauseRemark
Event: 3.113 Executing VM operation: G1PauseRemark done
Event: 3.115 Executing VM operation: G1PauseCleanup
Event: 3.115 Executing VM operation: G1PauseCleanup done
Event: 3.576 Executing VM operation: G1CollectForAllocation
Event: 3.577 Executing VM operation: G1CollectForAllocation done
Event: 3.906 Executing VM operation: Exit

Memory protections (0 events):
No events

Nmethod flushes (0 events):
No events

Events (20 events):
Event: 1.479 Thread 0x000002166a136880 Thread added: 0x000002166a136880
Event: 1.541 Thread 0x000002166c8c7600 Thread added: 0x000002166a138bf0
Event: 1.541 Thread 0x000002166c8c7600 Thread added: 0x000002166a1386e0
Event: 1.541 Thread 0x000002166c8c7600 Thread added: 0x000002166a1372a0
Event: 1.541 Thread 0x000002166c8c7600 Thread added: 0x000002166a139100
Event: 1.543 Thread 0x0000021624774ea0 Thread added: 0x000002167cec4610
Event: 1.866 Thread 0x000002167cec4610 Thread exited: 0x000002167cec4610
Event: 1.878 Thread 0x000002166c3b8210 Thread exited: 0x000002166c3b8210
Event: 3.804 Thread 0x000002166c8c7600 Thread added: 0x000002166a137cc0
Event: 3.804 Thread 0x000002166c8c7600 Thread added: 0x000002167d879e90
Event: 3.804 Thread 0x000002166c8c7600 Thread added: 0x000002167d878540
Event: 3.804 Thread 0x0000021624cde880 Thread exited: 0x0000021624cde880
Event: 3.805 Thread 0x000002166a05b440 Thread added: 0x000002167d878f60
Event: 3.805 Thread 0x000002167d878540 Thread exited: 0x000002167d878540
Event: 3.805 Thread 0x000002166c1a1b40 Thread exited: 0x000002166c1a1b40
Event: 3.806 Thread 0x000002166a05b440 Thread exited: 0x000002166a05b440
Event: 3.830 Thread 0x000002166a7a4340 Thread exited: 0x000002166a7a4340
Event: 3.832 Thread 0x000002166a137cc0 Thread exited: 0x000002166a137cc0
Event: 3.906 Thread 0x000002167d879e90 Thread exited: 0x000002167d879e90
Event: 3.906 Thread 0x000002166c8c7600 Before exit entered


Dynamic libraries:
0x00007ff7c9de0000 - 0x00007ff7c9dee000 	C:\Program Files\Processing\app\resources\jdk-17.0.14+7\bin\java.exe
0x00007ffa7da60000 - 0x00007ffa7dcc7000 	C:\WINDOWS\SYSTEM32\ntdll.dll
0x00007ffa7c020000 - 0x00007ffa7c0e9000 	C:\WINDOWS\System32\KERNEL32.DLL
0x00007ffa7a540000 - 0x00007ffa7a937000 	C:\WINDOWS\System32\KERNELBASE.dll
0x00007ffa7ab20000 - 0x00007ffa7ac6b000 	C:\WINDOWS\System32\ucrtbase.dll
0x00007ffa4d920000 - 0x00007ffa4d937000 	C:\Program Files\Processing\app\resources\jdk-17.0.14+7\bin\jli.dll
0x00007ffa4d900000 - 0x00007ffa4d91e000 	C:\Program Files\Processing\app\resources\jdk-17.0.14+7\bin\VCRUNTIME140.dll
0x00007ffa7bdd0000 - 0x00007ffa7bf96000 	C:\WINDOWS\System32\USER32.dll
0x00007ffa61590000 - 0x00007ffa61822000 	C:\WINDOWS\WinSxS\amd64_microsoft.windows.common-controls_6595b64144ccf1df_6.0.26100.8457_none_3e0b2faee331e92d\COMCTL32.dll
0x00007ffa7b630000 - 0x00007ffa7b657000 	C:\WINDOWS\System32\win32u.dll
0x00007ffa7b7e0000 - 0x00007ffa7b889000 	C:\WINDOWS\System32\msvcrt.dll
0x00007ffa7cc40000 - 0x00007ffa7cc6b000 	C:\WINDOWS\System32\GDI32.dll
0x00007ffa7a940000 - 0x00007ffa7aa6c000 	C:\WINDOWS\System32\gdi32full.dll
0x00007ffa7a490000 - 0x00007ffa7a533000 	C:\WINDOWS\System32\msvcp_win.dll
0x00007ffa7ba00000 - 0x00007ffa7ba32000 	C:\WINDOWS\System32\IMM32.DLL
0x00007ffa736e0000 - 0x00007ffa736ec000 	C:\Program Files\Processing\app\resources\jdk-17.0.14+7\bin\vcruntime140_1.dll
0x00007ffa24150000 - 0x00007ffa241dd000 	C:\Program Files\Processing\app\resources\jdk-17.0.14+7\bin\msvcp140.dll
0x00007ff9b1440000 - 0x00007ff9b20ab000 	C:\Program Files\Processing\app\resources\jdk-17.0.14+7\bin\server\jvm.dll
0x00007ffa7d380000 - 0x00007ffa7d436000 	C:\WINDOWS\System32\ADVAPI32.dll
0x00007ffa7d450000 - 0x00007ffa7d4f7000 	C:\WINDOWS\System32\sechost.dll
0x00007ffa7d610000 - 0x00007ffa7d728000 	C:\WINDOWS\System32\RPCRT4.dll
0x00007ffa7d500000 - 0x00007ffa7d580000 	C:\WINDOWS\System32\WS2_32.dll
0x00007ffa7a310000 - 0x00007ffa7a36e000 	C:\WINDOWS\SYSTEM32\POWRPROF.dll
0x00007ffa61e60000 - 0x00007ffa61e96000 	C:\WINDOWS\SYSTEM32\WINMM.dll
0x00007ffa704a0000 - 0x00007ffa704ab000 	C:\WINDOWS\SYSTEM32\VERSION.dll
0x00007ffa7a2f0000 - 0x00007ffa7a304000 	C:\WINDOWS\SYSTEM32\UMPDC.dll
0x00007ffa79220000 - 0x00007ffa7923b000 	C:\WINDOWS\SYSTEM32\kernel.appcore.dll
0x00007ffa4d410000 - 0x00007ffa4d41a000 	C:\Program Files\Processing\app\resources\jdk-17.0.14+7\bin\jimage.dll
0x00007ffa72470000 - 0x00007ffa726b2000 	C:\WINDOWS\SYSTEM32\DBGHELP.DLL
0x00007ffa7c870000 - 0x00007ffa7cbf3000 	C:\WINDOWS\System32\combase.dll
0x00007ffa7bc30000 - 0x00007ffa7bd09000 	C:\WINDOWS\System32\OLEAUT32.dll
0x00007ffa410a0000 - 0x00007ffa410db000 	C:\WINDOWS\SYSTEM32\dbgcore.DLL
0x00007ffa7aa70000 - 0x00007ffa7ab18000 	C:\WINDOWS\System32\bcryptPrimitives.dll
0x00007ffa457d0000 - 0x00007ffa4580b000 	C:\Program Files\Processing\app\resources\jdk-17.0.14+7\bin\jdwp.dll
0x00007ffa4c330000 - 0x00007ffa4c355000 	C:\Program Files\Processing\app\resources\jdk-17.0.14+7\bin\java.dll
0x00007ff9eca50000 - 0x00007ff9ecb27000 	C:\Program Files\Processing\app\resources\jdk-17.0.14+7\bin\jsvml.dll
0x00007ffa7c0f0000 - 0x00007ffa7c85e000 	C:\WINDOWS\System32\SHELL32.dll
0x00007ffa7ac70000 - 0x00007ffa7b4dc000 	C:\WINDOWS\System32\windows.storage.dll
0x00007ffa7d730000 - 0x00007ffa7d826000 	C:\WINDOWS\System32\SHCORE.dll
0x00007ffa7d210000 - 0x00007ffa7d276000 	C:\WINDOWS\System32\shlwapi.dll
0x00007ffa7a3b0000 - 0x00007ffa7a3d9000 	C:\WINDOWS\SYSTEM32\profapi.dll
0x00007ffa4d400000 - 0x00007ffa4d40c000 	C:\Program Files\Processing\app\resources\jdk-17.0.14+7\bin\dt_socket.dll
0x00007ffa78c30000 - 0x00007ffa78c62000 	C:\WINDOWS\SYSTEM32\IPHLPAPI.DLL
0x00007ffa79790000 - 0x00007ffa797fc000 	C:\WINDOWS\system32\mswsock.dll
0x00007ffa4ce10000 - 0x00007ffa4ce29000 	C:\Program Files\Processing\app\resources\jdk-17.0.14+7\bin\net.dll
0x00007ffa775b0000 - 0x00007ffa776d9000 	C:\WINDOWS\SYSTEM32\WINHTTP.dll
0x00007ffa4cd70000 - 0x00007ffa4cd86000 	C:\Program Files\Processing\app\resources\jdk-17.0.14+7\bin\nio.dll
0x00007ffa47890000 - 0x00007ffa478a8000 	C:\Program Files\Processing\app\resources\jdk-17.0.14+7\bin\zip.dll
0x00007ff9ec710000 - 0x00007ff9ec8a0000 	C:\Program Files\Processing\app\resources\jdk-17.0.14+7\bin\awt.dll
0x00007ffa76060000 - 0x00007ffa76100000 	C:\WINDOWS\SYSTEM32\apphelp.dll
0x00007ffa77ee0000 - 0x00007ffa77f8a000 	C:\WINDOWS\system32\uxtheme.dll
0x00007ffa7b890000 - 0x00007ffa7b9ec000 	C:\WINDOWS\System32\MSCTF.dll
0x00007ffa7ba40000 - 0x00007ffa7bbd7000 	C:\WINDOWS\System32\ole32.dll
0x00007ffa781d0000 - 0x00007ffa781ff000 	C:\WINDOWS\system32\DWMAPI.DLL
0x00007ffa33d40000 - 0x00007ffa33e4f000 	C:\WINDOWS\system32\opengl32.dll
0x00007ffa36620000 - 0x00007ffa3664d000 	C:\WINDOWS\SYSTEM32\GLU32.dll
0x00007ffa77ff0000 - 0x00007ffa78035000 	C:\WINDOWS\SYSTEM32\dxcore.dll
0x00007ffa79a70000 - 0x00007ffa79a8b000 	C:\WINDOWS\SYSTEM32\CRYPTSP.dll
0x00007ffa79180000 - 0x00007ffa791b9000 	C:\WINDOWS\system32\rsaenh.dll
0x00007ffa79840000 - 0x00007ffa79873000 	C:\WINDOWS\SYSTEM32\USERENV.dll
0x00007ffa7a380000 - 0x00007ffa7a3aa000 	C:\WINDOWS\SYSTEM32\bcrypt.dll
0x00007ffa79a90000 - 0x00007ffa79a9c000 	C:\WINDOWS\SYSTEM32\CRYPTBASE.dll
0x00007ffa7cc00000 - 0x00007ffa7cc0a000 	C:\WINDOWS\System32\NSI.dll
0x00007ffa77800000 - 0x00007ffa7781d000 	C:\WINDOWS\SYSTEM32\dhcpcsvc6.DLL
0x00007ffa77750000 - 0x00007ffa77775000 	C:\WINDOWS\SYSTEM32\dhcpcsvc.DLL
0x00007ffa78ce0000 - 0x00007ffa78e12000 	C:\WINDOWS\SYSTEM32\DNSAPI.dll
0x00007ffa419e0000 - 0x00007ffa419f3000 	C:\Users\danil\AppData\Local\Temp\jogamp_0000\file_cache\jln10127709794512293649\jln14282501955130188491\natives\windows-amd64\gluegen_rt.dll
0x00007ffa46bc0000 - 0x00007ffa46bc7000 	C:\Program Files\Processing\app\resources\jdk-17.0.14+7\bin\jawt.dll
0x00007ffa457c0000 - 0x00007ffa457cd000 	C:\Users\danil\AppData\Local\Temp\jogamp_0000\file_cache\jln10127709794512293649\jln14282501955130188491\natives\windows-amd64\nativewindow_awt.dll
0x00007ffa41800000 - 0x00007ffa41815000 	C:\Users\danil\AppData\Local\Temp\jogamp_0000\file_cache\jln10127709794512293649\jln14282501955130188491\natives\windows-amd64\nativewindow_win32.dll
0x00007ff9ec680000 - 0x00007ff9ec703000 	C:\Users\danil\AppData\Local\Temp\jogamp_0000\file_cache\jln10127709794512293649\jln14282501955130188491\natives\windows-amd64\jogl_desktop.dll
0x00007ffa24380000 - 0x00007ffa243d2000 	C:\Users\danil\AppData\Local\Temp\jogamp_0000\file_cache\jln10127709794512293649\jln14282501955130188491\natives\windows-amd64\jogl_mobile.dll
0x00007ffa73470000 - 0x00007ffa734d1000 	C:\WINDOWS\SYSTEM32\directxdatabasehelper.dll
0x00007ffa665e0000 - 0x00007ffa665fd000 	C:\WINDOWS\SYSTEM32\windows.staterepositorycore.dll
0x00007ff9af790000 - 0x00007ff9b0763000 	C:\WINDOWS\System32\DriverStore\FileRepository\iigd_dch.inf_amd64_225f37aa3862fc3f\igxelpicd64.dll
0x00007ffa78040000 - 0x00007ffa7817e000 	C:\WINDOWS\system32\dxgi.dll
0x00007ff9d3b70000 - 0x00007ff9d3ff7000 	C:\WINDOWS\System32\DriverStore\FileRepository\iigd_dch.inf_amd64_225f37aa3862fc3f\igdml64.dll
0x00007ffa7a000000 - 0x00007ffa7a051000 	C:\WINDOWS\SYSTEM32\cfgmgr32.dll
0x00007ffa704b0000 - 0x00007ffa70871000 	C:\WINDOWS\System32\DriverStore\FileRepository\iigd_dch.inf_amd64_225f37aa3862fc3f\igdgmm64.dll
0x00007ffa6d290000 - 0x00007ffa70496000 	C:\WINDOWS\System32\DriverStore\FileRepository\iigd_dch.inf_amd64_225f37aa3862fc3f\igc64.dll
0x00007ffa3ade0000 - 0x00007ffa3adf9000 	C:\Users\danil\AppData\Local\Temp\jogamp_0000\file_cache\jln10127709794512293649\jln14282501955130188491\natives\windows-amd64\newt_head.dll
0x00007ffa6bce0000 - 0x00007ffa6bd9f000 	C:\WINDOWS\SYSTEM32\mscms.dll
0x00007ffa111b0000 - 0x00007ffa111f9000 	C:\WINDOWS\SYSTEM32\icm32.dll
0x00007ffa7cc70000 - 0x00007ffa7d0f7000 	C:\WINDOWS\System32\setupapi.dll
0x00007ffa79fd0000 - 0x00007ffa79ffd000 	C:\WINDOWS\SYSTEM32\DEVOBJ.dll
0x00007ffa7b4e0000 - 0x00007ffa7b562000 	C:\WINDOWS\System32\WINTRUST.dll
0x00007ffa7b660000 - 0x00007ffa7b7d8000 	C:\WINDOWS\System32\CRYPT32.dll
0x00007ffa79ba0000 - 0x00007ffa79bb3000 	C:\WINDOWS\SYSTEM32\MSASN1.dll
0x00007ffa4d4c0000 - 0x00007ffa4d606000 	C:\WINDOWS\SYSTEM32\textinputframework.dll
0x00007ffa76ea0000 - 0x00007ffa76fc7000 	C:\WINDOWS\SYSTEM32\CoreMessaging.dll
0x00007ffa726c0000 - 0x00007ffa729a2000 	C:\WINDOWS\SYSTEM32\CoreUIComponents.dll
0x00007ffa737b0000 - 0x00007ffa7391a000 	C:\WINDOWS\SYSTEM32\wintypes.dll

dbghelp: loaded successfully - version: 4.0.5 - missing functions: none
symbol engine: initialized successfully - sym options: 0x614 - pdb path: .;C:\Program Files\Processing\app\resources\jdk-17.0.14+7\bin;C:\WINDOWS\SYSTEM32;C:\WINDOWS\WinSxS\amd64_microsoft.windows.common-controls_6595b64144ccf1df_6.0.26100.8457_none_3e0b2faee331e92d;C:\Program Files\Processing\app\resources\jdk-17.0.14+7\bin\server;C:\Users\danil\AppData\Local\Temp\jogamp_0000\file_cache\jln10127709794512293649\jln14282501955130188491\natives\windows-amd64;C:\WINDOWS\System32\DriverStore\FileRepository\iigd_dch.inf_amd64_225f37aa3862fc3f

VM Arguments:
jvm_args: -agentlib:jdwp=transport=dt_socket,address=8056,server=y,suspend=y,quiet=y -Xms64m -Xmx1024m -Djna.nosys=true -Djava.library.path=;C:\Program Files\Processing\app\resources\core\library;C:\Program Files\Processing;C:\WINDOWS\system32;C:\WINDOWS;C:\Program Files\PlasticSCM5\server;C:\Program Files\PlasticSCM5\client;C:\Program Files\Common Files\Oracle\Java\javapath;C:\Program Files (x86)\Common Files\Oracle\Java\javapath;C:\Windows\System32\HWAudioDriverLibs;C:\Windows\system32;C:\Windows;C:\Windows\System32\Wbem;C:\Windows\System32\WindowsPowerShell\v1.0;C:\Windows\System32\OpenSSH;C:\Program Files\Microsoft SQL Server\150\Tools\Binn;C:\Program Files\Microsoft SQL Server\Client SDK\ODBC\170\Tools\Binn;C:\Program Files\dotnet;D:\Windows Kits\10\Windows Performance Toolkit;C:\Program Files\Java\jdk-23\bin;C:\WINDOWS\system32;C:\WINDOWS;C:\WINDOWS\System32\Wbem;C:\WINDOWS\System32\WindowsPowerShell\v1.0;C:\WINDOWS\System32\OpenSSH;C:\Program Files\nodejs;C:\Program Files\Docker\Docker\resources\bin;C:\Program Files\TortoiseGit\bin;C:\Program Files\Git\cmd;C:\Users\danil\AppData\Local\Programs\Python\Python312\Scripts;C:\Users\danil\AppData\Local\Programs\Python\Python312;C:\Users\danil\AppData\Local\Microsoft\WindowsApps;C:\Users\danil\AppData\Local\Programs\Microsoft VS Code\bin;C:\Users\danil\AppData\Roaming\npm;D:\DataBase\18\bin;C:\Program Files\Processing\app;. -ea 
java_command: processing.core.PApplet --editor-location=-7,-7 --external --display=1 --sketch-path=C:\Users\danil\Desktop\Gravity_simul Gravity_simul
java_class_path (initial): C:\Users\danil\AppData\Local\Temp\processing\Gravity_simul17366716770650608205temp;C:\Program Files\Processing\app\resources\core\library\annotations-13.0.jar;C:\Program Files\Processing\app\resources\core\library\antlr-2.7.7.jar;C:\Program Files\Processing\app\resources\core\library\core-4.4.1.jar;C:\Program Files\Processing\app\resources\core\library\gluegen-rt-2.5.0-natives-android-aarch64.jar;C:\Program Files\Processing\app\resources\core\library\gluegen-rt-2.5.0-natives-linux-aarch64.jar;C:\Program Files\Processing\app\resources\core\library\gluegen-rt-2.5.0-natives-linux-amd64.jar;C:\Program Files\Processing\app\resources\core\library\gluegen-rt-2.5.0-natives-linux-armv6hf.jar;C:\Program Files\Processing\app\resources\core\library\gluegen-rt-2.5.0-natives-macosx-universal.jar;C:\Program Files\Processing\app\resources\core\library\gluegen-rt-2.5.0-natives-windows-amd64.jar;C:\Program Files\Processing\app\resources\core\library\gluegen-rt-2.5.0.jar;C:\Program Files\Processing\app\resources\core\library\gluegen-rt-main-2.5.0.jar;C:\Program Files\Processing\app\resources\core\library\jogl-all-2.5.0-natives-android-aarch64.jar;C:\Program Files\Processing\app\resources\core\library\jogl-all-2.5.0-natives-linux-aarch64.jar;C:\Program Files\Processing\app\resources\core\library\jogl-all-2.5.0-natives-linux-amd64.jar;C:\Program Files\Processing\app\resources\core\library\jogl-all-2.5.0-natives-linux-armv6hf.jar;C:\Program Files\Processing\app\resources\core\library\jogl-all-2.5.0-natives-macosx-universal.jar;C:\Program Files\Processing\app\resources\core\library\jogl-all-2.5.0-natives-windows-amd64.jar;C:\Program Files\Processing\app\resources\core\library\jogl-all-2.5.0.jar;C:\Program Files\Processing\app\resources\core\library\jogl-all-main-2.5.0.jar;C:\Program Files\Processing\app\resources\core\library\kotlin-stdlib-2.0.20.jar
Launcher Type: SUN_STANDARD

[Global flags]
     intx CICompilerCount                          = 4                                         {product} {ergonomic}
     uint ConcGCThreads                            = 2                                         {product} {ergonomic}
     uint G1ConcRefinementThreads                  = 8                                         {product} {ergonomic}
   size_t G1HeapRegionSize                         = 1048576                                   {product} {ergonomic}
    uintx GCDrainStackTargetSize                   = 64                                        {product} {ergonomic}
   size_t InitialHeapSize                          = 67108864                                  {product} {command line}
   size_t MarkStackSize                            = 4194304                                   {product} {ergonomic}
   size_t MaxHeapSize                              = 1073741824                                {product} {command line}
   size_t MaxNewSize                               = 643825664                                 {product} {ergonomic}
   size_t MinHeapDeltaBytes                        = 1048576                                   {product} {ergonomic}
   size_t MinHeapSize                              = 67108864                                  {product} {command line}
    uintx NonNMethodCodeHeapSize                   = 5839372                                {pd product} {ergonomic}
    uintx NonProfiledCodeHeapSize                  = 122909434                              {pd product} {ergonomic}
    uintx ProfiledCodeHeapSize                     = 122909434                              {pd product} {ergonomic}
    uintx ReservedCodeCacheSize                    = 251658240                              {pd product} {ergonomic}
     bool SegmentedCodeCache                       = true                                      {product} {ergonomic}
   size_t SoftMaxHeapSize                          = 1073741824                             {manageable} {ergonomic}
     bool UseCompressedClassPointers               = true                           {product lp64_product} {ergonomic}
     bool UseCompressedOops                        = true                           {product lp64_product} {ergonomic}
     bool UseG1GC                                  = true                                      {product} {ergonomic}
     bool UseLargePagesIndividualAllocation        = false                                  {pd product} {ergonomic}

Logging:
Log output configuration:
 #0: stdout all=off uptime,level,tags
 #1: stderr all=off uptime,level,tags

Environment Variables:
JAVA_HOME=C:\Program Files\Java\jdk-23
PATH=C:\Program Files\PlasticSCM5\server;C:\Program Files\PlasticSCM5\client;C:\Program Files\Common Files\Oracle\Java\javapath;C:\Program Files (x86)\Common Files\Oracle\Java\javapath;C:\Windows\System32\HWAudioDriverLibs;C:\Windows\system32;C:\Windows;C:\Windows\System32\Wbem;C:\Windows\System32\WindowsPowerShell\v1.0\;C:\Windows\System32\OpenSSH\;C:\Users\Administrator\AppData\Local\Microsoft\WindowsApps;C:\Program Files\Microsoft SQL Server\150\Tools\Binn\;C:\Program Files\Microsoft SQL Server\Client SDK\ODBC\170\Tools\Binn\;C:\Program Files\dotnet\;D:\Windows Kits\10\Windows Performance Toolkit\;C:\Program Files\Java\jdk-23\bin;C:\WINDOWS\system32;C:\WINDOWS;C:\WINDOWS\System32\Wbem;C:\WINDOWS\System32\WindowsPowerShell\v1.0\;C:\WINDOWS\System32\OpenSSH\;C:\Program Files\nodejs\;C:\Program Files\Docker\Docker\resources\bin;C:\Program Files\TortoiseGit\bin;C:\Program Files\Git\cmd;C:\Users\danil\AppData\Local\Programs\Python\Python312\Scripts\;C:\Users\danil\AppData\Local\Programs\Python\Python312\;C:\Users\danil\AppData\Local\Microsoft\WindowsApps;C:\Users\danil\.dotnet\tools;C:\Users\danil\AppData\Local\Programs\Microsoft VS Code\bin;C:\Users\danil\AppData\Roaming\npm;D:\DataBase\18\bin;C:\Program Files\Processing\app
USERNAME=danil
OS=Windows_NT
PROCESSOR_IDENTIFIER=Intel64 Family 6 Model 140 Stepping 2, GenuineIntel
TMP=C:\Users\danil\AppData\Local\Temp
TEMP=C:\Users\danil\AppData\Local\Temp



Periodic native trim disabled


---------------  S Y S T E M  ---------------

OS:
 Windows 11 , 64 bit Build 26100 (10.0.26100.8328)
OS uptime: 0 days 4:35 hours
Hyper-V role detected

CPU: total 8 (initial active 8) (4 cores per cpu, 2 threads per core) family 6 model 140 stepping 2 microcode 0x16, cx8, cmov, fxsr, ht, mmx, 3dnowpref, sse, sse2, sse3, ssse3, sse4.1, sse4.2, popcnt, lzcnt, tsc, tscinvbit, avx, avx2, aes, erms, clmul, bmi1, bmi2, adx, avx512f, avx512dq, avx512cd, avx512bw, avx512vl, sha, fma, vzeroupper, avx512_vpopcntdq, avx512_vpclmulqdq, avx512_vaes, avx512_vnni, clflush, clflushopt, clwb, avx512_vbmi2, avx512_vbmi, hv
Processor Information for all 8 processors :
  Max Mhz: 2496, Current Mhz: 2496, Mhz Limit: 2496

Memory: 4k page, system-wide physical 7975M (2207M free)
TotalPageFile size 17703M (AvailPageFile size 8197M)
current process WorkingSet (physical memory assigned to process): 413M, peak: 420M
current process commit charge ("private bytes"): 399M, peak: 403M

vm_info: OpenJDK 64-Bit Server VM (17.0.14+7) for windows-amd64 JRE (17.0.14+7), built on Jan 21 2025 23:40:15 by "admin" with MS VC++ 17.7 (VS2022)

END.
