#
# A fatal error has been detected by the Java Runtime Environment:
#
#  EXCEPTION_ACCESS_VIOLATION (0xc0000005) at pc=0x00007ff9b069b386, pid=23364, tid=27984
#
# JRE version: OpenJDK Runtime Environment Temurin-17.0.14+7 (17.0.14+7) (build 17.0.14+7)
# Java VM: OpenJDK 64-Bit Server VM Temurin-17.0.14+7 (17.0.14+7, mixed mode, sharing, tiered, compressed oops, compressed class ptrs, g1 gc, windows-amd64)
# Problematic frame:
# C  [igxelpicd64.dll+0x23b386]
#
# No core dump will be written. Minidumps are not enabled by default on client versions of Windows
#
# If you would like to submit a bug report, please visit:
#   https://github.com/adoptium/adoptium-support/issues
#

---------------  S U M M A R Y ------------

Command Line: -agentlib:jdwp=transport=dt_socket,address=8011,server=y,suspend=y,quiet=y -Xms64m -Xmx1024m -Djna.nosys=true -Djava.library.path=;C:\Program Files\Processing\app\resources\core\library;C:\Program Files\Processing;C:\WINDOWS\system32;C:\WINDOWS;C:\Program Files\PlasticSCM5\server;C:\Program Files\PlasticSCM5\client;C:\Program Files\Common Files\Oracle\Java\javapath;C:\Program Files (x86)\Common Files\Oracle\Java\javapath;C:\Windows\System32\HWAudioDriverLibs;C:\Windows\system32;C:\Windows;C:\Windows\System32\Wbem;C:\Windows\System32\WindowsPowerShell\v1.0;C:\Windows\System32\OpenSSH;C:\Program Files\Microsoft SQL Server\150\Tools\Binn;C:\Program Files\Microsoft SQL Server\Client SDK\ODBC\170\Tools\Binn;C:\Program Files\dotnet;D:\Windows Kits\10\Windows Performance Toolkit;C:\Program Files\Java\jdk-23\bin;C:\WINDOWS\system32;C:\WINDOWS;C:\WINDOWS\System32\Wbem;C:\WINDOWS\System32\WindowsPowerShell\v1.0;C:\WINDOWS\System32\OpenSSH;C:\Program Files\nodejs;C:\Program Files\Docker\Docker\resources\bin;C:\Program Files\TortoiseGit\bin;C:\Program Files\Git\cmd;C:\Users\danil\AppData\Local\Programs\Python\Python312\Scripts;C:\Users\danil\AppData\Local\Programs\Python\Python312;C:\Users\danil\AppData\Local\Microsoft\WindowsApps;C:\Users\danil\AppData\Local\Programs\Microsoft VS Code\bin;C:\Users\danil\AppData\Roaming\npm;D:\DataBase\18\bin;C:\Program Files\Processing\app;. -ea processing.core.PApplet --editor-location=-7,-7 --external --display=1 --sketch-path=C:\Users\danil\Desktop\Gravity_simul Gravity_simul

Host: 11th Gen Intel(R) Core(TM) i5-1155G7 @ 2.50GHz, 8 cores, 7G,  Windows 11 , 64 bit Build 26100 (10.0.26100.8328)
Time: Sun Jun 28 00:06:47 2026 RTZ 3 (s 11 , 64 bit Build 26100 (10.0.26100.8328) elapsed time: 11.625500 seconds (0d 0h 0m 11s)

---------------  T H R E A D  ---------------

Current thread (0x00000288c2011010):  VMThread "VM Thread" [stack: 0x000000e0b5b00000,0x000000e0b5c00000] [id=27984]

Stack: [0x000000e0b5b00000,0x000000e0b5c00000],  sp=0x000000e0b5bfe3d0,  free space=1016k
Native frames: (J=compiled Java code, j=interpreted, Vv=VM code, C=native code)
C  [igxelpicd64.dll+0x23b386]


siginfo: EXCEPTION_ACCESS_VIOLATION (0xc0000005), reading address 0x0000000000035468


Registers:
RAX=0x0000028917403bc0, RBX=0x00000288c2dacd10, RCX=0x0000000000000004, RDX=0x0000000000000000
RSP=0x000000e0b5bfe3d0, RBP=0x0000000000000000, RSI=0x00000289174039c0, RDI=0x000002890a21e0a0
R8 =0x0000028917403ac0, R9 =0x000000e0b51fd000, R10=0x0000000000000000, R11=0x0000000000000246
R12=0x00000289174039c0, R13=0x0000000000000000, R14=0x0000028917403f08, R15=0x0000028917404b30
RIP=0x00007ff9b069b386, EFLAGS=0x0000000000010206


Register to memory mapping:

RIP=0x00007ff9b069b386 igxelpicd64.dll
RAX=0x0000028917403bc0 points into unknown readable memory: 0x0000000000002b06 | 06 2b 00 00 00 00 00 00
RBX=0x00000288c2dacd10 points into unknown readable memory: 0xffffffffffffffff | ff ff ff ff ff ff ff ff
RCX=0x0000000000000004 is an unknown value
RDX=0x0 is NULL
RSP=0x000000e0b5bfe3d0 points into unknown readable memory: 0x00000288c2dacd10 | 10 cd da c2 88 02 00 00
RBP=0x0 is NULL
RSI=0x00000289174039c0 points into unknown readable memory: 0x00000288c2e0edc0 | c0 ed e0 c2 88 02 00 00
RDI=0x000002890a21e0a0 points into unknown readable memory: 0x0000000000000000 | 00 00 00 00 00 00 00 00
R8 =0x0000028917403ac0 points into unknown readable memory: 0x0000000000000000 | 00 00 00 00 00 00 00 00
R9 =0x000000e0b51fd000 points into unknown readable memory: 0x0000000000000000 | 00 00 00 00 00 00 00 00
R10=0x0 is NULL
R11=0x0000000000000246 is an unknown value
R12=0x00000289174039c0 points into unknown readable memory: 0x00000288c2e0edc0 | c0 ed e0 c2 88 02 00 00
R13=0x0 is NULL
R14=0x0000028917403f08 points into unknown readable memory: 0x0000028917404b30 | 30 4b 40 17 89 02 00 00
R15=0x0000028917404b30 points into unknown readable memory: 0x00000288c2e0edc0 | c0 ed e0 c2 88 02 00 00


Top of Stack: (sp=0x000000e0b5bfe3d0)
0x000000e0b5bfe3d0:   00000288c2dacd10 0255429d03862e9d
0x000000e0b5bfe3e0:   0391939f00929d9d 0250f39f03309c9f
0x000000e0b5bfe3f0:   0000001603000000 0000000000000000
0x000000e0b5bfe400:   032b66a303b02aa3 0365e2a3036987a3
0x000000e0b5bfe410:   00000288c2dacd10 031d81a403732ea4
0x000000e0b5bfe420:   032a3ea502743ca5 02de81a503725aa5
0x000000e0b5bfe430:   02db39a602a81ca6 0353bba603a49ca6
0x000000e0b5bfe440:   00b3e9a603a7cba6 039039a700a836a7
0x000000e0b5bfe450:   0326f4a70133c2a7 031e5ea90399e2a8
0x000000e0b5bfe460:   036a28aa035e61a9 035b9aaa02fe53aa
0x000000e0b5bfe470:   022dceaa02eccdaa 02fe53ab02bf12ab
0x000000e0b5bfe480:   02b97dab02e266ab 036fedab021f82ab
0x000000e0b5bfe490:   03990eac01e702ac 02c01eac039d16ac
0x000000e0b5bfe4a0:   01d979ac034833ac 02db8cac03a986ac
0x000000e0b5bfe4b0:   036602ad03a4d0ac 00007ffa7dbc5b54
0x000000e0b5bfe4c0:   0000000000000000 0000000000000000
0x000000e0b5bfe4d0:   000000e0b5bfe670 00007ffa7be21259
0x000000e0b5bfe4e0:   000000e0b5bfe568 0000000000000000
0x000000e0b5bfe4f0:   0000000000000054 0000000000000000
0x000000e0b5bfe500:   032eb8b1029d98b1 00007ffa7dbc5cc4
0x000000e0b5bfe510:   039650b302c0ccb2 005273b3035461b3
0x000000e0b5bfe520:   00005afa299618bc 036c27b5039305b5
0x000000e0b5bfe530:   000002890a54fe78 0000000000002b42
0x000000e0b5bfe540:   0000000000000000 0000000000000016
0x000000e0b5bfe550:   0000000000000000 0000000000000000
0x000000e0b5bfe560:   000000e0b5bfe670 00007ff9b06c82ae
0x000000e0b5bfe570:   000002890a21e0a0 0000000000000000
0x000000e0b5bfe580:   000002890a21e0a0 0329a6bb033875bb
0x000000e0b5bfe590:   000000e000000e14 0000740400870000
0x000000e0b5bfe5a0:   0000000000000000 033838be036430be
0x000000e0b5bfe5b0:   02aa5abe029d43be 03a6fcbe02eec1be
0x000000e0b5bfe5c0:   038ec2bf02f831bf 00ad46c00276c4bf 

Instructions: (pc=0x00007ff9b069b386)
0x00007ff9b069b286:   00 90 4c 8b bf 80 02 00 00 48 8b 05 9a 85 bd 00
0x00007ff9b069b296:   8b 80 c8 0a 00 00 89 44 24 24 c6 44 24 20 00 48
0x00007ff9b069b2a6:   c7 87 80 02 00 00 00 00 00 00 c7 87 88 02 00 00
0x00007ff9b069b2b6:   00 00 00 00 48 c7 87 a0 02 00 00 00 00 00 00 48
0x00007ff9b069b2c6:   c7 87 90 02 00 00 00 00 00 00 48 85 ed 75 3d 8b
0x00007ff9b069b2d6:   35 0d 77 cd 00 65 48 8b 04 25 58 00 00 00 b9 14
0x00007ff9b069b2e6:   00 00 00 48 8b 04 f0 40 38 2c 01 0f 84 c9 e7 75
0x00007ff9b069b2f6:   00 65 48 8b 04 25 58 00 00 00 bd 20 00 00 00 48
0x00007ff9b069b306:   8b 04 f0 48 8b 2c 28 48 89 6c 24 28 48 3b 2d 07
0x00007ff9b069b316:   9b cd 00 0f 84 9b 10 00 00 4d 85 ff 0f 84 3a 01
0x00007ff9b069b326:   00 00 0f 1f 84 00 00 00 00 00 49 8b f7 4d 8b e7
0x00007ff9b069b336:   4d 8d b7 48 05 00 00 4d 8b 3e 45 84 ed 0f 85 d9
0x00007ff9b069b346:   0e 00 00 8b 8f d0 01 00 00 48 8b 05 da 84 bd 00
0x00007ff9b069b356:   83 b8 64 03 00 00 02 75 34 4d 8d 84 24 00 01 00
0x00007ff9b069b366:   00 83 f9 10 0f 83 3a 01 00 00 8b c1 48 c1 e0 06
0x00007ff9b069b376:   49 03 c0 48 85 c0 0f 84 9b 01 00 00 48 8b 50 08
0x00007ff9b069b386:   48 3b 95 68 54 03 00 0f 87 b6 0e 00 00 48 83 be
0x00007ff9b069b396:   c0 05 00 00 00 0f 85 50 e7 75 00 44 8b 8f d0 01
0x00007ff9b069b3a6:   00 00 48 8b 87 e8 01 00 00 4c 8b 00 8b 8f d0 01
0x00007ff9b069b3b6:   00 00 48 8d 9e 00 01 00 00 83 f9 10 0f 83 1e 01
0x00007ff9b069b3c6:   00 00 8b c1 48 c1 e0 06 48 03 c3 48 85 c0 0f 84
0x00007ff9b069b3d6:   4a 01 00 00 4c 39 40 08 0f 86 40 01 00 00 48 8b
0x00007ff9b069b3e6:   87 80 02 00 00 49 89 06 48 89 b7 80 02 00 00 ff
0x00007ff9b069b3f6:   87 88 02 00 00 48 8b 4e 08 48 8b 01 ba 01 00 00
0x00007ff9b069b406:   00 48 8b 80 e0 02 00 00 ff 15 f4 c1 88 00 0f b7
0x00007ff9b069b416:   c8 48 2b c1 48 05 00 00 01 00 48 01 87 90 02 00
0x00007ff9b069b426:   00 48 8b 4e 08 48 8b 01 ba 01 00 00 00 48 8b 80
0x00007ff9b069b436:   e0 02 00 00 ff 15 c8 c1 88 00 48 01 87 a0 02 00
0x00007ff9b069b446:   00 0f b6 54 24 20 4d 85 ff 0f 85 db fe ff ff 84
0x00007ff9b069b456:   d2 0f 85 37 0f 00 00 48 8b 5c 24 40 48 8b cf 80
0x00007ff9b069b466:   7c 24 22 00 0f 85 40 0f 00 00 e8 3b f9 ff ff 90
0x00007ff9b069b476:   48 8b cb ff 15 99 bc 88 00 48 8b 8c 24 50 01 00 


Stack slot to memory mapping:
stack at sp + 0 slots: 0x00000288c2dacd10 points into unknown readable memory: 0xffffffffffffffff | ff ff ff ff ff ff ff ff
stack at sp + 1 slots: 0x0255429d03862e9d is an unknown value
stack at sp + 2 slots: 0x0391939f00929d9d is an unknown value
stack at sp + 3 slots: 0x0250f39f03309c9f is an unknown value
stack at sp + 4 slots: 0x0000001603000000 is an unknown value
stack at sp + 5 slots: 0x0 is NULL
stack at sp + 6 slots: 0x032b66a303b02aa3 is an unknown value
stack at sp + 7 slots: 0x0365e2a3036987a3 is an unknown value

VM_Operation (0x000000e0b7cfec50): Exit, mode: safepoint, requested by thread 0x0000028909ec2d30


---------------  P R O C E S S  ---------------

Threads class SMR info:
_java_thread_list=0x0000028917c49300, length=39, elements={
0x00000288c201d960, 0x00000288c201e520, 0x00000288c2037500, 0x00000288c2037ec0,
0x00000288c2038880, 0x00000288c2039240, 0x00000288c203e350, 0x00000288c2046e10,
0x00000288c204d2b0, 0x00000288c22db4b0, 0x00000288c22efe10, 0x00000288c2302520,
0x00000288c2304d30, 0x00000288c23076a0, 0x00000288c25ae700, 0x0000028909ec3c60,
0x0000028909ec2d30, 0x0000028909ec5ac0, 0x0000028909ec2820, 0x0000028909ec3240,
0x0000028909ec50a0, 0x0000028909ec5fd0, 0x0000028909ec4680, 0x0000028909ec4b90,
0x0000028909ec3750, 0x0000028909ec55b0, 0x000002890a330550, 0x000002890a330f70,
0x000002890a333d00, 0x000002890a330a60, 0x000002890a331480, 0x000002890a334c30,
0x000002890a335140, 0x000002890a3332e0, 0x000002890a334210, 0x000002890a331990,
0x000002890a334720, 0x000002890a331ea0, 0x000002890a336070
}

Java Threads: ( => current thread )
  0x00000288c201d960 JavaThread "Reference Handler" daemon [_thread_blocked, id=32816, stack(0x000000e0b5c00000,0x000000e0b5d00000)]
  0x00000288c201e520 JavaThread "Finalizer" daemon [_thread_blocked, id=31796, stack(0x000000e0b5d00000,0x000000e0b5e00000)]
  0x00000288c2037500 JavaThread "Signal Dispatcher" daemon [_thread_blocked, id=48880, stack(0x000000e0b5e00000,0x000000e0b5f00000)]
  0x00000288c2037ec0 JavaThread "Attach Listener" daemon [_thread_blocked, id=26916, stack(0x000000e0b5f00000,0x000000e0b6000000)]
  0x00000288c2038880 JavaThread "Service Thread" daemon [_thread_blocked, id=27120, stack(0x000000e0b6000000,0x000000e0b6100000)]
  0x00000288c2039240 JavaThread "Monitor Deflation Thread" daemon [_thread_blocked, id=31088, stack(0x000000e0b6100000,0x000000e0b6200000)]
  0x00000288c203e350 JavaThread "C2 CompilerThread0" daemon [_thread_blocked, id=43616, stack(0x000000e0b6200000,0x000000e0b6300000)]
  0x00000288c2046e10 JavaThread "C1 CompilerThread0" daemon [_thread_blocked, id=24936, stack(0x000000e0b6300000,0x000000e0b6400000)]
  0x00000288c204d2b0 JavaThread "Sweeper thread" daemon [_thread_blocked, id=26740, stack(0x000000e0b6400000,0x000000e0b6500000)]
  0x00000288c22db4b0 JavaThread "JDWP Transport Listener: dt_socket" daemon [_thread_blocked, id=31412, stack(0x000000e0b6500000,0x000000e0b6600000)]
  0x00000288c22efe10 JavaThread "JDWP Event Helper Thread" daemon [_thread_blocked, id=26816, stack(0x000000e0b6600000,0x000000e0b6700000)]
  0x00000288c2302520 JavaThread "JDWP Command Reader" daemon [_thread_blocked, id=19084, stack(0x000000e0b6700000,0x000000e0b6800000)]
  0x00000288c2304d30 JavaThread "Notification Thread" daemon [_thread_blocked, id=22696, stack(0x000000e0b6800000,0x000000e0b6900000)]
  0x00000288c23076a0 JavaThread "Common-Cleaner" daemon [_thread_blocked, id=2552, stack(0x000000e0b6a00000,0x000000e0b6b00000)]
  0x00000288c25ae700 JavaThread "Java2D Disposer" daemon [_thread_blocked, id=48920, stack(0x000000e0b6b00000,0x000000e0b6c00000)]
  0x0000028909ec3c60 JavaThread "HighResTimerThread" daemon [_thread_blocked, id=15268, stack(0x000000e0b6c00000,0x000000e0b6d00000)]
  0x0000028909ec2d30 JavaThread "main-FPSAWTAnimator#00-Timer0" [_thread_blocked, id=31408, stack(0x000000e0b7c00000,0x000000e0b7d00000)]
  0x0000028909ec5ac0 JavaThread "DestroyJavaVM" [_thread_blocked, id=23556, stack(0x000000e0b5500000,0x000000e0b5600000)]
  0x0000028909ec2820 JavaThread "pool-1-thread-1" [_thread_blocked, id=28932, stack(0x000000e0b8000000,0x000000e0b8100000)]
  0x0000028909ec3240 JavaThread "pool-1-thread-2" [_thread_blocked, id=27320, stack(0x000000e0b8100000,0x000000e0b8200000)]
  0x0000028909ec50a0 JavaThread "pool-1-thread-3" [_thread_blocked, id=29036, stack(0x000000e0b8200000,0x000000e0b8300000)]
  0x0000028909ec5fd0 JavaThread "pool-1-thread-4" [_thread_blocked, id=20636, stack(0x000000e0b8300000,0x000000e0b8400000)]
  0x0000028909ec4680 JavaThread "pool-1-thread-5" [_thread_blocked, id=29008, stack(0x000000e0b8400000,0x000000e0b8500000)]
  0x0000028909ec4b90 JavaThread "pool-1-thread-6" [_thread_blocked, id=29040, stack(0x000000e0b8500000,0x000000e0b8600000)]
  0x0000028909ec3750 JavaThread "pool-1-thread-7" [_thread_blocked, id=23848, stack(0x000000e0b8600000,0x000000e0b8700000)]
  0x0000028909ec55b0 JavaThread "pool-1-thread-8" [_thread_blocked, id=43192, stack(0x000000e0b8700000,0x000000e0b8800000)]
  0x000002890a330550 JavaThread "pool-1-thread-9" [_thread_blocked, id=48772, stack(0x000000e0b8800000,0x000000e0b8900000)]
  0x000002890a330f70 JavaThread "pool-1-thread-10" [_thread_blocked, id=32808, stack(0x000000e0b8900000,0x000000e0b8a00000)]
  0x000002890a333d00 JavaThread "pool-1-thread-11" [_thread_blocked, id=25576, stack(0x000000e0b8a00000,0x000000e0b8b00000)]
  0x000002890a330a60 JavaThread "pool-1-thread-12" [_thread_blocked, id=28588, stack(0x000000e0b8b00000,0x000000e0b8c00000)]
  0x000002890a331480 JavaThread "pool-1-thread-13" [_thread_blocked, id=22620, stack(0x000000e0b8c00000,0x000000e0b8d00000)]
  0x000002890a334c30 JavaThread "pool-1-thread-14" [_thread_blocked, id=32764, stack(0x000000e0b8d00000,0x000000e0b8e00000)]
  0x000002890a335140 JavaThread "pool-1-thread-15" [_thread_blocked, id=33012, stack(0x000000e0b8e00000,0x000000e0b8f00000)]
  0x000002890a3332e0 JavaThread "pool-1-thread-16" [_thread_blocked, id=23024, stack(0x000000e0b8f00000,0x000000e0b9000000)]
  0x000002890a334210 JavaThread "pool-1-thread-17" [_thread_blocked, id=27088, stack(0x000000e0b9000000,0x000000e0b9100000)]
  0x000002890a331990 JavaThread "pool-1-thread-18" [_thread_blocked, id=1544, stack(0x000000e0b9100000,0x000000e0b9200000)]
  0x000002890a334720 JavaThread "pool-1-thread-19" [_thread_blocked, id=22340, stack(0x000000e0b9200000,0x000000e0b9300000)]
  0x000002890a331ea0 JavaThread "pool-1-thread-20" [_thread_blocked, id=32752, stack(0x000000e0b9300000,0x000000e0b9400000)]
  0x000002890a336070 JavaThread "AWT-Shutdown" [_thread_blocked, id=22188, stack(0x000000e0b6f00000,0x000000e0b7000000)]

Other Threads:
=>0x00000288c2011010 VMThread "VM Thread" [stack: 0x000000e0b5b00000,0x000000e0b5c00000] [id=27984]
  0x00000288a423cba0 GCTaskThread "GC Thread#0" [stack: 0x000000e0b5600000,0x000000e0b5700000] [id=26528]
  0x00000289099f0380 GCTaskThread "GC Thread#1" [stack: 0x000000e0b7300000,0x000000e0b7400000] [id=28280]
  0x00000289099f0640 GCTaskThread "GC Thread#2" [stack: 0x000000e0b7400000,0x000000e0b7500000] [id=26308]
  0x00000289099f0900 GCTaskThread "GC Thread#3" [stack: 0x000000e0b7500000,0x000000e0b7600000] [id=32828]
  0x00000289099f0bc0 GCTaskThread "GC Thread#4" [stack: 0x000000e0b7600000,0x000000e0b7700000] [id=28904]
  0x00000289099f0e80 GCTaskThread "GC Thread#5" [stack: 0x000000e0b7700000,0x000000e0b7800000] [id=28756]
  0x0000028909a23f60 GCTaskThread "GC Thread#6" [stack: 0x000000e0b7800000,0x000000e0b7900000] [id=29168]
  0x0000028909a28230 GCTaskThread "GC Thread#7" [stack: 0x000000e0b7900000,0x000000e0b7a00000] [id=33604]
  0x00000288a4245af0 ConcurrentGCThread "G1 Main Marker" terminated
  0x00000288a42471e0 ConcurrentGCThread "G1 Conc#0" [stack: 0x000000e0b5800000,0x000000e0b5900000] [id=32836]
  0x000002890a2d8210 ConcurrentGCThread "G1 Conc#1" [stack: 0x000000e0b9700000,0x000000e0b9800000] [id=32700]
  0x00000288a429ea40 ConcurrentGCThread "G1 Refine#0" terminated
  0x0000028909ec0d80 ConcurrentGCThread "G1 Refine#1" terminated
  0x000002890a25a670 ConcurrentGCThread "G1 Refine#2" terminated
  0x0000028917c71c20 ConcurrentGCThread "G1 Refine#3" terminated
  0x00000288a429f310 ConcurrentGCThread "G1 Service" terminated

Threads with active compile tasks:

VM state: at safepoint (shutting down)

VM Mutex/Monitor currently owned by a thread:  ([mutex/lock_event])
[0x00000288a41f86a0] Threads_lock - owner thread: 0x00000288c2011010
[0x00000288a41f7b60] Heap_lock - owner thread: 0x0000028909ec2d30

Heap address: 0x00000000c0000000, size: 1024 MB, Compressed Oops mode: 32-bit

CDS archive(s) mapped at: [0x00000288c3000000-0x00000288c3bb0000-0x00000288c3bb0000), size 12255232, SharedBaseAddress: 0x00000288c3000000, ArchiveRelocationMode: 1.
Compressed class space mapped at: 0x00000288c4000000-0x0000028904000000, reserved size: 1073741824
Narrow klass base: 0x00000288c3000000, Narrow klass shift: 0, Narrow klass range: 0x100000000

GC Precious Log:
 CPUs: 8 total, 8 available
 Memory: 7975M
 Large Page Support: Disabled
 NUMA Support: Disabled
 Compressed Oops: Enabled (32-bit)
 Heap Region Size: 1M
 Heap Min Capacity: 64M
 Heap Initial Capacity: 64M
 Heap Max Capacity: 1G
 Pre-touch: Disabled
 Parallel Workers: 8
 Concurrent Workers: 2
 Concurrent Refinement Workers: 8
 Periodic GC: Disabled

Heap:
 garbage-first heap   total 190464K, used 139097K [0x00000000c0000000, 0x0000000100000000)
  region size 1024K, 49 young (50176K), 3 survivors (3072K)
 Metaspace       used 12956K, committed 13120K, reserved 1114112K
  class space    used 919K, committed 1024K, reserved 1048576K

Heap Regions: E=young(eden), S=young(survivor), O=old, HS=humongous(starts), HC=humongous(continues), CS=collection set, F=free, OA=open archive, CA=closed archive, TAMS=top-at-mark-start (previous, next)
|   0|0x00000000c0000000, 0x00000000c0100000, 0x00000000c0100000|100%|HS|  |TAMS 0x00000000c0100000, 0x00000000c0000000| Complete 
|   1|0x00000000c0100000, 0x00000000c0200000, 0x00000000c0200000|100%|HS|  |TAMS 0x00000000c0200000, 0x00000000c0100000| Complete 
|   2|0x00000000c0200000, 0x00000000c0300000, 0x00000000c0300000|100%| O|  |TAMS 0x00000000c0300000, 0x00000000c0200000| Untracked 
|   3|0x00000000c0300000, 0x00000000c0400000, 0x00000000c0400000|100%| O|  |TAMS 0x00000000c0400000, 0x00000000c0300000| Untracked 
|   4|0x00000000c0400000, 0x00000000c0500000, 0x00000000c0500000|100%| O|  |TAMS 0x00000000c0500000, 0x00000000c0400000| Untracked 
|   5|0x00000000c0500000, 0x00000000c0600000, 0x00000000c0600000|100%| O|  |TAMS 0x00000000c0600000, 0x00000000c0500000| Untracked 
|   6|0x00000000c0600000, 0x00000000c0700000, 0x00000000c0700000|100%| O|  |TAMS 0x00000000c0700000, 0x00000000c0600000| Untracked 
|   7|0x00000000c0700000, 0x00000000c0800000, 0x00000000c0800000|100%| O|  |TAMS 0x00000000c0800000, 0x00000000c0700000| Untracked 
|   8|0x00000000c0800000, 0x00000000c0800000, 0x00000000c0900000|  0%| F|  |TAMS 0x00000000c0800000, 0x00000000c0800000| Untracked 
|   9|0x00000000c0900000, 0x00000000c0900000, 0x00000000c0a00000|  0%| F|  |TAMS 0x00000000c0900000, 0x00000000c0900000| Untracked 
|  10|0x00000000c0a00000, 0x00000000c0b00000, 0x00000000c0b00000|100%| O|  |TAMS 0x00000000c0b00000, 0x00000000c0a00000| Untracked 
|  11|0x00000000c0b00000, 0x00000000c0c00000, 0x00000000c0c00000|100%|HS|  |TAMS 0x00000000c0c00000, 0x00000000c0b00000| Complete 
|  12|0x00000000c0c00000, 0x00000000c0d00000, 0x00000000c0d00000|100%|HS|  |TAMS 0x00000000c0d00000, 0x00000000c0c00000| Complete 
|  13|0x00000000c0d00000, 0x00000000c0e00000, 0x00000000c0e00000|100%|HC|  |TAMS 0x00000000c0e00000, 0x00000000c0d00000| Complete 
|  14|0x00000000c0e00000, 0x00000000c0f00000, 0x00000000c0f00000|100%|HC|  |TAMS 0x00000000c0f00000, 0x00000000c0e00000| Complete 
|  15|0x00000000c0f00000, 0x00000000c1000000, 0x00000000c1000000|100%|HC|  |TAMS 0x00000000c1000000, 0x00000000c0f00000| Complete 
|  16|0x00000000c1000000, 0x00000000c1100000, 0x00000000c1100000|100%|HC|  |TAMS 0x00000000c1100000, 0x00000000c1000000| Complete 
|  17|0x00000000c1100000, 0x00000000c1200000, 0x00000000c1200000|100%|HC|  |TAMS 0x00000000c1200000, 0x00000000c1100000| Complete 
|  18|0x00000000c1200000, 0x00000000c1300000, 0x00000000c1300000|100%|HC|  |TAMS 0x00000000c1300000, 0x00000000c1200000| Complete 
|  19|0x00000000c1300000, 0x00000000c1400000, 0x00000000c1400000|100%|HC|  |TAMS 0x00000000c1400000, 0x00000000c1300000| Complete 
|  20|0x00000000c1400000, 0x00000000c1500000, 0x00000000c1500000|100%|HC|  |TAMS 0x00000000c1500000, 0x00000000c1400000| Complete 
|  21|0x00000000c1500000, 0x00000000c1600000, 0x00000000c1600000|100%|HC|  |TAMS 0x00000000c1600000, 0x00000000c1500000| Complete 
|  22|0x00000000c1600000, 0x00000000c1700000, 0x00000000c1700000|100%|HC|  |TAMS 0x00000000c1700000, 0x00000000c1600000| Complete 
|  23|0x00000000c1700000, 0x00000000c1800000, 0x00000000c1800000|100%|HC|  |TAMS 0x00000000c1800000, 0x00000000c1700000| Complete 
|  24|0x00000000c1800000, 0x00000000c1900000, 0x00000000c1900000|100%|HC|  |TAMS 0x00000000c1900000, 0x00000000c1800000| Complete 
|  25|0x00000000c1900000, 0x00000000c1a00000, 0x00000000c1a00000|100%|HC|  |TAMS 0x00000000c1a00000, 0x00000000c1900000| Complete 
|  26|0x00000000c1a00000, 0x00000000c1b00000, 0x00000000c1b00000|100%|HC|  |TAMS 0x00000000c1b00000, 0x00000000c1a00000| Complete 
|  27|0x00000000c1b00000, 0x00000000c1c00000, 0x00000000c1c00000|100%|HC|  |TAMS 0x00000000c1c00000, 0x00000000c1b00000| Complete 
|  28|0x00000000c1c00000, 0x00000000c1d00000, 0x00000000c1d00000|100%|HC|  |TAMS 0x00000000c1d00000, 0x00000000c1c00000| Complete 
|  29|0x00000000c1d00000, 0x00000000c1e00000, 0x00000000c1e00000|100%| O|  |TAMS 0x00000000c1e00000, 0x00000000c1d00000| Untracked 
|  30|0x00000000c1e00000, 0x00000000c1e8cc00, 0x00000000c1f00000| 54%| O|  |TAMS 0x00000000c1e8cc00, 0x00000000c1e00000| Untracked 
|  31|0x00000000c1f00000, 0x00000000c1f00000, 0x00000000c2000000|  0%| F|  |TAMS 0x00000000c1f00000, 0x00000000c1f00000| Untracked 
|  32|0x00000000c2000000, 0x00000000c2000000, 0x00000000c2100000|  0%| F|  |TAMS 0x00000000c2000000, 0x00000000c2000000| Untracked 
|  33|0x00000000c2100000, 0x00000000c2200000, 0x00000000c2200000|100%| O|  |TAMS 0x00000000c2200000, 0x00000000c2100000| Untracked 
|  34|0x00000000c2200000, 0x00000000c2300000, 0x00000000c2300000|100%| O|  |TAMS 0x00000000c2300000, 0x00000000c2200000| Untracked 
|  35|0x00000000c2300000, 0x00000000c2400000, 0x00000000c2400000|100%| O|  |TAMS 0x00000000c2400000, 0x00000000c2300000| Untracked 
|  36|0x00000000c2400000, 0x00000000c2500000, 0x00000000c2500000|100%| O|  |TAMS 0x00000000c2500000, 0x00000000c2400000| Untracked 
|  37|0x00000000c2500000, 0x00000000c2600000, 0x00000000c2600000|100%|HS|  |TAMS 0x00000000c2600000, 0x00000000c2500000| Complete 
|  38|0x00000000c2600000, 0x00000000c2700000, 0x00000000c2700000|100%|HC|  |TAMS 0x00000000c2700000, 0x00000000c2600000| Complete 
|  39|0x00000000c2700000, 0x00000000c2800000, 0x00000000c2800000|100%|HC|  |TAMS 0x00000000c2800000, 0x00000000c2700000| Complete 
|  40|0x00000000c2800000, 0x00000000c2900000, 0x00000000c2900000|100%|HC|  |TAMS 0x00000000c2900000, 0x00000000c2800000| Complete 
|  41|0x00000000c2900000, 0x00000000c2a00000, 0x00000000c2a00000|100%|HC|  |TAMS 0x00000000c2a00000, 0x00000000c2900000| Complete 
|  42|0x00000000c2a00000, 0x00000000c2b00000, 0x00000000c2b00000|100%|HS|  |TAMS 0x00000000c2b00000, 0x00000000c2a00000| Complete 
|  43|0x00000000c2b00000, 0x00000000c2c00000, 0x00000000c2c00000|100%|HC|  |TAMS 0x00000000c2c00000, 0x00000000c2b00000| Complete 
|  44|0x00000000c2c00000, 0x00000000c2d00000, 0x00000000c2d00000|100%|HC|  |TAMS 0x00000000c2d00000, 0x00000000c2c00000| Complete 
|  45|0x00000000c2d00000, 0x00000000c2e00000, 0x00000000c2e00000|100%|HC|  |TAMS 0x00000000c2e00000, 0x00000000c2d00000| Complete 
|  46|0x00000000c2e00000, 0x00000000c2f00000, 0x00000000c2f00000|100%|HC|  |TAMS 0x00000000c2f00000, 0x00000000c2e00000| Complete 
|  47|0x00000000c2f00000, 0x00000000c3000000, 0x00000000c3000000|100%|HC|  |TAMS 0x00000000c3000000, 0x00000000c2f00000| Complete 
|  48|0x00000000c3000000, 0x00000000c3100000, 0x00000000c3100000|100%|HC|  |TAMS 0x00000000c3100000, 0x00000000c3000000| Complete 
|  49|0x00000000c3100000, 0x00000000c3200000, 0x00000000c3200000|100%|HC|  |TAMS 0x00000000c3200000, 0x00000000c3100000| Complete 
|  50|0x00000000c3200000, 0x00000000c3300000, 0x00000000c3300000|100%|HC|  |TAMS 0x00000000c3300000, 0x00000000c3200000| Complete 
|  51|0x00000000c3300000, 0x00000000c3400000, 0x00000000c3400000|100%|HS|  |TAMS 0x00000000c3400000, 0x00000000c3300000| Complete 
|  52|0x00000000c3400000, 0x00000000c3500000, 0x00000000c3500000|100%|HC|  |TAMS 0x00000000c3500000, 0x00000000c3400000| Complete 
|  53|0x00000000c3500000, 0x00000000c3600000, 0x00000000c3600000|100%|HC|  |TAMS 0x00000000c3600000, 0x00000000c3500000| Complete 
|  54|0x00000000c3600000, 0x00000000c3700000, 0x00000000c3700000|100%|HC|  |TAMS 0x00000000c3700000, 0x00000000c3600000| Complete 
|  55|0x00000000c3700000, 0x00000000c3800000, 0x00000000c3800000|100%|HC|  |TAMS 0x00000000c3800000, 0x00000000c3700000| Complete 
|  56|0x00000000c3800000, 0x00000000c3800000, 0x00000000c3900000|  0%| F|  |TAMS 0x00000000c3800000, 0x00000000c3800000| Untracked 
|  57|0x00000000c3900000, 0x00000000c3a00000, 0x00000000c3a00000|100%|HS|  |TAMS 0x00000000c3a00000, 0x00000000c3900000| Complete 
|  58|0x00000000c3a00000, 0x00000000c3b00000, 0x00000000c3b00000|100%|HC|  |TAMS 0x00000000c3b00000, 0x00000000c3a00000| Complete 
|  59|0x00000000c3b00000, 0x00000000c3c00000, 0x00000000c3c00000|100%|HC|  |TAMS 0x00000000c3c00000, 0x00000000c3b00000| Complete 
|  60|0x00000000c3c00000, 0x00000000c3d00000, 0x00000000c3d00000|100%|HC|  |TAMS 0x00000000c3d00000, 0x00000000c3c00000| Complete 
|  61|0x00000000c3d00000, 0x00000000c3e00000, 0x00000000c3e00000|100%|HC|  |TAMS 0x00000000c3e00000, 0x00000000c3d00000| Complete 
|  62|0x00000000c3e00000, 0x00000000c3e00000, 0x00000000c3f00000|  0%| F|  |TAMS 0x00000000c3e00000, 0x00000000c3e00000| Untracked 
|  63|0x00000000c3f00000, 0x00000000c3f00000, 0x00000000c4000000|  0%| F|  |TAMS 0x00000000c3f00000, 0x00000000c3f00000| Untracked 
|  64|0x00000000c4000000, 0x00000000c4100000, 0x00000000c4100000|100%|HS|  |TAMS 0x00000000c4100000, 0x00000000c4000000| Complete 
|  65|0x00000000c4100000, 0x00000000c4200000, 0x00000000c4200000|100%|HC|  |TAMS 0x00000000c4200000, 0x00000000c4100000| Complete 
|  66|0x00000000c4200000, 0x00000000c4300000, 0x00000000c4300000|100%|HC|  |TAMS 0x00000000c4300000, 0x00000000c4200000| Complete 
|  67|0x00000000c4300000, 0x00000000c4400000, 0x00000000c4400000|100%|HC|  |TAMS 0x00000000c4400000, 0x00000000c4300000| Complete 
|  68|0x00000000c4400000, 0x00000000c4500000, 0x00000000c4500000|100%|HC|  |TAMS 0x00000000c4500000, 0x00000000c4400000| Complete 
|  69|0x00000000c4500000, 0x00000000c4600000, 0x00000000c4600000|100%|HC|  |TAMS 0x00000000c4600000, 0x00000000c4500000| Complete 
|  70|0x00000000c4600000, 0x00000000c4700000, 0x00000000c4700000|100%|HC|  |TAMS 0x00000000c4700000, 0x00000000c4600000| Complete 
|  71|0x00000000c4700000, 0x00000000c4800000, 0x00000000c4800000|100%|HC|  |TAMS 0x00000000c4800000, 0x00000000c4700000| Complete 
|  72|0x00000000c4800000, 0x00000000c4900000, 0x00000000c4900000|100%|HC|  |TAMS 0x00000000c4900000, 0x00000000c4800000| Complete 
|  73|0x00000000c4900000, 0x00000000c4a00000, 0x00000000c4a00000|100%|HC|  |TAMS 0x00000000c4a00000, 0x00000000c4900000| Complete 
|  74|0x00000000c4a00000, 0x00000000c4b00000, 0x00000000c4b00000|100%|HC|  |TAMS 0x00000000c4b00000, 0x00000000c4a00000| Complete 
|  75|0x00000000c4b00000, 0x00000000c4c00000, 0x00000000c4c00000|100%|HC|  |TAMS 0x00000000c4c00000, 0x00000000c4b00000| Complete 
|  76|0x00000000c4c00000, 0x00000000c4d00000, 0x00000000c4d00000|100%|HC|  |TAMS 0x00000000c4d00000, 0x00000000c4c00000| Complete 
|  77|0x00000000c4d00000, 0x00000000c4e00000, 0x00000000c4e00000|100%|HS|  |TAMS 0x00000000c4e00000, 0x00000000c4d00000| Complete 
|  78|0x00000000c4e00000, 0x00000000c4f00000, 0x00000000c4f00000|100%|HC|  |TAMS 0x00000000c4f00000, 0x00000000c4e00000| Complete 
|  79|0x00000000c4f00000, 0x00000000c5000000, 0x00000000c5000000|100%|HC|  |TAMS 0x00000000c5000000, 0x00000000c4f00000| Complete 
|  80|0x00000000c5000000, 0x00000000c5100000, 0x00000000c5100000|100%|HC|  |TAMS 0x00000000c5100000, 0x00000000c5000000| Complete 
|  81|0x00000000c5100000, 0x00000000c5200000, 0x00000000c5200000|100%|HC|  |TAMS 0x00000000c5200000, 0x00000000c5100000| Complete 
|  82|0x00000000c5200000, 0x00000000c5300000, 0x00000000c5300000|100%|HS|  |TAMS 0x00000000c5300000, 0x00000000c5200000| Complete 
|  83|0x00000000c5300000, 0x00000000c5400000, 0x00000000c5400000|100%|HC|  |TAMS 0x00000000c5400000, 0x00000000c5300000| Complete 
|  84|0x00000000c5400000, 0x00000000c5500000, 0x00000000c5500000|100%|HC|  |TAMS 0x00000000c5500000, 0x00000000c5400000| Complete 
|  85|0x00000000c5500000, 0x00000000c5600000, 0x00000000c5600000|100%|HC|  |TAMS 0x00000000c5600000, 0x00000000c5500000| Complete 
|  86|0x00000000c5600000, 0x00000000c5700000, 0x00000000c5700000|100%|HC|  |TAMS 0x00000000c5700000, 0x00000000c5600000| Complete 
|  87|0x00000000c5700000, 0x00000000c5700000, 0x00000000c5800000|  0%| F|  |TAMS 0x00000000c5700000, 0x00000000c5700000| Untracked 
|  88|0x00000000c5800000, 0x00000000c5800000, 0x00000000c5900000|  0%| F|  |TAMS 0x00000000c5800000, 0x00000000c5800000| Untracked 
|  89|0x00000000c5900000, 0x00000000c5900000, 0x00000000c5a00000|  0%| F|  |TAMS 0x00000000c5900000, 0x00000000c5900000| Untracked 
|  90|0x00000000c5a00000, 0x00000000c5a00000, 0x00000000c5b00000|  0%| F|  |TAMS 0x00000000c5a00000, 0x00000000c5a00000| Untracked 
|  91|0x00000000c5b00000, 0x00000000c5b00000, 0x00000000c5c00000|  0%| F|  |TAMS 0x00000000c5b00000, 0x00000000c5b00000| Untracked 
|  92|0x00000000c5c00000, 0x00000000c5d00000, 0x00000000c5d00000|100%|HS|  |TAMS 0x00000000c5d00000, 0x00000000c5c00000| Complete 
|  93|0x00000000c5d00000, 0x00000000c5e00000, 0x00000000c5e00000|100%|HC|  |TAMS 0x00000000c5e00000, 0x00000000c5d00000| Complete 
|  94|0x00000000c5e00000, 0x00000000c5f00000, 0x00000000c5f00000|100%|HC|  |TAMS 0x00000000c5f00000, 0x00000000c5e00000| Complete 
|  95|0x00000000c5f00000, 0x00000000c6000000, 0x00000000c6000000|100%|HC|  |TAMS 0x00000000c6000000, 0x00000000c5f00000| Complete 
|  96|0x00000000c6000000, 0x00000000c6100000, 0x00000000c6100000|100%|HC|  |TAMS 0x00000000c6100000, 0x00000000c6000000| Complete 
|  97|0x00000000c6100000, 0x00000000c6200000, 0x00000000c6200000|100%|HC|  |TAMS 0x00000000c6200000, 0x00000000c6100000| Complete 
|  98|0x00000000c6200000, 0x00000000c6300000, 0x00000000c6300000|100%|HC|  |TAMS 0x00000000c6300000, 0x00000000c6200000| Complete 
|  99|0x00000000c6300000, 0x00000000c6400000, 0x00000000c6400000|100%|HC|  |TAMS 0x00000000c6400000, 0x00000000c6300000| Complete 
| 100|0x00000000c6400000, 0x00000000c6500000, 0x00000000c6500000|100%|HC|  |TAMS 0x00000000c6500000, 0x00000000c6400000| Complete 
| 101|0x00000000c6500000, 0x00000000c6500000, 0x00000000c6600000|  0%| F|  |TAMS 0x00000000c6500000, 0x00000000c6500000| Untracked 
| 102|0x00000000c6600000, 0x00000000c6600000, 0x00000000c6700000|  0%| F|  |TAMS 0x00000000c6600000, 0x00000000c6600000| Untracked 
| 103|0x00000000c6700000, 0x00000000c6700000, 0x00000000c6800000|  0%| F|  |TAMS 0x00000000c6700000, 0x00000000c6700000| Untracked 
| 104|0x00000000c6800000, 0x00000000c6800000, 0x00000000c6900000|  0%| F|  |TAMS 0x00000000c6800000, 0x00000000c6800000| Untracked 
| 105|0x00000000c6900000, 0x00000000c6900000, 0x00000000c6a00000|  0%| F|  |TAMS 0x00000000c6900000, 0x00000000c6900000| Untracked 
| 106|0x00000000c6a00000, 0x00000000c6a00000, 0x00000000c6b00000|  0%| F|  |TAMS 0x00000000c6a00000, 0x00000000c6a00000| Untracked 
| 107|0x00000000c6b00000, 0x00000000c6b00000, 0x00000000c6c00000|  0%| F|  |TAMS 0x00000000c6b00000, 0x00000000c6b00000| Untracked 
| 108|0x00000000c6c00000, 0x00000000c6c00000, 0x00000000c6d00000|  0%| F|  |TAMS 0x00000000c6c00000, 0x00000000c6c00000| Untracked 
| 109|0x00000000c6d00000, 0x00000000c6d00000, 0x00000000c6e00000|  0%| F|  |TAMS 0x00000000c6d00000, 0x00000000c6d00000| Untracked 
| 110|0x00000000c6e00000, 0x00000000c6e00000, 0x00000000c6f00000|  0%| F|  |TAMS 0x00000000c6e00000, 0x00000000c6e00000| Untracked 
| 111|0x00000000c6f00000, 0x00000000c6f00000, 0x00000000c7000000|  0%| F|  |TAMS 0x00000000c6f00000, 0x00000000c6f00000| Untracked 
| 112|0x00000000c7000000, 0x00000000c7000000, 0x00000000c7100000|  0%| F|  |TAMS 0x00000000c7000000, 0x00000000c7000000| Untracked 
| 113|0x00000000c7100000, 0x00000000c7149aa0, 0x00000000c7200000| 28%| S|CS|TAMS 0x00000000c7100000, 0x00000000c7100000| Complete 
| 114|0x00000000c7200000, 0x00000000c7200000, 0x00000000c7300000|  0%| F|  |TAMS 0x00000000c7200000, 0x00000000c7200000| Untracked 
| 115|0x00000000c7300000, 0x00000000c7400000, 0x00000000c7400000|100%| S|CS|TAMS 0x00000000c7300000, 0x00000000c7300000| Complete 
| 116|0x00000000c7400000, 0x00000000c7500000, 0x00000000c7500000|100%| S|CS|TAMS 0x00000000c7400000, 0x00000000c7400000| Complete 
| 117|0x00000000c7500000, 0x00000000c7500000, 0x00000000c7600000|  0%| F|  |TAMS 0x00000000c7500000, 0x00000000c7500000| Untracked 
| 118|0x00000000c7600000, 0x00000000c7600000, 0x00000000c7700000|  0%| F|  |TAMS 0x00000000c7600000, 0x00000000c7600000| Untracked 
| 119|0x00000000c7700000, 0x00000000c7700000, 0x00000000c7800000|  0%| F|  |TAMS 0x00000000c7700000, 0x00000000c7700000| Untracked 
| 120|0x00000000c7800000, 0x00000000c7800000, 0x00000000c7900000|  0%| F|  |TAMS 0x00000000c7800000, 0x00000000c7800000| Untracked 
| 121|0x00000000c7900000, 0x00000000c7900000, 0x00000000c7a00000|  0%| F|  |TAMS 0x00000000c7900000, 0x00000000c7900000| Untracked 
| 122|0x00000000c7a00000, 0x00000000c7a00000, 0x00000000c7b00000|  0%| F|  |TAMS 0x00000000c7a00000, 0x00000000c7a00000| Untracked 
| 123|0x00000000c7b00000, 0x00000000c7b00000, 0x00000000c7c00000|  0%| F|  |TAMS 0x00000000c7b00000, 0x00000000c7b00000| Untracked 
| 124|0x00000000c7c00000, 0x00000000c7c00000, 0x00000000c7d00000|  0%| F|  |TAMS 0x00000000c7c00000, 0x00000000c7c00000| Untracked 
| 125|0x00000000c7d00000, 0x00000000c7d00000, 0x00000000c7e00000|  0%| F|  |TAMS 0x00000000c7d00000, 0x00000000c7d00000| Untracked 
| 126|0x00000000c7e00000, 0x00000000c7e00000, 0x00000000c7f00000|  0%| F|  |TAMS 0x00000000c7e00000, 0x00000000c7e00000| Untracked 
| 127|0x00000000c7f00000, 0x00000000c7f00000, 0x00000000c8000000|  0%| F|  |TAMS 0x00000000c7f00000, 0x00000000c7f00000| Untracked 
| 128|0x00000000c8000000, 0x00000000c8000000, 0x00000000c8100000|  0%| F|  |TAMS 0x00000000c8000000, 0x00000000c8000000| Untracked 
| 129|0x00000000c8100000, 0x00000000c8100000, 0x00000000c8200000|  0%| F|  |TAMS 0x00000000c8100000, 0x00000000c8100000| Untracked 
| 130|0x00000000c8200000, 0x00000000c8200000, 0x00000000c8300000|  0%| F|  |TAMS 0x00000000c8200000, 0x00000000c8200000| Untracked 
| 131|0x00000000c8300000, 0x00000000c8300000, 0x00000000c8400000|  0%| F|  |TAMS 0x00000000c8300000, 0x00000000c8300000| Untracked 
| 132|0x00000000c8400000, 0x00000000c8400000, 0x00000000c8500000|  0%| F|  |TAMS 0x00000000c8400000, 0x00000000c8400000| Untracked 
| 133|0x00000000c8500000, 0x00000000c8500000, 0x00000000c8600000|  0%| F|  |TAMS 0x00000000c8500000, 0x00000000c8500000| Untracked 
| 134|0x00000000c8600000, 0x00000000c8600000, 0x00000000c8700000|  0%| F|  |TAMS 0x00000000c8600000, 0x00000000c8600000| Untracked 
| 135|0x00000000c8700000, 0x00000000c8700000, 0x00000000c8800000|  0%| F|  |TAMS 0x00000000c8700000, 0x00000000c8700000| Untracked 
| 136|0x00000000c8800000, 0x00000000c8800000, 0x00000000c8900000|  0%| F|  |TAMS 0x00000000c8800000, 0x00000000c8800000| Untracked 
| 137|0x00000000c8900000, 0x00000000c8900000, 0x00000000c8a00000|  0%| F|  |TAMS 0x00000000c8900000, 0x00000000c8900000| Untracked 
| 138|0x00000000c8a00000, 0x00000000c8a00000, 0x00000000c8b00000|  0%| F|  |TAMS 0x00000000c8a00000, 0x00000000c8a00000| Untracked 
| 139|0x00000000c8b00000, 0x00000000c8b00000, 0x00000000c8c00000|  0%| F|  |TAMS 0x00000000c8b00000, 0x00000000c8b00000| Untracked 
| 140|0x00000000c8c00000, 0x00000000c8ca7c18, 0x00000000c8d00000| 65%| E|  |TAMS 0x00000000c8c00000, 0x00000000c8c00000| Complete 
| 141|0x00000000c8d00000, 0x00000000c8e00000, 0x00000000c8e00000|100%| E|CS|TAMS 0x00000000c8d00000, 0x00000000c8d00000| Complete 
| 142|0x00000000c8e00000, 0x00000000c8f00000, 0x00000000c8f00000|100%| E|CS|TAMS 0x00000000c8e00000, 0x00000000c8e00000| Complete 
| 143|0x00000000c8f00000, 0x00000000c9000000, 0x00000000c9000000|100%| E|CS|TAMS 0x00000000c8f00000, 0x00000000c8f00000| Complete 
| 144|0x00000000c9000000, 0x00000000c9100000, 0x00000000c9100000|100%| E|CS|TAMS 0x00000000c9000000, 0x00000000c9000000| Complete 
| 145|0x00000000c9100000, 0x00000000c9200000, 0x00000000c9200000|100%| E|CS|TAMS 0x00000000c9100000, 0x00000000c9100000| Complete 
| 146|0x00000000c9200000, 0x00000000c9300000, 0x00000000c9300000|100%| E|CS|TAMS 0x00000000c9200000, 0x00000000c9200000| Complete 
| 147|0x00000000c9300000, 0x00000000c9400000, 0x00000000c9400000|100%| E|CS|TAMS 0x00000000c9300000, 0x00000000c9300000| Complete 
| 148|0x00000000c9400000, 0x00000000c9500000, 0x00000000c9500000|100%| E|CS|TAMS 0x00000000c9400000, 0x00000000c9400000| Complete 
| 149|0x00000000c9500000, 0x00000000c9600000, 0x00000000c9600000|100%| E|CS|TAMS 0x00000000c9500000, 0x00000000c9500000| Complete 
| 150|0x00000000c9600000, 0x00000000c9700000, 0x00000000c9700000|100%| E|CS|TAMS 0x00000000c9600000, 0x00000000c9600000| Complete 
| 151|0x00000000c9700000, 0x00000000c9800000, 0x00000000c9800000|100%| E|CS|TAMS 0x00000000c9700000, 0x00000000c9700000| Complete 
| 152|0x00000000c9800000, 0x00000000c9900000, 0x00000000c9900000|100%| E|CS|TAMS 0x00000000c9800000, 0x00000000c9800000| Complete 
| 153|0x00000000c9900000, 0x00000000c9a00000, 0x00000000c9a00000|100%| E|CS|TAMS 0x00000000c9900000, 0x00000000c9900000| Complete 
| 154|0x00000000c9a00000, 0x00000000c9b00000, 0x00000000c9b00000|100%| E|CS|TAMS 0x00000000c9a00000, 0x00000000c9a00000| Complete 
| 155|0x00000000c9b00000, 0x00000000c9c00000, 0x00000000c9c00000|100%| E|CS|TAMS 0x00000000c9b00000, 0x00000000c9b00000| Complete 
| 156|0x00000000c9c00000, 0x00000000c9d00000, 0x00000000c9d00000|100%| E|CS|TAMS 0x00000000c9c00000, 0x00000000c9c00000| Complete 
| 157|0x00000000c9d00000, 0x00000000c9e00000, 0x00000000c9e00000|100%| E|CS|TAMS 0x00000000c9d00000, 0x00000000c9d00000| Complete 
| 158|0x00000000c9e00000, 0x00000000c9f00000, 0x00000000c9f00000|100%| E|CS|TAMS 0x00000000c9e00000, 0x00000000c9e00000| Complete 
| 159|0x00000000c9f00000, 0x00000000ca000000, 0x00000000ca000000|100%| E|CS|TAMS 0x00000000c9f00000, 0x00000000c9f00000| Complete 
| 160|0x00000000ca000000, 0x00000000ca100000, 0x00000000ca100000|100%| E|CS|TAMS 0x00000000ca000000, 0x00000000ca000000| Complete 
| 161|0x00000000ca100000, 0x00000000ca200000, 0x00000000ca200000|100%| E|CS|TAMS 0x00000000ca100000, 0x00000000ca100000| Complete 
| 162|0x00000000ca200000, 0x00000000ca300000, 0x00000000ca300000|100%| E|CS|TAMS 0x00000000ca200000, 0x00000000ca200000| Complete 
| 163|0x00000000ca300000, 0x00000000ca400000, 0x00000000ca400000|100%| E|CS|TAMS 0x00000000ca300000, 0x00000000ca300000| Complete 
| 164|0x00000000ca400000, 0x00000000ca500000, 0x00000000ca500000|100%| E|CS|TAMS 0x00000000ca400000, 0x00000000ca400000| Complete 
| 165|0x00000000ca500000, 0x00000000ca600000, 0x00000000ca600000|100%| E|CS|TAMS 0x00000000ca500000, 0x00000000ca500000| Complete 
| 166|0x00000000ca600000, 0x00000000ca700000, 0x00000000ca700000|100%| E|CS|TAMS 0x00000000ca600000, 0x00000000ca600000| Complete 
| 167|0x00000000ca700000, 0x00000000ca800000, 0x00000000ca800000|100%| E|CS|TAMS 0x00000000ca700000, 0x00000000ca700000| Complete 
| 168|0x00000000ca800000, 0x00000000ca900000, 0x00000000ca900000|100%| E|CS|TAMS 0x00000000ca800000, 0x00000000ca800000| Complete 
| 169|0x00000000ca900000, 0x00000000caa00000, 0x00000000caa00000|100%| E|CS|TAMS 0x00000000ca900000, 0x00000000ca900000| Complete 
| 170|0x00000000caa00000, 0x00000000cab00000, 0x00000000cab00000|100%| E|CS|TAMS 0x00000000caa00000, 0x00000000caa00000| Complete 
| 171|0x00000000cab00000, 0x00000000cac00000, 0x00000000cac00000|100%| E|CS|TAMS 0x00000000cab00000, 0x00000000cab00000| Complete 
| 172|0x00000000cac00000, 0x00000000cad00000, 0x00000000cad00000|100%| E|CS|TAMS 0x00000000cac00000, 0x00000000cac00000| Complete 
| 173|0x00000000cad00000, 0x00000000cae00000, 0x00000000cae00000|100%| E|CS|TAMS 0x00000000cad00000, 0x00000000cad00000| Complete 
| 174|0x00000000cae00000, 0x00000000caf00000, 0x00000000caf00000|100%| E|CS|TAMS 0x00000000cae00000, 0x00000000cae00000| Complete 
| 175|0x00000000caf00000, 0x00000000cb000000, 0x00000000cb000000|100%| E|CS|TAMS 0x00000000caf00000, 0x00000000caf00000| Complete 
| 176|0x00000000cb000000, 0x00000000cb100000, 0x00000000cb100000|100%| E|CS|TAMS 0x00000000cb000000, 0x00000000cb000000| Complete 
| 177|0x00000000cb100000, 0x00000000cb200000, 0x00000000cb200000|100%| E|CS|TAMS 0x00000000cb100000, 0x00000000cb100000| Complete 
| 178|0x00000000cb200000, 0x00000000cb300000, 0x00000000cb300000|100%| E|CS|TAMS 0x00000000cb200000, 0x00000000cb200000| Complete 
| 179|0x00000000cb300000, 0x00000000cb400000, 0x00000000cb400000|100%| E|CS|TAMS 0x00000000cb300000, 0x00000000cb300000| Complete 
| 180|0x00000000cb400000, 0x00000000cb500000, 0x00000000cb500000|100%| E|CS|TAMS 0x00000000cb400000, 0x00000000cb400000| Complete 
| 181|0x00000000cb500000, 0x00000000cb600000, 0x00000000cb600000|100%| E|CS|TAMS 0x00000000cb500000, 0x00000000cb500000| Complete 
| 182|0x00000000cb600000, 0x00000000cb700000, 0x00000000cb700000|100%| E|CS|TAMS 0x00000000cb600000, 0x00000000cb600000| Complete 
| 183|0x00000000cb700000, 0x00000000cb800000, 0x00000000cb800000|100%| E|CS|TAMS 0x00000000cb700000, 0x00000000cb700000| Complete 
| 184|0x00000000cb800000, 0x00000000cb900000, 0x00000000cb900000|100%| E|CS|TAMS 0x00000000cb800000, 0x00000000cb800000| Complete 
| 185|0x00000000cb900000, 0x00000000cba00000, 0x00000000cba00000|100%| E|CS|TAMS 0x00000000cb900000, 0x00000000cb900000| Complete 

Card table byte_map: [0x00000288bd1c0000,0x00000288bd3c0000] _byte_map_base: 0x00000288bcbc0000

Marking Bits (Prev, Next): (CMBitMap*) 0x00000288a423d200, (CMBitMap*) 0x00000288a423d1c0
 Prev Bits: [0x00000288be5c0000, 0x00000288bf5c0000)
 Next Bits: [0x00000288bd5c0000, 0x00000288be5c0000)

Polling page: 0x00000288a42b0000

Metaspace:

Usage:
  Non-class:     11.75 MB used.
      Class:    919.25 KB used.
       Both:     12.65 MB used.

Virtual space:
  Non-class space:       64.00 MB reserved,      11.81 MB ( 18%) committed,  1 nodes.
      Class space:        1.00 GB reserved,       1.00 MB ( <1%) committed,  1 nodes.
             Both:        1.06 GB reserved,      12.81 MB (  1%) committed. 

Chunk freelists:
   Non-Class:  3.88 MB
       Class:  14.91 MB
        Both:  18.79 MB

MaxMetaspaceSize: unlimited
CompressedClassSpaceSize: 1.00 GB
Initial GC threshold: 21.00 MB
Current GC threshold: 21.38 MB
CDS: on
MetaspaceReclaimPolicy: balanced
 - commit_granule_bytes: 65536.
 - commit_granule_words: 8192.
 - virtual_space_node_default_size: 8388608.
 - enlarge_chunks_in_place: 1.
 - new_chunks_are_fully_committed: 0.
 - uncommit_free_chunks: 1.
 - use_allocation_guard: 0.
 - handle_deallocations: 1.


Internal statistics:

num_allocs_failed_limit: 0.
num_arena_births: 106.
num_arena_deaths: 0.
num_vsnodes_births: 2.
num_vsnodes_deaths: 0.
num_space_committed: 201.
num_space_uncommitted: 0.
num_chunks_returned_to_freelist: 0.
num_chunks_taken_from_freelist: 385.
num_chunk_merges: 0.
num_chunk_splits: 300.
num_chunks_enlarged: 239.
num_inconsistent_stats: 0.

CodeHeap 'non-profiled nmethods': size=120000Kb used=794Kb max_used=794Kb free=119205Kb
 bounds [0x00000288b5120000, 0x00000288b5390000, 0x00000288bc650000]
CodeHeap 'profiled nmethods': size=120000Kb used=2938Kb max_used=2938Kb free=117061Kb
 bounds [0x00000288ad650000, 0x00000288ad930000, 0x00000288b4b80000]
CodeHeap 'non-nmethods': size=5760Kb used=1612Kb max_used=1645Kb free=4147Kb
 bounds [0x00000288b4b80000, 0x00000288b4df0000, 0x00000288b5120000]
 total_blobs=2569 nmethods=1631 adapters=851
 compilation: enabled
              stopped_count=0, restarted_count=0
 full_count=0

Compilation events (20 events):
Event: 11.343 Thread 0x00000288c2046e10 1622       3       processing.opengl.PGraphicsOpenGL$Tessellator::setFirstTexIndex (22 bytes)
Event: 11.343 Thread 0x00000288c2046e10 nmethod 1622 0x00000288ad929310 code [0x00000288ad9294a0, 0x00000288ad929698]
Event: 11.358 Thread 0x00000288c2046e10 1623       3       processing.opengl.PJOGL::enableVertexAttribArray (11 bytes)
Event: 11.358 Thread 0x00000288c2046e10 nmethod 1623 0x00000288ad929790 code [0x00000288ad929940, 0x00000288ad929b28]
Event: 11.358 Thread 0x00000288c2046e10 1624       3       jogamp.opengl.gl4.GL4bcImpl::glEnableVertexAttribArray (44 bytes)
Event: 11.359 Thread 0x00000288c2046e10 nmethod 1624 0x00000288ad929c10 code [0x00000288ad929ea0, 0x00000288ad92aa68]
Event: 11.359 Thread 0x00000288c2046e10 1625       3       processing.opengl.PJOGL::disableVertexAttribArray (11 bytes)
Event: 11.359 Thread 0x00000288c2046e10 nmethod 1625 0x00000288ad92ae90 code [0x00000288ad92b040, 0x00000288ad92b228]
Event: 11.359 Thread 0x00000288c2046e10 1626       3       jogamp.opengl.gl4.GL4bcImpl::glDisableVertexAttribArray (44 bytes)
Event: 11.359 Thread 0x00000288c2046e10 nmethod 1626 0x00000288ad92b310 code [0x00000288ad92b5a0, 0x00000288ad92c168]
Event: 11.359 Thread 0x00000288c2046e10 1627       3       processing.opengl.PJOGL::useProgram (11 bytes)
Event: 11.359 Thread 0x00000288c2046e10 nmethod 1627 0x00000288ad92c590 code [0x00000288ad92c740, 0x00000288ad92c928]
Event: 11.359 Thread 0x00000288c2046e10 1628       3       jogamp.opengl.gl4.GL4bcImpl::glUseProgram (44 bytes)
Event: 11.360 Thread 0x00000288c2046e10 nmethod 1628 0x00000288ad92ca10 code [0x00000288ad92cca0, 0x00000288ad92d868]
Event: 11.515 Thread 0x00000288c2046e10 1629       3       java.lang.AbstractStringBuilder::append (55 bytes)
Event: 11.516 Thread 0x00000288c2046e10 nmethod 1629 0x00000288ad92dc90 code [0x00000288ad92de60, 0x00000288ad92e198]
Event: 11.543 Thread 0x00000288c2046e10 1630       3       jdk.internal.misc.Unsafe::getAndAddLong (27 bytes)
Event: 11.543 Thread 0x00000288c2046e10 nmethod 1630 0x00000288ad92e310 code [0x00000288ad92e4c0, 0x00000288ad92e708]
Event: 11.543 Thread 0x00000288c2046e10 1631       3       jdk.internal.misc.Unsafe::weakCompareAndSetLong (11 bytes)
Event: 11.543 Thread 0x00000288c2046e10 nmethod 1631 0x00000288ad92e810 code [0x00000288ad92e9a0, 0x00000288ad92ead8]

GC Heap History (20 events):
Event: 3.619 GC heap before
{Heap before GC invocations=12 (full 0):
 garbage-first heap   total 158720K, used 132535K [0x00000000c0000000, 0x0000000100000000)
  region size 1024K, 41 young (41984K), 2 survivors (2048K)
 Metaspace       used 12783K, committed 12992K, reserved 1114112K
  class space    used 915K, committed 1024K, reserved 1048576K
}
Event: 3.620 GC heap after
{Heap after GC invocations=13 (full 0):
 garbage-first heap   total 158720K, used 92768K [0x00000000c0000000, 0x0000000100000000)
  region size 1024K, 3 young (3072K), 3 survivors (3072K)
 Metaspace       used 12783K, committed 12992K, reserved 1114112K
  class space    used 915K, committed 1024K, reserved 1048576K
}
Event: 4.122 GC heap before
{Heap before GC invocations=13 (full 0):
 garbage-first heap   total 158720K, used 132704K [0x00000000c0000000, 0x0000000100000000)
  region size 1024K, 42 young (43008K), 3 survivors (3072K)
 Metaspace       used 12794K, committed 12992K, reserved 1114112K
  class space    used 915K, committed 1024K, reserved 1048576K
}
Event: 4.124 GC heap after
{Heap after GC invocations=14 (full 0):
 garbage-first heap   total 158720K, used 93485K [0x00000000c0000000, 0x0000000100000000)
  region size 1024K, 3 young (3072K), 3 survivors (3072K)
 Metaspace       used 12794K, committed 12992K, reserved 1114112K
  class space    used 915K, committed 1024K, reserved 1048576K
}
Event: 4.625 GC heap before
{Heap before GC invocations=15 (full 0):
 garbage-first heap   total 158720K, used 133421K [0x00000000c0000000, 0x0000000100000000)
  region size 1024K, 42 young (43008K), 3 survivors (3072K)
 Metaspace       used 12808K, committed 12992K, reserved 1114112K
  class space    used 915K, committed 1024K, reserved 1048576K
}
Event: 4.626 GC heap after
{Heap after GC invocations=16 (full 0):
 garbage-first heap   total 190464K, used 94281K [0x00000000c0000000, 0x0000000100000000)
  region size 1024K, 4 young (4096K), 4 survivors (4096K)
 Metaspace       used 12808K, committed 12992K, reserved 1114112K
  class space    used 915K, committed 1024K, reserved 1048576K
}
Event: 5.490 GC heap before
{Heap before GC invocations=16 (full 0):
 garbage-first heap   total 190464K, used 160841K [0x00000000c0000000, 0x0000000100000000)
  region size 1024K, 69 young (70656K), 4 survivors (4096K)
 Metaspace       used 12812K, committed 12992K, reserved 1114112K
  class space    used 915K, committed 1024K, reserved 1048576K
}
Event: 5.491 GC heap after
{Heap after GC invocations=17 (full 0):
 garbage-first heap   total 190464K, used 94376K [0x00000000c0000000, 0x0000000100000000)
  region size 1024K, 4 young (4096K), 4 survivors (4096K)
 Metaspace       used 12812K, committed 12992K, reserved 1114112K
  class space    used 915K, committed 1024K, reserved 1048576K
}
Event: 6.358 GC heap before
{Heap before GC invocations=18 (full 0):
 garbage-first heap   total 190464K, used 160936K [0x00000000c0000000, 0x0000000100000000)
  region size 1024K, 69 young (70656K), 4 survivors (4096K)
 Metaspace       used 12851K, committed 13056K, reserved 1114112K
  class space    used 915K, committed 1024K, reserved 1048576K
}
Event: 6.359 GC heap after
{Heap after GC invocations=19 (full 0):
 garbage-first heap   total 190464K, used 93996K [0x00000000c0000000, 0x0000000100000000)
  region size 1024K, 4 young (4096K), 4 survivors (4096K)
 Metaspace       used 12851K, committed 13056K, reserved 1114112K
  class space    used 915K, committed 1024K, reserved 1048576K
}
Event: 7.218 GC heap before
{Heap before GC invocations=19 (full 0):
 garbage-first heap   total 190464K, used 160556K [0x00000000c0000000, 0x0000000100000000)
  region size 1024K, 69 young (70656K), 4 survivors (4096K)
 Metaspace       used 12851K, committed 13056K, reserved 1114112K
  class space    used 915K, committed 1024K, reserved 1048576K
}
Event: 7.220 GC heap after
{Heap after GC invocations=20 (full 0):
 garbage-first heap   total 190464K, used 93747K [0x00000000c0000000, 0x0000000100000000)
  region size 1024K, 3 young (3072K), 3 survivors (3072K)
 Metaspace       used 12851K, committed 13056K, reserved 1114112K
  class space    used 915K, committed 1024K, reserved 1048576K
}
Event: 8.134 GC heap before
{Heap before GC invocations=21 (full 0):
 garbage-first heap   total 190464K, used 162355K [0x00000000c0000000, 0x0000000100000000)
  region size 1024K, 70 young (71680K), 3 survivors (3072K)
 Metaspace       used 12892K, committed 13120K, reserved 1114112K
  class space    used 915K, committed 1024K, reserved 1048576K
}
Event: 8.135 GC heap after
{Heap after GC invocations=22 (full 0):
 garbage-first heap   total 190464K, used 92260K [0x00000000c0000000, 0x0000000100000000)
  region size 1024K, 2 young (2048K), 2 survivors (2048K)
 Metaspace       used 12892K, committed 13120K, reserved 1114112K
  class space    used 915K, committed 1024K, reserved 1048576K
}
Event: 9.039 GC heap before
{Heap before GC invocations=22 (full 0):
 garbage-first heap   total 190464K, used 162916K [0x00000000c0000000, 0x0000000100000000)
  region size 1024K, 71 young (72704K), 2 survivors (2048K)
 Metaspace       used 12893K, committed 13120K, reserved 1114112K
  class space    used 915K, committed 1024K, reserved 1048576K
}
Event: 9.040 GC heap after
{Heap after GC invocations=23 (full 0):
 garbage-first heap   total 190464K, used 91963K [0x00000000c0000000, 0x0000000100000000)
  region size 1024K, 2 young (2048K), 2 survivors (2048K)
 Metaspace       used 12893K, committed 13120K, reserved 1114112K
  class space    used 915K, committed 1024K, reserved 1048576K
}
Event: 9.977 GC heap before
{Heap before GC invocations=24 (full 0):
 garbage-first heap   total 190464K, used 163643K [0x00000000c0000000, 0x0000000100000000)
  region size 1024K, 72 young (73728K), 2 survivors (2048K)
 Metaspace       used 12893K, committed 13120K, reserved 1114112K
  class space    used 915K, committed 1024K, reserved 1048576K
}
Event: 9.978 GC heap after
{Heap after GC invocations=25 (full 0):
 garbage-first heap   total 190464K, used 93001K [0x00000000c0000000, 0x0000000100000000)
  region size 1024K, 3 young (3072K), 3 survivors (3072K)
 Metaspace       used 12893K, committed 13120K, reserved 1114112K
  class space    used 915K, committed 1024K, reserved 1048576K
}
Event: 10.901 GC heap before
{Heap before GC invocations=25 (full 0):
 garbage-first heap   total 190464K, used 163657K [0x00000000c0000000, 0x0000000100000000)
  region size 1024K, 72 young (73728K), 3 survivors (3072K)
 Metaspace       used 12893K, committed 13120K, reserved 1114112K
  class space    used 915K, committed 1024K, reserved 1048576K
}
Event: 10.903 GC heap after
{Heap after GC invocations=26 (full 0):
 garbage-first heap   total 190464K, used 93017K [0x00000000c0000000, 0x0000000100000000)
  region size 1024K, 3 young (3072K), 3 survivors (3072K)
 Metaspace       used 12893K, committed 13120K, reserved 1114112K
  class space    used 915K, committed 1024K, reserved 1048576K
}

Dll operation events (14 events):
Event: 0.006 Loaded shared library C:\Program Files\Processing\app\resources\jdk-17.0.14+7\bin\java.dll
Event: 0.018 Loaded shared library C:\Program Files\Processing\app\resources\jdk-17.0.14+7\bin\jsvml.dll
Event: 0.093 Loaded shared library C:\Program Files\Processing\app\resources\jdk-17.0.14+7\bin\net.dll
Event: 0.094 Loaded shared library C:\Program Files\Processing\app\resources\jdk-17.0.14+7\bin\nio.dll
Event: 0.096 Loaded shared library C:\Program Files\Processing\app\resources\jdk-17.0.14+7\bin\zip.dll
Event: 0.132 Loaded shared library C:\Program Files\Processing\app\resources\jdk-17.0.14+7\bin\jimage.dll
Event: 0.134 Loaded shared library C:\Program Files\Processing\app\resources\jdk-17.0.14+7\bin\awt.dll
Event: 0.381 Loaded shared library C:\Users\danil\AppData\Local\Temp\jogamp_0000\file_cache\jln12240569366479787427\jln12079127061713721768\natives\windows-amd64\gluegen_rt.dll
Event: 0.387 Loaded shared library C:\Program Files\Processing\app\resources\jdk-17.0.14+7\bin\jawt.dll
Event: 0.398 Loaded shared library C:\Users\danil\AppData\Local\Temp\jogamp_0000\file_cache\jln12240569366479787427\jln12079127061713721768\natives\windows-amd64\nativewindow_awt.dll
Event: 0.423 Loaded shared library C:\Users\danil\AppData\Local\Temp\jogamp_0000\file_cache\jln12240569366479787427\jln12079127061713721768\natives\windows-amd64\nativewindow_win32.dll
Event: 0.499 Loaded shared library C:\Users\danil\AppData\Local\Temp\jogamp_0000\file_cache\jln12240569366479787427\jln12079127061713721768\natives\windows-amd64\jogl_desktop.dll
Event: 0.657 Loaded shared library C:\Users\danil\AppData\Local\Temp\jogamp_0000\file_cache\jln12240569366479787427\jln12079127061713721768\natives\windows-amd64\jogl_mobile.dll
Event: 1.344 Loaded shared library C:\Users\danil\AppData\Local\Temp\jogamp_0000\file_cache\jln12240569366479787427\jln12079127061713721768\natives\windows-amd64\newt_head.dll

Deoptimization events (20 events):
Event: 11.411 Thread 0x0000028909ec2d30 DEOPT PACKING pc=0x00000288ad923bc1 sp=0x000000e0b7cfee70
Event: 11.411 Thread 0x0000028909ec2d30 DEOPT UNPACKING pc=0x00000288b4bdace3 sp=0x000000e0b7cfe360 mode 1
Event: 11.411 Thread 0x0000028909ec2d30 DEOPT PACKING pc=0x00000288ad921574 sp=0x000000e0b7cfef00
Event: 11.411 Thread 0x0000028909ec2d30 DEOPT UNPACKING pc=0x00000288b4bdace3 sp=0x000000e0b7cfe3b8 mode 1
Event: 11.463 Thread 0x0000028909ec2d30 DEOPT PACKING pc=0x00000288ad923bc1 sp=0x000000e0b7cfee20
Event: 11.463 Thread 0x0000028909ec2d30 DEOPT UNPACKING pc=0x00000288b4bdace3 sp=0x000000e0b7cfe310 mode 1
Event: 11.463 Thread 0x0000028909ec2d30 DEOPT PACKING pc=0x00000288ad921574 sp=0x000000e0b7cfeeb0
Event: 11.463 Thread 0x0000028909ec2d30 DEOPT UNPACKING pc=0x00000288b4bdace3 sp=0x000000e0b7cfe368 mode 1
Event: 11.463 Thread 0x0000028909ec2d30 DEOPT PACKING pc=0x00000288ad923bc1 sp=0x000000e0b7cfee70
Event: 11.463 Thread 0x0000028909ec2d30 DEOPT UNPACKING pc=0x00000288b4bdace3 sp=0x000000e0b7cfe360 mode 1
Event: 11.463 Thread 0x0000028909ec2d30 DEOPT PACKING pc=0x00000288ad921574 sp=0x000000e0b7cfef00
Event: 11.463 Thread 0x0000028909ec2d30 DEOPT UNPACKING pc=0x00000288b4bdace3 sp=0x000000e0b7cfe3b8 mode 1
Event: 11.536 Thread 0x00000288c2ef7730 Uncommon trap: trap_request=0xffffff45 fr.pc=0x00000288b519da68 relative=0x00000000000001e8
Event: 11.536 Thread 0x00000288c2ef7730 Uncommon trap: reason=unstable_if action=reinterpret pc=0x00000288b519da68 method=java.util.HashMap$HashIterator.<init>(Ljava/util/HashMap;)V @ 38 c2
Event: 11.536 Thread 0x00000288c2ef7730 DEOPT PACKING pc=0x00000288b519da68 sp=0x000000e0b70ff1e0
Event: 11.536 Thread 0x00000288c2ef7730 DEOPT UNPACKING pc=0x00000288b4bda1a3 sp=0x000000e0b70ff188 mode 2
Event: 11.539 Thread 0x00000288c2ef7730 Uncommon trap: trap_request=0xffffff45 fr.pc=0x00000288b51d21f0 relative=0x00000000000000f0
Event: 11.539 Thread 0x00000288c2ef7730 Uncommon trap: reason=unstable_if action=reinterpret pc=0x00000288b51d21f0 method=com.jogamp.common.util.IntIntHashMap.put(II)I @ 21 c2
Event: 11.539 Thread 0x00000288c2ef7730 DEOPT PACKING pc=0x00000288b51d21f0 sp=0x000000e0b70fef60
Event: 11.539 Thread 0x00000288c2ef7730 DEOPT UNPACKING pc=0x00000288b4bda1a3 sp=0x000000e0b70feec8 mode 2

Classes loaded (20 events):
Event: 1.503 Loading class java/util/concurrent/Callable done
Event: 1.503 Loading class java/util/concurrent/Executors$RunnableAdapter done
Event: 1.503 Loading class java/util/concurrent/ThreadPoolExecutor$Worker
Event: 1.503 Loading class java/util/concurrent/ThreadPoolExecutor$Worker done
Event: 1.505 Loading class java/util/concurrent/locks/AbstractQueuedSynchronizer$SharedNode
Event: 1.505 Loading class java/util/concurrent/locks/AbstractQueuedSynchronizer$SharedNode done
Event: 1.609 Loading class sun/nio/cs/StreamDecoder
Event: 1.610 Loading class sun/nio/cs/StreamDecoder done
Event: 1.610 Loading class java/util/regex/Pattern$LookBehindEndNode
Event: 1.610 Loading class java/util/regex/Pattern$LookBehindEndNode done
Event: 1.610 Loading class java/util/regex/Pattern$NotBehind
Event: 1.610 Loading class java/util/regex/Pattern$NotBehind done
Event: 1.610 Loading class java/util/regex/Pattern$Neg
Event: 1.610 Loading class java/util/regex/Pattern$Neg done
Event: 1.611 Loading class java/util/regex/Pattern$Pos
Event: 1.611 Loading class java/util/regex/Pattern$Pos done
Event: 1.617 Loading class java/util/regex/Pattern$SliceS
Event: 1.617 Loading class java/util/regex/Pattern$SliceS done
Event: 11.515 Loading class java/nio/channels/ClosedChannelException
Event: 11.515 Loading class java/nio/channels/ClosedChannelException done

Classes unloaded (0 events):
No events

Classes redefined (0 events):
No events

Internal exceptions (20 events):
Event: 0.121 Thread 0x00000288a41fb140 Exception <a 'java/lang/NoSuchMethodError'{0x00000000c3ce8b08}: 'void java.lang.invoke.DirectMethodHandle$Holder.invokeStatic(java.lang.Object, java.lang.Object, java.lang.Object)'> (0x00000000c3ce8b08) 
thrown [s\src\hotspot\share\interpreter\linkResolver.cpp, line 759]
Event: 0.127 Thread 0x00000288a41fb140 Exception <a 'java/lang/ClassNotFoundException'{0x00000000c3b106f8}: sun/awt/resources/spi/awtProvider> (0x00000000c3b106f8) 
thrown [s\src\hotspot\share\classfile\systemDictionary.cpp, line 256]
Event: 0.141 Thread 0x00000288a41fb140 Exception <a 'java/io/FileNotFoundException'{0x00000000c3b66038}> (0x00000000c3b66038) 
thrown [s\src\hotspot\share\prims\jni.cpp, line 516]
Event: 0.145 Thread 0x00000288a41fb140 Exception <a 'java/io/FileNotFoundException'{0x00000000c3b93748}> (0x00000000c3b93748) 
thrown [s\src\hotspot\share\prims\jni.cpp, line 516]
Event: 0.171 Thread 0x00000288a41fb140 Exception <a 'java/lang/NoSuchMethodError'{0x00000000c3a40798}: 'java.lang.Object java.lang.invoke.DirectMethodHandle$Holder.invokeStaticInit(java.lang.Object)'> (0x00000000c3a40798) 
thrown [s\src\hotspot\share\interpreter\linkResolver.cpp, line 759]
Event: 0.250 Thread 0x00000288a41fb140 Exception <a 'java/lang/NoSuchMethodError'{0x00000000c364f288}: 'java.lang.Object java.lang.invoke.DirectMethodHandle$Holder.invokeStaticInit(java.lang.Object, int, int, int, int)'> (0x00000000c364f288) 
thrown [s\src\hotspot\share\interpreter\linkResolver.cpp, line 759]
Event: 0.284 Thread 0x00000288a41fb140 Exception <a 'java/lang/NoSuchMethodError'{0x00000000c3539860}: 'java.lang.Object java.lang.invoke.DirectMethodHandle$Holder.invokeStaticInit(java.lang.Object, java.lang.Object, int, int, int, int)'> (0x00000000c3539860) 
thrown [s\src\hotspot\share\interpreter\linkResolver.cpp, line 759]
Event: 0.304 Thread 0x00000288a41fb140 Exception <a 'java/lang/NoSuchMethodError'{0x00000000c3545068}: 'void java.lang.invoke.DirectMethodHandle$Holder.invokeStatic(java.lang.Object, long)'> (0x00000000c3545068) 
thrown [s\src\hotspot\share\interpreter\linkResolver.cpp, line 759]
Event: 0.305 Thread 0x00000288a41fb140 Exception <a 'java/lang/NoSuchMethodError'{0x00000000c354a648}: 'java.lang.Object java.lang.invoke.DirectMethodHandle$Holder.newInvokeSpecial(java.lang.Object, long)'> (0x00000000c354a648) 
thrown [s\src\hotspot\share\interpreter\linkResolver.cpp, line 759]
Event: 0.307 Thread 0x00000288a41fb140 Exception <a 'java/lang/NoSuchMethodError'{0x00000000c3554e60}: 'java.lang.Object java.lang.invoke.DirectMethodHandle$Holder.invokeStaticInit(java.lang.Object, java.lang.Object, long, java.lang.Object)'> (0x00000000c3554e60) 
thrown [s\src\hotspot\share\interpreter\linkResolver.cpp, line 759]
Event: 0.308 Thread 0x00000288a41fb140 Exception <a 'java/lang/NoSuchMethodError'{0x00000000c355b420}: 'java.lang.Object java.lang.invoke.DirectMethodHandle$Holder.newInvokeSpecial(java.lang.Object, java.lang.Object, long)'> (0x00000000c355b420) 
thrown [s\src\hotspot\share\interpreter\linkResolver.cpp, line 759]
Event: 0.308 Thread 0x00000288a41fb140 Exception <a 'java/lang/NoSuchMethodError'{0x00000000c355ef90}: 'java.lang.Object java.lang.invoke.Invokers$Holder.linkToTargetMethod(java.lang.Object, long, java.lang.Object)'> (0x00000000c355ef90) 
thrown [s\src\hotspot\share\interpreter\linkResolver.cpp, line 759]
Event: 0.408 Thread 0x00000288a41fb140 Exception <a 'java/lang/NoSuchMethodError'{0x00000000c34cfbe0}: 'java.lang.Object java.lang.invoke.DirectMethodHandle$Holder.invokeInterface(java.lang.Object, java.lang.Object)'> (0x00000000c34cfbe0) 
thrown [s\src\hotspot\share\interpreter\linkResolver.cpp, line 759]
Event: 0.408 Thread 0x00000288a41fb140 Exception <a 'java/lang/IncompatibleClassChangeError'{0x00000000c34d3500}: Found class java.lang.Object, but interface was expected> (0x00000000c34d3500) 
thrown [s\src\hotspot\share\interpreter\linkResolver.cpp, line 826]
Event: 1.411 Thread 0x00000288a41fb140 Exception <a 'java/lang/NoSuchMethodError'{0x00000000c3349ab0}: 'void java.lang.invoke.DirectMethodHandle$Holder.invokeSpecial(java.lang.Object, java.lang.Object, java.lang.Object, java.lang.Object, java.lang.Object)'> (0x00000000c3349ab0) 
thrown [s\src\hotspot\share\interpreter\linkResolver.cpp, line 759]
Event: 1.412 Thread 0x00000288a41fb140 Exception <a 'java/lang/NoSuchMethodError'{0x00000000c3352a70}: 'void java.lang.invoke.DirectMethodHandle$Holder.invokeSpecial(java.lang.Object, java.lang.Object, java.lang.Object)'> (0x00000000c3352a70) 
thrown [s\src\hotspot\share\interpreter\linkResolver.cpp, line 759]
Event: 1.412 Thread 0x00000288a41fb140 Exception <a 'java/lang/NoSuchMethodError'{0x00000000c3358da0}: 'void java.lang.invoke.DirectMethodHandle$Holder.invokeSpecial(java.lang.Object, java.lang.Object, int)'> (0x00000000c3358da0) 
thrown [s\src\hotspot\share\interpreter\linkResolver.cpp, line 759]
Event: 1.412 Thread 0x00000288a41fb140 Exception <a 'java/lang/NoSuchMethodError'{0x00000000c335edb8}: 'java.lang.Object java.lang.invoke.DirectMethodHandle$Holder.newInvokeSpecial(java.lang.Object, java.lang.Object, int)'> (0x00000000c335edb8) 
thrown [s\src\hotspot\share\interpreter\linkResolver.cpp, line 759]
Event: 11.514 Thread 0x0000028909ec4170 Exception <a 'java/lang/InterruptedException'{0x00000000c8d1cb70}> (0x00000000c8d1cb70) 
thrown [s\src\hotspot\share\runtime\objectMonitor.cpp, line 1658]
Event: 11.539 Thread 0x00000288c2ef7730 Implicit null exception at 0x00000288b51d2144 to 0x00000288b51d21cc

VM Operations (20 events):
Event: 7.226 Executing VM operation: G1PauseRemark done
Event: 7.229 Executing VM operation: G1PauseCleanup
Event: 7.229 Executing VM operation: G1PauseCleanup done
Event: 8.134 Executing VM operation: G1CollectForAllocation
Event: 8.135 Executing VM operation: G1CollectForAllocation done
Event: 9.039 Executing VM operation: G1CollectForAllocation
Event: 9.040 Executing VM operation: G1CollectForAllocation done
Event: 9.046 Executing VM operation: G1PauseRemark
Event: 9.046 Executing VM operation: G1PauseRemark done
Event: 9.048 Executing VM operation: G1PauseCleanup
Event: 9.049 Executing VM operation: G1PauseCleanup done
Event: 9.977 Executing VM operation: G1CollectForAllocation
Event: 9.978 Executing VM operation: G1CollectForAllocation done
Event: 10.901 Executing VM operation: G1CollectForAllocation
Event: 10.903 Executing VM operation: G1CollectForAllocation done
Event: 10.907 Executing VM operation: G1PauseRemark
Event: 10.908 Executing VM operation: G1PauseRemark done
Event: 10.911 Executing VM operation: G1PauseCleanup
Event: 10.911 Executing VM operation: G1PauseCleanup done
Event: 11.617 Executing VM operation: Exit

Memory protections (0 events):
No events

Nmethod flushes (0 events):
No events

Events (20 events):
Event: 1.505 Thread 0x0000028909ec2d30 Thread added: 0x000002890a334210
Event: 1.505 Thread 0x0000028909ec2d30 Thread added: 0x000002890a331990
Event: 1.505 Thread 0x0000028909ec2d30 Thread added: 0x000002890a334720
Event: 1.505 Thread 0x0000028909ec2d30 Thread added: 0x000002890a331ea0
Event: 1.804 Thread 0x0000028917534af0 Thread exited: 0x0000028917534af0
Event: 1.805 Thread 0x00000289175345d0 Thread exited: 0x00000289175345d0
Event: 6.033 Thread 0x00000288c27d6910 Thread added: 0x000002890a335650
Event: 7.039 Thread 0x000002890a335650 Thread exited: 0x000002890a335650
Event: 11.514 Thread 0x0000028909ec2d30 Thread added: 0x000002890a335650
Event: 11.514 Thread 0x0000028909ec2d30 Thread added: 0x000002890a335b60
Event: 11.515 Thread 0x0000028909ec2d30 Thread added: 0x000002890a3323b0
Event: 11.515 Thread 0x0000028909ec4170 Thread exited: 0x0000028909ec4170
Event: 11.515 Thread 0x00000288c27d6910 Thread added: 0x000002890a336070
Event: 11.515 Thread 0x000002890a3323b0 Thread exited: 0x000002890a3323b0
Event: 11.515 Thread 0x00000288c2e26c40 Thread exited: 0x00000288c2e26c40
Event: 11.516 Thread 0x00000288c27d6910 Thread exited: 0x00000288c27d6910
Event: 11.540 Thread 0x00000288c2ef7730 Thread exited: 0x00000288c2ef7730
Event: 11.543 Thread 0x000002890a335650 Thread exited: 0x000002890a335650
Event: 11.616 Thread 0x000002890a335b60 Thread exited: 0x000002890a335b60
Event: 11.616 Thread 0x0000028909ec2d30 Before exit entered


Dynamic libraries:
0x00007ff7c9de0000 - 0x00007ff7c9dee000 	C:\Program Files\Processing\app\resources\jdk-17.0.14+7\bin\java.exe
0x00007ffa7da60000 - 0x00007ffa7dcc7000 	C:\WINDOWS\SYSTEM32\ntdll.dll
0x00007ffa7c020000 - 0x00007ffa7c0e9000 	C:\WINDOWS\System32\KERNEL32.DLL
0x00007ffa7a540000 - 0x00007ffa7a937000 	C:\WINDOWS\System32\KERNELBASE.dll
0x00007ffa7ab20000 - 0x00007ffa7ac6b000 	C:\WINDOWS\System32\ucrtbase.dll
0x00007ffa4d920000 - 0x00007ffa4d93e000 	C:\Program Files\Processing\app\resources\jdk-17.0.14+7\bin\VCRUNTIME140.dll
0x00007ffa4d900000 - 0x00007ffa4d917000 	C:\Program Files\Processing\app\resources\jdk-17.0.14+7\bin\jli.dll
0x00007ffa7bdd0000 - 0x00007ffa7bf96000 	C:\WINDOWS\System32\USER32.dll
0x00007ffa61590000 - 0x00007ffa61822000 	C:\WINDOWS\WinSxS\amd64_microsoft.windows.common-controls_6595b64144ccf1df_6.0.26100.8457_none_3e0b2faee331e92d\COMCTL32.dll
0x00007ffa7b630000 - 0x00007ffa7b657000 	C:\WINDOWS\System32\win32u.dll
0x00007ffa7b7e0000 - 0x00007ffa7b889000 	C:\WINDOWS\System32\msvcrt.dll
0x00007ffa7cc40000 - 0x00007ffa7cc6b000 	C:\WINDOWS\System32\GDI32.dll
0x00007ffa7a940000 - 0x00007ffa7aa6c000 	C:\WINDOWS\System32\gdi32full.dll
0x00007ffa7a490000 - 0x00007ffa7a533000 	C:\WINDOWS\System32\msvcp_win.dll
0x00007ffa7ba00000 - 0x00007ffa7ba32000 	C:\WINDOWS\System32\IMM32.DLL
0x00007ffa736e0000 - 0x00007ffa736ec000 	C:\Program Files\Processing\app\resources\jdk-17.0.14+7\bin\vcruntime140_1.dll
0x00007ffa24150000 - 0x00007ffa241dd000 	C:\Program Files\Processing\app\resources\jdk-17.0.14+7\bin\msvcp140.dll
0x00007ff9b1440000 - 0x00007ff9b20ab000 	C:\Program Files\Processing\app\resources\jdk-17.0.14+7\bin\server\jvm.dll
0x00007ffa7d380000 - 0x00007ffa7d436000 	C:\WINDOWS\System32\ADVAPI32.dll
0x00007ffa7d450000 - 0x00007ffa7d4f7000 	C:\WINDOWS\System32\sechost.dll
0x00007ffa7d610000 - 0x00007ffa7d728000 	C:\WINDOWS\System32\RPCRT4.dll
0x00007ffa7d500000 - 0x00007ffa7d580000 	C:\WINDOWS\System32\WS2_32.dll
0x00007ffa61e60000 - 0x00007ffa61e96000 	C:\WINDOWS\SYSTEM32\WINMM.dll
0x00007ffa704a0000 - 0x00007ffa704ab000 	C:\WINDOWS\SYSTEM32\VERSION.dll
0x00007ffa7a310000 - 0x00007ffa7a36e000 	C:\WINDOWS\SYSTEM32\POWRPROF.dll
0x00007ffa7a2f0000 - 0x00007ffa7a304000 	C:\WINDOWS\SYSTEM32\UMPDC.dll
0x00007ffa79220000 - 0x00007ffa7923b000 	C:\WINDOWS\SYSTEM32\kernel.appcore.dll
0x00007ffa4d410000 - 0x00007ffa4d41a000 	C:\Program Files\Processing\app\resources\jdk-17.0.14+7\bin\jimage.dll
0x00007ffa72470000 - 0x00007ffa726b2000 	C:\WINDOWS\SYSTEM32\DBGHELP.DLL
0x00007ffa7c870000 - 0x00007ffa7cbf3000 	C:\WINDOWS\System32\combase.dll
0x00007ffa7bc30000 - 0x00007ffa7bd09000 	C:\WINDOWS\System32\OLEAUT32.dll
0x00007ffa410a0000 - 0x00007ffa410db000 	C:\WINDOWS\SYSTEM32\dbgcore.DLL
0x00007ffa7aa70000 - 0x00007ffa7ab18000 	C:\WINDOWS\System32\bcryptPrimitives.dll
0x00007ffa457d0000 - 0x00007ffa4580b000 	C:\Program Files\Processing\app\resources\jdk-17.0.14+7\bin\jdwp.dll
0x00007ffa4c330000 - 0x00007ffa4c355000 	C:\Program Files\Processing\app\resources\jdk-17.0.14+7\bin\java.dll
0x00007ff9eca50000 - 0x00007ff9ecb27000 	C:\Program Files\Processing\app\resources\jdk-17.0.14+7\bin\jsvml.dll
0x00007ffa7c0f0000 - 0x00007ffa7c85e000 	C:\WINDOWS\System32\SHELL32.dll
0x00007ffa7ac70000 - 0x00007ffa7b4dc000 	C:\WINDOWS\System32\windows.storage.dll
0x00007ffa7d730000 - 0x00007ffa7d826000 	C:\WINDOWS\System32\SHCORE.dll
0x00007ffa7d210000 - 0x00007ffa7d276000 	C:\WINDOWS\System32\shlwapi.dll
0x00007ffa7a3b0000 - 0x00007ffa7a3d9000 	C:\WINDOWS\SYSTEM32\profapi.dll
0x00007ffa4d400000 - 0x00007ffa4d40c000 	C:\Program Files\Processing\app\resources\jdk-17.0.14+7\bin\dt_socket.dll
0x00007ffa78c30000 - 0x00007ffa78c62000 	C:\WINDOWS\SYSTEM32\IPHLPAPI.DLL
0x00007ffa79790000 - 0x00007ffa797fc000 	C:\WINDOWS\system32\mswsock.dll
0x00007ffa4ce10000 - 0x00007ffa4ce29000 	C:\Program Files\Processing\app\resources\jdk-17.0.14+7\bin\net.dll
0x00007ffa775b0000 - 0x00007ffa776d9000 	C:\WINDOWS\SYSTEM32\WINHTTP.dll
0x00007ffa4cd70000 - 0x00007ffa4cd86000 	C:\Program Files\Processing\app\resources\jdk-17.0.14+7\bin\nio.dll
0x00007ffa47890000 - 0x00007ffa478a8000 	C:\Program Files\Processing\app\resources\jdk-17.0.14+7\bin\zip.dll
0x00007ff9ec8c0000 - 0x00007ff9eca50000 	C:\Program Files\Processing\app\resources\jdk-17.0.14+7\bin\awt.dll
0x00007ffa76060000 - 0x00007ffa76100000 	C:\WINDOWS\SYSTEM32\apphelp.dll
0x00007ffa77ee0000 - 0x00007ffa77f8a000 	C:\WINDOWS\system32\uxtheme.dll
0x00007ffa7b890000 - 0x00007ffa7b9ec000 	C:\WINDOWS\System32\MSCTF.dll
0x00007ffa7ba40000 - 0x00007ffa7bbd7000 	C:\WINDOWS\System32\ole32.dll
0x00007ffa781d0000 - 0x00007ffa781ff000 	C:\WINDOWS\system32\DWMAPI.DLL
0x00007ffa33d40000 - 0x00007ffa33e4f000 	C:\WINDOWS\system32\opengl32.dll
0x00007ffa36620000 - 0x00007ffa3664d000 	C:\WINDOWS\SYSTEM32\GLU32.dll
0x00007ffa77ff0000 - 0x00007ffa78035000 	C:\WINDOWS\SYSTEM32\dxcore.dll
0x00007ffa79a70000 - 0x00007ffa79a8b000 	C:\WINDOWS\SYSTEM32\CRYPTSP.dll
0x00007ffa79180000 - 0x00007ffa791b9000 	C:\WINDOWS\system32\rsaenh.dll
0x00007ffa79840000 - 0x00007ffa79873000 	C:\WINDOWS\SYSTEM32\USERENV.dll
0x00007ffa7a380000 - 0x00007ffa7a3aa000 	C:\WINDOWS\SYSTEM32\bcrypt.dll
0x00007ffa79a90000 - 0x00007ffa79a9c000 	C:\WINDOWS\SYSTEM32\CRYPTBASE.dll
0x00007ffa7cc00000 - 0x00007ffa7cc0a000 	C:\WINDOWS\System32\NSI.dll
0x00007ffa77800000 - 0x00007ffa7781d000 	C:\WINDOWS\SYSTEM32\dhcpcsvc6.DLL
0x00007ffa77750000 - 0x00007ffa77775000 	C:\WINDOWS\SYSTEM32\dhcpcsvc.DLL
0x00007ffa78ce0000 - 0x00007ffa78e12000 	C:\WINDOWS\SYSTEM32\DNSAPI.dll
0x00007ffa44850000 - 0x00007ffa44863000 	C:\Users\danil\AppData\Local\Temp\jogamp_0000\file_cache\jln12240569366479787427\jln12079127061713721768\natives\windows-amd64\gluegen_rt.dll
0x00007ffa4cd50000 - 0x00007ffa4cd57000 	C:\Program Files\Processing\app\resources\jdk-17.0.14+7\bin\jawt.dll
0x00007ffa47880000 - 0x00007ffa4788d000 	C:\Users\danil\AppData\Local\Temp\jogamp_0000\file_cache\jln12240569366479787427\jln12079127061713721768\natives\windows-amd64\nativewindow_awt.dll
0x00007ffa41a00000 - 0x00007ffa41a15000 	C:\Users\danil\AppData\Local\Temp\jogamp_0000\file_cache\jln12240569366479787427\jln12079127061713721768\natives\windows-amd64\nativewindow_win32.dll
0x00007ff9ec830000 - 0x00007ff9ec8b3000 	C:\Users\danil\AppData\Local\Temp\jogamp_0000\file_cache\jln12240569366479787427\jln12079127061713721768\natives\windows-amd64\jogl_desktop.dll
0x00007ffa24380000 - 0x00007ffa243d2000 	C:\Users\danil\AppData\Local\Temp\jogamp_0000\file_cache\jln12240569366479787427\jln12079127061713721768\natives\windows-amd64\jogl_mobile.dll
0x00007ffa73470000 - 0x00007ffa734d1000 	C:\WINDOWS\SYSTEM32\directxdatabasehelper.dll
0x00007ffa665e0000 - 0x00007ffa665fd000 	C:\WINDOWS\SYSTEM32\windows.staterepositorycore.dll
0x00007ff9b0460000 - 0x00007ff9b1433000 	C:\WINDOWS\System32\DriverStore\FileRepository\iigd_dch.inf_amd64_225f37aa3862fc3f\igxelpicd64.dll
0x00007ffa78040000 - 0x00007ffa7817e000 	C:\WINDOWS\system32\dxgi.dll
0x00007ff9d3b70000 - 0x00007ff9d3ff7000 	C:\WINDOWS\System32\DriverStore\FileRepository\iigd_dch.inf_amd64_225f37aa3862fc3f\igdml64.dll
0x00007ffa7a000000 - 0x00007ffa7a051000 	C:\WINDOWS\SYSTEM32\cfgmgr32.dll
0x00007ffa704b0000 - 0x00007ffa70871000 	C:\WINDOWS\System32\DriverStore\FileRepository\iigd_dch.inf_amd64_225f37aa3862fc3f\igdgmm64.dll
0x00007ffa6d290000 - 0x00007ffa70496000 	C:\WINDOWS\System32\DriverStore\FileRepository\iigd_dch.inf_amd64_225f37aa3862fc3f\igc64.dll
0x00007ffa419e0000 - 0x00007ffa419f9000 	C:\Users\danil\AppData\Local\Temp\jogamp_0000\file_cache\jln12240569366479787427\jln12079127061713721768\natives\windows-amd64\newt_head.dll
0x00007ffa6bce0000 - 0x00007ffa6bd9f000 	C:\WINDOWS\SYSTEM32\mscms.dll
0x00007ffa111b0000 - 0x00007ffa111f9000 	C:\WINDOWS\SYSTEM32\icm32.dll
0x00007ffa7cc70000 - 0x00007ffa7d0f7000 	C:\WINDOWS\System32\setupapi.dll
0x00007ffa79fd0000 - 0x00007ffa79ffd000 	C:\WINDOWS\SYSTEM32\DEVOBJ.dll
0x00007ffa7b4e0000 - 0x00007ffa7b562000 	C:\WINDOWS\System32\WINTRUST.dll
0x00007ffa7b660000 - 0x00007ffa7b7d8000 	C:\WINDOWS\System32\CRYPT32.dll
0x00007ffa79ba0000 - 0x00007ffa79bb3000 	C:\WINDOWS\SYSTEM32\MSASN1.dll
0x00007ffa4d4c0000 - 0x00007ffa4d606000 	C:\WINDOWS\SYSTEM32\textinputframework.dll
0x00007ffa76ea0000 - 0x00007ffa76fc7000 	C:\WINDOWS\SYSTEM32\CoreMessaging.dll
0x00007ffa726c0000 - 0x00007ffa729a2000 	C:\WINDOWS\SYSTEM32\CoreUIComponents.dll
0x00007ffa737b0000 - 0x00007ffa7391a000 	C:\WINDOWS\SYSTEM32\wintypes.dll

dbghelp: loaded successfully - version: 4.0.5 - missing functions: none
symbol engine: initialized successfully - sym options: 0x614 - pdb path: .;C:\Program Files\Processing\app\resources\jdk-17.0.14+7\bin;C:\WINDOWS\SYSTEM32;C:\WINDOWS\WinSxS\amd64_microsoft.windows.common-controls_6595b64144ccf1df_6.0.26100.8457_none_3e0b2faee331e92d;C:\Program Files\Processing\app\resources\jdk-17.0.14+7\bin\server;C:\Users\danil\AppData\Local\Temp\jogamp_0000\file_cache\jln12240569366479787427\jln12079127061713721768\natives\windows-amd64;C:\WINDOWS\System32\DriverStore\FileRepository\iigd_dch.inf_amd64_225f37aa3862fc3f

VM Arguments:
jvm_args: -agentlib:jdwp=transport=dt_socket,address=8011,server=y,suspend=y,quiet=y -Xms64m -Xmx1024m -Djna.nosys=true -Djava.library.path=;C:\Program Files\Processing\app\resources\core\library;C:\Program Files\Processing;C:\WINDOWS\system32;C:\WINDOWS;C:\Program Files\PlasticSCM5\server;C:\Program Files\PlasticSCM5\client;C:\Program Files\Common Files\Oracle\Java\javapath;C:\Program Files (x86)\Common Files\Oracle\Java\javapath;C:\Windows\System32\HWAudioDriverLibs;C:\Windows\system32;C:\Windows;C:\Windows\System32\Wbem;C:\Windows\System32\WindowsPowerShell\v1.0;C:\Windows\System32\OpenSSH;C:\Program Files\Microsoft SQL Server\150\Tools\Binn;C:\Program Files\Microsoft SQL Server\Client SDK\ODBC\170\Tools\Binn;C:\Program Files\dotnet;D:\Windows Kits\10\Windows Performance Toolkit;C:\Program Files\Java\jdk-23\bin;C:\WINDOWS\system32;C:\WINDOWS;C:\WINDOWS\System32\Wbem;C:\WINDOWS\System32\WindowsPowerShell\v1.0;C:\WINDOWS\System32\OpenSSH;C:\Program Files\nodejs;C:\Program Files\Docker\Docker\resources\bin;C:\Program Files\TortoiseGit\bin;C:\Program Files\Git\cmd;C:\Users\danil\AppData\Local\Programs\Python\Python312\Scripts;C:\Users\danil\AppData\Local\Programs\Python\Python312;C:\Users\danil\AppData\Local\Microsoft\WindowsApps;C:\Users\danil\AppData\Local\Programs\Microsoft VS Code\bin;C:\Users\danil\AppData\Roaming\npm;D:\DataBase\18\bin;C:\Program Files\Processing\app;. -ea 
java_command: processing.core.PApplet --editor-location=-7,-7 --external --display=1 --sketch-path=C:\Users\danil\Desktop\Gravity_simul Gravity_simul
java_class_path (initial): C:\Users\danil\AppData\Local\Temp\processing\Gravity_simul17164710499726419311temp;C:\Program Files\Processing\app\resources\core\library\annotations-13.0.jar;C:\Program Files\Processing\app\resources\core\library\antlr-2.7.7.jar;C:\Program Files\Processing\app\resources\core\library\core-4.4.1.jar;C:\Program Files\Processing\app\resources\core\library\gluegen-rt-2.5.0-natives-android-aarch64.jar;C:\Program Files\Processing\app\resources\core\library\gluegen-rt-2.5.0-natives-linux-aarch64.jar;C:\Program Files\Processing\app\resources\core\library\gluegen-rt-2.5.0-natives-linux-amd64.jar;C:\Program Files\Processing\app\resources\core\library\gluegen-rt-2.5.0-natives-linux-armv6hf.jar;C:\Program Files\Processing\app\resources\core\library\gluegen-rt-2.5.0-natives-macosx-universal.jar;C:\Program Files\Processing\app\resources\core\library\gluegen-rt-2.5.0-natives-windows-amd64.jar;C:\Program Files\Processing\app\resources\core\library\gluegen-rt-2.5.0.jar;C:\Program Files\Processing\app\resources\core\library\gluegen-rt-main-2.5.0.jar;C:\Program Files\Processing\app\resources\core\library\jogl-all-2.5.0-natives-android-aarch64.jar;C:\Program Files\Processing\app\resources\core\library\jogl-all-2.5.0-natives-linux-aarch64.jar;C:\Program Files\Processing\app\resources\core\library\jogl-all-2.5.0-natives-linux-amd64.jar;C:\Program Files\Processing\app\resources\core\library\jogl-all-2.5.0-natives-linux-armv6hf.jar;C:\Program Files\Processing\app\resources\core\library\jogl-all-2.5.0-natives-macosx-universal.jar;C:\Program Files\Processing\app\resources\core\library\jogl-all-2.5.0-natives-windows-amd64.jar;C:\Program Files\Processing\app\resources\core\library\jogl-all-2.5.0.jar;C:\Program Files\Processing\app\resources\core\library\jogl-all-main-2.5.0.jar;C:\Program Files\Processing\app\resources\core\library\kotlin-stdlib-2.0.20.jar
Launcher Type: SUN_STANDARD

[Global flags]
     intx CICompilerCount                          = 4                                         {product} {ergonomic}
     uint ConcGCThreads                            = 2                                         {product} {ergonomic}
     uint G1ConcRefinementThreads                  = 8                                         {product} {ergonomic}
   size_t G1HeapRegionSize                         = 1048576                                   {product} {ergonomic}
    uintx GCDrainStackTargetSize                   = 64                                        {product} {ergonomic}
   size_t InitialHeapSize                          = 67108864                                  {product} {command line}
   size_t MarkStackSize                            = 4194304                                   {product} {ergonomic}
   size_t MaxHeapSize                              = 1073741824                                {product} {command line}
   size_t MaxNewSize                               = 643825664                                 {product} {ergonomic}
   size_t MinHeapDeltaBytes                        = 1048576                                   {product} {ergonomic}
   size_t MinHeapSize                              = 67108864                                  {product} {command line}
    uintx NonNMethodCodeHeapSize                   = 5839372                                {pd product} {ergonomic}
    uintx NonProfiledCodeHeapSize                  = 122909434                              {pd product} {ergonomic}
    uintx ProfiledCodeHeapSize                     = 122909434                              {pd product} {ergonomic}
    uintx ReservedCodeCacheSize                    = 251658240                              {pd product} {ergonomic}
     bool SegmentedCodeCache                       = true                                      {product} {ergonomic}
   size_t SoftMaxHeapSize                          = 1073741824                             {manageable} {ergonomic}
     bool UseCompressedClassPointers               = true                           {product lp64_product} {ergonomic}
     bool UseCompressedOops                        = true                           {product lp64_product} {ergonomic}
     bool UseG1GC                                  = true                                      {product} {ergonomic}
     bool UseLargePagesIndividualAllocation        = false                                  {pd product} {ergonomic}

Logging:
Log output configuration:
 #0: stdout all=off uptime,level,tags
 #1: stderr all=off uptime,level,tags

Environment Variables:
JAVA_HOME=C:\Program Files\Java\jdk-23
PATH=C:\Program Files\PlasticSCM5\server;C:\Program Files\PlasticSCM5\client;C:\Program Files\Common Files\Oracle\Java\javapath;C:\Program Files (x86)\Common Files\Oracle\Java\javapath;C:\Windows\System32\HWAudioDriverLibs;C:\Windows\system32;C:\Windows;C:\Windows\System32\Wbem;C:\Windows\System32\WindowsPowerShell\v1.0\;C:\Windows\System32\OpenSSH\;C:\Users\Administrator\AppData\Local\Microsoft\WindowsApps;C:\Program Files\Microsoft SQL Server\150\Tools\Binn\;C:\Program Files\Microsoft SQL Server\Client SDK\ODBC\170\Tools\Binn\;C:\Program Files\dotnet\;D:\Windows Kits\10\Windows Performance Toolkit\;C:\Program Files\Java\jdk-23\bin;C:\WINDOWS\system32;C:\WINDOWS;C:\WINDOWS\System32\Wbem;C:\WINDOWS\System32\WindowsPowerShell\v1.0\;C:\WINDOWS\System32\OpenSSH\;C:\Program Files\nodejs\;C:\Program Files\Docker\Docker\resources\bin;C:\Program Files\TortoiseGit\bin;C:\Program Files\Git\cmd;C:\Users\danil\AppData\Local\Programs\Python\Python312\Scripts\;C:\Users\danil\AppData\Local\Programs\Python\Python312\;C:\Users\danil\AppData\Local\Microsoft\WindowsApps;C:\Users\danil\.dotnet\tools;C:\Users\danil\AppData\Local\Programs\Microsoft VS Code\bin;C:\Users\danil\AppData\Roaming\npm;D:\DataBase\18\bin;C:\Program Files\Processing\app
USERNAME=danil
OS=Windows_NT
PROCESSOR_IDENTIFIER=Intel64 Family 6 Model 140 Stepping 2, GenuineIntel
TMP=C:\Users\danil\AppData\Local\Temp
TEMP=C:\Users\danil\AppData\Local\Temp



Periodic native trim disabled


---------------  S Y S T E M  ---------------

OS:
 Windows 11 , 64 bit Build 26100 (10.0.26100.8328)
OS uptime: 0 days 4:41 hours
Hyper-V role detected

CPU: total 8 (initial active 8) (4 cores per cpu, 2 threads per core) family 6 model 140 stepping 2 microcode 0x16, cx8, cmov, fxsr, ht, mmx, 3dnowpref, sse, sse2, sse3, ssse3, sse4.1, sse4.2, popcnt, lzcnt, tsc, tscinvbit, avx, avx2, aes, erms, clmul, bmi1, bmi2, adx, avx512f, avx512dq, avx512cd, avx512bw, avx512vl, sha, fma, vzeroupper, avx512_vpopcntdq, avx512_vpclmulqdq, avx512_vaes, avx512_vnni, clflush, clflushopt, clwb, avx512_vbmi2, avx512_vbmi, hv
Processor Information for all 8 processors :
  Max Mhz: 2496, Current Mhz: 2496, Mhz Limit: 2496

Memory: 4k page, system-wide physical 7975M (2248M free)
TotalPageFile size 17703M (AvailPageFile size 8186M)
current process WorkingSet (physical memory assigned to process): 575M, peak: 593M
current process commit charge ("private bytes"): 569M, peak: 590M

vm_info: OpenJDK 64-Bit Server VM (17.0.14+7) for windows-amd64 JRE (17.0.14+7), built on Jan 21 2025 23:40:15 by "admin" with MS VC++ 17.7 (VS2022)

END.
