#
# A fatal error has been detected by the Java Runtime Environment:
#
#  EXCEPTION_ACCESS_VIOLATION (0xc0000005) at pc=0x00007ffb49c7b386, pid=4336, tid=18280
#
# JRE version: OpenJDK Runtime Environment Temurin-17.0.14+7 (17.0.14+7) (build 17.0.14+7)
# Java VM: OpenJDK 64-Bit Server VM Temurin-17.0.14+7 (17.0.14+7, mixed mode, sharing, tiered, compressed oops, compressed class ptrs, g1 gc, windows-amd64)
# Problematic frame:
# C  [igxelpicd64.dll+0x23b386]
#
# No core dump will be written. Minidumps are not enabled by default on client versions of Windows
#
# If you would like to submit a bug report, please visit:
#   https://github.com/adoptium/adoptium-support/issues
#

---------------  S U M M A R Y ------------

Command Line: -agentlib:jdwp=transport=dt_socket,address=8325,server=y,suspend=y,quiet=y -Xms64m -Xmx1024m -Djna.nosys=true -Djava.library.path=;C:\Program Files\Processing\app\resources\core\library;C:\Program Files\Processing;C:\WINDOWS\system32;C:\WINDOWS;C:\Program Files\PlasticSCM5\server;C:\Program Files\PlasticSCM5\client;C:\Program Files\Common Files\Oracle\Java\javapath;C:\Program Files (x86)\Common Files\Oracle\Java\javapath;C:\Windows\System32\HWAudioDriverLibs;C:\Windows\system32;C:\Windows;C:\Windows\System32\Wbem;C:\Windows\System32\WindowsPowerShell\v1.0;C:\Windows\System32\OpenSSH;C:\Program Files\Microsoft SQL Server\150\Tools\Binn;C:\Program Files\Microsoft SQL Server\Client SDK\ODBC\170\Tools\Binn;C:\Program Files\dotnet;D:\Windows Kits\10\Windows Performance Toolkit;C:\Program Files\Java\jdk-23\bin;C:\WINDOWS\system32;C:\WINDOWS;C:\WINDOWS\System32\Wbem;C:\WINDOWS\System32\WindowsPowerShell\v1.0;C:\WINDOWS\System32\OpenSSH;C:\Program Files\nodejs;C:\Program Files\Docker\Docker\resources\bin;C:\Program Files\TortoiseGit\bin;C:\Program Files\Git\cmd;C:\Users\danil\Desktop\ffmpeg-8.1.2-essentials_build\ffmpeg-8.1.2-essentials_build\bin;C:\Users\danil\AppData\Local\Programs\Python\Python312\Scripts;C:\Users\danil\AppData\Local\Programs\Python\Python312;C:\Users\danil\AppData\Local\Microsoft\WindowsApps;C:\Users\danil\AppData\Local\Programs\Microsoft VS Code\bin;C:\Users\danil\AppData\Roaming\npm;D:\DataBase\18\bin;C:\Program Files\Processing\app;. -ea processing.core.PApplet --editor-location=-8,-8 --external --display=1 --sketch-path=C:\Users\danil\Desktop\Gravity_simul Gravity_simul

Host: 11th Gen Intel(R) Core(TM) i5-1155G7 @ 2.50GHz, 8 cores, 7G,  Windows 11 , 64 bit Build 26100 (10.0.26100.8521)
Time: Sun Jun 28 23:42:09 2026 RTZ 3 (s 11 , 64 bit Build 26100 (10.0.26100.8521) elapsed time: 11.670159 seconds (0d 0h 0m 11s)

---------------  T H R E A D  ---------------

Current thread (0x0000027035738f50):  VMThread "VM Thread" [stack: 0x000000a659100000,0x000000a659200000] [id=18280]

Stack: [0x000000a659100000,0x000000a659200000],  sp=0x000000a6591fdf10,  free space=1015k
Native frames: (J=compiled Java code, j=interpreted, Vv=VM code, C=native code)
C  [igxelpicd64.dll+0x23b386]


siginfo: EXCEPTION_ACCESS_VIOLATION (0xc0000005), reading address 0x0000000000035468


Registers:
RAX=0x00000270100c2730, RBX=0x000002707b6427d0, RCX=0x0000000000000004, RDX=0x0000000000000000
RSP=0x000000a6591fdf10, RBP=0x0000000000000000, RSI=0x00000270100c2530, RDI=0x000002707b0cd370
R8 =0x00000270100c2630, R9 =0x000000a65867b000, R10=0x0000000000000000, R11=0x0000000000000246
R12=0x00000270100c2530, R13=0x0000000000000000, R14=0x00000270100c2a78, R15=0x00000270100c0820
RIP=0x00007ffb49c7b386, EFLAGS=0x0000000000010206


Register to memory mapping:

RIP=0x00007ffb49c7b386 igxelpicd64.dll
RAX=0x00000270100c2730 points into unknown readable memory: 0x00000000000311b4 | b4 11 03 00 00 00 00 00
RBX=0x000002707b6427d0 points into unknown readable memory: 0xffffffffffffffff | ff ff ff ff ff ff ff ff
RCX=0x0000000000000004 is an unknown value
RDX=0x0 is NULL
RSP=0x000000a6591fdf10 points into unknown readable memory: 0x000002707b6427d0 | d0 27 64 7b 70 02 00 00
RBP=0x0 is NULL
RSI=0x00000270100c2530 points into unknown readable memory: 0x000002707b620f00 | 00 0f 62 7b 70 02 00 00
RDI=0x000002707b0cd370 points into unknown readable memory: 0x34000000bebafe00 | 00 fe ba be 00 00 00 34
R8 =0x00000270100c2630 points into unknown readable memory: 0x0000000000000000 | 00 00 00 00 00 00 00 00
R9 =0x000000a65867b000 points into unknown readable memory: 0x0000000000000000 | 00 00 00 00 00 00 00 00
R10=0x0 is NULL
R11=0x0000000000000246 is an unknown value
R12=0x00000270100c2530 points into unknown readable memory: 0x000002707b620f00 | 00 0f 62 7b 70 02 00 00
R13=0x0 is NULL
R14=0x00000270100c2a78 points into unknown readable memory: 0x00000270100c0820 | 20 08 0c 10 70 02 00 00
R15=0x00000270100c0820 points into unknown readable memory: 0x000002707b620f00 | 00 0f 62 7b 70 02 00 00


Top of Stack: (sp=0x000000a6591fdf10)
0x000000a6591fdf10:   000002707b6427d0 00007ffb49ab0ab4
0x000000a6591fdf20:   0000000000000000 000002707cfb6160
0x000000a6591fdf30:   0000001600000000 0000000000000000
0x000000a6591fdf40:   0000027000000000 000002707cfb2340
0x000000a6591fdf50:   000002707b6427d0 000002707cf75dc0
0x000000a6591fdf60:   00000270003e0504 0000027000265000
0x000000a6591fdf70:   035eaafd037e0000 000002707cfb6760
0x000000a6591fdf80:   8600021270000000 00007000115cf000
0x000000a6591fdf90:   ef030393b20303a2 a70403aa780403af
0x000000a6591fdfa0:   230503a400000000 880802770c0803a5
0x000000a6591fdfb0:   ba08034d8b080370 0409032fed080214
0x000000a6591fdfc0:   af09039337090391 1f0b0389890a03a6
0x000000a6591fdfd0:   b20e0348820e03ac 8411035982110352
0x000000a6591fdfe0:   0000000000000000 0000000000000000
0x000000a6591fdff0:   4015030000000000 0000000000000000
0x000000a6591fe000:   0000000000000000 0000000000000000
0x000000a6591fe010:   000000a6591fe1b0 00007ffbfa2a1259
0x000000a6591fe020:   000000a6591fe0a8 0000000000000000
0x000000a6591fe030:   0000000000000054 00007ffbfa2fc710
0x000000a6591fe040:   0000000000000000 00007ffbfb064094
0x000000a6591fe050:   000000007a000004 ee3102edd13003a1
0x000000a6591fe060:   000030e0bd944e9c 001040007a000004
0x000000a6591fe070:   000002707cfaa9f8 00000000000315ce
0x000000a6591fe080:   0000000000000000 0000000000000016
0x000000a6591fe090:   0000000000000000 0000000000000000
0x000000a6591fe0a0:   000000a6591fe1b0 00007ffb49ca82ae
0x000000a6591fe0b0:   000002707b0cd370 0000000000000000
0x000000a6591fe0c0:   000002707b0cd370 000010027a000004
0x000000a6591fe0d0:   000000a600000b68 0000740400860000
0x000000a6591fe0e0:   0000000000000000 444f03a4d94d03af
0x000000a6591fe0f0:   0000000000000000 000010027a000004
0x000000a6591fe100:   ef53032edb5203af 0000000000000000 

Instructions: (pc=0x00007ffb49c7b386)
0x00007ffb49c7b286:   00 90 4c 8b bf 80 02 00 00 48 8b 05 9a 85 bd 00
0x00007ffb49c7b296:   8b 80 c8 0a 00 00 89 44 24 24 c6 44 24 20 00 48
0x00007ffb49c7b2a6:   c7 87 80 02 00 00 00 00 00 00 c7 87 88 02 00 00
0x00007ffb49c7b2b6:   00 00 00 00 48 c7 87 a0 02 00 00 00 00 00 00 48
0x00007ffb49c7b2c6:   c7 87 90 02 00 00 00 00 00 00 48 85 ed 75 3d 8b
0x00007ffb49c7b2d6:   35 0d 77 cd 00 65 48 8b 04 25 58 00 00 00 b9 14
0x00007ffb49c7b2e6:   00 00 00 48 8b 04 f0 40 38 2c 01 0f 84 c9 e7 75
0x00007ffb49c7b2f6:   00 65 48 8b 04 25 58 00 00 00 bd 20 00 00 00 48
0x00007ffb49c7b306:   8b 04 f0 48 8b 2c 28 48 89 6c 24 28 48 3b 2d 07
0x00007ffb49c7b316:   9b cd 00 0f 84 9b 10 00 00 4d 85 ff 0f 84 3a 01
0x00007ffb49c7b326:   00 00 0f 1f 84 00 00 00 00 00 49 8b f7 4d 8b e7
0x00007ffb49c7b336:   4d 8d b7 48 05 00 00 4d 8b 3e 45 84 ed 0f 85 d9
0x00007ffb49c7b346:   0e 00 00 8b 8f d0 01 00 00 48 8b 05 da 84 bd 00
0x00007ffb49c7b356:   83 b8 64 03 00 00 02 75 34 4d 8d 84 24 00 01 00
0x00007ffb49c7b366:   00 83 f9 10 0f 83 3a 01 00 00 8b c1 48 c1 e0 06
0x00007ffb49c7b376:   49 03 c0 48 85 c0 0f 84 9b 01 00 00 48 8b 50 08
0x00007ffb49c7b386:   48 3b 95 68 54 03 00 0f 87 b6 0e 00 00 48 83 be
0x00007ffb49c7b396:   c0 05 00 00 00 0f 85 50 e7 75 00 44 8b 8f d0 01
0x00007ffb49c7b3a6:   00 00 48 8b 87 e8 01 00 00 4c 8b 00 8b 8f d0 01
0x00007ffb49c7b3b6:   00 00 48 8d 9e 00 01 00 00 83 f9 10 0f 83 1e 01
0x00007ffb49c7b3c6:   00 00 8b c1 48 c1 e0 06 48 03 c3 48 85 c0 0f 84
0x00007ffb49c7b3d6:   4a 01 00 00 4c 39 40 08 0f 86 40 01 00 00 48 8b
0x00007ffb49c7b3e6:   87 80 02 00 00 49 89 06 48 89 b7 80 02 00 00 ff
0x00007ffb49c7b3f6:   87 88 02 00 00 48 8b 4e 08 48 8b 01 ba 01 00 00
0x00007ffb49c7b406:   00 48 8b 80 e0 02 00 00 ff 15 f4 c1 88 00 0f b7
0x00007ffb49c7b416:   c8 48 2b c1 48 05 00 00 01 00 48 01 87 90 02 00
0x00007ffb49c7b426:   00 48 8b 4e 08 48 8b 01 ba 01 00 00 00 48 8b 80
0x00007ffb49c7b436:   e0 02 00 00 ff 15 c8 c1 88 00 48 01 87 a0 02 00
0x00007ffb49c7b446:   00 0f b6 54 24 20 4d 85 ff 0f 85 db fe ff ff 84
0x00007ffb49c7b456:   d2 0f 85 37 0f 00 00 48 8b 5c 24 40 48 8b cf 80
0x00007ffb49c7b466:   7c 24 22 00 0f 85 40 0f 00 00 e8 3b f9 ff ff 90
0x00007ffb49c7b476:   48 8b cb ff 15 99 bc 88 00 48 8b 8c 24 50 01 00 


Stack slot to memory mapping:
stack at sp + 0 slots: 0x000002707b6427d0 points into unknown readable memory: 0xffffffffffffffff | ff ff ff ff ff ff ff ff
stack at sp + 1 slots: 0x00007ffb49ab0ab4 igxelpicd64.dll
stack at sp + 2 slots: 0x0 is NULL
stack at sp + 3 slots: 0x000002707cfb6160 points into unknown readable memory: 0x0000000000000b7c | 7c 0b 00 00 00 00 00 00
stack at sp + 4 slots: 0x0000001600000000 is an unknown value
stack at sp + 5 slots: 0x0 is NULL
stack at sp + 6 slots: 0x0000027000000000 points into unknown readable memory: 0x0000000000000000 | 00 00 00 00 00 00 00 00
stack at sp + 7 slots: 0x000002707cfb2340 points into unknown readable memory: 0x000002707cfb23b0 | b0 23 fb 7c 70 02 00 00

VM_Operation (0x000000a65b3fedb0): Exit, mode: safepoint, requested by thread 0x000002707d019300


---------------  P R O C E S S  ---------------

Threads class SMR info:
_java_thread_list=0x000002707d0199b0, length=38, elements={
0x000002703573c290, 0x000002703573cd60, 0x0000027035754ab0, 0x0000027035755380,
0x0000027035755c50, 0x0000027035756f10, 0x0000027035766d30, 0x00000270357723d0,
0x00000270359ecc60, 0x00000270359ee100, 0x00000270359feec0, 0x0000027035a03c30,
0x0000027035a09ba0, 0x000002707b071520, 0x000002707d043680, 0x000002707d019300,
0x00000270198cc760, 0x000002700f71e700, 0x000002700f6fcb70, 0x000002700f71ebe0,
0x000002700f85c380, 0x000002700f849090, 0x000002700f848670, 0x000002700f849ab0,
0x000002700f848b80, 0x000002700f847c50, 0x000002700f847740, 0x000002700f849fc0,
0x000002700f8495a0, 0x000002700f84a4d0, 0x000002700f84a9e0, 0x000002700f848160,
0x000002700f847230, 0x000002700fa797b0, 0x000002700fa77950, 0x000002700fa78370,
0x000002700fa78880, 0x000002700fa7a6e0
}

Java Threads: ( => current thread )
  0x000002703573c290 JavaThread "Reference Handler" daemon [_thread_blocked, id=1280, stack(0x000000a659200000,0x000000a659300000)]
  0x000002703573cd60 JavaThread "Finalizer" daemon [_thread_blocked, id=2356, stack(0x000000a659300000,0x000000a659400000)]
  0x0000027035754ab0 JavaThread "Attach Listener" daemon [_thread_blocked, id=17556, stack(0x000000a659500000,0x000000a659600000)]
  0x0000027035755380 JavaThread "Service Thread" daemon [_thread_blocked, id=8784, stack(0x000000a659600000,0x000000a659700000)]
  0x0000027035755c50 JavaThread "Monitor Deflation Thread" daemon [_thread_blocked, id=12912, stack(0x000000a659700000,0x000000a659800000)]
  0x0000027035756f10 JavaThread "C2 CompilerThread0" daemon [_thread_blocked, id=7048, stack(0x000000a659800000,0x000000a659900000)]
  0x0000027035766d30 JavaThread "C1 CompilerThread0" daemon [_thread_blocked, id=19000, stack(0x000000a659900000,0x000000a659a00000)]
  0x00000270357723d0 JavaThread "Sweeper thread" daemon [_thread_blocked, id=9432, stack(0x000000a659a00000,0x000000a659b00000)]
  0x00000270359ecc60 JavaThread "JDWP Transport Listener: dt_socket" daemon [_thread_blocked, id=2920, stack(0x000000a659b00000,0x000000a659c00000)]
  0x00000270359ee100 JavaThread "JDWP Event Helper Thread" daemon [_thread_blocked, id=10584, stack(0x000000a659c00000,0x000000a659d00000)]
  0x00000270359feec0 JavaThread "JDWP Command Reader" daemon [_thread_blocked, id=3076, stack(0x000000a659d00000,0x000000a659e00000)]
  0x0000027035a03c30 JavaThread "Notification Thread" daemon [_thread_blocked, id=14952, stack(0x000000a659e00000,0x000000a659f00000)]
  0x0000027035a09ba0 JavaThread "Common-Cleaner" daemon [_thread_blocked, id=4796, stack(0x000000a65a000000,0x000000a65a100000)]
  0x000002707b071520 JavaThread "Java2D Disposer" daemon [_thread_blocked, id=14776, stack(0x000000a65a100000,0x000000a65a200000)]
  0x000002707d043680 JavaThread "HighResTimerThread" daemon [_thread_blocked, id=8400, stack(0x000000a65b100000,0x000000a65b200000)]
  0x000002707d019300 JavaThread "main-FPSAWTAnimator#00-Timer0" [_thread_blocked, id=14300, stack(0x000000a65b300000,0x000000a65b400000)]
  0x00000270198cc760 JavaThread "DestroyJavaVM" [_thread_blocked, id=5840, stack(0x000000a658b00000,0x000000a658c00000)]
  0x000002700f71e700 JavaThread "pool-1-thread-1" [_thread_blocked, id=10868, stack(0x000000a65b600000,0x000000a65b700000)]
  0x000002700f6fcb70 JavaThread "pool-1-thread-2" [_thread_blocked, id=18096, stack(0x000000a65b700000,0x000000a65b800000)]
  0x000002700f71ebe0 JavaThread "pool-1-thread-3" [_thread_blocked, id=18764, stack(0x000000a65b800000,0x000000a65b900000)]
  0x000002700f85c380 JavaThread "pool-1-thread-4" [_thread_blocked, id=17292, stack(0x000000a65b900000,0x000000a65ba00000)]
  0x000002700f849090 JavaThread "pool-1-thread-5" [_thread_blocked, id=16300, stack(0x000000a65ba00000,0x000000a65bb00000)]
  0x000002700f848670 JavaThread "pool-1-thread-6" [_thread_blocked, id=18956, stack(0x000000a65bb00000,0x000000a65bc00000)]
  0x000002700f849ab0 JavaThread "pool-1-thread-7" [_thread_blocked, id=13804, stack(0x000000a65bc00000,0x000000a65bd00000)]
  0x000002700f848b80 JavaThread "pool-1-thread-8" [_thread_blocked, id=15160, stack(0x000000a65bd00000,0x000000a65be00000)]
  0x000002700f847c50 JavaThread "pool-1-thread-9" [_thread_blocked, id=4512, stack(0x000000a65be00000,0x000000a65bf00000)]
  0x000002700f847740 JavaThread "pool-1-thread-10" [_thread_blocked, id=7856, stack(0x000000a65bf00000,0x000000a65c000000)]
  0x000002700f849fc0 JavaThread "pool-1-thread-11" [_thread_blocked, id=3020, stack(0x000000a65c000000,0x000000a65c100000)]
  0x000002700f8495a0 JavaThread "pool-1-thread-12" [_thread_blocked, id=13832, stack(0x000000a65c100000,0x000000a65c200000)]
  0x000002700f84a4d0 JavaThread "pool-1-thread-13" [_thread_blocked, id=4360, stack(0x000000a65c200000,0x000000a65c300000)]
  0x000002700f84a9e0 JavaThread "pool-1-thread-14" [_thread_blocked, id=16120, stack(0x000000a65c300000,0x000000a65c400000)]
  0x000002700f848160 JavaThread "pool-1-thread-15" [_thread_blocked, id=15080, stack(0x000000a65c400000,0x000000a65c500000)]
  0x000002700f847230 JavaThread "pool-1-thread-16" [_thread_blocked, id=3632, stack(0x000000a65c500000,0x000000a65c600000)]
  0x000002700fa797b0 JavaThread "pool-1-thread-17" [_thread_blocked, id=3216, stack(0x000000a65c600000,0x000000a65c700000)]
  0x000002700fa77950 JavaThread "pool-1-thread-18" [_thread_blocked, id=19192, stack(0x000000a65c700000,0x000000a65c800000)]
  0x000002700fa78370 JavaThread "pool-1-thread-19" [_thread_blocked, id=1808, stack(0x000000a65c800000,0x000000a65c900000)]
  0x000002700fa78880 JavaThread "pool-1-thread-20" [_thread_blocked, id=5936, stack(0x000000a65c900000,0x000000a65ca00000)]
  0x000002700fa7a6e0 JavaThread "AWT-Shutdown" [_thread_blocked, id=11336, stack(0x000000a65b200000,0x000000a65b300000)]

Other Threads:
=>0x0000027035738f50 VMThread "VM Thread" [stack: 0x000000a659100000,0x000000a659200000] [id=18280]
  0x000002701990bfd0 GCTaskThread "GC Thread#0" [stack: 0x000000a658c00000,0x000000a658d00000] [id=18132]
  0x000002707c734370 GCTaskThread "GC Thread#1" [stack: 0x000000a65a900000,0x000000a65aa00000] [id=14252]
  0x000002707c734630 GCTaskThread "GC Thread#2" [stack: 0x000000a65aa00000,0x000000a65ab00000] [id=16616]
  0x000002707c7348f0 GCTaskThread "GC Thread#3" [stack: 0x000000a65ab00000,0x000000a65ac00000] [id=4720]
  0x000002707c734bb0 GCTaskThread "GC Thread#4" [stack: 0x000000a65ac00000,0x000000a65ad00000] [id=15400]
  0x000002707c734e70 GCTaskThread "GC Thread#5" [stack: 0x000000a65ad00000,0x000000a65ae00000] [id=6780]
  0x000002707c765fe0 GCTaskThread "GC Thread#6" [stack: 0x000000a65ae00000,0x000000a65af00000] [id=18184]
  0x000002707c7662a0 GCTaskThread "GC Thread#7" [stack: 0x000000a65af00000,0x000000a65b000000] [id=2248]
  0x0000027019914e30 ConcurrentGCThread "G1 Main Marker" terminated
  0x0000027019915760 ConcurrentGCThread "G1 Conc#0" [stack: 0x000000a658e00000,0x000000a658f00000] [id=1616]
  0x000002700f6f8890 ConcurrentGCThread "G1 Conc#1" [stack: 0x000000a65ca00000,0x000000a65cb00000] [id=13828]
  0x000002701997eba0 ConcurrentGCThread "G1 Refine#0" terminated
  0x00000270355f64c0 ConcurrentGCThread "G1 Service" terminated

Threads with active compile tasks:

VM state: at safepoint (shutting down)

VM Mutex/Monitor currently owned by a thread:  ([mutex/lock_event])
[0x00000270198c85f0] Threads_lock - owner thread: 0x0000027035738f50
[0x00000270198c89e0] Heap_lock - owner thread: 0x000002707d019300

Heap address: 0x00000000c0000000, size: 1024 MB, Compressed Oops mode: 32-bit

CDS archive(s) mapped at: [0x0000027036000000-0x0000027036bb0000-0x0000027036bb0000), size 12255232, SharedBaseAddress: 0x0000027036000000, ArchiveRelocationMode: 1.
Compressed class space mapped at: 0x0000027037000000-0x0000027077000000, reserved size: 1073741824
Narrow klass base: 0x0000027036000000, Narrow klass shift: 0, Narrow klass range: 0x100000000

GC Precious Log:
 CPUs: 8 total, 8 available
 Memory: 7975M
 Large Page Support: Disabled
 NUMA Support: Disabled
 Compressed Oops: Enabled (32-bit)
 Heap Region Size: 1M
 Heap Min Capacity: 64M
 Heap Initial Capacity: 64M
 Heap Max Capacity: 1G
 Pre-touch: Disabled
 Parallel Workers: 8
 Concurrent Workers: 2
 Concurrent Refinement Workers: 8
 Periodic GC: Disabled

Heap:
 garbage-first heap   total 115712K, used 81446K [0x00000000c0000000, 0x0000000100000000)
  region size 1024K, 30 young (30720K), 3 survivors (3072K)
 Metaspace       used 12953K, committed 13120K, reserved 1114112K
  class space    used 918K, committed 1024K, reserved 1048576K

Heap Regions: E=young(eden), S=young(survivor), O=old, HS=humongous(starts), HC=humongous(continues), CS=collection set, F=free, OA=open archive, CA=closed archive, TAMS=top-at-mark-start (previous, next)
|   0|0x00000000c0000000, 0x00000000c0100000, 0x00000000c0100000|100%| O|  |TAMS 0x00000000c0100000, 0x00000000c0000000| Untracked 
|   1|0x00000000c0100000, 0x00000000c0200000, 0x00000000c0200000|100%| O|  |TAMS 0x00000000c0200000, 0x00000000c0100000| Untracked 
|   2|0x00000000c0200000, 0x00000000c0300000, 0x00000000c0300000|100%|HS|  |TAMS 0x00000000c0300000, 0x00000000c0200000| Complete 
|   3|0x00000000c0300000, 0x00000000c0400000, 0x00000000c0400000|100%|HC|  |TAMS 0x00000000c0400000, 0x00000000c0300000| Complete 
|   4|0x00000000c0400000, 0x00000000c0500000, 0x00000000c0500000|100%|HC|  |TAMS 0x00000000c0500000, 0x00000000c0400000| Complete 
|   5|0x00000000c0500000, 0x00000000c0600000, 0x00000000c0600000|100%|HC|  |TAMS 0x00000000c0600000, 0x00000000c0500000| Complete 
|   6|0x00000000c0600000, 0x00000000c0700000, 0x00000000c0700000|100%|HC|  |TAMS 0x00000000c0700000, 0x00000000c0600000| Complete 
|   7|0x00000000c0700000, 0x00000000c0800000, 0x00000000c0800000|100%|HC|  |TAMS 0x00000000c0800000, 0x00000000c0700000| Complete 
|   8|0x00000000c0800000, 0x00000000c0900000, 0x00000000c0900000|100%|HC|  |TAMS 0x00000000c0900000, 0x00000000c0800000| Complete 
|   9|0x00000000c0900000, 0x00000000c0a00000, 0x00000000c0a00000|100%|HC|  |TAMS 0x00000000c0a00000, 0x00000000c0900000| Complete 
|  10|0x00000000c0a00000, 0x00000000c0b00000, 0x00000000c0b00000|100%|HC|  |TAMS 0x00000000c0b00000, 0x00000000c0a00000| Complete 
|  11|0x00000000c0b00000, 0x00000000c0c00000, 0x00000000c0c00000|100%|HS|  |TAMS 0x00000000c0c00000, 0x00000000c0b00000| Complete 
|  12|0x00000000c0c00000, 0x00000000c0d00000, 0x00000000c0d00000|100%|HC|  |TAMS 0x00000000c0d00000, 0x00000000c0c00000| Complete 
|  13|0x00000000c0d00000, 0x00000000c0e00000, 0x00000000c0e00000|100%|HC|  |TAMS 0x00000000c0e00000, 0x00000000c0d00000| Complete 
|  14|0x00000000c0e00000, 0x00000000c0f00000, 0x00000000c0f00000|100%| O|  |TAMS 0x00000000c0f00000, 0x00000000c0e00000| Untracked 
|  15|0x00000000c0f00000, 0x00000000c1000000, 0x00000000c1000000|100%| O|  |TAMS 0x00000000c1000000, 0x00000000c0f00000| Untracked 
|  16|0x00000000c1000000, 0x00000000c1100000, 0x00000000c1100000|100%| O|  |TAMS 0x00000000c1100000, 0x00000000c1000000| Untracked 
|  17|0x00000000c1100000, 0x00000000c1200000, 0x00000000c1200000|100%| O|  |TAMS 0x00000000c1200000, 0x00000000c1100000| Untracked 
|  18|0x00000000c1200000, 0x00000000c1300000, 0x00000000c1300000|100%| O|  |TAMS 0x00000000c1300000, 0x00000000c1200000| Untracked 
|  19|0x00000000c1300000, 0x00000000c1400000, 0x00000000c1400000|100%| O|  |TAMS 0x00000000c1400000, 0x00000000c1300000| Untracked 
|  20|0x00000000c1400000, 0x00000000c1400000, 0x00000000c1500000|  0%| F|  |TAMS 0x00000000c1400000, 0x00000000c1400000| Untracked 
|  21|0x00000000c1500000, 0x00000000c1600000, 0x00000000c1600000|100%| O|  |TAMS 0x00000000c1600000, 0x00000000c1500000| Untracked 
|  22|0x00000000c1600000, 0x00000000c1700000, 0x00000000c1700000|100%|HS|  |TAMS 0x00000000c1700000, 0x00000000c1600000| Complete 
|  23|0x00000000c1700000, 0x00000000c1800000, 0x00000000c1800000|100%|HC|  |TAMS 0x00000000c1800000, 0x00000000c1700000| Complete 
|  24|0x00000000c1800000, 0x00000000c1900000, 0x00000000c1900000|100%|HC|  |TAMS 0x00000000c1900000, 0x00000000c1800000| Complete 
|  25|0x00000000c1900000, 0x00000000c1a00000, 0x00000000c1a00000|100%|HC|  |TAMS 0x00000000c1a00000, 0x00000000c1900000| Complete 
|  26|0x00000000c1a00000, 0x00000000c1b00000, 0x00000000c1b00000|100%|HC|  |TAMS 0x00000000c1b00000, 0x00000000c1a00000| Complete 
|  27|0x00000000c1b00000, 0x00000000c1c00000, 0x00000000c1c00000|100%|HC|  |TAMS 0x00000000c1c00000, 0x00000000c1b00000| Complete 
|  28|0x00000000c1c00000, 0x00000000c1d00000, 0x00000000c1d00000|100%|HC|  |TAMS 0x00000000c1d00000, 0x00000000c1c00000| Complete 
|  29|0x00000000c1d00000, 0x00000000c1e00000, 0x00000000c1e00000|100%|HS|  |TAMS 0x00000000c1e00000, 0x00000000c1d00000| Complete 
|  30|0x00000000c1e00000, 0x00000000c1f00000, 0x00000000c1f00000|100%|HC|  |TAMS 0x00000000c1f00000, 0x00000000c1e00000| Complete 
|  31|0x00000000c1f00000, 0x00000000c2000000, 0x00000000c2000000|100%|HC|  |TAMS 0x00000000c2000000, 0x00000000c1f00000| Complete 
|  32|0x00000000c2000000, 0x00000000c2000000, 0x00000000c2100000|  0%| F|  |TAMS 0x00000000c2000000, 0x00000000c2000000| Untracked 
|  33|0x00000000c2100000, 0x00000000c2200000, 0x00000000c2200000|100%| O|  |TAMS 0x00000000c2200000, 0x00000000c2100000| Untracked 
|  34|0x00000000c2200000, 0x00000000c2273600, 0x00000000c2300000| 45%| O|  |TAMS 0x00000000c2273600, 0x00000000c2200000| Untracked 
|  35|0x00000000c2300000, 0x00000000c2400000, 0x00000000c2400000|100%|HS|  |TAMS 0x00000000c2400000, 0x00000000c2300000| Complete 
|  36|0x00000000c2400000, 0x00000000c2500000, 0x00000000c2500000|100%|HC|  |TAMS 0x00000000c2500000, 0x00000000c2400000| Complete 
|  37|0x00000000c2500000, 0x00000000c2600000, 0x00000000c2600000|100%|HC|  |TAMS 0x00000000c2600000, 0x00000000c2500000| Complete 
|  38|0x00000000c2600000, 0x00000000c2700000, 0x00000000c2700000|100%|HC|  |TAMS 0x00000000c2700000, 0x00000000c2600000| Complete 
|  39|0x00000000c2700000, 0x00000000c2800000, 0x00000000c2800000|100%|HC|  |TAMS 0x00000000c2800000, 0x00000000c2700000| Complete 
|  40|0x00000000c2800000, 0x00000000c2900000, 0x00000000c2900000|100%|HS|  |TAMS 0x00000000c2900000, 0x00000000c2800000| Complete 
|  41|0x00000000c2900000, 0x00000000c2a00000, 0x00000000c2a00000|100%|HC|  |TAMS 0x00000000c2a00000, 0x00000000c2900000| Complete 
|  42|0x00000000c2a00000, 0x00000000c2b00000, 0x00000000c2b00000|100%|HC|  |TAMS 0x00000000c2b00000, 0x00000000c2a00000| Complete 
|  43|0x00000000c2b00000, 0x00000000c2c00000, 0x00000000c2c00000|100%|HS|  |TAMS 0x00000000c2c00000, 0x00000000c2b00000| Complete 
|  44|0x00000000c2c00000, 0x00000000c2d00000, 0x00000000c2d00000|100%|HC|  |TAMS 0x00000000c2d00000, 0x00000000c2c00000| Complete 
|  45|0x00000000c2d00000, 0x00000000c2e00000, 0x00000000c2e00000|100%|HC|  |TAMS 0x00000000c2e00000, 0x00000000c2d00000| Complete 
|  46|0x00000000c2e00000, 0x00000000c2f00000, 0x00000000c2f00000|100%|HS|  |TAMS 0x00000000c2f00000, 0x00000000c2e00000| Complete 
|  47|0x00000000c2f00000, 0x00000000c3000000, 0x00000000c3000000|100%|HC|  |TAMS 0x00000000c3000000, 0x00000000c2f00000| Complete 
|  48|0x00000000c3000000, 0x00000000c3100000, 0x00000000c3100000|100%|HC|  |TAMS 0x00000000c3100000, 0x00000000c3000000| Complete 
|  49|0x00000000c3100000, 0x00000000c3200000, 0x00000000c3200000|100%|HS|  |TAMS 0x00000000c3200000, 0x00000000c3100000| Complete 
|  50|0x00000000c3200000, 0x00000000c3300000, 0x00000000c3300000|100%|HC|  |TAMS 0x00000000c3300000, 0x00000000c3200000| Complete 
|  51|0x00000000c3300000, 0x00000000c3400000, 0x00000000c3400000|100%|HC|  |TAMS 0x00000000c3400000, 0x00000000c3300000| Complete 
|  52|0x00000000c3400000, 0x00000000c3500000, 0x00000000c3500000|100%|HC|  |TAMS 0x00000000c3500000, 0x00000000c3400000| Complete 
|  53|0x00000000c3500000, 0x00000000c3600000, 0x00000000c3600000|100%|HC|  |TAMS 0x00000000c3600000, 0x00000000c3500000| Complete 
|  54|0x00000000c3600000, 0x00000000c3600000, 0x00000000c3700000|  0%| F|  |TAMS 0x00000000c3600000, 0x00000000c3600000| Untracked 
|  55|0x00000000c3700000, 0x00000000c3700000, 0x00000000c3800000|  0%| F|  |TAMS 0x00000000c3700000, 0x00000000c3700000| Untracked 
|  56|0x00000000c3800000, 0x00000000c3800000, 0x00000000c3900000|  0%| F|  |TAMS 0x00000000c3800000, 0x00000000c3800000| Untracked 
|  57|0x00000000c3900000, 0x00000000c3900000, 0x00000000c3a00000|  0%| F|  |TAMS 0x00000000c3900000, 0x00000000c3900000| Untracked 
|  58|0x00000000c3a00000, 0x00000000c3a00000, 0x00000000c3b00000|  0%| F|  |TAMS 0x00000000c3a00000, 0x00000000c3a00000| Untracked 
|  59|0x00000000c3b00000, 0x00000000c3b00000, 0x00000000c3c00000|  0%| F|  |TAMS 0x00000000c3b00000, 0x00000000c3b00000| Untracked 
|  60|0x00000000c3c00000, 0x00000000c3c00000, 0x00000000c3d00000|  0%| F|  |TAMS 0x00000000c3c00000, 0x00000000c3c00000| Untracked 
|  61|0x00000000c3d00000, 0x00000000c3d00000, 0x00000000c3e00000|  0%| F|  |TAMS 0x00000000c3d00000, 0x00000000c3d00000| Untracked 
|  62|0x00000000c3e00000, 0x00000000c3e00000, 0x00000000c3f00000|  0%| F|  |TAMS 0x00000000c3e00000, 0x00000000c3e00000| Untracked 
|  63|0x00000000c3f00000, 0x00000000c3f00000, 0x00000000c4000000|  0%| F|  |TAMS 0x00000000c3f00000, 0x00000000c3f00000| Untracked 
|  64|0x00000000c4000000, 0x00000000c4000000, 0x00000000c4100000|  0%| F|  |TAMS 0x00000000c4000000, 0x00000000c4000000| Untracked 
|  65|0x00000000c4100000, 0x00000000c4100000, 0x00000000c4200000|  0%| F|  |TAMS 0x00000000c4100000, 0x00000000c4100000| Untracked 
|  66|0x00000000c4200000, 0x00000000c42165c0, 0x00000000c4300000|  8%| S|CS|TAMS 0x00000000c4200000, 0x00000000c4200000| Complete 
|  67|0x00000000c4300000, 0x00000000c4400000, 0x00000000c4400000|100%| S|CS|TAMS 0x00000000c4300000, 0x00000000c4300000| Complete 
|  68|0x00000000c4400000, 0x00000000c4400000, 0x00000000c4500000|  0%| F|  |TAMS 0x00000000c4400000, 0x00000000c4400000| Untracked 
|  69|0x00000000c4500000, 0x00000000c4600000, 0x00000000c4600000|100%| S|CS|TAMS 0x00000000c4500000, 0x00000000c4500000| Complete 
|  70|0x00000000c4600000, 0x00000000c4600000, 0x00000000c4700000|  0%| F|  |TAMS 0x00000000c4600000, 0x00000000c4600000| Untracked 
|  71|0x00000000c4700000, 0x00000000c4700000, 0x00000000c4800000|  0%| F|  |TAMS 0x00000000c4700000, 0x00000000c4700000| Untracked 
|  72|0x00000000c4800000, 0x00000000c4800000, 0x00000000c4900000|  0%| F|  |TAMS 0x00000000c4800000, 0x00000000c4800000| Untracked 
|  73|0x00000000c4900000, 0x00000000c4900000, 0x00000000c4a00000|  0%| F|  |TAMS 0x00000000c4900000, 0x00000000c4900000| Untracked 
|  74|0x00000000c4a00000, 0x00000000c4a00000, 0x00000000c4b00000|  0%| F|  |TAMS 0x00000000c4a00000, 0x00000000c4a00000| Untracked 
|  75|0x00000000c4b00000, 0x00000000c4b00000, 0x00000000c4c00000|  0%| F|  |TAMS 0x00000000c4b00000, 0x00000000c4b00000| Untracked 
|  76|0x00000000c4c00000, 0x00000000c4c00000, 0x00000000c4d00000|  0%| F|  |TAMS 0x00000000c4c00000, 0x00000000c4c00000| Untracked 
|  77|0x00000000c4d00000, 0x00000000c4d00000, 0x00000000c4e00000|  0%| F|  |TAMS 0x00000000c4d00000, 0x00000000c4d00000| Untracked 
|  78|0x00000000c4e00000, 0x00000000c4e00000, 0x00000000c4f00000|  0%| F|  |TAMS 0x00000000c4e00000, 0x00000000c4e00000| Untracked 
|  79|0x00000000c4f00000, 0x00000000c4f00000, 0x00000000c5000000|  0%| F|  |TAMS 0x00000000c4f00000, 0x00000000c4f00000| Untracked 
|  80|0x00000000c5000000, 0x00000000c5000000, 0x00000000c5100000|  0%| F|  |TAMS 0x00000000c5000000, 0x00000000c5000000| Untracked 
|  81|0x00000000c5100000, 0x00000000c5100000, 0x00000000c5200000|  0%| F|  |TAMS 0x00000000c5100000, 0x00000000c5100000| Untracked 
|  82|0x00000000c5200000, 0x00000000c5200000, 0x00000000c5300000|  0%| F|  |TAMS 0x00000000c5200000, 0x00000000c5200000| Untracked 
|  83|0x00000000c5300000, 0x00000000c5300000, 0x00000000c5400000|  0%| F|  |TAMS 0x00000000c5300000, 0x00000000c5300000| Untracked 
|  84|0x00000000c5400000, 0x00000000c5400000, 0x00000000c5500000|  0%| F|  |TAMS 0x00000000c5400000, 0x00000000c5400000| Untracked 
|  85|0x00000000c5500000, 0x00000000c5500000, 0x00000000c5600000|  0%| F|  |TAMS 0x00000000c5500000, 0x00000000c5500000| Untracked 
|  86|0x00000000c5600000, 0x00000000c56944b0, 0x00000000c5700000| 57%| E|  |TAMS 0x00000000c5600000, 0x00000000c5600000| Complete 
|  87|0x00000000c5700000, 0x00000000c5800000, 0x00000000c5800000|100%| E|CS|TAMS 0x00000000c5700000, 0x00000000c5700000| Complete 
|  88|0x00000000c5800000, 0x00000000c5900000, 0x00000000c5900000|100%| E|CS|TAMS 0x00000000c5800000, 0x00000000c5800000| Complete 
|  89|0x00000000c5900000, 0x00000000c5a00000, 0x00000000c5a00000|100%| E|CS|TAMS 0x00000000c5900000, 0x00000000c5900000| Complete 
|  90|0x00000000c5a00000, 0x00000000c5b00000, 0x00000000c5b00000|100%| E|CS|TAMS 0x00000000c5a00000, 0x00000000c5a00000| Complete 
|  91|0x00000000c5b00000, 0x00000000c5c00000, 0x00000000c5c00000|100%| E|CS|TAMS 0x00000000c5b00000, 0x00000000c5b00000| Complete 
|  92|0x00000000c5c00000, 0x00000000c5d00000, 0x00000000c5d00000|100%| E|CS|TAMS 0x00000000c5c00000, 0x00000000c5c00000| Complete 
|  93|0x00000000c5d00000, 0x00000000c5e00000, 0x00000000c5e00000|100%| E|CS|TAMS 0x00000000c5d00000, 0x00000000c5d00000| Complete 
|  94|0x00000000c5e00000, 0x00000000c5f00000, 0x00000000c5f00000|100%| E|CS|TAMS 0x00000000c5e00000, 0x00000000c5e00000| Complete 
|  95|0x00000000c5f00000, 0x00000000c6000000, 0x00000000c6000000|100%| E|CS|TAMS 0x00000000c5f00000, 0x00000000c5f00000| Complete 
|  96|0x00000000c6000000, 0x00000000c6100000, 0x00000000c6100000|100%| E|CS|TAMS 0x00000000c6000000, 0x00000000c6000000| Complete 
|  97|0x00000000c6100000, 0x00000000c6200000, 0x00000000c6200000|100%| E|CS|TAMS 0x00000000c6100000, 0x00000000c6100000| Complete 
|  98|0x00000000c6200000, 0x00000000c6300000, 0x00000000c6300000|100%| E|CS|TAMS 0x00000000c6200000, 0x00000000c6200000| Complete 
|  99|0x00000000c6300000, 0x00000000c6400000, 0x00000000c6400000|100%| E|CS|TAMS 0x00000000c6300000, 0x00000000c6300000| Complete 
| 100|0x00000000c6400000, 0x00000000c6500000, 0x00000000c6500000|100%| E|CS|TAMS 0x00000000c6400000, 0x00000000c6400000| Complete 
| 101|0x00000000c6500000, 0x00000000c6600000, 0x00000000c6600000|100%| E|CS|TAMS 0x00000000c6500000, 0x00000000c6500000| Complete 
| 102|0x00000000c6600000, 0x00000000c6700000, 0x00000000c6700000|100%| E|CS|TAMS 0x00000000c6600000, 0x00000000c6600000| Complete 
| 103|0x00000000c6700000, 0x00000000c6800000, 0x00000000c6800000|100%| E|CS|TAMS 0x00000000c6700000, 0x00000000c6700000| Complete 
| 104|0x00000000c6800000, 0x00000000c6900000, 0x00000000c6900000|100%| E|CS|TAMS 0x00000000c6800000, 0x00000000c6800000| Complete 
| 105|0x00000000c6900000, 0x00000000c6a00000, 0x00000000c6a00000|100%| E|CS|TAMS 0x00000000c6900000, 0x00000000c6900000| Complete 
| 106|0x00000000c6a00000, 0x00000000c6b00000, 0x00000000c6b00000|100%| E|CS|TAMS 0x00000000c6a00000, 0x00000000c6a00000| Complete 
| 107|0x00000000c6b00000, 0x00000000c6c00000, 0x00000000c6c00000|100%| E|CS|TAMS 0x00000000c6b00000, 0x00000000c6b00000| Complete 
| 108|0x00000000c6c00000, 0x00000000c6d00000, 0x00000000c6d00000|100%| E|CS|TAMS 0x00000000c6c00000, 0x00000000c6c00000| Complete 
| 109|0x00000000c6d00000, 0x00000000c6e00000, 0x00000000c6e00000|100%| E|CS|TAMS 0x00000000c6d00000, 0x00000000c6d00000| Complete 
| 110|0x00000000c6e00000, 0x00000000c6f00000, 0x00000000c6f00000|100%| E|CS|TAMS 0x00000000c6e00000, 0x00000000c6e00000| Complete 
| 111|0x00000000c6f00000, 0x00000000c7000000, 0x00000000c7000000|100%| E|CS|TAMS 0x00000000c6f00000, 0x00000000c6f00000| Complete 
| 112|0x00000000c7000000, 0x00000000c7100000, 0x00000000c7100000|100%| E|CS|TAMS 0x00000000c7000000, 0x00000000c7000000| Complete 

Card table byte_map: [0x0000027030940000,0x0000027030b40000] _byte_map_base: 0x0000027030340000

Marking Bits (Prev, Next): (CMBitMap*) 0x000002701990c500, (CMBitMap*) 0x000002701990c540
 Prev Bits: [0x0000027030d40000, 0x0000027031d40000)
 Next Bits: [0x0000027031d40000, 0x0000027032d40000)

Polling page: 0x0000027017630000

Metaspace:

Usage:
  Non-class:     11.75 MB used.
      Class:    918.73 KB used.
       Both:     12.65 MB used.

Virtual space:
  Non-class space:       64.00 MB reserved,      11.81 MB ( 18%) committed,  1 nodes.
      Class space:        1.00 GB reserved,       1.00 MB ( <1%) committed,  1 nodes.
             Both:        1.06 GB reserved,      12.81 MB (  1%) committed. 

Chunk freelists:
   Non-Class:  3.56 MB
       Class:  14.91 MB
        Both:  18.47 MB

MaxMetaspaceSize: unlimited
CompressedClassSpaceSize: 1.00 GB
Initial GC threshold: 21.00 MB
Current GC threshold: 21.38 MB
CDS: on
MetaspaceReclaimPolicy: balanced
 - commit_granule_bytes: 65536.
 - commit_granule_words: 8192.
 - virtual_space_node_default_size: 8388608.
 - enlarge_chunks_in_place: 1.
 - new_chunks_are_fully_committed: 0.
 - uncommit_free_chunks: 1.
 - use_allocation_guard: 0.
 - handle_deallocations: 1.


Internal statistics:

num_allocs_failed_limit: 0.
num_arena_births: 106.
num_arena_deaths: 0.
num_vsnodes_births: 2.
num_vsnodes_deaths: 0.
num_space_committed: 201.
num_space_uncommitted: 0.
num_chunks_returned_to_freelist: 0.
num_chunks_taken_from_freelist: 385.
num_chunk_merges: 0.
num_chunk_splits: 300.
num_chunks_enlarged: 239.
num_inconsistent_stats: 0.

CodeHeap 'non-profiled nmethods': size=120000Kb used=786Kb max_used=786Kb free=119213Kb
 bounds [0x0000027028ed0000, 0x0000027029140000, 0x0000027030400000]
CodeHeap 'profiled nmethods': size=120000Kb used=2957Kb max_used=2957Kb free=117042Kb
 bounds [0x0000027021400000, 0x00000270216f0000, 0x0000027028930000]
CodeHeap 'non-nmethods': size=5760Kb used=1615Kb max_used=1647Kb free=4144Kb
 bounds [0x0000027028930000, 0x0000027028ba0000, 0x0000027028ed0000]
 total_blobs=2559 nmethods=1620 adapters=852
 compilation: enabled
              stopped_count=0, restarted_count=0
 full_count=0

Compilation events (20 events):
Event: 11.218 Thread 0x0000027035766d30 1611       3       processing.opengl.PGraphicsOpenGL$Tessellator::setFirstTexIndex (22 bytes)
Event: 11.218 Thread 0x0000027035766d30 nmethod 1611 0x00000270216de490 code [0x00000270216de620, 0x00000270216de818]
Event: 11.229 Thread 0x0000027035766d30 1612       3       jogamp.opengl.gl4.GL4bcImpl::glEnableVertexAttribArray (44 bytes)
Event: 11.230 Thread 0x0000027035766d30 nmethod 1612 0x00000270216de910 code [0x00000270216deba0, 0x00000270216df768]
Event: 11.230 Thread 0x0000027035766d30 1613       3       processing.opengl.PJOGL::disableVertexAttribArray (11 bytes)
Event: 11.230 Thread 0x0000027035766d30 nmethod 1613 0x00000270216dfb90 code [0x00000270216dfd40, 0x00000270216dff28]
Event: 11.230 Thread 0x0000027035766d30 1614       3       jogamp.opengl.gl4.GL4bcImpl::glDisableVertexAttribArray (44 bytes)
Event: 11.231 Thread 0x0000027035766d30 nmethod 1614 0x00000270216e0010 code [0x00000270216e02a0, 0x00000270216e0e68]
Event: 11.231 Thread 0x0000027035766d30 1615       3       processing.opengl.PJOGL::useProgram (11 bytes)
Event: 11.231 Thread 0x0000027035766d30 nmethod 1615 0x00000270216e1290 code [0x00000270216e1440, 0x00000270216e1628]
Event: 11.231 Thread 0x0000027035766d30 1616       3       jogamp.opengl.gl4.GL4bcImpl::glUseProgram (44 bytes)
Event: 11.232 Thread 0x0000027035766d30 nmethod 1616 0x00000270216e1710 code [0x00000270216e19a0, 0x00000270216e2568]
Event: 11.252 Thread 0x0000027035756f10 1617       4       java.util.concurrent.locks.AbstractQueuedSynchronizer$Node::getAndUnsetStatus (14 bytes)
Event: 11.253 Thread 0x0000027035756f10 nmethod 1617 0x0000027028f93190 code [0x0000027028f93300, 0x0000027028f933d8]
Event: 11.275 Thread 0x0000027035756f10 1618       4       processing.opengl.PShader::setAttributeVBO (34 bytes)
Event: 11.283 Thread 0x0000027035756f10 nmethod 1618 0x0000027028f93490 code [0x0000027028f93660, 0x0000027028f94198]
Event: 11.545 Thread 0x0000027035766d30 1619       3       java.lang.AbstractStringBuilder::append (55 bytes)
Event: 11.545 Thread 0x0000027035766d30 nmethod 1619 0x00000270216e2990 code [0x00000270216e2b60, 0x00000270216e2e98]
Event: 11.585 Thread 0x0000027035766d30 1620       3       jdk.internal.misc.Unsafe::getAndAddLong (27 bytes)
Event: 11.585 Thread 0x0000027035766d30 nmethod 1620 0x00000270216e3010 code [0x00000270216e31c0, 0x00000270216e3408]

GC Heap History (20 events):
Event: 4.300 GC heap before
{Heap before GC invocations=10 (full 0):
 garbage-first heap   total 96256K, used 77370K [0x00000000c0000000, 0x0000000100000000)
  region size 1024K, 25 young (25600K), 3 survivors (3072K)
 Metaspace       used 12773K, committed 12992K, reserved 1114112K
  class space    used 913K, committed 1024K, reserved 1048576K
}
Event: 4.301 GC heap after
{Heap after GC invocations=11 (full 0):
 garbage-first heap   total 96256K, used 53709K [0x00000000c0000000, 0x0000000100000000)
  region size 1024K, 1 young (1024K), 1 survivors (1024K)
 Metaspace       used 12773K, committed 12992K, reserved 1114112K
  class space    used 913K, committed 1024K, reserved 1048576K
}
Event: 4.703 GC heap before
{Heap before GC invocations=11 (full 0):
 garbage-first heap   total 96256K, used 78285K [0x00000000c0000000, 0x0000000100000000)
  region size 1024K, 25 young (25600K), 1 survivors (1024K)
 Metaspace       used 12784K, committed 12992K, reserved 1114112K
  class space    used 913K, committed 1024K, reserved 1048576K
}
Event: 4.705 GC heap after
{Heap after GC invocations=12 (full 0):
 garbage-first heap   total 96256K, used 54434K [0x00000000c0000000, 0x0000000100000000)
  region size 1024K, 2 young (2048K), 2 survivors (2048K)
 Metaspace       used 12784K, committed 12992K, reserved 1114112K
  class space    used 913K, committed 1024K, reserved 1048576K
}
Event: 5.200 GC heap before
{Heap before GC invocations=13 (full 0):
 garbage-first heap   total 96256K, used 79010K [0x00000000c0000000, 0x0000000100000000)
  region size 1024K, 26 young (26624K), 2 survivors (2048K)
 Metaspace       used 12798K, committed 12992K, reserved 1114112K
  class space    used 913K, committed 1024K, reserved 1048576K
}
Event: 5.201 GC heap after
{Heap after GC invocations=14 (full 0):
 garbage-first heap   total 115712K, used 52910K [0x00000000c0000000, 0x0000000100000000)
  region size 1024K, 1 young (1024K), 1 survivors (1024K)
 Metaspace       used 12798K, committed 12992K, reserved 1114112K
  class space    used 913K, committed 1024K, reserved 1048576K
}
Event: 5.994 GC heap before
{Heap before GC invocations=14 (full 0):
 garbage-first heap   total 115712K, used 95918K [0x00000000c0000000, 0x0000000100000000)
  region size 1024K, 43 young (44032K), 1 survivors (1024K)
 Metaspace       used 12808K, committed 12992K, reserved 1114112K
  class space    used 913K, committed 1024K, reserved 1048576K
}
Event: 5.995 GC heap after
{Heap after GC invocations=15 (full 0):
 garbage-first heap   total 115712K, used 53206K [0x00000000c0000000, 0x0000000100000000)
  region size 1024K, 1 young (1024K), 1 survivors (1024K)
 Metaspace       used 12808K, committed 12992K, reserved 1114112K
  class space    used 913K, committed 1024K, reserved 1048576K
}
Event: 6.892 GC heap before
{Heap before GC invocations=16 (full 0):
 garbage-first heap   total 115712K, used 97238K [0x00000000c0000000, 0x0000000100000000)
  region size 1024K, 44 young (45056K), 1 survivors (1024K)
 Metaspace       used 12842K, committed 13056K, reserved 1114112K
  class space    used 913K, committed 1024K, reserved 1048576K
}
Event: 6.894 GC heap after
{Heap after GC invocations=17 (full 0):
 garbage-first heap   total 115712K, used 54185K [0x00000000c0000000, 0x0000000100000000)
  region size 1024K, 2 young (2048K), 2 survivors (2048K)
 Metaspace       used 12842K, committed 13056K, reserved 1114112K
  class space    used 913K, committed 1024K, reserved 1048576K
}
Event: 7.694 GC heap before
{Heap before GC invocations=17 (full 0):
 garbage-first heap   total 115712K, used 97193K [0x00000000c0000000, 0x0000000100000000)
  region size 1024K, 44 young (45056K), 2 survivors (2048K)
 Metaspace       used 12842K, committed 13056K, reserved 1114112K
  class space    used 913K, committed 1024K, reserved 1048576K
}
Event: 7.696 GC heap after
{Heap after GC invocations=18 (full 0):
 garbage-first heap   total 115712K, used 54134K [0x00000000c0000000, 0x0000000100000000)
  region size 1024K, 2 young (2048K), 2 survivors (2048K)
 Metaspace       used 12842K, committed 13056K, reserved 1114112K
  class space    used 913K, committed 1024K, reserved 1048576K
}
Event: 8.467 GC heap before
{Heap before GC invocations=19 (full 0):
 garbage-first heap   total 115712K, used 97142K [0x00000000c0000000, 0x0000000100000000)
  region size 1024K, 44 young (45056K), 2 survivors (2048K)
 Metaspace       used 12879K, committed 13056K, reserved 1114112K
  class space    used 913K, committed 1024K, reserved 1048576K
}
Event: 8.469 GC heap after
{Heap after GC invocations=20 (full 0):
 garbage-first heap   total 115712K, used 54077K [0x00000000c0000000, 0x0000000100000000)
  region size 1024K, 2 young (2048K), 2 survivors (2048K)
 Metaspace       used 12879K, committed 13056K, reserved 1114112K
  class space    used 913K, committed 1024K, reserved 1048576K
}
Event: 9.300 GC heap before
{Heap before GC invocations=20 (full 0):
 garbage-first heap   total 115712K, used 98109K [0x00000000c0000000, 0x0000000100000000)
  region size 1024K, 45 young (46080K), 2 survivors (2048K)
 Metaspace       used 12879K, committed 13056K, reserved 1114112K
  class space    used 913K, committed 1024K, reserved 1048576K
}
Event: 9.303 GC heap after
{Heap after GC invocations=21 (full 0):
 garbage-first heap   total 115712K, used 54733K [0x00000000c0000000, 0x0000000100000000)
  region size 1024K, 2 young (2048K), 2 survivors (2048K)
 Metaspace       used 12879K, committed 13056K, reserved 1114112K
  class space    used 913K, committed 1024K, reserved 1048576K
}
Event: 10.159 GC heap before
{Heap before GC invocations=22 (full 0):
 garbage-first heap   total 115712K, used 97741K [0x00000000c0000000, 0x0000000100000000)
  region size 1024K, 44 young (45056K), 2 survivors (2048K)
 Metaspace       used 12892K, committed 13120K, reserved 1114112K
  class space    used 913K, committed 1024K, reserved 1048576K
}
Event: 10.160 GC heap after
{Heap after GC invocations=23 (full 0):
 garbage-first heap   total 115712K, used 54639K [0x00000000c0000000, 0x0000000100000000)
  region size 1024K, 2 young (2048K), 2 survivors (2048K)
 Metaspace       used 12892K, committed 13120K, reserved 1114112K
  class space    used 913K, committed 1024K, reserved 1048576K
}
Event: 11.016 GC heap before
{Heap before GC invocations=23 (full 0):
 garbage-first heap   total 115712K, used 97647K [0x00000000c0000000, 0x0000000100000000)
  region size 1024K, 44 young (45056K), 2 survivors (2048K)
 Metaspace       used 12893K, committed 13120K, reserved 1114112K
  class space    used 913K, committed 1024K, reserved 1048576K
}
Event: 11.017 GC heap after
{Heap after GC invocations=24 (full 0):
 garbage-first heap   total 115712K, used 54822K [0x00000000c0000000, 0x0000000100000000)
  region size 1024K, 3 young (3072K), 3 survivors (3072K)
 Metaspace       used 12893K, committed 13120K, reserved 1114112K
  class space    used 913K, committed 1024K, reserved 1048576K
}

Dll operation events (14 events):
Event: 0.009 Loaded shared library C:\Program Files\Processing\app\resources\jdk-17.0.14+7\bin\java.dll
Event: 0.023 Loaded shared library C:\Program Files\Processing\app\resources\jdk-17.0.14+7\bin\jsvml.dll
Event: 0.080 Loaded shared library C:\Program Files\Processing\app\resources\jdk-17.0.14+7\bin\net.dll
Event: 0.081 Loaded shared library C:\Program Files\Processing\app\resources\jdk-17.0.14+7\bin\nio.dll
Event: 0.086 Loaded shared library C:\Program Files\Processing\app\resources\jdk-17.0.14+7\bin\zip.dll
Event: 0.154 Loaded shared library C:\Program Files\Processing\app\resources\jdk-17.0.14+7\bin\jimage.dll
Event: 0.159 Loaded shared library C:\Program Files\Processing\app\resources\jdk-17.0.14+7\bin\awt.dll
Event: 0.577 Loaded shared library C:\Users\danil\AppData\Local\Temp\jogamp_0000\file_cache\jln2082478366568388294\jln13148332775918879675\natives\windows-amd64\gluegen_rt.dll
Event: 0.586 Loaded shared library C:\Program Files\Processing\app\resources\jdk-17.0.14+7\bin\jawt.dll
Event: 0.600 Loaded shared library C:\Users\danil\AppData\Local\Temp\jogamp_0000\file_cache\jln2082478366568388294\jln13148332775918879675\natives\windows-amd64\nativewindow_awt.dll
Event: 0.639 Loaded shared library C:\Users\danil\AppData\Local\Temp\jogamp_0000\file_cache\jln2082478366568388294\jln13148332775918879675\natives\windows-amd64\nativewindow_win32.dll
Event: 0.766 Loaded shared library C:\Users\danil\AppData\Local\Temp\jogamp_0000\file_cache\jln2082478366568388294\jln13148332775918879675\natives\windows-amd64\jogl_desktop.dll
Event: 1.082 Loaded shared library C:\Users\danil\AppData\Local\Temp\jogamp_0000\file_cache\jln2082478366568388294\jln13148332775918879675\natives\windows-amd64\jogl_mobile.dll
Event: 2.180 Loaded shared library C:\Users\danil\AppData\Local\Temp\jogamp_0000\file_cache\jln2082478366568388294\jln13148332775918879675\natives\windows-amd64\newt_head.dll

Deoptimization events (20 events):
Event: 11.446 Thread 0x000002707d019300 DEOPT PACKING pc=0x00000270216d9ac1 sp=0x000000a65b3fefd0
Event: 11.446 Thread 0x000002707d019300 DEOPT UNPACKING pc=0x000002702898ace3 sp=0x000000a65b3fe4c0 mode 1
Event: 11.446 Thread 0x000002707d019300 DEOPT PACKING pc=0x00000270216c74f4 sp=0x000000a65b3ff060
Event: 11.446 Thread 0x000002707d019300 DEOPT UNPACKING pc=0x000002702898ace3 sp=0x000000a65b3fe518 mode 1
Event: 11.486 Thread 0x000002707d019300 DEOPT PACKING pc=0x00000270216d9ac1 sp=0x000000a65b3fef80
Event: 11.486 Thread 0x000002707d019300 DEOPT UNPACKING pc=0x000002702898ace3 sp=0x000000a65b3fe470 mode 1
Event: 11.486 Thread 0x000002707d019300 DEOPT PACKING pc=0x00000270216c74f4 sp=0x000000a65b3ff010
Event: 11.486 Thread 0x000002707d019300 DEOPT UNPACKING pc=0x000002702898ace3 sp=0x000000a65b3fe4c8 mode 1
Event: 11.486 Thread 0x000002707d019300 DEOPT PACKING pc=0x00000270216d9ac1 sp=0x000000a65b3fefd0
Event: 11.486 Thread 0x000002707d019300 DEOPT UNPACKING pc=0x000002702898ace3 sp=0x000000a65b3fe4c0 mode 1
Event: 11.486 Thread 0x000002707d019300 DEOPT PACKING pc=0x00000270216c74f4 sp=0x000000a65b3ff060
Event: 11.486 Thread 0x000002707d019300 DEOPT UNPACKING pc=0x000002702898ace3 sp=0x000000a65b3fe518 mode 1
Event: 11.567 Thread 0x000002707b4b6370 Uncommon trap: trap_request=0xffffff45 fr.pc=0x0000027028f49268 relative=0x00000000000001e8
Event: 11.567 Thread 0x000002707b4b6370 Uncommon trap: reason=unstable_if action=reinterpret pc=0x0000027028f49268 method=java.util.HashMap$HashIterator.<init>(Ljava/util/HashMap;)V @ 38 c2
Event: 11.567 Thread 0x000002707b4b6370 DEOPT PACKING pc=0x0000027028f49268 sp=0x000000a65a5ff4f0
Event: 11.567 Thread 0x000002707b4b6370 DEOPT UNPACKING pc=0x000002702898a1a3 sp=0x000000a65a5ff498 mode 2
Event: 11.578 Thread 0x000002707b4b6370 Uncommon trap: trap_request=0xffffff45 fr.pc=0x0000027028f85ff0 relative=0x00000000000000f0
Event: 11.578 Thread 0x000002707b4b6370 Uncommon trap: reason=unstable_if action=reinterpret pc=0x0000027028f85ff0 method=com.jogamp.common.util.IntIntHashMap.put(II)I @ 21 c2
Event: 11.578 Thread 0x000002707b4b6370 DEOPT PACKING pc=0x0000027028f85ff0 sp=0x000000a65a5ff270
Event: 11.578 Thread 0x000002707b4b6370 DEOPT UNPACKING pc=0x000002702898a1a3 sp=0x000000a65a5ff1d8 mode 2

Classes loaded (20 events):
Event: 2.404 Loading class java/util/concurrent/Callable done
Event: 2.404 Loading class java/util/concurrent/Executors$RunnableAdapter done
Event: 2.404 Loading class java/util/concurrent/ThreadPoolExecutor$Worker
Event: 2.404 Loading class java/util/concurrent/ThreadPoolExecutor$Worker done
Event: 2.406 Loading class java/util/concurrent/locks/AbstractQueuedSynchronizer$SharedNode
Event: 2.406 Loading class java/util/concurrent/locks/AbstractQueuedSynchronizer$SharedNode done
Event: 2.522 Loading class sun/nio/cs/StreamDecoder
Event: 2.523 Loading class sun/nio/cs/StreamDecoder done
Event: 2.523 Loading class java/util/regex/Pattern$LookBehindEndNode
Event: 2.524 Loading class java/util/regex/Pattern$LookBehindEndNode done
Event: 2.524 Loading class java/util/regex/Pattern$NotBehind
Event: 2.524 Loading class java/util/regex/Pattern$NotBehind done
Event: 2.524 Loading class java/util/regex/Pattern$Neg
Event: 2.524 Loading class java/util/regex/Pattern$Neg done
Event: 2.524 Loading class java/util/regex/Pattern$Pos
Event: 2.524 Loading class java/util/regex/Pattern$Pos done
Event: 2.535 Loading class java/util/regex/Pattern$SliceS
Event: 2.535 Loading class java/util/regex/Pattern$SliceS done
Event: 11.545 Loading class java/nio/channels/ClosedChannelException
Event: 11.545 Loading class java/nio/channels/ClosedChannelException done

Classes unloaded (0 events):
No events

Classes redefined (0 events):
No events

Internal exceptions (20 events):
Event: 0.135 Thread 0x00000270198cc760 Exception <a 'java/lang/NoSuchMethodError'{0x00000000c3ce7c70}: 'void java.lang.invoke.DirectMethodHandle$Holder.invokeStatic(java.lang.Object, java.lang.Object, java.lang.Object)'> (0x00000000c3ce7c70) 
thrown [s\src\hotspot\share\interpreter\linkResolver.cpp, line 759]
Event: 0.146 Thread 0x00000270198cc760 Exception <a 'java/lang/ClassNotFoundException'{0x00000000c3b106d8}: sun/awt/resources/spi/awtProvider> (0x00000000c3b106d8) 
thrown [s\src\hotspot\share\classfile\systemDictionary.cpp, line 256]
Event: 0.170 Thread 0x00000270198cc760 Exception <a 'java/io/FileNotFoundException'{0x00000000c3b66018}> (0x00000000c3b66018) 
thrown [s\src\hotspot\share\prims\jni.cpp, line 516]
Event: 0.178 Thread 0x00000270198cc760 Exception <a 'java/io/FileNotFoundException'{0x00000000c3b93748}> (0x00000000c3b93748) 
thrown [s\src\hotspot\share\prims\jni.cpp, line 516]
Event: 0.226 Thread 0x00000270198cc760 Exception <a 'java/lang/NoSuchMethodError'{0x00000000c3a40798}: 'java.lang.Object java.lang.invoke.DirectMethodHandle$Holder.invokeStaticInit(java.lang.Object)'> (0x00000000c3a40798) 
thrown [s\src\hotspot\share\interpreter\linkResolver.cpp, line 759]
Event: 0.345 Thread 0x00000270198cc760 Exception <a 'java/lang/NoSuchMethodError'{0x00000000c364c688}: 'java.lang.Object java.lang.invoke.DirectMethodHandle$Holder.invokeStaticInit(java.lang.Object, int, int, int, int)'> (0x00000000c364c688) 
thrown [s\src\hotspot\share\interpreter\linkResolver.cpp, line 759]
Event: 0.393 Thread 0x00000270198cc760 Exception <a 'java/lang/NoSuchMethodError'{0x00000000c3534ce8}: 'java.lang.Object java.lang.invoke.DirectMethodHandle$Holder.invokeStaticInit(java.lang.Object, java.lang.Object, int, int, int, int)'> (0x00000000c3534ce8) 
thrown [s\src\hotspot\share\interpreter\linkResolver.cpp, line 759]
Event: 0.438 Thread 0x00000270198cc760 Exception <a 'java/lang/NoSuchMethodError'{0x00000000c3540388}: 'void java.lang.invoke.DirectMethodHandle$Holder.invokeStatic(java.lang.Object, long)'> (0x00000000c3540388) 
thrown [s\src\hotspot\share\interpreter\linkResolver.cpp, line 759]
Event: 0.439 Thread 0x00000270198cc760 Exception <a 'java/lang/NoSuchMethodError'{0x00000000c3545968}: 'java.lang.Object java.lang.invoke.DirectMethodHandle$Holder.newInvokeSpecial(java.lang.Object, long)'> (0x00000000c3545968) 
thrown [s\src\hotspot\share\interpreter\linkResolver.cpp, line 759]
Event: 0.442 Thread 0x00000270198cc760 Exception <a 'java/lang/NoSuchMethodError'{0x00000000c3550180}: 'java.lang.Object java.lang.invoke.DirectMethodHandle$Holder.invokeStaticInit(java.lang.Object, java.lang.Object, long, java.lang.Object)'> (0x00000000c3550180) 
thrown [s\src\hotspot\share\interpreter\linkResolver.cpp, line 759]
Event: 0.442 Thread 0x00000270198cc760 Exception <a 'java/lang/NoSuchMethodError'{0x00000000c3556740}: 'java.lang.Object java.lang.invoke.DirectMethodHandle$Holder.newInvokeSpecial(java.lang.Object, java.lang.Object, long)'> (0x00000000c3556740) 
thrown [s\src\hotspot\share\interpreter\linkResolver.cpp, line 759]
Event: 0.443 Thread 0x00000270198cc760 Exception <a 'java/lang/NoSuchMethodError'{0x00000000c355a2b0}: 'java.lang.Object java.lang.invoke.Invokers$Holder.linkToTargetMethod(java.lang.Object, long, java.lang.Object)'> (0x00000000c355a2b0) 
thrown [s\src\hotspot\share\interpreter\linkResolver.cpp, line 759]
Event: 0.614 Thread 0x00000270198cc760 Exception <a 'java/lang/NoSuchMethodError'{0x00000000c34c9f50}: 'java.lang.Object java.lang.invoke.DirectMethodHandle$Holder.invokeInterface(java.lang.Object, java.lang.Object)'> (0x00000000c34c9f50) 
thrown [s\src\hotspot\share\interpreter\linkResolver.cpp, line 759]
Event: 0.614 Thread 0x00000270198cc760 Exception <a 'java/lang/IncompatibleClassChangeError'{0x00000000c34cd870}: Found class java.lang.Object, but interface was expected> (0x00000000c34cd870) 
thrown [s\src\hotspot\share\interpreter\linkResolver.cpp, line 826]
Event: 2.278 Thread 0x00000270198cc760 Exception <a 'java/lang/NoSuchMethodError'{0x00000000c33f27c0}: 'void java.lang.invoke.DirectMethodHandle$Holder.invokeSpecial(java.lang.Object, java.lang.Object, java.lang.Object, java.lang.Object, java.lang.Object)'> (0x00000000c33f27c0) 
thrown [s\src\hotspot\share\interpreter\linkResolver.cpp, line 759]
Event: 2.280 Thread 0x00000270198cc760 Exception <a 'java/lang/NoSuchMethodError'{0x00000000c33fb780}: 'void java.lang.invoke.DirectMethodHandle$Holder.invokeSpecial(java.lang.Object, java.lang.Object, java.lang.Object)'> (0x00000000c33fb780) 
thrown [s\src\hotspot\share\interpreter\linkResolver.cpp, line 759]
Event: 2.280 Thread 0x00000270198cc760 Exception <a 'java/lang/NoSuchMethodError'{0x00000000c3201d50}: 'void java.lang.invoke.DirectMethodHandle$Holder.invokeSpecial(java.lang.Object, java.lang.Object, int)'> (0x00000000c3201d50) 
thrown [s\src\hotspot\share\interpreter\linkResolver.cpp, line 759]
Event: 2.281 Thread 0x00000270198cc760 Exception <a 'java/lang/NoSuchMethodError'{0x00000000c3207d68}: 'java.lang.Object java.lang.invoke.DirectMethodHandle$Holder.newInvokeSpecial(java.lang.Object, java.lang.Object, int)'> (0x00000000c3207d68) 
thrown [s\src\hotspot\share\interpreter\linkResolver.cpp, line 759]
Event: 11.543 Thread 0x000002707d043b60 Exception <a 'java/lang/InterruptedException'{0x00000000c579a420}> (0x00000000c579a420) 
thrown [s\src\hotspot\share\runtime\objectMonitor.cpp, line 1658]
Event: 11.578 Thread 0x000002707b4b6370 Implicit null exception at 0x0000027028f85f44 to 0x0000027028f85fcc

VM Operations (20 events):
Event: 7.703 Executing VM operation: G1PauseRemark done
Event: 7.705 Executing VM operation: G1PauseCleanup
Event: 7.705 Executing VM operation: G1PauseCleanup done
Event: 8.467 Executing VM operation: G1CollectForAllocation
Event: 8.469 Executing VM operation: G1CollectForAllocation done
Event: 9.300 Executing VM operation: G1CollectForAllocation
Event: 9.303 Executing VM operation: G1CollectForAllocation done
Event: 9.311 Executing VM operation: G1PauseRemark
Event: 9.312 Executing VM operation: G1PauseRemark done
Event: 9.315 Executing VM operation: G1PauseCleanup
Event: 9.315 Executing VM operation: G1PauseCleanup done
Event: 10.159 Executing VM operation: G1CollectForAllocation
Event: 10.160 Executing VM operation: G1CollectForAllocation done
Event: 11.015 Executing VM operation: G1CollectForAllocation
Event: 11.017 Executing VM operation: G1CollectForAllocation done
Event: 11.025 Executing VM operation: G1PauseRemark
Event: 11.026 Executing VM operation: G1PauseRemark done
Event: 11.029 Executing VM operation: G1PauseCleanup
Event: 11.029 Executing VM operation: G1PauseCleanup done
Event: 11.647 Executing VM operation: Exit

Memory protections (0 events):
No events

Nmethod flushes (0 events):
No events

Events (20 events):
Event: 2.406 Thread 0x000002707d019300 Thread added: 0x000002700fa77950
Event: 2.406 Thread 0x000002707d019300 Thread added: 0x000002700fa78370
Event: 2.406 Thread 0x000002707d019300 Thread added: 0x000002700fa78880
Event: 2.948 Thread 0x000002707d3d7780 Thread exited: 0x000002707d3d7780
Event: 2.948 Thread 0x000002707d02bb40 Thread exited: 0x000002707d02bb40
Event: 3.972 Thread 0x000002707b0743c0 Thread added: 0x000002700fa78d90
Event: 4.979 Thread 0x000002700fa78d90 Thread exited: 0x000002700fa78d90
Event: 11.544 Thread 0x000002707d019300 Thread added: 0x000002700fa792a0
Event: 11.544 Thread 0x000002707d043b60 Thread exited: 0x000002707d043b60
Event: 11.544 Thread 0x000002707d019300 Thread added: 0x000002700fa77e60
Event: 11.544 Thread 0x000002707d019300 Thread added: 0x000002700fa78d90
Event: 11.545 Thread 0x000002707b0743c0 Thread added: 0x000002700fa7a6e0
Event: 11.545 Thread 0x000002707c8ea330 Thread exited: 0x000002707c8ea330
Event: 11.545 Thread 0x000002700fa78d90 Thread exited: 0x000002700fa78d90
Event: 11.547 Thread 0x000002707b0743c0 Thread exited: 0x000002707b0743c0
Event: 11.579 Thread 0x000002707b4b6370 Thread exited: 0x000002707b4b6370
Event: 11.586 Thread 0x000002700fa792a0 Thread exited: 0x000002700fa792a0
Event: 11.646 Thread 0x000002700fa77e60 Thread exited: 0x000002700fa77e60
Event: 11.646 Thread 0x000002707d019300 Before exit entered
Event: 11.647 Thread 0x00000270357541e0 Thread exited: 0x00000270357541e0


Dynamic libraries:
0x00007ff76a320000 - 0x00007ff76a32e000 	C:\Program Files\Processing\app\resources\jdk-17.0.14+7\bin\java.exe
0x00007ffbfaf00000 - 0x00007ffbfb166000 	C:\WINDOWS\SYSTEM32\ntdll.dll
0x00007ffbf8fd0000 - 0x00007ffbf9099000 	C:\WINDOWS\System32\KERNEL32.DLL
0x00007ffbf87b0000 - 0x00007ffbf8baa000 	C:\WINDOWS\System32\KERNELBASE.dll
0x00007ffbf8190000 - 0x00007ffbf82dc000 	C:\WINDOWS\System32\ucrtbase.dll
0x00007ffbc8f00000 - 0x00007ffbc8f17000 	C:\Program Files\Processing\app\resources\jdk-17.0.14+7\bin\jli.dll
0x00007ffbc8dc0000 - 0x00007ffbc8dde000 	C:\Program Files\Processing\app\resources\jdk-17.0.14+7\bin\VCRUNTIME140.dll
0x00007ffbfa250000 - 0x00007ffbfa417000 	C:\WINDOWS\System32\USER32.dll
0x00007ffbf8370000 - 0x00007ffbf8397000 	C:\WINDOWS\System32\win32u.dll
0x00007ffbdf5a0000 - 0x00007ffbdf832000 	C:\WINDOWS\WinSxS\amd64_microsoft.windows.common-controls_6595b64144ccf1df_6.0.26100.8521_none_3e08b75ce33403b3\COMCTL32.dll
0x00007ffbf8d50000 - 0x00007ffbf8d7b000 	C:\WINDOWS\System32\GDI32.dll
0x00007ffbf91e0000 - 0x00007ffbf9289000 	C:\WINDOWS\System32\msvcrt.dll
0x00007ffbf85d0000 - 0x00007ffbf86fb000 	C:\WINDOWS\System32\gdi32full.dll
0x00007ffbf8700000 - 0x00007ffbf87a3000 	C:\WINDOWS\System32\msvcp_win.dll
0x00007ffbf9c80000 - 0x00007ffbf9cb2000 	C:\WINDOWS\System32\IMM32.DLL
0x00007ffbf1800000 - 0x00007ffbf180c000 	C:\Program Files\Processing\app\resources\jdk-17.0.14+7\bin\vcruntime140_1.dll
0x00007ffbc77e0000 - 0x00007ffbc786d000 	C:\Program Files\Processing\app\resources\jdk-17.0.14+7\bin\msvcp140.dll
0x00007ffb67bb0000 - 0x00007ffb6881b000 	C:\Program Files\Processing\app\resources\jdk-17.0.14+7\bin\server\jvm.dll
0x00007ffbf9d90000 - 0x00007ffbf9e46000 	C:\WINDOWS\System32\ADVAPI32.dll
0x00007ffbfa190000 - 0x00007ffbfa23a000 	C:\WINDOWS\System32\sechost.dll
0x00007ffbf9e50000 - 0x00007ffbf9f68000 	C:\WINDOWS\System32\RPCRT4.dll
0x00007ffbf90d0000 - 0x00007ffbf9150000 	C:\WINDOWS\System32\WS2_32.dll
0x00007ffbdb520000 - 0x00007ffbdb556000 	C:\WINDOWS\SYSTEM32\WINMM.dll
0x00007ffbeda10000 - 0x00007ffbeda1b000 	C:\WINDOWS\SYSTEM32\VERSION.dll
0x00007ffbf8010000 - 0x00007ffbf806e000 	C:\WINDOWS\SYSTEM32\POWRPROF.dll
0x00007ffbf7ff0000 - 0x00007ffbf8004000 	C:\WINDOWS\SYSTEM32\UMPDC.dll
0x00007ffbf6f00000 - 0x00007ffbf6f1b000 	C:\WINDOWS\SYSTEM32\kernel.appcore.dll
0x00007ffbcb370000 - 0x00007ffbcb37a000 	C:\Program Files\Processing\app\resources\jdk-17.0.14+7\bin\jimage.dll
0x00007ffbf2350000 - 0x00007ffbf2592000 	C:\WINDOWS\SYSTEM32\DBGHELP.DLL
0x00007ffbfa590000 - 0x00007ffbfa913000 	C:\WINDOWS\System32\combase.dll
0x00007ffbf9390000 - 0x00007ffbf9469000 	C:\WINDOWS\System32\OLEAUT32.dll
0x00007ffbf1a70000 - 0x00007ffbf1aab000 	C:\WINDOWS\SYSTEM32\dbgcore.DLL
0x00007ffbf83a0000 - 0x00007ffbf8448000 	C:\WINDOWS\System32\bcryptPrimitives.dll
0x00007ffbc8f20000 - 0x00007ffbc8f5b000 	C:\Program Files\Processing\app\resources\jdk-17.0.14+7\bin\jdwp.dll
0x00007ffbc8d90000 - 0x00007ffbc8db5000 	C:\Program Files\Processing\app\resources\jdk-17.0.14+7\bin\java.dll
0x00007ffb67ad0000 - 0x00007ffb67ba7000 	C:\Program Files\Processing\app\resources\jdk-17.0.14+7\bin\jsvml.dll
0x00007ffbf94f0000 - 0x00007ffbf9c74000 	C:\WINDOWS\System32\SHELL32.dll
0x00007ffbf5d20000 - 0x00007ffbf65a0000 	C:\WINDOWS\SYSTEM32\windows.storage.dll
0x00007ffbfa920000 - 0x00007ffbfaa16000 	C:\WINDOWS\System32\SHCORE.dll
0x00007ffbf8d80000 - 0x00007ffbf8de7000 	C:\WINDOWS\System32\shlwapi.dll
0x00007ffbf80b0000 - 0x00007ffbf80d9000 	C:\WINDOWS\SYSTEM32\profapi.dll
0x00007ffbc9c90000 - 0x00007ffbc9c9c000 	C:\Program Files\Processing\app\resources\jdk-17.0.14+7\bin\dt_socket.dll
0x00007ffbf68d0000 - 0x00007ffbf6903000 	C:\WINDOWS\SYSTEM32\IPHLPAPI.DLL
0x00007ffbf7490000 - 0x00007ffbf74fc000 	C:\WINDOWS\system32\mswsock.dll
0x00007ffbc8b90000 - 0x00007ffbc8ba9000 	C:\Program Files\Processing\app\resources\jdk-17.0.14+7\bin\net.dll
0x00007ffbef7a0000 - 0x00007ffbef8c9000 	C:\WINDOWS\SYSTEM32\WINHTTP.dll
0x00007ffbc8b70000 - 0x00007ffbc8b86000 	C:\Program Files\Processing\app\resources\jdk-17.0.14+7\bin\nio.dll
0x00007ffbc77c0000 - 0x00007ffbc77d8000 	C:\Program Files\Processing\app\resources\jdk-17.0.14+7\bin\zip.dll
0x00007ffb67940000 - 0x00007ffb67ad0000 	C:\Program Files\Processing\app\resources\jdk-17.0.14+7\bin\awt.dll
0x00007ffbf4ba0000 - 0x00007ffbf4c40000 	C:\WINDOWS\SYSTEM32\apphelp.dll
0x00007ffbf5390000 - 0x00007ffbf543a000 	C:\WINDOWS\system32\uxtheme.dll
0x00007ffbfa430000 - 0x00007ffbfa58d000 	C:\WINDOWS\System32\MSCTF.dll
0x00007ffbf9f70000 - 0x00007ffbfa108000 	C:\WINDOWS\System32\ole32.dll
0x00007ffbf5640000 - 0x00007ffbf566f000 	C:\WINDOWS\system32\DWMAPI.DLL
0x00007ffbb6240000 - 0x00007ffbb634c000 	C:\WINDOWS\system32\opengl32.dll
0x00007ffbb94b0000 - 0x00007ffbb94dd000 	C:\WINDOWS\SYSTEM32\GLU32.dll
0x00007ffbf5490000 - 0x00007ffbf54d4000 	C:\WINDOWS\SYSTEM32\dxcore.dll
0x00007ffbf7770000 - 0x00007ffbf778b000 	C:\WINDOWS\SYSTEM32\CRYPTSP.dll
0x00007ffbf6e60000 - 0x00007ffbf6e99000 	C:\WINDOWS\system32\rsaenh.dll
0x00007ffbf7540000 - 0x00007ffbf7573000 	C:\WINDOWS\SYSTEM32\USERENV.dll
0x00007ffbf8080000 - 0x00007ffbf80aa000 	C:\WINDOWS\SYSTEM32\bcrypt.dll
0x00007ffbf7790000 - 0x00007ffbf779c000 	C:\WINDOWS\SYSTEM32\CRYPTBASE.dll
0x00007ffbfaa20000 - 0x00007ffbfaa2a000 	C:\WINDOWS\System32\NSI.dll
0x00007ffbef9e0000 - 0x00007ffbef9fd000 	C:\WINDOWS\SYSTEM32\dhcpcsvc6.DLL
0x00007ffbef9b0000 - 0x00007ffbef9d5000 	C:\WINDOWS\SYSTEM32\dhcpcsvc.DLL
0x00007ffbf6960000 - 0x00007ffbf6aaa000 	C:\WINDOWS\SYSTEM32\DNSAPI.dll
0x00007ffbf72b0000 - 0x00007ffbf72bd000 	C:\WINDOWS\SYSTEM32\DSPARSE.dll
0x00007ffbc6300000 - 0x00007ffbc6313000 	C:\Users\danil\AppData\Local\Temp\jogamp_0000\file_cache\jln2082478366568388294\jln13148332775918879675\natives\windows-amd64\gluegen_rt.dll
0x00007ffbc5d60000 - 0x00007ffbc5d67000 	C:\Program Files\Processing\app\resources\jdk-17.0.14+7\bin\jawt.dll
0x00007ffbc5d50000 - 0x00007ffbc5d5d000 	C:\Users\danil\AppData\Local\Temp\jogamp_0000\file_cache\jln2082478366568388294\jln13148332775918879675\natives\windows-amd64\nativewindow_awt.dll
0x00007ffb9d720000 - 0x00007ffb9d735000 	C:\Users\danil\AppData\Local\Temp\jogamp_0000\file_cache\jln2082478366568388294\jln13148332775918879675\natives\windows-amd64\nativewindow_win32.dll
0x00007ffb678b0000 - 0x00007ffb67933000 	C:\Users\danil\AppData\Local\Temp\jogamp_0000\file_cache\jln2082478366568388294\jln13148332775918879675\natives\windows-amd64\jogl_desktop.dll
0x00007ffb67850000 - 0x00007ffb678a2000 	C:\Users\danil\AppData\Local\Temp\jogamp_0000\file_cache\jln2082478366568388294\jln13148332775918879675\natives\windows-amd64\jogl_mobile.dll
0x00007ffbf1730000 - 0x00007ffbf178f000 	C:\WINDOWS\SYSTEM32\directxdatabasehelper.dll
0x00007ffbf20d0000 - 0x00007ffbf20ed000 	C:\WINDOWS\SYSTEM32\windows.staterepositorycore.dll
0x00007ffb49a40000 - 0x00007ffb4aa13000 	C:\WINDOWS\System32\DriverStore\FileRepository\iigd_dch.inf_amd64_225f37aa3862fc3f\igxelpicd64.dll
0x00007ffbf54e0000 - 0x00007ffbf561a000 	C:\WINDOWS\system32\dxgi.dll
0x00007ffb3a5b0000 - 0x00007ffb3aa37000 	C:\WINDOWS\System32\DriverStore\FileRepository\iigd_dch.inf_amd64_225f37aa3862fc3f\igdml64.dll
0x00007ffbf7d00000 - 0x00007ffbf7d51000 	C:\WINDOWS\SYSTEM32\cfgmgr32.dll
0x00007ffbedb30000 - 0x00007ffbedef1000 	C:\WINDOWS\System32\DriverStore\FileRepository\iigd_dch.inf_amd64_225f37aa3862fc3f\igdgmm64.dll
0x00007ffbea800000 - 0x00007ffbeda06000 	C:\WINDOWS\System32\DriverStore\FileRepository\iigd_dch.inf_amd64_225f37aa3862fc3f\igc64.dll
0x00007ffb9c010000 - 0x00007ffb9c029000 	C:\Users\danil\AppData\Local\Temp\jogamp_0000\file_cache\jln2082478366568388294\jln13148332775918879675\natives\windows-amd64\newt_head.dll
0x00007ffbe9ce0000 - 0x00007ffbe9d9f000 	C:\WINDOWS\SYSTEM32\mscms.dll
0x00007ffbb33b0000 - 0x00007ffbb33f9000 	C:\WINDOWS\SYSTEM32\icm32.dll
0x00007ffbfaa30000 - 0x00007ffbfaeb7000 	C:\WINDOWS\System32\setupapi.dll
0x00007ffbf7cd0000 - 0x00007ffbf7cfd000 	C:\WINDOWS\SYSTEM32\DEVOBJ.dll
0x00007ffbf82e0000 - 0x00007ffbf8363000 	C:\WINDOWS\System32\WINTRUST.dll
0x00007ffbf8450000 - 0x00007ffbf85c8000 	C:\WINDOWS\System32\CRYPT32.dll
0x00007ffbf78a0000 - 0x00007ffbf78b3000 	C:\WINDOWS\SYSTEM32\MSASN1.dll
0x00007ffbe01e0000 - 0x00007ffbe0328000 	C:\WINDOWS\SYSTEM32\textinputframework.dll
0x00007ffbf4780000 - 0x00007ffbf48a5000 	C:\WINDOWS\SYSTEM32\CoreMessaging.dll
0x00007ffbf0660000 - 0x00007ffbf0944000 	C:\WINDOWS\SYSTEM32\CoreUIComponents.dll
0x00007ffbf04f0000 - 0x00007ffbf065a000 	C:\WINDOWS\SYSTEM32\wintypes.dll

dbghelp: loaded successfully - version: 4.0.5 - missing functions: none
symbol engine: initialized successfully - sym options: 0x614 - pdb path: .;C:\Program Files\Processing\app\resources\jdk-17.0.14+7\bin;C:\WINDOWS\SYSTEM32;C:\WINDOWS\WinSxS\amd64_microsoft.windows.common-controls_6595b64144ccf1df_6.0.26100.8521_none_3e08b75ce33403b3;C:\Program Files\Processing\app\resources\jdk-17.0.14+7\bin\server;C:\Users\danil\AppData\Local\Temp\jogamp_0000\file_cache\jln2082478366568388294\jln13148332775918879675\natives\windows-amd64;C:\WINDOWS\System32\DriverStore\FileRepository\iigd_dch.inf_amd64_225f37aa3862fc3f

VM Arguments:
jvm_args: -agentlib:jdwp=transport=dt_socket,address=8325,server=y,suspend=y,quiet=y -Xms64m -Xmx1024m -Djna.nosys=true -Djava.library.path=;C:\Program Files\Processing\app\resources\core\library;C:\Program Files\Processing;C:\WINDOWS\system32;C:\WINDOWS;C:\Program Files\PlasticSCM5\server;C:\Program Files\PlasticSCM5\client;C:\Program Files\Common Files\Oracle\Java\javapath;C:\Program Files (x86)\Common Files\Oracle\Java\javapath;C:\Windows\System32\HWAudioDriverLibs;C:\Windows\system32;C:\Windows;C:\Windows\System32\Wbem;C:\Windows\System32\WindowsPowerShell\v1.0;C:\Windows\System32\OpenSSH;C:\Program Files\Microsoft SQL Server\150\Tools\Binn;C:\Program Files\Microsoft SQL Server\Client SDK\ODBC\170\Tools\Binn;C:\Program Files\dotnet;D:\Windows Kits\10\Windows Performance Toolkit;C:\Program Files\Java\jdk-23\bin;C:\WINDOWS\system32;C:\WINDOWS;C:\WINDOWS\System32\Wbem;C:\WINDOWS\System32\WindowsPowerShell\v1.0;C:\WINDOWS\System32\OpenSSH;C:\Program Files\nodejs;C:\Program Files\Docker\Docker\resources\bin;C:\Program Files\TortoiseGit\bin;C:\Program Files\Git\cmd;C:\Users\danil\Desktop\ffmpeg-8.1.2-essentials_build\ffmpeg-8.1.2-essentials_build\bin;C:\Users\danil\AppData\Local\Programs\Python\Python312\Scripts;C:\Users\danil\AppData\Local\Programs\Python\Python312;C:\Users\danil\AppData\Local\Microsoft\WindowsApps;C:\Users\danil\AppData\Local\Programs\Microsoft VS Code\bin;C:\Users\danil\AppData\Roaming\npm;D:\DataBase\18\bin;C:\Program Files\Processing\app;. -ea 
java_command: processing.core.PApplet --editor-location=-8,-8 --external --display=1 --sketch-path=C:\Users\danil\Desktop\Gravity_simul Gravity_simul
java_class_path (initial): C:\Users\danil\AppData\Local\Temp\processing\Gravity_simul6915957390710135318temp;C:\Program Files\Processing\app\resources\core\library\annotations-13.0.jar;C:\Program Files\Processing\app\resources\core\library\antlr-2.7.7.jar;C:\Program Files\Processing\app\resources\core\library\core-4.4.1.jar;C:\Program Files\Processing\app\resources\core\library\gluegen-rt-2.5.0-natives-android-aarch64.jar;C:\Program Files\Processing\app\resources\core\library\gluegen-rt-2.5.0-natives-linux-aarch64.jar;C:\Program Files\Processing\app\resources\core\library\gluegen-rt-2.5.0-natives-linux-amd64.jar;C:\Program Files\Processing\app\resources\core\library\gluegen-rt-2.5.0-natives-linux-armv6hf.jar;C:\Program Files\Processing\app\resources\core\library\gluegen-rt-2.5.0-natives-macosx-universal.jar;C:\Program Files\Processing\app\resources\core\library\gluegen-rt-2.5.0-natives-windows-amd64.jar;C:\Program Files\Processing\app\resources\core\library\gluegen-rt-2.5.0.jar;C:\Program Files\Processing\app\resources\core\library\gluegen-rt-main-2.5.0.jar;C:\Program Files\Processing\app\resources\core\library\jogl-all-2.5.0-natives-android-aarch64.jar;C:\Program Files\Processing\app\resources\core\library\jogl-all-2.5.0-natives-linux-aarch64.jar;C:\Program Files\Processing\app\resources\core\library\jogl-all-2.5.0-natives-linux-amd64.jar;C:\Program Files\Processing\app\resources\core\library\jogl-all-2.5.0-natives-linux-armv6hf.jar;C:\Program Files\Processing\app\resources\core\library\jogl-all-2.5.0-natives-macosx-universal.jar;C:\Program Files\Processing\app\resources\core\library\jogl-all-2.5.0-natives-windows-amd64.jar;C:\Program Files\Processing\app\resources\core\library\jogl-all-2.5.0.jar;C:\Program Files\Processing\app\resources\core\library\jogl-all-main-2.5.0.jar;C:\Program Files\Processing\app\resources\core\library\kotlin-stdlib-2.0.20.jar
Launcher Type: SUN_STANDARD

[Global flags]
     intx CICompilerCount                          = 4                                         {product} {ergonomic}
     uint ConcGCThreads                            = 2                                         {product} {ergonomic}
     uint G1ConcRefinementThreads                  = 8                                         {product} {ergonomic}
   size_t G1HeapRegionSize                         = 1048576                                   {product} {ergonomic}
    uintx GCDrainStackTargetSize                   = 64                                        {product} {ergonomic}
   size_t InitialHeapSize                          = 67108864                                  {product} {command line}
   size_t MarkStackSize                            = 4194304                                   {product} {ergonomic}
   size_t MaxHeapSize                              = 1073741824                                {product} {command line}
   size_t MaxNewSize                               = 643825664                                 {product} {ergonomic}
   size_t MinHeapDeltaBytes                        = 1048576                                   {product} {ergonomic}
   size_t MinHeapSize                              = 67108864                                  {product} {command line}
    uintx NonNMethodCodeHeapSize                   = 5839372                                {pd product} {ergonomic}
    uintx NonProfiledCodeHeapSize                  = 122909434                              {pd product} {ergonomic}
    uintx ProfiledCodeHeapSize                     = 122909434                              {pd product} {ergonomic}
    uintx ReservedCodeCacheSize                    = 251658240                              {pd product} {ergonomic}
     bool SegmentedCodeCache                       = true                                      {product} {ergonomic}
   size_t SoftMaxHeapSize                          = 1073741824                             {manageable} {ergonomic}
     bool UseCompressedClassPointers               = true                           {product lp64_product} {ergonomic}
     bool UseCompressedOops                        = true                           {product lp64_product} {ergonomic}
     bool UseG1GC                                  = true                                      {product} {ergonomic}
     bool UseLargePagesIndividualAllocation        = false                                  {pd product} {ergonomic}

Logging:
Log output configuration:
 #0: stdout all=off uptime,level,tags
 #1: stderr all=off uptime,level,tags

Environment Variables:
JAVA_HOME=C:\Program Files\Java\jdk-23
PATH=C:\Program Files\PlasticSCM5\server;C:\Program Files\PlasticSCM5\client;C:\Program Files\Common Files\Oracle\Java\javapath;C:\Program Files (x86)\Common Files\Oracle\Java\javapath;C:\Windows\System32\HWAudioDriverLibs;C:\Windows\system32;C:\Windows;C:\Windows\System32\Wbem;C:\Windows\System32\WindowsPowerShell\v1.0\;C:\Windows\System32\OpenSSH\;C:\Users\Administrator\AppData\Local\Microsoft\WindowsApps;C:\Program Files\Microsoft SQL Server\150\Tools\Binn\;C:\Program Files\Microsoft SQL Server\Client SDK\ODBC\170\Tools\Binn\;C:\Program Files\dotnet\;D:\Windows Kits\10\Windows Performance Toolkit\;C:\Program Files\Java\jdk-23\bin;C:\WINDOWS\system32;C:\WINDOWS;C:\WINDOWS\System32\Wbem;C:\WINDOWS\System32\WindowsPowerShell\v1.0\;C:\WINDOWS\System32\OpenSSH\;C:\Program Files\nodejs\;C:\Program Files\Docker\Docker\resources\bin;C:\Program Files\TortoiseGit\bin;C:\Program Files\Git\cmd;C:\Users\danil\Desktop\ffmpeg-8.1.2-essentials_build\ffmpeg-8.1.2-essentials_build\bin;C:\Users\danil\AppData\Local\Programs\Python\Python312\Scripts\;C:\Users\danil\AppData\Local\Programs\Python\Python312\;C:\Users\danil\AppData\Local\Microsoft\WindowsApps;C:\Users\danil\.dotnet\tools;C:\Users\danil\AppData\Local\Programs\Microsoft VS Code\bin;C:\Users\danil\AppData\Roaming\npm;D:\DataBase\18\bin;C:\Program Files\Processing\app
USERNAME=danil
OS=Windows_NT
PROCESSOR_IDENTIFIER=Intel64 Family 6 Model 140 Stepping 2, GenuineIntel
TMP=C:\Users\danil\AppData\Local\Temp
TEMP=C:\Users\danil\AppData\Local\Temp



Periodic native trim disabled


---------------  S Y S T E M  ---------------

OS:
 Windows 11 , 64 bit Build 26100 (10.0.26100.8521)
OS uptime: 0 days 0:15 hours
Hyper-V role detected

CPU: total 8 (initial active 8) (4 cores per cpu, 2 threads per core) family 6 model 140 stepping 2 microcode 0x16, cx8, cmov, fxsr, ht, mmx, 3dnowpref, sse, sse2, sse3, ssse3, sse4.1, sse4.2, popcnt, lzcnt, tsc, tscinvbit, avx, avx2, aes, erms, clmul, bmi1, bmi2, adx, avx512f, avx512dq, avx512cd, avx512bw, avx512vl, sha, fma, vzeroupper, avx512_vpopcntdq, avx512_vpclmulqdq, avx512_vaes, avx512_vnni, clflush, clflushopt, clwb, avx512_vbmi2, avx512_vbmi, hv
Processor Information for processor 0
  Max Mhz: 2496, Current Mhz: 998, Mhz Limit: 2496
Processor Information for processor 1
  Max Mhz: 2496, Current Mhz: 2496, Mhz Limit: 2496
Processor Information for processor 2
  Max Mhz: 2496, Current Mhz: 998, Mhz Limit: 2496
Processor Information for processor 3
  Max Mhz: 2496, Current Mhz: 2496, Mhz Limit: 2496
Processor Information for processor 4
  Max Mhz: 2496, Current Mhz: 998, Mhz Limit: 2496
Processor Information for processor 5
  Max Mhz: 2496, Current Mhz: 998, Mhz Limit: 2496
Processor Information for processor 6
  Max Mhz: 2496, Current Mhz: 998, Mhz Limit: 2496
Processor Information for processor 7
  Max Mhz: 2496, Current Mhz: 998, Mhz Limit: 2496

Memory: 4k page, system-wide physical 7975M (977M free)
TotalPageFile size 17703M (AvailPageFile size 10244M)
current process WorkingSet (physical memory assigned to process): 481M, peak: 491M
current process commit charge ("private bytes"): 443M, peak: 452M

vm_info: OpenJDK 64-Bit Server VM (17.0.14+7) for windows-amd64 JRE (17.0.14+7), built on Jan 21 2025 23:40:15 by "admin" with MS VC++ 17.7 (VS2022)

END.
