#
# A fatal error has been detected by the Java Runtime Environment:
#
#  EXCEPTION_ACCESS_VIOLATION (0xc0000005) at pc=0x00007ffdd8d0b386, pid=16044, tid=12636
#
# JRE version: OpenJDK Runtime Environment Temurin-17.0.14+7 (17.0.14+7) (build 17.0.14+7)
# Java VM: OpenJDK 64-Bit Server VM Temurin-17.0.14+7 (17.0.14+7, mixed mode, sharing, tiered, compressed oops, compressed class ptrs, g1 gc, windows-amd64)
# Problematic frame:
# C  [igxelpicd64.dll+0x23b386]
#
# No core dump will be written. Minidumps are not enabled by default on client versions of Windows
#
# If you would like to submit a bug report, please visit:
#   https://github.com/adoptium/adoptium-support/issues
#

---------------  S U M M A R Y ------------

Command Line: -agentlib:jdwp=transport=dt_socket,address=8490,server=y,suspend=y,quiet=y -Xms64m -Xmx1024m -Djna.nosys=true -Djava.library.path=;C:\Program Files\Processing\app\resources\core\library;C:\Program Files\Processing;C:\WINDOWS\system32;C:\WINDOWS;C:\Program Files\PlasticSCM5\server;C:\Program Files\PlasticSCM5\client;C:\Program Files\Common Files\Oracle\Java\javapath;C:\Program Files (x86)\Common Files\Oracle\Java\javapath;C:\Windows\System32\HWAudioDriverLibs;C:\Windows\system32;C:\Windows;C:\Windows\System32\Wbem;C:\Windows\System32\WindowsPowerShell\v1.0;C:\Windows\System32\OpenSSH;C:\Program Files\Microsoft SQL Server\150\Tools\Binn;C:\Program Files\Microsoft SQL Server\Client SDK\ODBC\170\Tools\Binn;C:\Program Files\dotnet;D:\Windows Kits\10\Windows Performance Toolkit;C:\Program Files\Java\jdk-23\bin;C:\WINDOWS\system32;C:\WINDOWS;C:\WINDOWS\System32\Wbem;C:\WINDOWS\System32\WindowsPowerShell\v1.0;C:\WINDOWS\System32\OpenSSH;C:\Program Files\nodejs;C:\Program Files\Docker\Docker\resources\bin;C:\Program Files\TortoiseGit\bin;C:\Program Files\Git\cmd;C:\Users\danil\AppData\Local\Programs\Python\Python312\Scripts;C:\Users\danil\AppData\Local\Programs\Python\Python312;C:\Users\danil\AppData\Local\Microsoft\WindowsApps;C:\Users\danil\AppData\Local\Programs\Microsoft VS Code\bin;C:\Users\danil\AppData\Roaming\npm;D:\DataBase\18\bin;C:\Program Files\Processing\app;. -ea processing.core.PApplet --editor-location=-7,-7 --external --display=1 --sketch-path=C:\Users\danil\Desktop\Gravity_simul Gravity_simul

Host: 11th Gen Intel(R) Core(TM) i5-1155G7 @ 2.50GHz, 8 cores, 7G,  Windows 11 , 64 bit Build 26100 (10.0.26100.8328)
Time: Sun Jun 28 13:33:24 2026 RTZ 3 (s 11 , 64 bit Build 26100 (10.0.26100.8328) elapsed time: 22.342339 seconds (0d 0h 0m 22s)

---------------  T H R E A D  ---------------

Current thread (0x000001e1c2a5d4f0):  VMThread "VM Thread" [stack: 0x000000ca2ed00000,0x000000ca2ee00000] [id=12636]

Stack: [0x000000ca2ed00000,0x000000ca2ee00000],  sp=0x000000ca2edfe390,  free space=1016k
Native frames: (J=compiled Java code, j=interpreted, Vv=VM code, C=native code)
C  [igxelpicd64.dll+0x23b386]


siginfo: EXCEPTION_ACCESS_VIOLATION (0xc0000005), reading address 0x0000000000035468


Registers:
RAX=0x000001e20a30ab50, RBX=0x000001e208a194d0, RCX=0x0000000000000004, RDX=0x0000000000000000
RSP=0x000000ca2edfe390, RBP=0x0000000000000000, RSI=0x000001e20a30a950, RDI=0x000001e2084709b0
R8 =0x000001e20a30aa50, R9 =0x000000ca2e2f4000, R10=0x0000000000000000, R11=0x0000000000000246
R12=0x000001e20a30a950, R13=0x0000000000000000, R14=0x000001e20a30ae98, R15=0x000001e20a30a380
RIP=0x00007ffdd8d0b386, EFLAGS=0x0000000000010206


Register to memory mapping:

RIP=0x00007ffdd8d0b386 igxelpicd64.dll
RAX=0x000001e20a30ab50 points into unknown readable memory: 0x000000000002963f | 3f 96 02 00 00 00 00 00
RBX=0x000001e208a194d0 points into unknown readable memory: 0xffffffffffffffff | ff ff ff ff ff ff ff ff
RCX=0x0000000000000004 is an unknown value
RDX=0x0 is NULL
RSP=0x000000ca2edfe390 points into unknown readable memory: 0x000001e208a194d0 | d0 94 a1 08 e2 01 00 00
RBP=0x0 is NULL
RSI=0x000001e20a30a950 points into unknown readable memory: 0x000001e208bb0dd0 | d0 0d bb 08 e2 01 00 00
RDI=0x000001e2084709b0 points into unknown readable memory: 0x07010101bf000700 | 00 07 00 bf 01 01 01 07
R8 =0x000001e20a30aa50 points into unknown readable memory: 0x0000000000000000 | 00 00 00 00 00 00 00 00
R9 =0x000000ca2e2f4000 points into unknown readable memory: 0x0000000000000000 | 00 00 00 00 00 00 00 00
R10=0x0 is NULL
R11=0x0000000000000246 is an unknown value
R12=0x000001e20a30a950 points into unknown readable memory: 0x000001e208bb0dd0 | d0 0d bb 08 e2 01 00 00
R13=0x0 is NULL
R14=0x000001e20a30ae98 points into unknown readable memory: 0x000001e20a30a380 | 80 a3 30 0a e2 01 00 00
R15=0x000001e20a30a380 points into unknown readable memory: 0x000001e208bb0dd0 | d0 0d bb 08 e2 01 00 00


Top of Stack: (sp=0x000000ca2edfe390)
0x000000ca2edfe390:   000001e208a194d0 00007ffdd8b40ab4
0x000000ca2edfe3a0:   0000000000000000 000001e20a6a60e0
0x000000ca2edfe3b0:   0000001600000000 0000000000000000
0x000000ca2edfe3c0:   000001e200000000 000001e20a6a22c0
0x000000ca2edfe3d0:   000001e208a194d0 000001e20a665d40
0x000000ca2edfe3e0:   000001e20cc00504 000001e20c8d9000
0x000000ca2edfe3f0:   034d31c9036f8800 000001e20a6a66e0
0x000000ca2edfe400:   039f35ca00b723ca 00007000196fe000
0x000000ca2edfe410:   024d47cb033837cb 005649cc0385f7cb
0x000000ca2edfe420:   039807cd00000000 0283bacd036711cd
0x000000ca2edfe430:   01ba0ad00165f3cf 039189d0036f30d0
0x000000ca2edfe440:   01e4f6d0036ac6d0 0347fdd1037086d1
0x000000ca2edfe450:   0364afd2038d2bd2 039f30d30377c8d2
0x000000ca2edfe460:   0000000000000000 0000000000000000
0x000000ca2edfe470:   0266720000000000 00007ffe8d905b54
0x000000ca2edfe480:   0000000000000000 0000000000000000
0x000000ca2edfe490:   000000ca2edfe630 00007ffe8b771259
0x000000ca2edfe4a0:   000000ca2edfe528 0000000000000000
0x000000ca2edfe4b0:   0000000000000054 0000000000000000
0x000000ca2edfe4c0:   0000000000000000 00007ffe8d905cc4
0x000000ca2edfe4d0:   000000007a000004 037086e002fd6ce0
0x000000ca2edfe4e0:   0000cc19ba780c3c 001040007a000004
0x000000ca2edfe4f0:   000001e20a69a978 0000000000029a65
0x000000ca2edfe500:   0000000000000000 0000000000000016
0x000000ca2edfe510:   0000000000000000 0000000000000000
0x000000ca2edfe520:   000000ca2edfe630 00007ffdd8d382ae
0x000000ca2edfe530:   000001e2084709b0 0000000000000000
0x000000ca2edfe540:   000001e2084709b0 000010027a000004
0x000000ca2edfe550:   000000ca000009e8 0000740400870000
0x000000ca2edfe560:   0000000000000000 027a29ec035699eb
0x000000ca2edfe570:   0000000000000000 000010027a000004
0x000000ca2edfe580:   029f24f002b303f0 0000000000000000 

Instructions: (pc=0x00007ffdd8d0b386)
0x00007ffdd8d0b286:   00 90 4c 8b bf 80 02 00 00 48 8b 05 9a 85 bd 00
0x00007ffdd8d0b296:   8b 80 c8 0a 00 00 89 44 24 24 c6 44 24 20 00 48
0x00007ffdd8d0b2a6:   c7 87 80 02 00 00 00 00 00 00 c7 87 88 02 00 00
0x00007ffdd8d0b2b6:   00 00 00 00 48 c7 87 a0 02 00 00 00 00 00 00 48
0x00007ffdd8d0b2c6:   c7 87 90 02 00 00 00 00 00 00 48 85 ed 75 3d 8b
0x00007ffdd8d0b2d6:   35 0d 77 cd 00 65 48 8b 04 25 58 00 00 00 b9 14
0x00007ffdd8d0b2e6:   00 00 00 48 8b 04 f0 40 38 2c 01 0f 84 c9 e7 75
0x00007ffdd8d0b2f6:   00 65 48 8b 04 25 58 00 00 00 bd 20 00 00 00 48
0x00007ffdd8d0b306:   8b 04 f0 48 8b 2c 28 48 89 6c 24 28 48 3b 2d 07
0x00007ffdd8d0b316:   9b cd 00 0f 84 9b 10 00 00 4d 85 ff 0f 84 3a 01
0x00007ffdd8d0b326:   00 00 0f 1f 84 00 00 00 00 00 49 8b f7 4d 8b e7
0x00007ffdd8d0b336:   4d 8d b7 48 05 00 00 4d 8b 3e 45 84 ed 0f 85 d9
0x00007ffdd8d0b346:   0e 00 00 8b 8f d0 01 00 00 48 8b 05 da 84 bd 00
0x00007ffdd8d0b356:   83 b8 64 03 00 00 02 75 34 4d 8d 84 24 00 01 00
0x00007ffdd8d0b366:   00 83 f9 10 0f 83 3a 01 00 00 8b c1 48 c1 e0 06
0x00007ffdd8d0b376:   49 03 c0 48 85 c0 0f 84 9b 01 00 00 48 8b 50 08
0x00007ffdd8d0b386:   48 3b 95 68 54 03 00 0f 87 b6 0e 00 00 48 83 be
0x00007ffdd8d0b396:   c0 05 00 00 00 0f 85 50 e7 75 00 44 8b 8f d0 01
0x00007ffdd8d0b3a6:   00 00 48 8b 87 e8 01 00 00 4c 8b 00 8b 8f d0 01
0x00007ffdd8d0b3b6:   00 00 48 8d 9e 00 01 00 00 83 f9 10 0f 83 1e 01
0x00007ffdd8d0b3c6:   00 00 8b c1 48 c1 e0 06 48 03 c3 48 85 c0 0f 84
0x00007ffdd8d0b3d6:   4a 01 00 00 4c 39 40 08 0f 86 40 01 00 00 48 8b
0x00007ffdd8d0b3e6:   87 80 02 00 00 49 89 06 48 89 b7 80 02 00 00 ff
0x00007ffdd8d0b3f6:   87 88 02 00 00 48 8b 4e 08 48 8b 01 ba 01 00 00
0x00007ffdd8d0b406:   00 48 8b 80 e0 02 00 00 ff 15 f4 c1 88 00 0f b7
0x00007ffdd8d0b416:   c8 48 2b c1 48 05 00 00 01 00 48 01 87 90 02 00
0x00007ffdd8d0b426:   00 48 8b 4e 08 48 8b 01 ba 01 00 00 00 48 8b 80
0x00007ffdd8d0b436:   e0 02 00 00 ff 15 c8 c1 88 00 48 01 87 a0 02 00
0x00007ffdd8d0b446:   00 0f b6 54 24 20 4d 85 ff 0f 85 db fe ff ff 84
0x00007ffdd8d0b456:   d2 0f 85 37 0f 00 00 48 8b 5c 24 40 48 8b cf 80
0x00007ffdd8d0b466:   7c 24 22 00 0f 85 40 0f 00 00 e8 3b f9 ff ff 90
0x00007ffdd8d0b476:   48 8b cb ff 15 99 bc 88 00 48 8b 8c 24 50 01 00 


Stack slot to memory mapping:
stack at sp + 0 slots: 0x000001e208a194d0 points into unknown readable memory: 0xffffffffffffffff | ff ff ff ff ff ff ff ff
stack at sp + 1 slots: 0x00007ffdd8b40ab4 igxelpicd64.dll
stack at sp + 2 slots: 0x0 is NULL
stack at sp + 3 slots: 0x000001e20a6a60e0 points into unknown readable memory: 0x0000000000000d0b | 0b 0d 00 00 00 00 00 00
stack at sp + 4 slots: 0x0000001600000000 is an unknown value
stack at sp + 5 slots: 0x0 is NULL
stack at sp + 6 slots: 0x000001e200000000 is an unknown value
stack at sp + 7 slots: 0x000001e20a6a22c0 points into unknown readable memory: 0x000001e20a6a22d0 | d0 22 6a 0a e2 01 00 00

VM_Operation (0x000000ca30efe9f0): Exit, mode: safepoint, requested by thread 0x000001e20a27f880


---------------  P R O C E S S  ---------------

Threads class SMR info:
_java_thread_list=0x000001e2099c18a0, length=39, elements={
0x000001e1c2a634b0, 0x000001e1c2a67e10, 0x000001e1c2a7ea40, 0x000001e1c2a7f310,
0x000001e1c2a82b60, 0x000001e1c2a83fa0, 0x000001e1c2a85710, 0x000001e1c2a86c40,
0x000001e1c2aa1120, 0x000001e2080d5f40, 0x000001e2080e0c20, 0x000001e2080e3320,
0x000001e2080e5b30, 0x000001e2080f10a0, 0x000001e2083fea00, 0x000001e209e5cf60,
0x000001e20a27f880, 0x000001e20a27c270, 0x000001e20a27b850, 0x000001e20a27bd60,
0x000001e20a27a920, 0x000001e20a27b340, 0x000001e20a27ae30, 0x000001e21773b210,
0x000001e21773d580, 0x000001e21773b720, 0x000001e21773bc30, 0x000001e21773ad00,
0x000001e21773c140, 0x000001e21773c650, 0x000001e21773cb60, 0x000001e21773d070,
0x000001e21773da90, 0x000001e21773a2e0, 0x000001e21773dfa0, 0x000001e21773a7f0,
0x000001e217741240, 0x000001e217740820, 0x000001e217741750
}

Java Threads: ( => current thread )
  0x000001e1c2a634b0 JavaThread "Reference Handler" daemon [_thread_blocked, id=8716, stack(0x000000ca2ee00000,0x000000ca2ef00000)]
  0x000001e1c2a67e10 JavaThread "Finalizer" daemon [_thread_blocked, id=17680, stack(0x000000ca2ef00000,0x000000ca2f000000)]
  0x000001e1c2a7ea40 JavaThread "Signal Dispatcher" daemon [_thread_blocked, id=11376, stack(0x000000ca2f000000,0x000000ca2f100000)]
  0x000001e1c2a7f310 JavaThread "Attach Listener" daemon [_thread_blocked, id=6980, stack(0x000000ca2f100000,0x000000ca2f200000)]
  0x000001e1c2a82b60 JavaThread "Service Thread" daemon [_thread_blocked, id=2236, stack(0x000000ca2f200000,0x000000ca2f300000)]
  0x000001e1c2a83fa0 JavaThread "Monitor Deflation Thread" daemon [_thread_blocked, id=1832, stack(0x000000ca2f300000,0x000000ca2f400000)]
  0x000001e1c2a85710 JavaThread "C2 CompilerThread0" daemon [_thread_blocked, id=15664, stack(0x000000ca2f400000,0x000000ca2f500000)]
  0x000001e1c2a86c40 JavaThread "C1 CompilerThread0" daemon [_thread_blocked, id=12428, stack(0x000000ca2f500000,0x000000ca2f600000)]
  0x000001e1c2aa1120 JavaThread "Sweeper thread" daemon [_thread_blocked, id=15616, stack(0x000000ca2f600000,0x000000ca2f700000)]
  0x000001e2080d5f40 JavaThread "JDWP Transport Listener: dt_socket" daemon [_thread_blocked, id=18724, stack(0x000000ca2f700000,0x000000ca2f800000)]
  0x000001e2080e0c20 JavaThread "JDWP Event Helper Thread" daemon [_thread_blocked, id=11352, stack(0x000000ca2f800000,0x000000ca2f900000)]
  0x000001e2080e3320 JavaThread "JDWP Command Reader" daemon [_thread_blocked, id=6732, stack(0x000000ca2f900000,0x000000ca2fa00000)]
  0x000001e2080e5b30 JavaThread "Notification Thread" daemon [_thread_blocked, id=15548, stack(0x000000ca2fa00000,0x000000ca2fb00000)]
  0x000001e2080f10a0 JavaThread "Common-Cleaner" daemon [_thread_blocked, id=8964, stack(0x000000ca2fc00000,0x000000ca2fd00000)]
  0x000001e2083fea00 JavaThread "Java2D Disposer" daemon [_thread_blocked, id=17160, stack(0x000000ca2fd00000,0x000000ca2fe00000)]
  0x000001e209e5cf60 JavaThread "HighResTimerThread" daemon [_thread_blocked, id=4876, stack(0x000000ca30c00000,0x000000ca30d00000)]
  0x000001e20a27f880 JavaThread "main-FPSAWTAnimator#00-Timer0" [_thread_blocked, id=4436, stack(0x000000ca30e00000,0x000000ca30f00000)]
  0x000001e20a27c270 JavaThread "DestroyJavaVM" [_thread_blocked, id=17144, stack(0x000000ca2e700000,0x000000ca2e800000)]
  0x000001e20a27b850 JavaThread "pool-1-thread-1" [_thread_blocked, id=18368, stack(0x000000ca31200000,0x000000ca31300000)]
  0x000001e20a27bd60 JavaThread "pool-1-thread-2" [_thread_blocked, id=2412, stack(0x000000ca31300000,0x000000ca31400000)]
  0x000001e20a27a920 JavaThread "pool-1-thread-3" [_thread_blocked, id=12752, stack(0x000000ca31400000,0x000000ca31500000)]
  0x000001e20a27b340 JavaThread "pool-1-thread-4" [_thread_blocked, id=10408, stack(0x000000ca31500000,0x000000ca31600000)]
  0x000001e20a27ae30 JavaThread "pool-1-thread-5" [_thread_blocked, id=12516, stack(0x000000ca31600000,0x000000ca31700000)]
  0x000001e21773b210 JavaThread "pool-1-thread-6" [_thread_blocked, id=6432, stack(0x000000ca31700000,0x000000ca31800000)]
  0x000001e21773d580 JavaThread "pool-1-thread-7" [_thread_blocked, id=9680, stack(0x000000ca31800000,0x000000ca31900000)]
  0x000001e21773b720 JavaThread "pool-1-thread-8" [_thread_blocked, id=3088, stack(0x000000ca31900000,0x000000ca31a00000)]
  0x000001e21773bc30 JavaThread "pool-1-thread-9" [_thread_blocked, id=2912, stack(0x000000ca31a00000,0x000000ca31b00000)]
  0x000001e21773ad00 JavaThread "pool-1-thread-10" [_thread_blocked, id=8656, stack(0x000000ca31b00000,0x000000ca31c00000)]
  0x000001e21773c140 JavaThread "pool-1-thread-11" [_thread_blocked, id=17956, stack(0x000000ca31c00000,0x000000ca31d00000)]
  0x000001e21773c650 JavaThread "pool-1-thread-12" [_thread_blocked, id=17436, stack(0x000000ca31d00000,0x000000ca31e00000)]
  0x000001e21773cb60 JavaThread "pool-1-thread-13" [_thread_blocked, id=19256, stack(0x000000ca31e00000,0x000000ca31f00000)]
  0x000001e21773d070 JavaThread "pool-1-thread-14" [_thread_blocked, id=4780, stack(0x000000ca31f00000,0x000000ca32000000)]
  0x000001e21773da90 JavaThread "pool-1-thread-15" [_thread_blocked, id=16932, stack(0x000000ca32000000,0x000000ca32100000)]
  0x000001e21773a2e0 JavaThread "pool-1-thread-16" [_thread_blocked, id=18460, stack(0x000000ca32100000,0x000000ca32200000)]
  0x000001e21773dfa0 JavaThread "pool-1-thread-17" [_thread_blocked, id=18340, stack(0x000000ca32200000,0x000000ca32300000)]
  0x000001e21773a7f0 JavaThread "pool-1-thread-18" [_thread_blocked, id=15156, stack(0x000000ca32300000,0x000000ca32400000)]
  0x000001e217741240 JavaThread "pool-1-thread-19" [_thread_blocked, id=12584, stack(0x000000ca32400000,0x000000ca32500000)]
  0x000001e217740820 JavaThread "pool-1-thread-20" [_thread_blocked, id=5324, stack(0x000000ca32500000,0x000000ca32600000)]
  0x000001e217741750 JavaThread "AWT-Shutdown" [_thread_blocked, id=5032, stack(0x000000ca30d00000,0x000000ca30e00000)]

Other Threads:
=>0x000001e1c2a5d4f0 VMThread "VM Thread" [stack: 0x000000ca2ed00000,0x000000ca2ee00000] [id=12636]
  0x000001e1a6c7d160 GCTaskThread "GC Thread#0" [stack: 0x000000ca2e800000,0x000000ca2e900000] [id=6316]
  0x000001e208a9f7f0 GCTaskThread "GC Thread#1" [stack: 0x000000ca30500000,0x000000ca30600000] [id=15808]
  0x000001e208a9fab0 GCTaskThread "GC Thread#2" [stack: 0x000000ca30600000,0x000000ca30700000] [id=9808]
  0x000001e208a9fd70 GCTaskThread "GC Thread#3" [stack: 0x000000ca30700000,0x000000ca30800000] [id=19172]
  0x000001e208aa0030 GCTaskThread "GC Thread#4" [stack: 0x000000ca30800000,0x000000ca30900000] [id=10176]
  0x000001e208aa02f0 GCTaskThread "GC Thread#5" [stack: 0x000000ca30900000,0x000000ca30a00000] [id=13828]
  0x000001e209b81150 GCTaskThread "GC Thread#6" [stack: 0x000000ca30a00000,0x000000ca30b00000] [id=11712]
  0x000001e209b85420 GCTaskThread "GC Thread#7" [stack: 0x000000ca30b00000,0x000000ca30c00000] [id=6736]
  0x000001e1a6c86fe0 ConcurrentGCThread "G1 Main Marker" terminated
  0x000001e1a6c885e0 ConcurrentGCThread "G1 Conc#0" [stack: 0x000000ca2ea00000,0x000000ca2eb00000] [id=16004]
  0x000001e20a404c30 ConcurrentGCThread "G1 Conc#1" [stack: 0x000000ca32800000,0x000000ca32900000] [id=3864]
  0x000001e1a6cdfb90 ConcurrentGCThread "G1 Refine#0" terminated
  0x000001e20a1aff50 ConcurrentGCThread "G1 Refine#1" terminated
  0x000001e21758c600 ConcurrentGCThread "G1 Refine#2" terminated
  0x000001e1a6ce04d0 ConcurrentGCThread "G1 Service" terminated

Threads with active compile tasks:

VM state: at safepoint (shutting down)

VM Mutex/Monitor currently owned by a thread:  ([mutex/lock_event])
[0x000001e1a6c38170] Threads_lock - owner thread: 0x000001e1c2a5d4f0
[0x000001e1a6c38950] Heap_lock - owner thread: 0x000001e20a27f880

Heap address: 0x00000000c0000000, size: 1024 MB, Compressed Oops mode: 32-bit

CDS archive(s) mapped at: [0x000001e1c3000000-0x000001e1c3bb0000-0x000001e1c3bb0000), size 12255232, SharedBaseAddress: 0x000001e1c3000000, ArchiveRelocationMode: 1.
Compressed class space mapped at: 0x000001e1c4000000-0x000001e204000000, reserved size: 1073741824
Narrow klass base: 0x000001e1c3000000, Narrow klass shift: 0, Narrow klass range: 0x100000000

GC Precious Log:
 CPUs: 8 total, 8 available
 Memory: 7975M
 Large Page Support: Disabled
 NUMA Support: Disabled
 Compressed Oops: Enabled (32-bit)
 Heap Region Size: 1M
 Heap Min Capacity: 64M
 Heap Initial Capacity: 64M
 Heap Max Capacity: 1G
 Pre-touch: Disabled
 Parallel Workers: 8
 Concurrent Workers: 2
 Concurrent Refinement Workers: 8
 Periodic GC: Disabled

Heap:
 garbage-first heap   total 177152K, used 94012K [0x00000000c0000000, 0x0000000100000000)
  region size 1024K, 12 young (12288K), 3 survivors (3072K)
 Metaspace       used 13139K, committed 13312K, reserved 1114112K
  class space    used 918K, committed 1024K, reserved 1048576K

Heap Regions: E=young(eden), S=young(survivor), O=old, HS=humongous(starts), HC=humongous(continues), CS=collection set, F=free, OA=open archive, CA=closed archive, TAMS=top-at-mark-start (previous, next)
|   0|0x00000000c0000000, 0x00000000c0100000, 0x00000000c0100000|100%| O|  |TAMS 0x00000000c0100000, 0x00000000c0000000| Untracked 
|   1|0x00000000c0100000, 0x00000000c0200000, 0x00000000c0200000|100%| O|  |TAMS 0x00000000c0200000, 0x00000000c0100000| Untracked 
|   2|0x00000000c0200000, 0x00000000c0300000, 0x00000000c0300000|100%| O|  |TAMS 0x00000000c0300000, 0x00000000c0200000| Untracked 
|   3|0x00000000c0300000, 0x00000000c0400000, 0x00000000c0400000|100%| O|  |TAMS 0x00000000c0400000, 0x00000000c0300000| Untracked 
|   4|0x00000000c0400000, 0x00000000c0500000, 0x00000000c0500000|100%| O|  |TAMS 0x00000000c0500000, 0x00000000c0400000| Untracked 
|   5|0x00000000c0500000, 0x00000000c0600000, 0x00000000c0600000|100%| O|  |TAMS 0x00000000c0600000, 0x00000000c0500000| Untracked 
|   6|0x00000000c0600000, 0x00000000c0700000, 0x00000000c0700000|100%| O|  |TAMS 0x00000000c0700000, 0x00000000c0600000| Untracked 
|   7|0x00000000c0700000, 0x00000000c070fc00, 0x00000000c0800000|  6%| O|  |TAMS 0x00000000c070f200, 0x00000000c0700000| Untracked 
|   8|0x00000000c0800000, 0x00000000c0800000, 0x00000000c0900000|  0%| F|  |TAMS 0x00000000c0800000, 0x00000000c0800000| Untracked 
|   9|0x00000000c0900000, 0x00000000c0a00000, 0x00000000c0a00000|100%| O|  |TAMS 0x00000000c0a00000, 0x00000000c0900000| Untracked 
|  10|0x00000000c0a00000, 0x00000000c0b00000, 0x00000000c0b00000|100%|HS|  |TAMS 0x00000000c0b00000, 0x00000000c0a00000| Complete 
|  11|0x00000000c0b00000, 0x00000000c0c00000, 0x00000000c0c00000|100%|HC|  |TAMS 0x00000000c0c00000, 0x00000000c0b00000| Complete 
|  12|0x00000000c0c00000, 0x00000000c0d00000, 0x00000000c0d00000|100%|HC|  |TAMS 0x00000000c0d00000, 0x00000000c0c00000| Complete 
|  13|0x00000000c0d00000, 0x00000000c0e00000, 0x00000000c0e00000|100%|HC|  |TAMS 0x00000000c0e00000, 0x00000000c0d00000| Complete 
|  14|0x00000000c0e00000, 0x00000000c0f00000, 0x00000000c0f00000|100%|HC|  |TAMS 0x00000000c0f00000, 0x00000000c0e00000| Complete 
|  15|0x00000000c0f00000, 0x00000000c1000000, 0x00000000c1000000|100%|HC|  |TAMS 0x00000000c1000000, 0x00000000c0f00000| Complete 
|  16|0x00000000c1000000, 0x00000000c1100000, 0x00000000c1100000|100%|HC|  |TAMS 0x00000000c1100000, 0x00000000c1000000| Complete 
|  17|0x00000000c1100000, 0x00000000c1200000, 0x00000000c1200000|100%|HC|  |TAMS 0x00000000c1200000, 0x00000000c1100000| Complete 
|  18|0x00000000c1200000, 0x00000000c1300000, 0x00000000c1300000|100%|HC|  |TAMS 0x00000000c1300000, 0x00000000c1200000| Complete 
|  19|0x00000000c1300000, 0x00000000c1400000, 0x00000000c1400000|100%|HC|  |TAMS 0x00000000c1400000, 0x00000000c1300000| Complete 
|  20|0x00000000c1400000, 0x00000000c1500000, 0x00000000c1500000|100%|HC|  |TAMS 0x00000000c1500000, 0x00000000c1400000| Complete 
|  21|0x00000000c1500000, 0x00000000c1600000, 0x00000000c1600000|100%|HC|  |TAMS 0x00000000c1600000, 0x00000000c1500000| Complete 
|  22|0x00000000c1600000, 0x00000000c1700000, 0x00000000c1700000|100%|HC|  |TAMS 0x00000000c1700000, 0x00000000c1600000| Complete 
|  23|0x00000000c1700000, 0x00000000c1800000, 0x00000000c1800000|100%|HC|  |TAMS 0x00000000c1800000, 0x00000000c1700000| Complete 
|  24|0x00000000c1800000, 0x00000000c1900000, 0x00000000c1900000|100%|HC|  |TAMS 0x00000000c1900000, 0x00000000c1800000| Complete 
|  25|0x00000000c1900000, 0x00000000c1a00000, 0x00000000c1a00000|100%|HC|  |TAMS 0x00000000c1a00000, 0x00000000c1900000| Complete 
|  26|0x00000000c1a00000, 0x00000000c1b00000, 0x00000000c1b00000|100%|HC|  |TAMS 0x00000000c1b00000, 0x00000000c1a00000| Complete 
|  27|0x00000000c1b00000, 0x00000000c1c00000, 0x00000000c1c00000|100%| O|  |TAMS 0x00000000c1c00000, 0x00000000c1b00000| Untracked 
|  28|0x00000000c1c00000, 0x00000000c1d00000, 0x00000000c1d00000|100%|HS|  |TAMS 0x00000000c1d00000, 0x00000000c1c00000| Complete 
|  29|0x00000000c1d00000, 0x00000000c1e00000, 0x00000000c1e00000|100%|HC|  |TAMS 0x00000000c1e00000, 0x00000000c1d00000| Complete 
|  30|0x00000000c1e00000, 0x00000000c1f00000, 0x00000000c1f00000|100%|HC|  |TAMS 0x00000000c1f00000, 0x00000000c1e00000| Complete 
|  31|0x00000000c1f00000, 0x00000000c2000000, 0x00000000c2000000|100%|HC|  |TAMS 0x00000000c2000000, 0x00000000c1f00000| Complete 
|  32|0x00000000c2000000, 0x00000000c2100000, 0x00000000c2100000|100%|HC|  |TAMS 0x00000000c2100000, 0x00000000c2000000| Complete 
|  33|0x00000000c2100000, 0x00000000c2200000, 0x00000000c2200000|100%| O|  |TAMS 0x00000000c2200000, 0x00000000c2100000| Untracked 
|  34|0x00000000c2200000, 0x00000000c2300000, 0x00000000c2300000|100%| O|  |TAMS 0x00000000c2300000, 0x00000000c2200000| Untracked 
|  35|0x00000000c2300000, 0x00000000c2400000, 0x00000000c2400000|100%| O|  |TAMS 0x00000000c2400000, 0x00000000c2300000| Untracked 
|  36|0x00000000c2400000, 0x00000000c2500000, 0x00000000c2500000|100%|HS|  |TAMS 0x00000000c2500000, 0x00000000c2400000| Complete 
|  37|0x00000000c2500000, 0x00000000c2600000, 0x00000000c2600000|100%|HC|  |TAMS 0x00000000c2600000, 0x00000000c2500000| Complete 
|  38|0x00000000c2600000, 0x00000000c2700000, 0x00000000c2700000|100%|HC|  |TAMS 0x00000000c2700000, 0x00000000c2600000| Complete 
|  39|0x00000000c2700000, 0x00000000c2800000, 0x00000000c2800000|100%|HC|  |TAMS 0x00000000c2800000, 0x00000000c2700000| Complete 
|  40|0x00000000c2800000, 0x00000000c2900000, 0x00000000c2900000|100%|HC|  |TAMS 0x00000000c2900000, 0x00000000c2800000| Complete 
|  41|0x00000000c2900000, 0x00000000c2a00000, 0x00000000c2a00000|100%|HC|  |TAMS 0x00000000c2a00000, 0x00000000c2900000| Complete 
|  42|0x00000000c2a00000, 0x00000000c2b00000, 0x00000000c2b00000|100%|HC|  |TAMS 0x00000000c2b00000, 0x00000000c2a00000| Complete 
|  43|0x00000000c2b00000, 0x00000000c2c00000, 0x00000000c2c00000|100%|HC|  |TAMS 0x00000000c2c00000, 0x00000000c2b00000| Complete 
|  44|0x00000000c2c00000, 0x00000000c2d00000, 0x00000000c2d00000|100%|HC|  |TAMS 0x00000000c2d00000, 0x00000000c2c00000| Complete 
|  45|0x00000000c2d00000, 0x00000000c2e00000, 0x00000000c2e00000|100%|HC|  |TAMS 0x00000000c2e00000, 0x00000000c2d00000| Complete 
|  46|0x00000000c2e00000, 0x00000000c2f00000, 0x00000000c2f00000|100%|HC|  |TAMS 0x00000000c2f00000, 0x00000000c2e00000| Complete 
|  47|0x00000000c2f00000, 0x00000000c3000000, 0x00000000c3000000|100%|HC|  |TAMS 0x00000000c3000000, 0x00000000c2f00000| Complete 
|  48|0x00000000c3000000, 0x00000000c3100000, 0x00000000c3100000|100%|HC|  |TAMS 0x00000000c3100000, 0x00000000c3000000| Complete 
|  49|0x00000000c3100000, 0x00000000c3200000, 0x00000000c3200000|100%|HS|  |TAMS 0x00000000c3200000, 0x00000000c3100000| Complete 
|  50|0x00000000c3200000, 0x00000000c3300000, 0x00000000c3300000|100%|HC|  |TAMS 0x00000000c3300000, 0x00000000c3200000| Complete 
|  51|0x00000000c3300000, 0x00000000c3400000, 0x00000000c3400000|100%|HC|  |TAMS 0x00000000c3400000, 0x00000000c3300000| Complete 
|  52|0x00000000c3400000, 0x00000000c3500000, 0x00000000c3500000|100%|HC|  |TAMS 0x00000000c3500000, 0x00000000c3400000| Complete 
|  53|0x00000000c3500000, 0x00000000c3600000, 0x00000000c3600000|100%|HC|  |TAMS 0x00000000c3600000, 0x00000000c3500000| Complete 
|  54|0x00000000c3600000, 0x00000000c3700000, 0x00000000c3700000|100%|HC|  |TAMS 0x00000000c3700000, 0x00000000c3600000| Complete 
|  55|0x00000000c3700000, 0x00000000c3800000, 0x00000000c3800000|100%|HC|  |TAMS 0x00000000c3800000, 0x00000000c3700000| Complete 
|  56|0x00000000c3800000, 0x00000000c3900000, 0x00000000c3900000|100%|HC|  |TAMS 0x00000000c3900000, 0x00000000c3800000| Complete 
|  57|0x00000000c3900000, 0x00000000c3a00000, 0x00000000c3a00000|100%|HC|  |TAMS 0x00000000c3a00000, 0x00000000c3900000| Complete 
|  58|0x00000000c3a00000, 0x00000000c3b00000, 0x00000000c3b00000|100%|HS|  |TAMS 0x00000000c3b00000, 0x00000000c3a00000| Complete 
|  59|0x00000000c3b00000, 0x00000000c3c00000, 0x00000000c3c00000|100%|HC|  |TAMS 0x00000000c3c00000, 0x00000000c3b00000| Complete 
|  60|0x00000000c3c00000, 0x00000000c3d00000, 0x00000000c3d00000|100%|HC|  |TAMS 0x00000000c3d00000, 0x00000000c3c00000| Complete 
|  61|0x00000000c3d00000, 0x00000000c3e00000, 0x00000000c3e00000|100%|HC|  |TAMS 0x00000000c3e00000, 0x00000000c3d00000| Complete 
|  62|0x00000000c3e00000, 0x00000000c3f00000, 0x00000000c3f00000|100%|HC|  |TAMS 0x00000000c3f00000, 0x00000000c3e00000| Complete 
|  63|0x00000000c3f00000, 0x00000000c3f00000, 0x00000000c4000000|  0%| F|  |TAMS 0x00000000c3f00000, 0x00000000c3f00000| Untracked 
|  64|0x00000000c4000000, 0x00000000c4100000, 0x00000000c4100000|100%|HS|  |TAMS 0x00000000c4100000, 0x00000000c4000000| Complete 
|  65|0x00000000c4100000, 0x00000000c4200000, 0x00000000c4200000|100%|HC|  |TAMS 0x00000000c4200000, 0x00000000c4100000| Complete 
|  66|0x00000000c4200000, 0x00000000c4300000, 0x00000000c4300000|100%|HC|  |TAMS 0x00000000c4300000, 0x00000000c4200000| Complete 
|  67|0x00000000c4300000, 0x00000000c4400000, 0x00000000c4400000|100%|HC|  |TAMS 0x00000000c4400000, 0x00000000c4300000| Complete 
|  68|0x00000000c4400000, 0x00000000c4500000, 0x00000000c4500000|100%|HC|  |TAMS 0x00000000c4500000, 0x00000000c4400000| Complete 
|  69|0x00000000c4500000, 0x00000000c4600000, 0x00000000c4600000|100%|HS|  |TAMS 0x00000000c4600000, 0x00000000c4500000| Complete 
|  70|0x00000000c4600000, 0x00000000c4700000, 0x00000000c4700000|100%|HC|  |TAMS 0x00000000c4700000, 0x00000000c4600000| Complete 
|  71|0x00000000c4700000, 0x00000000c4800000, 0x00000000c4800000|100%|HC|  |TAMS 0x00000000c4800000, 0x00000000c4700000| Complete 
|  72|0x00000000c4800000, 0x00000000c4900000, 0x00000000c4900000|100%|HC|  |TAMS 0x00000000c4900000, 0x00000000c4800000| Complete 
|  73|0x00000000c4900000, 0x00000000c4a00000, 0x00000000c4a00000|100%|HC|  |TAMS 0x00000000c4a00000, 0x00000000c4900000| Complete 
|  74|0x00000000c4a00000, 0x00000000c4b00000, 0x00000000c4b00000|100%|HS|  |TAMS 0x00000000c4b00000, 0x00000000c4a00000| Complete 
|  75|0x00000000c4b00000, 0x00000000c4c00000, 0x00000000c4c00000|100%|HC|  |TAMS 0x00000000c4c00000, 0x00000000c4b00000| Complete 
|  76|0x00000000c4c00000, 0x00000000c4d00000, 0x00000000c4d00000|100%|HC|  |TAMS 0x00000000c4d00000, 0x00000000c4c00000| Complete 
|  77|0x00000000c4d00000, 0x00000000c4e00000, 0x00000000c4e00000|100%|HC|  |TAMS 0x00000000c4e00000, 0x00000000c4d00000| Complete 
|  78|0x00000000c4e00000, 0x00000000c4f00000, 0x00000000c4f00000|100%|HC|  |TAMS 0x00000000c4f00000, 0x00000000c4e00000| Complete 
|  79|0x00000000c4f00000, 0x00000000c5000000, 0x00000000c5000000|100%|HS|  |TAMS 0x00000000c5000000, 0x00000000c4f00000| Complete 
|  80|0x00000000c5000000, 0x00000000c5100000, 0x00000000c5100000|100%|HC|  |TAMS 0x00000000c5100000, 0x00000000c5000000| Complete 
|  81|0x00000000c5100000, 0x00000000c5200000, 0x00000000c5200000|100%|HC|  |TAMS 0x00000000c5200000, 0x00000000c5100000| Complete 
|  82|0x00000000c5200000, 0x00000000c5300000, 0x00000000c5300000|100%|HC|  |TAMS 0x00000000c5300000, 0x00000000c5200000| Complete 
|  83|0x00000000c5300000, 0x00000000c5400000, 0x00000000c5400000|100%|HC|  |TAMS 0x00000000c5400000, 0x00000000c5300000| Complete 
|  84|0x00000000c5400000, 0x00000000c5400000, 0x00000000c5500000|  0%| F|  |TAMS 0x00000000c5400000, 0x00000000c5400000| Untracked 
|  85|0x00000000c5500000, 0x00000000c5500000, 0x00000000c5600000|  0%| F|  |TAMS 0x00000000c5500000, 0x00000000c5500000| Untracked 
|  86|0x00000000c5600000, 0x00000000c5600000, 0x00000000c5700000|  0%| F|  |TAMS 0x00000000c5600000, 0x00000000c5600000| Untracked 
|  87|0x00000000c5700000, 0x00000000c5700000, 0x00000000c5800000|  0%| F|  |TAMS 0x00000000c5700000, 0x00000000c5700000| Untracked 
|  88|0x00000000c5800000, 0x00000000c5800000, 0x00000000c5900000|  0%| F|  |TAMS 0x00000000c5800000, 0x00000000c5800000| Untracked 
|  89|0x00000000c5900000, 0x00000000c5900000, 0x00000000c5a00000|  0%| F|  |TAMS 0x00000000c5900000, 0x00000000c5900000| Untracked 
|  90|0x00000000c5a00000, 0x00000000c5a00000, 0x00000000c5b00000|  0%| F|  |TAMS 0x00000000c5a00000, 0x00000000c5a00000| Untracked 
|  91|0x00000000c5b00000, 0x00000000c5b00000, 0x00000000c5c00000|  0%| F|  |TAMS 0x00000000c5b00000, 0x00000000c5b00000| Untracked 
|  92|0x00000000c5c00000, 0x00000000c5c00000, 0x00000000c5d00000|  0%| F|  |TAMS 0x00000000c5c00000, 0x00000000c5c00000| Untracked 
|  93|0x00000000c5d00000, 0x00000000c5d00000, 0x00000000c5e00000|  0%| F|  |TAMS 0x00000000c5d00000, 0x00000000c5d00000| Untracked 
|  94|0x00000000c5e00000, 0x00000000c5e00000, 0x00000000c5f00000|  0%| F|  |TAMS 0x00000000c5e00000, 0x00000000c5e00000| Untracked 
|  95|0x00000000c5f00000, 0x00000000c5f00000, 0x00000000c6000000|  0%| F|  |TAMS 0x00000000c5f00000, 0x00000000c5f00000| Untracked 
|  96|0x00000000c6000000, 0x00000000c6000000, 0x00000000c6100000|  0%| F|  |TAMS 0x00000000c6000000, 0x00000000c6000000| Untracked 
|  97|0x00000000c6100000, 0x00000000c6100000, 0x00000000c6200000|  0%| F|  |TAMS 0x00000000c6100000, 0x00000000c6100000| Untracked 
|  98|0x00000000c6200000, 0x00000000c6200000, 0x00000000c6300000|  0%| F|  |TAMS 0x00000000c6200000, 0x00000000c6200000| Untracked 
|  99|0x00000000c6300000, 0x00000000c6300000, 0x00000000c6400000|  0%| F|  |TAMS 0x00000000c6300000, 0x00000000c6300000| Untracked 
| 100|0x00000000c6400000, 0x00000000c6400000, 0x00000000c6500000|  0%| F|  |TAMS 0x00000000c6400000, 0x00000000c6400000| Untracked 
| 101|0x00000000c6500000, 0x00000000c65bf520, 0x00000000c6600000| 74%| S|CS|TAMS 0x00000000c6500000, 0x00000000c6500000| Complete 
| 102|0x00000000c6600000, 0x00000000c6700000, 0x00000000c6700000|100%| S|CS|TAMS 0x00000000c6600000, 0x00000000c6600000| Complete 
| 103|0x00000000c6700000, 0x00000000c6800000, 0x00000000c6800000|100%| S|CS|TAMS 0x00000000c6700000, 0x00000000c6700000| Complete 
| 104|0x00000000c6800000, 0x00000000c6800000, 0x00000000c6900000|  0%| F|  |TAMS 0x00000000c6800000, 0x00000000c6800000| Untracked 
| 105|0x00000000c6900000, 0x00000000c6900000, 0x00000000c6a00000|  0%| F|  |TAMS 0x00000000c6900000, 0x00000000c6900000| Untracked 
| 106|0x00000000c6a00000, 0x00000000c6a00000, 0x00000000c6b00000|  0%| F|  |TAMS 0x00000000c6a00000, 0x00000000c6a00000| Untracked 
| 107|0x00000000c6b00000, 0x00000000c6b00000, 0x00000000c6c00000|  0%| F|  |TAMS 0x00000000c6b00000, 0x00000000c6b00000| Untracked 
| 108|0x00000000c6c00000, 0x00000000c6c00000, 0x00000000c6d00000|  0%| F|  |TAMS 0x00000000c6c00000, 0x00000000c6c00000| Untracked 
| 109|0x00000000c6d00000, 0x00000000c6d00000, 0x00000000c6e00000|  0%| F|  |TAMS 0x00000000c6d00000, 0x00000000c6d00000| Untracked 
| 110|0x00000000c6e00000, 0x00000000c6e00000, 0x00000000c6f00000|  0%| F|  |TAMS 0x00000000c6e00000, 0x00000000c6e00000| Untracked 
| 111|0x00000000c6f00000, 0x00000000c6f00000, 0x00000000c7000000|  0%| F|  |TAMS 0x00000000c6f00000, 0x00000000c6f00000| Untracked 
| 112|0x00000000c7000000, 0x00000000c7000000, 0x00000000c7100000|  0%| F|  |TAMS 0x00000000c7000000, 0x00000000c7000000| Untracked 
| 113|0x00000000c7100000, 0x00000000c7100000, 0x00000000c7200000|  0%| F|  |TAMS 0x00000000c7100000, 0x00000000c7100000| Untracked 
| 114|0x00000000c7200000, 0x00000000c7200000, 0x00000000c7300000|  0%| F|  |TAMS 0x00000000c7200000, 0x00000000c7200000| Untracked 
| 115|0x00000000c7300000, 0x00000000c7300000, 0x00000000c7400000|  0%| F|  |TAMS 0x00000000c7300000, 0x00000000c7300000| Untracked 
| 116|0x00000000c7400000, 0x00000000c7400000, 0x00000000c7500000|  0%| F|  |TAMS 0x00000000c7400000, 0x00000000c7400000| Untracked 
| 117|0x00000000c7500000, 0x00000000c7500000, 0x00000000c7600000|  0%| F|  |TAMS 0x00000000c7500000, 0x00000000c7500000| Untracked 
| 118|0x00000000c7600000, 0x00000000c7600000, 0x00000000c7700000|  0%| F|  |TAMS 0x00000000c7600000, 0x00000000c7600000| Untracked 
| 119|0x00000000c7700000, 0x00000000c7700000, 0x00000000c7800000|  0%| F|  |TAMS 0x00000000c7700000, 0x00000000c7700000| Untracked 
| 120|0x00000000c7800000, 0x00000000c7800000, 0x00000000c7900000|  0%| F|  |TAMS 0x00000000c7800000, 0x00000000c7800000| Untracked 
| 121|0x00000000c7900000, 0x00000000c7900000, 0x00000000c7a00000|  0%| F|  |TAMS 0x00000000c7900000, 0x00000000c7900000| Untracked 
| 122|0x00000000c7a00000, 0x00000000c7a00000, 0x00000000c7b00000|  0%| F|  |TAMS 0x00000000c7a00000, 0x00000000c7a00000| Untracked 
| 123|0x00000000c7b00000, 0x00000000c7b00000, 0x00000000c7c00000|  0%| F|  |TAMS 0x00000000c7b00000, 0x00000000c7b00000| Untracked 
| 124|0x00000000c7c00000, 0x00000000c7c00000, 0x00000000c7d00000|  0%| F|  |TAMS 0x00000000c7c00000, 0x00000000c7c00000| Untracked 
| 125|0x00000000c7d00000, 0x00000000c7d00000, 0x00000000c7e00000|  0%| F|  |TAMS 0x00000000c7d00000, 0x00000000c7d00000| Untracked 
| 126|0x00000000c7e00000, 0x00000000c7e00000, 0x00000000c7f00000|  0%| F|  |TAMS 0x00000000c7e00000, 0x00000000c7e00000| Untracked 
| 127|0x00000000c7f00000, 0x00000000c7f00000, 0x00000000c8000000|  0%| F|  |TAMS 0x00000000c7f00000, 0x00000000c7f00000| Untracked 
| 128|0x00000000c8000000, 0x00000000c8000000, 0x00000000c8100000|  0%| F|  |TAMS 0x00000000c8000000, 0x00000000c8000000| Untracked 
| 129|0x00000000c8100000, 0x00000000c8100000, 0x00000000c8200000|  0%| F|  |TAMS 0x00000000c8100000, 0x00000000c8100000| Untracked 
| 130|0x00000000c8200000, 0x00000000c8200000, 0x00000000c8300000|  0%| F|  |TAMS 0x00000000c8200000, 0x00000000c8200000| Untracked 
| 131|0x00000000c8300000, 0x00000000c8300000, 0x00000000c8400000|  0%| F|  |TAMS 0x00000000c8300000, 0x00000000c8300000| Untracked 
| 132|0x00000000c8400000, 0x00000000c8400000, 0x00000000c8500000|  0%| F|  |TAMS 0x00000000c8400000, 0x00000000c8400000| Untracked 
| 133|0x00000000c8500000, 0x00000000c8500000, 0x00000000c8600000|  0%| F|  |TAMS 0x00000000c8500000, 0x00000000c8500000| Untracked 
| 134|0x00000000c8600000, 0x00000000c8600000, 0x00000000c8700000|  0%| F|  |TAMS 0x00000000c8600000, 0x00000000c8600000| Untracked 
| 135|0x00000000c8700000, 0x00000000c8700000, 0x00000000c8800000|  0%| F|  |TAMS 0x00000000c8700000, 0x00000000c8700000| Untracked 
| 136|0x00000000c8800000, 0x00000000c8800000, 0x00000000c8900000|  0%| F|  |TAMS 0x00000000c8800000, 0x00000000c8800000| Untracked 
| 137|0x00000000c8900000, 0x00000000c8900000, 0x00000000c8a00000|  0%| F|  |TAMS 0x00000000c8900000, 0x00000000c8900000| Untracked 
| 138|0x00000000c8a00000, 0x00000000c8a00000, 0x00000000c8b00000|  0%| F|  |TAMS 0x00000000c8a00000, 0x00000000c8a00000| Untracked 
| 139|0x00000000c8b00000, 0x00000000c8b00000, 0x00000000c8c00000|  0%| F|  |TAMS 0x00000000c8b00000, 0x00000000c8b00000| Untracked 
| 140|0x00000000c8c00000, 0x00000000c8c00000, 0x00000000c8d00000|  0%| F|  |TAMS 0x00000000c8c00000, 0x00000000c8c00000| Untracked 
| 141|0x00000000c8d00000, 0x00000000c8d00000, 0x00000000c8e00000|  0%| F|  |TAMS 0x00000000c8d00000, 0x00000000c8d00000| Untracked 
| 142|0x00000000c8e00000, 0x00000000c8e00000, 0x00000000c8f00000|  0%| F|  |TAMS 0x00000000c8e00000, 0x00000000c8e00000| Untracked 
| 143|0x00000000c8f00000, 0x00000000c8f00000, 0x00000000c9000000|  0%| F|  |TAMS 0x00000000c8f00000, 0x00000000c8f00000| Untracked 
| 144|0x00000000c9000000, 0x00000000c9000000, 0x00000000c9100000|  0%| F|  |TAMS 0x00000000c9000000, 0x00000000c9000000| Untracked 
| 145|0x00000000c9100000, 0x00000000c9100000, 0x00000000c9200000|  0%| F|  |TAMS 0x00000000c9100000, 0x00000000c9100000| Untracked 
| 146|0x00000000c9200000, 0x00000000c9200000, 0x00000000c9300000|  0%| F|  |TAMS 0x00000000c9200000, 0x00000000c9200000| Untracked 
| 147|0x00000000c9300000, 0x00000000c9300000, 0x00000000c9400000|  0%| F|  |TAMS 0x00000000c9300000, 0x00000000c9300000| Untracked 
| 148|0x00000000c9400000, 0x00000000c9400000, 0x00000000c9500000|  0%| F|  |TAMS 0x00000000c9400000, 0x00000000c9400000| Untracked 
| 149|0x00000000c9500000, 0x00000000c9500000, 0x00000000c9600000|  0%| F|  |TAMS 0x00000000c9500000, 0x00000000c9500000| Untracked 
| 150|0x00000000c9600000, 0x00000000c9600000, 0x00000000c9700000|  0%| F|  |TAMS 0x00000000c9600000, 0x00000000c9600000| Untracked 
| 151|0x00000000c9700000, 0x00000000c9700000, 0x00000000c9800000|  0%| F|  |TAMS 0x00000000c9700000, 0x00000000c9700000| Untracked 
| 152|0x00000000c9800000, 0x00000000c9800000, 0x00000000c9900000|  0%| F|  |TAMS 0x00000000c9800000, 0x00000000c9800000| Untracked 
| 153|0x00000000c9900000, 0x00000000c9900000, 0x00000000c9a00000|  0%| F|  |TAMS 0x00000000c9900000, 0x00000000c9900000| Untracked 
| 154|0x00000000c9a00000, 0x00000000c9a00000, 0x00000000c9b00000|  0%| F|  |TAMS 0x00000000c9a00000, 0x00000000c9a00000| Untracked 
| 155|0x00000000c9b00000, 0x00000000c9b00000, 0x00000000c9c00000|  0%| F|  |TAMS 0x00000000c9b00000, 0x00000000c9b00000| Untracked 
| 156|0x00000000c9c00000, 0x00000000c9c00000, 0x00000000c9d00000|  0%| F|  |TAMS 0x00000000c9c00000, 0x00000000c9c00000| Untracked 
| 157|0x00000000c9d00000, 0x00000000c9d00000, 0x00000000c9e00000|  0%| F|  |TAMS 0x00000000c9d00000, 0x00000000c9d00000| Untracked 
| 158|0x00000000c9e00000, 0x00000000c9e00000, 0x00000000c9f00000|  0%| F|  |TAMS 0x00000000c9e00000, 0x00000000c9e00000| Untracked 
| 159|0x00000000c9f00000, 0x00000000c9f00000, 0x00000000ca000000|  0%| F|  |TAMS 0x00000000c9f00000, 0x00000000c9f00000| Untracked 
| 160|0x00000000ca000000, 0x00000000ca000000, 0x00000000ca100000|  0%| F|  |TAMS 0x00000000ca000000, 0x00000000ca000000| Untracked 
| 161|0x00000000ca100000, 0x00000000ca100000, 0x00000000ca200000|  0%| F|  |TAMS 0x00000000ca100000, 0x00000000ca100000| Untracked 
| 162|0x00000000ca200000, 0x00000000ca200000, 0x00000000ca300000|  0%| F|  |TAMS 0x00000000ca200000, 0x00000000ca200000| Untracked 
| 163|0x00000000ca300000, 0x00000000ca300000, 0x00000000ca400000|  0%| F|  |TAMS 0x00000000ca300000, 0x00000000ca300000| Untracked 
| 164|0x00000000ca400000, 0x00000000ca4147a8, 0x00000000ca500000|  7%| E|  |TAMS 0x00000000ca400000, 0x00000000ca400000| Complete 
| 165|0x00000000ca500000, 0x00000000ca600000, 0x00000000ca600000|100%| E|CS|TAMS 0x00000000ca500000, 0x00000000ca500000| Complete 
| 166|0x00000000ca600000, 0x00000000ca700000, 0x00000000ca700000|100%| E|CS|TAMS 0x00000000ca600000, 0x00000000ca600000| Complete 
| 167|0x00000000ca700000, 0x00000000ca800000, 0x00000000ca800000|100%| E|CS|TAMS 0x00000000ca700000, 0x00000000ca700000| Complete 
| 168|0x00000000ca800000, 0x00000000ca900000, 0x00000000ca900000|100%| E|CS|TAMS 0x00000000ca800000, 0x00000000ca800000| Complete 
| 169|0x00000000ca900000, 0x00000000caa00000, 0x00000000caa00000|100%| E|CS|TAMS 0x00000000ca900000, 0x00000000ca900000| Complete 
| 170|0x00000000caa00000, 0x00000000cab00000, 0x00000000cab00000|100%| E|CS|TAMS 0x00000000caa00000, 0x00000000caa00000| Complete 
| 171|0x00000000cab00000, 0x00000000cac00000, 0x00000000cac00000|100%| E|CS|TAMS 0x00000000cab00000, 0x00000000cab00000| Complete 
| 172|0x00000000cac00000, 0x00000000cad00000, 0x00000000cad00000|100%| E|CS|TAMS 0x00000000cac00000, 0x00000000cac00000| Complete 

Card table byte_map: [0x000001e1bdca0000,0x000001e1bdea0000] _byte_map_base: 0x000001e1bd6a0000

Marking Bits (Prev, Next): (CMBitMap*) 0x000001e1a6c7e6e0, (CMBitMap*) 0x000001e1a6c7e6a0
 Prev Bits: [0x000001e1bf0a0000, 0x000001e1c00a0000)
 Next Bits: [0x000001e1be0a0000, 0x000001e1bf0a0000)

Polling page: 0x000001e1a4af0000

Metaspace:

Usage:
  Non-class:     11.93 MB used.
      Class:    918.72 KB used.
       Both:     12.83 MB used.

Virtual space:
  Non-class space:       64.00 MB reserved,      12.00 MB ( 19%) committed,  1 nodes.
      Class space:        1.00 GB reserved,       1.00 MB ( <1%) committed,  1 nodes.
             Both:        1.06 GB reserved,      13.00 MB (  1%) committed. 

Chunk freelists:
   Non-Class:  3.70 MB
       Class:  14.91 MB
        Both:  18.61 MB

MaxMetaspaceSize: unlimited
CompressedClassSpaceSize: 1.00 GB
Initial GC threshold: 21.00 MB
Current GC threshold: 21.38 MB
CDS: on
MetaspaceReclaimPolicy: balanced
 - commit_granule_bytes: 65536.
 - commit_granule_words: 8192.
 - virtual_space_node_default_size: 8388608.
 - enlarge_chunks_in_place: 1.
 - new_chunks_are_fully_committed: 0.
 - uncommit_free_chunks: 1.
 - use_allocation_guard: 0.
 - handle_deallocations: 1.


Internal statistics:

num_allocs_failed_limit: 0.
num_arena_births: 106.
num_arena_deaths: 0.
num_vsnodes_births: 2.
num_vsnodes_deaths: 0.
num_space_committed: 204.
num_space_uncommitted: 0.
num_chunks_returned_to_freelist: 0.
num_chunks_taken_from_freelist: 391.
num_chunk_merges: 0.
num_chunk_splits: 308.
num_chunks_enlarged: 246.
num_inconsistent_stats: 0.

CodeHeap 'non-profiled nmethods': size=120000Kb used=915Kb max_used=915Kb free=119085Kb
 bounds [0x000001e1b6240000, 0x000001e1b64b0000, 0x000001e1bd770000]
CodeHeap 'profiled nmethods': size=120000Kb used=3283Kb max_used=3283Kb free=116716Kb
 bounds [0x000001e1ae770000, 0x000001e1aeab0000, 0x000001e1b5ca0000]
CodeHeap 'non-nmethods': size=5760Kb used=1613Kb max_used=1646Kb free=4146Kb
 bounds [0x000001e1b5ca0000, 0x000001e1b5f10000, 0x000001e1b6240000]
 total_blobs=2669 nmethods=1731 adapters=851
 compilation: enabled
              stopped_count=0, restarted_count=0
 full_count=0

Compilation events (20 events):
Event: 21.553 Thread 0x000001e1c2a85710 1722       4       java.util.concurrent.ThreadPoolExecutor$Worker::unlock (7 bytes)
Event: 21.555 Thread 0x000001e1c2a85710 nmethod 1722 0x000001e1b631fb90 code [0x000001e1b631fd20, 0x000001e1b631fec8]
Event: 21.794 Thread 0x000001e1c2a85710 1723       4       processing.opengl.PGraphicsOpenGL$IndexCache::addNew (29 bytes)
Event: 21.797 Thread 0x000001e1c2a85710 nmethod 1723 0x000001e1b6320090 code [0x000001e1b6320260, 0x000001e1b6320630]
Event: 22.040 Thread 0x000001e1c2a85710 1724       4       processing.opengl.PShader::draw (42 bytes)
Event: 22.049 Thread 0x000001e1c2a85710 nmethod 1724 0x000001e1b6320a90 code [0x000001e1b6320ca0, 0x000001e1b6321a68]
Event: 22.049 Thread 0x000001e1c2a85710 1725       4       processing.opengl.PGL::drawElements (20 bytes)
Event: 22.056 Thread 0x000001e1c2a85710 nmethod 1725 0x000001e1b6322810 code [0x000001e1b63229c0, 0x000001e1b6322de8]
Event: 22.056 Thread 0x000001e1c2a85710 1726       4       processing.opengl.PJOGL::drawElementsImpl (16 bytes)
Event: 22.061 Thread 0x000001e1c2a85710 nmethod 1726 0x000001e1b6323390 code [0x000001e1b6323540, 0x000001e1b6323908]
Event: 22.062 Thread 0x000001e1c2a85710 1727       4       jogamp.opengl.gl4.GL4bcImpl::glDrawElements (57 bytes)
Event: 22.064 Thread 0x000001e1c2a85710 nmethod 1727 0x000001e1b6323e10 code [0x000001e1b6323fa0, 0x000001e1b6324348]
Event: 22.224 Thread 0x000001e1c2a86c40 1728       3       java.lang.AbstractStringBuilder::append (55 bytes)
Event: 22.225 Thread 0x000001e1c2a86c40 nmethod 1728 0x000001e1aeaa3e10 code [0x000001e1aeaa3fe0, 0x000001e1aeaa4318]
Event: 22.256 Thread 0x000001e1c2a85710 1729 %     4       java.lang.StringCoding::hasNegatives @ 2 (25 bytes)
Event: 22.260 Thread 0x000001e1c2a86c40 1730       3       jdk.internal.misc.Unsafe::getAndAddLong (27 bytes)
Event: 22.260 Thread 0x000001e1c2a86c40 nmethod 1730 0x000001e1aeaa4490 code [0x000001e1aeaa4640, 0x000001e1aeaa4888]
Event: 22.260 Thread 0x000001e1c2a86c40 1731       3       jdk.internal.misc.Unsafe::weakCompareAndSetLong (11 bytes)
Event: 22.260 Thread 0x000001e1c2a86c40 nmethod 1731 0x000001e1aeaa4990 code [0x000001e1aeaa4b20, 0x000001e1aeaa4c58]
Event: 22.260 Thread 0x000001e1c2a85710 nmethod 1729% 0x000001e1b6324710 code [0x000001e1b63248a0, 0x000001e1b6324ab8]

GC Heap History (20 events):
Event: 11.567 GC heap before
{Heap before GC invocations=25 (full 0):
 garbage-first heap   total 177152K, used 149960K [0x00000000c0000000, 0x0000000100000000)
  region size 1024K, 66 young (67584K), 3 survivors (3072K)
 Metaspace       used 12897K, committed 13120K, reserved 1114112K
  class space    used 914K, committed 1024K, reserved 1048576K
}
Event: 11.569 GC heap after
{Heap after GC invocations=26 (full 0):
 garbage-first heap   total 177152K, used 85501K [0x00000000c0000000, 0x0000000100000000)
  region size 1024K, 3 young (3072K), 3 survivors (3072K)
 Metaspace       used 12897K, committed 13120K, reserved 1114112K
  class space    used 914K, committed 1024K, reserved 1048576K
}
Event: 12.685 GC heap before
{Heap before GC invocations=26 (full 0):
 garbage-first heap   total 177152K, used 150013K [0x00000000c0000000, 0x0000000100000000)
  region size 1024K, 66 young (67584K), 3 survivors (3072K)
 Metaspace       used 12897K, committed 13120K, reserved 1114112K
  class space    used 914K, committed 1024K, reserved 1048576K
}
Event: 12.687 GC heap after
{Heap after GC invocations=27 (full 0):
 garbage-first heap   total 177152K, used 85165K [0x00000000c0000000, 0x0000000100000000)
  region size 1024K, 3 young (3072K), 3 survivors (3072K)
 Metaspace       used 12897K, committed 13120K, reserved 1114112K
  class space    used 914K, committed 1024K, reserved 1048576K
}
Event: 13.801 GC heap before
{Heap before GC invocations=28 (full 0):
 garbage-first heap   total 177152K, used 150701K [0x00000000c0000000, 0x0000000100000000)
  region size 1024K, 67 young (68608K), 3 survivors (3072K)
 Metaspace       used 12909K, committed 13120K, reserved 1114112K
  class space    used 914K, committed 1024K, reserved 1048576K
}
Event: 13.803 GC heap after
{Heap after GC invocations=29 (full 0):
 garbage-first heap   total 177152K, used 86048K [0x00000000c0000000, 0x0000000100000000)
  region size 1024K, 3 young (3072K), 3 survivors (3072K)
 Metaspace       used 12909K, committed 13120K, reserved 1114112K
  class space    used 914K, committed 1024K, reserved 1048576K
}
Event: 14.951 GC heap before
{Heap before GC invocations=29 (full 0):
 garbage-first heap   total 177152K, used 150560K [0x00000000c0000000, 0x0000000100000000)
  region size 1024K, 66 young (67584K), 3 survivors (3072K)
 Metaspace       used 12912K, committed 13120K, reserved 1114112K
  class space    used 914K, committed 1024K, reserved 1048576K
}
Event: 14.953 GC heap after
{Heap after GC invocations=30 (full 0):
 garbage-first heap   total 177152K, used 86276K [0x00000000c0000000, 0x0000000100000000)
  region size 1024K, 4 young (4096K), 4 survivors (4096K)
 Metaspace       used 12912K, committed 13120K, reserved 1114112K
  class space    used 914K, committed 1024K, reserved 1048576K
}
Event: 16.072 GC heap before
{Heap before GC invocations=31 (full 0):
 garbage-first heap   total 177152K, used 149764K [0x00000000c0000000, 0x0000000100000000)
  region size 1024K, 66 young (67584K), 4 survivors (4096K)
 Metaspace       used 12919K, committed 13120K, reserved 1114112K
  class space    used 914K, committed 1024K, reserved 1048576K
}
Event: 16.074 GC heap after
{Heap after GC invocations=32 (full 0):
 garbage-first heap   total 177152K, used 85476K [0x00000000c0000000, 0x0000000100000000)
  region size 1024K, 3 young (3072K), 3 survivors (3072K)
 Metaspace       used 12919K, committed 13120K, reserved 1114112K
  class space    used 914K, committed 1024K, reserved 1048576K
}
Event: 17.230 GC heap before
{Heap before GC invocations=32 (full 0):
 garbage-first heap   total 177152K, used 149988K [0x00000000c0000000, 0x0000000100000000)
  region size 1024K, 66 young (67584K), 3 survivors (3072K)
 Metaspace       used 12931K, committed 13120K, reserved 1114112K
  class space    used 914K, committed 1024K, reserved 1048576K
}
Event: 17.232 GC heap after
{Heap after GC invocations=33 (full 0):
 garbage-first heap   total 177152K, used 85278K [0x00000000c0000000, 0x0000000100000000)
  region size 1024K, 3 young (3072K), 3 survivors (3072K)
 Metaspace       used 12931K, committed 13120K, reserved 1114112K
  class space    used 914K, committed 1024K, reserved 1048576K
}
Event: 18.430 GC heap before
{Heap before GC invocations=34 (full 0):
 garbage-first heap   total 177152K, used 150814K [0x00000000c0000000, 0x0000000100000000)
  region size 1024K, 67 young (68608K), 3 survivors (3072K)
 Metaspace       used 13093K, committed 13248K, reserved 1114112K
  class space    used 914K, committed 1024K, reserved 1048576K
}
Event: 18.431 GC heap after
{Heap after GC invocations=35 (full 0):
 garbage-first heap   total 177152K, used 83613K [0x00000000c0000000, 0x0000000100000000)
  region size 1024K, 1 young (1024K), 1 survivors (1024K)
 Metaspace       used 13093K, committed 13248K, reserved 1114112K
  class space    used 914K, committed 1024K, reserved 1048576K
}
Event: 19.641 GC heap before
{Heap before GC invocations=35 (full 0):
 garbage-first heap   total 177152K, used 151197K [0x00000000c0000000, 0x0000000100000000)
  region size 1024K, 67 young (68608K), 1 survivors (1024K)
 Metaspace       used 13093K, committed 13248K, reserved 1114112K
  class space    used 914K, committed 1024K, reserved 1048576K
}
Event: 19.642 GC heap after
{Heap after GC invocations=36 (full 0):
 garbage-first heap   total 177152K, used 83438K [0x00000000c0000000, 0x0000000100000000)
  region size 1024K, 1 young (1024K), 1 survivors (1024K)
 Metaspace       used 13093K, committed 13248K, reserved 1114112K
  class space    used 914K, committed 1024K, reserved 1048576K
}
Event: 20.870 GC heap before
{Heap before GC invocations=37 (full 0):
 garbage-first heap   total 177152K, used 152046K [0x00000000c0000000, 0x0000000100000000)
  region size 1024K, 68 young (69632K), 1 survivors (1024K)
 Metaspace       used 13093K, committed 13248K, reserved 1114112K
  class space    used 914K, committed 1024K, reserved 1048576K
}
Event: 20.871 GC heap after
{Heap after GC invocations=38 (full 0):
 garbage-first heap   total 177152K, used 83994K [0x00000000c0000000, 0x0000000100000000)
  region size 1024K, 1 young (1024K), 1 survivors (1024K)
 Metaspace       used 13093K, committed 13248K, reserved 1114112K
  class space    used 914K, committed 1024K, reserved 1048576K
}
Event: 22.053 GC heap before
{Heap before GC invocations=38 (full 0):
 garbage-first heap   total 177152K, used 153626K [0x00000000c0000000, 0x0000000100000000)
  region size 1024K, 69 young (70656K), 1 survivors (1024K)
 Metaspace       used 13093K, committed 13248K, reserved 1114112K
  class space    used 914K, committed 1024K, reserved 1048576K
}
Event: 22.055 GC heap after
{Heap after GC invocations=39 (full 0):
 garbage-first heap   total 177152K, used 85820K [0x00000000c0000000, 0x0000000100000000)
  region size 1024K, 3 young (3072K), 3 survivors (3072K)
 Metaspace       used 13093K, committed 13248K, reserved 1114112K
  class space    used 914K, committed 1024K, reserved 1048576K
}

Dll operation events (14 events):
Event: 0.012 Loaded shared library C:\Program Files\Processing\app\resources\jdk-17.0.14+7\bin\java.dll
Event: 0.026 Loaded shared library C:\Program Files\Processing\app\resources\jdk-17.0.14+7\bin\jsvml.dll
Event: 0.083 Loaded shared library C:\Program Files\Processing\app\resources\jdk-17.0.14+7\bin\net.dll
Event: 0.084 Loaded shared library C:\Program Files\Processing\app\resources\jdk-17.0.14+7\bin\nio.dll
Event: 0.087 Loaded shared library C:\Program Files\Processing\app\resources\jdk-17.0.14+7\bin\zip.dll
Event: 0.150 Loaded shared library C:\Program Files\Processing\app\resources\jdk-17.0.14+7\bin\jimage.dll
Event: 0.154 Loaded shared library C:\Program Files\Processing\app\resources\jdk-17.0.14+7\bin\awt.dll
Event: 0.567 Loaded shared library C:\Users\danil\AppData\Local\Temp\jogamp_0000\file_cache\jln8359324728330428201\jln9111663309119751283\natives\windows-amd64\gluegen_rt.dll
Event: 0.576 Loaded shared library C:\Program Files\Processing\app\resources\jdk-17.0.14+7\bin\jawt.dll
Event: 0.590 Loaded shared library C:\Users\danil\AppData\Local\Temp\jogamp_0000\file_cache\jln8359324728330428201\jln9111663309119751283\natives\windows-amd64\nativewindow_awt.dll
Event: 0.635 Loaded shared library C:\Users\danil\AppData\Local\Temp\jogamp_0000\file_cache\jln8359324728330428201\jln9111663309119751283\natives\windows-amd64\nativewindow_win32.dll
Event: 0.753 Loaded shared library C:\Users\danil\AppData\Local\Temp\jogamp_0000\file_cache\jln8359324728330428201\jln9111663309119751283\natives\windows-amd64\jogl_desktop.dll
Event: 1.016 Loaded shared library C:\Users\danil\AppData\Local\Temp\jogamp_0000\file_cache\jln8359324728330428201\jln9111663309119751283\natives\windows-amd64\jogl_mobile.dll
Event: 1.910 Loaded shared library C:\Users\danil\AppData\Local\Temp\jogamp_0000\file_cache\jln8359324728330428201\jln9111663309119751283\natives\windows-amd64\newt_head.dll

Deoptimization events (20 events):
Event: 22.108 Thread 0x000001e20a27f880 DEOPT PACKING pc=0x000001e1aea480c1 sp=0x000000ca30efebc0
Event: 22.108 Thread 0x000001e20a27f880 DEOPT UNPACKING pc=0x000001e1b5cface3 sp=0x000000ca30efe0b0 mode 1
Event: 22.108 Thread 0x000001e20a27f880 DEOPT PACKING pc=0x000001e1aea44cf4 sp=0x000000ca30efec50
Event: 22.108 Thread 0x000001e20a27f880 DEOPT UNPACKING pc=0x000001e1b5cface3 sp=0x000000ca30efe108 mode 1
Event: 22.108 Thread 0x000001e20a27f880 DEOPT PACKING pc=0x000001e1aea480c1 sp=0x000000ca30efec10
Event: 22.108 Thread 0x000001e20a27f880 DEOPT UNPACKING pc=0x000001e1b5cface3 sp=0x000000ca30efe100 mode 1
Event: 22.108 Thread 0x000001e20a27f880 DEOPT PACKING pc=0x000001e1aea44cf4 sp=0x000000ca30efeca0
Event: 22.108 Thread 0x000001e20a27f880 DEOPT UNPACKING pc=0x000001e1b5cface3 sp=0x000000ca30efe158 mode 1
Event: 22.165 Thread 0x000001e20a27f880 DEOPT PACKING pc=0x000001e1aea480c1 sp=0x000000ca30efebc0
Event: 22.165 Thread 0x000001e20a27f880 DEOPT UNPACKING pc=0x000001e1b5cface3 sp=0x000000ca30efe0b0 mode 1
Event: 22.165 Thread 0x000001e20a27f880 DEOPT PACKING pc=0x000001e1aea44cf4 sp=0x000000ca30efec50
Event: 22.165 Thread 0x000001e20a27f880 DEOPT UNPACKING pc=0x000001e1b5cface3 sp=0x000000ca30efe108 mode 1
Event: 22.165 Thread 0x000001e20a27f880 DEOPT PACKING pc=0x000001e1aea480c1 sp=0x000000ca30efec10
Event: 22.165 Thread 0x000001e20a27f880 DEOPT UNPACKING pc=0x000001e1b5cface3 sp=0x000000ca30efe100 mode 1
Event: 22.165 Thread 0x000001e20a27f880 DEOPT PACKING pc=0x000001e1aea44cf4 sp=0x000000ca30efeca0
Event: 22.165 Thread 0x000001e20a27f880 DEOPT UNPACKING pc=0x000001e1b5cface3 sp=0x000000ca30efe158 mode 1
Event: 22.253 Thread 0x000001e2089d70b0 Uncommon trap: trap_request=0xffffff45 fr.pc=0x000001e1b62f5e70 relative=0x00000000000000f0
Event: 22.253 Thread 0x000001e2089d70b0 Uncommon trap: reason=unstable_if action=reinterpret pc=0x000001e1b62f5e70 method=com.jogamp.common.util.IntIntHashMap.put(II)I @ 21 c2
Event: 22.253 Thread 0x000001e2089d70b0 DEOPT PACKING pc=0x000001e1b62f5e70 sp=0x000000ca301fedb0
Event: 22.253 Thread 0x000001e2089d70b0 DEOPT UNPACKING pc=0x000001e1b5cfa1a3 sp=0x000000ca301fed18 mode 2

Classes loaded (20 events):
Event: 2.149 Loading class java/util/concurrent/Callable done
Event: 2.149 Loading class java/util/concurrent/Executors$RunnableAdapter done
Event: 2.150 Loading class java/util/concurrent/ThreadPoolExecutor$Worker
Event: 2.150 Loading class java/util/concurrent/ThreadPoolExecutor$Worker done
Event: 2.152 Loading class java/util/concurrent/locks/AbstractQueuedSynchronizer$SharedNode
Event: 2.152 Loading class java/util/concurrent/locks/AbstractQueuedSynchronizer$SharedNode done
Event: 2.284 Loading class sun/nio/cs/StreamDecoder
Event: 2.285 Loading class sun/nio/cs/StreamDecoder done
Event: 2.285 Loading class java/util/regex/Pattern$LookBehindEndNode
Event: 2.285 Loading class java/util/regex/Pattern$LookBehindEndNode done
Event: 2.285 Loading class java/util/regex/Pattern$NotBehind
Event: 2.285 Loading class java/util/regex/Pattern$NotBehind done
Event: 2.286 Loading class java/util/regex/Pattern$Neg
Event: 2.286 Loading class java/util/regex/Pattern$Neg done
Event: 2.286 Loading class java/util/regex/Pattern$Pos
Event: 2.286 Loading class java/util/regex/Pattern$Pos done
Event: 2.295 Loading class java/util/regex/Pattern$SliceS
Event: 2.295 Loading class java/util/regex/Pattern$SliceS done
Event: 22.224 Loading class java/nio/channels/ClosedChannelException
Event: 22.224 Loading class java/nio/channels/ClosedChannelException done

Classes unloaded (0 events):
No events

Classes redefined (0 events):
No events

Internal exceptions (20 events):
Event: 0.129 Thread 0x000001e1a6c3b570 Exception <a 'java/lang/NoSuchMethodError'{0x00000000c3ce69a8}: 'void java.lang.invoke.DirectMethodHandle$Holder.invokeStatic(java.lang.Object, java.lang.Object, java.lang.Object)'> (0x00000000c3ce69a8) 
thrown [s\src\hotspot\share\interpreter\linkResolver.cpp, line 759]
Event: 0.141 Thread 0x000001e1a6c3b570 Exception <a 'java/lang/ClassNotFoundException'{0x00000000c3b0e978}: sun/awt/resources/spi/awtProvider> (0x00000000c3b0e978) 
thrown [s\src\hotspot\share\classfile\systemDictionary.cpp, line 256]
Event: 0.164 Thread 0x000001e1a6c3b570 Exception <a 'java/io/FileNotFoundException'{0x00000000c3b642b8}> (0x00000000c3b642b8) 
thrown [s\src\hotspot\share\prims\jni.cpp, line 516]
Event: 0.171 Thread 0x000001e1a6c3b570 Exception <a 'java/io/FileNotFoundException'{0x00000000c3b91700}> (0x00000000c3b91700) 
thrown [s\src\hotspot\share\prims\jni.cpp, line 516]
Event: 0.213 Thread 0x000001e1a6c3b570 Exception <a 'java/lang/NoSuchMethodError'{0x00000000c3a3e768}: 'java.lang.Object java.lang.invoke.DirectMethodHandle$Holder.invokeStaticInit(java.lang.Object)'> (0x00000000c3a3e768) 
thrown [s\src\hotspot\share\interpreter\linkResolver.cpp, line 759]
Event: 0.330 Thread 0x000001e1a6c3b570 Exception <a 'java/lang/NoSuchMethodError'{0x00000000c364c1d0}: 'java.lang.Object java.lang.invoke.DirectMethodHandle$Holder.invokeStaticInit(java.lang.Object, int, int, int, int)'> (0x00000000c364c1d0) 
thrown [s\src\hotspot\share\interpreter\linkResolver.cpp, line 759]
Event: 0.375 Thread 0x000001e1a6c3b570 Exception <a 'java/lang/NoSuchMethodError'{0x00000000c3535868}: 'java.lang.Object java.lang.invoke.DirectMethodHandle$Holder.invokeStaticInit(java.lang.Object, java.lang.Object, int, int, int, int)'> (0x00000000c3535868) 
thrown [s\src\hotspot\share\interpreter\linkResolver.cpp, line 759]
Event: 0.428 Thread 0x000001e1a6c3b570 Exception <a 'java/lang/NoSuchMethodError'{0x00000000c3541070}: 'void java.lang.invoke.DirectMethodHandle$Holder.invokeStatic(java.lang.Object, long)'> (0x00000000c3541070) 
thrown [s\src\hotspot\share\interpreter\linkResolver.cpp, line 759]
Event: 0.429 Thread 0x000001e1a6c3b570 Exception <a 'java/lang/NoSuchMethodError'{0x00000000c3546650}: 'java.lang.Object java.lang.invoke.DirectMethodHandle$Holder.newInvokeSpecial(java.lang.Object, long)'> (0x00000000c3546650) 
thrown [s\src\hotspot\share\interpreter\linkResolver.cpp, line 759]
Event: 0.431 Thread 0x000001e1a6c3b570 Exception <a 'java/lang/NoSuchMethodError'{0x00000000c3550e68}: 'java.lang.Object java.lang.invoke.DirectMethodHandle$Holder.invokeStaticInit(java.lang.Object, java.lang.Object, long, java.lang.Object)'> (0x00000000c3550e68) 
thrown [s\src\hotspot\share\interpreter\linkResolver.cpp, line 759]
Event: 0.432 Thread 0x000001e1a6c3b570 Exception <a 'java/lang/NoSuchMethodError'{0x00000000c3557428}: 'java.lang.Object java.lang.invoke.DirectMethodHandle$Holder.newInvokeSpecial(java.lang.Object, java.lang.Object, long)'> (0x00000000c3557428) 
thrown [s\src\hotspot\share\interpreter\linkResolver.cpp, line 759]
Event: 0.433 Thread 0x000001e1a6c3b570 Exception <a 'java/lang/NoSuchMethodError'{0x00000000c355af98}: 'java.lang.Object java.lang.invoke.Invokers$Holder.linkToTargetMethod(java.lang.Object, long, java.lang.Object)'> (0x00000000c355af98) 
thrown [s\src\hotspot\share\interpreter\linkResolver.cpp, line 759]
Event: 0.603 Thread 0x000001e1a6c3b570 Exception <a 'java/lang/NoSuchMethodError'{0x00000000c34cbf68}: 'java.lang.Object java.lang.invoke.DirectMethodHandle$Holder.invokeInterface(java.lang.Object, java.lang.Object)'> (0x00000000c34cbf68) 
thrown [s\src\hotspot\share\interpreter\linkResolver.cpp, line 759]
Event: 0.603 Thread 0x000001e1a6c3b570 Exception <a 'java/lang/IncompatibleClassChangeError'{0x00000000c34cf888}: Found class java.lang.Object, but interface was expected> (0x00000000c34cf888) 
thrown [s\src\hotspot\share\interpreter\linkResolver.cpp, line 826]
Event: 2.009 Thread 0x000001e1a6c3b570 Exception <a 'java/lang/NoSuchMethodError'{0x00000000c33f27f0}: 'void java.lang.invoke.DirectMethodHandle$Holder.invokeSpecial(java.lang.Object, java.lang.Object, java.lang.Object, java.lang.Object, java.lang.Object)'> (0x00000000c33f27f0) 
thrown [s\src\hotspot\share\interpreter\linkResolver.cpp, line 759]
Event: 2.011 Thread 0x000001e1a6c3b570 Exception <a 'java/lang/NoSuchMethodError'{0x00000000c33fb7b0}: 'void java.lang.invoke.DirectMethodHandle$Holder.invokeSpecial(java.lang.Object, java.lang.Object, java.lang.Object)'> (0x00000000c33fb7b0) 
thrown [s\src\hotspot\share\interpreter\linkResolver.cpp, line 759]
Event: 2.012 Thread 0x000001e1a6c3b570 Exception <a 'java/lang/NoSuchMethodError'{0x00000000c3201d50}: 'void java.lang.invoke.DirectMethodHandle$Holder.invokeSpecial(java.lang.Object, java.lang.Object, int)'> (0x00000000c3201d50) 
thrown [s\src\hotspot\share\interpreter\linkResolver.cpp, line 759]
Event: 2.013 Thread 0x000001e1a6c3b570 Exception <a 'java/lang/NoSuchMethodError'{0x00000000c3207d68}: 'java.lang.Object java.lang.invoke.DirectMethodHandle$Holder.newInvokeSpecial(java.lang.Object, java.lang.Object, int)'> (0x00000000c3207d68) 
thrown [s\src\hotspot\share\interpreter\linkResolver.cpp, line 759]
Event: 22.223 Thread 0x000001e20a27f3a0 Exception <a 'java/lang/InterruptedException'{0x00000000ca500a70}> (0x00000000ca500a70) 
thrown [s\src\hotspot\share\runtime\objectMonitor.cpp, line 1658]
Event: 22.253 Thread 0x000001e2089d70b0 Implicit null exception at 0x000001e1b62f5dc4 to 0x000001e1b62f5e4c

VM Operations (20 events):
Event: 17.240 Executing VM operation: G1PauseRemark done
Event: 17.244 Executing VM operation: G1PauseCleanup
Event: 17.244 Executing VM operation: G1PauseCleanup done
Event: 18.430 Executing VM operation: G1CollectForAllocation
Event: 18.431 Executing VM operation: G1CollectForAllocation done
Event: 19.641 Executing VM operation: G1CollectForAllocation
Event: 19.642 Executing VM operation: G1CollectForAllocation done
Event: 19.648 Executing VM operation: G1PauseRemark
Event: 19.649 Executing VM operation: G1PauseRemark done
Event: 19.652 Executing VM operation: G1PauseCleanup
Event: 19.652 Executing VM operation: G1PauseCleanup done
Event: 20.870 Executing VM operation: G1CollectForAllocation
Event: 20.871 Executing VM operation: G1CollectForAllocation done
Event: 22.053 Executing VM operation: G1CollectForAllocation
Event: 22.055 Executing VM operation: G1CollectForAllocation done
Event: 22.065 Executing VM operation: G1PauseRemark
Event: 22.066 Executing VM operation: G1PauseRemark done
Event: 22.070 Executing VM operation: G1PauseCleanup
Event: 22.070 Executing VM operation: G1PauseCleanup done
Event: 22.326 Executing VM operation: Exit

Memory protections (0 events):
No events

Nmethod flushes (0 events):
No events

Events (20 events):
Event: 2.536 Thread 0x000001e217548910 Thread exited: 0x000001e217548910
Event: 2.572 Thread 0x000001e20a05aa10 Thread exited: 0x000001e20a05aa10
Event: 4.294 Thread 0x000001e2084429e0 Thread added: 0x000001e21773fe00
Event: 5.300 Thread 0x000001e21773fe00 Thread exited: 0x000001e21773fe00
Event: 12.514 Thread 0x000001e2084429e0 Thread added: 0x000001e217741750
Event: 13.537 Thread 0x000001e217741750 Thread exited: 0x000001e217741750
Event: 19.711 Thread 0x000001e2084429e0 Thread added: 0x000001e217741750
Event: 20.719 Thread 0x000001e217741750 Thread exited: 0x000001e217741750
Event: 22.223 Thread 0x000001e20a27f880 Thread added: 0x000001e217741c60
Event: 22.223 Thread 0x000001e20a27f3a0 Thread exited: 0x000001e20a27f3a0
Event: 22.223 Thread 0x000001e20a27f880 Thread added: 0x000001e21773f3e0
Event: 22.223 Thread 0x000001e20a27f880 Thread added: 0x000001e21773e4b0
Event: 22.224 Thread 0x000001e2084429e0 Thread added: 0x000001e217741750
Event: 22.224 Thread 0x000001e21773e4b0 Thread exited: 0x000001e21773e4b0
Event: 22.224 Thread 0x000001e20a1ec110 Thread exited: 0x000001e20a1ec110
Event: 22.225 Thread 0x000001e2084429e0 Thread exited: 0x000001e2084429e0
Event: 22.255 Thread 0x000001e2089d70b0 Thread exited: 0x000001e2089d70b0
Event: 22.260 Thread 0x000001e217741c60 Thread exited: 0x000001e217741c60
Event: 22.325 Thread 0x000001e21773f3e0 Thread exited: 0x000001e21773f3e0
Event: 22.325 Thread 0x000001e20a27f880 Before exit entered


Dynamic libraries:
0x00007ff705240000 - 0x00007ff70524e000 	C:\Program Files\Processing\app\resources\jdk-17.0.14+7\bin\java.exe
0x00007ffe8d7a0000 - 0x00007ffe8da07000 	C:\WINDOWS\SYSTEM32\ntdll.dll
0x00007ffe8bad0000 - 0x00007ffe8bb99000 	C:\WINDOWS\System32\KERNEL32.DLL
0x00007ffe8afe0000 - 0x00007ffe8b3d7000 	C:\WINDOWS\System32\KERNELBASE.dll
0x00007ffe8ac60000 - 0x00007ffe8adab000 	C:\WINDOWS\System32\ucrtbase.dll
0x00007ffe879c0000 - 0x00007ffe879d7000 	C:\Program Files\Processing\app\resources\jdk-17.0.14+7\bin\jli.dll
0x00007ffe878f0000 - 0x00007ffe8790e000 	C:\Program Files\Processing\app\resources\jdk-17.0.14+7\bin\VCRUNTIME140.dll
0x00007ffe8b720000 - 0x00007ffe8b8e6000 	C:\WINDOWS\System32\USER32.dll
0x00007ffe73250000 - 0x00007ffe734e2000 	C:\WINDOWS\WinSxS\amd64_microsoft.windows.common-controls_6595b64144ccf1df_6.0.26100.8457_none_3e0b2faee331e92d\COMCTL32.dll
0x00007ffe8a290000 - 0x00007ffe8a2b7000 	C:\WINDOWS\System32\win32u.dll
0x00007ffe8b960000 - 0x00007ffe8ba09000 	C:\WINDOWS\System32\msvcrt.dll
0x00007ffe8d080000 - 0x00007ffe8d0ab000 	C:\WINDOWS\System32\GDI32.dll
0x00007ffe8a2c0000 - 0x00007ffe8a3ec000 	C:\WINDOWS\System32\gdi32full.dll
0x00007ffe8b470000 - 0x00007ffe8b513000 	C:\WINDOWS\System32\msvcp_win.dll
0x00007ffe8d720000 - 0x00007ffe8d752000 	C:\WINDOWS\System32\IMM32.DLL
0x00007ffe85b30000 - 0x00007ffe85b3c000 	C:\Program Files\Processing\app\resources\jdk-17.0.14+7\bin\vcruntime140_1.dll
0x00007ffe63cf0000 - 0x00007ffe63d7d000 	C:\Program Files\Processing\app\resources\jdk-17.0.14+7\bin\msvcp140.dll
0x00007ffdf50b0000 - 0x00007ffdf5d1b000 	C:\Program Files\Processing\app\resources\jdk-17.0.14+7\bin\server\jvm.dll
0x00007ffe8ba10000 - 0x00007ffe8bac6000 	C:\WINDOWS\System32\ADVAPI32.dll
0x00007ffe8d0f0000 - 0x00007ffe8d197000 	C:\WINDOWS\System32\sechost.dll
0x00007ffe8b520000 - 0x00007ffe8b638000 	C:\WINDOWS\System32\RPCRT4.dll
0x00007ffe8b640000 - 0x00007ffe8b6c0000 	C:\WINDOWS\System32\WS2_32.dll
0x00007ffe8a030000 - 0x00007ffe8a08e000 	C:\WINDOWS\SYSTEM32\POWRPROF.dll
0x00007ffe73640000 - 0x00007ffe73676000 	C:\WINDOWS\SYSTEM32\WINMM.dll
0x00007ffe810b0000 - 0x00007ffe810bb000 	C:\WINDOWS\SYSTEM32\VERSION.dll
0x00007ffe8a010000 - 0x00007ffe8a024000 	C:\WINDOWS\SYSTEM32\UMPDC.dll
0x00007ffe88f60000 - 0x00007ffe88f7b000 	C:\WINDOWS\SYSTEM32\kernel.appcore.dll
0x00007ffe85b20000 - 0x00007ffe85b2a000 	C:\Program Files\Processing\app\resources\jdk-17.0.14+7\bin\jimage.dll
0x00007ffe74060000 - 0x00007ffe742a2000 	C:\WINDOWS\SYSTEM32\DBGHELP.DLL
0x00007ffe8d390000 - 0x00007ffe8d713000 	C:\WINDOWS\System32\combase.dll
0x00007ffe8c8d0000 - 0x00007ffe8c9a9000 	C:\WINDOWS\System32\OLEAUT32.dll
0x00007ffe7b860000 - 0x00007ffe7b89b000 	C:\WINDOWS\SYSTEM32\dbgcore.DLL
0x00007ffe8adb0000 - 0x00007ffe8ae58000 	C:\WINDOWS\System32\bcryptPrimitives.dll
0x00007ffe85ae0000 - 0x00007ffe85b1b000 	C:\Program Files\Processing\app\resources\jdk-17.0.14+7\bin\jdwp.dll
0x00007ffe7be50000 - 0x00007ffe7be75000 	C:\Program Files\Processing\app\resources\jdk-17.0.14+7\bin\java.dll
0x00007ffe5ef00000 - 0x00007ffe5efd7000 	C:\Program Files\Processing\app\resources\jdk-17.0.14+7\bin\jsvml.dll
0x00007ffe8bca0000 - 0x00007ffe8c40e000 	C:\WINDOWS\System32\SHELL32.dll
0x00007ffe8a3f0000 - 0x00007ffe8ac5c000 	C:\WINDOWS\System32\windows.storage.dll
0x00007ffe8bba0000 - 0x00007ffe8bc96000 	C:\WINDOWS\System32\SHCORE.dll
0x00007ffe8b8f0000 - 0x00007ffe8b956000 	C:\WINDOWS\System32\shlwapi.dll
0x00007ffe8a0f0000 - 0x00007ffe8a119000 	C:\WINDOWS\SYSTEM32\profapi.dll
0x00007ffe85ad0000 - 0x00007ffe85adc000 	C:\Program Files\Processing\app\resources\jdk-17.0.14+7\bin\dt_socket.dll
0x00007ffe889a0000 - 0x00007ffe889d2000 	C:\WINDOWS\SYSTEM32\IPHLPAPI.DLL
0x00007ffe894d0000 - 0x00007ffe8953c000 	C:\WINDOWS\system32\mswsock.dll
0x00007ffe85a90000 - 0x00007ffe85aa9000 	C:\Program Files\Processing\app\resources\jdk-17.0.14+7\bin\net.dll
0x00007ffe843f0000 - 0x00007ffe84519000 	C:\WINDOWS\SYSTEM32\WINHTTP.dll
0x00007ffe85860000 - 0x00007ffe85876000 	C:\Program Files\Processing\app\resources\jdk-17.0.14+7\bin\nio.dll
0x00007ffe80870000 - 0x00007ffe80888000 	C:\Program Files\Processing\app\resources\jdk-17.0.14+7\bin\zip.dll
0x00007ffe5e560000 - 0x00007ffe5e6f0000 	C:\Program Files\Processing\app\resources\jdk-17.0.14+7\bin\awt.dll
0x00007ffe87a00000 - 0x00007ffe87aa0000 	C:\WINDOWS\SYSTEM32\apphelp.dll
0x00007ffe87d80000 - 0x00007ffe87e2a000 	C:\WINDOWS\system32\uxtheme.dll
0x00007ffe8d1a0000 - 0x00007ffe8d2fc000 	C:\WINDOWS\System32\MSCTF.dll
0x00007ffe8c430000 - 0x00007ffe8c5c7000 	C:\WINDOWS\System32\ole32.dll
0x00007ffe87f20000 - 0x00007ffe87f4f000 	C:\WINDOWS\system32\DWMAPI.DLL
0x00007ffe40100000 - 0x00007ffe4020f000 	C:\WINDOWS\system32\opengl32.dll
0x00007ffe429d0000 - 0x00007ffe429fd000 	C:\WINDOWS\SYSTEM32\GLU32.dll
0x00007ffe87eb0000 - 0x00007ffe87ef5000 	C:\WINDOWS\SYSTEM32\dxcore.dll
0x00007ffe897b0000 - 0x00007ffe897cb000 	C:\WINDOWS\SYSTEM32\CRYPTSP.dll
0x00007ffe88ec0000 - 0x00007ffe88ef9000 	C:\WINDOWS\system32\rsaenh.dll
0x00007ffe89580000 - 0x00007ffe895b3000 	C:\WINDOWS\SYSTEM32\USERENV.dll
0x00007ffe8a0c0000 - 0x00007ffe8a0ea000 	C:\WINDOWS\SYSTEM32\bcrypt.dll
0x00007ffe897d0000 - 0x00007ffe897dc000 	C:\WINDOWS\SYSTEM32\CRYPTBASE.dll
0x00007ffe8c8c0000 - 0x00007ffe8c8ca000 	C:\WINDOWS\System32\NSI.dll
0x00007ffe84550000 - 0x00007ffe8456d000 	C:\WINDOWS\SYSTEM32\dhcpcsvc6.DLL
0x00007ffe84520000 - 0x00007ffe84545000 	C:\WINDOWS\SYSTEM32\dhcpcsvc.DLL
0x00007ffe88a40000 - 0x00007ffe88b72000 	C:\WINDOWS\SYSTEM32\DNSAPI.dll
0x00007ffe7b7e0000 - 0x00007ffe7b7f3000 	C:\Users\danil\AppData\Local\Temp\jogamp_0000\file_cache\jln8359324728330428201\jln9111663309119751283\natives\windows-amd64\gluegen_rt.dll
0x00007ffe7b7d0000 - 0x00007ffe7b7d7000 	C:\Program Files\Processing\app\resources\jdk-17.0.14+7\bin\jawt.dll
0x00007ffe7b7c0000 - 0x00007ffe7b7cd000 	C:\Users\danil\AppData\Local\Temp\jogamp_0000\file_cache\jln8359324728330428201\jln9111663309119751283\natives\windows-amd64\nativewindow_awt.dll
0x00007ffe7a340000 - 0x00007ffe7a355000 	C:\Users\danil\AppData\Local\Temp\jogamp_0000\file_cache\jln8359324728330428201\jln9111663309119751283\natives\windows-amd64\nativewindow_win32.dll
0x00007ffe5e400000 - 0x00007ffe5e483000 	C:\Users\danil\AppData\Local\Temp\jogamp_0000\file_cache\jln8359324728330428201\jln9111663309119751283\natives\windows-amd64\jogl_desktop.dll
0x00007ffe5e3a0000 - 0x00007ffe5e3f2000 	C:\Users\danil\AppData\Local\Temp\jogamp_0000\file_cache\jln8359324728330428201\jln9111663309119751283\natives\windows-amd64\jogl_mobile.dll
0x00007ffe841f0000 - 0x00007ffe84251000 	C:\WINDOWS\SYSTEM32\directxdatabasehelper.dll
0x00007ffe7b700000 - 0x00007ffe7b71d000 	C:\WINDOWS\SYSTEM32\windows.staterepositorycore.dll
0x00007ffdd8ad0000 - 0x00007ffdd9aa3000 	C:\WINDOWS\System32\DriverStore\FileRepository\iigd_dch.inf_amd64_225f37aa3862fc3f\igxelpicd64.dll
0x00007ffe87bd0000 - 0x00007ffe87d0e000 	C:\WINDOWS\system32\dxgi.dll
0x00007ffe59810000 - 0x00007ffe59c97000 	C:\WINDOWS\System32\DriverStore\FileRepository\iigd_dch.inf_amd64_225f37aa3862fc3f\igdml64.dll
0x00007ffe89d40000 - 0x00007ffe89d91000 	C:\WINDOWS\SYSTEM32\cfgmgr32.dll
0x00007ffe80b00000 - 0x00007ffe80ec1000 	C:\WINDOWS\System32\DriverStore\FileRepository\iigd_dch.inf_amd64_225f37aa3862fc3f\igdgmm64.dll
0x00007ffe7d5d0000 - 0x00007ffe807d6000 	C:\WINDOWS\System32\DriverStore\FileRepository\iigd_dch.inf_amd64_225f37aa3862fc3f\igc64.dll
0x00007ffe79250000 - 0x00007ffe79269000 	C:\Users\danil\AppData\Local\Temp\jogamp_0000\file_cache\jln8359324728330428201\jln9111663309119751283\natives\windows-amd64\newt_head.dll
0x00007ffe5e8e0000 - 0x00007ffe5e99f000 	C:\WINDOWS\SYSTEM32\mscms.dll
0x00007ffe1cd10000 - 0x00007ffe1cd59000 	C:\WINDOWS\SYSTEM32\icm32.dll
0x00007ffe8cbf0000 - 0x00007ffe8d077000 	C:\WINDOWS\System32\setupapi.dll
0x00007ffe89d10000 - 0x00007ffe89d3d000 	C:\WINDOWS\SYSTEM32\DEVOBJ.dll
0x00007ffe8b3e0000 - 0x00007ffe8b462000 	C:\WINDOWS\System32\WINTRUST.dll
0x00007ffe8ae60000 - 0x00007ffe8afd8000 	C:\WINDOWS\System32\CRYPT32.dll
0x00007ffe898e0000 - 0x00007ffe898f3000 	C:\WINDOWS\SYSTEM32\MSASN1.dll
0x00007ffe580f0000 - 0x00007ffe58236000 	C:\WINDOWS\SYSTEM32\textinputframework.dll
0x00007ffe87560000 - 0x00007ffe87687000 	C:\WINDOWS\SYSTEM32\CoreMessaging.dll
0x00007ffe83270000 - 0x00007ffe83552000 	C:\WINDOWS\SYSTEM32\CoreUIComponents.dll
0x00007ffe84e00000 - 0x00007ffe84f6a000 	C:\WINDOWS\SYSTEM32\wintypes.dll

dbghelp: loaded successfully - version: 4.0.5 - missing functions: none
symbol engine: initialized successfully - sym options: 0x614 - pdb path: .;C:\Program Files\Processing\app\resources\jdk-17.0.14+7\bin;C:\WINDOWS\SYSTEM32;C:\WINDOWS\WinSxS\amd64_microsoft.windows.common-controls_6595b64144ccf1df_6.0.26100.8457_none_3e0b2faee331e92d;C:\Program Files\Processing\app\resources\jdk-17.0.14+7\bin\server;C:\Users\danil\AppData\Local\Temp\jogamp_0000\file_cache\jln8359324728330428201\jln9111663309119751283\natives\windows-amd64;C:\WINDOWS\System32\DriverStore\FileRepository\iigd_dch.inf_amd64_225f37aa3862fc3f

VM Arguments:
jvm_args: -agentlib:jdwp=transport=dt_socket,address=8490,server=y,suspend=y,quiet=y -Xms64m -Xmx1024m -Djna.nosys=true -Djava.library.path=;C:\Program Files\Processing\app\resources\core\library;C:\Program Files\Processing;C:\WINDOWS\system32;C:\WINDOWS;C:\Program Files\PlasticSCM5\server;C:\Program Files\PlasticSCM5\client;C:\Program Files\Common Files\Oracle\Java\javapath;C:\Program Files (x86)\Common Files\Oracle\Java\javapath;C:\Windows\System32\HWAudioDriverLibs;C:\Windows\system32;C:\Windows;C:\Windows\System32\Wbem;C:\Windows\System32\WindowsPowerShell\v1.0;C:\Windows\System32\OpenSSH;C:\Program Files\Microsoft SQL Server\150\Tools\Binn;C:\Program Files\Microsoft SQL Server\Client SDK\ODBC\170\Tools\Binn;C:\Program Files\dotnet;D:\Windows Kits\10\Windows Performance Toolkit;C:\Program Files\Java\jdk-23\bin;C:\WINDOWS\system32;C:\WINDOWS;C:\WINDOWS\System32\Wbem;C:\WINDOWS\System32\WindowsPowerShell\v1.0;C:\WINDOWS\System32\OpenSSH;C:\Program Files\nodejs;C:\Program Files\Docker\Docker\resources\bin;C:\Program Files\TortoiseGit\bin;C:\Program Files\Git\cmd;C:\Users\danil\AppData\Local\Programs\Python\Python312\Scripts;C:\Users\danil\AppData\Local\Programs\Python\Python312;C:\Users\danil\AppData\Local\Microsoft\WindowsApps;C:\Users\danil\AppData\Local\Programs\Microsoft VS Code\bin;C:\Users\danil\AppData\Roaming\npm;D:\DataBase\18\bin;C:\Program Files\Processing\app;. -ea 
java_command: processing.core.PApplet --editor-location=-7,-7 --external --display=1 --sketch-path=C:\Users\danil\Desktop\Gravity_simul Gravity_simul
java_class_path (initial): C:\Users\danil\AppData\Local\Temp\processing\Gravity_simul3558586012309235220temp;C:\Program Files\Processing\app\resources\core\library\annotations-13.0.jar;C:\Program Files\Processing\app\resources\core\library\antlr-2.7.7.jar;C:\Program Files\Processing\app\resources\core\library\core-4.4.1.jar;C:\Program Files\Processing\app\resources\core\library\gluegen-rt-2.5.0-natives-android-aarch64.jar;C:\Program Files\Processing\app\resources\core\library\gluegen-rt-2.5.0-natives-linux-aarch64.jar;C:\Program Files\Processing\app\resources\core\library\gluegen-rt-2.5.0-natives-linux-amd64.jar;C:\Program Files\Processing\app\resources\core\library\gluegen-rt-2.5.0-natives-linux-armv6hf.jar;C:\Program Files\Processing\app\resources\core\library\gluegen-rt-2.5.0-natives-macosx-universal.jar;C:\Program Files\Processing\app\resources\core\library\gluegen-rt-2.5.0-natives-windows-amd64.jar;C:\Program Files\Processing\app\resources\core\library\gluegen-rt-2.5.0.jar;C:\Program Files\Processing\app\resources\core\library\gluegen-rt-main-2.5.0.jar;C:\Program Files\Processing\app\resources\core\library\jogl-all-2.5.0-natives-android-aarch64.jar;C:\Program Files\Processing\app\resources\core\library\jogl-all-2.5.0-natives-linux-aarch64.jar;C:\Program Files\Processing\app\resources\core\library\jogl-all-2.5.0-natives-linux-amd64.jar;C:\Program Files\Processing\app\resources\core\library\jogl-all-2.5.0-natives-linux-armv6hf.jar;C:\Program Files\Processing\app\resources\core\library\jogl-all-2.5.0-natives-macosx-universal.jar;C:\Program Files\Processing\app\resources\core\library\jogl-all-2.5.0-natives-windows-amd64.jar;C:\Program Files\Processing\app\resources\core\library\jogl-all-2.5.0.jar;C:\Program Files\Processing\app\resources\core\library\jogl-all-main-2.5.0.jar;C:\Program Files\Processing\app\resources\core\library\kotlin-stdlib-2.0.20.jar
Launcher Type: SUN_STANDARD

[Global flags]
     intx CICompilerCount                          = 4                                         {product} {ergonomic}
     uint ConcGCThreads                            = 2                                         {product} {ergonomic}
     uint G1ConcRefinementThreads                  = 8                                         {product} {ergonomic}
   size_t G1HeapRegionSize                         = 1048576                                   {product} {ergonomic}
    uintx GCDrainStackTargetSize                   = 64                                        {product} {ergonomic}
   size_t InitialHeapSize                          = 67108864                                  {product} {command line}
   size_t MarkStackSize                            = 4194304                                   {product} {ergonomic}
   size_t MaxHeapSize                              = 1073741824                                {product} {command line}
   size_t MaxNewSize                               = 643825664                                 {product} {ergonomic}
   size_t MinHeapDeltaBytes                        = 1048576                                   {product} {ergonomic}
   size_t MinHeapSize                              = 67108864                                  {product} {command line}
    uintx NonNMethodCodeHeapSize                   = 5839372                                {pd product} {ergonomic}
    uintx NonProfiledCodeHeapSize                  = 122909434                              {pd product} {ergonomic}
    uintx ProfiledCodeHeapSize                     = 122909434                              {pd product} {ergonomic}
    uintx ReservedCodeCacheSize                    = 251658240                              {pd product} {ergonomic}
     bool SegmentedCodeCache                       = true                                      {product} {ergonomic}
   size_t SoftMaxHeapSize                          = 1073741824                             {manageable} {ergonomic}
     bool UseCompressedClassPointers               = true                           {product lp64_product} {ergonomic}
     bool UseCompressedOops                        = true                           {product lp64_product} {ergonomic}
     bool UseG1GC                                  = true                                      {product} {ergonomic}
     bool UseLargePagesIndividualAllocation        = false                                  {pd product} {ergonomic}

Logging:
Log output configuration:
 #0: stdout all=off uptime,level,tags
 #1: stderr all=off uptime,level,tags

Environment Variables:
JAVA_HOME=C:\Program Files\Java\jdk-23
PATH=C:\Program Files\PlasticSCM5\server;C:\Program Files\PlasticSCM5\client;C:\Program Files\Common Files\Oracle\Java\javapath;C:\Program Files (x86)\Common Files\Oracle\Java\javapath;C:\Windows\System32\HWAudioDriverLibs;C:\Windows\system32;C:\Windows;C:\Windows\System32\Wbem;C:\Windows\System32\WindowsPowerShell\v1.0\;C:\Windows\System32\OpenSSH\;C:\Users\Administrator\AppData\Local\Microsoft\WindowsApps;C:\Program Files\Microsoft SQL Server\150\Tools\Binn\;C:\Program Files\Microsoft SQL Server\Client SDK\ODBC\170\Tools\Binn\;C:\Program Files\dotnet\;D:\Windows Kits\10\Windows Performance Toolkit\;C:\Program Files\Java\jdk-23\bin;C:\WINDOWS\system32;C:\WINDOWS;C:\WINDOWS\System32\Wbem;C:\WINDOWS\System32\WindowsPowerShell\v1.0\;C:\WINDOWS\System32\OpenSSH\;C:\Program Files\nodejs\;C:\Program Files\Docker\Docker\resources\bin;C:\Program Files\TortoiseGit\bin;C:\Program Files\Git\cmd;C:\Users\danil\AppData\Local\Programs\Python\Python312\Scripts\;C:\Users\danil\AppData\Local\Programs\Python\Python312\;C:\Users\danil\AppData\Local\Microsoft\WindowsApps;C:\Users\danil\.dotnet\tools;C:\Users\danil\AppData\Local\Programs\Microsoft VS Code\bin;C:\Users\danil\AppData\Roaming\npm;D:\DataBase\18\bin;C:\Program Files\Processing\app
USERNAME=danil
OS=Windows_NT
PROCESSOR_IDENTIFIER=Intel64 Family 6 Model 140 Stepping 2, GenuineIntel
TMP=C:\Users\danil\AppData\Local\Temp
TEMP=C:\Users\danil\AppData\Local\Temp



Periodic native trim disabled


---------------  S Y S T E M  ---------------

OS:
 Windows 11 , 64 bit Build 26100 (10.0.26100.8328)
OS uptime: 0 days 0:23 hours
Hyper-V role detected

CPU: total 8 (initial active 8) (4 cores per cpu, 2 threads per core) family 6 model 140 stepping 2 microcode 0x16, cx8, cmov, fxsr, ht, mmx, 3dnowpref, sse, sse2, sse3, ssse3, sse4.1, sse4.2, popcnt, lzcnt, tsc, tscinvbit, avx, avx2, aes, erms, clmul, bmi1, bmi2, adx, avx512f, avx512dq, avx512cd, avx512bw, avx512vl, sha, fma, vzeroupper, avx512_vpopcntdq, avx512_vpclmulqdq, avx512_vaes, avx512_vnni, clflush, clflushopt, clwb, avx512_vbmi2, avx512_vbmi, hv
Processor Information for processor 0
  Max Mhz: 2496, Current Mhz: 2496, Mhz Limit: 2496
Processor Information for processor 1
  Max Mhz: 2496, Current Mhz: 998, Mhz Limit: 2496
Processor Information for processor 2
  Max Mhz: 2496, Current Mhz: 998, Mhz Limit: 2496
Processor Information for processor 3
  Max Mhz: 2496, Current Mhz: 2496, Mhz Limit: 2496
Processor Information for processor 4
  Max Mhz: 2496, Current Mhz: 2496, Mhz Limit: 2496
Processor Information for processor 5
  Max Mhz: 2496, Current Mhz: 2496, Mhz Limit: 2496
Processor Information for processor 6
  Max Mhz: 2496, Current Mhz: 2496, Mhz Limit: 2496
Processor Information for processor 7
  Max Mhz: 2496, Current Mhz: 2496, Mhz Limit: 2496

Memory: 4k page, system-wide physical 7975M (1774M free)
TotalPageFile size 17703M (AvailPageFile size 8580M)
current process WorkingSet (physical memory assigned to process): 554M, peak: 561M
current process commit charge ("private bytes"): 549M, peak: 562M

vm_info: OpenJDK 64-Bit Server VM (17.0.14+7) for windows-amd64 JRE (17.0.14+7), built on Jan 21 2025 23:40:15 by "admin" with MS VC++ 17.7 (VS2022)

END.
