#
# A fatal error has been detected by the Java Runtime Environment:
#
#  EXCEPTION_ACCESS_VIOLATION (0xc0000005) at pc=0x00007ffdf360b386, pid=19128, tid=2608
#
# JRE version: OpenJDK Runtime Environment Temurin-17.0.14+7 (17.0.14+7) (build 17.0.14+7)
# Java VM: OpenJDK 64-Bit Server VM Temurin-17.0.14+7 (17.0.14+7, mixed mode, sharing, tiered, compressed oops, compressed class ptrs, g1 gc, windows-amd64)
# Problematic frame:
# C  [igxelpicd64.dll+0x23b386]
#
# No core dump will be written. Minidumps are not enabled by default on client versions of Windows
#
# If you would like to submit a bug report, please visit:
#   https://github.com/adoptium/adoptium-support/issues
#

---------------  S U M M A R Y ------------

Command Line: -agentlib:jdwp=transport=dt_socket,address=8290,server=y,suspend=y,quiet=y -Xms64m -Xmx1024m -Djna.nosys=true -Djava.library.path=;C:\Program Files\Processing\app\resources\core\library;C:\Program Files\Processing;C:\WINDOWS\system32;C:\WINDOWS;C:\Program Files\PlasticSCM5\server;C:\Program Files\PlasticSCM5\client;C:\Program Files\Common Files\Oracle\Java\javapath;C:\Program Files (x86)\Common Files\Oracle\Java\javapath;C:\Windows\System32\HWAudioDriverLibs;C:\Windows\system32;C:\Windows;C:\Windows\System32\Wbem;C:\Windows\System32\WindowsPowerShell\v1.0;C:\Windows\System32\OpenSSH;C:\Program Files\Microsoft SQL Server\150\Tools\Binn;C:\Program Files\Microsoft SQL Server\Client SDK\ODBC\170\Tools\Binn;C:\Program Files\dotnet;D:\Windows Kits\10\Windows Performance Toolkit;C:\Program Files\Java\jdk-23\bin;C:\WINDOWS\system32;C:\WINDOWS;C:\WINDOWS\System32\Wbem;C:\WINDOWS\System32\WindowsPowerShell\v1.0;C:\WINDOWS\System32\OpenSSH;C:\Program Files\nodejs;C:\Program Files\Docker\Docker\resources\bin;C:\Program Files\TortoiseGit\bin;C:\Program Files\Git\cmd;C:\Users\danil\AppData\Local\Programs\Python\Python312\Scripts;C:\Users\danil\AppData\Local\Programs\Python\Python312;C:\Users\danil\AppData\Local\Microsoft\WindowsApps;C:\Users\danil\AppData\Local\Programs\Microsoft VS Code\bin;C:\Users\danil\AppData\Roaming\npm;D:\DataBase\18\bin;C:\Program Files\Processing\app;. -ea processing.core.PApplet --editor-location=-7,-7 --external --display=1 --sketch-path=C:\Users\danil\Desktop\Gravity_simul Gravity_simul

Host: 11th Gen Intel(R) Core(TM) i5-1155G7 @ 2.50GHz, 8 cores, 7G,  Windows 11 , 64 bit Build 26100 (10.0.26100.8328)
Time: Sun Jun 28 14:22:06 2026 RTZ 3 (s 11 , 64 bit Build 26100 (10.0.26100.8328) elapsed time: 10.094721 seconds (0d 0h 0m 10s)

---------------  T H R E A D  ---------------

Current thread (0x000001e39f037510):  VMThread "VM Thread" [stack: 0x00000021df000000,0x00000021df100000] [id=2608]

Stack: [0x00000021df000000,0x00000021df100000],  sp=0x00000021df0fe130,  free space=1016k
Native frames: (J=compiled Java code, j=interpreted, Vv=VM code, C=native code)
C  [igxelpicd64.dll+0x23b386]


siginfo: EXCEPTION_ACCESS_VIOLATION (0xc0000005), reading address 0x0000000000035468


Registers:
RAX=0x000001e3e6cb9740, RBX=0x000001e39fdca490, RCX=0x0000000000000004, RDX=0x0000000000000000
RSP=0x00000021df0fe130, RBP=0x0000000000000000, RSI=0x000001e3e6cb9540, RDI=0x000001e39f831370
R8 =0x000001e3e6cb9640, R9 =0x00000021de565000, R10=0x0000000000000000, R11=0x0000000000000246
R12=0x000001e3e6cb9540, R13=0x0000000000000000, R14=0x000001e3e6cb9a88, R15=0x000001e3e6cb8f70
RIP=0x00007ffdf360b386, EFLAGS=0x0000000000010202


Register to memory mapping:

RIP=0x00007ffdf360b386 igxelpicd64.dll
RAX=0x000001e3e6cb9740 points into unknown readable memory: 0x00000000000229c4 | c4 29 02 00 00 00 00 00
RBX=0x000001e39fdca490 points into unknown readable memory: 0xffffffffffffffff | ff ff ff ff ff ff ff ff
RCX=0x0000000000000004 is an unknown value
RDX=0x0 is NULL
RSP=0x00000021df0fe130 points into unknown readable memory: 0x000001e39fdca490 | 90 a4 dc 9f e3 01 00 00
RBP=0x0 is NULL
RSI=0x000001e3e6cb9540 points into unknown readable memory: 0x000001e39fe30340 | 40 03 e3 9f e3 01 00 00
RDI=0x000001e39f831370 points into unknown readable memory: 0x0000000000000000 | 00 00 00 00 00 00 00 00
R8 =0x000001e3e6cb9640 points into unknown readable memory: 0x0000000000000000 | 00 00 00 00 00 00 00 00
R9 =0x00000021de565000 points into unknown readable memory: 0x0000000000000000 | 00 00 00 00 00 00 00 00
R10=0x0 is NULL
R11=0x0000000000000246 is an unknown value
R12=0x000001e3e6cb9540 points into unknown readable memory: 0x000001e39fe30340 | 40 03 e3 9f e3 01 00 00
R13=0x0 is NULL
R14=0x000001e3e6cb9a88 points into unknown readable memory: 0x000001e3e6cb8f70 | 70 8f cb e6 e3 01 00 00
R15=0x000001e3e6cb8f70 points into unknown readable memory: 0x000001e39fe30340 | 40 03 e3 9f e3 01 00 00


Top of Stack: (sp=0x00000021df0fe130)
0x00000021df0fe130:   000001e39fdca490 00007ffdf3440ab4
0x00000021df0fe140:   0000000000000000 000001e3e6c3b6a0
0x00000021df0fe150:   0000001600000000 0000000000000000
0x00000021df0fe160:   000001e300000000 000001e3e6c37880
0x00000021df0fe170:   000001e39fdca490 000001e3e6bfb300
0x00000021df0fe180:   000001e3e91a0504 000001e3e8e79000
0x00000021df0fe190:   00f399c302908e00 000001e3e6c3bca0
0x00000021df0fe1a0:   038eebc602c88ec5 00007000196fe000
0x00000021df0fe1b0:   033fe8c9034d31c9 00b723ca02c41aca
0x00000021df0fe1c0:   037086ca00000000 033837cb027527cb
0x00000021df0fe1d0:   0385f7cb024d47cb 037086cc005649cc
0x00000021df0fe1e0:   036711cd039807cd 0165f3cf0283bacd
0x00000021df0fe1f0:   036f30d001ba0ad0 036ac6d0039189d0
0x00000021df0fe200:   0000000000000000 0000000000000000
0x00000021df0fe210:   0377c80000000000 00007ffe8d905b54
0x00000021df0fe220:   0000000000000000 0000000000000000
0x00000021df0fe230:   00000021df0fe3d0 00007ffe8b771259
0x00000021df0fe240:   00000021df0fe2c8 0000000000000000
0x00000021df0fe250:   0000000000000054 0000000000000000
0x00000021df0fe260:   0000000000000000 00007ffe8d905cc4
0x00000021df0fe270:   000000007a000004 02f463dc037086da
0x00000021df0fe280:   0000cd7c6a4517b4 001040007a000004
0x00000021df0fe290:   000001e3e6c2ff38 0000000000022de4
0x00000021df0fe2a0:   0000000000000000 0000000000000016
0x00000021df0fe2b0:   0000000000000000 0000000000000000
0x00000021df0fe2c0:   00000021df0fe3d0 00007ffdf36382ae
0x00000021df0fe2d0:   000001e39f831370 0000000000000000
0x00000021df0fe2e0:   000001e39f831370 000010027a000004
0x00000021df0fe2f0:   00000021000009e8 0000740400870000
0x00000021df0fe300:   0000000000000000 037b45ea034834ea
0x00000021df0fe310:   0000000000000000 000010027a000004
0x00000021df0fe320:   035699eb01df7feb 0000000000000000 

Instructions: (pc=0x00007ffdf360b386)
0x00007ffdf360b286:   00 90 4c 8b bf 80 02 00 00 48 8b 05 9a 85 bd 00
0x00007ffdf360b296:   8b 80 c8 0a 00 00 89 44 24 24 c6 44 24 20 00 48
0x00007ffdf360b2a6:   c7 87 80 02 00 00 00 00 00 00 c7 87 88 02 00 00
0x00007ffdf360b2b6:   00 00 00 00 48 c7 87 a0 02 00 00 00 00 00 00 48
0x00007ffdf360b2c6:   c7 87 90 02 00 00 00 00 00 00 48 85 ed 75 3d 8b
0x00007ffdf360b2d6:   35 0d 77 cd 00 65 48 8b 04 25 58 00 00 00 b9 14
0x00007ffdf360b2e6:   00 00 00 48 8b 04 f0 40 38 2c 01 0f 84 c9 e7 75
0x00007ffdf360b2f6:   00 65 48 8b 04 25 58 00 00 00 bd 20 00 00 00 48
0x00007ffdf360b306:   8b 04 f0 48 8b 2c 28 48 89 6c 24 28 48 3b 2d 07
0x00007ffdf360b316:   9b cd 00 0f 84 9b 10 00 00 4d 85 ff 0f 84 3a 01
0x00007ffdf360b326:   00 00 0f 1f 84 00 00 00 00 00 49 8b f7 4d 8b e7
0x00007ffdf360b336:   4d 8d b7 48 05 00 00 4d 8b 3e 45 84 ed 0f 85 d9
0x00007ffdf360b346:   0e 00 00 8b 8f d0 01 00 00 48 8b 05 da 84 bd 00
0x00007ffdf360b356:   83 b8 64 03 00 00 02 75 34 4d 8d 84 24 00 01 00
0x00007ffdf360b366:   00 83 f9 10 0f 83 3a 01 00 00 8b c1 48 c1 e0 06
0x00007ffdf360b376:   49 03 c0 48 85 c0 0f 84 9b 01 00 00 48 8b 50 08
0x00007ffdf360b386:   48 3b 95 68 54 03 00 0f 87 b6 0e 00 00 48 83 be
0x00007ffdf360b396:   c0 05 00 00 00 0f 85 50 e7 75 00 44 8b 8f d0 01
0x00007ffdf360b3a6:   00 00 48 8b 87 e8 01 00 00 4c 8b 00 8b 8f d0 01
0x00007ffdf360b3b6:   00 00 48 8d 9e 00 01 00 00 83 f9 10 0f 83 1e 01
0x00007ffdf360b3c6:   00 00 8b c1 48 c1 e0 06 48 03 c3 48 85 c0 0f 84
0x00007ffdf360b3d6:   4a 01 00 00 4c 39 40 08 0f 86 40 01 00 00 48 8b
0x00007ffdf360b3e6:   87 80 02 00 00 49 89 06 48 89 b7 80 02 00 00 ff
0x00007ffdf360b3f6:   87 88 02 00 00 48 8b 4e 08 48 8b 01 ba 01 00 00
0x00007ffdf360b406:   00 48 8b 80 e0 02 00 00 ff 15 f4 c1 88 00 0f b7
0x00007ffdf360b416:   c8 48 2b c1 48 05 00 00 01 00 48 01 87 90 02 00
0x00007ffdf360b426:   00 48 8b 4e 08 48 8b 01 ba 01 00 00 00 48 8b 80
0x00007ffdf360b436:   e0 02 00 00 ff 15 c8 c1 88 00 48 01 87 a0 02 00
0x00007ffdf360b446:   00 0f b6 54 24 20 4d 85 ff 0f 85 db fe ff ff 84
0x00007ffdf360b456:   d2 0f 85 37 0f 00 00 48 8b 5c 24 40 48 8b cf 80
0x00007ffdf360b466:   7c 24 22 00 0f 85 40 0f 00 00 e8 3b f9 ff ff 90
0x00007ffdf360b476:   48 8b cb ff 15 99 bc 88 00 48 8b 8c 24 50 01 00 


Stack slot to memory mapping:
stack at sp + 0 slots: 0x000001e39fdca490 points into unknown readable memory: 0xffffffffffffffff | ff ff ff ff ff ff ff ff
stack at sp + 1 slots: 0x00007ffdf3440ab4 igxelpicd64.dll
stack at sp + 2 slots: 0x0 is NULL
stack at sp + 3 slots: 0x000001e3e6c3b6a0 points into unknown readable memory: 0x00000000000009b4 | b4 09 00 00 00 00 00 00
stack at sp + 4 slots: 0x0000001600000000 is an unknown value
stack at sp + 5 slots: 0x0 is NULL
stack at sp + 6 slots: 0x000001e300000000 is an unknown value
stack at sp + 7 slots: 0x000001e3e6c37880 points into unknown readable memory: 0x000001e3e6c378f0 | f0 78 c3 e6 e3 01 00 00

VM_Operation (0x00000021e11feea0): Exit, mode: safepoint, requested by thread 0x000001e3e65fccb0


---------------  P R O C E S S  ---------------

Threads class SMR info:
_java_thread_list=0x000001e3e640efb0, length=39, elements={
0x000001e39f03e960, 0x000001e39f042350, 0x000001e39f0584e0, 0x000001e39f058db0,
0x000001e39f059680, 0x000001e39f05bf60, 0x000001e39f05eb70, 0x000001e39f061490,
0x000001e39f062ae0, 0x000001e39f2ede00, 0x000001e39f2de3c0, 0x000001e39f2dec50,
0x000001e39f2f46b0, 0x000001e39f315b70, 0x000001e39f5ddff0, 0x000001e3e65fc2f0,
0x000001e3e65fccb0, 0x000001e3831dbf10, 0x000001e3f6cfc7e0, 0x000001e3e6650b90,
0x000001e3e66510a0, 0x000001e3e6650680, 0x000001e3e66515b0, 0x000001e3e6651ac0,
0x000001e3e6650170, 0x000001e3f6d37ed0, 0x000001e3f6d3a240, 0x000001e3f6d36a90,
0x000001e3f6d383e0, 0x000001e3f6d39d30, 0x000001e3f6d388f0, 0x000001e3f6d36fa0,
0x000001e3f6d3ac60, 0x000001e3f6d3a750, 0x000001e3f6d374b0, 0x000001e3f6d38e00,
0x000001e3f6d39310, 0x000001e3f6d39820, 0x000001e3f6d3c5b0
}

Java Threads: ( => current thread )
  0x000001e39f03e960 JavaThread "Reference Handler" daemon [_thread_blocked, id=13212, stack(0x00000021df100000,0x00000021df200000)]
  0x000001e39f042350 JavaThread "Finalizer" daemon [_thread_blocked, id=12000, stack(0x00000021df200000,0x00000021df300000)]
  0x000001e39f0584e0 JavaThread "Signal Dispatcher" daemon [_thread_blocked, id=11768, stack(0x00000021df300000,0x00000021df400000)]
  0x000001e39f058db0 JavaThread "Attach Listener" daemon [_thread_blocked, id=17544, stack(0x00000021df400000,0x00000021df500000)]
  0x000001e39f059680 JavaThread "Service Thread" daemon [_thread_blocked, id=2928, stack(0x00000021df500000,0x00000021df600000)]
  0x000001e39f05bf60 JavaThread "Monitor Deflation Thread" daemon [_thread_blocked, id=1784, stack(0x00000021df600000,0x00000021df700000)]
  0x000001e39f05eb70 JavaThread "C2 CompilerThread0" daemon [_thread_blocked, id=6876, stack(0x00000021df700000,0x00000021df800000)]
  0x000001e39f061490 JavaThread "C1 CompilerThread0" daemon [_thread_blocked, id=15752, stack(0x00000021df800000,0x00000021df900000)]
  0x000001e39f062ae0 JavaThread "Sweeper thread" daemon [_thread_blocked, id=16656, stack(0x00000021df900000,0x00000021dfa00000)]
  0x000001e39f2ede00 JavaThread "JDWP Transport Listener: dt_socket" daemon [_thread_blocked, id=17984, stack(0x00000021dfa00000,0x00000021dfb00000)]
  0x000001e39f2de3c0 JavaThread "JDWP Event Helper Thread" daemon [_thread_blocked, id=11004, stack(0x00000021dfb00000,0x00000021dfc00000)]
  0x000001e39f2dec50 JavaThread "JDWP Command Reader" daemon [_thread_blocked, id=6840, stack(0x00000021dfc00000,0x00000021dfd00000)]
  0x000001e39f2f46b0 JavaThread "Notification Thread" daemon [_thread_blocked, id=4108, stack(0x00000021dfd00000,0x00000021dfe00000)]
  0x000001e39f315b70 JavaThread "Common-Cleaner" daemon [_thread_blocked, id=10876, stack(0x00000021dff00000,0x00000021e0000000)]
  0x000001e39f5ddff0 JavaThread "Java2D Disposer" daemon [_thread_blocked, id=1212, stack(0x00000021e0000000,0x00000021e0100000)]
  0x000001e3e65fc2f0 JavaThread "HighResTimerThread" daemon [_thread_blocked, id=16288, stack(0x00000021e0f00000,0x00000021e1000000)]
  0x000001e3e65fccb0 JavaThread "main-FPSAWTAnimator#00-Timer0" [_thread_blocked, id=6916, stack(0x00000021e1100000,0x00000021e1200000)]
  0x000001e3831dbf10 JavaThread "DestroyJavaVM" [_thread_blocked, id=15568, stack(0x00000021dea00000,0x00000021deb00000)]
  0x000001e3f6cfc7e0 JavaThread "pool-1-thread-1" [_thread_blocked, id=5792, stack(0x00000021e1500000,0x00000021e1600000)]
  0x000001e3e6650b90 JavaThread "pool-1-thread-2" [_thread_blocked, id=13516, stack(0x00000021e1600000,0x00000021e1700000)]
  0x000001e3e66510a0 JavaThread "pool-1-thread-3" [_thread_blocked, id=12192, stack(0x00000021e1700000,0x00000021e1800000)]
  0x000001e3e6650680 JavaThread "pool-1-thread-4" [_thread_blocked, id=14244, stack(0x00000021e1800000,0x00000021e1900000)]
  0x000001e3e66515b0 JavaThread "pool-1-thread-5" [_thread_blocked, id=8344, stack(0x00000021e1900000,0x00000021e1a00000)]
  0x000001e3e6651ac0 JavaThread "pool-1-thread-6" [_thread_blocked, id=18232, stack(0x00000021e1a00000,0x00000021e1b00000)]
  0x000001e3e6650170 JavaThread "pool-1-thread-7" [_thread_blocked, id=10836, stack(0x00000021e1b00000,0x00000021e1c00000)]
  0x000001e3f6d37ed0 JavaThread "pool-1-thread-8" [_thread_blocked, id=13884, stack(0x00000021e1c00000,0x00000021e1d00000)]
  0x000001e3f6d3a240 JavaThread "pool-1-thread-9" [_thread_blocked, id=19072, stack(0x00000021e1d00000,0x00000021e1e00000)]
  0x000001e3f6d36a90 JavaThread "pool-1-thread-10" [_thread_blocked, id=1080, stack(0x00000021e1e00000,0x00000021e1f00000)]
  0x000001e3f6d383e0 JavaThread "pool-1-thread-11" [_thread_blocked, id=18872, stack(0x00000021e1f00000,0x00000021e2000000)]
  0x000001e3f6d39d30 JavaThread "pool-1-thread-12" [_thread_blocked, id=15836, stack(0x00000021e2000000,0x00000021e2100000)]
  0x000001e3f6d388f0 JavaThread "pool-1-thread-13" [_thread_blocked, id=3372, stack(0x00000021e2100000,0x00000021e2200000)]
  0x000001e3f6d36fa0 JavaThread "pool-1-thread-14" [_thread_blocked, id=14056, stack(0x00000021e2200000,0x00000021e2300000)]
  0x000001e3f6d3ac60 JavaThread "pool-1-thread-15" [_thread_blocked, id=1808, stack(0x00000021e2300000,0x00000021e2400000)]
  0x000001e3f6d3a750 JavaThread "pool-1-thread-16" [_thread_blocked, id=16088, stack(0x00000021e2400000,0x00000021e2500000)]
  0x000001e3f6d374b0 JavaThread "pool-1-thread-17" [_thread_blocked, id=13804, stack(0x00000021e2500000,0x00000021e2600000)]
  0x000001e3f6d38e00 JavaThread "pool-1-thread-18" [_thread_blocked, id=16096, stack(0x00000021e2600000,0x00000021e2700000)]
  0x000001e3f6d39310 JavaThread "pool-1-thread-19" [_thread_blocked, id=19068, stack(0x00000021e2700000,0x00000021e2800000)]
  0x000001e3f6d39820 JavaThread "pool-1-thread-20" [_thread_blocked, id=14564, stack(0x00000021e2800000,0x00000021e2900000)]
  0x000001e3f6d3c5b0 JavaThread "AWT-Shutdown" [_thread_blocked, id=4876, stack(0x00000021e1000000,0x00000021e1100000)]

Other Threads:
=>0x000001e39f037510 VMThread "VM Thread" [stack: 0x00000021df000000,0x00000021df100000] [id=2608]
  0x000001e38321d9d0 GCTaskThread "GC Thread#0" [stack: 0x00000021deb00000,0x00000021dec00000] [id=2592]
  0x000001e3e6103c60 GCTaskThread "GC Thread#1" [stack: 0x00000021e0800000,0x00000021e0900000] [id=18040]
  0x000001e3e6103f20 GCTaskThread "GC Thread#2" [stack: 0x00000021e0900000,0x00000021e0a00000] [id=14936]
  0x000001e3e61045f0 GCTaskThread "GC Thread#3" [stack: 0x00000021e0a00000,0x00000021e0b00000] [id=5256]
  0x000001e3e61068c0 GCTaskThread "GC Thread#4" [stack: 0x00000021e0b00000,0x00000021e0c00000] [id=3144]
  0x000001e3e6106b80 GCTaskThread "GC Thread#5" [stack: 0x00000021e0c00000,0x00000021e0d00000] [id=1220]
  0x000001e3e6154660 GCTaskThread "GC Thread#6" [stack: 0x00000021e0d00000,0x00000021e0e00000] [id=3388]
  0x000001e3e6154920 GCTaskThread "GC Thread#7" [stack: 0x00000021e0e00000,0x00000021e0f00000] [id=2628]
  0x000001e383227840 ConcurrentGCThread "G1 Main Marker" terminated
  0x000001e383228170 ConcurrentGCThread "G1 Conc#0" [stack: 0x00000021ded00000,0x00000021dee00000] [id=17504]
  0x000001e3e698c870 ConcurrentGCThread "G1 Conc#1" [stack: 0x00000021e2900000,0x00000021e2a00000] [id=12016]
  0x000001e38328ecc0 ConcurrentGCThread "G1 Refine#0" terminated
  0x000001e39eefbaf0 ConcurrentGCThread "G1 Service" terminated

Threads with active compile tasks:

VM state: at safepoint (shutting down)

VM Mutex/Monitor currently owned by a thread:  ([mutex/lock_event])
[0x000001e3831d9350] Threads_lock - owner thread: 0x000001e39f037510
[0x000001e3831d9110] Heap_lock - owner thread: 0x000001e3e65fccb0

Heap address: 0x00000000c0000000, size: 1024 MB, Compressed Oops mode: 32-bit

CDS archive(s) mapped at: [0x000001e3a0000000-0x000001e3a0bb0000-0x000001e3a0bb0000), size 12255232, SharedBaseAddress: 0x000001e3a0000000, ArchiveRelocationMode: 1.
Compressed class space mapped at: 0x000001e3a1000000-0x000001e3e1000000, reserved size: 1073741824
Narrow klass base: 0x000001e3a0000000, Narrow klass shift: 0, Narrow klass range: 0x100000000

GC Precious Log:
 CPUs: 8 total, 8 available
 Memory: 7975M
 Large Page Support: Disabled
 NUMA Support: Disabled
 Compressed Oops: Enabled (32-bit)
 Heap Region Size: 1M
 Heap Min Capacity: 64M
 Heap Initial Capacity: 64M
 Heap Max Capacity: 1G
 Pre-touch: Disabled
 Parallel Workers: 8
 Concurrent Workers: 2
 Concurrent Refinement Workers: 8
 Periodic GC: Disabled

Heap:
 garbage-first heap   total 150528K, used 95554K [0x00000000c0000000, 0x0000000100000000)
  region size 1024K, 13 young (13312K), 1 survivors (1024K)
 Metaspace       used 12944K, committed 13120K, reserved 1114112K
  class space    used 918K, committed 1024K, reserved 1048576K

Heap Regions: E=young(eden), S=young(survivor), O=old, HS=humongous(starts), HC=humongous(continues), CS=collection set, F=free, OA=open archive, CA=closed archive, TAMS=top-at-mark-start (previous, next)
|   0|0x00000000c0000000, 0x00000000c0100000, 0x00000000c0100000|100%| O|  |TAMS 0x00000000c0100000, 0x00000000c0000000| Untracked 
|   1|0x00000000c0100000, 0x00000000c0200000, 0x00000000c0200000|100%| O|  |TAMS 0x00000000c0200000, 0x00000000c0100000| Untracked 
|   2|0x00000000c0200000, 0x00000000c0300000, 0x00000000c0300000|100%| O|  |TAMS 0x00000000c0300000, 0x00000000c0200000| Untracked 
|   3|0x00000000c0300000, 0x00000000c0400000, 0x00000000c0400000|100%| O|  |TAMS 0x00000000c0400000, 0x00000000c0300000| Untracked 
|   4|0x00000000c0400000, 0x00000000c0500000, 0x00000000c0500000|100%| O|  |TAMS 0x00000000c0500000, 0x00000000c0400000| Untracked 
|   5|0x00000000c0500000, 0x00000000c0600000, 0x00000000c0600000|100%| O|  |TAMS 0x00000000c0600000, 0x00000000c0500000| Untracked 
|   6|0x00000000c0600000, 0x00000000c0700000, 0x00000000c0700000|100%| O|  |TAMS 0x00000000c0700000, 0x00000000c0600000| Untracked 
|   7|0x00000000c0700000, 0x00000000c0800000, 0x00000000c0800000|100%| O|  |TAMS 0x00000000c0800000, 0x00000000c0700000| Untracked 
|   8|0x00000000c0800000, 0x00000000c0800000, 0x00000000c0900000|  0%| F|  |TAMS 0x00000000c0800000, 0x00000000c0800000| Untracked 
|   9|0x00000000c0900000, 0x00000000c0a00000, 0x00000000c0a00000|100%| O|  |TAMS 0x00000000c0a00000, 0x00000000c0900000| Untracked 
|  10|0x00000000c0a00000, 0x00000000c0b00000, 0x00000000c0b00000|100%|HS|  |TAMS 0x00000000c0b00000, 0x00000000c0a00000| Complete 
|  11|0x00000000c0b00000, 0x00000000c0c00000, 0x00000000c0c00000|100%|HC|  |TAMS 0x00000000c0c00000, 0x00000000c0b00000| Complete 
|  12|0x00000000c0c00000, 0x00000000c0d00000, 0x00000000c0d00000|100%|HC|  |TAMS 0x00000000c0d00000, 0x00000000c0c00000| Complete 
|  13|0x00000000c0d00000, 0x00000000c0e00000, 0x00000000c0e00000|100%|HC|  |TAMS 0x00000000c0e00000, 0x00000000c0d00000| Complete 
|  14|0x00000000c0e00000, 0x00000000c0f00000, 0x00000000c0f00000|100%|HC|  |TAMS 0x00000000c0f00000, 0x00000000c0e00000| Complete 
|  15|0x00000000c0f00000, 0x00000000c1000000, 0x00000000c1000000|100%|HC|  |TAMS 0x00000000c1000000, 0x00000000c0f00000| Complete 
|  16|0x00000000c1000000, 0x00000000c1100000, 0x00000000c1100000|100%|HC|  |TAMS 0x00000000c1100000, 0x00000000c1000000| Complete 
|  17|0x00000000c1100000, 0x00000000c1200000, 0x00000000c1200000|100%|HC|  |TAMS 0x00000000c1200000, 0x00000000c1100000| Complete 
|  18|0x00000000c1200000, 0x00000000c1300000, 0x00000000c1300000|100%|HC|  |TAMS 0x00000000c1300000, 0x00000000c1200000| Complete 
|  19|0x00000000c1300000, 0x00000000c1400000, 0x00000000c1400000|100%|HC|  |TAMS 0x00000000c1400000, 0x00000000c1300000| Complete 
|  20|0x00000000c1400000, 0x00000000c1500000, 0x00000000c1500000|100%|HC|  |TAMS 0x00000000c1500000, 0x00000000c1400000| Complete 
|  21|0x00000000c1500000, 0x00000000c1600000, 0x00000000c1600000|100%|HC|  |TAMS 0x00000000c1600000, 0x00000000c1500000| Complete 
|  22|0x00000000c1600000, 0x00000000c1700000, 0x00000000c1700000|100%|HC|  |TAMS 0x00000000c1700000, 0x00000000c1600000| Complete 
|  23|0x00000000c1700000, 0x00000000c1800000, 0x00000000c1800000|100%|HC|  |TAMS 0x00000000c1800000, 0x00000000c1700000| Complete 
|  24|0x00000000c1800000, 0x00000000c1900000, 0x00000000c1900000|100%|HC|  |TAMS 0x00000000c1900000, 0x00000000c1800000| Complete 
|  25|0x00000000c1900000, 0x00000000c1a00000, 0x00000000c1a00000|100%|HC|  |TAMS 0x00000000c1a00000, 0x00000000c1900000| Complete 
|  26|0x00000000c1a00000, 0x00000000c1b00000, 0x00000000c1b00000|100%|HC|  |TAMS 0x00000000c1b00000, 0x00000000c1a00000| Complete 
|  27|0x00000000c1b00000, 0x00000000c1c00000, 0x00000000c1c00000|100%| O|  |TAMS 0x00000000c1c00000, 0x00000000c1b00000| Untracked 
|  28|0x00000000c1c00000, 0x00000000c1c61e00, 0x00000000c1d00000| 38%| O|  |TAMS 0x00000000c1c61e00, 0x00000000c1c00000| Untracked 
|  29|0x00000000c1d00000, 0x00000000c1e00000, 0x00000000c1e00000|100%|HS|  |TAMS 0x00000000c1e00000, 0x00000000c1d00000| Complete 
|  30|0x00000000c1e00000, 0x00000000c1f00000, 0x00000000c1f00000|100%|HC|  |TAMS 0x00000000c1f00000, 0x00000000c1e00000| Complete 
|  31|0x00000000c1f00000, 0x00000000c2000000, 0x00000000c2000000|100%|HC|  |TAMS 0x00000000c2000000, 0x00000000c1f00000| Complete 
|  32|0x00000000c2000000, 0x00000000c2100000, 0x00000000c2100000|100%|HC|  |TAMS 0x00000000c2100000, 0x00000000c2000000| Complete 
|  33|0x00000000c2100000, 0x00000000c2200000, 0x00000000c2200000|100%|HC|  |TAMS 0x00000000c2200000, 0x00000000c2100000| Complete 
|  34|0x00000000c2200000, 0x00000000c2300000, 0x00000000c2300000|100%|HS|  |TAMS 0x00000000c2300000, 0x00000000c2200000| Complete 
|  35|0x00000000c2300000, 0x00000000c2400000, 0x00000000c2400000|100%|HC|  |TAMS 0x00000000c2400000, 0x00000000c2300000| Complete 
|  36|0x00000000c2400000, 0x00000000c2500000, 0x00000000c2500000|100%|HC|  |TAMS 0x00000000c2500000, 0x00000000c2400000| Complete 
|  37|0x00000000c2500000, 0x00000000c2600000, 0x00000000c2600000|100%|HC|  |TAMS 0x00000000c2600000, 0x00000000c2500000| Complete 
|  38|0x00000000c2600000, 0x00000000c2700000, 0x00000000c2700000|100%|HC|  |TAMS 0x00000000c2700000, 0x00000000c2600000| Complete 
|  39|0x00000000c2700000, 0x00000000c2800000, 0x00000000c2800000|100%|HC|  |TAMS 0x00000000c2800000, 0x00000000c2700000| Complete 
|  40|0x00000000c2800000, 0x00000000c2900000, 0x00000000c2900000|100%|HC|  |TAMS 0x00000000c2900000, 0x00000000c2800000| Complete 
|  41|0x00000000c2900000, 0x00000000c2a00000, 0x00000000c2a00000|100%|HC|  |TAMS 0x00000000c2a00000, 0x00000000c2900000| Complete 
|  42|0x00000000c2a00000, 0x00000000c2b00000, 0x00000000c2b00000|100%|HC|  |TAMS 0x00000000c2b00000, 0x00000000c2a00000| Complete 
|  43|0x00000000c2b00000, 0x00000000c2c00000, 0x00000000c2c00000|100%|HC|  |TAMS 0x00000000c2c00000, 0x00000000c2b00000| Complete 
|  44|0x00000000c2c00000, 0x00000000c2d00000, 0x00000000c2d00000|100%|HC|  |TAMS 0x00000000c2d00000, 0x00000000c2c00000| Complete 
|  45|0x00000000c2d00000, 0x00000000c2e00000, 0x00000000c2e00000|100%|HC|  |TAMS 0x00000000c2e00000, 0x00000000c2d00000| Complete 
|  46|0x00000000c2e00000, 0x00000000c2f00000, 0x00000000c2f00000|100%|HC|  |TAMS 0x00000000c2f00000, 0x00000000c2e00000| Complete 
|  47|0x00000000c2f00000, 0x00000000c3000000, 0x00000000c3000000|100%|HS|  |TAMS 0x00000000c3000000, 0x00000000c2f00000| Complete 
|  48|0x00000000c3000000, 0x00000000c3100000, 0x00000000c3100000|100%|HC|  |TAMS 0x00000000c3100000, 0x00000000c3000000| Complete 
|  49|0x00000000c3100000, 0x00000000c3200000, 0x00000000c3200000|100%|HC|  |TAMS 0x00000000c3200000, 0x00000000c3100000| Complete 
|  50|0x00000000c3200000, 0x00000000c3300000, 0x00000000c3300000|100%|HC|  |TAMS 0x00000000c3300000, 0x00000000c3200000| Complete 
|  51|0x00000000c3300000, 0x00000000c3400000, 0x00000000c3400000|100%|HC|  |TAMS 0x00000000c3400000, 0x00000000c3300000| Complete 
|  52|0x00000000c3400000, 0x00000000c3500000, 0x00000000c3500000|100%|HC|  |TAMS 0x00000000c3500000, 0x00000000c3400000| Complete 
|  53|0x00000000c3500000, 0x00000000c3600000, 0x00000000c3600000|100%|HC|  |TAMS 0x00000000c3600000, 0x00000000c3500000| Complete 
|  54|0x00000000c3600000, 0x00000000c3700000, 0x00000000c3700000|100%|HC|  |TAMS 0x00000000c3700000, 0x00000000c3600000| Complete 
|  55|0x00000000c3700000, 0x00000000c3800000, 0x00000000c3800000|100%|HC|  |TAMS 0x00000000c3800000, 0x00000000c3700000| Complete 
|  56|0x00000000c3800000, 0x00000000c3900000, 0x00000000c3900000|100%| O|  |TAMS 0x00000000c3900000, 0x00000000c3800000| Untracked 
|  57|0x00000000c3900000, 0x00000000c3a00000, 0x00000000c3a00000|100%| O|  |TAMS 0x00000000c3a00000, 0x00000000c3900000| Untracked 
|  58|0x00000000c3a00000, 0x00000000c3b00000, 0x00000000c3b00000|100%|HS|  |TAMS 0x00000000c3b00000, 0x00000000c3a00000| Complete 
|  59|0x00000000c3b00000, 0x00000000c3c00000, 0x00000000c3c00000|100%|HC|  |TAMS 0x00000000c3c00000, 0x00000000c3b00000| Complete 
|  60|0x00000000c3c00000, 0x00000000c3d00000, 0x00000000c3d00000|100%|HC|  |TAMS 0x00000000c3d00000, 0x00000000c3c00000| Complete 
|  61|0x00000000c3d00000, 0x00000000c3e00000, 0x00000000c3e00000|100%|HC|  |TAMS 0x00000000c3e00000, 0x00000000c3d00000| Complete 
|  62|0x00000000c3e00000, 0x00000000c3f00000, 0x00000000c3f00000|100%|HC|  |TAMS 0x00000000c3f00000, 0x00000000c3e00000| Complete 
|  63|0x00000000c3f00000, 0x00000000c3f00000, 0x00000000c4000000|  0%| F|  |TAMS 0x00000000c3f00000, 0x00000000c3f00000| Untracked 
|  64|0x00000000c4000000, 0x00000000c4100000, 0x00000000c4100000|100%|HS|  |TAMS 0x00000000c4100000, 0x00000000c4000000| Complete 
|  65|0x00000000c4100000, 0x00000000c4200000, 0x00000000c4200000|100%|HC|  |TAMS 0x00000000c4200000, 0x00000000c4100000| Complete 
|  66|0x00000000c4200000, 0x00000000c4300000, 0x00000000c4300000|100%|HC|  |TAMS 0x00000000c4300000, 0x00000000c4200000| Complete 
|  67|0x00000000c4300000, 0x00000000c4400000, 0x00000000c4400000|100%|HC|  |TAMS 0x00000000c4400000, 0x00000000c4300000| Complete 
|  68|0x00000000c4400000, 0x00000000c4500000, 0x00000000c4500000|100%|HC|  |TAMS 0x00000000c4500000, 0x00000000c4400000| Complete 
|  69|0x00000000c4500000, 0x00000000c4600000, 0x00000000c4600000|100%|HS|  |TAMS 0x00000000c4600000, 0x00000000c4500000| Complete 
|  70|0x00000000c4600000, 0x00000000c4700000, 0x00000000c4700000|100%|HC|  |TAMS 0x00000000c4700000, 0x00000000c4600000| Complete 
|  71|0x00000000c4700000, 0x00000000c4800000, 0x00000000c4800000|100%|HC|  |TAMS 0x00000000c4800000, 0x00000000c4700000| Complete 
|  72|0x00000000c4800000, 0x00000000c4900000, 0x00000000c4900000|100%|HC|  |TAMS 0x00000000c4900000, 0x00000000c4800000| Complete 
|  73|0x00000000c4900000, 0x00000000c4a00000, 0x00000000c4a00000|100%|HC|  |TAMS 0x00000000c4a00000, 0x00000000c4900000| Complete 
|  74|0x00000000c4a00000, 0x00000000c4b00000, 0x00000000c4b00000|100%|HS|  |TAMS 0x00000000c4b00000, 0x00000000c4a00000| Complete 
|  75|0x00000000c4b00000, 0x00000000c4c00000, 0x00000000c4c00000|100%|HC|  |TAMS 0x00000000c4c00000, 0x00000000c4b00000| Complete 
|  76|0x00000000c4c00000, 0x00000000c4d00000, 0x00000000c4d00000|100%|HC|  |TAMS 0x00000000c4d00000, 0x00000000c4c00000| Complete 
|  77|0x00000000c4d00000, 0x00000000c4e00000, 0x00000000c4e00000|100%|HC|  |TAMS 0x00000000c4e00000, 0x00000000c4d00000| Complete 
|  78|0x00000000c4e00000, 0x00000000c4f00000, 0x00000000c4f00000|100%|HC|  |TAMS 0x00000000c4f00000, 0x00000000c4e00000| Complete 
|  79|0x00000000c4f00000, 0x00000000c5000000, 0x00000000c5000000|100%|HS|  |TAMS 0x00000000c5000000, 0x00000000c4f00000| Complete 
|  80|0x00000000c5000000, 0x00000000c5100000, 0x00000000c5100000|100%|HC|  |TAMS 0x00000000c5100000, 0x00000000c5000000| Complete 
|  81|0x00000000c5100000, 0x00000000c5200000, 0x00000000c5200000|100%|HC|  |TAMS 0x00000000c5200000, 0x00000000c5100000| Complete 
|  82|0x00000000c5200000, 0x00000000c5300000, 0x00000000c5300000|100%|HC|  |TAMS 0x00000000c5300000, 0x00000000c5200000| Complete 
|  83|0x00000000c5300000, 0x00000000c5400000, 0x00000000c5400000|100%|HC|  |TAMS 0x00000000c5400000, 0x00000000c5300000| Complete 
|  84|0x00000000c5400000, 0x00000000c5400000, 0x00000000c5500000|  0%| F|  |TAMS 0x00000000c5400000, 0x00000000c5400000| Untracked 
|  85|0x00000000c5500000, 0x00000000c5500000, 0x00000000c5600000|  0%| F|  |TAMS 0x00000000c5500000, 0x00000000c5500000| Untracked 
|  86|0x00000000c5600000, 0x00000000c5600000, 0x00000000c5700000|  0%| F|  |TAMS 0x00000000c5600000, 0x00000000c5600000| Untracked 
|  87|0x00000000c5700000, 0x00000000c5700000, 0x00000000c5800000|  0%| F|  |TAMS 0x00000000c5700000, 0x00000000c5700000| Untracked 
|  88|0x00000000c5800000, 0x00000000c5800000, 0x00000000c5900000|  0%| F|  |TAMS 0x00000000c5800000, 0x00000000c5800000| Untracked 
|  89|0x00000000c5900000, 0x00000000c5900000, 0x00000000c5a00000|  0%| F|  |TAMS 0x00000000c5900000, 0x00000000c5900000| Untracked 
|  90|0x00000000c5a00000, 0x00000000c5a00000, 0x00000000c5b00000|  0%| F|  |TAMS 0x00000000c5a00000, 0x00000000c5a00000| Untracked 
|  91|0x00000000c5b00000, 0x00000000c5b00000, 0x00000000c5c00000|  0%| F|  |TAMS 0x00000000c5b00000, 0x00000000c5b00000| Untracked 
|  92|0x00000000c5c00000, 0x00000000c5c00000, 0x00000000c5d00000|  0%| F|  |TAMS 0x00000000c5c00000, 0x00000000c5c00000| Untracked 
|  93|0x00000000c5d00000, 0x00000000c5d00000, 0x00000000c5e00000|  0%| F|  |TAMS 0x00000000c5d00000, 0x00000000c5d00000| Untracked 
|  94|0x00000000c5e00000, 0x00000000c5e00000, 0x00000000c5f00000|  0%| F|  |TAMS 0x00000000c5e00000, 0x00000000c5e00000| Untracked 
|  95|0x00000000c5f00000, 0x00000000c5f00000, 0x00000000c6000000|  0%| F|  |TAMS 0x00000000c5f00000, 0x00000000c5f00000| Untracked 
|  96|0x00000000c6000000, 0x00000000c6000000, 0x00000000c6100000|  0%| F|  |TAMS 0x00000000c6000000, 0x00000000c6000000| Untracked 
|  97|0x00000000c6100000, 0x00000000c6100000, 0x00000000c6200000|  0%| F|  |TAMS 0x00000000c6100000, 0x00000000c6100000| Untracked 
|  98|0x00000000c6200000, 0x00000000c6200000, 0x00000000c6300000|  0%| F|  |TAMS 0x00000000c6200000, 0x00000000c6200000| Untracked 
|  99|0x00000000c6300000, 0x00000000c6300000, 0x00000000c6400000|  0%| F|  |TAMS 0x00000000c6300000, 0x00000000c6300000| Untracked 
| 100|0x00000000c6400000, 0x00000000c6400000, 0x00000000c6500000|  0%| F|  |TAMS 0x00000000c6400000, 0x00000000c6400000| Untracked 
| 101|0x00000000c6500000, 0x00000000c6500000, 0x00000000c6600000|  0%| F|  |TAMS 0x00000000c6500000, 0x00000000c6500000| Untracked 
| 102|0x00000000c6600000, 0x00000000c6600000, 0x00000000c6700000|  0%| F|  |TAMS 0x00000000c6600000, 0x00000000c6600000| Untracked 
| 103|0x00000000c6700000, 0x00000000c6700000, 0x00000000c6800000|  0%| F|  |TAMS 0x00000000c6700000, 0x00000000c6700000| Untracked 
| 104|0x00000000c6800000, 0x00000000c6800000, 0x00000000c6900000|  0%| F|  |TAMS 0x00000000c6800000, 0x00000000c6800000| Untracked 
| 105|0x00000000c6900000, 0x00000000c6900000, 0x00000000c6a00000|  0%| F|  |TAMS 0x00000000c6900000, 0x00000000c6900000| Untracked 
| 106|0x00000000c6a00000, 0x00000000c6aeeb60, 0x00000000c6b00000| 93%| S|CS|TAMS 0x00000000c6a00000, 0x00000000c6a00000| Complete 
| 107|0x00000000c6b00000, 0x00000000c6b00000, 0x00000000c6c00000|  0%| F|  |TAMS 0x00000000c6b00000, 0x00000000c6b00000| Untracked 
| 108|0x00000000c6c00000, 0x00000000c6c00000, 0x00000000c6d00000|  0%| F|  |TAMS 0x00000000c6c00000, 0x00000000c6c00000| Untracked 
| 109|0x00000000c6d00000, 0x00000000c6d00000, 0x00000000c6e00000|  0%| F|  |TAMS 0x00000000c6d00000, 0x00000000c6d00000| Untracked 
| 110|0x00000000c6e00000, 0x00000000c6e00000, 0x00000000c6f00000|  0%| F|  |TAMS 0x00000000c6e00000, 0x00000000c6e00000| Untracked 
| 111|0x00000000c6f00000, 0x00000000c6f00000, 0x00000000c7000000|  0%| F|  |TAMS 0x00000000c6f00000, 0x00000000c6f00000| Untracked 
| 112|0x00000000c7000000, 0x00000000c7000000, 0x00000000c7100000|  0%| F|  |TAMS 0x00000000c7000000, 0x00000000c7000000| Untracked 
| 113|0x00000000c7100000, 0x00000000c7100000, 0x00000000c7200000|  0%| F|  |TAMS 0x00000000c7100000, 0x00000000c7100000| Untracked 
| 114|0x00000000c7200000, 0x00000000c7200000, 0x00000000c7300000|  0%| F|  |TAMS 0x00000000c7200000, 0x00000000c7200000| Untracked 
| 115|0x00000000c7300000, 0x00000000c7300000, 0x00000000c7400000|  0%| F|  |TAMS 0x00000000c7300000, 0x00000000c7300000| Untracked 
| 116|0x00000000c7400000, 0x00000000c7400000, 0x00000000c7500000|  0%| F|  |TAMS 0x00000000c7400000, 0x00000000c7400000| Untracked 
| 117|0x00000000c7500000, 0x00000000c7500000, 0x00000000c7600000|  0%| F|  |TAMS 0x00000000c7500000, 0x00000000c7500000| Untracked 
| 118|0x00000000c7600000, 0x00000000c7600000, 0x00000000c7700000|  0%| F|  |TAMS 0x00000000c7600000, 0x00000000c7600000| Untracked 
| 119|0x00000000c7700000, 0x00000000c7700000, 0x00000000c7800000|  0%| F|  |TAMS 0x00000000c7700000, 0x00000000c7700000| Untracked 
| 120|0x00000000c7800000, 0x00000000c7800000, 0x00000000c7900000|  0%| F|  |TAMS 0x00000000c7800000, 0x00000000c7800000| Untracked 
| 121|0x00000000c7900000, 0x00000000c7900000, 0x00000000c7a00000|  0%| F|  |TAMS 0x00000000c7900000, 0x00000000c7900000| Untracked 
| 122|0x00000000c7a00000, 0x00000000c7a00000, 0x00000000c7b00000|  0%| F|  |TAMS 0x00000000c7a00000, 0x00000000c7a00000| Untracked 
| 123|0x00000000c7b00000, 0x00000000c7b00000, 0x00000000c7c00000|  0%| F|  |TAMS 0x00000000c7b00000, 0x00000000c7b00000| Untracked 
| 124|0x00000000c7c00000, 0x00000000c7c00000, 0x00000000c7d00000|  0%| F|  |TAMS 0x00000000c7c00000, 0x00000000c7c00000| Untracked 
| 125|0x00000000c7d00000, 0x00000000c7d00000, 0x00000000c7e00000|  0%| F|  |TAMS 0x00000000c7d00000, 0x00000000c7d00000| Untracked 
| 126|0x00000000c7e00000, 0x00000000c7e00000, 0x00000000c7f00000|  0%| F|  |TAMS 0x00000000c7e00000, 0x00000000c7e00000| Untracked 
| 127|0x00000000c7f00000, 0x00000000c7f00000, 0x00000000c8000000|  0%| F|  |TAMS 0x00000000c7f00000, 0x00000000c7f00000| Untracked 
| 128|0x00000000c8000000, 0x00000000c8000000, 0x00000000c8100000|  0%| F|  |TAMS 0x00000000c8000000, 0x00000000c8000000| Untracked 
| 129|0x00000000c8100000, 0x00000000c8100000, 0x00000000c8200000|  0%| F|  |TAMS 0x00000000c8100000, 0x00000000c8100000| Untracked 
| 130|0x00000000c8200000, 0x00000000c8200000, 0x00000000c8300000|  0%| F|  |TAMS 0x00000000c8200000, 0x00000000c8200000| Untracked 
| 131|0x00000000c8300000, 0x00000000c8300000, 0x00000000c8400000|  0%| F|  |TAMS 0x00000000c8300000, 0x00000000c8300000| Untracked 
| 132|0x00000000c8400000, 0x00000000c8400000, 0x00000000c8500000|  0%| F|  |TAMS 0x00000000c8400000, 0x00000000c8400000| Untracked 
| 133|0x00000000c8500000, 0x00000000c8500000, 0x00000000c8600000|  0%| F|  |TAMS 0x00000000c8500000, 0x00000000c8500000| Untracked 
| 134|0x00000000c8600000, 0x00000000c8600000, 0x00000000c8700000|  0%| F|  |TAMS 0x00000000c8600000, 0x00000000c8600000| Untracked 
| 135|0x00000000c8700000, 0x00000000c8721cf8, 0x00000000c8800000| 13%| E|  |TAMS 0x00000000c8700000, 0x00000000c8700000| Complete 
| 136|0x00000000c8800000, 0x00000000c8900000, 0x00000000c8900000|100%| E|CS|TAMS 0x00000000c8800000, 0x00000000c8800000| Complete 
| 137|0x00000000c8900000, 0x00000000c8a00000, 0x00000000c8a00000|100%| E|CS|TAMS 0x00000000c8900000, 0x00000000c8900000| Complete 
| 138|0x00000000c8a00000, 0x00000000c8b00000, 0x00000000c8b00000|100%| E|CS|TAMS 0x00000000c8a00000, 0x00000000c8a00000| Complete 
| 139|0x00000000c8b00000, 0x00000000c8c00000, 0x00000000c8c00000|100%| E|CS|TAMS 0x00000000c8b00000, 0x00000000c8b00000| Complete 
| 140|0x00000000c8c00000, 0x00000000c8d00000, 0x00000000c8d00000|100%| E|CS|TAMS 0x00000000c8c00000, 0x00000000c8c00000| Complete 
| 141|0x00000000c8d00000, 0x00000000c8e00000, 0x00000000c8e00000|100%| E|CS|TAMS 0x00000000c8d00000, 0x00000000c8d00000| Complete 
| 142|0x00000000c8e00000, 0x00000000c8f00000, 0x00000000c8f00000|100%| E|CS|TAMS 0x00000000c8e00000, 0x00000000c8e00000| Complete 
| 143|0x00000000c8f00000, 0x00000000c9000000, 0x00000000c9000000|100%| E|CS|TAMS 0x00000000c8f00000, 0x00000000c8f00000| Complete 
| 144|0x00000000c9000000, 0x00000000c9100000, 0x00000000c9100000|100%| E|CS|TAMS 0x00000000c9000000, 0x00000000c9000000| Complete 
| 145|0x00000000c9100000, 0x00000000c9200000, 0x00000000c9200000|100%| E|CS|TAMS 0x00000000c9100000, 0x00000000c9100000| Complete 
| 146|0x00000000c9200000, 0x00000000c9300000, 0x00000000c9300000|100%| E|CS|TAMS 0x00000000c9200000, 0x00000000c9200000| Complete 

Card table byte_map: [0x000001e39a240000,0x000001e39a440000] _byte_map_base: 0x000001e399c40000

Marking Bits (Prev, Next): (CMBitMap*) 0x000001e38321ef10, (CMBitMap*) 0x000001e38321ef50
 Prev Bits: [0x000001e39a640000, 0x000001e39b640000)
 Next Bits: [0x000001e39b640000, 0x000001e39c640000)

Polling page: 0x000001e3813c0000

Metaspace:

Usage:
  Non-class:     11.74 MB used.
      Class:    918.73 KB used.
       Both:     12.64 MB used.

Virtual space:
  Non-class space:       64.00 MB reserved,      11.81 MB ( 18%) committed,  1 nodes.
      Class space:        1.00 GB reserved,       1.00 MB ( <1%) committed,  1 nodes.
             Both:        1.06 GB reserved,      12.81 MB (  1%) committed. 

Chunk freelists:
   Non-Class:  3.89 MB
       Class:  14.91 MB
        Both:  18.80 MB

MaxMetaspaceSize: unlimited
CompressedClassSpaceSize: 1.00 GB
Initial GC threshold: 21.00 MB
Current GC threshold: 21.00 MB
CDS: on
MetaspaceReclaimPolicy: balanced
 - commit_granule_bytes: 65536.
 - commit_granule_words: 8192.
 - virtual_space_node_default_size: 8388608.
 - enlarge_chunks_in_place: 1.
 - new_chunks_are_fully_committed: 0.
 - uncommit_free_chunks: 1.
 - use_allocation_guard: 0.
 - handle_deallocations: 1.


Internal statistics:

num_allocs_failed_limit: 0.
num_arena_births: 106.
num_arena_deaths: 0.
num_vsnodes_births: 2.
num_vsnodes_deaths: 0.
num_space_committed: 201.
num_space_uncommitted: 0.
num_chunks_returned_to_freelist: 0.
num_chunks_taken_from_freelist: 385.
num_chunk_merges: 0.
num_chunk_splits: 301.
num_chunks_enlarged: 240.
num_inconsistent_stats: 0.

CodeHeap 'non-profiled nmethods': size=120000Kb used=808Kb max_used=808Kb free=119191Kb
 bounds [0x000001e3927e0000, 0x000001e392a50000, 0x000001e399d10000]
CodeHeap 'profiled nmethods': size=120000Kb used=2948Kb max_used=2948Kb free=117051Kb
 bounds [0x000001e38ad10000, 0x000001e38b000000, 0x000001e392240000]
CodeHeap 'non-nmethods': size=5760Kb used=1614Kb max_used=1650Kb free=4145Kb
 bounds [0x000001e392240000, 0x000001e3924b0000, 0x000001e3927e0000]
 total_blobs=2548 nmethods=1609 adapters=852
 compilation: enabled
              stopped_count=0, restarted_count=0
 full_count=0

Compilation events (20 events):
Event: 9.282 Thread 0x000001e39f061490 1600       3       processing.opengl.PJOGL::enableVertexAttribArray (11 bytes)
Event: 9.282 Thread 0x000001e39f061490 nmethod 1600 0x000001e38afe9890 code [0x000001e38afe9a40, 0x000001e38afe9c28]
Event: 9.282 Thread 0x000001e39f061490 1601       3       processing.opengl.PShader::hasType (23 bytes)
Event: 9.282 Thread 0x000001e39f061490 nmethod 1601 0x000001e38afe9d10 code [0x000001e38afe9ea0, 0x000001e38afea038]
Event: 9.364 Thread 0x000001e39f05eb70 1602       4       java.util.concurrent.locks.ReentrantLock$NonfairSync::initialTryLock (58 bytes)
Event: 9.366 Thread 0x000001e39f05eb70 nmethod 1602 0x000001e3928a9a90 code [0x000001e3928a9c00, 0x000001e3928a9d98]
Event: 9.438 Thread 0x000001e39f061490 1603       3       com.jogamp.opengl.GLException::<init> (6 bytes)
Event: 9.438 Thread 0x000001e39f061490 nmethod 1603 0x000001e38afea110 code [0x000001e38afea2c0, 0x000001e38afea4c8]
Event: 9.628 Thread 0x000001e39f05eb70 1604       4       java.util.concurrent.locks.LockSupport::setCurrentBlocker (14 bytes)
Event: 9.628 Thread 0x000001e39f05eb70 nmethod 1604 0x000001e3928a9e90 code [0x000001e3928aa000, 0x000001e3928aa118]
Event: 9.910 Thread 0x000001e39f061490 1605       3       processing.opengl.PGraphicsOpenGL::flushPolys (707 bytes)
Event: 9.913 Thread 0x000001e39f061490 nmethod 1605 0x000001e38afea610 code [0x000001e38afeab20, 0x000001e38afed5c8]
Event: 9.963 Thread 0x000001e39f061490 1606       3       java.lang.AbstractStringBuilder::append (55 bytes)
Event: 9.963 Thread 0x000001e39f061490 nmethod 1606 0x000001e38afeec10 code [0x000001e38afeede0, 0x000001e38afef118]
Event: 9.993 Thread 0x000001e39f061490 1607       3       jdk.internal.misc.Unsafe::getAndAddLong (27 bytes)
Event: 9.994 Thread 0x000001e39f061490 nmethod 1607 0x000001e38afef290 code [0x000001e38afef440, 0x000001e38afef688]
Event: 9.994 Thread 0x000001e39f061490 1609       3       java.lang.String::newStringUTF8NoRepl (272 bytes)
Event: 9.994 Thread 0x000001e39f061490 nmethod 1609 0x000001e38afef790 code [0x000001e38afefa60, 0x000001e38aff0928]
Event: 9.994 Thread 0x000001e39f061490 1608       3       jdk.internal.misc.Unsafe::weakCompareAndSetLong (11 bytes)
Event: 9.994 Thread 0x000001e39f061490 nmethod 1608 0x000001e38aff0e90 code [0x000001e38aff1020, 0x000001e38aff1158]

GC Heap History (20 events):
Event: 4.362 GC heap before
{Heap before GC invocations=11 (full 0):
 garbage-first heap   total 145408K, used 113241K [0x00000000c0000000, 0x0000000100000000)
  region size 1024K, 29 young (29696K), 1 survivors (1024K)
 Metaspace       used 12782K, committed 12992K, reserved 1114112K
  class space    used 914K, committed 1024K, reserved 1048576K
}
Event: 4.365 GC heap after
{Heap after GC invocations=12 (full 0):
 garbage-first heap   total 145408K, used 87486K [0x00000000c0000000, 0x0000000100000000)
  region size 1024K, 4 young (4096K), 4 survivors (4096K)
 Metaspace       used 12782K, committed 12992K, reserved 1114112K
  class space    used 914K, committed 1024K, reserved 1048576K
}
Event: 4.866 GC heap before
{Heap before GC invocations=13 (full 0):
 garbage-first heap   total 148480K, used 115134K [0x00000000c0000000, 0x0000000100000000)
  region size 1024K, 31 young (31744K), 4 survivors (4096K)
 Metaspace       used 12786K, committed 12992K, reserved 1114112K
  class space    used 914K, committed 1024K, reserved 1048576K
}
Event: 4.868 GC heap after
{Heap after GC invocations=14 (full 0):
 garbage-first heap   total 148480K, used 86390K [0x00000000c0000000, 0x0000000100000000)
  region size 1024K, 2 young (2048K), 2 survivors (2048K)
 Metaspace       used 12786K, committed 12992K, reserved 1114112K
  class space    used 914K, committed 1024K, reserved 1048576K
}
Event: 5.423 GC heap before
{Heap before GC invocations=14 (full 0):
 garbage-first heap   total 148480K, used 117110K [0x00000000c0000000, 0x0000000100000000)
  region size 1024K, 32 young (32768K), 2 survivors (2048K)
 Metaspace       used 12806K, committed 12992K, reserved 1114112K
  class space    used 914K, committed 1024K, reserved 1048576K
}
Event: 5.425 GC heap after
{Heap after GC invocations=15 (full 0):
 garbage-first heap   total 148480K, used 86437K [0x00000000c0000000, 0x0000000100000000)
  region size 1024K, 2 young (2048K), 2 survivors (2048K)
 Metaspace       used 12806K, committed 12992K, reserved 1114112K
  class space    used 914K, committed 1024K, reserved 1048576K
}
Event: 6.095 GC heap before
{Heap before GC invocations=16 (full 0):
 garbage-first heap   total 148480K, used 120477K [0x00000000c0000000, 0x0000000100000000)
  region size 1024K, 36 young (36864K), 2 survivors (2048K)
 Metaspace       used 12814K, committed 12992K, reserved 1114112K
  class space    used 914K, committed 1024K, reserved 1048576K
}
Event: 6.096 GC heap after
{Heap after GC invocations=17 (full 0):
 garbage-first heap   total 148480K, used 84639K [0x00000000c0000000, 0x0000000100000000)
  region size 1024K, 1 young (1024K), 1 survivors (1024K)
 Metaspace       used 12814K, committed 12992K, reserved 1114112K
  class space    used 914K, committed 1024K, reserved 1048576K
}
Event: 6.202 GC heap before
{Heap before GC invocations=17 (full 0):
 garbage-first heap   total 148480K, used 90783K [0x00000000c0000000, 0x0000000100000000)
  region size 1024K, 7 young (7168K), 1 survivors (1024K)
 Metaspace       used 12814K, committed 12992K, reserved 1114112K
  class space    used 914K, committed 1024K, reserved 1048576K
}
Event: 6.204 GC heap after
{Heap after GC invocations=18 (full 0):
 garbage-first heap   total 148480K, used 84305K [0x00000000c0000000, 0x0000000100000000)
  region size 1024K, 1 young (1024K), 1 survivors (1024K)
 Metaspace       used 12814K, committed 12992K, reserved 1114112K
  class space    used 914K, committed 1024K, reserved 1048576K
}
Event: 6.914 GC heap before
{Heap before GC invocations=18 (full 0):
 garbage-first heap   total 148480K, used 123217K [0x00000000c0000000, 0x0000000100000000)
  region size 1024K, 39 young (39936K), 1 survivors (1024K)
 Metaspace       used 12822K, committed 13056K, reserved 1114112K
  class space    used 914K, committed 1024K, reserved 1048576K
}
Event: 6.917 GC heap after
{Heap after GC invocations=19 (full 0):
 garbage-first heap   total 148480K, used 86936K [0x00000000c0000000, 0x0000000100000000)
  region size 1024K, 4 young (4096K), 4 survivors (4096K)
 Metaspace       used 12822K, committed 13056K, reserved 1114112K
  class space    used 914K, committed 1024K, reserved 1048576K
}
Event: 7.571 GC heap before
{Heap before GC invocations=20 (full 0):
 garbage-first heap   total 150528K, used 122776K [0x00000000c0000000, 0x0000000100000000)
  region size 1024K, 39 young (39936K), 4 survivors (4096K)
 Metaspace       used 12855K, committed 13056K, reserved 1114112K
  class space    used 914K, committed 1024K, reserved 1048576K
}
Event: 7.573 GC heap after
{Heap after GC invocations=21 (full 0):
 garbage-first heap   total 150528K, used 84722K [0x00000000c0000000, 0x0000000100000000)
  region size 1024K, 2 young (2048K), 2 survivors (2048K)
 Metaspace       used 12855K, committed 13056K, reserved 1114112K
  class space    used 914K, committed 1024K, reserved 1048576K
}
Event: 8.284 GC heap before
{Heap before GC invocations=21 (full 0):
 garbage-first heap   total 150528K, used 122610K [0x00000000c0000000, 0x0000000100000000)
  region size 1024K, 39 young (39936K), 2 survivors (2048K)
 Metaspace       used 12855K, committed 13056K, reserved 1114112K
  class space    used 914K, committed 1024K, reserved 1048576K
}
Event: 8.285 GC heap after
{Heap after GC invocations=22 (full 0):
 garbage-first heap   total 150528K, used 83596K [0x00000000c0000000, 0x0000000100000000)
  region size 1024K, 1 young (1024K), 1 survivors (1024K)
 Metaspace       used 12855K, committed 13056K, reserved 1114112K
  class space    used 914K, committed 1024K, reserved 1048576K
}
Event: 9.029 GC heap before
{Heap before GC invocations=23 (full 0):
 garbage-first heap   total 150528K, used 122508K [0x00000000c0000000, 0x0000000100000000)
  region size 1024K, 39 young (39936K), 1 survivors (1024K)
 Metaspace       used 12864K, committed 13056K, reserved 1114112K
  class space    used 914K, committed 1024K, reserved 1048576K
}
Event: 9.030 GC heap after
{Heap after GC invocations=24 (full 0):
 garbage-first heap   total 150528K, used 83499K [0x00000000c0000000, 0x0000000100000000)
  region size 1024K, 1 young (1024K), 1 survivors (1024K)
 Metaspace       used 12864K, committed 13056K, reserved 1114112K
  class space    used 914K, committed 1024K, reserved 1048576K
}
Event: 9.756 GC heap before
{Heap before GC invocations=24 (full 0):
 garbage-first heap   total 150528K, used 123435K [0x00000000c0000000, 0x0000000100000000)
  region size 1024K, 40 young (40960K), 1 survivors (1024K)
 Metaspace       used 12886K, committed 13056K, reserved 1114112K
  class space    used 914K, committed 1024K, reserved 1048576K
}
Event: 9.757 GC heap after
{Heap after GC invocations=25 (full 0):
 garbage-first heap   total 150528K, used 84290K [0x00000000c0000000, 0x0000000100000000)
  region size 1024K, 1 young (1024K), 1 survivors (1024K)
 Metaspace       used 12886K, committed 13056K, reserved 1114112K
  class space    used 914K, committed 1024K, reserved 1048576K
}

Dll operation events (14 events):
Event: 0.016 Loaded shared library C:\Program Files\Processing\app\resources\jdk-17.0.14+7\bin\java.dll
Event: 0.033 Loaded shared library C:\Program Files\Processing\app\resources\jdk-17.0.14+7\bin\jsvml.dll
Event: 0.186 Loaded shared library C:\Program Files\Processing\app\resources\jdk-17.0.14+7\bin\net.dll
Event: 0.188 Loaded shared library C:\Program Files\Processing\app\resources\jdk-17.0.14+7\bin\nio.dll
Event: 0.192 Loaded shared library C:\Program Files\Processing\app\resources\jdk-17.0.14+7\bin\zip.dll
Event: 0.254 Loaded shared library C:\Program Files\Processing\app\resources\jdk-17.0.14+7\bin\jimage.dll
Event: 0.258 Loaded shared library C:\Program Files\Processing\app\resources\jdk-17.0.14+7\bin\awt.dll
Event: 0.701 Loaded shared library C:\Users\danil\AppData\Local\Temp\jogamp_0000\file_cache\jln15304154478926517652\jln18424841419085994211\natives\windows-amd64\gluegen_rt.dll
Event: 0.712 Loaded shared library C:\Program Files\Processing\app\resources\jdk-17.0.14+7\bin\jawt.dll
Event: 0.730 Loaded shared library C:\Users\danil\AppData\Local\Temp\jogamp_0000\file_cache\jln15304154478926517652\jln18424841419085994211\natives\windows-amd64\nativewindow_awt.dll
Event: 0.768 Loaded shared library C:\Users\danil\AppData\Local\Temp\jogamp_0000\file_cache\jln15304154478926517652\jln18424841419085994211\natives\windows-amd64\nativewindow_win32.dll
Event: 0.899 Loaded shared library C:\Users\danil\AppData\Local\Temp\jogamp_0000\file_cache\jln15304154478926517652\jln18424841419085994211\natives\windows-amd64\jogl_desktop.dll
Event: 1.188 Loaded shared library C:\Users\danil\AppData\Local\Temp\jogamp_0000\file_cache\jln15304154478926517652\jln18424841419085994211\natives\windows-amd64\jogl_mobile.dll
Event: 2.157 Loaded shared library C:\Users\danil\AppData\Local\Temp\jogamp_0000\file_cache\jln15304154478926517652\jln18424841419085994211\natives\windows-amd64\newt_head.dll

Deoptimization events (20 events):
Event: 2.724 Thread 0x000001e3e65fccb0 DEOPT PACKING pc=0x000001e38af2a3da sp=0x00000021e11fed40
Event: 2.724 Thread 0x000001e3e65fccb0 DEOPT UNPACKING pc=0x000001e39229ace3 sp=0x00000021e11fe230 mode 0
Event: 2.745 Thread 0x000001e3e65fccb0 DEOPT PACKING pc=0x000001e38af66b5e sp=0x00000021e11fef80
Event: 2.745 Thread 0x000001e3e65fccb0 DEOPT UNPACKING pc=0x000001e39229ace3 sp=0x00000021e11fe4f0 mode 0
Event: 2.799 Thread 0x000001e3e65fccb0 DEOPT PACKING pc=0x000001e38af2a3da sp=0x00000021e11fed40
Event: 2.799 Thread 0x000001e3e65fccb0 DEOPT UNPACKING pc=0x000001e39229ace3 sp=0x00000021e11fe230 mode 0
Event: 2.848 Thread 0x000001e3e6651ac0 DEOPT PACKING pc=0x000001e38af6c052 sp=0x00000021e1afef50
Event: 2.848 Thread 0x000001e3e6651ac0 DEOPT UNPACKING pc=0x000001e39229ace3 sp=0x00000021e1afe460 mode 0
Event: 2.856 Thread 0x000001e3f6d374b0 DEOPT PACKING pc=0x000001e38af6c052 sp=0x00000021e25ff110
Event: 2.857 Thread 0x000001e3f6d374b0 DEOPT UNPACKING pc=0x000001e39229ace3 sp=0x00000021e25fe620 mode 0
Event: 9.984 Thread 0x000001e39fd6f3b0 Uncommon trap: trap_request=0xffffff45 fr.pc=0x000001e39285c268 relative=0x00000000000001e8
Event: 9.984 Thread 0x000001e39fd6f3b0 Uncommon trap: reason=unstable_if action=reinterpret pc=0x000001e39285c268 method=java.util.HashMap$HashIterator.<init>(Ljava/util/HashMap;)V @ 38 c2
Event: 9.984 Thread 0x000001e39fd6f3b0 DEOPT PACKING pc=0x000001e39285c268 sp=0x00000021e03ff400
Event: 9.984 Thread 0x000001e39fd6f3b0 DEOPT UNPACKING pc=0x000001e39229a1a3 sp=0x00000021e03ff3a8 mode 2
Event: 9.990 Thread 0x000001e39fd6f3b0 Uncommon trap: trap_request=0xffffff45 fr.pc=0x000001e39289d7f0 relative=0x00000000000000f0
Event: 9.990 Thread 0x000001e39fd6f3b0 Uncommon trap: reason=unstable_if action=reinterpret pc=0x000001e39289d7f0 method=com.jogamp.common.util.IntIntHashMap.put(II)I @ 21 c2
Event: 9.990 Thread 0x000001e39fd6f3b0 DEOPT PACKING pc=0x000001e39289d7f0 sp=0x00000021e03ff180
Event: 9.990 Thread 0x000001e39fd6f3b0 DEOPT UNPACKING pc=0x000001e39229a1a3 sp=0x00000021e03ff0e8 mode 2
Event: 9.994 Thread 0x000001e3f6d3b170 DEOPT PACKING pc=0x000001e38ae47797 sp=0x00000021e13fd550
Event: 9.994 Thread 0x000001e3f6d3b170 DEOPT UNPACKING pc=0x000001e39229ace3 sp=0x00000021e13fc9b0 mode 0

Classes loaded (20 events):
Event: 2.383 Loading class java/util/concurrent/Callable done
Event: 2.383 Loading class java/util/concurrent/Executors$RunnableAdapter done
Event: 2.383 Loading class java/util/concurrent/ThreadPoolExecutor$Worker
Event: 2.383 Loading class java/util/concurrent/ThreadPoolExecutor$Worker done
Event: 2.387 Loading class java/util/concurrent/locks/AbstractQueuedSynchronizer$SharedNode
Event: 2.387 Loading class java/util/concurrent/locks/AbstractQueuedSynchronizer$SharedNode done
Event: 2.529 Loading class sun/nio/cs/StreamDecoder
Event: 2.529 Loading class sun/nio/cs/StreamDecoder done
Event: 2.530 Loading class java/util/regex/Pattern$LookBehindEndNode
Event: 2.530 Loading class java/util/regex/Pattern$LookBehindEndNode done
Event: 2.530 Loading class java/util/regex/Pattern$NotBehind
Event: 2.530 Loading class java/util/regex/Pattern$NotBehind done
Event: 2.530 Loading class java/util/regex/Pattern$Neg
Event: 2.530 Loading class java/util/regex/Pattern$Neg done
Event: 2.530 Loading class java/util/regex/Pattern$Pos
Event: 2.530 Loading class java/util/regex/Pattern$Pos done
Event: 2.539 Loading class java/util/regex/Pattern$SliceS
Event: 2.539 Loading class java/util/regex/Pattern$SliceS done
Event: 9.962 Loading class java/nio/channels/ClosedChannelException
Event: 9.962 Loading class java/nio/channels/ClosedChannelException done

Classes unloaded (0 events):
No events

Classes redefined (0 events):
No events

Internal exceptions (20 events):
Event: 0.237 Thread 0x000001e3831dbf10 Exception <a 'java/lang/NoSuchMethodError'{0x00000000c3ce7b90}: 'void java.lang.invoke.DirectMethodHandle$Holder.invokeStatic(java.lang.Object, java.lang.Object, java.lang.Object)'> (0x00000000c3ce7b90) 
thrown [s\src\hotspot\share\interpreter\linkResolver.cpp, line 759]
Event: 0.247 Thread 0x000001e3831dbf10 Exception <a 'java/lang/ClassNotFoundException'{0x00000000c3b106f8}: sun/awt/resources/spi/awtProvider> (0x00000000c3b106f8) 
thrown [s\src\hotspot\share\classfile\systemDictionary.cpp, line 256]
Event: 0.268 Thread 0x000001e3831dbf10 Exception <a 'java/io/FileNotFoundException'{0x00000000c3b66038}> (0x00000000c3b66038) 
thrown [s\src\hotspot\share\prims\jni.cpp, line 516]
Event: 0.274 Thread 0x000001e3831dbf10 Exception <a 'java/io/FileNotFoundException'{0x00000000c3b93748}> (0x00000000c3b93748) 
thrown [s\src\hotspot\share\prims\jni.cpp, line 516]
Event: 0.320 Thread 0x000001e3831dbf10 Exception <a 'java/lang/NoSuchMethodError'{0x00000000c3a40798}: 'java.lang.Object java.lang.invoke.DirectMethodHandle$Holder.invokeStaticInit(java.lang.Object)'> (0x00000000c3a40798) 
thrown [s\src\hotspot\share\interpreter\linkResolver.cpp, line 759]
Event: 0.451 Thread 0x000001e3831dbf10 Exception <a 'java/lang/NoSuchMethodError'{0x00000000c364ddf0}: 'java.lang.Object java.lang.invoke.DirectMethodHandle$Holder.invokeStaticInit(java.lang.Object, int, int, int, int)'> (0x00000000c364ddf0) 
thrown [s\src\hotspot\share\interpreter\linkResolver.cpp, line 759]
Event: 0.504 Thread 0x000001e3831dbf10 Exception <a 'java/lang/NoSuchMethodError'{0x00000000c3537028}: 'java.lang.Object java.lang.invoke.DirectMethodHandle$Holder.invokeStaticInit(java.lang.Object, java.lang.Object, int, int, int, int)'> (0x00000000c3537028) 
thrown [s\src\hotspot\share\interpreter\linkResolver.cpp, line 759]
Event: 0.558 Thread 0x000001e3831dbf10 Exception <a 'java/lang/NoSuchMethodError'{0x00000000c3542778}: 'void java.lang.invoke.DirectMethodHandle$Holder.invokeStatic(java.lang.Object, long)'> (0x00000000c3542778) 
thrown [s\src\hotspot\share\interpreter\linkResolver.cpp, line 759]
Event: 0.559 Thread 0x000001e3831dbf10 Exception <a 'java/lang/NoSuchMethodError'{0x00000000c3547d58}: 'java.lang.Object java.lang.invoke.DirectMethodHandle$Holder.newInvokeSpecial(java.lang.Object, long)'> (0x00000000c3547d58) 
thrown [s\src\hotspot\share\interpreter\linkResolver.cpp, line 759]
Event: 0.561 Thread 0x000001e3831dbf10 Exception <a 'java/lang/NoSuchMethodError'{0x00000000c3552570}: 'java.lang.Object java.lang.invoke.DirectMethodHandle$Holder.invokeStaticInit(java.lang.Object, java.lang.Object, long, java.lang.Object)'> (0x00000000c3552570) 
thrown [s\src\hotspot\share\interpreter\linkResolver.cpp, line 759]
Event: 0.562 Thread 0x000001e3831dbf10 Exception <a 'java/lang/NoSuchMethodError'{0x00000000c3558b30}: 'java.lang.Object java.lang.invoke.DirectMethodHandle$Holder.newInvokeSpecial(java.lang.Object, java.lang.Object, long)'> (0x00000000c3558b30) 
thrown [s\src\hotspot\share\interpreter\linkResolver.cpp, line 759]
Event: 0.563 Thread 0x000001e3831dbf10 Exception <a 'java/lang/NoSuchMethodError'{0x00000000c355c6a0}: 'java.lang.Object java.lang.invoke.Invokers$Holder.linkToTargetMethod(java.lang.Object, long, java.lang.Object)'> (0x00000000c355c6a0) 
thrown [s\src\hotspot\share\interpreter\linkResolver.cpp, line 759]
Event: 0.745 Thread 0x000001e3831dbf10 Exception <a 'java/lang/NoSuchMethodError'{0x00000000c34cdf20}: 'java.lang.Object java.lang.invoke.DirectMethodHandle$Holder.invokeInterface(java.lang.Object, java.lang.Object)'> (0x00000000c34cdf20) 
thrown [s\src\hotspot\share\interpreter\linkResolver.cpp, line 759]
Event: 0.745 Thread 0x000001e3831dbf10 Exception <a 'java/lang/IncompatibleClassChangeError'{0x00000000c34d1840}: Found class java.lang.Object, but interface was expected> (0x00000000c34d1840) 
thrown [s\src\hotspot\share\interpreter\linkResolver.cpp, line 826]
Event: 2.258 Thread 0x000001e3831dbf10 Exception <a 'java/lang/NoSuchMethodError'{0x00000000c33f5048}: 'void java.lang.invoke.DirectMethodHandle$Holder.invokeSpecial(java.lang.Object, java.lang.Object, java.lang.Object, java.lang.Object, java.lang.Object)'> (0x00000000c33f5048) 
thrown [s\src\hotspot\share\interpreter\linkResolver.cpp, line 759]
Event: 2.260 Thread 0x000001e3831dbf10 Exception <a 'java/lang/NoSuchMethodError'{0x00000000c33fe008}: 'void java.lang.invoke.DirectMethodHandle$Holder.invokeSpecial(java.lang.Object, java.lang.Object, java.lang.Object)'> (0x00000000c33fe008) 
thrown [s\src\hotspot\share\interpreter\linkResolver.cpp, line 759]
Event: 2.260 Thread 0x000001e3831dbf10 Exception <a 'java/lang/NoSuchMethodError'{0x00000000c32045a8}: 'void java.lang.invoke.DirectMethodHandle$Holder.invokeSpecial(java.lang.Object, java.lang.Object, int)'> (0x00000000c32045a8) 
thrown [s\src\hotspot\share\interpreter\linkResolver.cpp, line 759]
Event: 2.261 Thread 0x000001e3831dbf10 Exception <a 'java/lang/NoSuchMethodError'{0x00000000c320a5c0}: 'java.lang.Object java.lang.invoke.DirectMethodHandle$Holder.newInvokeSpecial(java.lang.Object, java.lang.Object, int)'> (0x00000000c320a5c0) 
thrown [s\src\hotspot\share\interpreter\linkResolver.cpp, line 759]
Event: 9.962 Thread 0x000001e3e65fc7d0 Exception <a 'java/lang/InterruptedException'{0x00000000c8804f08}> (0x00000000c8804f08) 
thrown [s\src\hotspot\share\runtime\objectMonitor.cpp, line 1658]
Event: 9.990 Thread 0x000001e39fd6f3b0 Implicit null exception at 0x000001e39289d744 to 0x000001e39289d7cc

VM Operations (20 events):
Event: 6.925 Executing VM operation: G1PauseRemark done
Event: 6.928 Executing VM operation: G1PauseCleanup
Event: 6.928 Executing VM operation: G1PauseCleanup done
Event: 7.571 Executing VM operation: G1CollectForAllocation
Event: 7.573 Executing VM operation: G1CollectForAllocation done
Event: 8.284 Executing VM operation: G1CollectForAllocation
Event: 8.285 Executing VM operation: G1CollectForAllocation done
Event: 8.292 Executing VM operation: G1PauseRemark
Event: 8.293 Executing VM operation: G1PauseRemark done
Event: 8.296 Executing VM operation: G1PauseCleanup
Event: 8.296 Executing VM operation: G1PauseCleanup done
Event: 9.029 Executing VM operation: G1CollectForAllocation
Event: 9.030 Executing VM operation: G1CollectForAllocation done
Event: 9.756 Executing VM operation: G1CollectForAllocation
Event: 9.757 Executing VM operation: G1CollectForAllocation done
Event: 9.763 Executing VM operation: G1PauseRemark
Event: 9.764 Executing VM operation: G1PauseRemark done
Event: 9.767 Executing VM operation: G1PauseCleanup
Event: 9.767 Executing VM operation: G1PauseCleanup done
Event: 10.065 Executing VM operation: Exit

Memory protections (0 events):
No events

Nmethod flushes (0 events):
No events

Events (20 events):
Event: 2.386 Thread 0x000001e3e65fccb0 Thread added: 0x000001e3f6d3ac60
Event: 2.386 Thread 0x000001e3e65fccb0 Thread added: 0x000001e3f6d3a750
Event: 2.386 Thread 0x000001e3e65fccb0 Thread added: 0x000001e3f6d374b0
Event: 2.386 Thread 0x000001e3e65fccb0 Thread added: 0x000001e3f6d38e00
Event: 2.386 Thread 0x000001e3e65fccb0 Thread added: 0x000001e3f6d39310
Event: 2.386 Thread 0x000001e3e65fccb0 Thread added: 0x000001e3f6d39820
Event: 2.776 Thread 0x000001e3e694a0d0 Thread exited: 0x000001e3e694a0d0
Event: 2.839 Thread 0x000001e3e6949bb0 Thread exited: 0x000001e3e6949bb0
Event: 9.962 Thread 0x000001e3e65fccb0 Thread added: 0x000001e3f6d3b170
Event: 9.962 Thread 0x000001e3e65fccb0 Thread added: 0x000001e3f6d379c0
Event: 9.962 Thread 0x000001e3e65fc7d0 Thread exited: 0x000001e3e65fc7d0
Event: 9.962 Thread 0x000001e3e65fccb0 Thread added: 0x000001e3f6d3c0a0
Event: 9.962 Thread 0x000001e39f7cf840 Thread added: 0x000001e3f6d3c5b0
Event: 9.963 Thread 0x000001e3f6d3c0a0 Thread exited: 0x000001e3f6d3c0a0
Event: 9.963 Thread 0x000001e3e6658170 Thread exited: 0x000001e3e6658170
Event: 9.964 Thread 0x000001e39f7cf840 Thread exited: 0x000001e39f7cf840
Event: 9.991 Thread 0x000001e39fd6f3b0 Thread exited: 0x000001e39fd6f3b0
Event: 9.994 Thread 0x000001e3f6d3b170 Thread exited: 0x000001e3f6d3b170
Event: 10.064 Thread 0x000001e3f6d379c0 Thread exited: 0x000001e3f6d379c0
Event: 10.064 Thread 0x000001e3e65fccb0 Before exit entered


Dynamic libraries:
0x00007ff705240000 - 0x00007ff70524e000 	C:\Program Files\Processing\app\resources\jdk-17.0.14+7\bin\java.exe
0x00007ffe8d7a0000 - 0x00007ffe8da07000 	C:\WINDOWS\SYSTEM32\ntdll.dll
0x00007ffe8bad0000 - 0x00007ffe8bb99000 	C:\WINDOWS\System32\KERNEL32.DLL
0x00007ffe8afe0000 - 0x00007ffe8b3d7000 	C:\WINDOWS\System32\KERNELBASE.dll
0x00007ffe8ac60000 - 0x00007ffe8adab000 	C:\WINDOWS\System32\ucrtbase.dll
0x00007ffe878f0000 - 0x00007ffe87907000 	C:\Program Files\Processing\app\resources\jdk-17.0.14+7\bin\jli.dll
0x00007ffe85b20000 - 0x00007ffe85b3e000 	C:\Program Files\Processing\app\resources\jdk-17.0.14+7\bin\VCRUNTIME140.dll
0x00007ffe8b720000 - 0x00007ffe8b8e6000 	C:\WINDOWS\System32\USER32.dll
0x00007ffe73250000 - 0x00007ffe734e2000 	C:\WINDOWS\WinSxS\amd64_microsoft.windows.common-controls_6595b64144ccf1df_6.0.26100.8457_none_3e0b2faee331e92d\COMCTL32.dll
0x00007ffe8a290000 - 0x00007ffe8a2b7000 	C:\WINDOWS\System32\win32u.dll
0x00007ffe8d080000 - 0x00007ffe8d0ab000 	C:\WINDOWS\System32\GDI32.dll
0x00007ffe8b960000 - 0x00007ffe8ba09000 	C:\WINDOWS\System32\msvcrt.dll
0x00007ffe8a2c0000 - 0x00007ffe8a3ec000 	C:\WINDOWS\System32\gdi32full.dll
0x00007ffe8b470000 - 0x00007ffe8b513000 	C:\WINDOWS\System32\msvcp_win.dll
0x00007ffe8d720000 - 0x00007ffe8d752000 	C:\WINDOWS\System32\IMM32.DLL
0x00007ffe879f0000 - 0x00007ffe879fc000 	C:\Program Files\Processing\app\resources\jdk-17.0.14+7\bin\vcruntime140_1.dll
0x00007ffe7bef0000 - 0x00007ffe7bf7d000 	C:\Program Files\Processing\app\resources\jdk-17.0.14+7\bin\msvcp140.dll
0x00007ffdf50b0000 - 0x00007ffdf5d1b000 	C:\Program Files\Processing\app\resources\jdk-17.0.14+7\bin\server\jvm.dll
0x00007ffe8ba10000 - 0x00007ffe8bac6000 	C:\WINDOWS\System32\ADVAPI32.dll
0x00007ffe8d0f0000 - 0x00007ffe8d197000 	C:\WINDOWS\System32\sechost.dll
0x00007ffe8b520000 - 0x00007ffe8b638000 	C:\WINDOWS\System32\RPCRT4.dll
0x00007ffe8b640000 - 0x00007ffe8b6c0000 	C:\WINDOWS\System32\WS2_32.dll
0x00007ffe8a030000 - 0x00007ffe8a08e000 	C:\WINDOWS\SYSTEM32\POWRPROF.dll
0x00007ffe73640000 - 0x00007ffe73676000 	C:\WINDOWS\SYSTEM32\WINMM.dll
0x00007ffe810b0000 - 0x00007ffe810bb000 	C:\WINDOWS\SYSTEM32\VERSION.dll
0x00007ffe8a010000 - 0x00007ffe8a024000 	C:\WINDOWS\SYSTEM32\UMPDC.dll
0x00007ffe88f60000 - 0x00007ffe88f7b000 	C:\WINDOWS\SYSTEM32\kernel.appcore.dll
0x00007ffe879c0000 - 0x00007ffe879ca000 	C:\Program Files\Processing\app\resources\jdk-17.0.14+7\bin\jimage.dll
0x00007ffe74060000 - 0x00007ffe742a2000 	C:\WINDOWS\SYSTEM32\DBGHELP.DLL
0x00007ffe8d390000 - 0x00007ffe8d713000 	C:\WINDOWS\System32\combase.dll
0x00007ffe8c8d0000 - 0x00007ffe8c9a9000 	C:\WINDOWS\System32\OLEAUT32.dll
0x00007ffe7b860000 - 0x00007ffe7b89b000 	C:\WINDOWS\SYSTEM32\dbgcore.DLL
0x00007ffe8adb0000 - 0x00007ffe8ae58000 	C:\WINDOWS\System32\bcryptPrimitives.dll
0x00007ffe85ae0000 - 0x00007ffe85b1b000 	C:\Program Files\Processing\app\resources\jdk-17.0.14+7\bin\jdwp.dll
0x00007ffe7c0a0000 - 0x00007ffe7c0c5000 	C:\Program Files\Processing\app\resources\jdk-17.0.14+7\bin\java.dll
0x00007ffe5ef00000 - 0x00007ffe5efd7000 	C:\Program Files\Processing\app\resources\jdk-17.0.14+7\bin\jsvml.dll
0x00007ffe8bca0000 - 0x00007ffe8c40e000 	C:\WINDOWS\System32\SHELL32.dll
0x00007ffe8a3f0000 - 0x00007ffe8ac5c000 	C:\WINDOWS\System32\windows.storage.dll
0x00007ffe8bba0000 - 0x00007ffe8bc96000 	C:\WINDOWS\System32\SHCORE.dll
0x00007ffe8b8f0000 - 0x00007ffe8b956000 	C:\WINDOWS\System32\shlwapi.dll
0x00007ffe8a0f0000 - 0x00007ffe8a119000 	C:\WINDOWS\SYSTEM32\profapi.dll
0x00007ffe85ad0000 - 0x00007ffe85adc000 	C:\Program Files\Processing\app\resources\jdk-17.0.14+7\bin\dt_socket.dll
0x00007ffe889a0000 - 0x00007ffe889d2000 	C:\WINDOWS\SYSTEM32\IPHLPAPI.DLL
0x00007ffe894d0000 - 0x00007ffe8953c000 	C:\WINDOWS\system32\mswsock.dll
0x00007ffe85a90000 - 0x00007ffe85aa9000 	C:\Program Files\Processing\app\resources\jdk-17.0.14+7\bin\net.dll
0x00007ffe843f0000 - 0x00007ffe84519000 	C:\WINDOWS\SYSTEM32\WINHTTP.dll
0x00007ffe85860000 - 0x00007ffe85876000 	C:\Program Files\Processing\app\resources\jdk-17.0.14+7\bin\nio.dll
0x00007ffe80870000 - 0x00007ffe80888000 	C:\Program Files\Processing\app\resources\jdk-17.0.14+7\bin\zip.dll
0x00007ffe5e560000 - 0x00007ffe5e6f0000 	C:\Program Files\Processing\app\resources\jdk-17.0.14+7\bin\awt.dll
0x00007ffe87a00000 - 0x00007ffe87aa0000 	C:\WINDOWS\SYSTEM32\apphelp.dll
0x00007ffe87d80000 - 0x00007ffe87e2a000 	C:\WINDOWS\system32\uxtheme.dll
0x00007ffe8d1a0000 - 0x00007ffe8d2fc000 	C:\WINDOWS\System32\MSCTF.dll
0x00007ffe8c430000 - 0x00007ffe8c5c7000 	C:\WINDOWS\System32\ole32.dll
0x00007ffe87f20000 - 0x00007ffe87f4f000 	C:\WINDOWS\system32\DWMAPI.DLL
0x00007ffe40100000 - 0x00007ffe4020f000 	C:\WINDOWS\system32\opengl32.dll
0x00007ffe429d0000 - 0x00007ffe429fd000 	C:\WINDOWS\SYSTEM32\GLU32.dll
0x00007ffe87eb0000 - 0x00007ffe87ef5000 	C:\WINDOWS\SYSTEM32\dxcore.dll
0x00007ffe897b0000 - 0x00007ffe897cb000 	C:\WINDOWS\SYSTEM32\CRYPTSP.dll
0x00007ffe88ec0000 - 0x00007ffe88ef9000 	C:\WINDOWS\system32\rsaenh.dll
0x00007ffe89580000 - 0x00007ffe895b3000 	C:\WINDOWS\SYSTEM32\USERENV.dll
0x00007ffe8a0c0000 - 0x00007ffe8a0ea000 	C:\WINDOWS\SYSTEM32\bcrypt.dll
0x00007ffe897d0000 - 0x00007ffe897dc000 	C:\WINDOWS\SYSTEM32\CRYPTBASE.dll
0x00007ffe8c8c0000 - 0x00007ffe8c8ca000 	C:\WINDOWS\System32\NSI.dll
0x00007ffe84550000 - 0x00007ffe8456d000 	C:\WINDOWS\SYSTEM32\dhcpcsvc6.DLL
0x00007ffe84520000 - 0x00007ffe84545000 	C:\WINDOWS\SYSTEM32\dhcpcsvc.DLL
0x00007ffe88a40000 - 0x00007ffe88b72000 	C:\WINDOWS\SYSTEM32\DNSAPI.dll
0x00007ffe7cf50000 - 0x00007ffe7cf63000 	C:\Users\danil\AppData\Local\Temp\jogamp_0000\file_cache\jln15304154478926517652\jln18424841419085994211\natives\windows-amd64\gluegen_rt.dll
0x00007ffe7c090000 - 0x00007ffe7c097000 	C:\Program Files\Processing\app\resources\jdk-17.0.14+7\bin\jawt.dll
0x00007ffe7bee0000 - 0x00007ffe7beed000 	C:\Users\danil\AppData\Local\Temp\jogamp_0000\file_cache\jln15304154478926517652\jln18424841419085994211\natives\windows-amd64\nativewindow_awt.dll
0x00007ffe7bec0000 - 0x00007ffe7bed5000 	C:\Users\danil\AppData\Local\Temp\jogamp_0000\file_cache\jln15304154478926517652\jln18424841419085994211\natives\windows-amd64\nativewindow_win32.dll
0x00007ffe63cf0000 - 0x00007ffe63d73000 	C:\Users\danil\AppData\Local\Temp\jogamp_0000\file_cache\jln15304154478926517652\jln18424841419085994211\natives\windows-amd64\jogl_desktop.dll
0x00007ffe7be60000 - 0x00007ffe7beb2000 	C:\Users\danil\AppData\Local\Temp\jogamp_0000\file_cache\jln15304154478926517652\jln18424841419085994211\natives\windows-amd64\jogl_mobile.dll
0x00007ffe841f0000 - 0x00007ffe84251000 	C:\WINDOWS\SYSTEM32\directxdatabasehelper.dll
0x00007ffe7b700000 - 0x00007ffe7b71d000 	C:\WINDOWS\SYSTEM32\windows.staterepositorycore.dll
0x00007ffdf33d0000 - 0x00007ffdf43a3000 	C:\WINDOWS\System32\DriverStore\FileRepository\iigd_dch.inf_amd64_225f37aa3862fc3f\igxelpicd64.dll
0x00007ffe87bd0000 - 0x00007ffe87d0e000 	C:\WINDOWS\system32\dxgi.dll
0x00007ffe59810000 - 0x00007ffe59c97000 	C:\WINDOWS\System32\DriverStore\FileRepository\iigd_dch.inf_amd64_225f37aa3862fc3f\igdml64.dll
0x00007ffe89d40000 - 0x00007ffe89d91000 	C:\WINDOWS\SYSTEM32\cfgmgr32.dll
0x00007ffe80b00000 - 0x00007ffe80ec1000 	C:\WINDOWS\System32\DriverStore\FileRepository\iigd_dch.inf_amd64_225f37aa3862fc3f\igdgmm64.dll
0x00007ffe7d5d0000 - 0x00007ffe807d6000 	C:\WINDOWS\System32\DriverStore\FileRepository\iigd_dch.inf_amd64_225f37aa3862fc3f\igc64.dll
0x00007ffe7be40000 - 0x00007ffe7be59000 	C:\Users\danil\AppData\Local\Temp\jogamp_0000\file_cache\jln15304154478926517652\jln18424841419085994211\natives\windows-amd64\newt_head.dll
0x00007ffe5e8e0000 - 0x00007ffe5e99f000 	C:\WINDOWS\SYSTEM32\mscms.dll
0x00007ffe1cd10000 - 0x00007ffe1cd59000 	C:\WINDOWS\SYSTEM32\icm32.dll
0x00007ffe8cbf0000 - 0x00007ffe8d077000 	C:\WINDOWS\System32\setupapi.dll
0x00007ffe89d10000 - 0x00007ffe89d3d000 	C:\WINDOWS\SYSTEM32\DEVOBJ.dll
0x00007ffe8b3e0000 - 0x00007ffe8b462000 	C:\WINDOWS\System32\WINTRUST.dll
0x00007ffe8ae60000 - 0x00007ffe8afd8000 	C:\WINDOWS\System32\CRYPT32.dll
0x00007ffe898e0000 - 0x00007ffe898f3000 	C:\WINDOWS\SYSTEM32\MSASN1.dll
0x00007ffe580f0000 - 0x00007ffe58236000 	C:\WINDOWS\SYSTEM32\textinputframework.dll
0x00007ffe87560000 - 0x00007ffe87687000 	C:\WINDOWS\SYSTEM32\CoreMessaging.dll
0x00007ffe83270000 - 0x00007ffe83552000 	C:\WINDOWS\SYSTEM32\CoreUIComponents.dll
0x00007ffe84e00000 - 0x00007ffe84f6a000 	C:\WINDOWS\SYSTEM32\wintypes.dll

dbghelp: loaded successfully - version: 4.0.5 - missing functions: none
symbol engine: initialized successfully - sym options: 0x614 - pdb path: .;C:\Program Files\Processing\app\resources\jdk-17.0.14+7\bin;C:\WINDOWS\SYSTEM32;C:\WINDOWS\WinSxS\amd64_microsoft.windows.common-controls_6595b64144ccf1df_6.0.26100.8457_none_3e0b2faee331e92d;C:\Program Files\Processing\app\resources\jdk-17.0.14+7\bin\server;C:\Users\danil\AppData\Local\Temp\jogamp_0000\file_cache\jln15304154478926517652\jln18424841419085994211\natives\windows-amd64;C:\WINDOWS\System32\DriverStore\FileRepository\iigd_dch.inf_amd64_225f37aa3862fc3f

VM Arguments:
jvm_args: -agentlib:jdwp=transport=dt_socket,address=8290,server=y,suspend=y,quiet=y -Xms64m -Xmx1024m -Djna.nosys=true -Djava.library.path=;C:\Program Files\Processing\app\resources\core\library;C:\Program Files\Processing;C:\WINDOWS\system32;C:\WINDOWS;C:\Program Files\PlasticSCM5\server;C:\Program Files\PlasticSCM5\client;C:\Program Files\Common Files\Oracle\Java\javapath;C:\Program Files (x86)\Common Files\Oracle\Java\javapath;C:\Windows\System32\HWAudioDriverLibs;C:\Windows\system32;C:\Windows;C:\Windows\System32\Wbem;C:\Windows\System32\WindowsPowerShell\v1.0;C:\Windows\System32\OpenSSH;C:\Program Files\Microsoft SQL Server\150\Tools\Binn;C:\Program Files\Microsoft SQL Server\Client SDK\ODBC\170\Tools\Binn;C:\Program Files\dotnet;D:\Windows Kits\10\Windows Performance Toolkit;C:\Program Files\Java\jdk-23\bin;C:\WINDOWS\system32;C:\WINDOWS;C:\WINDOWS\System32\Wbem;C:\WINDOWS\System32\WindowsPowerShell\v1.0;C:\WINDOWS\System32\OpenSSH;C:\Program Files\nodejs;C:\Program Files\Docker\Docker\resources\bin;C:\Program Files\TortoiseGit\bin;C:\Program Files\Git\cmd;C:\Users\danil\AppData\Local\Programs\Python\Python312\Scripts;C:\Users\danil\AppData\Local\Programs\Python\Python312;C:\Users\danil\AppData\Local\Microsoft\WindowsApps;C:\Users\danil\AppData\Local\Programs\Microsoft VS Code\bin;C:\Users\danil\AppData\Roaming\npm;D:\DataBase\18\bin;C:\Program Files\Processing\app;. -ea 
java_command: processing.core.PApplet --editor-location=-7,-7 --external --display=1 --sketch-path=C:\Users\danil\Desktop\Gravity_simul Gravity_simul
java_class_path (initial): C:\Users\danil\AppData\Local\Temp\processing\Gravity_simul16646170879044588951temp;C:\Program Files\Processing\app\resources\core\library\annotations-13.0.jar;C:\Program Files\Processing\app\resources\core\library\antlr-2.7.7.jar;C:\Program Files\Processing\app\resources\core\library\core-4.4.1.jar;C:\Program Files\Processing\app\resources\core\library\gluegen-rt-2.5.0-natives-android-aarch64.jar;C:\Program Files\Processing\app\resources\core\library\gluegen-rt-2.5.0-natives-linux-aarch64.jar;C:\Program Files\Processing\app\resources\core\library\gluegen-rt-2.5.0-natives-linux-amd64.jar;C:\Program Files\Processing\app\resources\core\library\gluegen-rt-2.5.0-natives-linux-armv6hf.jar;C:\Program Files\Processing\app\resources\core\library\gluegen-rt-2.5.0-natives-macosx-universal.jar;C:\Program Files\Processing\app\resources\core\library\gluegen-rt-2.5.0-natives-windows-amd64.jar;C:\Program Files\Processing\app\resources\core\library\gluegen-rt-2.5.0.jar;C:\Program Files\Processing\app\resources\core\library\gluegen-rt-main-2.5.0.jar;C:\Program Files\Processing\app\resources\core\library\jogl-all-2.5.0-natives-android-aarch64.jar;C:\Program Files\Processing\app\resources\core\library\jogl-all-2.5.0-natives-linux-aarch64.jar;C:\Program Files\Processing\app\resources\core\library\jogl-all-2.5.0-natives-linux-amd64.jar;C:\Program Files\Processing\app\resources\core\library\jogl-all-2.5.0-natives-linux-armv6hf.jar;C:\Program Files\Processing\app\resources\core\library\jogl-all-2.5.0-natives-macosx-universal.jar;C:\Program Files\Processing\app\resources\core\library\jogl-all-2.5.0-natives-windows-amd64.jar;C:\Program Files\Processing\app\resources\core\library\jogl-all-2.5.0.jar;C:\Program Files\Processing\app\resources\core\library\jogl-all-main-2.5.0.jar;C:\Program Files\Processing\app\resources\core\library\kotlin-stdlib-2.0.20.jar
Launcher Type: SUN_STANDARD

[Global flags]
     intx CICompilerCount                          = 4                                         {product} {ergonomic}
     uint ConcGCThreads                            = 2                                         {product} {ergonomic}
     uint G1ConcRefinementThreads                  = 8                                         {product} {ergonomic}
   size_t G1HeapRegionSize                         = 1048576                                   {product} {ergonomic}
    uintx GCDrainStackTargetSize                   = 64                                        {product} {ergonomic}
   size_t InitialHeapSize                          = 67108864                                  {product} {command line}
   size_t MarkStackSize                            = 4194304                                   {product} {ergonomic}
   size_t MaxHeapSize                              = 1073741824                                {product} {command line}
   size_t MaxNewSize                               = 643825664                                 {product} {ergonomic}
   size_t MinHeapDeltaBytes                        = 1048576                                   {product} {ergonomic}
   size_t MinHeapSize                              = 67108864                                  {product} {command line}
    uintx NonNMethodCodeHeapSize                   = 5839372                                {pd product} {ergonomic}
    uintx NonProfiledCodeHeapSize                  = 122909434                              {pd product} {ergonomic}
    uintx ProfiledCodeHeapSize                     = 122909434                              {pd product} {ergonomic}
    uintx ReservedCodeCacheSize                    = 251658240                              {pd product} {ergonomic}
     bool SegmentedCodeCache                       = true                                      {product} {ergonomic}
   size_t SoftMaxHeapSize                          = 1073741824                             {manageable} {ergonomic}
     bool UseCompressedClassPointers               = true                           {product lp64_product} {ergonomic}
     bool UseCompressedOops                        = true                           {product lp64_product} {ergonomic}
     bool UseG1GC                                  = true                                      {product} {ergonomic}
     bool UseLargePagesIndividualAllocation        = false                                  {pd product} {ergonomic}

Logging:
Log output configuration:
 #0: stdout all=off uptime,level,tags
 #1: stderr all=off uptime,level,tags

Environment Variables:
JAVA_HOME=C:\Program Files\Java\jdk-23
PATH=C:\Program Files\PlasticSCM5\server;C:\Program Files\PlasticSCM5\client;C:\Program Files\Common Files\Oracle\Java\javapath;C:\Program Files (x86)\Common Files\Oracle\Java\javapath;C:\Windows\System32\HWAudioDriverLibs;C:\Windows\system32;C:\Windows;C:\Windows\System32\Wbem;C:\Windows\System32\WindowsPowerShell\v1.0\;C:\Windows\System32\OpenSSH\;C:\Users\Administrator\AppData\Local\Microsoft\WindowsApps;C:\Program Files\Microsoft SQL Server\150\Tools\Binn\;C:\Program Files\Microsoft SQL Server\Client SDK\ODBC\170\Tools\Binn\;C:\Program Files\dotnet\;D:\Windows Kits\10\Windows Performance Toolkit\;C:\Program Files\Java\jdk-23\bin;C:\WINDOWS\system32;C:\WINDOWS;C:\WINDOWS\System32\Wbem;C:\WINDOWS\System32\WindowsPowerShell\v1.0\;C:\WINDOWS\System32\OpenSSH\;C:\Program Files\nodejs\;C:\Program Files\Docker\Docker\resources\bin;C:\Program Files\TortoiseGit\bin;C:\Program Files\Git\cmd;C:\Users\danil\AppData\Local\Programs\Python\Python312\Scripts\;C:\Users\danil\AppData\Local\Programs\Python\Python312\;C:\Users\danil\AppData\Local\Microsoft\WindowsApps;C:\Users\danil\.dotnet\tools;C:\Users\danil\AppData\Local\Programs\Microsoft VS Code\bin;C:\Users\danil\AppData\Roaming\npm;D:\DataBase\18\bin;C:\Program Files\Processing\app
USERNAME=danil
OS=Windows_NT
PROCESSOR_IDENTIFIER=Intel64 Family 6 Model 140 Stepping 2, GenuineIntel
TMP=C:\Users\danil\AppData\Local\Temp
TEMP=C:\Users\danil\AppData\Local\Temp



Periodic native trim disabled


---------------  S Y S T E M  ---------------

OS:
 Windows 11 , 64 bit Build 26100 (10.0.26100.8328)
OS uptime: 0 days 1:11 hours
Hyper-V role detected

CPU: total 8 (initial active 8) (4 cores per cpu, 2 threads per core) family 6 model 140 stepping 2 microcode 0x16, cx8, cmov, fxsr, ht, mmx, 3dnowpref, sse, sse2, sse3, ssse3, sse4.1, sse4.2, popcnt, lzcnt, tsc, tscinvbit, avx, avx2, aes, erms, clmul, bmi1, bmi2, adx, avx512f, avx512dq, avx512cd, avx512bw, avx512vl, sha, fma, vzeroupper, avx512_vpopcntdq, avx512_vpclmulqdq, avx512_vaes, avx512_vnni, clflush, clflushopt, clwb, avx512_vbmi2, avx512_vbmi, hv
Processor Information for processor 0
  Max Mhz: 2496, Current Mhz: 2496, Mhz Limit: 2496
Processor Information for processor 1
  Max Mhz: 2496, Current Mhz: 998, Mhz Limit: 2496
Processor Information for processor 2
  Max Mhz: 2496, Current Mhz: 2496, Mhz Limit: 2496
Processor Information for processor 3
  Max Mhz: 2496, Current Mhz: 2496, Mhz Limit: 2496
Processor Information for processor 4
  Max Mhz: 2496, Current Mhz: 2496, Mhz Limit: 2496
Processor Information for processor 5
  Max Mhz: 2496, Current Mhz: 2496, Mhz Limit: 2496
Processor Information for processor 6
  Max Mhz: 2496, Current Mhz: 2496, Mhz Limit: 2496
Processor Information for processor 7
  Max Mhz: 2496, Current Mhz: 2496, Mhz Limit: 2496

Memory: 4k page, system-wide physical 7975M (1648M free)
TotalPageFile size 17703M (AvailPageFile size 8429M)
current process WorkingSet (physical memory assigned to process): 518M, peak: 529M
current process commit charge ("private bytes"): 513M, peak: 537M

vm_info: OpenJDK 64-Bit Server VM (17.0.14+7) for windows-amd64 JRE (17.0.14+7), built on Jan 21 2025 23:40:15 by "admin" with MS VC++ 17.7 (VS2022)

END.
