#
# A fatal error has been detected by the Java Runtime Environment:
#
#  EXCEPTION_ACCESS_VIOLATION (0xc0000005) at pc=0x00007ffdf360b386, pid=18052, tid=8672
#
# JRE version: OpenJDK Runtime Environment Temurin-17.0.14+7 (17.0.14+7) (build 17.0.14+7)
# Java VM: OpenJDK 64-Bit Server VM Temurin-17.0.14+7 (17.0.14+7, mixed mode, sharing, tiered, compressed oops, compressed class ptrs, g1 gc, windows-amd64)
# Problematic frame:
# C  [igxelpicd64.dll+0x23b386]
#
# No core dump will be written. Minidumps are not enabled by default on client versions of Windows
#
# If you would like to submit a bug report, please visit:
#   https://github.com/adoptium/adoptium-support/issues
#

---------------  S U M M A R Y ------------

Command Line: -agentlib:jdwp=transport=dt_socket,address=8789,server=y,suspend=y,quiet=y -Xms64m -Xmx1024m -Djna.nosys=true -Djava.library.path=;C:\Program Files\Processing\app\resources\core\library;C:\Program Files\Processing;C:\WINDOWS\system32;C:\WINDOWS;C:\Program Files\PlasticSCM5\server;C:\Program Files\PlasticSCM5\client;C:\Program Files\Common Files\Oracle\Java\javapath;C:\Program Files (x86)\Common Files\Oracle\Java\javapath;C:\Windows\System32\HWAudioDriverLibs;C:\Windows\system32;C:\Windows;C:\Windows\System32\Wbem;C:\Windows\System32\WindowsPowerShell\v1.0;C:\Windows\System32\OpenSSH;C:\Program Files\Microsoft SQL Server\150\Tools\Binn;C:\Program Files\Microsoft SQL Server\Client SDK\ODBC\170\Tools\Binn;C:\Program Files\dotnet;D:\Windows Kits\10\Windows Performance Toolkit;C:\Program Files\Java\jdk-23\bin;C:\WINDOWS\system32;C:\WINDOWS;C:\WINDOWS\System32\Wbem;C:\WINDOWS\System32\WindowsPowerShell\v1.0;C:\WINDOWS\System32\OpenSSH;C:\Program Files\nodejs;C:\Program Files\Docker\Docker\resources\bin;C:\Program Files\TortoiseGit\bin;C:\Program Files\Git\cmd;C:\Users\danil\AppData\Local\Programs\Python\Python312\Scripts;C:\Users\danil\AppData\Local\Programs\Python\Python312;C:\Users\danil\AppData\Local\Microsoft\WindowsApps;C:\Users\danil\AppData\Local\Programs\Microsoft VS Code\bin;C:\Users\danil\AppData\Roaming\npm;D:\DataBase\18\bin;C:\Program Files\Processing\app;. -ea processing.core.PApplet --editor-location=-7,-7 --external --display=1 --sketch-path=C:\Users\danil\Desktop\Gravity_simul Gravity_simul

Host: 11th Gen Intel(R) Core(TM) i5-1155G7 @ 2.50GHz, 8 cores, 7G,  Windows 11 , 64 bit Build 26100 (10.0.26100.8328)
Time: Sun Jun 28 14:26:42 2026 RTZ 3 (s 11 , 64 bit Build 26100 (10.0.26100.8328) elapsed time: 5.972060 seconds (0d 0h 0m 5s)

---------------  T H R E A D  ---------------

Current thread (0x0000018fba8a5b80):  VMThread "VM Thread" [stack: 0x00000072c8900000,0x00000072c8a00000] [id=8672]

Stack: [0x00000072c8900000,0x00000072c8a00000],  sp=0x00000072c89fe2c0,  free space=1016k
Native frames: (J=compiled Java code, j=interpreted, Vv=VM code, C=native code)
C  [igxelpicd64.dll+0x23b386]


siginfo: EXCEPTION_ACCESS_VIOLATION (0xc0000005), reading address 0x0000000000035468


Registers:
RAX=0x0000018f8215f1b0, RBX=0x0000018f80526a20, RCX=0x0000000000000004, RDX=0x0000000000000000
RSP=0x00000072c89fe2c0, RBP=0x0000000000000000, RSI=0x0000018f8215efb0, RDI=0x0000018f800b3f10
R8 =0x0000018f8215f0b0, R9 =0x00000072c7fb5000, R10=0x0000000000000000, R11=0x0000000000000246
R12=0x0000018f8215efb0, R13=0x0000000000000000, R14=0x0000018f8215f4f8, R15=0x0000018f821606f0
RIP=0x00007ffdf360b386, EFLAGS=0x0000000000010202


Register to memory mapping:

RIP=0x00007ffdf360b386 igxelpicd64.dll
RAX=0x0000018f8215f1b0 points into unknown readable memory: 0x00000000000016ea | ea 16 00 00 00 00 00 00
RBX=0x0000018f80526a20 points into unknown readable memory: 0xffffffffffffffff | ff ff ff ff ff ff ff ff
RCX=0x0000000000000004 is an unknown value
RDX=0x0 is NULL
RSP=0x00000072c89fe2c0 points into unknown readable memory: 0x0000018f80526a20 | 20 6a 52 80 8f 01 00 00
RBP=0x0 is NULL
RSI=0x0000018f8215efb0 points into unknown readable memory: 0x0000018f80655670 | 70 56 65 80 8f 01 00 00
RDI=0x0000018f800b3f10 points into unknown readable memory: 0x0000018f81e8fa00 | 00 fa e8 81 8f 01 00 00
R8 =0x0000018f8215f0b0 points into unknown readable memory: 0x0000000000000000 | 00 00 00 00 00 00 00 00
R9 =0x00000072c7fb5000 points into unknown readable memory: 0x0000000000000000 | 00 00 00 00 00 00 00 00
R10=0x0 is NULL
R11=0x0000000000000246 is an unknown value
R12=0x0000018f8215efb0 points into unknown readable memory: 0x0000018f80655670 | 70 56 65 80 8f 01 00 00
R13=0x0 is NULL
R14=0x0000018f8215f4f8 points into unknown readable memory: 0x0000018f821606f0 | f0 06 16 82 8f 01 00 00
R15=0x0000018f821606f0 points into unknown readable memory: 0x0000018f80655670 | 70 56 65 80 8f 01 00 00


Top of Stack: (sp=0x00000072c89fe2c0)
0x00000072c89fe2c0:   0000018f80526a20 03636abb0363f0ba
0x00000072c89fe2d0:   0329a6bb033875bb 00b46ebc038865bc
0x00000072c89fe2e0:   0000001600000000 0000000000000000
0x00000072c89fe2f0:   02eec1be02aa5abe 01ba89bf02f831bf
0x00000072c89fe300:   0000018f80526a20 0361b7c0039c4fc0
0x00000072c89fe310:   02c81bc2026319c1 034d7cc300816dc3
0x00000072c89fe320:   00f399c302908ec3 02330ac5039807c4
0x00000072c89fe330:   038eebc602c88ec5 036f88c800d75dc7
0x00000072c89fe340:   033fe8c9034d31c9 00b723ca02c41aca
0x00000072c89fe350:   037086ca039f35ca 033837cb027527cb
0x00000072c89fe360:   0385f7cb024d47cb 037086cc005649cc
0x00000072c89fe370:   036711cd039807cd 0165f3cf0283bacd
0x00000072c89fe380:   036f30d001ba0ad0 036ac6d0039189d0
0x00000072c89fe390:   037086d101e4f6d0 038d2bd20347fdd1
0x00000072c89fe3a0:   0377c8d20364afd2 00007ffe8d905b54
0x00000072c89fe3b0:   0000000000000000 0000000000000000
0x00000072c89fe3c0:   00000072c89fe560 00007ffe8b771259
0x00000072c89fe3d0:   00000072c89fe458 0000000000000000
0x00000072c89fe3e0:   0000000000000054 0000000000000000
0x00000072c89fe3f0:   0366fdd70398f2d7 00007ffe8d905cc4
0x00000072c89fe400:   0384edd8019ce7d8 02f463dc037086da
0x00000072c89fe410:   0000f0325f3a8520 037086df03925ade
0x00000072c89fe420:   0000018f824b9478 000000000000171a
0x00000072c89fe430:   0000000000000000 0000000000000016
0x00000072c89fe440:   0000000000000000 0000000000000000
0x00000072c89fe450:   00000072c89fe560 00007ffdf36382ae
0x00000072c89fe460:   0000018f800b3f10 0000000000000000
0x00000072c89fe470:   0000018f800b3f10 033a74e7038065e7
0x00000072c89fe480:   0000007200000c94 00007404006b0000
0x00000072c89fe490:   0000000000000000 037b45ea034834ea
0x00000072c89fe4a0:   026cbcea02a354ea 037b38eb038b37eb
0x00000072c89fe4b0:   035699eb01df7feb 035546ec027a29ec 

Instructions: (pc=0x00007ffdf360b386)
0x00007ffdf360b286:   00 90 4c 8b bf 80 02 00 00 48 8b 05 9a 85 bd 00
0x00007ffdf360b296:   8b 80 c8 0a 00 00 89 44 24 24 c6 44 24 20 00 48
0x00007ffdf360b2a6:   c7 87 80 02 00 00 00 00 00 00 c7 87 88 02 00 00
0x00007ffdf360b2b6:   00 00 00 00 48 c7 87 a0 02 00 00 00 00 00 00 48
0x00007ffdf360b2c6:   c7 87 90 02 00 00 00 00 00 00 48 85 ed 75 3d 8b
0x00007ffdf360b2d6:   35 0d 77 cd 00 65 48 8b 04 25 58 00 00 00 b9 14
0x00007ffdf360b2e6:   00 00 00 48 8b 04 f0 40 38 2c 01 0f 84 c9 e7 75
0x00007ffdf360b2f6:   00 65 48 8b 04 25 58 00 00 00 bd 20 00 00 00 48
0x00007ffdf360b306:   8b 04 f0 48 8b 2c 28 48 89 6c 24 28 48 3b 2d 07
0x00007ffdf360b316:   9b cd 00 0f 84 9b 10 00 00 4d 85 ff 0f 84 3a 01
0x00007ffdf360b326:   00 00 0f 1f 84 00 00 00 00 00 49 8b f7 4d 8b e7
0x00007ffdf360b336:   4d 8d b7 48 05 00 00 4d 8b 3e 45 84 ed 0f 85 d9
0x00007ffdf360b346:   0e 00 00 8b 8f d0 01 00 00 48 8b 05 da 84 bd 00
0x00007ffdf360b356:   83 b8 64 03 00 00 02 75 34 4d 8d 84 24 00 01 00
0x00007ffdf360b366:   00 83 f9 10 0f 83 3a 01 00 00 8b c1 48 c1 e0 06
0x00007ffdf360b376:   49 03 c0 48 85 c0 0f 84 9b 01 00 00 48 8b 50 08
0x00007ffdf360b386:   48 3b 95 68 54 03 00 0f 87 b6 0e 00 00 48 83 be
0x00007ffdf360b396:   c0 05 00 00 00 0f 85 50 e7 75 00 44 8b 8f d0 01
0x00007ffdf360b3a6:   00 00 48 8b 87 e8 01 00 00 4c 8b 00 8b 8f d0 01
0x00007ffdf360b3b6:   00 00 48 8d 9e 00 01 00 00 83 f9 10 0f 83 1e 01
0x00007ffdf360b3c6:   00 00 8b c1 48 c1 e0 06 48 03 c3 48 85 c0 0f 84
0x00007ffdf360b3d6:   4a 01 00 00 4c 39 40 08 0f 86 40 01 00 00 48 8b
0x00007ffdf360b3e6:   87 80 02 00 00 49 89 06 48 89 b7 80 02 00 00 ff
0x00007ffdf360b3f6:   87 88 02 00 00 48 8b 4e 08 48 8b 01 ba 01 00 00
0x00007ffdf360b406:   00 48 8b 80 e0 02 00 00 ff 15 f4 c1 88 00 0f b7
0x00007ffdf360b416:   c8 48 2b c1 48 05 00 00 01 00 48 01 87 90 02 00
0x00007ffdf360b426:   00 48 8b 4e 08 48 8b 01 ba 01 00 00 00 48 8b 80
0x00007ffdf360b436:   e0 02 00 00 ff 15 c8 c1 88 00 48 01 87 a0 02 00
0x00007ffdf360b446:   00 0f b6 54 24 20 4d 85 ff 0f 85 db fe ff ff 84
0x00007ffdf360b456:   d2 0f 85 37 0f 00 00 48 8b 5c 24 40 48 8b cf 80
0x00007ffdf360b466:   7c 24 22 00 0f 85 40 0f 00 00 e8 3b f9 ff ff 90
0x00007ffdf360b476:   48 8b cb ff 15 99 bc 88 00 48 8b 8c 24 50 01 00 


Stack slot to memory mapping:
stack at sp + 0 slots: 0x0000018f80526a20 points into unknown readable memory: 0xffffffffffffffff | ff ff ff ff ff ff ff ff
stack at sp + 1 slots: 0x03636abb0363f0ba is an unknown value
stack at sp + 2 slots: 0x0329a6bb033875bb is an unknown value
stack at sp + 3 slots: 0x00b46ebc038865bc is an unknown value
stack at sp + 4 slots: 0x0000001600000000 is an unknown value
stack at sp + 5 slots: 0x0 is NULL
stack at sp + 6 slots: 0x02eec1be02aa5abe is an unknown value
stack at sp + 7 slots: 0x01ba89bf02f831bf is an unknown value

VM_Operation (0x00000072caafeca0): Exit, mode: safepoint, requested by thread 0x0000018f81eaa4e0


---------------  P R O C E S S  ---------------

Threads class SMR info:
_java_thread_list=0x0000018f82077820, length=36, elements={
0x0000018fba8a9b60, 0x0000018fba8ad550, 0x0000018fba8c5de0, 0x0000018fba8c66b0,
0x0000018fba8c9730, 0x0000018fba8caad0, 0x0000018fba8d38f0, 0x0000018fba8d6820,
0x0000018fbab69260, 0x0000018fbab738d0, 0x0000018fbab7c830, 0x0000018fbae7c750,
0x0000018f81e2df80, 0x0000018f81eaa4e0, 0x0000018f820cb2e0, 0x0000018f820cbd00,
0x0000018f820cc210, 0x0000018f820cb7f0, 0x0000018f820ca8c0, 0x0000018f820cadd0,
0x0000018f929f1840, 0x0000018f929ef9e0, 0x0000018f929f2260, 0x0000018f929f1d50,
0x0000018f929f0400, 0x0000018f929f0910, 0x0000018f929f0e20, 0x0000018f929eefc0,
0x0000018f929eeab0, 0x0000018f929efef0, 0x0000018f929f2770, 0x0000018f929f1330,
0x0000018f929ef4d0, 0x0000018f929f5f20, 0x0000018f929f3bb0, 0x0000018f929f5a10
}

Java Threads: ( => current thread )
  0x0000018fba8a9b60 JavaThread "Reference Handler" daemon [_thread_blocked, id=8904, stack(0x00000072c8a00000,0x00000072c8b00000)]
  0x0000018fba8ad550 JavaThread "Finalizer" daemon [_thread_blocked, id=2416, stack(0x00000072c8b00000,0x00000072c8c00000)]
  0x0000018fba8c5de0 JavaThread "Attach Listener" daemon [_thread_blocked, id=11000, stack(0x00000072c8d00000,0x00000072c8e00000)]
  0x0000018fba8c66b0 JavaThread "Service Thread" daemon [_thread_blocked, id=3448, stack(0x00000072c8e00000,0x00000072c8f00000)]
  0x0000018fba8c9730 JavaThread "Monitor Deflation Thread" daemon [_thread_blocked, id=9936, stack(0x00000072c8f00000,0x00000072c9000000)]
  0x0000018fba8caad0 JavaThread "C2 CompilerThread0" daemon [_thread_blocked, id=7564, stack(0x00000072c9000000,0x00000072c9100000)]
  0x0000018fba8d38f0 JavaThread "C1 CompilerThread0" daemon [_thread_blocked, id=15936, stack(0x00000072c9100000,0x00000072c9200000)]
  0x0000018fba8d6820 JavaThread "Sweeper thread" daemon [_thread_blocked, id=18320, stack(0x00000072c9200000,0x00000072c9300000)]
  0x0000018fbab69260 JavaThread "JDWP Event Helper Thread" daemon [_thread_blocked, id=3692, stack(0x00000072c9400000,0x00000072c9500000)]
  0x0000018fbab738d0 JavaThread "Notification Thread" daemon [_thread_blocked, id=13612, stack(0x00000072c9600000,0x00000072c9700000)]
  0x0000018fbab7c830 JavaThread "Common-Cleaner" daemon [_thread_blocked, id=2452, stack(0x00000072c9800000,0x00000072c9900000)]
  0x0000018fbae7c750 JavaThread "Java2D Disposer" daemon [_thread_blocked, id=1960, stack(0x00000072c9900000,0x00000072c9a00000)]
  0x0000018f81e2df80 JavaThread "HighResTimerThread" daemon [_thread_blocked, id=8640, stack(0x00000072ca800000,0x00000072ca900000)]
  0x0000018f81eaa4e0 JavaThread "main-FPSAWTAnimator#00-Timer0" [_thread_blocked, id=8160, stack(0x00000072caa00000,0x00000072cab00000)]
  0x0000018f820cb2e0 JavaThread "DestroyJavaVM" [_thread_blocked, id=14496, stack(0x00000072c8300000,0x00000072c8400000)]
  0x0000018f820cbd00 JavaThread "pool-1-thread-1" [_thread_blocked, id=4360, stack(0x00000072cae00000,0x00000072caf00000)]
  0x0000018f820cc210 JavaThread "pool-1-thread-2" [_thread_blocked, id=5144, stack(0x00000072caf00000,0x00000072cb000000)]
  0x0000018f820cb7f0 JavaThread "pool-1-thread-3" [_thread_blocked, id=5488, stack(0x00000072cb000000,0x00000072cb100000)]
  0x0000018f820ca8c0 JavaThread "pool-1-thread-4" [_thread_blocked, id=14116, stack(0x00000072cb100000,0x00000072cb200000)]
  0x0000018f820cadd0 JavaThread "pool-1-thread-5" [_thread_blocked, id=1708, stack(0x00000072cb200000,0x00000072cb300000)]
  0x0000018f929f1840 JavaThread "pool-1-thread-6" [_thread_blocked, id=15264, stack(0x00000072cb300000,0x00000072cb400000)]
  0x0000018f929ef9e0 JavaThread "pool-1-thread-7" [_thread_blocked, id=1308, stack(0x00000072cb400000,0x00000072cb500000)]
  0x0000018f929f2260 JavaThread "pool-1-thread-8" [_thread_blocked, id=6872, stack(0x00000072cb500000,0x00000072cb600000)]
  0x0000018f929f1d50 JavaThread "pool-1-thread-9" [_thread_blocked, id=10616, stack(0x00000072cb600000,0x00000072cb700000)]
  0x0000018f929f0400 JavaThread "pool-1-thread-10" [_thread_blocked, id=11856, stack(0x00000072cb700000,0x00000072cb800000)]
  0x0000018f929f0910 JavaThread "pool-1-thread-11" [_thread_blocked, id=18952, stack(0x00000072cb800000,0x00000072cb900000)]
  0x0000018f929f0e20 JavaThread "pool-1-thread-12" [_thread_blocked, id=8396, stack(0x00000072cb900000,0x00000072cba00000)]
  0x0000018f929eefc0 JavaThread "pool-1-thread-13" [_thread_blocked, id=2280, stack(0x00000072cba00000,0x00000072cbb00000)]
  0x0000018f929eeab0 JavaThread "pool-1-thread-14" [_thread_blocked, id=11796, stack(0x00000072cbb00000,0x00000072cbc00000)]
  0x0000018f929efef0 JavaThread "pool-1-thread-15" [_thread_blocked, id=6432, stack(0x00000072cbc00000,0x00000072cbd00000)]
  0x0000018f929f2770 JavaThread "pool-1-thread-16" [_thread_blocked, id=2236, stack(0x00000072cbd00000,0x00000072cbe00000)]
  0x0000018f929f1330 JavaThread "pool-1-thread-17" [_thread_blocked, id=6480, stack(0x00000072cbe00000,0x00000072cbf00000)]
  0x0000018f929ef4d0 JavaThread "pool-1-thread-18" [_thread_blocked, id=2200, stack(0x00000072cbf00000,0x00000072cc000000)]
  0x0000018f929f5f20 JavaThread "pool-1-thread-19" [_thread_blocked, id=11556, stack(0x00000072cc000000,0x00000072cc100000)]
  0x0000018f929f3bb0 JavaThread "pool-1-thread-20" [_thread_blocked, id=3080, stack(0x00000072cc100000,0x00000072cc200000)]
  0x0000018f929f5a10 JavaThread "AWT-Shutdown" [_thread_blocked, id=1728, stack(0x00000072ca900000,0x00000072caa00000)]

Other Threads:
=>0x0000018fba8a5b80 VMThread "VM Thread" [stack: 0x00000072c8900000,0x00000072c8a00000] [id=8672]
  0x0000018f9ce8c9b0 GCTaskThread "GC Thread#0" [stack: 0x00000072c8400000,0x00000072c8500000] [id=11996]
  0x0000018f8194b570 GCTaskThread "GC Thread#1" [stack: 0x00000072ca100000,0x00000072ca200000] [id=10316]
  0x0000018f8194b830 GCTaskThread "GC Thread#2" [stack: 0x00000072ca200000,0x00000072ca300000] [id=17148]
  0x0000018f8194baf0 GCTaskThread "GC Thread#3" [stack: 0x00000072ca300000,0x00000072ca400000] [id=18932]
  0x0000018f8194ddc0 GCTaskThread "GC Thread#4" [stack: 0x00000072ca400000,0x00000072ca500000] [id=16232]
  0x0000018f8194e080 GCTaskThread "GC Thread#5" [stack: 0x00000072ca500000,0x00000072ca600000] [id=16076]
  0x0000018f81990040 GCTaskThread "GC Thread#6" [stack: 0x00000072ca600000,0x00000072ca700000] [id=16664]
  0x0000018f81994310 GCTaskThread "GC Thread#7" [stack: 0x00000072ca700000,0x00000072ca800000] [id=7816]
  0x0000018f9ce96820 ConcurrentGCThread "G1 Main Marker" terminated
  0x0000018f9ce97e20 ConcurrentGCThread "G1 Conc#0" [stack: 0x00000072c8600000,0x00000072c8700000] [id=19412]
  0x0000018f929ce770 ConcurrentGCThread "G1 Conc#1" [stack: 0x00000072cc200000,0x00000072cc300000] [id=2628]
  0x0000018f9cefd080 ConcurrentGCThread "G1 Refine#0" terminated
  0x0000018f9cefe870 ConcurrentGCThread "G1 Service" terminated

Threads with active compile tasks:

VM state: at safepoint (shutting down)

VM Mutex/Monitor currently owned by a thread:  ([mutex/lock_event])
[0x0000018f9ce46a80] Threads_lock - owner thread: 0x0000018fba8a5b80
[0x0000018f9ce47a40] Heap_lock - owner thread: 0x0000018f81eaa4e0

Heap address: 0x00000000c0000000, size: 1024 MB, Compressed Oops mode: 32-bit

CDS archive(s) mapped at: [0x0000018fbb000000-0x0000018fbbbb0000-0x0000018fbbbb0000), size 12255232, SharedBaseAddress: 0x0000018fbb000000, ArchiveRelocationMode: 1.
Compressed class space mapped at: 0x0000018fbc000000-0x0000018ffc000000, reserved size: 1073741824
Narrow klass base: 0x0000018fbb000000, Narrow klass shift: 0, Narrow klass range: 0x100000000

GC Precious Log:
 CPUs: 8 total, 8 available
 Memory: 7975M
 Large Page Support: Disabled
 NUMA Support: Disabled
 Compressed Oops: Enabled (32-bit)
 Heap Region Size: 1M
 Heap Min Capacity: 64M
 Heap Initial Capacity: 64M
 Heap Max Capacity: 1G
 Pre-touch: Disabled
 Parallel Workers: 8
 Concurrent Workers: 2
 Concurrent Refinement Workers: 8
 Periodic GC: Disabled

Heap:
 garbage-first heap   total 147456K, used 103963K [0x00000000c0000000, 0x0000000100000000)
  region size 1024K, 21 young (21504K), 1 survivors (1024K)
 Metaspace       used 12859K, committed 13056K, reserved 1114112K
  class space    used 919K, committed 1024K, reserved 1048576K

Heap Regions: E=young(eden), S=young(survivor), O=old, HS=humongous(starts), HC=humongous(continues), CS=collection set, F=free, OA=open archive, CA=closed archive, TAMS=top-at-mark-start (previous, next)
|   0|0x00000000c0000000, 0x00000000c0100000, 0x00000000c0100000|100%| O|  |TAMS 0x00000000c0100000, 0x00000000c0000000| Untracked 
|   1|0x00000000c0100000, 0x00000000c0200000, 0x00000000c0200000|100%| O|  |TAMS 0x00000000c0200000, 0x00000000c0100000| Untracked 
|   2|0x00000000c0200000, 0x00000000c0300000, 0x00000000c0300000|100%| O|  |TAMS 0x00000000c0300000, 0x00000000c0200000| Untracked 
|   3|0x00000000c0300000, 0x00000000c0400000, 0x00000000c0400000|100%| O|  |TAMS 0x00000000c0400000, 0x00000000c0300000| Untracked 
|   4|0x00000000c0400000, 0x00000000c0500000, 0x00000000c0500000|100%| O|  |TAMS 0x00000000c0500000, 0x00000000c0400000| Untracked 
|   5|0x00000000c0500000, 0x00000000c0600000, 0x00000000c0600000|100%| O|  |TAMS 0x00000000c0600000, 0x00000000c0500000| Untracked 
|   6|0x00000000c0600000, 0x00000000c0700000, 0x00000000c0700000|100%| O|  |TAMS 0x00000000c0700000, 0x00000000c0600000| Untracked 
|   7|0x00000000c0700000, 0x00000000c0800000, 0x00000000c0800000|100%| O|  |TAMS 0x00000000c0800000, 0x00000000c0700000| Untracked 
|   8|0x00000000c0800000, 0x00000000c0900000, 0x00000000c0900000|100%| O|  |TAMS 0x00000000c0900000, 0x00000000c0800000| Untracked 
|   9|0x00000000c0900000, 0x00000000c0a00000, 0x00000000c0a00000|100%| O|  |TAMS 0x00000000c0a00000, 0x00000000c0900000| Untracked 
|  10|0x00000000c0a00000, 0x00000000c0b00000, 0x00000000c0b00000|100%|HS|  |TAMS 0x00000000c0b00000, 0x00000000c0a00000| Complete 
|  11|0x00000000c0b00000, 0x00000000c0c00000, 0x00000000c0c00000|100%|HC|  |TAMS 0x00000000c0c00000, 0x00000000c0b00000| Complete 
|  12|0x00000000c0c00000, 0x00000000c0d00000, 0x00000000c0d00000|100%|HC|  |TAMS 0x00000000c0d00000, 0x00000000c0c00000| Complete 
|  13|0x00000000c0d00000, 0x00000000c0e00000, 0x00000000c0e00000|100%|HC|  |TAMS 0x00000000c0e00000, 0x00000000c0d00000| Complete 
|  14|0x00000000c0e00000, 0x00000000c0f00000, 0x00000000c0f00000|100%|HC|  |TAMS 0x00000000c0f00000, 0x00000000c0e00000| Complete 
|  15|0x00000000c0f00000, 0x00000000c1000000, 0x00000000c1000000|100%|HC|  |TAMS 0x00000000c1000000, 0x00000000c0f00000| Complete 
|  16|0x00000000c1000000, 0x00000000c1100000, 0x00000000c1100000|100%|HC|  |TAMS 0x00000000c1100000, 0x00000000c1000000| Complete 
|  17|0x00000000c1100000, 0x00000000c1200000, 0x00000000c1200000|100%|HC|  |TAMS 0x00000000c1200000, 0x00000000c1100000| Complete 
|  18|0x00000000c1200000, 0x00000000c1300000, 0x00000000c1300000|100%|HC|  |TAMS 0x00000000c1300000, 0x00000000c1200000| Complete 
|  19|0x00000000c1300000, 0x00000000c1400000, 0x00000000c1400000|100%|HC|  |TAMS 0x00000000c1400000, 0x00000000c1300000| Complete 
|  20|0x00000000c1400000, 0x00000000c1500000, 0x00000000c1500000|100%|HC|  |TAMS 0x00000000c1500000, 0x00000000c1400000| Complete 
|  21|0x00000000c1500000, 0x00000000c1600000, 0x00000000c1600000|100%|HC|  |TAMS 0x00000000c1600000, 0x00000000c1500000| Complete 
|  22|0x00000000c1600000, 0x00000000c1700000, 0x00000000c1700000|100%|HC|  |TAMS 0x00000000c1700000, 0x00000000c1600000| Complete 
|  23|0x00000000c1700000, 0x00000000c1800000, 0x00000000c1800000|100%|HC|  |TAMS 0x00000000c1800000, 0x00000000c1700000| Complete 
|  24|0x00000000c1800000, 0x00000000c1900000, 0x00000000c1900000|100%|HC|  |TAMS 0x00000000c1900000, 0x00000000c1800000| Complete 
|  25|0x00000000c1900000, 0x00000000c1a00000, 0x00000000c1a00000|100%|HC|  |TAMS 0x00000000c1a00000, 0x00000000c1900000| Complete 
|  26|0x00000000c1a00000, 0x00000000c1b00000, 0x00000000c1b00000|100%|HC|  |TAMS 0x00000000c1b00000, 0x00000000c1a00000| Complete 
|  27|0x00000000c1b00000, 0x00000000c1c00000, 0x00000000c1c00000|100%| O|  |TAMS 0x00000000c1c00000, 0x00000000c1b00000| Untracked 
|  28|0x00000000c1c00000, 0x00000000c1d00000, 0x00000000c1d00000|100%| O|  |TAMS 0x00000000c1d00000, 0x00000000c1c00000| Untracked 
|  29|0x00000000c1d00000, 0x00000000c1e00000, 0x00000000c1e00000|100%|HS|  |TAMS 0x00000000c1e00000, 0x00000000c1d00000| Complete 
|  30|0x00000000c1e00000, 0x00000000c1f00000, 0x00000000c1f00000|100%|HC|  |TAMS 0x00000000c1f00000, 0x00000000c1e00000| Complete 
|  31|0x00000000c1f00000, 0x00000000c2000000, 0x00000000c2000000|100%|HC|  |TAMS 0x00000000c2000000, 0x00000000c1f00000| Complete 
|  32|0x00000000c2000000, 0x00000000c2100000, 0x00000000c2100000|100%|HC|  |TAMS 0x00000000c2100000, 0x00000000c2000000| Complete 
|  33|0x00000000c2100000, 0x00000000c2200000, 0x00000000c2200000|100%|HC|  |TAMS 0x00000000c2200000, 0x00000000c2100000| Complete 
|  34|0x00000000c2200000, 0x00000000c2300000, 0x00000000c2300000|100%|HS|  |TAMS 0x00000000c2300000, 0x00000000c2200000| Complete 
|  35|0x00000000c2300000, 0x00000000c2400000, 0x00000000c2400000|100%|HC|  |TAMS 0x00000000c2400000, 0x00000000c2300000| Complete 
|  36|0x00000000c2400000, 0x00000000c2500000, 0x00000000c2500000|100%|HC|  |TAMS 0x00000000c2500000, 0x00000000c2400000| Complete 
|  37|0x00000000c2500000, 0x00000000c2600000, 0x00000000c2600000|100%|HC|  |TAMS 0x00000000c2600000, 0x00000000c2500000| Complete 
|  38|0x00000000c2600000, 0x00000000c2700000, 0x00000000c2700000|100%|HC|  |TAMS 0x00000000c2700000, 0x00000000c2600000| Complete 
|  39|0x00000000c2700000, 0x00000000c2800000, 0x00000000c2800000|100%|HC|  |TAMS 0x00000000c2800000, 0x00000000c2700000| Complete 
|  40|0x00000000c2800000, 0x00000000c2900000, 0x00000000c2900000|100%|HC|  |TAMS 0x00000000c2900000, 0x00000000c2800000| Complete 
|  41|0x00000000c2900000, 0x00000000c2a00000, 0x00000000c2a00000|100%|HC|  |TAMS 0x00000000c2a00000, 0x00000000c2900000| Complete 
|  42|0x00000000c2a00000, 0x00000000c2b00000, 0x00000000c2b00000|100%|HC|  |TAMS 0x00000000c2b00000, 0x00000000c2a00000| Complete 
|  43|0x00000000c2b00000, 0x00000000c2c00000, 0x00000000c2c00000|100%|HC|  |TAMS 0x00000000c2c00000, 0x00000000c2b00000| Complete 
|  44|0x00000000c2c00000, 0x00000000c2d00000, 0x00000000c2d00000|100%|HC|  |TAMS 0x00000000c2d00000, 0x00000000c2c00000| Complete 
|  45|0x00000000c2d00000, 0x00000000c2e00000, 0x00000000c2e00000|100%|HC|  |TAMS 0x00000000c2e00000, 0x00000000c2d00000| Complete 
|  46|0x00000000c2e00000, 0x00000000c2f00000, 0x00000000c2f00000|100%|HC|  |TAMS 0x00000000c2f00000, 0x00000000c2e00000| Complete 
|  47|0x00000000c2f00000, 0x00000000c3000000, 0x00000000c3000000|100%|HS|  |TAMS 0x00000000c3000000, 0x00000000c2f00000| Complete 
|  48|0x00000000c3000000, 0x00000000c3100000, 0x00000000c3100000|100%|HC|  |TAMS 0x00000000c3100000, 0x00000000c3000000| Complete 
|  49|0x00000000c3100000, 0x00000000c3200000, 0x00000000c3200000|100%|HC|  |TAMS 0x00000000c3200000, 0x00000000c3100000| Complete 
|  50|0x00000000c3200000, 0x00000000c3300000, 0x00000000c3300000|100%|HC|  |TAMS 0x00000000c3300000, 0x00000000c3200000| Complete 
|  51|0x00000000c3300000, 0x00000000c3400000, 0x00000000c3400000|100%|HC|  |TAMS 0x00000000c3400000, 0x00000000c3300000| Complete 
|  52|0x00000000c3400000, 0x00000000c3500000, 0x00000000c3500000|100%|HC|  |TAMS 0x00000000c3500000, 0x00000000c3400000| Complete 
|  53|0x00000000c3500000, 0x00000000c3600000, 0x00000000c3600000|100%|HC|  |TAMS 0x00000000c3600000, 0x00000000c3500000| Complete 
|  54|0x00000000c3600000, 0x00000000c3700000, 0x00000000c3700000|100%|HC|  |TAMS 0x00000000c3700000, 0x00000000c3600000| Complete 
|  55|0x00000000c3700000, 0x00000000c3800000, 0x00000000c3800000|100%|HC|  |TAMS 0x00000000c3800000, 0x00000000c3700000| Complete 
|  56|0x00000000c3800000, 0x00000000c3900000, 0x00000000c3900000|100%|HS|  |TAMS 0x00000000c3900000, 0x00000000c3800000| Complete 
|  57|0x00000000c3900000, 0x00000000c3a00000, 0x00000000c3a00000|100%|HC|  |TAMS 0x00000000c3a00000, 0x00000000c3900000| Complete 
|  58|0x00000000c3a00000, 0x00000000c3b00000, 0x00000000c3b00000|100%|HC|  |TAMS 0x00000000c3b00000, 0x00000000c3a00000| Complete 
|  59|0x00000000c3b00000, 0x00000000c3c00000, 0x00000000c3c00000|100%|HC|  |TAMS 0x00000000c3c00000, 0x00000000c3b00000| Complete 
|  60|0x00000000c3c00000, 0x00000000c3d00000, 0x00000000c3d00000|100%|HC|  |TAMS 0x00000000c3d00000, 0x00000000c3c00000| Complete 
|  61|0x00000000c3d00000, 0x00000000c3daac00, 0x00000000c3e00000| 66%| O|  |TAMS 0x00000000c3daac00, 0x00000000c3d00000| Untracked 
|  62|0x00000000c3e00000, 0x00000000c3e00000, 0x00000000c3f00000|  0%| F|  |TAMS 0x00000000c3e00000, 0x00000000c3e00000| Untracked 
|  63|0x00000000c3f00000, 0x00000000c3f00000, 0x00000000c4000000|  0%| F|  |TAMS 0x00000000c3f00000, 0x00000000c3f00000| Untracked 
|  64|0x00000000c4000000, 0x00000000c4100000, 0x00000000c4100000|100%|HS|  |TAMS 0x00000000c4100000, 0x00000000c4000000| Complete 
|  65|0x00000000c4100000, 0x00000000c4200000, 0x00000000c4200000|100%|HC|  |TAMS 0x00000000c4200000, 0x00000000c4100000| Complete 
|  66|0x00000000c4200000, 0x00000000c4300000, 0x00000000c4300000|100%|HC|  |TAMS 0x00000000c4300000, 0x00000000c4200000| Complete 
|  67|0x00000000c4300000, 0x00000000c4400000, 0x00000000c4400000|100%|HC|  |TAMS 0x00000000c4400000, 0x00000000c4300000| Complete 
|  68|0x00000000c4400000, 0x00000000c4500000, 0x00000000c4500000|100%|HC|  |TAMS 0x00000000c4500000, 0x00000000c4400000| Complete 
|  69|0x00000000c4500000, 0x00000000c4600000, 0x00000000c4600000|100%|HS|  |TAMS 0x00000000c4600000, 0x00000000c4500000| Complete 
|  70|0x00000000c4600000, 0x00000000c4700000, 0x00000000c4700000|100%|HC|  |TAMS 0x00000000c4700000, 0x00000000c4600000| Complete 
|  71|0x00000000c4700000, 0x00000000c4800000, 0x00000000c4800000|100%|HC|  |TAMS 0x00000000c4800000, 0x00000000c4700000| Complete 
|  72|0x00000000c4800000, 0x00000000c4900000, 0x00000000c4900000|100%|HC|  |TAMS 0x00000000c4900000, 0x00000000c4800000| Complete 
|  73|0x00000000c4900000, 0x00000000c4a00000, 0x00000000c4a00000|100%|HC|  |TAMS 0x00000000c4a00000, 0x00000000c4900000| Complete 
|  74|0x00000000c4a00000, 0x00000000c4b00000, 0x00000000c4b00000|100%|HS|  |TAMS 0x00000000c4b00000, 0x00000000c4a00000| Complete 
|  75|0x00000000c4b00000, 0x00000000c4c00000, 0x00000000c4c00000|100%|HC|  |TAMS 0x00000000c4c00000, 0x00000000c4b00000| Complete 
|  76|0x00000000c4c00000, 0x00000000c4d00000, 0x00000000c4d00000|100%|HC|  |TAMS 0x00000000c4d00000, 0x00000000c4c00000| Complete 
|  77|0x00000000c4d00000, 0x00000000c4e00000, 0x00000000c4e00000|100%|HC|  |TAMS 0x00000000c4e00000, 0x00000000c4d00000| Complete 
|  78|0x00000000c4e00000, 0x00000000c4f00000, 0x00000000c4f00000|100%|HC|  |TAMS 0x00000000c4f00000, 0x00000000c4e00000| Complete 
|  79|0x00000000c4f00000, 0x00000000c5000000, 0x00000000c5000000|100%|HS|  |TAMS 0x00000000c5000000, 0x00000000c4f00000| Complete 
|  80|0x00000000c5000000, 0x00000000c5100000, 0x00000000c5100000|100%|HC|  |TAMS 0x00000000c5100000, 0x00000000c5000000| Complete 
|  81|0x00000000c5100000, 0x00000000c5200000, 0x00000000c5200000|100%|HC|  |TAMS 0x00000000c5200000, 0x00000000c5100000| Complete 
|  82|0x00000000c5200000, 0x00000000c5300000, 0x00000000c5300000|100%|HC|  |TAMS 0x00000000c5300000, 0x00000000c5200000| Complete 
|  83|0x00000000c5300000, 0x00000000c5400000, 0x00000000c5400000|100%|HC|  |TAMS 0x00000000c5400000, 0x00000000c5300000| Complete 
|  84|0x00000000c5400000, 0x00000000c5400000, 0x00000000c5500000|  0%| F|  |TAMS 0x00000000c5400000, 0x00000000c5400000| Untracked 
|  85|0x00000000c5500000, 0x00000000c5500000, 0x00000000c5600000|  0%| F|  |TAMS 0x00000000c5500000, 0x00000000c5500000| Untracked 
|  86|0x00000000c5600000, 0x00000000c5600000, 0x00000000c5700000|  0%| F|  |TAMS 0x00000000c5600000, 0x00000000c5600000| Untracked 
|  87|0x00000000c5700000, 0x00000000c5700000, 0x00000000c5800000|  0%| F|  |TAMS 0x00000000c5700000, 0x00000000c5700000| Untracked 
|  88|0x00000000c5800000, 0x00000000c5800000, 0x00000000c5900000|  0%| F|  |TAMS 0x00000000c5800000, 0x00000000c5800000| Untracked 
|  89|0x00000000c5900000, 0x00000000c5900000, 0x00000000c5a00000|  0%| F|  |TAMS 0x00000000c5900000, 0x00000000c5900000| Untracked 
|  90|0x00000000c5a00000, 0x00000000c5a00000, 0x00000000c5b00000|  0%| F|  |TAMS 0x00000000c5a00000, 0x00000000c5a00000| Untracked 
|  91|0x00000000c5b00000, 0x00000000c5b00000, 0x00000000c5c00000|  0%| F|  |TAMS 0x00000000c5b00000, 0x00000000c5b00000| Untracked 
|  92|0x00000000c5c00000, 0x00000000c5c00000, 0x00000000c5d00000|  0%| F|  |TAMS 0x00000000c5c00000, 0x00000000c5c00000| Untracked 
|  93|0x00000000c5d00000, 0x00000000c5d00000, 0x00000000c5e00000|  0%| F|  |TAMS 0x00000000c5d00000, 0x00000000c5d00000| Untracked 
|  94|0x00000000c5e00000, 0x00000000c5e00000, 0x00000000c5f00000|  0%| F|  |TAMS 0x00000000c5e00000, 0x00000000c5e00000| Untracked 
|  95|0x00000000c5f00000, 0x00000000c5f00000, 0x00000000c6000000|  0%| F|  |TAMS 0x00000000c5f00000, 0x00000000c5f00000| Untracked 
|  96|0x00000000c6000000, 0x00000000c6000000, 0x00000000c6100000|  0%| F|  |TAMS 0x00000000c6000000, 0x00000000c6000000| Untracked 
|  97|0x00000000c6100000, 0x00000000c6100000, 0x00000000c6200000|  0%| F|  |TAMS 0x00000000c6100000, 0x00000000c6100000| Untracked 
|  98|0x00000000c6200000, 0x00000000c6200000, 0x00000000c6300000|  0%| F|  |TAMS 0x00000000c6200000, 0x00000000c6200000| Untracked 
|  99|0x00000000c6300000, 0x00000000c6300000, 0x00000000c6400000|  0%| F|  |TAMS 0x00000000c6300000, 0x00000000c6300000| Untracked 
| 100|0x00000000c6400000, 0x00000000c6400000, 0x00000000c6500000|  0%| F|  |TAMS 0x00000000c6400000, 0x00000000c6400000| Untracked 
| 101|0x00000000c6500000, 0x00000000c6500000, 0x00000000c6600000|  0%| F|  |TAMS 0x00000000c6500000, 0x00000000c6500000| Untracked 
| 102|0x00000000c6600000, 0x00000000c6600000, 0x00000000c6700000|  0%| F|  |TAMS 0x00000000c6600000, 0x00000000c6600000| Untracked 
| 103|0x00000000c6700000, 0x00000000c6700000, 0x00000000c6800000|  0%| F|  |TAMS 0x00000000c6700000, 0x00000000c6700000| Untracked 
| 104|0x00000000c6800000, 0x00000000c6800000, 0x00000000c6900000|  0%| F|  |TAMS 0x00000000c6800000, 0x00000000c6800000| Untracked 
| 105|0x00000000c6900000, 0x00000000c6900000, 0x00000000c6a00000|  0%| F|  |TAMS 0x00000000c6900000, 0x00000000c6900000| Untracked 
| 106|0x00000000c6a00000, 0x00000000c6adc140, 0x00000000c6b00000| 85%| S|CS|TAMS 0x00000000c6a00000, 0x00000000c6a00000| Complete 
| 107|0x00000000c6b00000, 0x00000000c6b00000, 0x00000000c6c00000|  0%| F|  |TAMS 0x00000000c6b00000, 0x00000000c6b00000| Untracked 
| 108|0x00000000c6c00000, 0x00000000c6c00000, 0x00000000c6d00000|  0%| F|  |TAMS 0x00000000c6c00000, 0x00000000c6c00000| Untracked 
| 109|0x00000000c6d00000, 0x00000000c6d00000, 0x00000000c6e00000|  0%| F|  |TAMS 0x00000000c6d00000, 0x00000000c6d00000| Untracked 
| 110|0x00000000c6e00000, 0x00000000c6e00000, 0x00000000c6f00000|  0%| F|  |TAMS 0x00000000c6e00000, 0x00000000c6e00000| Untracked 
| 111|0x00000000c6f00000, 0x00000000c6f00000, 0x00000000c7000000|  0%| F|  |TAMS 0x00000000c6f00000, 0x00000000c6f00000| Untracked 
| 112|0x00000000c7000000, 0x00000000c7000000, 0x00000000c7100000|  0%| F|  |TAMS 0x00000000c7000000, 0x00000000c7000000| Untracked 
| 113|0x00000000c7100000, 0x00000000c7100000, 0x00000000c7200000|  0%| F|  |TAMS 0x00000000c7100000, 0x00000000c7100000| Untracked 
| 114|0x00000000c7200000, 0x00000000c7200000, 0x00000000c7300000|  0%| F|  |TAMS 0x00000000c7200000, 0x00000000c7200000| Untracked 
| 115|0x00000000c7300000, 0x00000000c7300000, 0x00000000c7400000|  0%| F|  |TAMS 0x00000000c7300000, 0x00000000c7300000| Untracked 
| 116|0x00000000c7400000, 0x00000000c7400000, 0x00000000c7500000|  0%| F|  |TAMS 0x00000000c7400000, 0x00000000c7400000| Untracked 
| 117|0x00000000c7500000, 0x00000000c7500000, 0x00000000c7600000|  0%| F|  |TAMS 0x00000000c7500000, 0x00000000c7500000| Untracked 
| 118|0x00000000c7600000, 0x00000000c7600000, 0x00000000c7700000|  0%| F|  |TAMS 0x00000000c7600000, 0x00000000c7600000| Untracked 
| 119|0x00000000c7700000, 0x00000000c7700000, 0x00000000c7800000|  0%| F|  |TAMS 0x00000000c7700000, 0x00000000c7700000| Untracked 
| 120|0x00000000c7800000, 0x00000000c7800000, 0x00000000c7900000|  0%| F|  |TAMS 0x00000000c7800000, 0x00000000c7800000| Untracked 
| 121|0x00000000c7900000, 0x00000000c7900000, 0x00000000c7a00000|  0%| F|  |TAMS 0x00000000c7900000, 0x00000000c7900000| Untracked 
| 122|0x00000000c7a00000, 0x00000000c7a00000, 0x00000000c7b00000|  0%| F|  |TAMS 0x00000000c7a00000, 0x00000000c7a00000| Untracked 
| 123|0x00000000c7b00000, 0x00000000c7b00000, 0x00000000c7c00000|  0%| F|  |TAMS 0x00000000c7b00000, 0x00000000c7b00000| Untracked 
| 124|0x00000000c7c00000, 0x00000000c7c819e0, 0x00000000c7d00000| 50%| E|  |TAMS 0x00000000c7c00000, 0x00000000c7c00000| Complete 
| 125|0x00000000c7d00000, 0x00000000c7e00000, 0x00000000c7e00000|100%| E|CS|TAMS 0x00000000c7d00000, 0x00000000c7d00000| Complete 
| 126|0x00000000c7e00000, 0x00000000c7f00000, 0x00000000c7f00000|100%| E|CS|TAMS 0x00000000c7e00000, 0x00000000c7e00000| Complete 
| 127|0x00000000c7f00000, 0x00000000c8000000, 0x00000000c8000000|100%| E|CS|TAMS 0x00000000c7f00000, 0x00000000c7f00000| Complete 
| 128|0x00000000c8000000, 0x00000000c8100000, 0x00000000c8100000|100%| E|CS|TAMS 0x00000000c8000000, 0x00000000c8000000| Complete 
| 129|0x00000000c8100000, 0x00000000c8200000, 0x00000000c8200000|100%| E|CS|TAMS 0x00000000c8100000, 0x00000000c8100000| Complete 
| 130|0x00000000c8200000, 0x00000000c8300000, 0x00000000c8300000|100%| E|CS|TAMS 0x00000000c8200000, 0x00000000c8200000| Complete 
| 131|0x00000000c8300000, 0x00000000c8400000, 0x00000000c8400000|100%| E|CS|TAMS 0x00000000c8300000, 0x00000000c8300000| Complete 
| 132|0x00000000c8400000, 0x00000000c8500000, 0x00000000c8500000|100%| E|CS|TAMS 0x00000000c8400000, 0x00000000c8400000| Complete 
| 133|0x00000000c8500000, 0x00000000c8600000, 0x00000000c8600000|100%| E|CS|TAMS 0x00000000c8500000, 0x00000000c8500000| Complete 
| 134|0x00000000c8600000, 0x00000000c8700000, 0x00000000c8700000|100%| E|CS|TAMS 0x00000000c8600000, 0x00000000c8600000| Complete 
| 135|0x00000000c8700000, 0x00000000c8800000, 0x00000000c8800000|100%| E|CS|TAMS 0x00000000c8700000, 0x00000000c8700000| Complete 
| 136|0x00000000c8800000, 0x00000000c8900000, 0x00000000c8900000|100%| E|CS|TAMS 0x00000000c8800000, 0x00000000c8800000| Complete 
| 137|0x00000000c8900000, 0x00000000c8a00000, 0x00000000c8a00000|100%| E|CS|TAMS 0x00000000c8900000, 0x00000000c8900000| Complete 
| 138|0x00000000c8a00000, 0x00000000c8b00000, 0x00000000c8b00000|100%| E|CS|TAMS 0x00000000c8a00000, 0x00000000c8a00000| Complete 
| 139|0x00000000c8b00000, 0x00000000c8c00000, 0x00000000c8c00000|100%| E|CS|TAMS 0x00000000c8b00000, 0x00000000c8b00000| Complete 
| 140|0x00000000c8c00000, 0x00000000c8d00000, 0x00000000c8d00000|100%| E|CS|TAMS 0x00000000c8c00000, 0x00000000c8c00000| Complete 
| 141|0x00000000c8d00000, 0x00000000c8e00000, 0x00000000c8e00000|100%| E|CS|TAMS 0x00000000c8d00000, 0x00000000c8d00000| Complete 
| 142|0x00000000c8e00000, 0x00000000c8f00000, 0x00000000c8f00000|100%| E|CS|TAMS 0x00000000c8e00000, 0x00000000c8e00000| Complete 
| 143|0x00000000c8f00000, 0x00000000c9000000, 0x00000000c9000000|100%| E|CS|TAMS 0x00000000c8f00000, 0x00000000c8f00000| Complete 

Card table byte_map: [0x0000018fb5ad0000,0x0000018fb5cd0000] _byte_map_base: 0x0000018fb54d0000

Marking Bits (Prev, Next): (CMBitMap*) 0x0000018f9ce8df30, (CMBitMap*) 0x0000018f9ce8def0
 Prev Bits: [0x0000018fb6ed0000, 0x0000018fb7ed0000)
 Next Bits: [0x0000018fb5ed0000, 0x0000018fb6ed0000)

Polling page: 0x0000018f9cbe0000

Metaspace:

Usage:
  Non-class:     11.66 MB used.
      Class:    919.25 KB used.
       Both:     12.56 MB used.

Virtual space:
  Non-class space:       64.00 MB reserved,      11.75 MB ( 18%) committed,  1 nodes.
      Class space:        1.00 GB reserved,       1.00 MB ( <1%) committed,  1 nodes.
             Both:        1.06 GB reserved,      12.75 MB (  1%) committed. 

Chunk freelists:
   Non-Class:  4.08 MB
       Class:  14.91 MB
        Both:  18.99 MB

MaxMetaspaceSize: unlimited
CompressedClassSpaceSize: 1.00 GB
Initial GC threshold: 21.00 MB
Current GC threshold: 21.00 MB
CDS: on
MetaspaceReclaimPolicy: balanced
 - commit_granule_bytes: 65536.
 - commit_granule_words: 8192.
 - virtual_space_node_default_size: 8388608.
 - enlarge_chunks_in_place: 1.
 - new_chunks_are_fully_committed: 0.
 - uncommit_free_chunks: 1.
 - use_allocation_guard: 0.
 - handle_deallocations: 1.


Internal statistics:

num_allocs_failed_limit: 0.
num_arena_births: 106.
num_arena_deaths: 0.
num_vsnodes_births: 2.
num_vsnodes_deaths: 0.
num_space_committed: 200.
num_space_uncommitted: 0.
num_chunks_returned_to_freelist: 0.
num_chunks_taken_from_freelist: 383.
num_chunk_merges: 0.
num_chunk_splits: 297.
num_chunks_enlarged: 237.
num_inconsistent_stats: 0.

CodeHeap 'non-profiled nmethods': size=120000Kb used=707Kb max_used=707Kb free=119293Kb
 bounds [0x0000018fad940000, 0x0000018fadbb0000, 0x0000018fb4e70000]
CodeHeap 'profiled nmethods': size=120000Kb used=2756Kb max_used=2756Kb free=117243Kb
 bounds [0x0000018fa5e70000, 0x0000018fa6130000, 0x0000018fad3a0000]
CodeHeap 'non-nmethods': size=5760Kb used=1614Kb max_used=1650Kb free=4145Kb
 bounds [0x0000018fad3a0000, 0x0000018fad610000, 0x0000018fad940000]
 total_blobs=2409 nmethods=1470 adapters=852
 compilation: enabled
              stopped_count=0, restarted_count=0
 full_count=0

Compilation events (20 events):
Event: 5.799 Thread 0x0000018fba8d38f0 1461       1       jogamp.opengl.GLAutoDrawableBase::getContext (5 bytes)
Event: 5.799 Thread 0x0000018fba8d38f0 nmethod 1461 0x0000018fad9efc90 code [0x0000018fad9efe20, 0x0000018fad9efef8]
Event: 5.799 Thread 0x0000018fba8d38f0 1463       3       com.jogamp.opengl.GLContext::isGL2GL3 (20 bytes)
Event: 5.799 Thread 0x0000018fba8d38f0 nmethod 1463 0x0000018fa611f810 code [0x0000018fa611f9e0, 0x0000018fa611fdc8]
Event: 5.799 Thread 0x0000018fba8d38f0 1464       1       processing.core.PApplet::getSurface (5 bytes)
Event: 5.799 Thread 0x0000018fba8d38f0 nmethod 1464 0x0000018fad9eff90 code [0x0000018fad9f0120, 0x0000018fad9f01f8]
Event: 5.799 Thread 0x0000018fba8d38f0 1462       1       processing.opengl.PGL::setThread (6 bytes)
Event: 5.799 Thread 0x0000018fba8d38f0 nmethod 1462 0x0000018fad9f0290 code [0x0000018fad9f0420, 0x0000018fad9f0538]
Event: 5.819 Thread 0x0000018fba8caad0 1465       4       java.util.concurrent.locks.AbstractQueuedSynchronizer::casTail (13 bytes)
Event: 5.820 Thread 0x0000018fba8caad0 nmethod 1465 0x0000018fad9f0590 code [0x0000018fad9f0700, 0x0000018fad9f0858]
Event: 5.832 Thread 0x0000018fba8caad0 1466       4       jdk.internal.misc.Unsafe::putIntOpaque (9 bytes)
Event: 5.832 Thread 0x0000018fba8caad0 nmethod 1466 0x0000018fad9f0910 code [0x0000018fad9f0a80, 0x0000018fad9f0b18]
Event: 5.854 Thread 0x0000018fba8d38f0 1467       3       java.nio.Buffer::rewind (12 bytes)
Event: 5.855 Thread 0x0000018fba8d38f0 nmethod 1467 0x0000018fa611ff10 code [0x0000018fa61200a0, 0x0000018fa61201b8]
Event: 5.858 Thread 0x0000018fba8d38f0 1468       3       java.lang.AbstractStringBuilder::append (55 bytes)
Event: 5.859 Thread 0x0000018fba8d38f0 nmethod 1468 0x0000018fa6120290 code [0x0000018fa6120460, 0x0000018fa6120798]
Event: 5.894 Thread 0x0000018fba8d38f0 1469       3       jdk.internal.misc.Unsafe::getAndAddLong (27 bytes)
Event: 5.895 Thread 0x0000018fba8d38f0 nmethod 1469 0x0000018fa6120910 code [0x0000018fa6120ac0, 0x0000018fa6120d08]
Event: 5.895 Thread 0x0000018fba8d38f0 1470       3       jdk.internal.misc.Unsafe::weakCompareAndSetLong (11 bytes)
Event: 5.895 Thread 0x0000018fba8d38f0 nmethod 1470 0x0000018fa6120e10 code [0x0000018fa6120fa0, 0x0000018fa61210d8]

GC Heap History (20 events):
Event: 1.265 GC heap before
{Heap before GC invocations=0 (full 0):
 garbage-first heap   total 65536K, used 23552K [0x00000000c0000000, 0x0000000100000000)
  region size 1024K, 23 young (23552K), 0 survivors (0K)
 Metaspace       used 10923K, committed 11072K, reserved 1114112K
  class space    used 748K, committed 832K, reserved 1048576K
}
Event: 1.273 GC heap after
{Heap after GC invocations=1 (full 0):
 garbage-first heap   total 65536K, used 2909K [0x00000000c0000000, 0x0000000100000000)
  region size 1024K, 3 young (3072K), 3 survivors (3072K)
 Metaspace       used 10923K, committed 11072K, reserved 1114112K
  class space    used 748K, committed 832K, reserved 1048576K
}
Event: 2.194 GC heap before
{Heap before GC invocations=1 (full 0):
 garbage-first heap   total 65536K, used 32605K [0x00000000c0000000, 0x0000000100000000)
  region size 1024K, 31 young (31744K), 3 survivors (3072K)
 Metaspace       used 12526K, committed 12736K, reserved 1114112K
  class space    used 906K, committed 1024K, reserved 1048576K
}
Event: 2.199 GC heap after
{Heap after GC invocations=2 (full 0):
 garbage-first heap   total 65536K, used 11810K [0x00000000c0000000, 0x0000000100000000)
  region size 1024K, 4 young (4096K), 4 survivors (4096K)
 Metaspace       used 12526K, committed 12736K, reserved 1114112K
  class space    used 906K, committed 1024K, reserved 1048576K
}
Event: 2.211 GC heap before
{Heap before GC invocations=2 (full 0):
 garbage-first heap   total 65536K, used 30242K [0x00000000c0000000, 0x0000000100000000)
  region size 1024K, 6 young (6144K), 4 survivors (4096K)
 Metaspace       used 12528K, committed 12736K, reserved 1114112K
  class space    used 906K, committed 1024K, reserved 1048576K
}
Event: 2.213 GC heap after
{Heap after GC invocations=3 (full 0):
 garbage-first heap   total 65536K, used 29950K [0x00000000c0000000, 0x0000000100000000)
  region size 1024K, 1 young (1024K), 1 survivors (1024K)
 Metaspace       used 12528K, committed 12736K, reserved 1114112K
  class space    used 906K, committed 1024K, reserved 1048576K
}
Event: 2.228 GC heap before
{Heap before GC invocations=4 (full 0):
 garbage-first heap   total 99328K, used 67838K [0x00000000c0000000, 0x0000000100000000)
  region size 1024K, 2 young (2048K), 1 survivors (1024K)
 Metaspace       used 12528K, committed 12736K, reserved 1114112K
  class space    used 906K, committed 1024K, reserved 1048576K
}
Event: 2.229 GC heap after
{Heap after GC invocations=5 (full 0):
 garbage-first heap   total 99328K, used 67766K [0x00000000c0000000, 0x0000000100000000)
  region size 1024K, 1 young (1024K), 1 survivors (1024K)
 Metaspace       used 12528K, committed 12736K, reserved 1114112K
  class space    used 906K, committed 1024K, reserved 1048576K
}
Event: 2.494 GC heap before
{Heap before GC invocations=6 (full 0):
 garbage-first heap   total 142336K, used 93366K [0x00000000c0000000, 0x0000000100000000)
  region size 1024K, 11 young (11264K), 1 survivors (1024K)
 Metaspace       used 12693K, committed 12928K, reserved 1114112K
  class space    used 914K, committed 1024K, reserved 1048576K
}
Event: 2.496 GC heap after
{Heap after GC invocations=7 (full 0):
 garbage-first heap   total 142336K, used 85177K [0x00000000c0000000, 0x0000000100000000)
  region size 1024K, 2 young (2048K), 2 survivors (2048K)
 Metaspace       used 12693K, committed 12928K, reserved 1114112K
  class space    used 914K, committed 1024K, reserved 1048576K
}
Event: 3.003 GC heap before
{Heap before GC invocations=7 (full 0):
 garbage-first heap   total 142336K, used 109753K [0x00000000c0000000, 0x0000000100000000)
  region size 1024K, 26 young (26624K), 2 survivors (2048K)
 Metaspace       used 12728K, committed 12928K, reserved 1114112K
  class space    used 915K, committed 1024K, reserved 1048576K
}
Event: 3.005 GC heap after
{Heap after GC invocations=8 (full 0):
 garbage-first heap   total 142336K, used 84688K [0x00000000c0000000, 0x0000000100000000)
  region size 1024K, 2 young (2048K), 2 survivors (2048K)
 Metaspace       used 12728K, committed 12928K, reserved 1114112K
  class space    used 915K, committed 1024K, reserved 1048576K
}
Event: 3.506 GC heap before
{Heap before GC invocations=9 (full 0):
 garbage-first heap   total 143360K, used 110102K [0x00000000c0000000, 0x0000000100000000)
  region size 1024K, 27 young (27648K), 2 survivors (2048K)
 Metaspace       used 12778K, committed 12992K, reserved 1114112K
  class space    used 915K, committed 1024K, reserved 1048576K
}
Event: 3.507 GC heap after
{Heap after GC invocations=10 (full 0):
 garbage-first heap   total 143360K, used 84681K [0x00000000c0000000, 0x0000000100000000)
  region size 1024K, 2 young (2048K), 2 survivors (2048K)
 Metaspace       used 12778K, committed 12992K, reserved 1114112K
  class space    used 915K, committed 1024K, reserved 1048576K
}
Event: 4.064 GC heap before
{Heap before GC invocations=10 (full 0):
 garbage-first heap   total 143360K, used 114377K [0x00000000c0000000, 0x0000000100000000)
  region size 1024K, 31 young (31744K), 2 survivors (2048K)
 Metaspace       used 12783K, committed 12992K, reserved 1114112K
  class space    used 915K, committed 1024K, reserved 1048576K
}
Event: 4.067 GC heap after
{Heap after GC invocations=11 (full 0):
 garbage-first heap   total 143360K, used 86064K [0x00000000c0000000, 0x0000000100000000)
  region size 1024K, 4 young (4096K), 4 survivors (4096K)
 Metaspace       used 12783K, committed 12992K, reserved 1114112K
  class space    used 915K, committed 1024K, reserved 1048576K
}
Event: 4.668 GC heap before
{Heap before GC invocations=12 (full 0):
 garbage-first heap   total 147456K, used 114736K [0x00000000c0000000, 0x0000000100000000)
  region size 1024K, 32 young (32768K), 4 survivors (4096K)
 Metaspace       used 12788K, committed 12992K, reserved 1114112K
  class space    used 915K, committed 1024K, reserved 1048576K
}
Event: 4.669 GC heap after
{Heap after GC invocations=13 (full 0):
 garbage-first heap   total 147456K, used 84211K [0x00000000c0000000, 0x0000000100000000)
  region size 1024K, 1 young (1024K), 1 survivors (1024K)
 Metaspace       used 12788K, committed 12992K, reserved 1114112K
  class space    used 915K, committed 1024K, reserved 1048576K
}
Event: 5.440 GC heap before
{Heap before GC invocations=13 (full 0):
 garbage-first heap   total 147456K, used 121075K [0x00000000c0000000, 0x0000000100000000)
  region size 1024K, 37 young (37888K), 1 survivors (1024K)
 Metaspace       used 12809K, committed 12992K, reserved 1114112K
  class space    used 915K, committed 1024K, reserved 1048576K
}
Event: 5.441 GC heap after
{Heap after GC invocations=14 (full 0):
 garbage-first heap   total 147456K, used 84507K [0x00000000c0000000, 0x0000000100000000)
  region size 1024K, 1 young (1024K), 1 survivors (1024K)
 Metaspace       used 12809K, committed 12992K, reserved 1114112K
  class space    used 915K, committed 1024K, reserved 1048576K
}

Dll operation events (14 events):
Event: 0.008 Loaded shared library C:\Program Files\Processing\app\resources\jdk-17.0.14+7\bin\java.dll
Event: 0.023 Loaded shared library C:\Program Files\Processing\app\resources\jdk-17.0.14+7\bin\jsvml.dll
Event: 0.073 Loaded shared library C:\Program Files\Processing\app\resources\jdk-17.0.14+7\bin\net.dll
Event: 0.074 Loaded shared library C:\Program Files\Processing\app\resources\jdk-17.0.14+7\bin\nio.dll
Event: 0.077 Loaded shared library C:\Program Files\Processing\app\resources\jdk-17.0.14+7\bin\zip.dll
Event: 0.136 Loaded shared library C:\Program Files\Processing\app\resources\jdk-17.0.14+7\bin\jimage.dll
Event: 0.140 Loaded shared library C:\Program Files\Processing\app\resources\jdk-17.0.14+7\bin\awt.dll
Event: 0.563 Loaded shared library C:\Users\danil\AppData\Local\Temp\jogamp_0000\file_cache\jln6582696817432739701\jln17067302832281369302\natives\windows-amd64\gluegen_rt.dll
Event: 0.572 Loaded shared library C:\Program Files\Processing\app\resources\jdk-17.0.14+7\bin\jawt.dll
Event: 0.586 Loaded shared library C:\Users\danil\AppData\Local\Temp\jogamp_0000\file_cache\jln6582696817432739701\jln17067302832281369302\natives\windows-amd64\nativewindow_awt.dll
Event: 0.629 Loaded shared library C:\Users\danil\AppData\Local\Temp\jogamp_0000\file_cache\jln6582696817432739701\jln17067302832281369302\natives\windows-amd64\nativewindow_win32.dll
Event: 0.741 Loaded shared library C:\Users\danil\AppData\Local\Temp\jogamp_0000\file_cache\jln6582696817432739701\jln17067302832281369302\natives\windows-amd64\jogl_desktop.dll
Event: 0.988 Loaded shared library C:\Users\danil\AppData\Local\Temp\jogamp_0000\file_cache\jln6582696817432739701\jln17067302832281369302\natives\windows-amd64\jogl_mobile.dll
Event: 1.926 Loaded shared library C:\Users\danil\AppData\Local\Temp\jogamp_0000\file_cache\jln6582696817432739701\jln17067302832281369302\natives\windows-amd64\newt_head.dll

Deoptimization events (20 events):
Event: 2.377 Thread 0x0000018f81eaa4e0 DEOPT PACKING pc=0x0000018fa60870da sp=0x00000072caafeb40
Event: 2.377 Thread 0x0000018f81eaa4e0 DEOPT UNPACKING pc=0x0000018fad3face3 sp=0x00000072caafe030 mode 0
Event: 2.378 Thread 0x0000018f81eaa4e0 DEOPT PACKING pc=0x0000018fa60852db sp=0x00000072caafeac0
Event: 2.378 Thread 0x0000018f81eaa4e0 DEOPT UNPACKING pc=0x0000018fad3face3 sp=0x00000072caafe030 mode 0
Event: 2.378 Thread 0x0000018f81eaa4e0 DEOPT PACKING pc=0x0000018fa60852db sp=0x00000072caafeac0
Event: 2.378 Thread 0x0000018f81eaa4e0 DEOPT UNPACKING pc=0x0000018fad3face3 sp=0x00000072caafe030 mode 0
Event: 2.379 Thread 0x0000018f81eaa4e0 DEOPT PACKING pc=0x0000018fa60852db sp=0x00000072caafeac0
Event: 2.379 Thread 0x0000018f81eaa4e0 DEOPT UNPACKING pc=0x0000018fad3face3 sp=0x00000072caafe030 mode 0
Event: 2.397 Thread 0x0000018f81eaa4e0 Uncommon trap: trap_request=0xffffff45 fr.pc=0x0000018fad9c1204 relative=0x0000000000000f64
Event: 2.397 Thread 0x0000018f81eaa4e0 Uncommon trap: reason=unstable_if action=reinterpret pc=0x0000018fad9c1204 method=processing.opengl.PGraphicsOpenGL$Tessellator.tessellateRoundPoints2D(III)V @ 106 c2
Event: 2.397 Thread 0x0000018f81eaa4e0 DEOPT PACKING pc=0x0000018fad9c1204 sp=0x00000072caafeb70
Event: 2.397 Thread 0x0000018f81eaa4e0 DEOPT UNPACKING pc=0x0000018fad3fa1a3 sp=0x00000072caafeb30 mode 2
Event: 2.471 Thread 0x0000018f81eaa4e0 DEOPT PACKING pc=0x0000018fa60c6bde sp=0x00000072caafed80
Event: 2.471 Thread 0x0000018f81eaa4e0 DEOPT UNPACKING pc=0x0000018fad3face3 sp=0x00000072caafe2f0 mode 0
Event: 2.570 Thread 0x0000018f929ef4d0 DEOPT PACKING pc=0x0000018fa60cc0d2 sp=0x00000072cbfff120
Event: 2.570 Thread 0x0000018f929ef4d0 DEOPT UNPACKING pc=0x0000018fad3face3 sp=0x00000072cbffe630 mode 0
Event: 5.880 Thread 0x0000018f8078b030 Uncommon trap: trap_request=0xffffff45 fr.pc=0x0000018fad9b8268 relative=0x00000000000001e8
Event: 5.880 Thread 0x0000018f8078b030 Uncommon trap: reason=unstable_if action=reinterpret pc=0x0000018fad9b8268 method=java.util.HashMap$HashIterator.<init>(Ljava/util/HashMap;)V @ 38 c2
Event: 5.880 Thread 0x0000018f8078b030 DEOPT PACKING pc=0x0000018fad9b8268 sp=0x00000072c9cff050
Event: 5.880 Thread 0x0000018f8078b030 DEOPT UNPACKING pc=0x0000018fad3fa1a3 sp=0x00000072c9cfeff8 mode 2

Classes loaded (20 events):
Event: 2.150 Loading class java/util/concurrent/Callable done
Event: 2.150 Loading class java/util/concurrent/Executors$RunnableAdapter done
Event: 2.150 Loading class java/util/concurrent/ThreadPoolExecutor$Worker
Event: 2.150 Loading class java/util/concurrent/ThreadPoolExecutor$Worker done
Event: 2.152 Loading class java/util/concurrent/locks/AbstractQueuedSynchronizer$SharedNode
Event: 2.152 Loading class java/util/concurrent/locks/AbstractQueuedSynchronizer$SharedNode done
Event: 2.272 Loading class sun/nio/cs/StreamDecoder
Event: 2.272 Loading class sun/nio/cs/StreamDecoder done
Event: 2.273 Loading class java/util/regex/Pattern$LookBehindEndNode
Event: 2.273 Loading class java/util/regex/Pattern$LookBehindEndNode done
Event: 2.273 Loading class java/util/regex/Pattern$NotBehind
Event: 2.273 Loading class java/util/regex/Pattern$NotBehind done
Event: 2.273 Loading class java/util/regex/Pattern$Neg
Event: 2.273 Loading class java/util/regex/Pattern$Neg done
Event: 2.274 Loading class java/util/regex/Pattern$Pos
Event: 2.274 Loading class java/util/regex/Pattern$Pos done
Event: 2.285 Loading class java/util/regex/Pattern$SliceS
Event: 2.285 Loading class java/util/regex/Pattern$SliceS done
Event: 5.858 Loading class java/nio/channels/ClosedChannelException
Event: 5.858 Loading class java/nio/channels/ClosedChannelException done

Classes unloaded (0 events):
No events

Classes redefined (0 events):
No events

Internal exceptions (19 events):
Event: 0.119 Thread 0x0000018f9ce4b140 Exception <a 'java/lang/NoSuchMethodError'{0x00000000c3ce8b00}: 'void java.lang.invoke.DirectMethodHandle$Holder.invokeStatic(java.lang.Object, java.lang.Object, java.lang.Object)'> (0x00000000c3ce8b00) 
thrown [s\src\hotspot\share\interpreter\linkResolver.cpp, line 759]
Event: 0.129 Thread 0x0000018f9ce4b140 Exception <a 'java/lang/ClassNotFoundException'{0x00000000c3b106d8}: sun/awt/resources/spi/awtProvider> (0x00000000c3b106d8) 
thrown [s\src\hotspot\share\classfile\systemDictionary.cpp, line 256]
Event: 0.151 Thread 0x0000018f9ce4b140 Exception <a 'java/io/FileNotFoundException'{0x00000000c3b66018}> (0x00000000c3b66018) 
thrown [s\src\hotspot\share\prims\jni.cpp, line 516]
Event: 0.159 Thread 0x0000018f9ce4b140 Exception <a 'java/io/FileNotFoundException'{0x00000000c3b93748}> (0x00000000c3b93748) 
thrown [s\src\hotspot\share\prims\jni.cpp, line 516]
Event: 0.205 Thread 0x0000018f9ce4b140 Exception <a 'java/lang/NoSuchMethodError'{0x00000000c3a40798}: 'java.lang.Object java.lang.invoke.DirectMethodHandle$Holder.invokeStaticInit(java.lang.Object)'> (0x00000000c3a40798) 
thrown [s\src\hotspot\share\interpreter\linkResolver.cpp, line 759]
Event: 0.322 Thread 0x0000018f9ce4b140 Exception <a 'java/lang/NoSuchMethodError'{0x00000000c3650bb8}: 'java.lang.Object java.lang.invoke.DirectMethodHandle$Holder.invokeStaticInit(java.lang.Object, int, int, int, int)'> (0x00000000c3650bb8) 
thrown [s\src\hotspot\share\interpreter\linkResolver.cpp, line 759]
Event: 0.371 Thread 0x0000018f9ce4b140 Exception <a 'java/lang/NoSuchMethodError'{0x00000000c353ac98}: 'java.lang.Object java.lang.invoke.DirectMethodHandle$Holder.invokeStaticInit(java.lang.Object, java.lang.Object, int, int, int, int)'> (0x00000000c353ac98) 
thrown [s\src\hotspot\share\interpreter\linkResolver.cpp, line 759]
Event: 0.431 Thread 0x0000018f9ce4b140 Exception <a 'java/lang/NoSuchMethodError'{0x00000000c3546338}: 'void java.lang.invoke.DirectMethodHandle$Holder.invokeStatic(java.lang.Object, long)'> (0x00000000c3546338) 
thrown [s\src\hotspot\share\interpreter\linkResolver.cpp, line 759]
Event: 0.432 Thread 0x0000018f9ce4b140 Exception <a 'java/lang/NoSuchMethodError'{0x00000000c354b918}: 'java.lang.Object java.lang.invoke.DirectMethodHandle$Holder.newInvokeSpecial(java.lang.Object, long)'> (0x00000000c354b918) 
thrown [s\src\hotspot\share\interpreter\linkResolver.cpp, line 759]
Event: 0.435 Thread 0x0000018f9ce4b140 Exception <a 'java/lang/NoSuchMethodError'{0x00000000c3556130}: 'java.lang.Object java.lang.invoke.DirectMethodHandle$Holder.invokeStaticInit(java.lang.Object, java.lang.Object, long, java.lang.Object)'> (0x00000000c3556130) 
thrown [s\src\hotspot\share\interpreter\linkResolver.cpp, line 759]
Event: 0.436 Thread 0x0000018f9ce4b140 Exception <a 'java/lang/NoSuchMethodError'{0x00000000c355c6f0}: 'java.lang.Object java.lang.invoke.DirectMethodHandle$Holder.newInvokeSpecial(java.lang.Object, java.lang.Object, long)'> (0x00000000c355c6f0) 
thrown [s\src\hotspot\share\interpreter\linkResolver.cpp, line 759]
Event: 0.437 Thread 0x0000018f9ce4b140 Exception <a 'java/lang/NoSuchMethodError'{0x00000000c3560260}: 'java.lang.Object java.lang.invoke.Invokers$Holder.linkToTargetMethod(java.lang.Object, long, java.lang.Object)'> (0x00000000c3560260) 
thrown [s\src\hotspot\share\interpreter\linkResolver.cpp, line 759]
Event: 0.600 Thread 0x0000018f9ce4b140 Exception <a 'java/lang/NoSuchMethodError'{0x00000000c346fa08}: 'java.lang.Object java.lang.invoke.DirectMethodHandle$Holder.invokeInterface(java.lang.Object, java.lang.Object)'> (0x00000000c346fa08) 
thrown [s\src\hotspot\share\interpreter\linkResolver.cpp, line 759]
Event: 0.601 Thread 0x0000018f9ce4b140 Exception <a 'java/lang/IncompatibleClassChangeError'{0x00000000c3473328}: Found class java.lang.Object, but interface was expected> (0x00000000c3473328) 
thrown [s\src\hotspot\share\interpreter\linkResolver.cpp, line 826]
Event: 2.025 Thread 0x0000018f9ce4b140 Exception <a 'java/lang/NoSuchMethodError'{0x00000000c3385448}: 'void java.lang.invoke.DirectMethodHandle$Holder.invokeSpecial(java.lang.Object, java.lang.Object, java.lang.Object, java.lang.Object, java.lang.Object)'> (0x00000000c3385448) 
thrown [s\src\hotspot\share\interpreter\linkResolver.cpp, line 759]
Event: 2.027 Thread 0x0000018f9ce4b140 Exception <a 'java/lang/NoSuchMethodError'{0x00000000c338e408}: 'void java.lang.invoke.DirectMethodHandle$Holder.invokeSpecial(java.lang.Object, java.lang.Object, java.lang.Object)'> (0x00000000c338e408) 
thrown [s\src\hotspot\share\interpreter\linkResolver.cpp, line 759]
Event: 2.028 Thread 0x0000018f9ce4b140 Exception <a 'java/lang/NoSuchMethodError'{0x00000000c3394738}: 'void java.lang.invoke.DirectMethodHandle$Holder.invokeSpecial(java.lang.Object, java.lang.Object, int)'> (0x00000000c3394738) 
thrown [s\src\hotspot\share\interpreter\linkResolver.cpp, line 759]
Event: 2.028 Thread 0x0000018f9ce4b140 Exception <a 'java/lang/NoSuchMethodError'{0x00000000c339a750}: 'java.lang.Object java.lang.invoke.DirectMethodHandle$Holder.newInvokeSpecial(java.lang.Object, java.lang.Object, int)'> (0x00000000c339a750) 
thrown [s\src\hotspot\share\interpreter\linkResolver.cpp, line 759]
Event: 5.857 Thread 0x0000018f820d1760 Exception <a 'java/lang/InterruptedException'{0x00000000c7d8a5d0}> (0x00000000c7d8a5d0) 
thrown [s\src\hotspot\share\runtime\objectMonitor.cpp, line 1658]

VM Operations (20 events):
Event: 3.012 Executing VM operation: G1PauseRemark done
Event: 3.015 Executing VM operation: G1PauseCleanup
Event: 3.015 Executing VM operation: G1PauseCleanup done
Event: 3.506 Executing VM operation: G1CollectForAllocation
Event: 3.507 Executing VM operation: G1CollectForAllocation done
Event: 4.064 Executing VM operation: G1CollectForAllocation
Event: 4.067 Executing VM operation: G1CollectForAllocation done
Event: 4.076 Executing VM operation: G1PauseRemark
Event: 4.077 Executing VM operation: G1PauseRemark done
Event: 4.081 Executing VM operation: G1PauseCleanup
Event: 4.081 Executing VM operation: G1PauseCleanup done
Event: 4.668 Executing VM operation: G1CollectForAllocation
Event: 4.669 Executing VM operation: G1CollectForAllocation done
Event: 5.439 Executing VM operation: G1CollectForAllocation
Event: 5.441 Executing VM operation: G1CollectForAllocation done
Event: 5.448 Executing VM operation: G1PauseRemark
Event: 5.449 Executing VM operation: G1PauseRemark done
Event: 5.453 Executing VM operation: G1PauseCleanup
Event: 5.453 Executing VM operation: G1PauseCleanup done
Event: 5.961 Executing VM operation: Exit

Memory protections (0 events):
No events

Nmethod flushes (0 events):
No events

Events (20 events):
Event: 2.152 Thread 0x0000018f81eaa4e0 Thread added: 0x0000018f929ef4d0
Event: 2.152 Thread 0x0000018f81eaa4e0 Thread added: 0x0000018f929f5f20
Event: 2.152 Thread 0x0000018f81eaa4e0 Thread added: 0x0000018f929f3bb0
Event: 2.611 Thread 0x0000018f820865a0 Thread exited: 0x0000018f820865a0
Event: 2.666 Thread 0x0000018f82086080 Thread exited: 0x0000018f82086080
Event: 5.857 Thread 0x0000018f81eaa4e0 Thread added: 0x0000018f929f5500
Event: 5.857 Thread 0x0000018f81eaa4e0 Thread added: 0x0000018f929f6430
Event: 5.857 Thread 0x0000018f81eaa4e0 Thread added: 0x0000018f929f45d0
Event: 5.857 Thread 0x0000018f820d1760 Thread exited: 0x0000018f820d1760
Event: 5.858 Thread 0x0000018f929f45d0 Thread exited: 0x0000018f929f45d0
Event: 5.858 Thread 0x0000018fbae7d110 Thread added: 0x0000018f929f5a10
Event: 5.858 Thread 0x0000018f81cba9c0 Thread exited: 0x0000018f81cba9c0
Event: 5.860 Thread 0x0000018fbae7d110 Thread exited: 0x0000018fbae7d110
Event: 5.888 Thread 0x0000018f8078b030 Thread exited: 0x0000018f8078b030
Event: 5.895 Thread 0x0000018f929f5500 Thread exited: 0x0000018f929f5500
Event: 5.960 Thread 0x0000018f929f6430 Thread exited: 0x0000018f929f6430
Event: 5.960 Thread 0x0000018f81eaa4e0 Before exit entered
Event: 5.961 Thread 0x0000018fbab56d20 Thread exited: 0x0000018fbab56d20
Event: 5.961 Thread 0x0000018fbab6d9a0 Thread exited: 0x0000018fbab6d9a0
Event: 5.961 Thread 0x0000018fba8c5510 Thread exited: 0x0000018fba8c5510


Dynamic libraries:
0x00007ff705240000 - 0x00007ff70524e000 	C:\Program Files\Processing\app\resources\jdk-17.0.14+7\bin\java.exe
0x00007ffe8d7a0000 - 0x00007ffe8da07000 	C:\WINDOWS\SYSTEM32\ntdll.dll
0x00007ffe8bad0000 - 0x00007ffe8bb99000 	C:\WINDOWS\System32\KERNEL32.DLL
0x00007ffe8afe0000 - 0x00007ffe8b3d7000 	C:\WINDOWS\System32\KERNELBASE.dll
0x00007ffe8ac60000 - 0x00007ffe8adab000 	C:\WINDOWS\System32\ucrtbase.dll
0x00007ffe878f0000 - 0x00007ffe8790e000 	C:\Program Files\Processing\app\resources\jdk-17.0.14+7\bin\VCRUNTIME140.dll
0x00007ffe879c0000 - 0x00007ffe879d7000 	C:\Program Files\Processing\app\resources\jdk-17.0.14+7\bin\jli.dll
0x00007ffe8b720000 - 0x00007ffe8b8e6000 	C:\WINDOWS\System32\USER32.dll
0x00007ffe73250000 - 0x00007ffe734e2000 	C:\WINDOWS\WinSxS\amd64_microsoft.windows.common-controls_6595b64144ccf1df_6.0.26100.8457_none_3e0b2faee331e92d\COMCTL32.dll
0x00007ffe8a290000 - 0x00007ffe8a2b7000 	C:\WINDOWS\System32\win32u.dll
0x00007ffe8b960000 - 0x00007ffe8ba09000 	C:\WINDOWS\System32\msvcrt.dll
0x00007ffe8d080000 - 0x00007ffe8d0ab000 	C:\WINDOWS\System32\GDI32.dll
0x00007ffe8a2c0000 - 0x00007ffe8a3ec000 	C:\WINDOWS\System32\gdi32full.dll
0x00007ffe8b470000 - 0x00007ffe8b513000 	C:\WINDOWS\System32\msvcp_win.dll
0x00007ffe8d720000 - 0x00007ffe8d752000 	C:\WINDOWS\System32\IMM32.DLL
0x00007ffe85b30000 - 0x00007ffe85b3c000 	C:\Program Files\Processing\app\resources\jdk-17.0.14+7\bin\vcruntime140_1.dll
0x00007ffe7bef0000 - 0x00007ffe7bf7d000 	C:\Program Files\Processing\app\resources\jdk-17.0.14+7\bin\msvcp140.dll
0x00007ffdf50b0000 - 0x00007ffdf5d1b000 	C:\Program Files\Processing\app\resources\jdk-17.0.14+7\bin\server\jvm.dll
0x00007ffe8ba10000 - 0x00007ffe8bac6000 	C:\WINDOWS\System32\ADVAPI32.dll
0x00007ffe8d0f0000 - 0x00007ffe8d197000 	C:\WINDOWS\System32\sechost.dll
0x00007ffe8b520000 - 0x00007ffe8b638000 	C:\WINDOWS\System32\RPCRT4.dll
0x00007ffe8b640000 - 0x00007ffe8b6c0000 	C:\WINDOWS\System32\WS2_32.dll
0x00007ffe8a030000 - 0x00007ffe8a08e000 	C:\WINDOWS\SYSTEM32\POWRPROF.dll
0x00007ffe73640000 - 0x00007ffe73676000 	C:\WINDOWS\SYSTEM32\WINMM.dll
0x00007ffe810b0000 - 0x00007ffe810bb000 	C:\WINDOWS\SYSTEM32\VERSION.dll
0x00007ffe8a010000 - 0x00007ffe8a024000 	C:\WINDOWS\SYSTEM32\UMPDC.dll
0x00007ffe88f60000 - 0x00007ffe88f7b000 	C:\WINDOWS\SYSTEM32\kernel.appcore.dll
0x00007ffe85b20000 - 0x00007ffe85b2a000 	C:\Program Files\Processing\app\resources\jdk-17.0.14+7\bin\jimage.dll
0x00007ffe74060000 - 0x00007ffe742a2000 	C:\WINDOWS\SYSTEM32\DBGHELP.DLL
0x00007ffe8d390000 - 0x00007ffe8d713000 	C:\WINDOWS\System32\combase.dll
0x00007ffe8c8d0000 - 0x00007ffe8c9a9000 	C:\WINDOWS\System32\OLEAUT32.dll
0x00007ffe7b860000 - 0x00007ffe7b89b000 	C:\WINDOWS\SYSTEM32\dbgcore.DLL
0x00007ffe8adb0000 - 0x00007ffe8ae58000 	C:\WINDOWS\System32\bcryptPrimitives.dll
0x00007ffe85ae0000 - 0x00007ffe85b1b000 	C:\Program Files\Processing\app\resources\jdk-17.0.14+7\bin\jdwp.dll
0x00007ffe7c0a0000 - 0x00007ffe7c0c5000 	C:\Program Files\Processing\app\resources\jdk-17.0.14+7\bin\java.dll
0x00007ffe6d830000 - 0x00007ffe6d907000 	C:\Program Files\Processing\app\resources\jdk-17.0.14+7\bin\jsvml.dll
0x00007ffe8bca0000 - 0x00007ffe8c40e000 	C:\WINDOWS\System32\SHELL32.dll
0x00007ffe8a3f0000 - 0x00007ffe8ac5c000 	C:\WINDOWS\System32\windows.storage.dll
0x00007ffe8bba0000 - 0x00007ffe8bc96000 	C:\WINDOWS\System32\SHCORE.dll
0x00007ffe8b8f0000 - 0x00007ffe8b956000 	C:\WINDOWS\System32\shlwapi.dll
0x00007ffe8a0f0000 - 0x00007ffe8a119000 	C:\WINDOWS\SYSTEM32\profapi.dll
0x00007ffe85ad0000 - 0x00007ffe85adc000 	C:\Program Files\Processing\app\resources\jdk-17.0.14+7\bin\dt_socket.dll
0x00007ffe889a0000 - 0x00007ffe889d2000 	C:\WINDOWS\SYSTEM32\IPHLPAPI.DLL
0x00007ffe894d0000 - 0x00007ffe8953c000 	C:\WINDOWS\system32\mswsock.dll
0x00007ffe85a90000 - 0x00007ffe85aa9000 	C:\Program Files\Processing\app\resources\jdk-17.0.14+7\bin\net.dll
0x00007ffe843f0000 - 0x00007ffe84519000 	C:\WINDOWS\SYSTEM32\WINHTTP.dll
0x00007ffe85860000 - 0x00007ffe85876000 	C:\Program Files\Processing\app\resources\jdk-17.0.14+7\bin\nio.dll
0x00007ffe80870000 - 0x00007ffe80888000 	C:\Program Files\Processing\app\resources\jdk-17.0.14+7\bin\zip.dll
0x00007ffe5ee50000 - 0x00007ffe5efe0000 	C:\Program Files\Processing\app\resources\jdk-17.0.14+7\bin\awt.dll
0x00007ffe87a00000 - 0x00007ffe87aa0000 	C:\WINDOWS\SYSTEM32\apphelp.dll
0x00007ffe87d80000 - 0x00007ffe87e2a000 	C:\WINDOWS\system32\uxtheme.dll
0x00007ffe8d1a0000 - 0x00007ffe8d2fc000 	C:\WINDOWS\System32\MSCTF.dll
0x00007ffe8c430000 - 0x00007ffe8c5c7000 	C:\WINDOWS\System32\ole32.dll
0x00007ffe87f20000 - 0x00007ffe87f4f000 	C:\WINDOWS\system32\DWMAPI.DLL
0x00007ffe40100000 - 0x00007ffe4020f000 	C:\WINDOWS\system32\opengl32.dll
0x00007ffe429d0000 - 0x00007ffe429fd000 	C:\WINDOWS\SYSTEM32\GLU32.dll
0x00007ffe87eb0000 - 0x00007ffe87ef5000 	C:\WINDOWS\SYSTEM32\dxcore.dll
0x00007ffe897b0000 - 0x00007ffe897cb000 	C:\WINDOWS\SYSTEM32\CRYPTSP.dll
0x00007ffe88ec0000 - 0x00007ffe88ef9000 	C:\WINDOWS\system32\rsaenh.dll
0x00007ffe89580000 - 0x00007ffe895b3000 	C:\WINDOWS\SYSTEM32\USERENV.dll
0x00007ffe8a0c0000 - 0x00007ffe8a0ea000 	C:\WINDOWS\SYSTEM32\bcrypt.dll
0x00007ffe897d0000 - 0x00007ffe897dc000 	C:\WINDOWS\SYSTEM32\CRYPTBASE.dll
0x00007ffe8c8c0000 - 0x00007ffe8c8ca000 	C:\WINDOWS\System32\NSI.dll
0x00007ffe84550000 - 0x00007ffe8456d000 	C:\WINDOWS\SYSTEM32\dhcpcsvc6.DLL
0x00007ffe84520000 - 0x00007ffe84545000 	C:\WINDOWS\SYSTEM32\dhcpcsvc.DLL
0x00007ffe88a40000 - 0x00007ffe88b72000 	C:\WINDOWS\SYSTEM32\DNSAPI.dll
0x00007ffe7cf50000 - 0x00007ffe7cf63000 	C:\Users\danil\AppData\Local\Temp\jogamp_0000\file_cache\jln6582696817432739701\jln17067302832281369302\natives\windows-amd64\gluegen_rt.dll
0x00007ffe7c090000 - 0x00007ffe7c097000 	C:\Program Files\Processing\app\resources\jdk-17.0.14+7\bin\jawt.dll
0x00007ffe7bee0000 - 0x00007ffe7beed000 	C:\Users\danil\AppData\Local\Temp\jogamp_0000\file_cache\jln6582696817432739701\jln17067302832281369302\natives\windows-amd64\nativewindow_awt.dll
0x00007ffe7bec0000 - 0x00007ffe7bed5000 	C:\Users\danil\AppData\Local\Temp\jogamp_0000\file_cache\jln6582696817432739701\jln17067302832281369302\natives\windows-amd64\nativewindow_win32.dll
0x00007ffe7be30000 - 0x00007ffe7beb3000 	C:\Users\danil\AppData\Local\Temp\jogamp_0000\file_cache\jln6582696817432739701\jln17067302832281369302\natives\windows-amd64\jogl_desktop.dll
0x00007ffe7a300000 - 0x00007ffe7a352000 	C:\Users\danil\AppData\Local\Temp\jogamp_0000\file_cache\jln6582696817432739701\jln17067302832281369302\natives\windows-amd64\jogl_mobile.dll
0x00007ffe841f0000 - 0x00007ffe84251000 	C:\WINDOWS\SYSTEM32\directxdatabasehelper.dll
0x00007ffe7b700000 - 0x00007ffe7b71d000 	C:\WINDOWS\SYSTEM32\windows.staterepositorycore.dll
0x00007ffdf33d0000 - 0x00007ffdf43a3000 	C:\WINDOWS\System32\DriverStore\FileRepository\iigd_dch.inf_amd64_225f37aa3862fc3f\igxelpicd64.dll
0x00007ffe87bd0000 - 0x00007ffe87d0e000 	C:\WINDOWS\system32\dxgi.dll
0x00007ffe59810000 - 0x00007ffe59c97000 	C:\WINDOWS\System32\DriverStore\FileRepository\iigd_dch.inf_amd64_225f37aa3862fc3f\igdml64.dll
0x00007ffe89d40000 - 0x00007ffe89d91000 	C:\WINDOWS\SYSTEM32\cfgmgr32.dll
0x00007ffe80b00000 - 0x00007ffe80ec1000 	C:\WINDOWS\System32\DriverStore\FileRepository\iigd_dch.inf_amd64_225f37aa3862fc3f\igdgmm64.dll
0x00007ffe7d5d0000 - 0x00007ffe807d6000 	C:\WINDOWS\System32\DriverStore\FileRepository\iigd_dch.inf_amd64_225f37aa3862fc3f\igc64.dll
0x00007ffe7bc10000 - 0x00007ffe7bc29000 	C:\Users\danil\AppData\Local\Temp\jogamp_0000\file_cache\jln6582696817432739701\jln17067302832281369302\natives\windows-amd64\newt_head.dll
0x00007ffe5e8e0000 - 0x00007ffe5e99f000 	C:\WINDOWS\SYSTEM32\mscms.dll
0x00007ffe1cd10000 - 0x00007ffe1cd59000 	C:\WINDOWS\SYSTEM32\icm32.dll
0x00007ffe8cbf0000 - 0x00007ffe8d077000 	C:\WINDOWS\System32\setupapi.dll
0x00007ffe89d10000 - 0x00007ffe89d3d000 	C:\WINDOWS\SYSTEM32\DEVOBJ.dll
0x00007ffe8b3e0000 - 0x00007ffe8b462000 	C:\WINDOWS\System32\WINTRUST.dll
0x00007ffe8ae60000 - 0x00007ffe8afd8000 	C:\WINDOWS\System32\CRYPT32.dll
0x00007ffe898e0000 - 0x00007ffe898f3000 	C:\WINDOWS\SYSTEM32\MSASN1.dll
0x00007ffe580f0000 - 0x00007ffe58236000 	C:\WINDOWS\SYSTEM32\textinputframework.dll
0x00007ffe87560000 - 0x00007ffe87687000 	C:\WINDOWS\SYSTEM32\CoreMessaging.dll
0x00007ffe83270000 - 0x00007ffe83552000 	C:\WINDOWS\SYSTEM32\CoreUIComponents.dll
0x00007ffe84e00000 - 0x00007ffe84f6a000 	C:\WINDOWS\SYSTEM32\wintypes.dll

dbghelp: loaded successfully - version: 4.0.5 - missing functions: none
symbol engine: initialized successfully - sym options: 0x614 - pdb path: .;C:\Program Files\Processing\app\resources\jdk-17.0.14+7\bin;C:\WINDOWS\SYSTEM32;C:\WINDOWS\WinSxS\amd64_microsoft.windows.common-controls_6595b64144ccf1df_6.0.26100.8457_none_3e0b2faee331e92d;C:\Program Files\Processing\app\resources\jdk-17.0.14+7\bin\server;C:\Users\danil\AppData\Local\Temp\jogamp_0000\file_cache\jln6582696817432739701\jln17067302832281369302\natives\windows-amd64;C:\WINDOWS\System32\DriverStore\FileRepository\iigd_dch.inf_amd64_225f37aa3862fc3f

VM Arguments:
jvm_args: -agentlib:jdwp=transport=dt_socket,address=8789,server=y,suspend=y,quiet=y -Xms64m -Xmx1024m -Djna.nosys=true -Djava.library.path=;C:\Program Files\Processing\app\resources\core\library;C:\Program Files\Processing;C:\WINDOWS\system32;C:\WINDOWS;C:\Program Files\PlasticSCM5\server;C:\Program Files\PlasticSCM5\client;C:\Program Files\Common Files\Oracle\Java\javapath;C:\Program Files (x86)\Common Files\Oracle\Java\javapath;C:\Windows\System32\HWAudioDriverLibs;C:\Windows\system32;C:\Windows;C:\Windows\System32\Wbem;C:\Windows\System32\WindowsPowerShell\v1.0;C:\Windows\System32\OpenSSH;C:\Program Files\Microsoft SQL Server\150\Tools\Binn;C:\Program Files\Microsoft SQL Server\Client SDK\ODBC\170\Tools\Binn;C:\Program Files\dotnet;D:\Windows Kits\10\Windows Performance Toolkit;C:\Program Files\Java\jdk-23\bin;C:\WINDOWS\system32;C:\WINDOWS;C:\WINDOWS\System32\Wbem;C:\WINDOWS\System32\WindowsPowerShell\v1.0;C:\WINDOWS\System32\OpenSSH;C:\Program Files\nodejs;C:\Program Files\Docker\Docker\resources\bin;C:\Program Files\TortoiseGit\bin;C:\Program Files\Git\cmd;C:\Users\danil\AppData\Local\Programs\Python\Python312\Scripts;C:\Users\danil\AppData\Local\Programs\Python\Python312;C:\Users\danil\AppData\Local\Microsoft\WindowsApps;C:\Users\danil\AppData\Local\Programs\Microsoft VS Code\bin;C:\Users\danil\AppData\Roaming\npm;D:\DataBase\18\bin;C:\Program Files\Processing\app;. -ea 
java_command: processing.core.PApplet --editor-location=-7,-7 --external --display=1 --sketch-path=C:\Users\danil\Desktop\Gravity_simul Gravity_simul
java_class_path (initial): C:\Users\danil\AppData\Local\Temp\processing\Gravity_simul7974564231578493045temp;C:\Program Files\Processing\app\resources\core\library\annotations-13.0.jar;C:\Program Files\Processing\app\resources\core\library\antlr-2.7.7.jar;C:\Program Files\Processing\app\resources\core\library\core-4.4.1.jar;C:\Program Files\Processing\app\resources\core\library\gluegen-rt-2.5.0-natives-android-aarch64.jar;C:\Program Files\Processing\app\resources\core\library\gluegen-rt-2.5.0-natives-linux-aarch64.jar;C:\Program Files\Processing\app\resources\core\library\gluegen-rt-2.5.0-natives-linux-amd64.jar;C:\Program Files\Processing\app\resources\core\library\gluegen-rt-2.5.0-natives-linux-armv6hf.jar;C:\Program Files\Processing\app\resources\core\library\gluegen-rt-2.5.0-natives-macosx-universal.jar;C:\Program Files\Processing\app\resources\core\library\gluegen-rt-2.5.0-natives-windows-amd64.jar;C:\Program Files\Processing\app\resources\core\library\gluegen-rt-2.5.0.jar;C:\Program Files\Processing\app\resources\core\library\gluegen-rt-main-2.5.0.jar;C:\Program Files\Processing\app\resources\core\library\jogl-all-2.5.0-natives-android-aarch64.jar;C:\Program Files\Processing\app\resources\core\library\jogl-all-2.5.0-natives-linux-aarch64.jar;C:\Program Files\Processing\app\resources\core\library\jogl-all-2.5.0-natives-linux-amd64.jar;C:\Program Files\Processing\app\resources\core\library\jogl-all-2.5.0-natives-linux-armv6hf.jar;C:\Program Files\Processing\app\resources\core\library\jogl-all-2.5.0-natives-macosx-universal.jar;C:\Program Files\Processing\app\resources\core\library\jogl-all-2.5.0-natives-windows-amd64.jar;C:\Program Files\Processing\app\resources\core\library\jogl-all-2.5.0.jar;C:\Program Files\Processing\app\resources\core\library\jogl-all-main-2.5.0.jar;C:\Program Files\Processing\app\resources\core\library\kotlin-stdlib-2.0.20.jar
Launcher Type: SUN_STANDARD

[Global flags]
     intx CICompilerCount                          = 4                                         {product} {ergonomic}
     uint ConcGCThreads                            = 2                                         {product} {ergonomic}
     uint G1ConcRefinementThreads                  = 8                                         {product} {ergonomic}
   size_t G1HeapRegionSize                         = 1048576                                   {product} {ergonomic}
    uintx GCDrainStackTargetSize                   = 64                                        {product} {ergonomic}
   size_t InitialHeapSize                          = 67108864                                  {product} {command line}
   size_t MarkStackSize                            = 4194304                                   {product} {ergonomic}
   size_t MaxHeapSize                              = 1073741824                                {product} {command line}
   size_t MaxNewSize                               = 643825664                                 {product} {ergonomic}
   size_t MinHeapDeltaBytes                        = 1048576                                   {product} {ergonomic}
   size_t MinHeapSize                              = 67108864                                  {product} {command line}
    uintx NonNMethodCodeHeapSize                   = 5839372                                {pd product} {ergonomic}
    uintx NonProfiledCodeHeapSize                  = 122909434                              {pd product} {ergonomic}
    uintx ProfiledCodeHeapSize                     = 122909434                              {pd product} {ergonomic}
    uintx ReservedCodeCacheSize                    = 251658240                              {pd product} {ergonomic}
     bool SegmentedCodeCache                       = true                                      {product} {ergonomic}
   size_t SoftMaxHeapSize                          = 1073741824                             {manageable} {ergonomic}
     bool UseCompressedClassPointers               = true                           {product lp64_product} {ergonomic}
     bool UseCompressedOops                        = true                           {product lp64_product} {ergonomic}
     bool UseG1GC                                  = true                                      {product} {ergonomic}
     bool UseLargePagesIndividualAllocation        = false                                  {pd product} {ergonomic}

Logging:
Log output configuration:
 #0: stdout all=off uptime,level,tags
 #1: stderr all=off uptime,level,tags

Environment Variables:
JAVA_HOME=C:\Program Files\Java\jdk-23
PATH=C:\Program Files\PlasticSCM5\server;C:\Program Files\PlasticSCM5\client;C:\Program Files\Common Files\Oracle\Java\javapath;C:\Program Files (x86)\Common Files\Oracle\Java\javapath;C:\Windows\System32\HWAudioDriverLibs;C:\Windows\system32;C:\Windows;C:\Windows\System32\Wbem;C:\Windows\System32\WindowsPowerShell\v1.0\;C:\Windows\System32\OpenSSH\;C:\Users\Administrator\AppData\Local\Microsoft\WindowsApps;C:\Program Files\Microsoft SQL Server\150\Tools\Binn\;C:\Program Files\Microsoft SQL Server\Client SDK\ODBC\170\Tools\Binn\;C:\Program Files\dotnet\;D:\Windows Kits\10\Windows Performance Toolkit\;C:\Program Files\Java\jdk-23\bin;C:\WINDOWS\system32;C:\WINDOWS;C:\WINDOWS\System32\Wbem;C:\WINDOWS\System32\WindowsPowerShell\v1.0\;C:\WINDOWS\System32\OpenSSH\;C:\Program Files\nodejs\;C:\Program Files\Docker\Docker\resources\bin;C:\Program Files\TortoiseGit\bin;C:\Program Files\Git\cmd;C:\Users\danil\AppData\Local\Programs\Python\Python312\Scripts\;C:\Users\danil\AppData\Local\Programs\Python\Python312\;C:\Users\danil\AppData\Local\Microsoft\WindowsApps;C:\Users\danil\.dotnet\tools;C:\Users\danil\AppData\Local\Programs\Microsoft VS Code\bin;C:\Users\danil\AppData\Roaming\npm;D:\DataBase\18\bin;C:\Program Files\Processing\app
USERNAME=danil
OS=Windows_NT
PROCESSOR_IDENTIFIER=Intel64 Family 6 Model 140 Stepping 2, GenuineIntel
TMP=C:\Users\danil\AppData\Local\Temp
TEMP=C:\Users\danil\AppData\Local\Temp



Periodic native trim disabled


---------------  S Y S T E M  ---------------

OS:
 Windows 11 , 64 bit Build 26100 (10.0.26100.8328)
OS uptime: 0 days 1:16 hours
Hyper-V role detected

CPU: total 8 (initial active 8) (4 cores per cpu, 2 threads per core) family 6 model 140 stepping 2 microcode 0x16, cx8, cmov, fxsr, ht, mmx, 3dnowpref, sse, sse2, sse3, ssse3, sse4.1, sse4.2, popcnt, lzcnt, tsc, tscinvbit, avx, avx2, aes, erms, clmul, bmi1, bmi2, adx, avx512f, avx512dq, avx512cd, avx512bw, avx512vl, sha, fma, vzeroupper, avx512_vpopcntdq, avx512_vpclmulqdq, avx512_vaes, avx512_vnni, clflush, clflushopt, clwb, avx512_vbmi2, avx512_vbmi, hv
Processor Information for processor 0
  Max Mhz: 2496, Current Mhz: 998, Mhz Limit: 2496
Processor Information for processor 1
  Max Mhz: 2496, Current Mhz: 2496, Mhz Limit: 2496
Processor Information for processor 2
  Max Mhz: 2496, Current Mhz: 2496, Mhz Limit: 2496
Processor Information for processor 3
  Max Mhz: 2496, Current Mhz: 998, Mhz Limit: 2496
Processor Information for processor 4
  Max Mhz: 2496, Current Mhz: 998, Mhz Limit: 2496
Processor Information for processor 5
  Max Mhz: 2496, Current Mhz: 998, Mhz Limit: 2496
Processor Information for processor 6
  Max Mhz: 2496, Current Mhz: 998, Mhz Limit: 2496
Processor Information for processor 7
  Max Mhz: 2496, Current Mhz: 2496, Mhz Limit: 2496

Memory: 4k page, system-wide physical 7975M (1681M free)
TotalPageFile size 17703M (AvailPageFile size 8490M)
current process WorkingSet (physical memory assigned to process): 512M, peak: 532M
current process commit charge ("private bytes"): 510M, peak: 535M

vm_info: OpenJDK 64-Bit Server VM (17.0.14+7) for windows-amd64 JRE (17.0.14+7), built on Jan 21 2025 23:40:15 by "admin" with MS VC++ 17.7 (VS2022)

END.
