#
# A fatal error has been detected by the Java Runtime Environment:
#
#  EXCEPTION_ACCESS_VIOLATION (0xc0000005) at pc=0x00007ffdf360b386, pid=9008, tid=18892
#
# JRE version: OpenJDK Runtime Environment Temurin-17.0.14+7 (17.0.14+7) (build 17.0.14+7)
# Java VM: OpenJDK 64-Bit Server VM Temurin-17.0.14+7 (17.0.14+7, mixed mode, sharing, tiered, compressed oops, compressed class ptrs, g1 gc, windows-amd64)
# Problematic frame:
# C  [igxelpicd64.dll+0x23b386]
#
# No core dump will be written. Minidumps are not enabled by default on client versions of Windows
#
# If you would like to submit a bug report, please visit:
#   https://github.com/adoptium/adoptium-support/issues
#

---------------  S U M M A R Y ------------

Command Line: -agentlib:jdwp=transport=dt_socket,address=8179,server=y,suspend=y,quiet=y -Xms64m -Xmx1024m -Djna.nosys=true -Djava.library.path=;C:\Program Files\Processing\app\resources\core\library;C:\Program Files\Processing;C:\WINDOWS\system32;C:\WINDOWS;C:\Program Files\PlasticSCM5\server;C:\Program Files\PlasticSCM5\client;C:\Program Files\Common Files\Oracle\Java\javapath;C:\Program Files (x86)\Common Files\Oracle\Java\javapath;C:\Windows\System32\HWAudioDriverLibs;C:\Windows\system32;C:\Windows;C:\Windows\System32\Wbem;C:\Windows\System32\WindowsPowerShell\v1.0;C:\Windows\System32\OpenSSH;C:\Program Files\Microsoft SQL Server\150\Tools\Binn;C:\Program Files\Microsoft SQL Server\Client SDK\ODBC\170\Tools\Binn;C:\Program Files\dotnet;D:\Windows Kits\10\Windows Performance Toolkit;C:\Program Files\Java\jdk-23\bin;C:\WINDOWS\system32;C:\WINDOWS;C:\WINDOWS\System32\Wbem;C:\WINDOWS\System32\WindowsPowerShell\v1.0;C:\WINDOWS\System32\OpenSSH;C:\Program Files\nodejs;C:\Program Files\Docker\Docker\resources\bin;C:\Program Files\TortoiseGit\bin;C:\Program Files\Git\cmd;C:\Users\danil\AppData\Local\Programs\Python\Python312\Scripts;C:\Users\danil\AppData\Local\Programs\Python\Python312;C:\Users\danil\AppData\Local\Microsoft\WindowsApps;C:\Users\danil\AppData\Local\Programs\Microsoft VS Code\bin;C:\Users\danil\AppData\Roaming\npm;D:\DataBase\18\bin;C:\Program Files\Processing\app;. -ea processing.core.PApplet --editor-location=-7,-7 --external --display=1 --sketch-path=C:\Users\danil\Desktop\Gravity_simul Gravity_simul

Host: 11th Gen Intel(R) Core(TM) i5-1155G7 @ 2.50GHz, 8 cores, 7G,  Windows 11 , 64 bit Build 26100 (10.0.26100.8328)
Time: Sun Jun 28 14:06:04 2026 RTZ 3 (s 11 , 64 bit Build 26100 (10.0.26100.8328) elapsed time: 6.161992 seconds (0d 0h 0m 6s)

---------------  T H R E A D  ---------------

Current thread (0x0000020841514820):  VMThread "VM Thread" [stack: 0x000000742c100000,0x000000742c200000] [id=18892]

Stack: [0x000000742c100000,0x000000742c200000],  sp=0x000000742c1fe270,  free space=1016k
Native frames: (J=compiled Java code, j=interpreted, Vv=VM code, C=native code)
C  [igxelpicd64.dll+0x23b386]


siginfo: EXCEPTION_ACCESS_VIOLATION (0xc0000005), reading address 0x0000000000035468


Registers:
RAX=0x00000208891f3030, RBX=0x0000020887614950, RCX=0x0000000000000004, RDX=0x0000000000000000
RSP=0x000000742c1fe270, RBP=0x0000000000000000, RSI=0x00000208891f2e30, RDI=0x00000208870946c0
R8 =0x00000208891f2f30, R9 =0x000000742b68f000, R10=0x0000000000000000, R11=0x0000000000000246
R12=0x00000208891f2e30, R13=0x0000000000000000, R14=0x00000208891f3378, R15=0x00000208891f0580
RIP=0x00007ffdf360b386, EFLAGS=0x0000000000010206


Register to memory mapping:

RIP=0x00007ffdf360b386 igxelpicd64.dll
RAX=0x00000208891f3030 points into unknown readable memory: 0x0000000000001920 | 20 19 00 00 00 00 00 00
RBX=0x0000020887614950 points into unknown readable memory: 0xffffffffffffffff | ff ff ff ff ff ff ff ff
RCX=0x0000000000000004 is an unknown value
RDX=0x0 is NULL
RSP=0x000000742c1fe270 points into unknown readable memory: 0x0000020887614950 | 50 49 61 87 08 02 00 00
RBP=0x0 is NULL
RSI=0x00000208891f2e30 points into unknown readable memory: 0x0000020887672250 | 50 22 67 87 08 02 00 00
RDI=0x00000208870946c0 points into unknown readable memory: 0x502f6c676e657000 | 00 70 65 6e 67 6c 2f 50
R8 =0x00000208891f2f30 points into unknown readable memory: 0x0000000000000000 | 00 00 00 00 00 00 00 00
R9 =0x000000742b68f000 points into unknown readable memory: 0x0000000000000000 | 00 00 00 00 00 00 00 00
R10=0x0 is NULL
R11=0x0000000000000246 is an unknown value
R12=0x00000208891f2e30 points into unknown readable memory: 0x0000020887672250 | 50 22 67 87 08 02 00 00
R13=0x0 is NULL
R14=0x00000208891f3378 points into unknown readable memory: 0x00000208891f0580 | 80 05 1f 89 08 02 00 00
R15=0x00000208891f0580 points into unknown readable memory: 0x0000020887672250 | 50 22 67 87 08 02 00 00


Top of Stack: (sp=0x000000742c1fe270)
0x000000742c1fe270:   0000020887614950 033875bb03636abb
0x000000742c1fe280:   038865bc0329a6bb 008f38bd00b46ebc
0x000000742c1fe290:   0000001603000000 0000000000000000
0x000000742c1fe2a0:   02f831bf02eec1be 038ec2bf01ba89bf
0x000000742c1fe2b0:   0000020887614950 026319c10361b7c0
0x000000742c1fe2c0:   00816dc302c81bc2 02908ec3034d7cc3
0x000000742c1fe2d0:   039807c400f399c3 02c88ec502330ac5
0x000000742c1fe2e0:   00d75dc7038eebc6 034d31c9036f88c8
0x000000742c1fe2f0:   02c41aca033fe8c9 039f35ca00b723ca
0x000000742c1fe300:   027527cb037086ca 024d47cb033837cb
0x000000742c1fe310:   005649cc0385f7cb 039807cd037086cc
0x000000742c1fe320:   0283bacd036711cd 01ba0ad00165f3cf
0x000000742c1fe330:   039189d0036f30d0 01e4f6d0036ac6d0
0x000000742c1fe340:   0347fdd1037086d1 0364afd2038d2bd2
0x000000742c1fe350:   039f30d30377c8d2 00007ffe8d905b54
0x000000742c1fe360:   0000000000000000 0000000000000000
0x000000742c1fe370:   000000742c1fe510 00007ffe8b771259
0x000000742c1fe380:   000000742c1fe408 0000000000000000
0x000000742c1fe390:   0000000000000054 0000000000000000
0x000000742c1fe3a0:   038067d80366fdd7 00007ffe8d905cc4
0x000000742c1fe3b0:   037086da0384edd8 0378b6dc02f463dc
0x000000742c1fe3c0:   000080b7749e3208 028f19e0037086df
0x000000742c1fe3d0:   0000020888f80938 0000000000001948
0x000000742c1fe3e0:   0000000000000000 0000000000000016
0x000000742c1fe3f0:   0000000000000000 0000000000000000
0x000000742c1fe400:   000000742c1fe510 00007ffdf36382ae
0x000000742c1fe410:   00000208870946c0 0000000000000000
0x000000742c1fe420:   00000208870946c0 01e9a3e7033a74e7
0x000000742c1fe430:   0000007400000b94 0000740400870000
0x000000742c1fe440:   0000000000000000 02a354ea037b45ea
0x000000742c1fe450:   038b37eb026cbcea 01df7feb037b38eb
0x000000742c1fe460:   027a29ec035699eb 029acaec035546ec 

Instructions: (pc=0x00007ffdf360b386)
0x00007ffdf360b286:   00 90 4c 8b bf 80 02 00 00 48 8b 05 9a 85 bd 00
0x00007ffdf360b296:   8b 80 c8 0a 00 00 89 44 24 24 c6 44 24 20 00 48
0x00007ffdf360b2a6:   c7 87 80 02 00 00 00 00 00 00 c7 87 88 02 00 00
0x00007ffdf360b2b6:   00 00 00 00 48 c7 87 a0 02 00 00 00 00 00 00 48
0x00007ffdf360b2c6:   c7 87 90 02 00 00 00 00 00 00 48 85 ed 75 3d 8b
0x00007ffdf360b2d6:   35 0d 77 cd 00 65 48 8b 04 25 58 00 00 00 b9 14
0x00007ffdf360b2e6:   00 00 00 48 8b 04 f0 40 38 2c 01 0f 84 c9 e7 75
0x00007ffdf360b2f6:   00 65 48 8b 04 25 58 00 00 00 bd 20 00 00 00 48
0x00007ffdf360b306:   8b 04 f0 48 8b 2c 28 48 89 6c 24 28 48 3b 2d 07
0x00007ffdf360b316:   9b cd 00 0f 84 9b 10 00 00 4d 85 ff 0f 84 3a 01
0x00007ffdf360b326:   00 00 0f 1f 84 00 00 00 00 00 49 8b f7 4d 8b e7
0x00007ffdf360b336:   4d 8d b7 48 05 00 00 4d 8b 3e 45 84 ed 0f 85 d9
0x00007ffdf360b346:   0e 00 00 8b 8f d0 01 00 00 48 8b 05 da 84 bd 00
0x00007ffdf360b356:   83 b8 64 03 00 00 02 75 34 4d 8d 84 24 00 01 00
0x00007ffdf360b366:   00 83 f9 10 0f 83 3a 01 00 00 8b c1 48 c1 e0 06
0x00007ffdf360b376:   49 03 c0 48 85 c0 0f 84 9b 01 00 00 48 8b 50 08
0x00007ffdf360b386:   48 3b 95 68 54 03 00 0f 87 b6 0e 00 00 48 83 be
0x00007ffdf360b396:   c0 05 00 00 00 0f 85 50 e7 75 00 44 8b 8f d0 01
0x00007ffdf360b3a6:   00 00 48 8b 87 e8 01 00 00 4c 8b 00 8b 8f d0 01
0x00007ffdf360b3b6:   00 00 48 8d 9e 00 01 00 00 83 f9 10 0f 83 1e 01
0x00007ffdf360b3c6:   00 00 8b c1 48 c1 e0 06 48 03 c3 48 85 c0 0f 84
0x00007ffdf360b3d6:   4a 01 00 00 4c 39 40 08 0f 86 40 01 00 00 48 8b
0x00007ffdf360b3e6:   87 80 02 00 00 49 89 06 48 89 b7 80 02 00 00 ff
0x00007ffdf360b3f6:   87 88 02 00 00 48 8b 4e 08 48 8b 01 ba 01 00 00
0x00007ffdf360b406:   00 48 8b 80 e0 02 00 00 ff 15 f4 c1 88 00 0f b7
0x00007ffdf360b416:   c8 48 2b c1 48 05 00 00 01 00 48 01 87 90 02 00
0x00007ffdf360b426:   00 48 8b 4e 08 48 8b 01 ba 01 00 00 00 48 8b 80
0x00007ffdf360b436:   e0 02 00 00 ff 15 c8 c1 88 00 48 01 87 a0 02 00
0x00007ffdf360b446:   00 0f b6 54 24 20 4d 85 ff 0f 85 db fe ff ff 84
0x00007ffdf360b456:   d2 0f 85 37 0f 00 00 48 8b 5c 24 40 48 8b cf 80
0x00007ffdf360b466:   7c 24 22 00 0f 85 40 0f 00 00 e8 3b f9 ff ff 90
0x00007ffdf360b476:   48 8b cb ff 15 99 bc 88 00 48 8b 8c 24 50 01 00 


Stack slot to memory mapping:
stack at sp + 0 slots: 0x0000020887614950 points into unknown readable memory: 0xffffffffffffffff | ff ff ff ff ff ff ff ff
stack at sp + 1 slots: 0x033875bb03636abb is an unknown value
stack at sp + 2 slots: 0x038865bc0329a6bb is an unknown value
stack at sp + 3 slots: 0x008f38bd00b46ebc is an unknown value
stack at sp + 4 slots: 0x0000001603000000 is an unknown value
stack at sp + 5 slots: 0x0 is NULL
stack at sp + 6 slots: 0x02f831bf02eec1be is an unknown value
stack at sp + 7 slots: 0x038ec2bf01ba89bf is an unknown value

VM_Operation (0x000000742e3fee00): Exit, mode: safepoint, requested by thread 0x00000208417dcf40


---------------  P R O C E S S  ---------------

Threads class SMR info:
_java_thread_list=0x00000208991908f0, length=36, elements={
0x0000020841518060, 0x000002084151ba50, 0x00000208415369e0, 0x00000208415372b0,
0x0000020841539b90, 0x000002084153c7a0, 0x000002084153d0b0, 0x00000208415579f0,
0x00000208417d65f0, 0x00000208417df7c0, 0x00000208417deda0, 0x00000208417de890,
0x00000208417dc520, 0x00000208417dcf40, 0x00000208417dd450, 0x00000208417dd960,
0x00000208994d8710, 0x00000208994d9b50, 0x00000208994daf90, 0x00000208994da060,
0x00000208994d77e0, 0x00000208994d8c20, 0x00000208994d9130, 0x00000208994d7cf0,
0x00000208994d9640, 0x00000208994da570, 0x00000208994daa80, 0x00000208994db9b0,
0x00000208994db4a0, 0x00000208994d8200, 0x00000208994ddd20, 0x00000208994dcdf0,
0x00000208994de230, 0x00000208994dd300, 0x00000208994de740, 0x00000208994dc3d0
}

Java Threads: ( => current thread )
  0x0000020841518060 JavaThread "Reference Handler" daemon [_thread_blocked, id=11688, stack(0x000000742c200000,0x000000742c300000)]
  0x000002084151ba50 JavaThread "Finalizer" daemon [_thread_blocked, id=5148, stack(0x000000742c300000,0x000000742c400000)]
  0x00000208415369e0 JavaThread "Attach Listener" daemon [_thread_blocked, id=6104, stack(0x000000742c500000,0x000000742c600000)]
  0x00000208415372b0 JavaThread "Service Thread" daemon [_thread_blocked, id=3672, stack(0x000000742c600000,0x000000742c700000)]
  0x0000020841539b90 JavaThread "Monitor Deflation Thread" daemon [_thread_blocked, id=15748, stack(0x000000742c700000,0x000000742c800000)]
  0x000002084153c7a0 JavaThread "C2 CompilerThread0" daemon [_thread_blocked, id=13516, stack(0x000000742c800000,0x000000742c900000)]
  0x000002084153d0b0 JavaThread "C1 CompilerThread0" daemon [_thread_blocked, id=2804, stack(0x000000742c900000,0x000000742ca00000)]
  0x00000208415579f0 JavaThread "Sweeper thread" daemon [_thread_blocked, id=944, stack(0x000000742ca00000,0x000000742cb00000)]
  0x00000208417d65f0 JavaThread "JDWP Event Helper Thread" daemon [_thread_blocked, id=1448, stack(0x000000742cc00000,0x000000742cd00000)]
  0x00000208417df7c0 JavaThread "Notification Thread" daemon [_thread_blocked, id=10752, stack(0x000000742ce00000,0x000000742cf00000)]
  0x00000208417deda0 JavaThread "Common-Cleaner" daemon [_thread_blocked, id=13612, stack(0x000000742d000000,0x000000742d100000)]
  0x00000208417de890 JavaThread "Java2D Disposer" daemon [_thread_blocked, id=18728, stack(0x000000742d100000,0x000000742d200000)]
  0x00000208417dc520 JavaThread "HighResTimerThread" daemon [_thread_blocked, id=18720, stack(0x000000742e100000,0x000000742e200000)]
  0x00000208417dcf40 JavaThread "main-FPSAWTAnimator#00-Timer0" [_thread_blocked, id=8552, stack(0x000000742e300000,0x000000742e400000)]
  0x00000208417dd450 JavaThread "DestroyJavaVM" [_thread_blocked, id=17600, stack(0x000000742bb00000,0x000000742bc00000)]
  0x00000208417dd960 JavaThread "pool-1-thread-1" [_thread_blocked, id=10528, stack(0x000000742e500000,0x000000742e600000)]
  0x00000208994d8710 JavaThread "pool-1-thread-2" [_thread_blocked, id=2440, stack(0x000000742e600000,0x000000742e700000)]
  0x00000208994d9b50 JavaThread "pool-1-thread-3" [_thread_blocked, id=15752, stack(0x000000742e700000,0x000000742e800000)]
  0x00000208994daf90 JavaThread "pool-1-thread-4" [_thread_blocked, id=13696, stack(0x000000742e800000,0x000000742e900000)]
  0x00000208994da060 JavaThread "pool-1-thread-5" [_thread_blocked, id=2208, stack(0x000000742e900000,0x000000742ea00000)]
  0x00000208994d77e0 JavaThread "pool-1-thread-6" [_thread_blocked, id=19376, stack(0x000000742ea00000,0x000000742eb00000)]
  0x00000208994d8c20 JavaThread "pool-1-thread-7" [_thread_blocked, id=16700, stack(0x000000742eb00000,0x000000742ec00000)]
  0x00000208994d9130 JavaThread "pool-1-thread-8" [_thread_blocked, id=10400, stack(0x000000742ec00000,0x000000742ed00000)]
  0x00000208994d7cf0 JavaThread "pool-1-thread-9" [_thread_blocked, id=10720, stack(0x000000742ed00000,0x000000742ee00000)]
  0x00000208994d9640 JavaThread "pool-1-thread-10" [_thread_blocked, id=18916, stack(0x000000742ee00000,0x000000742ef00000)]
  0x00000208994da570 JavaThread "pool-1-thread-11" [_thread_blocked, id=13992, stack(0x000000742ef00000,0x000000742f000000)]
  0x00000208994daa80 JavaThread "pool-1-thread-12" [_thread_blocked, id=16248, stack(0x000000742f000000,0x000000742f100000)]
  0x00000208994db9b0 JavaThread "pool-1-thread-13" [_thread_blocked, id=17456, stack(0x000000742f100000,0x000000742f200000)]
  0x00000208994db4a0 JavaThread "pool-1-thread-14" [_thread_blocked, id=12800, stack(0x000000742f200000,0x000000742f300000)]
  0x00000208994d8200 JavaThread "pool-1-thread-15" [_thread_blocked, id=15388, stack(0x000000742f300000,0x000000742f400000)]
  0x00000208994ddd20 JavaThread "pool-1-thread-16" [_thread_blocked, id=14656, stack(0x000000742f400000,0x000000742f500000)]
  0x00000208994dcdf0 JavaThread "pool-1-thread-17" [_thread_blocked, id=16044, stack(0x000000742f500000,0x000000742f600000)]
  0x00000208994de230 JavaThread "pool-1-thread-18" [_thread_blocked, id=13296, stack(0x000000742f600000,0x000000742f700000)]
  0x00000208994dd300 JavaThread "pool-1-thread-19" [_thread_blocked, id=18096, stack(0x000000742f700000,0x000000742f800000)]
  0x00000208994de740 JavaThread "pool-1-thread-20" [_thread_blocked, id=2904, stack(0x000000742f800000,0x000000742f900000)]
  0x00000208994dc3d0 JavaThread "AWT-Shutdown" [_thread_blocked, id=12756, stack(0x000000742fc00000,0x000000742fd00000)]

Other Threads:
=>0x0000020841514820 VMThread "VM Thread" [stack: 0x000000742c100000,0x000000742c200000] [id=18892]
  0x000002082571d000 GCTaskThread "GC Thread#0" [stack: 0x000000742bc00000,0x000000742bd00000] [id=11512]
  0x000002088769fd50 GCTaskThread "GC Thread#1" [stack: 0x000000742d900000,0x000000742da00000] [id=19140]
  0x00000208876a0010 GCTaskThread "GC Thread#2" [stack: 0x000000742da00000,0x000000742db00000] [id=16228]
  0x00000208886218a0 GCTaskThread "GC Thread#3" [stack: 0x000000742db00000,0x000000742dc00000] [id=15368]
  0x0000020888621b60 GCTaskThread "GC Thread#4" [stack: 0x000000742dc00000,0x000000742dd00000] [id=18940]
  0x0000020888621e20 GCTaskThread "GC Thread#5" [stack: 0x000000742dd00000,0x000000742de00000] [id=4432]
  0x0000020888666b90 GCTaskThread "GC Thread#6" [stack: 0x000000742de00000,0x000000742df00000] [id=6300]
  0x000002088866ae60 GCTaskThread "GC Thread#7" [stack: 0x000000742df00000,0x000000742e000000] [id=9948]
  0x0000020825726e70 ConcurrentGCThread "G1 Main Marker" terminated
  0x00000208257277a0 ConcurrentGCThread "G1 Conc#0" [stack: 0x000000742be00000,0x000000742bf00000] [id=5708]
  0x00000208995e21e0 ConcurrentGCThread "G1 Conc#1" [stack: 0x000000742fa00000,0x000000742fb00000] [id=13828]
  0x00000208257868c0 ConcurrentGCThread "G1 Refine#0" terminated
  0x00000208257870a0 ConcurrentGCThread "G1 Service" terminated

Threads with active compile tasks:

VM state: at safepoint (shutting down)

VM Mutex/Monitor currently owned by a thread:  ([mutex/lock_event])
[0x000002082342bb10] Threads_lock - owner thread: 0x0000020841514820
[0x00000208256d9a60] Heap_lock - owner thread: 0x00000208417dcf40

Heap address: 0x00000000c0000000, size: 1024 MB, Compressed Oops mode: 32-bit

CDS archive(s) mapped at: [0x0000020842000000-0x0000020842bb0000-0x0000020842bb0000), size 12255232, SharedBaseAddress: 0x0000020842000000, ArchiveRelocationMode: 1.
Compressed class space mapped at: 0x0000020843000000-0x0000020883000000, reserved size: 1073741824
Narrow klass base: 0x0000020842000000, Narrow klass shift: 0, Narrow klass range: 0x100000000

GC Precious Log:
 CPUs: 8 total, 8 available
 Memory: 7975M
 Large Page Support: Disabled
 NUMA Support: Disabled
 Compressed Oops: Enabled (32-bit)
 Heap Region Size: 1M
 Heap Min Capacity: 64M
 Heap Initial Capacity: 64M
 Heap Max Capacity: 1G
 Pre-touch: Disabled
 Parallel Workers: 8
 Concurrent Workers: 2
 Concurrent Refinement Workers: 8
 Periodic GC: Disabled

Heap:
 garbage-first heap   total 115712K, used 64717K [0x00000000c0000000, 0x0000000100000000)
  region size 1024K, 14 young (14336K), 2 survivors (2048K)
 Metaspace       used 12896K, committed 13120K, reserved 1114112K
  class space    used 919K, committed 1024K, reserved 1048576K

Heap Regions: E=young(eden), S=young(survivor), O=old, HS=humongous(starts), HC=humongous(continues), CS=collection set, F=free, OA=open archive, CA=closed archive, TAMS=top-at-mark-start (previous, next)
|   0|0x00000000c0000000, 0x00000000c0100000, 0x00000000c0100000|100%| O|  |TAMS 0x00000000c0100000, 0x00000000c0000000| Untracked 
|   1|0x00000000c0100000, 0x00000000c0200000, 0x00000000c0200000|100%| O|  |TAMS 0x00000000c0200000, 0x00000000c0100000| Untracked 
|   2|0x00000000c0200000, 0x00000000c0300000, 0x00000000c0300000|100%|HS|  |TAMS 0x00000000c0300000, 0x00000000c0200000| Complete 
|   3|0x00000000c0300000, 0x00000000c0400000, 0x00000000c0400000|100%|HC|  |TAMS 0x00000000c0400000, 0x00000000c0300000| Complete 
|   4|0x00000000c0400000, 0x00000000c0500000, 0x00000000c0500000|100%|HC|  |TAMS 0x00000000c0500000, 0x00000000c0400000| Complete 
|   5|0x00000000c0500000, 0x00000000c0600000, 0x00000000c0600000|100%|HC|  |TAMS 0x00000000c0600000, 0x00000000c0500000| Complete 
|   6|0x00000000c0600000, 0x00000000c0700000, 0x00000000c0700000|100%|HC|  |TAMS 0x00000000c0700000, 0x00000000c0600000| Complete 
|   7|0x00000000c0700000, 0x00000000c0800000, 0x00000000c0800000|100%|HC|  |TAMS 0x00000000c0800000, 0x00000000c0700000| Complete 
|   8|0x00000000c0800000, 0x00000000c0900000, 0x00000000c0900000|100%|HC|  |TAMS 0x00000000c0900000, 0x00000000c0800000| Complete 
|   9|0x00000000c0900000, 0x00000000c0a00000, 0x00000000c0a00000|100%|HC|  |TAMS 0x00000000c0a00000, 0x00000000c0900000| Complete 
|  10|0x00000000c0a00000, 0x00000000c0b00000, 0x00000000c0b00000|100%|HC|  |TAMS 0x00000000c0b00000, 0x00000000c0a00000| Complete 
|  11|0x00000000c0b00000, 0x00000000c0c00000, 0x00000000c0c00000|100%|HS|  |TAMS 0x00000000c0c00000, 0x00000000c0b00000| Complete 
|  12|0x00000000c0c00000, 0x00000000c0d00000, 0x00000000c0d00000|100%|HC|  |TAMS 0x00000000c0d00000, 0x00000000c0c00000| Complete 
|  13|0x00000000c0d00000, 0x00000000c0e00000, 0x00000000c0e00000|100%|HC|  |TAMS 0x00000000c0e00000, 0x00000000c0d00000| Complete 
|  14|0x00000000c0e00000, 0x00000000c0f00000, 0x00000000c0f00000|100%| O|  |TAMS 0x00000000c0f00000, 0x00000000c0e00000| Untracked 
|  15|0x00000000c0f00000, 0x00000000c1000000, 0x00000000c1000000|100%| O|  |TAMS 0x00000000c1000000, 0x00000000c0f00000| Untracked 
|  16|0x00000000c1000000, 0x00000000c1100000, 0x00000000c1100000|100%| O|  |TAMS 0x00000000c1100000, 0x00000000c1000000| Untracked 
|  17|0x00000000c1100000, 0x00000000c1200000, 0x00000000c1200000|100%| O|  |TAMS 0x00000000c1200000, 0x00000000c1100000| Untracked 
|  18|0x00000000c1200000, 0x00000000c1300000, 0x00000000c1300000|100%| O|  |TAMS 0x00000000c1300000, 0x00000000c1200000| Untracked 
|  19|0x00000000c1300000, 0x00000000c1300000, 0x00000000c1400000|  0%| F|  |TAMS 0x00000000c1300000, 0x00000000c1300000| Untracked 
|  20|0x00000000c1400000, 0x00000000c1500000, 0x00000000c1500000|100%| O|  |TAMS 0x00000000c1500000, 0x00000000c1400000| Untracked 
|  21|0x00000000c1500000, 0x00000000c1600000, 0x00000000c1600000|100%|HS|  |TAMS 0x00000000c1600000, 0x00000000c1500000| Complete 
|  22|0x00000000c1600000, 0x00000000c1700000, 0x00000000c1700000|100%|HC|  |TAMS 0x00000000c1700000, 0x00000000c1600000| Complete 
|  23|0x00000000c1700000, 0x00000000c1800000, 0x00000000c1800000|100%|HC|  |TAMS 0x00000000c1800000, 0x00000000c1700000| Complete 
|  24|0x00000000c1800000, 0x00000000c1900000, 0x00000000c1900000|100%|HC|  |TAMS 0x00000000c1900000, 0x00000000c1800000| Complete 
|  25|0x00000000c1900000, 0x00000000c1a00000, 0x00000000c1a00000|100%|HC|  |TAMS 0x00000000c1a00000, 0x00000000c1900000| Complete 
|  26|0x00000000c1a00000, 0x00000000c1b00000, 0x00000000c1b00000|100%|HC|  |TAMS 0x00000000c1b00000, 0x00000000c1a00000| Complete 
|  27|0x00000000c1b00000, 0x00000000c1c00000, 0x00000000c1c00000|100%|HC|  |TAMS 0x00000000c1c00000, 0x00000000c1b00000| Complete 
|  28|0x00000000c1c00000, 0x00000000c1d00000, 0x00000000c1d00000|100%| O|  |TAMS 0x00000000c1d00000, 0x00000000c1c00000| Untracked 
|  29|0x00000000c1d00000, 0x00000000c1e00000, 0x00000000c1e00000|100%|HS|  |TAMS 0x00000000c1e00000, 0x00000000c1d00000| Complete 
|  30|0x00000000c1e00000, 0x00000000c1f00000, 0x00000000c1f00000|100%|HC|  |TAMS 0x00000000c1f00000, 0x00000000c1e00000| Complete 
|  31|0x00000000c1f00000, 0x00000000c2000000, 0x00000000c2000000|100%|HC|  |TAMS 0x00000000c2000000, 0x00000000c1f00000| Complete 
|  32|0x00000000c2000000, 0x00000000c2000000, 0x00000000c2100000|  0%| F|  |TAMS 0x00000000c2000000, 0x00000000c2000000| Untracked 
|  33|0x00000000c2100000, 0x00000000c21f1000, 0x00000000c2200000| 94%| O|  |TAMS 0x00000000c21f1000, 0x00000000c2100000| Untracked 
|  34|0x00000000c2200000, 0x00000000c2300000, 0x00000000c2300000|100%|HS|  |TAMS 0x00000000c2300000, 0x00000000c2200000| Complete 
|  35|0x00000000c2300000, 0x00000000c2400000, 0x00000000c2400000|100%|HC|  |TAMS 0x00000000c2400000, 0x00000000c2300000| Complete 
|  36|0x00000000c2400000, 0x00000000c2500000, 0x00000000c2500000|100%|HC|  |TAMS 0x00000000c2500000, 0x00000000c2400000| Complete 
|  37|0x00000000c2500000, 0x00000000c2600000, 0x00000000c2600000|100%|HC|  |TAMS 0x00000000c2600000, 0x00000000c2500000| Complete 
|  38|0x00000000c2600000, 0x00000000c2700000, 0x00000000c2700000|100%|HC|  |TAMS 0x00000000c2700000, 0x00000000c2600000| Complete 
|  39|0x00000000c2700000, 0x00000000c2800000, 0x00000000c2800000|100%|HS|  |TAMS 0x00000000c2800000, 0x00000000c2700000| Complete 
|  40|0x00000000c2800000, 0x00000000c2900000, 0x00000000c2900000|100%|HC|  |TAMS 0x00000000c2900000, 0x00000000c2800000| Complete 
|  41|0x00000000c2900000, 0x00000000c2a00000, 0x00000000c2a00000|100%|HC|  |TAMS 0x00000000c2a00000, 0x00000000c2900000| Complete 
|  42|0x00000000c2a00000, 0x00000000c2b00000, 0x00000000c2b00000|100%|HS|  |TAMS 0x00000000c2b00000, 0x00000000c2a00000| Complete 
|  43|0x00000000c2b00000, 0x00000000c2c00000, 0x00000000c2c00000|100%|HC|  |TAMS 0x00000000c2c00000, 0x00000000c2b00000| Complete 
|  44|0x00000000c2c00000, 0x00000000c2d00000, 0x00000000c2d00000|100%|HC|  |TAMS 0x00000000c2d00000, 0x00000000c2c00000| Complete 
|  45|0x00000000c2d00000, 0x00000000c2e00000, 0x00000000c2e00000|100%|HS|  |TAMS 0x00000000c2e00000, 0x00000000c2d00000| Complete 
|  46|0x00000000c2e00000, 0x00000000c2f00000, 0x00000000c2f00000|100%|HC|  |TAMS 0x00000000c2f00000, 0x00000000c2e00000| Complete 
|  47|0x00000000c2f00000, 0x00000000c3000000, 0x00000000c3000000|100%|HC|  |TAMS 0x00000000c3000000, 0x00000000c2f00000| Complete 
|  48|0x00000000c3000000, 0x00000000c3100000, 0x00000000c3100000|100%|HS|  |TAMS 0x00000000c3100000, 0x00000000c3000000| Complete 
|  49|0x00000000c3100000, 0x00000000c3200000, 0x00000000c3200000|100%|HC|  |TAMS 0x00000000c3200000, 0x00000000c3100000| Complete 
|  50|0x00000000c3200000, 0x00000000c3300000, 0x00000000c3300000|100%|HC|  |TAMS 0x00000000c3300000, 0x00000000c3200000| Complete 
|  51|0x00000000c3300000, 0x00000000c3400000, 0x00000000c3400000|100%|HC|  |TAMS 0x00000000c3400000, 0x00000000c3300000| Complete 
|  52|0x00000000c3400000, 0x00000000c3500000, 0x00000000c3500000|100%|HC|  |TAMS 0x00000000c3500000, 0x00000000c3400000| Complete 
|  53|0x00000000c3500000, 0x00000000c3500000, 0x00000000c3600000|  0%| F|  |TAMS 0x00000000c3500000, 0x00000000c3500000| Untracked 
|  54|0x00000000c3600000, 0x00000000c3600000, 0x00000000c3700000|  0%| F|  |TAMS 0x00000000c3600000, 0x00000000c3600000| Untracked 
|  55|0x00000000c3700000, 0x00000000c3700000, 0x00000000c3800000|  0%| F|  |TAMS 0x00000000c3700000, 0x00000000c3700000| Untracked 
|  56|0x00000000c3800000, 0x00000000c3800000, 0x00000000c3900000|  0%| F|  |TAMS 0x00000000c3800000, 0x00000000c3800000| Untracked 
|  57|0x00000000c3900000, 0x00000000c3900000, 0x00000000c3a00000|  0%| F|  |TAMS 0x00000000c3900000, 0x00000000c3900000| Untracked 
|  58|0x00000000c3a00000, 0x00000000c3a00000, 0x00000000c3b00000|  0%| F|  |TAMS 0x00000000c3a00000, 0x00000000c3a00000| Untracked 
|  59|0x00000000c3b00000, 0x00000000c3b00000, 0x00000000c3c00000|  0%| F|  |TAMS 0x00000000c3b00000, 0x00000000c3b00000| Untracked 
|  60|0x00000000c3c00000, 0x00000000c3c00000, 0x00000000c3d00000|  0%| F|  |TAMS 0x00000000c3c00000, 0x00000000c3c00000| Untracked 
|  61|0x00000000c3d00000, 0x00000000c3d00000, 0x00000000c3e00000|  0%| F|  |TAMS 0x00000000c3d00000, 0x00000000c3d00000| Untracked 
|  62|0x00000000c3e00000, 0x00000000c3e00000, 0x00000000c3f00000|  0%| F|  |TAMS 0x00000000c3e00000, 0x00000000c3e00000| Untracked 
|  63|0x00000000c3f00000, 0x00000000c3f00000, 0x00000000c4000000|  0%| F|  |TAMS 0x00000000c3f00000, 0x00000000c3f00000| Untracked 
|  64|0x00000000c4000000, 0x00000000c4000000, 0x00000000c4100000|  0%| F|  |TAMS 0x00000000c4000000, 0x00000000c4000000| Untracked 
|  65|0x00000000c4100000, 0x00000000c41427c8, 0x00000000c4200000| 25%| S|CS|TAMS 0x00000000c4100000, 0x00000000c4100000| Complete 
|  66|0x00000000c4200000, 0x00000000c4300000, 0x00000000c4300000|100%| S|CS|TAMS 0x00000000c4200000, 0x00000000c4200000| Complete 
|  67|0x00000000c4300000, 0x00000000c4300000, 0x00000000c4400000|  0%| F|  |TAMS 0x00000000c4300000, 0x00000000c4300000| Untracked 
|  68|0x00000000c4400000, 0x00000000c4400000, 0x00000000c4500000|  0%| F|  |TAMS 0x00000000c4400000, 0x00000000c4400000| Untracked 
|  69|0x00000000c4500000, 0x00000000c4500000, 0x00000000c4600000|  0%| F|  |TAMS 0x00000000c4500000, 0x00000000c4500000| Untracked 
|  70|0x00000000c4600000, 0x00000000c4600000, 0x00000000c4700000|  0%| F|  |TAMS 0x00000000c4600000, 0x00000000c4600000| Untracked 
|  71|0x00000000c4700000, 0x00000000c4700000, 0x00000000c4800000|  0%| F|  |TAMS 0x00000000c4700000, 0x00000000c4700000| Untracked 
|  72|0x00000000c4800000, 0x00000000c4800000, 0x00000000c4900000|  0%| F|  |TAMS 0x00000000c4800000, 0x00000000c4800000| Untracked 
|  73|0x00000000c4900000, 0x00000000c4900000, 0x00000000c4a00000|  0%| F|  |TAMS 0x00000000c4900000, 0x00000000c4900000| Untracked 
|  74|0x00000000c4a00000, 0x00000000c4a00000, 0x00000000c4b00000|  0%| F|  |TAMS 0x00000000c4a00000, 0x00000000c4a00000| Untracked 
|  75|0x00000000c4b00000, 0x00000000c4b00000, 0x00000000c4c00000|  0%| F|  |TAMS 0x00000000c4b00000, 0x00000000c4b00000| Untracked 
|  76|0x00000000c4c00000, 0x00000000c4c00000, 0x00000000c4d00000|  0%| F|  |TAMS 0x00000000c4c00000, 0x00000000c4c00000| Untracked 
|  77|0x00000000c4d00000, 0x00000000c4d00000, 0x00000000c4e00000|  0%| F|  |TAMS 0x00000000c4d00000, 0x00000000c4d00000| Untracked 
|  78|0x00000000c4e00000, 0x00000000c4e00000, 0x00000000c4f00000|  0%| F|  |TAMS 0x00000000c4e00000, 0x00000000c4e00000| Untracked 
|  79|0x00000000c4f00000, 0x00000000c4f00000, 0x00000000c5000000|  0%| F|  |TAMS 0x00000000c4f00000, 0x00000000c4f00000| Untracked 
|  80|0x00000000c5000000, 0x00000000c5000000, 0x00000000c5100000|  0%| F|  |TAMS 0x00000000c5000000, 0x00000000c5000000| Untracked 
|  81|0x00000000c5100000, 0x00000000c5100000, 0x00000000c5200000|  0%| F|  |TAMS 0x00000000c5100000, 0x00000000c5100000| Untracked 
|  82|0x00000000c5200000, 0x00000000c5200000, 0x00000000c5300000|  0%| F|  |TAMS 0x00000000c5200000, 0x00000000c5200000| Untracked 
|  83|0x00000000c5300000, 0x00000000c5300000, 0x00000000c5400000|  0%| F|  |TAMS 0x00000000c5300000, 0x00000000c5300000| Untracked 
|  84|0x00000000c5400000, 0x00000000c5400000, 0x00000000c5500000|  0%| F|  |TAMS 0x00000000c5400000, 0x00000000c5400000| Untracked 
|  85|0x00000000c5500000, 0x00000000c5500000, 0x00000000c5600000|  0%| F|  |TAMS 0x00000000c5500000, 0x00000000c5500000| Untracked 
|  86|0x00000000c5600000, 0x00000000c5600000, 0x00000000c5700000|  0%| F|  |TAMS 0x00000000c5600000, 0x00000000c5600000| Untracked 
|  87|0x00000000c5700000, 0x00000000c5700000, 0x00000000c5800000|  0%| F|  |TAMS 0x00000000c5700000, 0x00000000c5700000| Untracked 
|  88|0x00000000c5800000, 0x00000000c5800000, 0x00000000c5900000|  0%| F|  |TAMS 0x00000000c5800000, 0x00000000c5800000| Untracked 
|  89|0x00000000c5900000, 0x00000000c5900000, 0x00000000c5a00000|  0%| F|  |TAMS 0x00000000c5900000, 0x00000000c5900000| Untracked 
|  90|0x00000000c5a00000, 0x00000000c5a00000, 0x00000000c5b00000|  0%| F|  |TAMS 0x00000000c5a00000, 0x00000000c5a00000| Untracked 
|  91|0x00000000c5b00000, 0x00000000c5b00000, 0x00000000c5c00000|  0%| F|  |TAMS 0x00000000c5b00000, 0x00000000c5b00000| Untracked 
|  92|0x00000000c5c00000, 0x00000000c5c00000, 0x00000000c5d00000|  0%| F|  |TAMS 0x00000000c5c00000, 0x00000000c5c00000| Untracked 
|  93|0x00000000c5d00000, 0x00000000c5d00000, 0x00000000c5e00000|  0%| F|  |TAMS 0x00000000c5d00000, 0x00000000c5d00000| Untracked 
|  94|0x00000000c5e00000, 0x00000000c5e00000, 0x00000000c5f00000|  0%| F|  |TAMS 0x00000000c5e00000, 0x00000000c5e00000| Untracked 
|  95|0x00000000c5f00000, 0x00000000c5f00000, 0x00000000c6000000|  0%| F|  |TAMS 0x00000000c5f00000, 0x00000000c5f00000| Untracked 
|  96|0x00000000c6000000, 0x00000000c6000000, 0x00000000c6100000|  0%| F|  |TAMS 0x00000000c6000000, 0x00000000c6000000| Untracked 
|  97|0x00000000c6100000, 0x00000000c6100000, 0x00000000c6200000|  0%| F|  |TAMS 0x00000000c6100000, 0x00000000c6100000| Untracked 
|  98|0x00000000c6200000, 0x00000000c6200000, 0x00000000c6300000|  0%| F|  |TAMS 0x00000000c6200000, 0x00000000c6200000| Untracked 
|  99|0x00000000c6300000, 0x00000000c6300000, 0x00000000c6400000|  0%| F|  |TAMS 0x00000000c6300000, 0x00000000c6300000| Untracked 
| 100|0x00000000c6400000, 0x00000000c6400000, 0x00000000c6500000|  0%| F|  |TAMS 0x00000000c6400000, 0x00000000c6400000| Untracked 
| 101|0x00000000c6500000, 0x00000000c6521190, 0x00000000c6600000| 12%| E|  |TAMS 0x00000000c6500000, 0x00000000c6500000| Complete 
| 102|0x00000000c6600000, 0x00000000c6700000, 0x00000000c6700000|100%| E|CS|TAMS 0x00000000c6600000, 0x00000000c6600000| Complete 
| 103|0x00000000c6700000, 0x00000000c6800000, 0x00000000c6800000|100%| E|CS|TAMS 0x00000000c6700000, 0x00000000c6700000| Complete 
| 104|0x00000000c6800000, 0x00000000c6900000, 0x00000000c6900000|100%| E|CS|TAMS 0x00000000c6800000, 0x00000000c6800000| Complete 
| 105|0x00000000c6900000, 0x00000000c6a00000, 0x00000000c6a00000|100%| E|CS|TAMS 0x00000000c6900000, 0x00000000c6900000| Complete 
| 106|0x00000000c6a00000, 0x00000000c6b00000, 0x00000000c6b00000|100%| E|CS|TAMS 0x00000000c6a00000, 0x00000000c6a00000| Complete 
| 107|0x00000000c6b00000, 0x00000000c6c00000, 0x00000000c6c00000|100%| E|CS|TAMS 0x00000000c6b00000, 0x00000000c6b00000| Complete 
| 108|0x00000000c6c00000, 0x00000000c6d00000, 0x00000000c6d00000|100%| E|CS|TAMS 0x00000000c6c00000, 0x00000000c6c00000| Complete 
| 109|0x00000000c6d00000, 0x00000000c6e00000, 0x00000000c6e00000|100%| E|CS|TAMS 0x00000000c6d00000, 0x00000000c6d00000| Complete 
| 110|0x00000000c6e00000, 0x00000000c6f00000, 0x00000000c6f00000|100%| E|CS|TAMS 0x00000000c6e00000, 0x00000000c6e00000| Complete 
| 111|0x00000000c6f00000, 0x00000000c7000000, 0x00000000c7000000|100%| E|CS|TAMS 0x00000000c6f00000, 0x00000000c6f00000| Complete 
| 112|0x00000000c7000000, 0x00000000c7100000, 0x00000000c7100000|100%| E|CS|TAMS 0x00000000c7000000, 0x00000000c7000000| Complete 

Card table byte_map: [0x000002083c750000,0x000002083c950000] _byte_map_base: 0x000002083c150000

Marking Bits (Prev, Next): (CMBitMap*) 0x000002082571e580, (CMBitMap*) 0x000002082571e540
 Prev Bits: [0x000002083db50000, 0x000002083eb50000)
 Next Bits: [0x000002083cb50000, 0x000002083db50000)

Polling page: 0x0000020823670000

Metaspace:

Usage:
  Non-class:     11.70 MB used.
      Class:    919.25 KB used.
       Both:     12.59 MB used.

Virtual space:
  Non-class space:       64.00 MB reserved,      11.81 MB ( 18%) committed,  1 nodes.
      Class space:        1.00 GB reserved,       1.00 MB ( <1%) committed,  1 nodes.
             Both:        1.06 GB reserved,      12.81 MB (  1%) committed. 

Chunk freelists:
   Non-Class:  3.92 MB
       Class:  14.91 MB
        Both:  18.83 MB

MaxMetaspaceSize: unlimited
CompressedClassSpaceSize: 1.00 GB
Initial GC threshold: 21.00 MB
Current GC threshold: 21.00 MB
CDS: on
MetaspaceReclaimPolicy: balanced
 - commit_granule_bytes: 65536.
 - commit_granule_words: 8192.
 - virtual_space_node_default_size: 8388608.
 - enlarge_chunks_in_place: 1.
 - new_chunks_are_fully_committed: 0.
 - uncommit_free_chunks: 1.
 - use_allocation_guard: 0.
 - handle_deallocations: 1.


Internal statistics:

num_allocs_failed_limit: 0.
num_arena_births: 106.
num_arena_deaths: 0.
num_vsnodes_births: 2.
num_vsnodes_deaths: 0.
num_space_committed: 201.
num_space_uncommitted: 0.
num_chunks_returned_to_freelist: 0.
num_chunks_taken_from_freelist: 384.
num_chunk_merges: 0.
num_chunk_splits: 298.
num_chunks_enlarged: 237.
num_inconsistent_stats: 0.

CodeHeap 'non-profiled nmethods': size=120000Kb used=721Kb max_used=721Kb free=119278Kb
 bounds [0x0000020834ce0000, 0x0000020834f50000, 0x000002083c210000]
CodeHeap 'profiled nmethods': size=120000Kb used=2732Kb max_used=2732Kb free=117267Kb
 bounds [0x000002082d210000, 0x000002082d4c0000, 0x0000020834740000]
CodeHeap 'non-nmethods': size=5760Kb used=1614Kb max_used=1650Kb free=4145Kb
 bounds [0x0000020834740000, 0x00000208349b0000, 0x0000020834ce0000]
 total_blobs=2430 nmethods=1492 adapters=851
 compilation: enabled
              stopped_count=0, restarted_count=0
 full_count=0

Compilation events (20 events):
Event: 5.823 Thread 0x000002084153c7a0 1483       4       java.util.concurrent.locks.ReentrantLock$Sync::tryRelease (51 bytes)
Event: 5.824 Thread 0x000002084153c7a0 nmethod 1483 0x0000020834d92e10 code [0x0000020834d92f80, 0x0000020834d930b8]
Event: 5.903 Thread 0x000002084153c7a0 1484       4       java.util.concurrent.locks.ReentrantLock$Sync::isHeldExclusively (16 bytes)
Event: 5.904 Thread 0x000002084153c7a0 nmethod 1484 0x0000020834d93190 code [0x0000020834d93300, 0x0000020834d933b8]
Event: 5.907 Thread 0x000002084153c7a0 1485       4       java.util.concurrent.locks.AbstractQueuedSynchronizer$ConditionNode::isReleasable (23 bytes)
Event: 5.908 Thread 0x000002084153c7a0 nmethod 1485 0x0000020834d93490 code [0x0000020834d93600, 0x0000020834d936b8]
Event: 5.961 Thread 0x000002084153d0b0 1486       3       java.nio.IntBuffer::position (8 bytes)
Event: 5.961 Thread 0x000002084153d0b0 nmethod 1486 0x000002082d4b9e10 code [0x000002082d4b9fa0, 0x000002082d4ba0e8]
Event: 6.005 Thread 0x000002084153c7a0 1487       4       com.jogamp.common.util.IntIntHashMap::put (229 bytes)
Event: 6.007 Thread 0x000002084153c7a0 nmethod 1487 0x0000020834d93790 code [0x0000020834d93900, 0x0000020834d93a38]
Event: 6.047 Thread 0x000002084153c7a0 1488       4       jogamp.opengl.GLBufferStateTracker::setBoundBufferObject (76 bytes)
Event: 6.048 Thread 0x000002084153c7a0 nmethod 1488 0x0000020834d93b90 code [0x0000020834d93d20, 0x0000020834d93e98]
Event: 6.049 Thread 0x000002084153d0b0 1489       3       java.lang.AbstractStringBuilder::append (55 bytes)
Event: 6.049 Thread 0x000002084153d0b0 nmethod 1489 0x000002082d4ba190 code [0x000002082d4ba360, 0x000002082d4ba698]
Event: 6.085 Thread 0x000002084153c7a0 1490 %     4       java.lang.StringCoding::hasNegatives @ 2 (25 bytes)
Event: 6.085 Thread 0x000002084153d0b0 1491       3       jdk.internal.misc.Unsafe::getAndAddLong (27 bytes)
Event: 6.086 Thread 0x000002084153d0b0 nmethod 1491 0x000002082d4ba810 code [0x000002082d4ba9c0, 0x000002082d4bac08]
Event: 6.086 Thread 0x000002084153d0b0 1492       3       jdk.internal.misc.Unsafe::weakCompareAndSetLong (11 bytes)
Event: 6.086 Thread 0x000002084153d0b0 nmethod 1492 0x000002082d4bad10 code [0x000002082d4baea0, 0x000002082d4bafd8]
Event: 6.088 Thread 0x000002084153c7a0 nmethod 1490% 0x0000020834d94090 code [0x0000020834d94220, 0x0000020834d94438]

GC Heap History (20 events):
Event: 2.207 GC heap before
{Heap before GC invocations=2 (full 0):
 garbage-first heap   total 65536K, used 30442K [0x00000000c0000000, 0x0000000100000000)
  region size 1024K, 5 young (5120K), 4 survivors (4096K)
 Metaspace       used 12528K, committed 12736K, reserved 1114112K
  class space    used 906K, committed 1024K, reserved 1048576K
}
Event: 2.209 GC heap after
{Heap after GC invocations=3 (full 0):
 garbage-first heap   total 65536K, used 30695K [0x00000000c0000000, 0x0000000100000000)
  region size 1024K, 1 young (1024K), 1 survivors (1024K)
 Metaspace       used 12528K, committed 12736K, reserved 1114112K
  class space    used 906K, committed 1024K, reserved 1048576K
}
Event: 2.584 GC heap before
{Heap before GC invocations=4 (full 0):
 garbage-first heap   total 92160K, used 70631K [0x00000000c0000000, 0x0000000100000000)
  region size 1024K, 18 young (18432K), 1 survivors (1024K)
 Metaspace       used 12709K, committed 12928K, reserved 1114112K
  class space    used 914K, committed 1024K, reserved 1048576K
}
Event: 2.585 GC heap after
{Heap after GC invocations=5 (full 0):
 garbage-first heap   total 92160K, used 54407K [0x00000000c0000000, 0x0000000100000000)
  region size 1024K, 2 young (2048K), 2 survivors (2048K)
 Metaspace       used 12709K, committed 12928K, reserved 1114112K
  class space    used 914K, committed 1024K, reserved 1048576K
}
Event: 2.933 GC heap before
{Heap before GC invocations=5 (full 0):
 garbage-first heap   total 92160K, used 72839K [0x00000000c0000000, 0x0000000100000000)
  region size 1024K, 20 young (20480K), 2 survivors (2048K)
 Metaspace       used 12750K, committed 12928K, reserved 1114112K
  class space    used 915K, committed 1024K, reserved 1048576K
}
Event: 2.935 GC heap after
{Heap after GC invocations=6 (full 0):
 garbage-first heap   total 92160K, used 54408K [0x00000000c0000000, 0x0000000100000000)
  region size 1024K, 2 young (2048K), 2 survivors (2048K)
 Metaspace       used 12750K, committed 12928K, reserved 1114112K
  class space    used 915K, committed 1024K, reserved 1048576K
}
Event: 3.284 GC heap before
{Heap before GC invocations=7 (full 0):
 garbage-first heap   total 92160K, used 72840K [0x00000000c0000000, 0x0000000100000000)
  region size 1024K, 21 young (21504K), 2 survivors (2048K)
 Metaspace       used 12773K, committed 12992K, reserved 1114112K
  class space    used 915K, committed 1024K, reserved 1048576K
}
Event: 3.285 GC heap after
{Heap after GC invocations=8 (full 0):
 garbage-first heap   total 92160K, used 52622K [0x00000000c0000000, 0x0000000100000000)
  region size 1024K, 1 young (1024K), 1 survivors (1024K)
 Metaspace       used 12773K, committed 12992K, reserved 1114112K
  class space    used 915K, committed 1024K, reserved 1048576K
}
Event: 3.682 GC heap before
{Heap before GC invocations=8 (full 0):
 garbage-first heap   total 92160K, used 75150K [0x00000000c0000000, 0x0000000100000000)
  region size 1024K, 23 young (23552K), 1 survivors (1024K)
 Metaspace       used 12780K, committed 12992K, reserved 1114112K
  class space    used 915K, committed 1024K, reserved 1048576K
}
Event: 3.683 GC heap after
{Heap after GC invocations=9 (full 0):
 garbage-first heap   total 92160K, used 52425K [0x00000000c0000000, 0x0000000100000000)
  region size 1024K, 1 young (1024K), 1 survivors (1024K)
 Metaspace       used 12780K, committed 12992K, reserved 1114112K
  class space    used 915K, committed 1024K, reserved 1048576K
}
Event: 4.104 GC heap before
{Heap before GC invocations=10 (full 0):
 garbage-first heap   total 92160K, used 75977K [0x00000000c0000000, 0x0000000100000000)
  region size 1024K, 24 young (24576K), 1 survivors (1024K)
 Metaspace       used 12783K, committed 12992K, reserved 1114112K
  class space    used 915K, committed 1024K, reserved 1048576K
}
Event: 4.106 GC heap after
{Heap after GC invocations=11 (full 0):
 garbage-first heap   total 92160K, used 53492K [0x00000000c0000000, 0x0000000100000000)
  region size 1024K, 2 young (2048K), 2 survivors (2048K)
 Metaspace       used 12783K, committed 12992K, reserved 1114112K
  class space    used 915K, committed 1024K, reserved 1048576K
}
Event: 4.533 GC heap before
{Heap before GC invocations=11 (full 0):
 garbage-first heap   total 92160K, used 77044K [0x00000000c0000000, 0x0000000100000000)
  region size 1024K, 25 young (25600K), 2 survivors (2048K)
 Metaspace       used 12800K, committed 12992K, reserved 1114112K
  class space    used 915K, committed 1024K, reserved 1048576K
}
Event: 4.534 GC heap after
{Heap after GC invocations=12 (full 0):
 garbage-first heap   total 92160K, used 52736K [0x00000000c0000000, 0x0000000100000000)
  region size 1024K, 1 young (1024K), 1 survivors (1024K)
 Metaspace       used 12800K, committed 12992K, reserved 1114112K
  class space    used 915K, committed 1024K, reserved 1048576K
}
Event: 4.969 GC heap before
{Heap before GC invocations=13 (full 0):
 garbage-first heap   total 92160K, used 77312K [0x00000000c0000000, 0x0000000100000000)
  region size 1024K, 25 young (25600K), 1 survivors (1024K)
 Metaspace       used 12811K, committed 12992K, reserved 1114112K
  class space    used 915K, committed 1024K, reserved 1048576K
}
Event: 4.970 GC heap after
{Heap after GC invocations=14 (full 0):
 garbage-first heap   total 92160K, used 52906K [0x00000000c0000000, 0x0000000100000000)
  region size 1024K, 1 young (1024K), 1 survivors (1024K)
 Metaspace       used 12811K, committed 12992K, reserved 1114112K
  class space    used 915K, committed 1024K, reserved 1048576K
}
Event: 5.409 GC heap before
{Heap before GC invocations=14 (full 0):
 garbage-first heap   total 92160K, used 78506K [0x00000000c0000000, 0x0000000100000000)
  region size 1024K, 26 young (26624K), 1 survivors (1024K)
 Metaspace       used 12812K, committed 12992K, reserved 1114112K
  class space    used 915K, committed 1024K, reserved 1048576K
}
Event: 5.410 GC heap after
{Heap after GC invocations=15 (full 0):
 garbage-first heap   total 92160K, used 54027K [0x00000000c0000000, 0x0000000100000000)
  region size 1024K, 2 young (2048K), 2 survivors (2048K)
 Metaspace       used 12812K, committed 12992K, reserved 1114112K
  class space    used 915K, committed 1024K, reserved 1048576K
}
Event: 5.845 GC heap before
{Heap before GC invocations=16 (full 0):
 garbage-first heap   total 92160K, used 77579K [0x00000000c0000000, 0x0000000100000000)
  region size 1024K, 25 young (25600K), 2 survivors (2048K)
 Metaspace       used 12850K, committed 13056K, reserved 1114112K
  class space    used 915K, committed 1024K, reserved 1048576K
}
Event: 5.847 GC heap after
{Heap after GC invocations=17 (full 0):
 garbage-first heap   total 115712K, used 53453K [0x00000000c0000000, 0x0000000100000000)
  region size 1024K, 2 young (2048K), 2 survivors (2048K)
 Metaspace       used 12850K, committed 13056K, reserved 1114112K
  class space    used 915K, committed 1024K, reserved 1048576K
}

Dll operation events (14 events):
Event: 0.006 Loaded shared library C:\Program Files\Processing\app\resources\jdk-17.0.14+7\bin\java.dll
Event: 0.020 Loaded shared library C:\Program Files\Processing\app\resources\jdk-17.0.14+7\bin\jsvml.dll
Event: 0.078 Loaded shared library C:\Program Files\Processing\app\resources\jdk-17.0.14+7\bin\net.dll
Event: 0.079 Loaded shared library C:\Program Files\Processing\app\resources\jdk-17.0.14+7\bin\nio.dll
Event: 0.082 Loaded shared library C:\Program Files\Processing\app\resources\jdk-17.0.14+7\bin\zip.dll
Event: 0.138 Loaded shared library C:\Program Files\Processing\app\resources\jdk-17.0.14+7\bin\jimage.dll
Event: 0.141 Loaded shared library C:\Program Files\Processing\app\resources\jdk-17.0.14+7\bin\awt.dll
Event: 0.566 Loaded shared library C:\Users\danil\AppData\Local\Temp\jogamp_0000\file_cache\jln12726445876931410133\jln4818442091823618082\natives\windows-amd64\gluegen_rt.dll
Event: 0.576 Loaded shared library C:\Program Files\Processing\app\resources\jdk-17.0.14+7\bin\jawt.dll
Event: 0.595 Loaded shared library C:\Users\danil\AppData\Local\Temp\jogamp_0000\file_cache\jln12726445876931410133\jln4818442091823618082\natives\windows-amd64\nativewindow_awt.dll
Event: 0.635 Loaded shared library C:\Users\danil\AppData\Local\Temp\jogamp_0000\file_cache\jln12726445876931410133\jln4818442091823618082\natives\windows-amd64\nativewindow_win32.dll
Event: 0.750 Loaded shared library C:\Users\danil\AppData\Local\Temp\jogamp_0000\file_cache\jln12726445876931410133\jln4818442091823618082\natives\windows-amd64\jogl_desktop.dll
Event: 1.001 Loaded shared library C:\Users\danil\AppData\Local\Temp\jogamp_0000\file_cache\jln12726445876931410133\jln4818442091823618082\natives\windows-amd64\jogl_mobile.dll
Event: 1.909 Loaded shared library C:\Users\danil\AppData\Local\Temp\jogamp_0000\file_cache\jln12726445876931410133\jln4818442091823618082\natives\windows-amd64\newt_head.dll

Deoptimization events (20 events):
Event: 2.240 Thread 0x00000208417dcf40 DEOPT PACKING pc=0x0000020834d61b58 sp=0x000000742e3fecd0
Event: 2.240 Thread 0x00000208417dcf40 DEOPT UNPACKING pc=0x000002083479a1a3 sp=0x000000742e3fec90 mode 2
Event: 2.352 Thread 0x00000208417dcf40 DEOPT PACKING pc=0x000002082d41edda sp=0x000000742e3feca0
Event: 2.352 Thread 0x00000208417dcf40 DEOPT UNPACKING pc=0x000002083479ace3 sp=0x000000742e3fe190 mode 0
Event: 2.363 Thread 0x00000208417dcf40 Uncommon trap: trap_request=0xffffff45 fr.pc=0x0000020834d63a84 relative=0x0000000000000f64
Event: 2.363 Thread 0x00000208417dcf40 Uncommon trap: reason=unstable_if action=reinterpret pc=0x0000020834d63a84 method=processing.opengl.PGraphicsOpenGL$Tessellator.tessellateRoundPoints2D(III)V @ 106 c2
Event: 2.363 Thread 0x00000208417dcf40 DEOPT PACKING pc=0x0000020834d63a84 sp=0x000000742e3fecd0
Event: 2.363 Thread 0x00000208417dcf40 DEOPT UNPACKING pc=0x000002083479a1a3 sp=0x000000742e3fec90 mode 2
Event: 2.436 Thread 0x00000208417dcf40 DEOPT PACKING pc=0x000002082d45a4d4 sp=0x000000742e3feee0
Event: 2.436 Thread 0x00000208417dcf40 DEOPT UNPACKING pc=0x000002083479ace3 sp=0x000000742e3fe448 mode 0
Event: 2.518 Thread 0x00000208994d8710 DEOPT PACKING pc=0x000002082d45fb52 sp=0x000000742e6ff480
Event: 2.518 Thread 0x00000208994d8710 DEOPT UNPACKING pc=0x000002083479ace3 sp=0x000000742e6fe990 mode 0
Event: 6.071 Thread 0x00000208417dde70 Uncommon trap: trap_request=0xffffff45 fr.pc=0x0000020834d5a168 relative=0x00000000000001e8
Event: 6.071 Thread 0x00000208417dde70 Uncommon trap: reason=unstable_if action=reinterpret pc=0x0000020834d5a168 method=java.util.HashMap$HashIterator.<init>(Ljava/util/HashMap;)V @ 38 c2
Event: 6.071 Thread 0x00000208417dde70 DEOPT PACKING pc=0x0000020834d5a168 sp=0x000000742d6ff0e0
Event: 6.071 Thread 0x00000208417dde70 DEOPT UNPACKING pc=0x000002083479a1a3 sp=0x000000742d6ff088 mode 2
Event: 6.080 Thread 0x00000208417dde70 Uncommon trap: trap_request=0xffffff45 fr.pc=0x0000020834d939f0 relative=0x00000000000000f0
Event: 6.080 Thread 0x00000208417dde70 Uncommon trap: reason=unstable_if action=reinterpret pc=0x0000020834d939f0 method=com.jogamp.common.util.IntIntHashMap.put(II)I @ 21 c2
Event: 6.080 Thread 0x00000208417dde70 DEOPT PACKING pc=0x0000020834d939f0 sp=0x000000742d6fee60
Event: 6.080 Thread 0x00000208417dde70 DEOPT UNPACKING pc=0x000002083479a1a3 sp=0x000000742d6fedc8 mode 2

Classes loaded (20 events):
Event: 2.132 Loading class java/util/concurrent/Callable done
Event: 2.132 Loading class java/util/concurrent/Executors$RunnableAdapter done
Event: 2.133 Loading class java/util/concurrent/ThreadPoolExecutor$Worker
Event: 2.133 Loading class java/util/concurrent/ThreadPoolExecutor$Worker done
Event: 2.134 Loading class java/util/concurrent/locks/AbstractQueuedSynchronizer$SharedNode
Event: 2.134 Loading class java/util/concurrent/locks/AbstractQueuedSynchronizer$SharedNode done
Event: 2.260 Loading class sun/nio/cs/StreamDecoder
Event: 2.260 Loading class sun/nio/cs/StreamDecoder done
Event: 2.261 Loading class java/util/regex/Pattern$LookBehindEndNode
Event: 2.261 Loading class java/util/regex/Pattern$LookBehindEndNode done
Event: 2.262 Loading class java/util/regex/Pattern$NotBehind
Event: 2.262 Loading class java/util/regex/Pattern$NotBehind done
Event: 2.262 Loading class java/util/regex/Pattern$Neg
Event: 2.262 Loading class java/util/regex/Pattern$Neg done
Event: 2.262 Loading class java/util/regex/Pattern$Pos
Event: 2.262 Loading class java/util/regex/Pattern$Pos done
Event: 2.271 Loading class java/util/regex/Pattern$SliceS
Event: 2.271 Loading class java/util/regex/Pattern$SliceS done
Event: 6.048 Loading class java/nio/channels/ClosedChannelException
Event: 6.048 Loading class java/nio/channels/ClosedChannelException done

Classes unloaded (0 events):
No events

Classes redefined (0 events):
No events

Internal exceptions (20 events):
Event: 0.120 Thread 0x00000208256db410 Exception <a 'java/lang/NoSuchMethodError'{0x00000000c3ce58c8}: 'void java.lang.invoke.DirectMethodHandle$Holder.invokeStatic(java.lang.Object, java.lang.Object, java.lang.Object)'> (0x00000000c3ce58c8) 
thrown [s\src\hotspot\share\interpreter\linkResolver.cpp, line 759]
Event: 0.130 Thread 0x00000208256db410 Exception <a 'java/lang/ClassNotFoundException'{0x00000000c3b0d918}: sun/awt/resources/spi/awtProvider> (0x00000000c3b0d918) 
thrown [s\src\hotspot\share\classfile\systemDictionary.cpp, line 256]
Event: 0.152 Thread 0x00000208256db410 Exception <a 'java/io/FileNotFoundException'{0x00000000c3b63258}> (0x00000000c3b63258) 
thrown [s\src\hotspot\share\prims\jni.cpp, line 516]
Event: 0.160 Thread 0x00000208256db410 Exception <a 'java/io/FileNotFoundException'{0x00000000c3b906d8}> (0x00000000c3b906d8) 
thrown [s\src\hotspot\share\prims\jni.cpp, line 516]
Event: 0.201 Thread 0x00000208256db410 Exception <a 'java/lang/NoSuchMethodError'{0x00000000c3a3e218}: 'java.lang.Object java.lang.invoke.DirectMethodHandle$Holder.invokeStaticInit(java.lang.Object)'> (0x00000000c3a3e218) 
thrown [s\src\hotspot\share\interpreter\linkResolver.cpp, line 759]
Event: 0.317 Thread 0x00000208256db410 Exception <a 'java/lang/NoSuchMethodError'{0x00000000c364c1d0}: 'java.lang.Object java.lang.invoke.DirectMethodHandle$Holder.invokeStaticInit(java.lang.Object, int, int, int, int)'> (0x00000000c364c1d0) 
thrown [s\src\hotspot\share\interpreter\linkResolver.cpp, line 759]
Event: 0.369 Thread 0x00000208256db410 Exception <a 'java/lang/NoSuchMethodError'{0x00000000c3534950}: 'java.lang.Object java.lang.invoke.DirectMethodHandle$Holder.invokeStaticInit(java.lang.Object, java.lang.Object, int, int, int, int)'> (0x00000000c3534950) 
thrown [s\src\hotspot\share\interpreter\linkResolver.cpp, line 759]
Event: 0.426 Thread 0x00000208256db410 Exception <a 'java/lang/NoSuchMethodError'{0x00000000c35400a8}: 'void java.lang.invoke.DirectMethodHandle$Holder.invokeStatic(java.lang.Object, long)'> (0x00000000c35400a8) 
thrown [s\src\hotspot\share\interpreter\linkResolver.cpp, line 759]
Event: 0.427 Thread 0x00000208256db410 Exception <a 'java/lang/NoSuchMethodError'{0x00000000c3545688}: 'java.lang.Object java.lang.invoke.DirectMethodHandle$Holder.newInvokeSpecial(java.lang.Object, long)'> (0x00000000c3545688) 
thrown [s\src\hotspot\share\interpreter\linkResolver.cpp, line 759]
Event: 0.431 Thread 0x00000208256db410 Exception <a 'java/lang/NoSuchMethodError'{0x00000000c354fea0}: 'java.lang.Object java.lang.invoke.DirectMethodHandle$Holder.invokeStaticInit(java.lang.Object, java.lang.Object, long, java.lang.Object)'> (0x00000000c354fea0) 
thrown [s\src\hotspot\share\interpreter\linkResolver.cpp, line 759]
Event: 0.432 Thread 0x00000208256db410 Exception <a 'java/lang/NoSuchMethodError'{0x00000000c3556460}: 'java.lang.Object java.lang.invoke.DirectMethodHandle$Holder.newInvokeSpecial(java.lang.Object, java.lang.Object, long)'> (0x00000000c3556460) 
thrown [s\src\hotspot\share\interpreter\linkResolver.cpp, line 759]
Event: 0.433 Thread 0x00000208256db410 Exception <a 'java/lang/NoSuchMethodError'{0x00000000c3559fd0}: 'java.lang.Object java.lang.invoke.Invokers$Holder.linkToTargetMethod(java.lang.Object, long, java.lang.Object)'> (0x00000000c3559fd0) 
thrown [s\src\hotspot\share\interpreter\linkResolver.cpp, line 759]
Event: 0.609 Thread 0x00000208256db410 Exception <a 'java/lang/NoSuchMethodError'{0x00000000c34c9f58}: 'java.lang.Object java.lang.invoke.DirectMethodHandle$Holder.invokeInterface(java.lang.Object, java.lang.Object)'> (0x00000000c34c9f58) 
thrown [s\src\hotspot\share\interpreter\linkResolver.cpp, line 759]
Event: 0.610 Thread 0x00000208256db410 Exception <a 'java/lang/IncompatibleClassChangeError'{0x00000000c34cd878}: Found class java.lang.Object, but interface was expected> (0x00000000c34cd878) 
thrown [s\src\hotspot\share\interpreter\linkResolver.cpp, line 826]
Event: 2.011 Thread 0x00000208256db410 Exception <a 'java/lang/NoSuchMethodError'{0x00000000c33f27e0}: 'void java.lang.invoke.DirectMethodHandle$Holder.invokeSpecial(java.lang.Object, java.lang.Object, java.lang.Object, java.lang.Object, java.lang.Object)'> (0x00000000c33f27e0) 
thrown [s\src\hotspot\share\interpreter\linkResolver.cpp, line 759]
Event: 2.012 Thread 0x00000208256db410 Exception <a 'java/lang/NoSuchMethodError'{0x00000000c33fb7a0}: 'void java.lang.invoke.DirectMethodHandle$Holder.invokeSpecial(java.lang.Object, java.lang.Object, java.lang.Object)'> (0x00000000c33fb7a0) 
thrown [s\src\hotspot\share\interpreter\linkResolver.cpp, line 759]
Event: 2.013 Thread 0x00000208256db410 Exception <a 'java/lang/NoSuchMethodError'{0x00000000c3201d50}: 'void java.lang.invoke.DirectMethodHandle$Holder.invokeSpecial(java.lang.Object, java.lang.Object, int)'> (0x00000000c3201d50) 
thrown [s\src\hotspot\share\interpreter\linkResolver.cpp, line 759]
Event: 2.013 Thread 0x00000208256db410 Exception <a 'java/lang/NoSuchMethodError'{0x00000000c3207d68}: 'java.lang.Object java.lang.invoke.DirectMethodHandle$Holder.newInvokeSpecial(java.lang.Object, java.lang.Object, int)'> (0x00000000c3207d68) 
thrown [s\src\hotspot\share\interpreter\linkResolver.cpp, line 759]
Event: 6.047 Thread 0x00000208417dca30 Exception <a 'java/lang/InterruptedException'{0x00000000c6604ef8}> (0x00000000c6604ef8) 
thrown [s\src\hotspot\share\runtime\objectMonitor.cpp, line 1658]
Event: 6.080 Thread 0x00000208417dde70 Implicit null exception at 0x0000020834d93944 to 0x0000020834d939cc

VM Operations (20 events):
Event: 3.692 Executing VM operation: G1PauseCleanup done
Event: 4.104 Executing VM operation: G1CollectForAllocation
Event: 4.106 Executing VM operation: G1CollectForAllocation done
Event: 4.533 Executing VM operation: G1CollectForAllocation
Event: 4.534 Executing VM operation: G1CollectForAllocation done
Event: 4.541 Executing VM operation: G1PauseRemark
Event: 4.542 Executing VM operation: G1PauseRemark done
Event: 4.545 Executing VM operation: G1PauseCleanup
Event: 4.545 Executing VM operation: G1PauseCleanup done
Event: 4.969 Executing VM operation: G1CollectForAllocation
Event: 4.970 Executing VM operation: G1CollectForAllocation done
Event: 5.409 Executing VM operation: G1CollectForAllocation
Event: 5.410 Executing VM operation: G1CollectForAllocation done
Event: 5.418 Executing VM operation: G1PauseRemark
Event: 5.419 Executing VM operation: G1PauseRemark done
Event: 5.422 Executing VM operation: G1PauseCleanup
Event: 5.422 Executing VM operation: G1PauseCleanup done
Event: 5.845 Executing VM operation: G1CollectForAllocation
Event: 5.847 Executing VM operation: G1CollectForAllocation done
Event: 6.150 Executing VM operation: Exit

Memory protections (0 events):
No events

Nmethod flushes (0 events):
No events

Events (20 events):
Event: 2.134 Thread 0x00000208417dcf40 Thread added: 0x00000208994dd300
Event: 2.134 Thread 0x00000208417dcf40 Thread added: 0x00000208994de740
Event: 2.135 Thread 0x000002084153d0b0 Thread added: 0x00000208995e14a0
Event: 2.476 Thread 0x00000208995e14a0 Thread exited: 0x00000208995e14a0
Event: 2.660 Thread 0x0000020888f095f0 Thread exited: 0x0000020888f095f0
Event: 6.047 Thread 0x00000208417dcf40 Thread added: 0x00000208994df160
Event: 6.047 Thread 0x00000208417dcf40 Thread added: 0x00000208994dbec0
Event: 6.047 Thread 0x00000208417dcf40 Thread added: 0x00000208994dec50
Event: 6.047 Thread 0x00000208417dca30 Thread exited: 0x00000208417dca30
Event: 6.048 Thread 0x00000208417de380 Thread added: 0x00000208994dc3d0
Event: 6.048 Thread 0x00000208994dec50 Thread exited: 0x00000208994dec50
Event: 6.049 Thread 0x00000208417df2b0 Thread exited: 0x00000208417df2b0
Event: 6.050 Thread 0x00000208417de380 Thread exited: 0x00000208417de380
Event: 6.081 Thread 0x00000208417dde70 Thread exited: 0x00000208417dde70
Event: 6.086 Thread 0x00000208994df160 Thread exited: 0x00000208994df160
Event: 6.150 Thread 0x00000208994dbec0 Thread exited: 0x00000208994dbec0
Event: 6.150 Thread 0x00000208417dcf40 Before exit entered
Event: 6.150 Thread 0x0000020841536110 Thread exited: 0x0000020841536110
Event: 6.150 Thread 0x00000208417db830 Thread exited: 0x00000208417db830
Event: 6.150 Thread 0x00000208417c60a0 Thread exited: 0x00000208417c60a0


Dynamic libraries:
0x00007ff705240000 - 0x00007ff70524e000 	C:\Program Files\Processing\app\resources\jdk-17.0.14+7\bin\java.exe
0x00007ffe8d7a0000 - 0x00007ffe8da07000 	C:\WINDOWS\SYSTEM32\ntdll.dll
0x00007ffe8bad0000 - 0x00007ffe8bb99000 	C:\WINDOWS\System32\KERNEL32.DLL
0x00007ffe8afe0000 - 0x00007ffe8b3d7000 	C:\WINDOWS\System32\KERNELBASE.dll
0x00007ffe8ac60000 - 0x00007ffe8adab000 	C:\WINDOWS\System32\ucrtbase.dll
0x00007ffe879c0000 - 0x00007ffe879de000 	C:\Program Files\Processing\app\resources\jdk-17.0.14+7\bin\VCRUNTIME140.dll
0x00007ffe878f0000 - 0x00007ffe87907000 	C:\Program Files\Processing\app\resources\jdk-17.0.14+7\bin\jli.dll
0x00007ffe8b720000 - 0x00007ffe8b8e6000 	C:\WINDOWS\System32\USER32.dll
0x00007ffe73250000 - 0x00007ffe734e2000 	C:\WINDOWS\WinSxS\amd64_microsoft.windows.common-controls_6595b64144ccf1df_6.0.26100.8457_none_3e0b2faee331e92d\COMCTL32.dll
0x00007ffe8a290000 - 0x00007ffe8a2b7000 	C:\WINDOWS\System32\win32u.dll
0x00007ffe8b960000 - 0x00007ffe8ba09000 	C:\WINDOWS\System32\msvcrt.dll
0x00007ffe8d080000 - 0x00007ffe8d0ab000 	C:\WINDOWS\System32\GDI32.dll
0x00007ffe8a2c0000 - 0x00007ffe8a3ec000 	C:\WINDOWS\System32\gdi32full.dll
0x00007ffe8b470000 - 0x00007ffe8b513000 	C:\WINDOWS\System32\msvcp_win.dll
0x00007ffe8d720000 - 0x00007ffe8d752000 	C:\WINDOWS\System32\IMM32.DLL
0x00007ffe85b30000 - 0x00007ffe85b3c000 	C:\Program Files\Processing\app\resources\jdk-17.0.14+7\bin\vcruntime140_1.dll
0x00007ffe7bef0000 - 0x00007ffe7bf7d000 	C:\Program Files\Processing\app\resources\jdk-17.0.14+7\bin\msvcp140.dll
0x00007ffdf50b0000 - 0x00007ffdf5d1b000 	C:\Program Files\Processing\app\resources\jdk-17.0.14+7\bin\server\jvm.dll
0x00007ffe8ba10000 - 0x00007ffe8bac6000 	C:\WINDOWS\System32\ADVAPI32.dll
0x00007ffe8d0f0000 - 0x00007ffe8d197000 	C:\WINDOWS\System32\sechost.dll
0x00007ffe8b520000 - 0x00007ffe8b638000 	C:\WINDOWS\System32\RPCRT4.dll
0x00007ffe8b640000 - 0x00007ffe8b6c0000 	C:\WINDOWS\System32\WS2_32.dll
0x00007ffe8a030000 - 0x00007ffe8a08e000 	C:\WINDOWS\SYSTEM32\POWRPROF.dll
0x00007ffe73640000 - 0x00007ffe73676000 	C:\WINDOWS\SYSTEM32\WINMM.dll
0x00007ffe810b0000 - 0x00007ffe810bb000 	C:\WINDOWS\SYSTEM32\VERSION.dll
0x00007ffe8a010000 - 0x00007ffe8a024000 	C:\WINDOWS\SYSTEM32\UMPDC.dll
0x00007ffe88f60000 - 0x00007ffe88f7b000 	C:\WINDOWS\SYSTEM32\kernel.appcore.dll
0x00007ffe85b20000 - 0x00007ffe85b2a000 	C:\Program Files\Processing\app\resources\jdk-17.0.14+7\bin\jimage.dll
0x00007ffe74060000 - 0x00007ffe742a2000 	C:\WINDOWS\SYSTEM32\DBGHELP.DLL
0x00007ffe8d390000 - 0x00007ffe8d713000 	C:\WINDOWS\System32\combase.dll
0x00007ffe8c8d0000 - 0x00007ffe8c9a9000 	C:\WINDOWS\System32\OLEAUT32.dll
0x00007ffe7b860000 - 0x00007ffe7b89b000 	C:\WINDOWS\SYSTEM32\dbgcore.DLL
0x00007ffe8adb0000 - 0x00007ffe8ae58000 	C:\WINDOWS\System32\bcryptPrimitives.dll
0x00007ffe85ae0000 - 0x00007ffe85b1b000 	C:\Program Files\Processing\app\resources\jdk-17.0.14+7\bin\jdwp.dll
0x00007ffe7c0a0000 - 0x00007ffe7c0c5000 	C:\Program Files\Processing\app\resources\jdk-17.0.14+7\bin\java.dll
0x00007ffe6d830000 - 0x00007ffe6d907000 	C:\Program Files\Processing\app\resources\jdk-17.0.14+7\bin\jsvml.dll
0x00007ffe8bca0000 - 0x00007ffe8c40e000 	C:\WINDOWS\System32\SHELL32.dll
0x00007ffe8a3f0000 - 0x00007ffe8ac5c000 	C:\WINDOWS\System32\windows.storage.dll
0x00007ffe8bba0000 - 0x00007ffe8bc96000 	C:\WINDOWS\System32\SHCORE.dll
0x00007ffe8b8f0000 - 0x00007ffe8b956000 	C:\WINDOWS\System32\shlwapi.dll
0x00007ffe8a0f0000 - 0x00007ffe8a119000 	C:\WINDOWS\SYSTEM32\profapi.dll
0x00007ffe85ad0000 - 0x00007ffe85adc000 	C:\Program Files\Processing\app\resources\jdk-17.0.14+7\bin\dt_socket.dll
0x00007ffe889a0000 - 0x00007ffe889d2000 	C:\WINDOWS\SYSTEM32\IPHLPAPI.DLL
0x00007ffe894d0000 - 0x00007ffe8953c000 	C:\WINDOWS\system32\mswsock.dll
0x00007ffe85a90000 - 0x00007ffe85aa9000 	C:\Program Files\Processing\app\resources\jdk-17.0.14+7\bin\net.dll
0x00007ffe843f0000 - 0x00007ffe84519000 	C:\WINDOWS\SYSTEM32\WINHTTP.dll
0x00007ffe85860000 - 0x00007ffe85876000 	C:\Program Files\Processing\app\resources\jdk-17.0.14+7\bin\nio.dll
0x00007ffe80870000 - 0x00007ffe80888000 	C:\Program Files\Processing\app\resources\jdk-17.0.14+7\bin\zip.dll
0x00007ffe5ee50000 - 0x00007ffe5efe0000 	C:\Program Files\Processing\app\resources\jdk-17.0.14+7\bin\awt.dll
0x00007ffe87a00000 - 0x00007ffe87aa0000 	C:\WINDOWS\SYSTEM32\apphelp.dll
0x00007ffe87d80000 - 0x00007ffe87e2a000 	C:\WINDOWS\system32\uxtheme.dll
0x00007ffe8d1a0000 - 0x00007ffe8d2fc000 	C:\WINDOWS\System32\MSCTF.dll
0x00007ffe8c430000 - 0x00007ffe8c5c7000 	C:\WINDOWS\System32\ole32.dll
0x00007ffe87f20000 - 0x00007ffe87f4f000 	C:\WINDOWS\system32\DWMAPI.DLL
0x00007ffe40100000 - 0x00007ffe4020f000 	C:\WINDOWS\system32\opengl32.dll
0x00007ffe429d0000 - 0x00007ffe429fd000 	C:\WINDOWS\SYSTEM32\GLU32.dll
0x00007ffe87eb0000 - 0x00007ffe87ef5000 	C:\WINDOWS\SYSTEM32\dxcore.dll
0x00007ffe897b0000 - 0x00007ffe897cb000 	C:\WINDOWS\SYSTEM32\CRYPTSP.dll
0x00007ffe88ec0000 - 0x00007ffe88ef9000 	C:\WINDOWS\system32\rsaenh.dll
0x00007ffe89580000 - 0x00007ffe895b3000 	C:\WINDOWS\SYSTEM32\USERENV.dll
0x00007ffe8a0c0000 - 0x00007ffe8a0ea000 	C:\WINDOWS\SYSTEM32\bcrypt.dll
0x00007ffe897d0000 - 0x00007ffe897dc000 	C:\WINDOWS\SYSTEM32\CRYPTBASE.dll
0x00007ffe8c8c0000 - 0x00007ffe8c8ca000 	C:\WINDOWS\System32\NSI.dll
0x00007ffe84550000 - 0x00007ffe8456d000 	C:\WINDOWS\SYSTEM32\dhcpcsvc6.DLL
0x00007ffe84520000 - 0x00007ffe84545000 	C:\WINDOWS\SYSTEM32\dhcpcsvc.DLL
0x00007ffe88a40000 - 0x00007ffe88b72000 	C:\WINDOWS\SYSTEM32\DNSAPI.dll
0x00007ffe7cf50000 - 0x00007ffe7cf63000 	C:\Users\danil\AppData\Local\Temp\jogamp_0000\file_cache\jln12726445876931410133\jln4818442091823618082\natives\windows-amd64\gluegen_rt.dll
0x00007ffe7c090000 - 0x00007ffe7c097000 	C:\Program Files\Processing\app\resources\jdk-17.0.14+7\bin\jawt.dll
0x00007ffe7bea0000 - 0x00007ffe7bead000 	C:\Users\danil\AppData\Local\Temp\jogamp_0000\file_cache\jln12726445876931410133\jln4818442091823618082\natives\windows-amd64\nativewindow_awt.dll
0x00007ffe7bed0000 - 0x00007ffe7bee5000 	C:\Users\danil\AppData\Local\Temp\jogamp_0000\file_cache\jln12726445876931410133\jln4818442091823618082\natives\windows-amd64\nativewindow_win32.dll
0x00007ffe63cf0000 - 0x00007ffe63d73000 	C:\Users\danil\AppData\Local\Temp\jogamp_0000\file_cache\jln12726445876931410133\jln4818442091823618082\natives\windows-amd64\jogl_desktop.dll
0x00007ffe7be40000 - 0x00007ffe7be92000 	C:\Users\danil\AppData\Local\Temp\jogamp_0000\file_cache\jln12726445876931410133\jln4818442091823618082\natives\windows-amd64\jogl_mobile.dll
0x00007ffe841f0000 - 0x00007ffe84251000 	C:\WINDOWS\SYSTEM32\directxdatabasehelper.dll
0x00007ffe7b700000 - 0x00007ffe7b71d000 	C:\WINDOWS\SYSTEM32\windows.staterepositorycore.dll
0x00007ffdf33d0000 - 0x00007ffdf43a3000 	C:\WINDOWS\System32\DriverStore\FileRepository\iigd_dch.inf_amd64_225f37aa3862fc3f\igxelpicd64.dll
0x00007ffe87bd0000 - 0x00007ffe87d0e000 	C:\WINDOWS\system32\dxgi.dll
0x00007ffe59810000 - 0x00007ffe59c97000 	C:\WINDOWS\System32\DriverStore\FileRepository\iigd_dch.inf_amd64_225f37aa3862fc3f\igdml64.dll
0x00007ffe89d40000 - 0x00007ffe89d91000 	C:\WINDOWS\SYSTEM32\cfgmgr32.dll
0x00007ffe80b00000 - 0x00007ffe80ec1000 	C:\WINDOWS\System32\DriverStore\FileRepository\iigd_dch.inf_amd64_225f37aa3862fc3f\igdgmm64.dll
0x00007ffe7d5d0000 - 0x00007ffe807d6000 	C:\WINDOWS\System32\DriverStore\FileRepository\iigd_dch.inf_amd64_225f37aa3862fc3f\igc64.dll
0x00007ffe7beb0000 - 0x00007ffe7bec9000 	C:\Users\danil\AppData\Local\Temp\jogamp_0000\file_cache\jln12726445876931410133\jln4818442091823618082\natives\windows-amd64\newt_head.dll
0x00007ffe5e8e0000 - 0x00007ffe5e99f000 	C:\WINDOWS\SYSTEM32\mscms.dll
0x00007ffe1cd10000 - 0x00007ffe1cd59000 	C:\WINDOWS\SYSTEM32\icm32.dll
0x00007ffe8cbf0000 - 0x00007ffe8d077000 	C:\WINDOWS\System32\setupapi.dll
0x00007ffe89d10000 - 0x00007ffe89d3d000 	C:\WINDOWS\SYSTEM32\DEVOBJ.dll
0x00007ffe8b3e0000 - 0x00007ffe8b462000 	C:\WINDOWS\System32\WINTRUST.dll
0x00007ffe8ae60000 - 0x00007ffe8afd8000 	C:\WINDOWS\System32\CRYPT32.dll
0x00007ffe898e0000 - 0x00007ffe898f3000 	C:\WINDOWS\SYSTEM32\MSASN1.dll
0x00007ffe580f0000 - 0x00007ffe58236000 	C:\WINDOWS\SYSTEM32\textinputframework.dll
0x00007ffe87560000 - 0x00007ffe87687000 	C:\WINDOWS\SYSTEM32\CoreMessaging.dll
0x00007ffe83270000 - 0x00007ffe83552000 	C:\WINDOWS\SYSTEM32\CoreUIComponents.dll
0x00007ffe84e00000 - 0x00007ffe84f6a000 	C:\WINDOWS\SYSTEM32\wintypes.dll

dbghelp: loaded successfully - version: 4.0.5 - missing functions: none
symbol engine: initialized successfully - sym options: 0x614 - pdb path: .;C:\Program Files\Processing\app\resources\jdk-17.0.14+7\bin;C:\WINDOWS\SYSTEM32;C:\WINDOWS\WinSxS\amd64_microsoft.windows.common-controls_6595b64144ccf1df_6.0.26100.8457_none_3e0b2faee331e92d;C:\Program Files\Processing\app\resources\jdk-17.0.14+7\bin\server;C:\Users\danil\AppData\Local\Temp\jogamp_0000\file_cache\jln12726445876931410133\jln4818442091823618082\natives\windows-amd64;C:\WINDOWS\System32\DriverStore\FileRepository\iigd_dch.inf_amd64_225f37aa3862fc3f

VM Arguments:
jvm_args: -agentlib:jdwp=transport=dt_socket,address=8179,server=y,suspend=y,quiet=y -Xms64m -Xmx1024m -Djna.nosys=true -Djava.library.path=;C:\Program Files\Processing\app\resources\core\library;C:\Program Files\Processing;C:\WINDOWS\system32;C:\WINDOWS;C:\Program Files\PlasticSCM5\server;C:\Program Files\PlasticSCM5\client;C:\Program Files\Common Files\Oracle\Java\javapath;C:\Program Files (x86)\Common Files\Oracle\Java\javapath;C:\Windows\System32\HWAudioDriverLibs;C:\Windows\system32;C:\Windows;C:\Windows\System32\Wbem;C:\Windows\System32\WindowsPowerShell\v1.0;C:\Windows\System32\OpenSSH;C:\Program Files\Microsoft SQL Server\150\Tools\Binn;C:\Program Files\Microsoft SQL Server\Client SDK\ODBC\170\Tools\Binn;C:\Program Files\dotnet;D:\Windows Kits\10\Windows Performance Toolkit;C:\Program Files\Java\jdk-23\bin;C:\WINDOWS\system32;C:\WINDOWS;C:\WINDOWS\System32\Wbem;C:\WINDOWS\System32\WindowsPowerShell\v1.0;C:\WINDOWS\System32\OpenSSH;C:\Program Files\nodejs;C:\Program Files\Docker\Docker\resources\bin;C:\Program Files\TortoiseGit\bin;C:\Program Files\Git\cmd;C:\Users\danil\AppData\Local\Programs\Python\Python312\Scripts;C:\Users\danil\AppData\Local\Programs\Python\Python312;C:\Users\danil\AppData\Local\Microsoft\WindowsApps;C:\Users\danil\AppData\Local\Programs\Microsoft VS Code\bin;C:\Users\danil\AppData\Roaming\npm;D:\DataBase\18\bin;C:\Program Files\Processing\app;. -ea 
java_command: processing.core.PApplet --editor-location=-7,-7 --external --display=1 --sketch-path=C:\Users\danil\Desktop\Gravity_simul Gravity_simul
java_class_path (initial): C:\Users\danil\AppData\Local\Temp\processing\Gravity_simul2261774719047739785temp;C:\Program Files\Processing\app\resources\core\library\annotations-13.0.jar;C:\Program Files\Processing\app\resources\core\library\antlr-2.7.7.jar;C:\Program Files\Processing\app\resources\core\library\core-4.4.1.jar;C:\Program Files\Processing\app\resources\core\library\gluegen-rt-2.5.0-natives-android-aarch64.jar;C:\Program Files\Processing\app\resources\core\library\gluegen-rt-2.5.0-natives-linux-aarch64.jar;C:\Program Files\Processing\app\resources\core\library\gluegen-rt-2.5.0-natives-linux-amd64.jar;C:\Program Files\Processing\app\resources\core\library\gluegen-rt-2.5.0-natives-linux-armv6hf.jar;C:\Program Files\Processing\app\resources\core\library\gluegen-rt-2.5.0-natives-macosx-universal.jar;C:\Program Files\Processing\app\resources\core\library\gluegen-rt-2.5.0-natives-windows-amd64.jar;C:\Program Files\Processing\app\resources\core\library\gluegen-rt-2.5.0.jar;C:\Program Files\Processing\app\resources\core\library\gluegen-rt-main-2.5.0.jar;C:\Program Files\Processing\app\resources\core\library\jogl-all-2.5.0-natives-android-aarch64.jar;C:\Program Files\Processing\app\resources\core\library\jogl-all-2.5.0-natives-linux-aarch64.jar;C:\Program Files\Processing\app\resources\core\library\jogl-all-2.5.0-natives-linux-amd64.jar;C:\Program Files\Processing\app\resources\core\library\jogl-all-2.5.0-natives-linux-armv6hf.jar;C:\Program Files\Processing\app\resources\core\library\jogl-all-2.5.0-natives-macosx-universal.jar;C:\Program Files\Processing\app\resources\core\library\jogl-all-2.5.0-natives-windows-amd64.jar;C:\Program Files\Processing\app\resources\core\library\jogl-all-2.5.0.jar;C:\Program Files\Processing\app\resources\core\library\jogl-all-main-2.5.0.jar;C:\Program Files\Processing\app\resources\core\library\kotlin-stdlib-2.0.20.jar
Launcher Type: SUN_STANDARD

[Global flags]
     intx CICompilerCount                          = 4                                         {product} {ergonomic}
     uint ConcGCThreads                            = 2                                         {product} {ergonomic}
     uint G1ConcRefinementThreads                  = 8                                         {product} {ergonomic}
   size_t G1HeapRegionSize                         = 1048576                                   {product} {ergonomic}
    uintx GCDrainStackTargetSize                   = 64                                        {product} {ergonomic}
   size_t InitialHeapSize                          = 67108864                                  {product} {command line}
   size_t MarkStackSize                            = 4194304                                   {product} {ergonomic}
   size_t MaxHeapSize                              = 1073741824                                {product} {command line}
   size_t MaxNewSize                               = 643825664                                 {product} {ergonomic}
   size_t MinHeapDeltaBytes                        = 1048576                                   {product} {ergonomic}
   size_t MinHeapSize                              = 67108864                                  {product} {command line}
    uintx NonNMethodCodeHeapSize                   = 5839372                                {pd product} {ergonomic}
    uintx NonProfiledCodeHeapSize                  = 122909434                              {pd product} {ergonomic}
    uintx ProfiledCodeHeapSize                     = 122909434                              {pd product} {ergonomic}
    uintx ReservedCodeCacheSize                    = 251658240                              {pd product} {ergonomic}
     bool SegmentedCodeCache                       = true                                      {product} {ergonomic}
   size_t SoftMaxHeapSize                          = 1073741824                             {manageable} {ergonomic}
     bool UseCompressedClassPointers               = true                           {product lp64_product} {ergonomic}
     bool UseCompressedOops                        = true                           {product lp64_product} {ergonomic}
     bool UseG1GC                                  = true                                      {product} {ergonomic}
     bool UseLargePagesIndividualAllocation        = false                                  {pd product} {ergonomic}

Logging:
Log output configuration:
 #0: stdout all=off uptime,level,tags
 #1: stderr all=off uptime,level,tags

Environment Variables:
JAVA_HOME=C:\Program Files\Java\jdk-23
PATH=C:\Program Files\PlasticSCM5\server;C:\Program Files\PlasticSCM5\client;C:\Program Files\Common Files\Oracle\Java\javapath;C:\Program Files (x86)\Common Files\Oracle\Java\javapath;C:\Windows\System32\HWAudioDriverLibs;C:\Windows\system32;C:\Windows;C:\Windows\System32\Wbem;C:\Windows\System32\WindowsPowerShell\v1.0\;C:\Windows\System32\OpenSSH\;C:\Users\Administrator\AppData\Local\Microsoft\WindowsApps;C:\Program Files\Microsoft SQL Server\150\Tools\Binn\;C:\Program Files\Microsoft SQL Server\Client SDK\ODBC\170\Tools\Binn\;C:\Program Files\dotnet\;D:\Windows Kits\10\Windows Performance Toolkit\;C:\Program Files\Java\jdk-23\bin;C:\WINDOWS\system32;C:\WINDOWS;C:\WINDOWS\System32\Wbem;C:\WINDOWS\System32\WindowsPowerShell\v1.0\;C:\WINDOWS\System32\OpenSSH\;C:\Program Files\nodejs\;C:\Program Files\Docker\Docker\resources\bin;C:\Program Files\TortoiseGit\bin;C:\Program Files\Git\cmd;C:\Users\danil\AppData\Local\Programs\Python\Python312\Scripts\;C:\Users\danil\AppData\Local\Programs\Python\Python312\;C:\Users\danil\AppData\Local\Microsoft\WindowsApps;C:\Users\danil\.dotnet\tools;C:\Users\danil\AppData\Local\Programs\Microsoft VS Code\bin;C:\Users\danil\AppData\Roaming\npm;D:\DataBase\18\bin;C:\Program Files\Processing\app
USERNAME=danil
OS=Windows_NT
PROCESSOR_IDENTIFIER=Intel64 Family 6 Model 140 Stepping 2, GenuineIntel
TMP=C:\Users\danil\AppData\Local\Temp
TEMP=C:\Users\danil\AppData\Local\Temp



Periodic native trim disabled


---------------  S Y S T E M  ---------------

OS:
 Windows 11 , 64 bit Build 26100 (10.0.26100.8328)
OS uptime: 0 days 0:55 hours
Hyper-V role detected

CPU: total 8 (initial active 8) (4 cores per cpu, 2 threads per core) family 6 model 140 stepping 2 microcode 0x16, cx8, cmov, fxsr, ht, mmx, 3dnowpref, sse, sse2, sse3, ssse3, sse4.1, sse4.2, popcnt, lzcnt, tsc, tscinvbit, avx, avx2, aes, erms, clmul, bmi1, bmi2, adx, avx512f, avx512dq, avx512cd, avx512bw, avx512vl, sha, fma, vzeroupper, avx512_vpopcntdq, avx512_vpclmulqdq, avx512_vaes, avx512_vnni, clflush, clflushopt, clwb, avx512_vbmi2, avx512_vbmi, hv
Processor Information for processor 0
  Max Mhz: 2496, Current Mhz: 998, Mhz Limit: 2496
Processor Information for processor 1
  Max Mhz: 2496, Current Mhz: 998, Mhz Limit: 2496
Processor Information for processor 2
  Max Mhz: 2496, Current Mhz: 2496, Mhz Limit: 2496
Processor Information for processor 3
  Max Mhz: 2496, Current Mhz: 998, Mhz Limit: 2496
Processor Information for processor 4
  Max Mhz: 2496, Current Mhz: 998, Mhz Limit: 2496
Processor Information for processor 5
  Max Mhz: 2496, Current Mhz: 2496, Mhz Limit: 2496
Processor Information for processor 6
  Max Mhz: 2496, Current Mhz: 998, Mhz Limit: 2496
Processor Information for processor 7
  Max Mhz: 2496, Current Mhz: 2496, Mhz Limit: 2496

Memory: 4k page, system-wide physical 7975M (1887M free)
TotalPageFile size 17703M (AvailPageFile size 8654M)
current process WorkingSet (physical memory assigned to process): 453M, peak: 459M
current process commit charge ("private bytes"): 444M, peak: 449M

vm_info: OpenJDK 64-Bit Server VM (17.0.14+7) for windows-amd64 JRE (17.0.14+7), built on Jan 21 2025 23:40:15 by "admin" with MS VC++ 17.7 (VS2022)

END.
