#
# A fatal error has been detected by the Java Runtime Environment:
#
#  EXCEPTION_ACCESS_VIOLATION (0xc0000005) at pc=0x00007ff9af9cb386, pid=42892, tid=15736
#
# JRE version: OpenJDK Runtime Environment Temurin-17.0.14+7 (17.0.14+7) (build 17.0.14+7)
# Java VM: OpenJDK 64-Bit Server VM Temurin-17.0.14+7 (17.0.14+7, mixed mode, sharing, tiered, compressed oops, compressed class ptrs, g1 gc, windows-amd64)
# Problematic frame:
# C  [igxelpicd64.dll+0x23b386]
#
# No core dump will be written. Minidumps are not enabled by default on client versions of Windows
#
# If you would like to submit a bug report, please visit:
#   https://github.com/adoptium/adoptium-support/issues
#

---------------  S U M M A R Y ------------

Command Line: -agentlib:jdwp=transport=dt_socket,address=8100,server=y,suspend=y,quiet=y -Xms64m -Xmx1024m -Djna.nosys=true -Djava.library.path=;C:\Program Files\Processing\app\resources\core\library;C:\Program Files\Processing;C:\WINDOWS\system32;C:\WINDOWS;C:\Program Files\PlasticSCM5\server;C:\Program Files\PlasticSCM5\client;C:\Program Files\Common Files\Oracle\Java\javapath;C:\Program Files (x86)\Common Files\Oracle\Java\javapath;C:\Windows\System32\HWAudioDriverLibs;C:\Windows\system32;C:\Windows;C:\Windows\System32\Wbem;C:\Windows\System32\WindowsPowerShell\v1.0;C:\Windows\System32\OpenSSH;C:\Program Files\Microsoft SQL Server\150\Tools\Binn;C:\Program Files\Microsoft SQL Server\Client SDK\ODBC\170\Tools\Binn;C:\Program Files\dotnet;D:\Windows Kits\10\Windows Performance Toolkit;C:\Program Files\Java\jdk-23\bin;C:\WINDOWS\system32;C:\WINDOWS;C:\WINDOWS\System32\Wbem;C:\WINDOWS\System32\WindowsPowerShell\v1.0;C:\WINDOWS\System32\OpenSSH;C:\Program Files\nodejs;C:\Program Files\Docker\Docker\resources\bin;C:\Program Files\TortoiseGit\bin;C:\Program Files\Git\cmd;C:\Users\danil\AppData\Local\Programs\Python\Python312\Scripts;C:\Users\danil\AppData\Local\Programs\Python\Python312;C:\Users\danil\AppData\Local\Microsoft\WindowsApps;C:\Users\danil\AppData\Local\Programs\Microsoft VS Code\bin;C:\Users\danil\AppData\Roaming\npm;D:\DataBase\18\bin;C:\Program Files\Processing\app;. -ea processing.core.PApplet --editor-location=-7,-7 --external --display=1 --sketch-path=C:\Users\danil\Desktop\Gravity_simul Gravity_simul

Host: 11th Gen Intel(R) Core(TM) i5-1155G7 @ 2.50GHz, 8 cores, 7G,  Windows 11 , 64 bit Build 26100 (10.0.26100.8328)
Time: Sun Jun 28 00:00:17 2026 RTZ 3 (s 11 , 64 bit Build 26100 (10.0.26100.8328) elapsed time: 7.290308 seconds (0d 0h 0m 7s)

---------------  T H R E A D  ---------------

Current thread (0x0000018f0f6d0db0):  VMThread "VM Thread" [stack: 0x0000000e48100000,0x0000000e48200000] [id=15736]

Stack: [0x0000000e48100000,0x0000000e48200000],  sp=0x0000000e481fe550,  free space=1017k
Native frames: (J=compiled Java code, j=interpreted, Vv=VM code, C=native code)
C  [igxelpicd64.dll+0x23b386]


siginfo: EXCEPTION_ACCESS_VIOLATION (0xc0000005), reading address 0x0000000000035468


Registers:
RAX=0x0000018f64af1090, RBX=0x0000018f55664e60, RCX=0x0000000000000004, RDX=0x0000000000000000
RSP=0x0000000e481fe550, RBP=0x0000000000000000, RSI=0x0000018f64af0e90, RDI=0x0000018f550b9060
R8 =0x0000018f64af0f90, R9 =0x0000000e476be000, R10=0x0000000000000000, R11=0x0000000000000246
R12=0x0000018f64af0e90, R13=0x0000000000000000, R14=0x0000018f64af13d8, R15=0x0000018f64aecea0
RIP=0x00007ff9af9cb386, EFLAGS=0x0000000000010206


Register to memory mapping:

RIP=0x00007ff9af9cb386 igxelpicd64.dll
RAX=0x0000018f64af1090 points into unknown readable memory: 0x0000000000051056 | 56 10 05 00 00 00 00 00
RBX=0x0000018f55664e60 points into unknown readable memory: 0xffffffffffffffff | ff ff ff ff ff ff ff ff
RCX=0x0000000000000004 is an unknown value
RDX=0x0 is NULL
RSP=0x0000000e481fe550 points into unknown readable memory: 0x0000018f55664e60 | 60 4e 66 55 8f 01 00 00
RBP=0x0 is NULL
RSI=0x0000018f64af0e90 points into unknown readable memory: 0x0000018f556c4d10 | 10 4d 6c 55 8f 01 00 00
RDI=0x0000018f550b9060 points into unknown readable memory: 0x00007ffa7d6f1500 | 00 15 6f 7d fa 7f 00 00
R8 =0x0000018f64af0f90 points into unknown readable memory: 0x0000000000000000 | 00 00 00 00 00 00 00 00
R9 =0x0000000e476be000 points into unknown readable memory: 0x0000000000000000 | 00 00 00 00 00 00 00 00
R10=0x0 is NULL
R11=0x0000000000000246 is an unknown value
R12=0x0000018f64af0e90 points into unknown readable memory: 0x0000018f556c4d10 | 10 4d 6c 55 8f 01 00 00
R13=0x0 is NULL
R14=0x0000018f64af13d8 points into unknown readable memory: 0x0000018f64aecea0 | a0 ce ae 64 8f 01 00 00
R15=0x0000018f64aecea0 points into unknown readable memory: 0x0000018f556c4d10 | 10 4d 6c 55 8f 01 00 00


Top of Stack: (sp=0x0000000e481fe550)
0x0000000e481fe550:   0000018f55664e60 00007ff9af800ab4
0x0000000e481fe560:   0000000000000000 0000018f57c0fce0
0x0000000e481fe570:   0000001600000000 0000000000000000
0x0000000e481fe580:   0000018f00000000 0000018f57c0bec0
0x0000000e481fe590:   0000018f55664e60 0000018f57bcf940
0x0000000e481fe5a0:   0000018f5a0e0504 0000018f59fe5000
0x0000000e481fe5b0:   02db39a602a81c00 0000018f57c102e0
0x0000000e481fe5c0:   00b3e9a603a7cba6 00007000196fe000
0x0000000e481fe5d0:   0326f4a70133c2a7 031e5ea90399e2a8
0x0000000e481fe5e0:   036a28aa00000000 035b9aaa02fe53aa
0x0000000e481fe5f0:   022dceaa02eccdaa 02fe53ab02bf12ab
0x0000000e481fe600:   02b97dab02e266ab 036fedab021f82ab
0x0000000e481fe610:   03990eac01e702ac 02c01eac039d16ac
0x0000000e481fe620:   0000000000000000 0000000000000000
0x0000000e481fe630:   0366020000000000 00007ffa7dbc5b54
0x0000000e481fe640:   0000000000000000 0000000000000000
0x0000000e481fe650:   0000000e481fe7f0 00007ffa7be21259
0x0000000e481fe660:   0000000e481fe6e8 0000000000000000
0x0000000e481fe670:   0000000000000054 0000000000000000
0x0000000e481fe680:   0000000000000000 00007ffa7dbc5cc4
0x0000000e481fe690:   000000007a000004 005273b3035461b3
0x0000000e481fe6a0:   00000dfbc3e0b617 001040007a000004
0x0000000e481fe6b0:   0000018f57c04578 0000000000051462
0x0000000e481fe6c0:   0000000000000000 0000000000000016
0x0000000e481fe6d0:   0000000000000000 0000000000000000
0x0000000e481fe6e0:   0000000e481fe7f0 00007ff9af9f82ae
0x0000000e481fe6f0:   0000018f550b9060 0000000000000000
0x0000000e481fe700:   0000018f550b9060 000010027a000004
0x0000000e481fe710:   0000000e000009e8 0000740400680000
0x0000000e481fe720:   0000000000000000 033838be036430be
0x0000000e481fe730:   0000000000000000 000010027a000004
0x0000000e481fe740:   038ec2bf02f831bf 0000000000000000 

Instructions: (pc=0x00007ff9af9cb386)
0x00007ff9af9cb286:   00 90 4c 8b bf 80 02 00 00 48 8b 05 9a 85 bd 00
0x00007ff9af9cb296:   8b 80 c8 0a 00 00 89 44 24 24 c6 44 24 20 00 48
0x00007ff9af9cb2a6:   c7 87 80 02 00 00 00 00 00 00 c7 87 88 02 00 00
0x00007ff9af9cb2b6:   00 00 00 00 48 c7 87 a0 02 00 00 00 00 00 00 48
0x00007ff9af9cb2c6:   c7 87 90 02 00 00 00 00 00 00 48 85 ed 75 3d 8b
0x00007ff9af9cb2d6:   35 0d 77 cd 00 65 48 8b 04 25 58 00 00 00 b9 14
0x00007ff9af9cb2e6:   00 00 00 48 8b 04 f0 40 38 2c 01 0f 84 c9 e7 75
0x00007ff9af9cb2f6:   00 65 48 8b 04 25 58 00 00 00 bd 20 00 00 00 48
0x00007ff9af9cb306:   8b 04 f0 48 8b 2c 28 48 89 6c 24 28 48 3b 2d 07
0x00007ff9af9cb316:   9b cd 00 0f 84 9b 10 00 00 4d 85 ff 0f 84 3a 01
0x00007ff9af9cb326:   00 00 0f 1f 84 00 00 00 00 00 49 8b f7 4d 8b e7
0x00007ff9af9cb336:   4d 8d b7 48 05 00 00 4d 8b 3e 45 84 ed 0f 85 d9
0x00007ff9af9cb346:   0e 00 00 8b 8f d0 01 00 00 48 8b 05 da 84 bd 00
0x00007ff9af9cb356:   83 b8 64 03 00 00 02 75 34 4d 8d 84 24 00 01 00
0x00007ff9af9cb366:   00 83 f9 10 0f 83 3a 01 00 00 8b c1 48 c1 e0 06
0x00007ff9af9cb376:   49 03 c0 48 85 c0 0f 84 9b 01 00 00 48 8b 50 08
0x00007ff9af9cb386:   48 3b 95 68 54 03 00 0f 87 b6 0e 00 00 48 83 be
0x00007ff9af9cb396:   c0 05 00 00 00 0f 85 50 e7 75 00 44 8b 8f d0 01
0x00007ff9af9cb3a6:   00 00 48 8b 87 e8 01 00 00 4c 8b 00 8b 8f d0 01
0x00007ff9af9cb3b6:   00 00 48 8d 9e 00 01 00 00 83 f9 10 0f 83 1e 01
0x00007ff9af9cb3c6:   00 00 8b c1 48 c1 e0 06 48 03 c3 48 85 c0 0f 84
0x00007ff9af9cb3d6:   4a 01 00 00 4c 39 40 08 0f 86 40 01 00 00 48 8b
0x00007ff9af9cb3e6:   87 80 02 00 00 49 89 06 48 89 b7 80 02 00 00 ff
0x00007ff9af9cb3f6:   87 88 02 00 00 48 8b 4e 08 48 8b 01 ba 01 00 00
0x00007ff9af9cb406:   00 48 8b 80 e0 02 00 00 ff 15 f4 c1 88 00 0f b7
0x00007ff9af9cb416:   c8 48 2b c1 48 05 00 00 01 00 48 01 87 90 02 00
0x00007ff9af9cb426:   00 48 8b 4e 08 48 8b 01 ba 01 00 00 00 48 8b 80
0x00007ff9af9cb436:   e0 02 00 00 ff 15 c8 c1 88 00 48 01 87 a0 02 00
0x00007ff9af9cb446:   00 0f b6 54 24 20 4d 85 ff 0f 85 db fe ff ff 84
0x00007ff9af9cb456:   d2 0f 85 37 0f 00 00 48 8b 5c 24 40 48 8b cf 80
0x00007ff9af9cb466:   7c 24 22 00 0f 85 40 0f 00 00 e8 3b f9 ff ff 90
0x00007ff9af9cb476:   48 8b cb ff 15 99 bc 88 00 48 8b 8c 24 50 01 00 


Stack slot to memory mapping:
stack at sp + 0 slots: 0x0000018f55664e60 points into unknown readable memory: 0xffffffffffffffff | ff ff ff ff ff ff ff ff
stack at sp + 1 slots: 0x00007ff9af800ab4 igxelpicd64.dll
stack at sp + 2 slots: 0x0 is NULL
stack at sp + 3 slots: 0x0000018f57c0fce0 points into unknown readable memory: 0x0000000000000a28 | 28 0a 00 00 00 00 00 00
stack at sp + 4 slots: 0x0000001600000000 is an unknown value
stack at sp + 5 slots: 0x0 is NULL
stack at sp + 6 slots: 0x0000018f00000000 points into unknown readable memory: 0x0000000000000007 | 07 00 00 00 00 00 00 00
stack at sp + 7 slots: 0x0000018f57c0bec0 points into unknown readable memory: 0x0000018f57c0bed0 | d0 be c0 57 8f 01 00 00

VM_Operation (0x0000000e4a2fed00): Exit, mode: safepoint, requested by thread 0x0000018f5763ac20


---------------  P R O C E S S  ---------------

Threads class SMR info:
_java_thread_list=0x0000018f570884e0, length=23, elements={
0x0000018f0f6d5200, 0x0000018f0f6d7ae0, 0x0000018f0f6ede60, 0x0000018f0f6ee730,
0x0000018f0f6ef000, 0x0000018f0f6ef8d0, 0x0000018f0f6f6500, 0x0000018f0f702e40,
0x0000018f0f70e4e0, 0x0000018f0f991080, 0x0000018f0f98e2a0, 0x0000018f0f9a47c0,
0x0000018f0f9a4eb0, 0x0000018f0f9bae80, 0x0000018f55096c20, 0x0000018f55097100,
0x0000018f5763ac20, 0x0000018f5760f920, 0x0000018f5760dfd0, 0x0000018f5760e9f0,
0x0000018f5760ef00, 0x0000018f5760f410, 0x0000018f65098cf0
}

Java Threads: ( => current thread )
  0x0000018f0f6d5200 JavaThread "Reference Handler" daemon [_thread_blocked, id=29068, stack(0x0000000e48200000,0x0000000e48300000)]
  0x0000018f0f6d7ae0 JavaThread "Finalizer" daemon [_thread_blocked, id=42576, stack(0x0000000e48300000,0x0000000e48400000)]
  0x0000018f0f6ede60 JavaThread "Signal Dispatcher" daemon [_thread_blocked, id=42624, stack(0x0000000e48400000,0x0000000e48500000)]
  0x0000018f0f6ee730 JavaThread "Attach Listener" daemon [_thread_blocked, id=42284, stack(0x0000000e48500000,0x0000000e48600000)]
  0x0000018f0f6ef000 JavaThread "Service Thread" daemon [_thread_blocked, id=42220, stack(0x0000000e48600000,0x0000000e48700000)]
  0x0000018f0f6ef8d0 JavaThread "Monitor Deflation Thread" daemon [_thread_blocked, id=42224, stack(0x0000000e48700000,0x0000000e48800000)]
  0x0000018f0f6f6500 JavaThread "C2 CompilerThread0" daemon [_thread_blocked, id=42596, stack(0x0000000e48800000,0x0000000e48900000)]
  0x0000018f0f702e40 JavaThread "C1 CompilerThread0" daemon [_thread_blocked, id=42240, stack(0x0000000e48900000,0x0000000e48a00000)]
  0x0000018f0f70e4e0 JavaThread "Sweeper thread" daemon [_thread_blocked, id=42228, stack(0x0000000e48a00000,0x0000000e48b00000)]
  0x0000018f0f991080 JavaThread "JDWP Transport Listener: dt_socket" daemon [_thread_blocked, id=42628, stack(0x0000000e48b00000,0x0000000e48c00000)]
  0x0000018f0f98e2a0 JavaThread "JDWP Event Helper Thread" daemon [_thread_blocked, id=22776, stack(0x0000000e48c00000,0x0000000e48d00000)]
  0x0000018f0f9a47c0 JavaThread "JDWP Command Reader" daemon [_thread_blocked, id=39272, stack(0x0000000e48d00000,0x0000000e48e00000)]
  0x0000018f0f9a4eb0 JavaThread "Notification Thread" daemon [_thread_blocked, id=29464, stack(0x0000000e48e00000,0x0000000e48f00000)]
  0x0000018f0f9bae80 JavaThread "Common-Cleaner" daemon [_thread_blocked, id=20248, stack(0x0000000e49000000,0x0000000e49100000)]
  0x0000018f55096c20 JavaThread "Java2D Disposer" daemon [_thread_blocked, id=35268, stack(0x0000000e49100000,0x0000000e49200000)]
  0x0000018f55097100 JavaThread "HighResTimerThread" daemon [_thread_blocked, id=43928, stack(0x0000000e49200000,0x0000000e49300000)]
  0x0000018f5763ac20 JavaThread "main-FPSAWTAnimator#00-Timer0" [_thread_blocked, id=43972, stack(0x0000000e4a200000,0x0000000e4a300000)]
  0x0000018f5760f920 JavaThread "DestroyJavaVM" [_thread_blocked, id=41176, stack(0x0000000e47b00000,0x0000000e47c00000)]
  0x0000018f5760dfd0 JavaThread "pool-1-thread-1" [_thread_blocked, id=29408, stack(0x0000000e4a600000,0x0000000e4a700000)]
  0x0000018f5760e9f0 JavaThread "pool-1-thread-2" [_thread_blocked, id=30124, stack(0x0000000e4a700000,0x0000000e4a800000)]
  0x0000018f5760ef00 JavaThread "pool-1-thread-3" [_thread_blocked, id=6132, stack(0x0000000e4a800000,0x0000000e4a900000)]
  0x0000018f5760f410 JavaThread "pool-1-thread-4" [_thread_blocked, id=34600, stack(0x0000000e4a900000,0x0000000e4aa00000)]
  0x0000018f65098cf0 JavaThread "AWT-Shutdown" [_thread_blocked, id=38176, stack(0x0000000e49500000,0x0000000e49600000)]

Other Threads:
=>0x0000018f0f6d0db0 VMThread "VM Thread" [stack: 0x0000000e48100000,0x0000000e48200000] [id=15736]
  0x0000018f7183c510 GCTaskThread "GC Thread#0" [stack: 0x0000000e47c00000,0x0000000e47d00000] [id=49136]
  0x0000018f570ba660 GCTaskThread "GC Thread#1" [stack: 0x0000000e49a00000,0x0000000e49b00000] [id=34148]
  0x0000018f570ba920 GCTaskThread "GC Thread#2" [stack: 0x0000000e49b00000,0x0000000e49c00000] [id=39176]
  0x0000018f570bbbf0 GCTaskThread "GC Thread#3" [stack: 0x0000000e49c00000,0x0000000e49d00000] [id=30160]
  0x0000018f570bbeb0 GCTaskThread "GC Thread#4" [stack: 0x0000000e49d00000,0x0000000e49e00000] [id=36384]
  0x0000018f570bc170 GCTaskThread "GC Thread#5" [stack: 0x0000000e49e00000,0x0000000e49f00000] [id=39620]
  0x0000018f570fb2c0 GCTaskThread "GC Thread#6" [stack: 0x0000000e49f00000,0x0000000e4a000000] [id=31352]
  0x0000018f570fb580 GCTaskThread "GC Thread#7" [stack: 0x0000000e4a000000,0x0000000e4a100000] [id=11468]
  0x0000018f71845370 ConcurrentGCThread "G1 Main Marker" terminated
  0x0000018f71845ca0 ConcurrentGCThread "G1 Conc#0" [stack: 0x0000000e47e00000,0x0000000e47f00000] [id=38672]
  0x0000018f64cde240 ConcurrentGCThread "G1 Conc#1" [stack: 0x0000000e4a400000,0x0000000e4a500000] [id=42560]
  0x0000018f718ade90 ConcurrentGCThread "G1 Refine#0" terminated
  0x0000018f718ae670 ConcurrentGCThread "G1 Service" terminated

Threads with active compile tasks:

VM state: at safepoint (shutting down)

VM Mutex/Monitor currently owned by a thread:  ([mutex/lock_event])
[0x0000018f717f75e0] Threads_lock - owner thread: 0x0000018f0f6d0db0
[0x0000018f717f8630] Heap_lock - owner thread: 0x0000018f5763ac20

Heap address: 0x00000000c0000000, size: 1024 MB, Compressed Oops mode: 32-bit

CDS archive(s) mapped at: [0x0000018f10000000-0x0000018f10bb0000-0x0000018f10bb0000), size 12255232, SharedBaseAddress: 0x0000018f10000000, ArchiveRelocationMode: 1.
Compressed class space mapped at: 0x0000018f11000000-0x0000018f51000000, reserved size: 1073741824
Narrow klass base: 0x0000018f10000000, Narrow klass shift: 0, Narrow klass range: 0x100000000

GC Precious Log:
 CPUs: 8 total, 8 available
 Memory: 7975M
 Large Page Support: Disabled
 NUMA Support: Disabled
 Compressed Oops: Enabled (32-bit)
 Heap Region Size: 1M
 Heap Min Capacity: 64M
 Heap Initial Capacity: 64M
 Heap Max Capacity: 1G
 Pre-touch: Disabled
 Parallel Workers: 8
 Concurrent Workers: 2
 Concurrent Refinement Workers: 8
 Periodic GC: Disabled

Heap:
 garbage-first heap   total 79872K, used 51141K [0x00000000c0000000, 0x0000000100000000)
  region size 1024K, 20 young (20480K), 1 survivors (1024K)
 Metaspace       used 13102K, committed 13248K, reserved 1114112K
  class space    used 920K, committed 1024K, reserved 1048576K

Heap Regions: E=young(eden), S=young(survivor), O=old, HS=humongous(starts), HC=humongous(continues), CS=collection set, F=free, OA=open archive, CA=closed archive, TAMS=top-at-mark-start (previous, next)
|   0|0x00000000c0000000, 0x00000000c0100000, 0x00000000c0100000|100%| O|  |TAMS 0x00000000c0100000, 0x00000000c0000000| Untracked 
|   1|0x00000000c0100000, 0x00000000c0200000, 0x00000000c0200000|100%| O|  |TAMS 0x00000000c0200000, 0x00000000c0100000| Untracked 
|   2|0x00000000c0200000, 0x00000000c0300000, 0x00000000c0300000|100%|HS|  |TAMS 0x00000000c0300000, 0x00000000c0200000| Complete 
|   3|0x00000000c0300000, 0x00000000c0400000, 0x00000000c0400000|100%|HC|  |TAMS 0x00000000c0400000, 0x00000000c0300000| Complete 
|   4|0x00000000c0400000, 0x00000000c0500000, 0x00000000c0500000|100%|HC|  |TAMS 0x00000000c0500000, 0x00000000c0400000| Complete 
|   5|0x00000000c0500000, 0x00000000c0600000, 0x00000000c0600000|100%|HC|  |TAMS 0x00000000c0600000, 0x00000000c0500000| Complete 
|   6|0x00000000c0600000, 0x00000000c0700000, 0x00000000c0700000|100%|HC|  |TAMS 0x00000000c0700000, 0x00000000c0600000| Complete 
|   7|0x00000000c0700000, 0x00000000c0800000, 0x00000000c0800000|100%|HS|  |TAMS 0x00000000c0800000, 0x00000000c0700000| Complete 
|   8|0x00000000c0800000, 0x00000000c0900000, 0x00000000c0900000|100%|HC|  |TAMS 0x00000000c0900000, 0x00000000c0800000| Complete 
|   9|0x00000000c0900000, 0x00000000c0a00000, 0x00000000c0a00000|100%|HS|  |TAMS 0x00000000c0a00000, 0x00000000c0900000| Complete 
|  10|0x00000000c0a00000, 0x00000000c0b00000, 0x00000000c0b00000|100%|HC|  |TAMS 0x00000000c0b00000, 0x00000000c0a00000| Complete 
|  11|0x00000000c0b00000, 0x00000000c0c00000, 0x00000000c0c00000|100%|HC|  |TAMS 0x00000000c0c00000, 0x00000000c0b00000| Complete 
|  12|0x00000000c0c00000, 0x00000000c0d00000, 0x00000000c0d00000|100%|HC|  |TAMS 0x00000000c0d00000, 0x00000000c0c00000| Complete 
|  13|0x00000000c0d00000, 0x00000000c0e00000, 0x00000000c0e00000|100%|HS|  |TAMS 0x00000000c0e00000, 0x00000000c0d00000| Complete 
|  14|0x00000000c0e00000, 0x00000000c0f00000, 0x00000000c0f00000|100%|HC|  |TAMS 0x00000000c0f00000, 0x00000000c0e00000| Complete 
|  15|0x00000000c0f00000, 0x00000000c1000000, 0x00000000c1000000|100%|HC|  |TAMS 0x00000000c1000000, 0x00000000c0f00000| Complete 
|  16|0x00000000c1000000, 0x00000000c1100000, 0x00000000c1100000|100%|HS|  |TAMS 0x00000000c1100000, 0x00000000c1000000| Complete 
|  17|0x00000000c1100000, 0x00000000c1200000, 0x00000000c1200000|100%|HC|  |TAMS 0x00000000c1200000, 0x00000000c1100000| Complete 
|  18|0x00000000c1200000, 0x00000000c1300000, 0x00000000c1300000|100%|HS|  |TAMS 0x00000000c1300000, 0x00000000c1200000| Complete 
|  19|0x00000000c1300000, 0x00000000c1400000, 0x00000000c1400000|100%|HC|  |TAMS 0x00000000c1400000, 0x00000000c1300000| Complete 
|  20|0x00000000c1400000, 0x00000000c1500000, 0x00000000c1500000|100%|HS|  |TAMS 0x00000000c1500000, 0x00000000c1400000| Complete 
|  21|0x00000000c1500000, 0x00000000c1600000, 0x00000000c1600000|100%|HC|  |TAMS 0x00000000c1600000, 0x00000000c1500000| Complete 
|  22|0x00000000c1600000, 0x00000000c1700000, 0x00000000c1700000|100%|HS|  |TAMS 0x00000000c1700000, 0x00000000c1600000| Complete 
|  23|0x00000000c1700000, 0x00000000c1800000, 0x00000000c1800000|100%|HC|  |TAMS 0x00000000c1800000, 0x00000000c1700000| Complete 
|  24|0x00000000c1800000, 0x00000000c1900000, 0x00000000c1900000|100%|HS|  |TAMS 0x00000000c1900000, 0x00000000c1800000| Complete 
|  25|0x00000000c1900000, 0x00000000c1a00000, 0x00000000c1a00000|100%|HC|  |TAMS 0x00000000c1a00000, 0x00000000c1900000| Complete 
|  26|0x00000000c1a00000, 0x00000000c1b00000, 0x00000000c1b00000|100%|HC|  |TAMS 0x00000000c1b00000, 0x00000000c1a00000| Complete 
|  27|0x00000000c1b00000, 0x00000000c1c00000, 0x00000000c1c00000|100%| O|  |TAMS 0x00000000c1c00000, 0x00000000c1b00000| Untracked 
|  28|0x00000000c1c00000, 0x00000000c1d00000, 0x00000000c1d00000|100%| O|  |TAMS 0x00000000c1d00000, 0x00000000c1c00000| Untracked 
|  29|0x00000000c1d00000, 0x00000000c1e00000, 0x00000000c1e00000|100%| O|  |TAMS 0x00000000c1e00000, 0x00000000c1d00000| Untracked 
|  30|0x00000000c1e00000, 0x00000000c1f00000, 0x00000000c1f00000|100%| O|  |TAMS 0x00000000c1f00000, 0x00000000c1e00000| Untracked 
|  31|0x00000000c1f00000, 0x00000000c1f81000, 0x00000000c2000000| 50%| O|  |TAMS 0x00000000c1f81000, 0x00000000c1f00000| Untracked 
|  32|0x00000000c2000000, 0x00000000c2000000, 0x00000000c2100000|  0%| F|  |TAMS 0x00000000c2000000, 0x00000000c2000000| Untracked 
|  33|0x00000000c2100000, 0x00000000c2100000, 0x00000000c2200000|  0%| F|  |TAMS 0x00000000c2100000, 0x00000000c2100000| Untracked 
|  34|0x00000000c2200000, 0x00000000c2200000, 0x00000000c2300000|  0%| F|  |TAMS 0x00000000c2200000, 0x00000000c2200000| Untracked 
|  35|0x00000000c2300000, 0x00000000c2300000, 0x00000000c2400000|  0%| F|  |TAMS 0x00000000c2300000, 0x00000000c2300000| Untracked 
|  36|0x00000000c2400000, 0x00000000c2400000, 0x00000000c2500000|  0%| F|  |TAMS 0x00000000c2400000, 0x00000000c2400000| Untracked 
|  37|0x00000000c2500000, 0x00000000c2500000, 0x00000000c2600000|  0%| F|  |TAMS 0x00000000c2500000, 0x00000000c2500000| Untracked 
|  38|0x00000000c2600000, 0x00000000c2600000, 0x00000000c2700000|  0%| F|  |TAMS 0x00000000c2600000, 0x00000000c2600000| Untracked 
|  39|0x00000000c2700000, 0x00000000c2700000, 0x00000000c2800000|  0%| F|  |TAMS 0x00000000c2700000, 0x00000000c2700000| Untracked 
|  40|0x00000000c2800000, 0x00000000c2800000, 0x00000000c2900000|  0%| F|  |TAMS 0x00000000c2800000, 0x00000000c2800000| Untracked 
|  41|0x00000000c2900000, 0x00000000c2900000, 0x00000000c2a00000|  0%| F|  |TAMS 0x00000000c2900000, 0x00000000c2900000| Untracked 
|  42|0x00000000c2a00000, 0x00000000c2a00000, 0x00000000c2b00000|  0%| F|  |TAMS 0x00000000c2a00000, 0x00000000c2a00000| Untracked 
|  43|0x00000000c2b00000, 0x00000000c2b707e0, 0x00000000c2c00000| 43%| S|CS|TAMS 0x00000000c2b00000, 0x00000000c2b00000| Complete 
|  44|0x00000000c2c00000, 0x00000000c2c00000, 0x00000000c2d00000|  0%| F|  |TAMS 0x00000000c2c00000, 0x00000000c2c00000| Untracked 
|  45|0x00000000c2d00000, 0x00000000c2d00000, 0x00000000c2e00000|  0%| F|  |TAMS 0x00000000c2d00000, 0x00000000c2d00000| Untracked 
|  46|0x00000000c2e00000, 0x00000000c2e00000, 0x00000000c2f00000|  0%| F|  |TAMS 0x00000000c2e00000, 0x00000000c2e00000| Untracked 
|  47|0x00000000c2f00000, 0x00000000c2f00000, 0x00000000c3000000|  0%| F|  |TAMS 0x00000000c2f00000, 0x00000000c2f00000| Untracked 
|  48|0x00000000c3000000, 0x00000000c3000000, 0x00000000c3100000|  0%| F|  |TAMS 0x00000000c3000000, 0x00000000c3000000| Untracked 
|  49|0x00000000c3100000, 0x00000000c3100000, 0x00000000c3200000|  0%| F|  |TAMS 0x00000000c3100000, 0x00000000c3100000| Untracked 
|  50|0x00000000c3200000, 0x00000000c3200000, 0x00000000c3300000|  0%| F|  |TAMS 0x00000000c3200000, 0x00000000c3200000| Untracked 
|  51|0x00000000c3300000, 0x00000000c3300000, 0x00000000c3400000|  0%| F|  |TAMS 0x00000000c3300000, 0x00000000c3300000| Untracked 
|  52|0x00000000c3400000, 0x00000000c3400000, 0x00000000c3500000|  0%| F|  |TAMS 0x00000000c3400000, 0x00000000c3400000| Untracked 
|  53|0x00000000c3500000, 0x00000000c3500000, 0x00000000c3600000|  0%| F|  |TAMS 0x00000000c3500000, 0x00000000c3500000| Untracked 
|  54|0x00000000c3600000, 0x00000000c3600000, 0x00000000c3700000|  0%| F|  |TAMS 0x00000000c3600000, 0x00000000c3600000| Untracked 
|  55|0x00000000c3700000, 0x00000000c3700000, 0x00000000c3800000|  0%| F|  |TAMS 0x00000000c3700000, 0x00000000c3700000| Untracked 
|  56|0x00000000c3800000, 0x00000000c3800000, 0x00000000c3900000|  0%| F|  |TAMS 0x00000000c3800000, 0x00000000c3800000| Untracked 
|  57|0x00000000c3900000, 0x00000000c3900000, 0x00000000c3a00000|  0%| F|  |TAMS 0x00000000c3900000, 0x00000000c3900000| Untracked 
|  58|0x00000000c3a00000, 0x00000000c3a00000, 0x00000000c3b00000|  0%| F|  |TAMS 0x00000000c3a00000, 0x00000000c3a00000| Untracked 
|  59|0x00000000c3b00000, 0x00000000c3b20450, 0x00000000c3c00000| 12%| E|  |TAMS 0x00000000c3b00000, 0x00000000c3b00000| Complete 
|  60|0x00000000c3c00000, 0x00000000c3d00000, 0x00000000c3d00000|100%| E|CS|TAMS 0x00000000c3c00000, 0x00000000c3c00000| Complete 
|  61|0x00000000c3d00000, 0x00000000c3e00000, 0x00000000c3e00000|100%| E|CS|TAMS 0x00000000c3d00000, 0x00000000c3d00000| Complete 
|  62|0x00000000c3e00000, 0x00000000c3f00000, 0x00000000c3f00000|100%| E|CS|TAMS 0x00000000c3e00000, 0x00000000c3e00000| Complete 
|  63|0x00000000c3f00000, 0x00000000c4000000, 0x00000000c4000000|100%| E|CS|TAMS 0x00000000c3f00000, 0x00000000c3f00000| Complete 
|  64|0x00000000c4000000, 0x00000000c4100000, 0x00000000c4100000|100%| E|CS|TAMS 0x00000000c4000000, 0x00000000c4000000| Complete 
|  65|0x00000000c4100000, 0x00000000c4200000, 0x00000000c4200000|100%| E|CS|TAMS 0x00000000c4100000, 0x00000000c4100000| Complete 
|  66|0x00000000c4200000, 0x00000000c4300000, 0x00000000c4300000|100%| E|CS|TAMS 0x00000000c4200000, 0x00000000c4200000| Complete 
|  67|0x00000000c4300000, 0x00000000c4400000, 0x00000000c4400000|100%| E|CS|TAMS 0x00000000c4300000, 0x00000000c4300000| Complete 
|  68|0x00000000c4400000, 0x00000000c4500000, 0x00000000c4500000|100%| E|CS|TAMS 0x00000000c4400000, 0x00000000c4400000| Complete 
|  69|0x00000000c4500000, 0x00000000c4600000, 0x00000000c4600000|100%| E|CS|TAMS 0x00000000c4500000, 0x00000000c4500000| Complete 
|  70|0x00000000c4600000, 0x00000000c4700000, 0x00000000c4700000|100%| E|CS|TAMS 0x00000000c4600000, 0x00000000c4600000| Complete 
|  71|0x00000000c4700000, 0x00000000c4800000, 0x00000000c4800000|100%| E|CS|TAMS 0x00000000c4700000, 0x00000000c4700000| Complete 
|  72|0x00000000c4800000, 0x00000000c4900000, 0x00000000c4900000|100%| E|CS|TAMS 0x00000000c4800000, 0x00000000c4800000| Complete 
|  73|0x00000000c4900000, 0x00000000c4a00000, 0x00000000c4a00000|100%| E|CS|TAMS 0x00000000c4900000, 0x00000000c4900000| Complete 
|  74|0x00000000c4a00000, 0x00000000c4b00000, 0x00000000c4b00000|100%| E|CS|TAMS 0x00000000c4a00000, 0x00000000c4a00000| Complete 
|  75|0x00000000c4b00000, 0x00000000c4c00000, 0x00000000c4c00000|100%| E|CS|TAMS 0x00000000c4b00000, 0x00000000c4b00000| Complete 
|  76|0x00000000c4c00000, 0x00000000c4d00000, 0x00000000c4d00000|100%| E|CS|TAMS 0x00000000c4c00000, 0x00000000c4c00000| Complete 
|  77|0x00000000c4d00000, 0x00000000c4e00000, 0x00000000c4e00000|100%| E|CS|TAMS 0x00000000c4d00000, 0x00000000c4d00000| Complete 

Card table byte_map: [0x0000018f7b7a0000,0x0000018f7b9a0000] _byte_map_base: 0x0000018f7b1a0000

Marking Bits (Prev, Next): (CMBitMap*) 0x0000018f7183ca40, (CMBitMap*) 0x0000018f7183ca80
 Prev Bits: [0x0000018f7bba0000, 0x0000018f7cba0000)
 Next Bits: [0x0000018f7cba0000, 0x0000018f7dba0000)

Polling page: 0x0000018f718b0000

Metaspace:

Usage:
  Non-class:     11.90 MB used.
      Class:    920.23 KB used.
       Both:     12.80 MB used.

Virtual space:
  Non-class space:       64.00 MB reserved,      11.94 MB ( 19%) committed,  1 nodes.
      Class space:        1.00 GB reserved,       1.00 MB ( <1%) committed,  1 nodes.
             Both:        1.06 GB reserved,      12.94 MB (  1%) committed. 

Chunk freelists:
   Non-Class:  3.44 MB
       Class:  14.91 MB
        Both:  18.35 MB

MaxMetaspaceSize: unlimited
CompressedClassSpaceSize: 1.00 GB
Initial GC threshold: 21.00 MB
Current GC threshold: 21.00 MB
CDS: on
MetaspaceReclaimPolicy: balanced
 - commit_granule_bytes: 65536.
 - commit_granule_words: 8192.
 - virtual_space_node_default_size: 8388608.
 - enlarge_chunks_in_place: 1.
 - new_chunks_are_fully_committed: 0.
 - uncommit_free_chunks: 1.
 - use_allocation_guard: 0.
 - handle_deallocations: 1.


Internal statistics:

num_allocs_failed_limit: 0.
num_arena_births: 106.
num_arena_deaths: 0.
num_vsnodes_births: 2.
num_vsnodes_deaths: 0.
num_space_committed: 203.
num_space_uncommitted: 0.
num_chunks_returned_to_freelist: 0.
num_chunks_taken_from_freelist: 389.
num_chunk_merges: 0.
num_chunk_splits: 304.
num_chunks_enlarged: 243.
num_inconsistent_stats: 0.

CodeHeap 'non-profiled nmethods': size=120000Kb used=761Kb max_used=761Kb free=119238Kb
 bounds [0x0000018f07ad0000, 0x0000018f07d40000, 0x0000018f0f000000]
CodeHeap 'profiled nmethods': size=120000Kb used=3145Kb max_used=3145Kb free=116854Kb
 bounds [0x0000018f00000000, 0x0000018f00320000, 0x0000018f07530000]
CodeHeap 'non-nmethods': size=5760Kb used=1612Kb max_used=1663Kb free=4148Kb
 bounds [0x0000018f07530000, 0x0000018f077a0000, 0x0000018f07ad0000]
 total_blobs=2599 nmethods=1661 adapters=851
 compilation: enabled
              stopped_count=0, restarted_count=0
 full_count=0

Compilation events (20 events):
Event: 6.551 Thread 0x0000018f0f6f6500 1652       4       java.util.concurrent.locks.AbstractQueuedSynchronizer::signalNext (34 bytes)
Event: 6.552 Thread 0x0000018f0f6f6500 nmethod 1652 0x0000018f07b8d790 code [0x0000018f07b8d920, 0x0000018f07b8da48]
Event: 6.752 Thread 0x0000018f0f702e40 1653       3       java.util.concurrent.locks.AbstractQueuedSynchronizer$ExclusiveNode::<init> (5 bytes)
Event: 6.752 Thread 0x0000018f0f702e40 nmethod 1653 0x0000018f00310690 code [0x0000018f00310840, 0x0000018f003109f8]
Event: 6.752 Thread 0x0000018f0f702e40 1654       3       java.util.concurrent.locks.LockSupport::park (23 bytes)
Event: 6.752 Thread 0x0000018f0f702e40 nmethod 1654 0x0000018f00310b10 code [0x0000018f00310cc0, 0x0000018f00310e88]
Event: 6.808 Thread 0x0000018f0f702e40 1655       3       java.util.concurrent.locks.AbstractQueuedSynchronizer::signalNextIfShared (41 bytes)
Event: 6.808 Thread 0x0000018f0f702e40 nmethod 1655 0x0000018f00310f90 code [0x0000018f00311160, 0x0000018f00311558]
Event: 6.818 Thread 0x0000018f0f702e40 1656       3       java.util.concurrent.locks.AbstractQueuedSynchronizer::tryInitializeHead (29 bytes)
Event: 6.818 Thread 0x0000018f0f702e40 nmethod 1656 0x0000018f00311690 code [0x0000018f00311840, 0x0000018f00311bd8]
Event: 7.001 Thread 0x0000018f0f6f6500 1657       4       java.util.concurrent.atomic.AtomicInteger::getAndIncrement (12 bytes)
Event: 7.002 Thread 0x0000018f0f6f6500 nmethod 1657 0x0000018f07b8db90 code [0x0000018f07b8dd00, 0x0000018f07b8dd78]
Event: 7.035 Thread 0x0000018f0f6f6500 1658       4       java.util.concurrent.LinkedBlockingQueue::dequeue (32 bytes)
Event: 7.036 Thread 0x0000018f0f6f6500 nmethod 1658 0x0000018f07b8de90 code [0x0000018f07b8e000, 0x0000018f07b8e218]
Event: 7.057 Thread 0x0000018f0f6f6500 1659       4       jdk.internal.misc.Unsafe::putIntRelease (9 bytes)
Event: 7.058 Thread 0x0000018f0f6f6500 nmethod 1659 0x0000018f07b8e310 code [0x0000018f07b8e480, 0x0000018f07b8e518]
Event: 7.208 Thread 0x0000018f0f702e40 1660       3       jdk.internal.misc.Unsafe::getAndAddLong (27 bytes)
Event: 7.208 Thread 0x0000018f0f702e40 nmethod 1660 0x0000018f00311d10 code [0x0000018f00311ec0, 0x0000018f00312108]
Event: 7.208 Thread 0x0000018f0f702e40 1661       3       jdk.internal.misc.Unsafe::weakCompareAndSetLong (11 bytes)
Event: 7.208 Thread 0x0000018f0f702e40 nmethod 1661 0x0000018f00312210 code [0x0000018f003123a0, 0x0000018f003124d8]

GC Heap History (20 events):
Event: 3.067 GC heap before
{Heap before GC invocations=8 (full 0):
 garbage-first heap   total 65536K, used 53072K [0x00000000c0000000, 0x0000000100000000)
  region size 1024K, 21 young (21504K), 1 survivors (1024K)
 Metaspace       used 12798K, committed 12992K, reserved 1114112K
  class space    used 916K, committed 1024K, reserved 1048576K
}
Event: 3.067 GC heap after
{Heap after GC invocations=9 (full 0):
 garbage-first heap   total 65536K, used 32636K [0x00000000c0000000, 0x0000000100000000)
  region size 1024K, 1 young (1024K), 1 survivors (1024K)
 Metaspace       used 12798K, committed 12992K, reserved 1114112K
  class space    used 916K, committed 1024K, reserved 1048576K
}
Event: 3.384 GC heap before
{Heap before GC invocations=9 (full 0):
 garbage-first heap   total 65536K, used 53116K [0x00000000c0000000, 0x0000000100000000)
  region size 1024K, 21 young (21504K), 1 survivors (1024K)
 Metaspace       used 12848K, committed 13056K, reserved 1114112K
  class space    used 916K, committed 1024K, reserved 1048576K
}
Event: 3.385 GC heap after
{Heap after GC invocations=10 (full 0):
 garbage-first heap   total 65536K, used 32854K [0x00000000c0000000, 0x0000000100000000)
  region size 1024K, 1 young (1024K), 1 survivors (1024K)
 Metaspace       used 12848K, committed 13056K, reserved 1114112K
  class space    used 916K, committed 1024K, reserved 1048576K
}
Event: 3.685 GC heap before
{Heap before GC invocations=11 (full 0):
 garbage-first heap   total 65536K, used 53334K [0x00000000c0000000, 0x0000000100000000)
  region size 1024K, 21 young (21504K), 1 survivors (1024K)
 Metaspace       used 12852K, committed 13056K, reserved 1114112K
  class space    used 916K, committed 1024K, reserved 1048576K
}
Event: 3.685 GC heap after
{Heap after GC invocations=12 (full 0):
 garbage-first heap   total 65536K, used 33082K [0x00000000c0000000, 0x0000000100000000)
  region size 1024K, 1 young (1024K), 1 survivors (1024K)
 Metaspace       used 12852K, committed 13056K, reserved 1114112K
  class space    used 916K, committed 1024K, reserved 1048576K
}
Event: 4.002 GC heap before
{Heap before GC invocations=12 (full 0):
 garbage-first heap   total 65536K, used 54586K [0x00000000c0000000, 0x0000000100000000)
  region size 1024K, 22 young (22528K), 1 survivors (1024K)
 Metaspace       used 12884K, committed 13056K, reserved 1114112K
  class space    used 916K, committed 1024K, reserved 1048576K
}
Event: 4.002 GC heap after
{Heap after GC invocations=13 (full 0):
 garbage-first heap   total 65536K, used 33301K [0x00000000c0000000, 0x0000000100000000)
  region size 1024K, 2 young (2048K), 2 survivors (2048K)
 Metaspace       used 12884K, committed 13056K, reserved 1114112K
  class space    used 916K, committed 1024K, reserved 1048576K
}
Event: 4.317 GC heap before
{Heap before GC invocations=14 (full 0):
 garbage-first heap   total 65536K, used 53781K [0x00000000c0000000, 0x0000000100000000)
  region size 1024K, 22 young (22528K), 2 survivors (2048K)
 Metaspace       used 12887K, committed 13056K, reserved 1114112K
  class space    used 916K, committed 1024K, reserved 1048576K
}
Event: 4.317 GC heap after
{Heap after GC invocations=15 (full 0):
 garbage-first heap   total 79872K, used 32781K [0x00000000c0000000, 0x0000000100000000)
  region size 1024K, 1 young (1024K), 1 survivors (1024K)
 Metaspace       used 12887K, committed 13056K, reserved 1114112K
  class space    used 916K, committed 1024K, reserved 1048576K
}
Event: 4.834 GC heap before
{Heap before GC invocations=15 (full 0):
 garbage-first heap   total 79872K, used 67597K [0x00000000c0000000, 0x0000000100000000)
  region size 1024K, 35 young (35840K), 1 survivors (1024K)
 Metaspace       used 12887K, committed 13056K, reserved 1114112K
  class space    used 916K, committed 1024K, reserved 1048576K
}
Event: 4.835 GC heap after
{Heap after GC invocations=16 (full 0):
 garbage-first heap   total 79872K, used 33022K [0x00000000c0000000, 0x0000000100000000)
  region size 1024K, 1 young (1024K), 1 survivors (1024K)
 Metaspace       used 12887K, committed 13056K, reserved 1114112K
  class space    used 916K, committed 1024K, reserved 1048576K
}
Event: 5.351 GC heap before
{Heap before GC invocations=16 (full 0):
 garbage-first heap   total 79872K, used 67838K [0x00000000c0000000, 0x0000000100000000)
  region size 1024K, 35 young (35840K), 1 survivors (1024K)
 Metaspace       used 12913K, committed 13120K, reserved 1114112K
  class space    used 916K, committed 1024K, reserved 1048576K
}
Event: 5.352 GC heap after
{Heap after GC invocations=17 (full 0):
 garbage-first heap   total 79872K, used 33300K [0x00000000c0000000, 0x0000000100000000)
  region size 1024K, 2 young (2048K), 2 survivors (2048K)
 Metaspace       used 12913K, committed 13120K, reserved 1114112K
  class space    used 916K, committed 1024K, reserved 1048576K
}
Event: 5.867 GC heap before
{Heap before GC invocations=17 (full 0):
 garbage-first heap   total 79872K, used 67092K [0x00000000c0000000, 0x0000000100000000)
  region size 1024K, 35 young (35840K), 2 survivors (2048K)
 Metaspace       used 12932K, committed 13120K, reserved 1114112K
  class space    used 916K, committed 1024K, reserved 1048576K
}
Event: 5.867 GC heap after
{Heap after GC invocations=18 (full 0):
 garbage-first heap   total 79872K, used 32840K [0x00000000c0000000, 0x0000000100000000)
  region size 1024K, 1 young (1024K), 1 survivors (1024K)
 Metaspace       used 12932K, committed 13120K, reserved 1114112K
  class space    used 916K, committed 1024K, reserved 1048576K
}
Event: 6.384 GC heap before
{Heap before GC invocations=18 (full 0):
 garbage-first heap   total 79872K, used 67656K [0x00000000c0000000, 0x0000000100000000)
  region size 1024K, 35 young (35840K), 1 survivors (1024K)
 Metaspace       used 13059K, committed 13248K, reserved 1114112K
  class space    used 916K, committed 1024K, reserved 1048576K
}
Event: 6.385 GC heap after
{Heap after GC invocations=19 (full 0):
 garbage-first heap   total 79872K, used 33237K [0x00000000c0000000, 0x0000000100000000)
  region size 1024K, 1 young (1024K), 1 survivors (1024K)
 Metaspace       used 13059K, committed 13248K, reserved 1114112K
  class space    used 916K, committed 1024K, reserved 1048576K
}
Event: 6.916 GC heap before
{Heap before GC invocations=19 (full 0):
 garbage-first heap   total 79872K, used 68053K [0x00000000c0000000, 0x0000000100000000)
  region size 1024K, 35 young (35840K), 1 survivors (1024K)
 Metaspace       used 13059K, committed 13248K, reserved 1114112K
  class space    used 916K, committed 1024K, reserved 1048576K
}
Event: 6.917 GC heap after
{Heap after GC invocations=20 (full 0):
 garbage-first heap   total 79872K, used 32709K [0x00000000c0000000, 0x0000000100000000)
  region size 1024K, 1 young (1024K), 1 survivors (1024K)
 Metaspace       used 13059K, committed 13248K, reserved 1114112K
  class space    used 916K, committed 1024K, reserved 1048576K
}

Dll operation events (14 events):
Event: 0.005 Loaded shared library C:\Program Files\Processing\app\resources\jdk-17.0.14+7\bin\java.dll
Event: 0.017 Loaded shared library C:\Program Files\Processing\app\resources\jdk-17.0.14+7\bin\jsvml.dll
Event: 0.088 Loaded shared library C:\Program Files\Processing\app\resources\jdk-17.0.14+7\bin\net.dll
Event: 0.088 Loaded shared library C:\Program Files\Processing\app\resources\jdk-17.0.14+7\bin\nio.dll
Event: 0.091 Loaded shared library C:\Program Files\Processing\app\resources\jdk-17.0.14+7\bin\zip.dll
Event: 0.127 Loaded shared library C:\Program Files\Processing\app\resources\jdk-17.0.14+7\bin\jimage.dll
Event: 0.130 Loaded shared library C:\Program Files\Processing\app\resources\jdk-17.0.14+7\bin\awt.dll
Event: 0.387 Loaded shared library C:\Users\danil\AppData\Local\Temp\jogamp_0000\file_cache\jln4400264752324728462\jln15079169529512731076\natives\windows-amd64\gluegen_rt.dll
Event: 0.393 Loaded shared library C:\Program Files\Processing\app\resources\jdk-17.0.14+7\bin\jawt.dll
Event: 0.403 Loaded shared library C:\Users\danil\AppData\Local\Temp\jogamp_0000\file_cache\jln4400264752324728462\jln15079169529512731076\natives\windows-amd64\nativewindow_awt.dll
Event: 0.429 Loaded shared library C:\Users\danil\AppData\Local\Temp\jogamp_0000\file_cache\jln4400264752324728462\jln15079169529512731076\natives\windows-amd64\nativewindow_win32.dll
Event: 0.507 Loaded shared library C:\Users\danil\AppData\Local\Temp\jogamp_0000\file_cache\jln4400264752324728462\jln15079169529512731076\natives\windows-amd64\jogl_desktop.dll
Event: 0.661 Loaded shared library C:\Users\danil\AppData\Local\Temp\jogamp_0000\file_cache\jln4400264752324728462\jln15079169529512731076\natives\windows-amd64\jogl_mobile.dll
Event: 1.394 Loaded shared library C:\Users\danil\AppData\Local\Temp\jogamp_0000\file_cache\jln4400264752324728462\jln15079169529512731076\natives\windows-amd64\newt_head.dll

Deoptimization events (20 events):
Event: 7.148 Thread 0x0000018f5763ac20 DEOPT PACKING pc=0x0000018f002c36c1 sp=0x0000000e4a2fee10
Event: 7.148 Thread 0x0000018f5763ac20 DEOPT UNPACKING pc=0x0000018f0758ace3 sp=0x0000000e4a2fe300 mode 1
Event: 7.148 Thread 0x0000018f5763ac20 DEOPT PACKING pc=0x0000018f002b4b74 sp=0x0000000e4a2feea0
Event: 7.148 Thread 0x0000018f5763ac20 DEOPT UNPACKING pc=0x0000018f0758ace3 sp=0x0000000e4a2fe348 mode 1
Event: 7.166 Thread 0x0000018f5763ac20 DEOPT PACKING pc=0x0000018f002c36c1 sp=0x0000000e4a2fed80
Event: 7.166 Thread 0x0000018f5763ac20 DEOPT UNPACKING pc=0x0000018f0758ace3 sp=0x0000000e4a2fe270 mode 1
Event: 7.166 Thread 0x0000018f5763ac20 DEOPT PACKING pc=0x0000018f002b4b74 sp=0x0000000e4a2fee10
Event: 7.166 Thread 0x0000018f5763ac20 DEOPT UNPACKING pc=0x0000018f0758ace3 sp=0x0000000e4a2fe2b8 mode 1
Event: 7.166 Thread 0x0000018f5763ac20 DEOPT PACKING pc=0x0000018f002c36c1 sp=0x0000000e4a2fee10
Event: 7.166 Thread 0x0000018f5763ac20 DEOPT UNPACKING pc=0x0000018f0758ace3 sp=0x0000000e4a2fe300 mode 1
Event: 7.166 Thread 0x0000018f5763ac20 DEOPT PACKING pc=0x0000018f002b4b74 sp=0x0000000e4a2feea0
Event: 7.166 Thread 0x0000018f5763ac20 DEOPT UNPACKING pc=0x0000018f0758ace3 sp=0x0000000e4a2fe348 mode 1
Event: 7.201 Thread 0x0000018f555cfe00 Uncommon trap: trap_request=0xffffff45 fr.pc=0x0000018f07b4bfe8 relative=0x00000000000001e8
Event: 7.201 Thread 0x0000018f555cfe00 Uncommon trap: reason=unstable_if action=reinterpret pc=0x0000018f07b4bfe8 method=java.util.HashMap$HashIterator.<init>(Ljava/util/HashMap;)V @ 38 c2
Event: 7.201 Thread 0x0000018f555cfe00 DEOPT PACKING pc=0x0000018f07b4bfe8 sp=0x0000000e496fefb0
Event: 7.201 Thread 0x0000018f555cfe00 DEOPT UNPACKING pc=0x0000018f0758a1a3 sp=0x0000000e496fef58 mode 2
Event: 7.205 Thread 0x0000018f555cfe00 Uncommon trap: trap_request=0xffffff45 fr.pc=0x0000018f07b89770 relative=0x00000000000000f0
Event: 7.205 Thread 0x0000018f555cfe00 Uncommon trap: reason=unstable_if action=reinterpret pc=0x0000018f07b89770 method=com.jogamp.common.util.IntIntHashMap.put(II)I @ 21 c2
Event: 7.205 Thread 0x0000018f555cfe00 DEOPT PACKING pc=0x0000018f07b89770 sp=0x0000000e496fed30
Event: 7.205 Thread 0x0000018f555cfe00 DEOPT UNPACKING pc=0x0000018f0758a1a3 sp=0x0000000e496fec98 mode 2

Classes loaded (20 events):
Event: 1.526 Loading class java/util/concurrent/Callable done
Event: 1.526 Loading class java/util/concurrent/Executors$RunnableAdapter done
Event: 1.526 Loading class java/util/concurrent/ThreadPoolExecutor$Worker
Event: 1.526 Loading class java/util/concurrent/ThreadPoolExecutor$Worker done
Event: 1.526 Loading class java/util/concurrent/locks/AbstractQueuedSynchronizer$SharedNode
Event: 1.527 Loading class java/util/concurrent/locks/AbstractQueuedSynchronizer$SharedNode done
Event: 1.577 Loading class sun/nio/cs/StreamDecoder
Event: 1.578 Loading class sun/nio/cs/StreamDecoder done
Event: 1.578 Loading class java/util/regex/Pattern$LookBehindEndNode
Event: 1.578 Loading class java/util/regex/Pattern$LookBehindEndNode done
Event: 1.578 Loading class java/util/regex/Pattern$NotBehind
Event: 1.578 Loading class java/util/regex/Pattern$NotBehind done
Event: 1.578 Loading class java/util/regex/Pattern$Neg
Event: 1.578 Loading class java/util/regex/Pattern$Neg done
Event: 1.579 Loading class java/util/regex/Pattern$Pos
Event: 1.579 Loading class java/util/regex/Pattern$Pos done
Event: 1.586 Loading class java/util/regex/Pattern$SliceS
Event: 1.586 Loading class java/util/regex/Pattern$SliceS done
Event: 7.180 Loading class java/nio/channels/ClosedChannelException
Event: 7.180 Loading class java/nio/channels/ClosedChannelException done

Classes unloaded (0 events):
No events

Classes redefined (0 events):
No events

Internal exceptions (20 events):
Event: 0.116 Thread 0x0000018f717fbc10 Exception <a 'java/lang/NoSuchMethodError'{0x00000000c3ce61c0}: 'void java.lang.invoke.DirectMethodHandle$Holder.invokeStatic(java.lang.Object, java.lang.Object, java.lang.Object)'> (0x00000000c3ce61c0) 
thrown [s\src\hotspot\share\interpreter\linkResolver.cpp, line 759]
Event: 0.123 Thread 0x0000018f717fbc10 Exception <a 'java/lang/ClassNotFoundException'{0x00000000c3b0dd58}: sun/awt/resources/spi/awtProvider> (0x00000000c3b0dd58) 
thrown [s\src\hotspot\share\classfile\systemDictionary.cpp, line 256]
Event: 0.137 Thread 0x0000018f717fbc10 Exception <a 'java/io/FileNotFoundException'{0x00000000c3b63698}> (0x00000000c3b63698) 
thrown [s\src\hotspot\share\prims\jni.cpp, line 516]
Event: 0.141 Thread 0x0000018f717fbc10 Exception <a 'java/io/FileNotFoundException'{0x00000000c3b90af0}> (0x00000000c3b90af0) 
thrown [s\src\hotspot\share\prims\jni.cpp, line 516]
Event: 0.167 Thread 0x0000018f717fbc10 Exception <a 'java/lang/NoSuchMethodError'{0x00000000c3a3e4c0}: 'java.lang.Object java.lang.invoke.DirectMethodHandle$Holder.invokeStaticInit(java.lang.Object)'> (0x00000000c3a3e4c0) 
thrown [s\src\hotspot\share\interpreter\linkResolver.cpp, line 759]
Event: 0.249 Thread 0x0000018f717fbc10 Exception <a 'java/lang/NoSuchMethodError'{0x00000000c364c348}: 'java.lang.Object java.lang.invoke.DirectMethodHandle$Holder.invokeStaticInit(java.lang.Object, int, int, int, int)'> (0x00000000c364c348) 
thrown [s\src\hotspot\share\interpreter\linkResolver.cpp, line 759]
Event: 0.283 Thread 0x0000018f717fbc10 Exception <a 'java/lang/NoSuchMethodError'{0x00000000c3534d08}: 'java.lang.Object java.lang.invoke.DirectMethodHandle$Holder.invokeStaticInit(java.lang.Object, java.lang.Object, int, int, int, int)'> (0x00000000c3534d08) 
thrown [s\src\hotspot\share\interpreter\linkResolver.cpp, line 759]
Event: 0.305 Thread 0x0000018f717fbc10 Exception <a 'java/lang/NoSuchMethodError'{0x00000000c3540458}: 'void java.lang.invoke.DirectMethodHandle$Holder.invokeStatic(java.lang.Object, long)'> (0x00000000c3540458) 
thrown [s\src\hotspot\share\interpreter\linkResolver.cpp, line 759]
Event: 0.305 Thread 0x0000018f717fbc10 Exception <a 'java/lang/NoSuchMethodError'{0x00000000c3545a38}: 'java.lang.Object java.lang.invoke.DirectMethodHandle$Holder.newInvokeSpecial(java.lang.Object, long)'> (0x00000000c3545a38) 
thrown [s\src\hotspot\share\interpreter\linkResolver.cpp, line 759]
Event: 0.307 Thread 0x0000018f717fbc10 Exception <a 'java/lang/NoSuchMethodError'{0x00000000c3550250}: 'java.lang.Object java.lang.invoke.DirectMethodHandle$Holder.invokeStaticInit(java.lang.Object, java.lang.Object, long, java.lang.Object)'> (0x00000000c3550250) 
thrown [s\src\hotspot\share\interpreter\linkResolver.cpp, line 759]
Event: 0.308 Thread 0x0000018f717fbc10 Exception <a 'java/lang/NoSuchMethodError'{0x00000000c3556810}: 'java.lang.Object java.lang.invoke.DirectMethodHandle$Holder.newInvokeSpecial(java.lang.Object, java.lang.Object, long)'> (0x00000000c3556810) 
thrown [s\src\hotspot\share\interpreter\linkResolver.cpp, line 759]
Event: 0.308 Thread 0x0000018f717fbc10 Exception <a 'java/lang/NoSuchMethodError'{0x00000000c355a380}: 'java.lang.Object java.lang.invoke.Invokers$Holder.linkToTargetMethod(java.lang.Object, long, java.lang.Object)'> (0x00000000c355a380) 
thrown [s\src\hotspot\share\interpreter\linkResolver.cpp, line 759]
Event: 0.413 Thread 0x0000018f717fbc10 Exception <a 'java/lang/NoSuchMethodError'{0x00000000c34ca088}: 'java.lang.Object java.lang.invoke.DirectMethodHandle$Holder.invokeInterface(java.lang.Object, java.lang.Object)'> (0x00000000c34ca088) 
thrown [s\src\hotspot\share\interpreter\linkResolver.cpp, line 759]
Event: 0.413 Thread 0x0000018f717fbc10 Exception <a 'java/lang/IncompatibleClassChangeError'{0x00000000c34cd9a8}: Found class java.lang.Object, but interface was expected> (0x00000000c34cd9a8) 
thrown [s\src\hotspot\share\interpreter\linkResolver.cpp, line 826]
Event: 1.457 Thread 0x0000018f717fbc10 Exception <a 'java/lang/NoSuchMethodError'{0x00000000c33ed598}: 'void java.lang.invoke.DirectMethodHandle$Holder.invokeSpecial(java.lang.Object, java.lang.Object, java.lang.Object, java.lang.Object, java.lang.Object)'> (0x00000000c33ed598) 
thrown [s\src\hotspot\share\interpreter\linkResolver.cpp, line 759]
Event: 1.457 Thread 0x0000018f717fbc10 Exception <a 'java/lang/NoSuchMethodError'{0x00000000c33f6558}: 'void java.lang.invoke.DirectMethodHandle$Holder.invokeSpecial(java.lang.Object, java.lang.Object, java.lang.Object)'> (0x00000000c33f6558) 
thrown [s\src\hotspot\share\interpreter\linkResolver.cpp, line 759]
Event: 1.458 Thread 0x0000018f717fbc10 Exception <a 'java/lang/NoSuchMethodError'{0x00000000c33fc888}: 'void java.lang.invoke.DirectMethodHandle$Holder.invokeSpecial(java.lang.Object, java.lang.Object, int)'> (0x00000000c33fc888) 
thrown [s\src\hotspot\share\interpreter\linkResolver.cpp, line 759]
Event: 1.459 Thread 0x0000018f717fbc10 Exception <a 'java/lang/NoSuchMethodError'{0x00000000c3202af0}: 'java.lang.Object java.lang.invoke.DirectMethodHandle$Holder.newInvokeSpecial(java.lang.Object, java.lang.Object, int)'> (0x00000000c3202af0) 
thrown [s\src\hotspot\share\interpreter\linkResolver.cpp, line 759]
Event: 7.180 Thread 0x0000018f55610780 Exception <a 'java/lang/InterruptedException'{0x00000000c3c09798}> (0x00000000c3c09798) 
thrown [s\src\hotspot\share\runtime\objectMonitor.cpp, line 1658]
Event: 7.205 Thread 0x0000018f555cfe00 Implicit null exception at 0x0000018f07b896c4 to 0x0000018f07b8974c

VM Operations (20 events):
Event: 3.685 Executing VM operation: G1CollectForAllocation done
Event: 4.002 Executing VM operation: G1CollectForAllocation
Event: 4.002 Executing VM operation: G1CollectForAllocation done
Event: 4.006 Executing VM operation: G1PauseRemark
Event: 4.006 Executing VM operation: G1PauseRemark done
Event: 4.008 Executing VM operation: G1PauseCleanup
Event: 4.008 Executing VM operation: G1PauseCleanup done
Event: 4.317 Executing VM operation: G1CollectForAllocation
Event: 4.317 Executing VM operation: G1CollectForAllocation done
Event: 4.834 Executing VM operation: G1CollectForAllocation
Event: 4.835 Executing VM operation: G1CollectForAllocation done
Event: 5.351 Executing VM operation: G1CollectForAllocation
Event: 5.352 Executing VM operation: G1CollectForAllocation done
Event: 5.867 Executing VM operation: G1CollectForAllocation
Event: 5.867 Executing VM operation: G1CollectForAllocation done
Event: 6.384 Executing VM operation: G1CollectForAllocation
Event: 6.385 Executing VM operation: G1CollectForAllocation done
Event: 6.916 Executing VM operation: G1CollectForAllocation
Event: 6.917 Executing VM operation: G1CollectForAllocation done
Event: 7.282 Executing VM operation: Exit

Memory protections (0 events):
No events

Nmethod flushes (0 events):
No events

Events (20 events):
Event: 1.507 Thread 0x0000018f0f6f6500 Thread added: 0x0000018f57785150
Event: 1.507 Thread 0x0000018f0f6f6500 Thread added: 0x0000018f57785670
Event: 1.526 Thread 0x0000018f5763ac20 Thread added: 0x0000018f5760dfd0
Event: 1.526 Thread 0x0000018f5763ac20 Thread added: 0x0000018f5760e9f0
Event: 1.526 Thread 0x0000018f5763ac20 Thread added: 0x0000018f5760ef00
Event: 1.526 Thread 0x0000018f5763ac20 Thread added: 0x0000018f5760f410
Event: 1.831 Thread 0x0000018f57785670 Thread exited: 0x0000018f57785670
Event: 1.831 Thread 0x0000018f57785150 Thread exited: 0x0000018f57785150
Event: 7.180 Thread 0x0000018f5763ac20 Thread added: 0x0000018f5760e4e0
Event: 7.180 Thread 0x0000018f5763ac20 Thread added: 0x0000018f6509a130
Event: 7.180 Thread 0x0000018f5763ac20 Thread added: 0x0000018f6509a640
Event: 7.180 Thread 0x0000018f55610780 Thread exited: 0x0000018f55610780
Event: 7.180 Thread 0x0000018f5509c600 Thread added: 0x0000018f65098cf0
Event: 7.180 Thread 0x0000018f6509a640 Thread exited: 0x0000018f6509a640
Event: 7.181 Thread 0x0000018f57576de0 Thread exited: 0x0000018f57576de0
Event: 7.182 Thread 0x0000018f5509c600 Thread exited: 0x0000018f5509c600
Event: 7.206 Thread 0x0000018f555cfe00 Thread exited: 0x0000018f555cfe00
Event: 7.208 Thread 0x0000018f5760e4e0 Thread exited: 0x0000018f5760e4e0
Event: 7.281 Thread 0x0000018f6509a130 Thread exited: 0x0000018f6509a130
Event: 7.282 Thread 0x0000018f5763ac20 Before exit entered


Dynamic libraries:
0x00007ff7c9de0000 - 0x00007ff7c9dee000 	C:\Program Files\Processing\app\resources\jdk-17.0.14+7\bin\java.exe
0x00007ffa7da60000 - 0x00007ffa7dcc7000 	C:\WINDOWS\SYSTEM32\ntdll.dll
0x00007ffa7c020000 - 0x00007ffa7c0e9000 	C:\WINDOWS\System32\KERNEL32.DLL
0x00007ffa7a540000 - 0x00007ffa7a937000 	C:\WINDOWS\System32\KERNELBASE.dll
0x00007ffa7ab20000 - 0x00007ffa7ac6b000 	C:\WINDOWS\System32\ucrtbase.dll
0x00007ffa4d920000 - 0x00007ffa4d937000 	C:\Program Files\Processing\app\resources\jdk-17.0.14+7\bin\jli.dll
0x00007ffa4d900000 - 0x00007ffa4d91e000 	C:\Program Files\Processing\app\resources\jdk-17.0.14+7\bin\VCRUNTIME140.dll
0x00007ffa7bdd0000 - 0x00007ffa7bf96000 	C:\WINDOWS\System32\USER32.dll
0x00007ffa61590000 - 0x00007ffa61822000 	C:\WINDOWS\WinSxS\amd64_microsoft.windows.common-controls_6595b64144ccf1df_6.0.26100.8457_none_3e0b2faee331e92d\COMCTL32.dll
0x00007ffa7b630000 - 0x00007ffa7b657000 	C:\WINDOWS\System32\win32u.dll
0x00007ffa7b7e0000 - 0x00007ffa7b889000 	C:\WINDOWS\System32\msvcrt.dll
0x00007ffa7cc40000 - 0x00007ffa7cc6b000 	C:\WINDOWS\System32\GDI32.dll
0x00007ffa7a940000 - 0x00007ffa7aa6c000 	C:\WINDOWS\System32\gdi32full.dll
0x00007ffa7a490000 - 0x00007ffa7a533000 	C:\WINDOWS\System32\msvcp_win.dll
0x00007ffa7ba00000 - 0x00007ffa7ba32000 	C:\WINDOWS\System32\IMM32.DLL
0x00007ffa736e0000 - 0x00007ffa736ec000 	C:\Program Files\Processing\app\resources\jdk-17.0.14+7\bin\vcruntime140_1.dll
0x00007ffa24150000 - 0x00007ffa241dd000 	C:\Program Files\Processing\app\resources\jdk-17.0.14+7\bin\msvcp140.dll
0x00007ff9b1440000 - 0x00007ff9b20ab000 	C:\Program Files\Processing\app\resources\jdk-17.0.14+7\bin\server\jvm.dll
0x00007ffa7d380000 - 0x00007ffa7d436000 	C:\WINDOWS\System32\ADVAPI32.dll
0x00007ffa7d450000 - 0x00007ffa7d4f7000 	C:\WINDOWS\System32\sechost.dll
0x00007ffa7d610000 - 0x00007ffa7d728000 	C:\WINDOWS\System32\RPCRT4.dll
0x00007ffa7d500000 - 0x00007ffa7d580000 	C:\WINDOWS\System32\WS2_32.dll
0x00007ffa7a310000 - 0x00007ffa7a36e000 	C:\WINDOWS\SYSTEM32\POWRPROF.dll
0x00007ffa61e60000 - 0x00007ffa61e96000 	C:\WINDOWS\SYSTEM32\WINMM.dll
0x00007ffa704a0000 - 0x00007ffa704ab000 	C:\WINDOWS\SYSTEM32\VERSION.dll
0x00007ffa7a2f0000 - 0x00007ffa7a304000 	C:\WINDOWS\SYSTEM32\UMPDC.dll
0x00007ffa79220000 - 0x00007ffa7923b000 	C:\WINDOWS\SYSTEM32\kernel.appcore.dll
0x00007ffa4d410000 - 0x00007ffa4d41a000 	C:\Program Files\Processing\app\resources\jdk-17.0.14+7\bin\jimage.dll
0x00007ffa72470000 - 0x00007ffa726b2000 	C:\WINDOWS\SYSTEM32\DBGHELP.DLL
0x00007ffa7c870000 - 0x00007ffa7cbf3000 	C:\WINDOWS\System32\combase.dll
0x00007ffa7bc30000 - 0x00007ffa7bd09000 	C:\WINDOWS\System32\OLEAUT32.dll
0x00007ffa410a0000 - 0x00007ffa410db000 	C:\WINDOWS\SYSTEM32\dbgcore.DLL
0x00007ffa7aa70000 - 0x00007ffa7ab18000 	C:\WINDOWS\System32\bcryptPrimitives.dll
0x00007ffa457d0000 - 0x00007ffa4580b000 	C:\Program Files\Processing\app\resources\jdk-17.0.14+7\bin\jdwp.dll
0x00007ffa4c330000 - 0x00007ffa4c355000 	C:\Program Files\Processing\app\resources\jdk-17.0.14+7\bin\java.dll
0x00007ff9eca50000 - 0x00007ff9ecb27000 	C:\Program Files\Processing\app\resources\jdk-17.0.14+7\bin\jsvml.dll
0x00007ffa7c0f0000 - 0x00007ffa7c85e000 	C:\WINDOWS\System32\SHELL32.dll
0x00007ffa7ac70000 - 0x00007ffa7b4dc000 	C:\WINDOWS\System32\windows.storage.dll
0x00007ffa7d730000 - 0x00007ffa7d826000 	C:\WINDOWS\System32\SHCORE.dll
0x00007ffa7d210000 - 0x00007ffa7d276000 	C:\WINDOWS\System32\shlwapi.dll
0x00007ffa7a3b0000 - 0x00007ffa7a3d9000 	C:\WINDOWS\SYSTEM32\profapi.dll
0x00007ffa4d400000 - 0x00007ffa4d40c000 	C:\Program Files\Processing\app\resources\jdk-17.0.14+7\bin\dt_socket.dll
0x00007ffa78c30000 - 0x00007ffa78c62000 	C:\WINDOWS\SYSTEM32\IPHLPAPI.DLL
0x00007ffa79790000 - 0x00007ffa797fc000 	C:\WINDOWS\system32\mswsock.dll
0x00007ffa4ce10000 - 0x00007ffa4ce29000 	C:\Program Files\Processing\app\resources\jdk-17.0.14+7\bin\net.dll
0x00007ffa775b0000 - 0x00007ffa776d9000 	C:\WINDOWS\SYSTEM32\WINHTTP.dll
0x00007ffa4cd70000 - 0x00007ffa4cd86000 	C:\Program Files\Processing\app\resources\jdk-17.0.14+7\bin\nio.dll
0x00007ffa47890000 - 0x00007ffa478a8000 	C:\Program Files\Processing\app\resources\jdk-17.0.14+7\bin\zip.dll
0x00007ff9ec710000 - 0x00007ff9ec8a0000 	C:\Program Files\Processing\app\resources\jdk-17.0.14+7\bin\awt.dll
0x00007ffa76060000 - 0x00007ffa76100000 	C:\WINDOWS\SYSTEM32\apphelp.dll
0x00007ffa77ee0000 - 0x00007ffa77f8a000 	C:\WINDOWS\system32\uxtheme.dll
0x00007ffa7b890000 - 0x00007ffa7b9ec000 	C:\WINDOWS\System32\MSCTF.dll
0x00007ffa7ba40000 - 0x00007ffa7bbd7000 	C:\WINDOWS\System32\ole32.dll
0x00007ffa781d0000 - 0x00007ffa781ff000 	C:\WINDOWS\system32\DWMAPI.DLL
0x00007ffa33d40000 - 0x00007ffa33e4f000 	C:\WINDOWS\system32\opengl32.dll
0x00007ffa36620000 - 0x00007ffa3664d000 	C:\WINDOWS\SYSTEM32\GLU32.dll
0x00007ffa77ff0000 - 0x00007ffa78035000 	C:\WINDOWS\SYSTEM32\dxcore.dll
0x00007ffa79a70000 - 0x00007ffa79a8b000 	C:\WINDOWS\SYSTEM32\CRYPTSP.dll
0x00007ffa79180000 - 0x00007ffa791b9000 	C:\WINDOWS\system32\rsaenh.dll
0x00007ffa79840000 - 0x00007ffa79873000 	C:\WINDOWS\SYSTEM32\USERENV.dll
0x00007ffa7a380000 - 0x00007ffa7a3aa000 	C:\WINDOWS\SYSTEM32\bcrypt.dll
0x00007ffa79a90000 - 0x00007ffa79a9c000 	C:\WINDOWS\SYSTEM32\CRYPTBASE.dll
0x00007ffa7cc00000 - 0x00007ffa7cc0a000 	C:\WINDOWS\System32\NSI.dll
0x00007ffa77800000 - 0x00007ffa7781d000 	C:\WINDOWS\SYSTEM32\dhcpcsvc6.DLL
0x00007ffa77750000 - 0x00007ffa77775000 	C:\WINDOWS\SYSTEM32\dhcpcsvc.DLL
0x00007ffa78ce0000 - 0x00007ffa78e12000 	C:\WINDOWS\SYSTEM32\DNSAPI.dll
0x00007ffa419e0000 - 0x00007ffa419f3000 	C:\Users\danil\AppData\Local\Temp\jogamp_0000\file_cache\jln4400264752324728462\jln15079169529512731076\natives\windows-amd64\gluegen_rt.dll
0x00007ffa46bc0000 - 0x00007ffa46bc7000 	C:\Program Files\Processing\app\resources\jdk-17.0.14+7\bin\jawt.dll
0x00007ffa457c0000 - 0x00007ffa457cd000 	C:\Users\danil\AppData\Local\Temp\jogamp_0000\file_cache\jln4400264752324728462\jln15079169529512731076\natives\windows-amd64\nativewindow_awt.dll
0x00007ffa41800000 - 0x00007ffa41815000 	C:\Users\danil\AppData\Local\Temp\jogamp_0000\file_cache\jln4400264752324728462\jln15079169529512731076\natives\windows-amd64\nativewindow_win32.dll
0x00007ff9ec680000 - 0x00007ff9ec703000 	C:\Users\danil\AppData\Local\Temp\jogamp_0000\file_cache\jln4400264752324728462\jln15079169529512731076\natives\windows-amd64\jogl_desktop.dll
0x00007ffa24380000 - 0x00007ffa243d2000 	C:\Users\danil\AppData\Local\Temp\jogamp_0000\file_cache\jln4400264752324728462\jln15079169529512731076\natives\windows-amd64\jogl_mobile.dll
0x00007ffa73470000 - 0x00007ffa734d1000 	C:\WINDOWS\SYSTEM32\directxdatabasehelper.dll
0x00007ffa665e0000 - 0x00007ffa665fd000 	C:\WINDOWS\SYSTEM32\windows.staterepositorycore.dll
0x00007ff9af790000 - 0x00007ff9b0763000 	C:\WINDOWS\System32\DriverStore\FileRepository\iigd_dch.inf_amd64_225f37aa3862fc3f\igxelpicd64.dll
0x00007ffa78040000 - 0x00007ffa7817e000 	C:\WINDOWS\system32\dxgi.dll
0x00007ff9d3b70000 - 0x00007ff9d3ff7000 	C:\WINDOWS\System32\DriverStore\FileRepository\iigd_dch.inf_amd64_225f37aa3862fc3f\igdml64.dll
0x00007ffa7a000000 - 0x00007ffa7a051000 	C:\WINDOWS\SYSTEM32\cfgmgr32.dll
0x00007ffa704b0000 - 0x00007ffa70871000 	C:\WINDOWS\System32\DriverStore\FileRepository\iigd_dch.inf_amd64_225f37aa3862fc3f\igdgmm64.dll
0x00007ffa6d290000 - 0x00007ffa70496000 	C:\WINDOWS\System32\DriverStore\FileRepository\iigd_dch.inf_amd64_225f37aa3862fc3f\igc64.dll
0x00007ffa3ade0000 - 0x00007ffa3adf9000 	C:\Users\danil\AppData\Local\Temp\jogamp_0000\file_cache\jln4400264752324728462\jln15079169529512731076\natives\windows-amd64\newt_head.dll
0x00007ffa6bce0000 - 0x00007ffa6bd9f000 	C:\WINDOWS\SYSTEM32\mscms.dll
0x00007ffa111b0000 - 0x00007ffa111f9000 	C:\WINDOWS\SYSTEM32\icm32.dll
0x00007ffa7cc70000 - 0x00007ffa7d0f7000 	C:\WINDOWS\System32\setupapi.dll
0x00007ffa79fd0000 - 0x00007ffa79ffd000 	C:\WINDOWS\SYSTEM32\DEVOBJ.dll
0x00007ffa7b4e0000 - 0x00007ffa7b562000 	C:\WINDOWS\System32\WINTRUST.dll
0x00007ffa7b660000 - 0x00007ffa7b7d8000 	C:\WINDOWS\System32\CRYPT32.dll
0x00007ffa79ba0000 - 0x00007ffa79bb3000 	C:\WINDOWS\SYSTEM32\MSASN1.dll
0x00007ffa4d4c0000 - 0x00007ffa4d606000 	C:\WINDOWS\SYSTEM32\textinputframework.dll
0x00007ffa76ea0000 - 0x00007ffa76fc7000 	C:\WINDOWS\SYSTEM32\CoreMessaging.dll
0x00007ffa726c0000 - 0x00007ffa729a2000 	C:\WINDOWS\SYSTEM32\CoreUIComponents.dll
0x00007ffa737b0000 - 0x00007ffa7391a000 	C:\WINDOWS\SYSTEM32\wintypes.dll

dbghelp: loaded successfully - version: 4.0.5 - missing functions: none
symbol engine: initialized successfully - sym options: 0x614 - pdb path: .;C:\Program Files\Processing\app\resources\jdk-17.0.14+7\bin;C:\WINDOWS\SYSTEM32;C:\WINDOWS\WinSxS\amd64_microsoft.windows.common-controls_6595b64144ccf1df_6.0.26100.8457_none_3e0b2faee331e92d;C:\Program Files\Processing\app\resources\jdk-17.0.14+7\bin\server;C:\Users\danil\AppData\Local\Temp\jogamp_0000\file_cache\jln4400264752324728462\jln15079169529512731076\natives\windows-amd64;C:\WINDOWS\System32\DriverStore\FileRepository\iigd_dch.inf_amd64_225f37aa3862fc3f

VM Arguments:
jvm_args: -agentlib:jdwp=transport=dt_socket,address=8100,server=y,suspend=y,quiet=y -Xms64m -Xmx1024m -Djna.nosys=true -Djava.library.path=;C:\Program Files\Processing\app\resources\core\library;C:\Program Files\Processing;C:\WINDOWS\system32;C:\WINDOWS;C:\Program Files\PlasticSCM5\server;C:\Program Files\PlasticSCM5\client;C:\Program Files\Common Files\Oracle\Java\javapath;C:\Program Files (x86)\Common Files\Oracle\Java\javapath;C:\Windows\System32\HWAudioDriverLibs;C:\Windows\system32;C:\Windows;C:\Windows\System32\Wbem;C:\Windows\System32\WindowsPowerShell\v1.0;C:\Windows\System32\OpenSSH;C:\Program Files\Microsoft SQL Server\150\Tools\Binn;C:\Program Files\Microsoft SQL Server\Client SDK\ODBC\170\Tools\Binn;C:\Program Files\dotnet;D:\Windows Kits\10\Windows Performance Toolkit;C:\Program Files\Java\jdk-23\bin;C:\WINDOWS\system32;C:\WINDOWS;C:\WINDOWS\System32\Wbem;C:\WINDOWS\System32\WindowsPowerShell\v1.0;C:\WINDOWS\System32\OpenSSH;C:\Program Files\nodejs;C:\Program Files\Docker\Docker\resources\bin;C:\Program Files\TortoiseGit\bin;C:\Program Files\Git\cmd;C:\Users\danil\AppData\Local\Programs\Python\Python312\Scripts;C:\Users\danil\AppData\Local\Programs\Python\Python312;C:\Users\danil\AppData\Local\Microsoft\WindowsApps;C:\Users\danil\AppData\Local\Programs\Microsoft VS Code\bin;C:\Users\danil\AppData\Roaming\npm;D:\DataBase\18\bin;C:\Program Files\Processing\app;. -ea 
java_command: processing.core.PApplet --editor-location=-7,-7 --external --display=1 --sketch-path=C:\Users\danil\Desktop\Gravity_simul Gravity_simul
java_class_path (initial): C:\Users\danil\AppData\Local\Temp\processing\Gravity_simul16457370110181975672temp;C:\Program Files\Processing\app\resources\core\library\annotations-13.0.jar;C:\Program Files\Processing\app\resources\core\library\antlr-2.7.7.jar;C:\Program Files\Processing\app\resources\core\library\core-4.4.1.jar;C:\Program Files\Processing\app\resources\core\library\gluegen-rt-2.5.0-natives-android-aarch64.jar;C:\Program Files\Processing\app\resources\core\library\gluegen-rt-2.5.0-natives-linux-aarch64.jar;C:\Program Files\Processing\app\resources\core\library\gluegen-rt-2.5.0-natives-linux-amd64.jar;C:\Program Files\Processing\app\resources\core\library\gluegen-rt-2.5.0-natives-linux-armv6hf.jar;C:\Program Files\Processing\app\resources\core\library\gluegen-rt-2.5.0-natives-macosx-universal.jar;C:\Program Files\Processing\app\resources\core\library\gluegen-rt-2.5.0-natives-windows-amd64.jar;C:\Program Files\Processing\app\resources\core\library\gluegen-rt-2.5.0.jar;C:\Program Files\Processing\app\resources\core\library\gluegen-rt-main-2.5.0.jar;C:\Program Files\Processing\app\resources\core\library\jogl-all-2.5.0-natives-android-aarch64.jar;C:\Program Files\Processing\app\resources\core\library\jogl-all-2.5.0-natives-linux-aarch64.jar;C:\Program Files\Processing\app\resources\core\library\jogl-all-2.5.0-natives-linux-amd64.jar;C:\Program Files\Processing\app\resources\core\library\jogl-all-2.5.0-natives-linux-armv6hf.jar;C:\Program Files\Processing\app\resources\core\library\jogl-all-2.5.0-natives-macosx-universal.jar;C:\Program Files\Processing\app\resources\core\library\jogl-all-2.5.0-natives-windows-amd64.jar;C:\Program Files\Processing\app\resources\core\library\jogl-all-2.5.0.jar;C:\Program Files\Processing\app\resources\core\library\jogl-all-main-2.5.0.jar;C:\Program Files\Processing\app\resources\core\library\kotlin-stdlib-2.0.20.jar
Launcher Type: SUN_STANDARD

[Global flags]
     intx CICompilerCount                          = 4                                         {product} {ergonomic}
     uint ConcGCThreads                            = 2                                         {product} {ergonomic}
     uint G1ConcRefinementThreads                  = 8                                         {product} {ergonomic}
   size_t G1HeapRegionSize                         = 1048576                                   {product} {ergonomic}
    uintx GCDrainStackTargetSize                   = 64                                        {product} {ergonomic}
   size_t InitialHeapSize                          = 67108864                                  {product} {command line}
   size_t MarkStackSize                            = 4194304                                   {product} {ergonomic}
   size_t MaxHeapSize                              = 1073741824                                {product} {command line}
   size_t MaxNewSize                               = 643825664                                 {product} {ergonomic}
   size_t MinHeapDeltaBytes                        = 1048576                                   {product} {ergonomic}
   size_t MinHeapSize                              = 67108864                                  {product} {command line}
    uintx NonNMethodCodeHeapSize                   = 5839372                                {pd product} {ergonomic}
    uintx NonProfiledCodeHeapSize                  = 122909434                              {pd product} {ergonomic}
    uintx ProfiledCodeHeapSize                     = 122909434                              {pd product} {ergonomic}
    uintx ReservedCodeCacheSize                    = 251658240                              {pd product} {ergonomic}
     bool SegmentedCodeCache                       = true                                      {product} {ergonomic}
   size_t SoftMaxHeapSize                          = 1073741824                             {manageable} {ergonomic}
     bool UseCompressedClassPointers               = true                           {product lp64_product} {ergonomic}
     bool UseCompressedOops                        = true                           {product lp64_product} {ergonomic}
     bool UseG1GC                                  = true                                      {product} {ergonomic}
     bool UseLargePagesIndividualAllocation        = false                                  {pd product} {ergonomic}

Logging:
Log output configuration:
 #0: stdout all=off uptime,level,tags
 #1: stderr all=off uptime,level,tags

Environment Variables:
JAVA_HOME=C:\Program Files\Java\jdk-23
PATH=C:\Program Files\PlasticSCM5\server;C:\Program Files\PlasticSCM5\client;C:\Program Files\Common Files\Oracle\Java\javapath;C:\Program Files (x86)\Common Files\Oracle\Java\javapath;C:\Windows\System32\HWAudioDriverLibs;C:\Windows\system32;C:\Windows;C:\Windows\System32\Wbem;C:\Windows\System32\WindowsPowerShell\v1.0\;C:\Windows\System32\OpenSSH\;C:\Users\Administrator\AppData\Local\Microsoft\WindowsApps;C:\Program Files\Microsoft SQL Server\150\Tools\Binn\;C:\Program Files\Microsoft SQL Server\Client SDK\ODBC\170\Tools\Binn\;C:\Program Files\dotnet\;D:\Windows Kits\10\Windows Performance Toolkit\;C:\Program Files\Java\jdk-23\bin;C:\WINDOWS\system32;C:\WINDOWS;C:\WINDOWS\System32\Wbem;C:\WINDOWS\System32\WindowsPowerShell\v1.0\;C:\WINDOWS\System32\OpenSSH\;C:\Program Files\nodejs\;C:\Program Files\Docker\Docker\resources\bin;C:\Program Files\TortoiseGit\bin;C:\Program Files\Git\cmd;C:\Users\danil\AppData\Local\Programs\Python\Python312\Scripts\;C:\Users\danil\AppData\Local\Programs\Python\Python312\;C:\Users\danil\AppData\Local\Microsoft\WindowsApps;C:\Users\danil\.dotnet\tools;C:\Users\danil\AppData\Local\Programs\Microsoft VS Code\bin;C:\Users\danil\AppData\Roaming\npm;D:\DataBase\18\bin;C:\Program Files\Processing\app
USERNAME=danil
OS=Windows_NT
PROCESSOR_IDENTIFIER=Intel64 Family 6 Model 140 Stepping 2, GenuineIntel
TMP=C:\Users\danil\AppData\Local\Temp
TEMP=C:\Users\danil\AppData\Local\Temp



Periodic native trim disabled


---------------  S Y S T E M  ---------------

OS:
 Windows 11 , 64 bit Build 26100 (10.0.26100.8328)
OS uptime: 0 days 4:35 hours
Hyper-V role detected

CPU: total 8 (initial active 8) (4 cores per cpu, 2 threads per core) family 6 model 140 stepping 2 microcode 0x16, cx8, cmov, fxsr, ht, mmx, 3dnowpref, sse, sse2, sse3, ssse3, sse4.1, sse4.2, popcnt, lzcnt, tsc, tscinvbit, avx, avx2, aes, erms, clmul, bmi1, bmi2, adx, avx512f, avx512dq, avx512cd, avx512bw, avx512vl, sha, fma, vzeroupper, avx512_vpopcntdq, avx512_vpclmulqdq, avx512_vaes, avx512_vnni, clflush, clflushopt, clwb, avx512_vbmi2, avx512_vbmi, hv
Processor Information for all 8 processors :
  Max Mhz: 2496, Current Mhz: 2496, Mhz Limit: 2496

Memory: 4k page, system-wide physical 7975M (2229M free)
TotalPageFile size 17703M (AvailPageFile size 8230M)
current process WorkingSet (physical memory assigned to process): 398M, peak: 415M
current process commit charge ("private bytes"): 382M, peak: 404M

vm_info: OpenJDK 64-Bit Server VM (17.0.14+7) for windows-amd64 JRE (17.0.14+7), built on Jan 21 2025 23:40:15 by "admin" with MS VC++ 17.7 (VS2022)

END.
