#
# A fatal error has been detected by the Java Runtime Environment:
#
#  EXCEPTION_ACCESS_VIOLATION (0xc0000005) at pc=0x00007ffdf360b386, pid=16036, tid=15368
#
# JRE version: OpenJDK Runtime Environment Temurin-17.0.14+7 (17.0.14+7) (build 17.0.14+7)
# Java VM: OpenJDK 64-Bit Server VM Temurin-17.0.14+7 (17.0.14+7, mixed mode, sharing, tiered, compressed oops, compressed class ptrs, g1 gc, windows-amd64)
# Problematic frame:
# C  [igxelpicd64.dll+0x23b386]
#
# No core dump will be written. Minidumps are not enabled by default on client versions of Windows
#
# If you would like to submit a bug report, please visit:
#   https://github.com/adoptium/adoptium-support/issues
#

---------------  S U M M A R Y ------------

Command Line: -agentlib:jdwp=transport=dt_socket,address=8777,server=y,suspend=y,quiet=y -Xms64m -Xmx1024m -Djna.nosys=true -Djava.library.path=;C:\Program Files\Processing\app\resources\core\library;C:\Program Files\Processing;C:\WINDOWS\system32;C:\WINDOWS;C:\Program Files\PlasticSCM5\server;C:\Program Files\PlasticSCM5\client;C:\Program Files\Common Files\Oracle\Java\javapath;C:\Program Files (x86)\Common Files\Oracle\Java\javapath;C:\Windows\System32\HWAudioDriverLibs;C:\Windows\system32;C:\Windows;C:\Windows\System32\Wbem;C:\Windows\System32\WindowsPowerShell\v1.0;C:\Windows\System32\OpenSSH;C:\Program Files\Microsoft SQL Server\150\Tools\Binn;C:\Program Files\Microsoft SQL Server\Client SDK\ODBC\170\Tools\Binn;C:\Program Files\dotnet;D:\Windows Kits\10\Windows Performance Toolkit;C:\Program Files\Java\jdk-23\bin;C:\WINDOWS\system32;C:\WINDOWS;C:\WINDOWS\System32\Wbem;C:\WINDOWS\System32\WindowsPowerShell\v1.0;C:\WINDOWS\System32\OpenSSH;C:\Program Files\nodejs;C:\Program Files\Docker\Docker\resources\bin;C:\Program Files\TortoiseGit\bin;C:\Program Files\Git\cmd;C:\Users\danil\AppData\Local\Programs\Python\Python312\Scripts;C:\Users\danil\AppData\Local\Programs\Python\Python312;C:\Users\danil\AppData\Local\Microsoft\WindowsApps;C:\Users\danil\AppData\Local\Programs\Microsoft VS Code\bin;C:\Users\danil\AppData\Roaming\npm;D:\DataBase\18\bin;C:\Program Files\Processing\app;. -ea processing.core.PApplet --editor-location=-7,-7 --external --display=1 --sketch-path=C:\Users\danil\Desktop\Gravity_simul Gravity_simul

Host: 11th Gen Intel(R) Core(TM) i5-1155G7 @ 2.50GHz, 8 cores, 7G,  Windows 11 , 64 bit Build 26100 (10.0.26100.8328)
Time: Sun Jun 28 13:45:30 2026 RTZ 3 (s 11 , 64 bit Build 26100 (10.0.26100.8328) elapsed time: 7.485694 seconds (0d 0h 0m 7s)

---------------  T H R E A D  ---------------

Current thread (0x00000212a7f44fa0):  VMThread "VM Thread" [stack: 0x00000060f2a00000,0x00000060f2b00000] [id=15368]

Stack: [0x00000060f2a00000,0x00000060f2b00000],  sp=0x00000060f2afe490,  free space=1017k
Native frames: (J=compiled Java code, j=interpreted, Vv=VM code, C=native code)
C  [igxelpicd64.dll+0x23b386]


siginfo: EXCEPTION_ACCESS_VIOLATION (0xc0000005), reading address 0x0000000000035468


Registers:
RAX=0x00000212efb173f0, RBX=0x00000212edccdd10, RCX=0x0000000000000004, RDX=0x0000000000000000
RSP=0x00000060f2afe490, RBP=0x0000000000000000, RSI=0x00000212efb171f0, RDI=0x00000212ed75e9e0
R8 =0x00000212efb172f0, R9 =0x00000060f1e55000, R10=0x0000000000000000, R11=0x0000000000000246
R12=0x00000212efb171f0, R13=0x0000000000000000, R14=0x00000212efb17738, R15=0x00000212efb19aa0
RIP=0x00007ffdf360b386, EFLAGS=0x0000000000010206


Register to memory mapping:

RIP=0x00007ffdf360b386 igxelpicd64.dll
RAX=0x00000212efb173f0 points into unknown readable memory: 0x00000000000019ae | ae 19 00 00 00 00 00 00
RBX=0x00000212edccdd10 points into unknown readable memory: 0xffffffffffffffff | ff ff ff ff ff ff ff ff
RCX=0x0000000000000004 is an unknown value
RDX=0x0 is NULL
RSP=0x00000060f2afe490 points into unknown readable memory: 0x00000212edccdd10 | 10 dd cc ed 12 02 00 00
RBP=0x0 is NULL
RSI=0x00000212efb171f0 points into unknown readable memory: 0x00000212edd3d310 | 10 d3 d3 ed 12 02 00 00
RDI=0x00000212ed75e9e0 points into unknown readable memory: 0xc2190e00c1190900 | 00 09 19 c1 00 0e 19 c2
R8 =0x00000212efb172f0 points into unknown readable memory: 0x0000000000000000 | 00 00 00 00 00 00 00 00
R9 =0x00000060f1e55000 points into unknown readable memory: 0x0000000000000000 | 00 00 00 00 00 00 00 00
R10=0x0 is NULL
R11=0x0000000000000246 is an unknown value
R12=0x00000212efb171f0 points into unknown readable memory: 0x00000212edd3d310 | 10 d3 d3 ed 12 02 00 00
R13=0x0 is NULL
R14=0x00000212efb17738 points into unknown readable memory: 0x00000212efb19aa0 | a0 9a b1 ef 12 02 00 00
R15=0x00000212efb19aa0 points into unknown readable memory: 0x00000212edd3d310 | 10 d3 d3 ed 12 02 00 00


Top of Stack: (sp=0x00000060f2afe490)
0x00000060f2afe490:   00000212edccdd10 038350bd008f38bd
0x00000060f2afe4a0:   029d43be033838be 02eec1be02aa5abe
0x00000060f2afe4b0:   0000001602000000 0000000000000000
0x00000060f2afe4c0:   0361b7c0039c4fc0 02c81bc2026319c1
0x00000060f2afe4d0:   00000212edccdd10 00f399c302908ec3
0x00000060f2afe4e0:   02330ac5039807c4 038eebc602c88ec5
0x00000060f2afe4f0:   036f88c800d75dc7 033fe8c9034d31c9
0x00000060f2afe500:   00b723ca02c41aca 037086ca039f35ca
0x00000060f2afe510:   033837cb027527cb 0385f7cb024d47cb
0x00000060f2afe520:   037086cc005649cc 036711cd039807cd
0x00000060f2afe530:   0165f3cf0283bacd 036f30d001ba0ad0
0x00000060f2afe540:   036ac6d0039189d0 037086d101e4f6d0
0x00000060f2afe550:   038d2bd20347fdd1 0377c8d20364afd2
0x00000060f2afe560:   038469d3039f30d3 014b83d3006182d3
0x00000060f2afe570:   032a08d40362d8d3 00007ffe8d905b54
0x00000060f2afe580:   0000000000000000 0000000000000000
0x00000060f2afe590:   00000060f2afe730 00007ffe8b771259
0x00000060f2afe5a0:   00000060f2afe628 0000000000000000
0x00000060f2afe5b0:   0000000000000054 0000000000000000
0x00000060f2afe5c0:   02f463dc037086da 00007ffe8d905cc4
0x00000060f2afe5d0:   037086df03925ade 02fd6ce0028f19e0
0x00000060f2afe5e0:   00002cbdcacdf384 0376e8e101b093e1
0x00000060f2afe5f0:   00000212ef9269f8 00000000000019e4
0x00000060f2afe600:   0000000000000000 0000000000000016
0x00000060f2afe610:   0000000000000000 0000000000000000
0x00000060f2afe620:   00000060f2afe730 00007ffdf36382ae
0x00000060f2afe630:   00000212ed75e9e0 0000000000000000
0x00000060f2afe640:   00000212ed75e9e0 02820cea01b0b7e9
0x00000060f2afe650:   0000006000000d54 0000740400870000
0x00000060f2afe660:   0000000000000000 035699eb01df7feb
0x00000060f2afe670:   035546ec027a29ec 03a116ee029acaec
0x00000060f2afe680:   02b303f002718eef 02742af0029f24f0 

Instructions: (pc=0x00007ffdf360b386)
0x00007ffdf360b286:   00 90 4c 8b bf 80 02 00 00 48 8b 05 9a 85 bd 00
0x00007ffdf360b296:   8b 80 c8 0a 00 00 89 44 24 24 c6 44 24 20 00 48
0x00007ffdf360b2a6:   c7 87 80 02 00 00 00 00 00 00 c7 87 88 02 00 00
0x00007ffdf360b2b6:   00 00 00 00 48 c7 87 a0 02 00 00 00 00 00 00 48
0x00007ffdf360b2c6:   c7 87 90 02 00 00 00 00 00 00 48 85 ed 75 3d 8b
0x00007ffdf360b2d6:   35 0d 77 cd 00 65 48 8b 04 25 58 00 00 00 b9 14
0x00007ffdf360b2e6:   00 00 00 48 8b 04 f0 40 38 2c 01 0f 84 c9 e7 75
0x00007ffdf360b2f6:   00 65 48 8b 04 25 58 00 00 00 bd 20 00 00 00 48
0x00007ffdf360b306:   8b 04 f0 48 8b 2c 28 48 89 6c 24 28 48 3b 2d 07
0x00007ffdf360b316:   9b cd 00 0f 84 9b 10 00 00 4d 85 ff 0f 84 3a 01
0x00007ffdf360b326:   00 00 0f 1f 84 00 00 00 00 00 49 8b f7 4d 8b e7
0x00007ffdf360b336:   4d 8d b7 48 05 00 00 4d 8b 3e 45 84 ed 0f 85 d9
0x00007ffdf360b346:   0e 00 00 8b 8f d0 01 00 00 48 8b 05 da 84 bd 00
0x00007ffdf360b356:   83 b8 64 03 00 00 02 75 34 4d 8d 84 24 00 01 00
0x00007ffdf360b366:   00 83 f9 10 0f 83 3a 01 00 00 8b c1 48 c1 e0 06
0x00007ffdf360b376:   49 03 c0 48 85 c0 0f 84 9b 01 00 00 48 8b 50 08
0x00007ffdf360b386:   48 3b 95 68 54 03 00 0f 87 b6 0e 00 00 48 83 be
0x00007ffdf360b396:   c0 05 00 00 00 0f 85 50 e7 75 00 44 8b 8f d0 01
0x00007ffdf360b3a6:   00 00 48 8b 87 e8 01 00 00 4c 8b 00 8b 8f d0 01
0x00007ffdf360b3b6:   00 00 48 8d 9e 00 01 00 00 83 f9 10 0f 83 1e 01
0x00007ffdf360b3c6:   00 00 8b c1 48 c1 e0 06 48 03 c3 48 85 c0 0f 84
0x00007ffdf360b3d6:   4a 01 00 00 4c 39 40 08 0f 86 40 01 00 00 48 8b
0x00007ffdf360b3e6:   87 80 02 00 00 49 89 06 48 89 b7 80 02 00 00 ff
0x00007ffdf360b3f6:   87 88 02 00 00 48 8b 4e 08 48 8b 01 ba 01 00 00
0x00007ffdf360b406:   00 48 8b 80 e0 02 00 00 ff 15 f4 c1 88 00 0f b7
0x00007ffdf360b416:   c8 48 2b c1 48 05 00 00 01 00 48 01 87 90 02 00
0x00007ffdf360b426:   00 48 8b 4e 08 48 8b 01 ba 01 00 00 00 48 8b 80
0x00007ffdf360b436:   e0 02 00 00 ff 15 c8 c1 88 00 48 01 87 a0 02 00
0x00007ffdf360b446:   00 0f b6 54 24 20 4d 85 ff 0f 85 db fe ff ff 84
0x00007ffdf360b456:   d2 0f 85 37 0f 00 00 48 8b 5c 24 40 48 8b cf 80
0x00007ffdf360b466:   7c 24 22 00 0f 85 40 0f 00 00 e8 3b f9 ff ff 90
0x00007ffdf360b476:   48 8b cb ff 15 99 bc 88 00 48 8b 8c 24 50 01 00 


Stack slot to memory mapping:
stack at sp + 0 slots: 0x00000212edccdd10 points into unknown readable memory: 0xffffffffffffffff | ff ff ff ff ff ff ff ff
stack at sp + 1 slots: 0x038350bd008f38bd is an unknown value
stack at sp + 2 slots: 0x029d43be033838be is an unknown value
stack at sp + 3 slots: 0x02eec1be02aa5abe is an unknown value
stack at sp + 4 slots: 0x0000001602000000 is an unknown value
stack at sp + 5 slots: 0x0 is NULL
stack at sp + 6 slots: 0x0361b7c0039c4fc0 is an unknown value
stack at sp + 7 slots: 0x02c81bc2026319c1 is an unknown value

VM_Operation (0x00000060f4cfebf0): Exit, mode: safepoint, requested by thread 0x00000212ef2be2c0


---------------  P R O C E S S  ---------------

Threads class SMR info:
_java_thread_list=0x00000212ef099d60, length=38, elements={
0x00000212a7f4af90, 0x00000212a7f4e980, 0x00000212a7f64240, 0x00000212a7f64b10,
0x00000212a7f653e0, 0x00000212a7f68c40, 0x00000212a7f6b610, 0x00000212a7f72370,
0x00000212ed210950, 0x00000212ed221bf0, 0x00000212ed226cb0, 0x00000212ed22a0f0,
0x00000212ed22e0c0, 0x00000212ed4f4340, 0x00000212eee478a0, 0x00000212ef2be2c0,
0x00000212ed7def70, 0x00000212ed7dd110, 0x00000212ed7de550, 0x00000212ed7dcc00,
0x00000212ed7df480, 0x00000212ed7df990, 0x00000212ed7dc6f0, 0x00000212ed7dd620,
0x00000212805a6f80, 0x00000212805a7490, 0x00000212805a6050, 0x00000212805a5630,
0x00000212805a7eb0, 0x00000212805a79a0, 0x00000212805a5b40, 0x00000212805a6560,
0x00000212805a4700, 0x00000212805a6a70, 0x00000212805a83c0, 0x00000212805a4c10,
0x00000212805a88d0, 0x00000212805ab150
}

Java Threads: ( => current thread )
  0x00000212a7f4af90 JavaThread "Reference Handler" daemon [_thread_blocked, id=19264, stack(0x00000060f2b00000,0x00000060f2c00000)]
  0x00000212a7f4e980 JavaThread "Finalizer" daemon [_thread_blocked, id=18280, stack(0x00000060f2c00000,0x00000060f2d00000)]
  0x00000212a7f64240 JavaThread "Attach Listener" daemon [_thread_blocked, id=12340, stack(0x00000060f2e00000,0x00000060f2f00000)]
  0x00000212a7f64b10 JavaThread "Service Thread" daemon [_thread_blocked, id=16648, stack(0x00000060f2f00000,0x00000060f3000000)]
  0x00000212a7f653e0 JavaThread "Monitor Deflation Thread" daemon [_thread_blocked, id=5252, stack(0x00000060f3000000,0x00000060f3100000)]
  0x00000212a7f68c40 JavaThread "C2 CompilerThread0" daemon [_thread_blocked, id=16316, stack(0x00000060f3100000,0x00000060f3200000)]
  0x00000212a7f6b610 JavaThread "C1 CompilerThread0" daemon [_thread_blocked, id=19052, stack(0x00000060f3200000,0x00000060f3300000)]
  0x00000212a7f72370 JavaThread "Sweeper thread" daemon [_thread_blocked, id=5184, stack(0x00000060f3300000,0x00000060f3400000)]
  0x00000212ed210950 JavaThread "JDWP Transport Listener: dt_socket" daemon [_thread_blocked, id=15000, stack(0x00000060f3400000,0x00000060f3500000)]
  0x00000212ed221bf0 JavaThread "JDWP Event Helper Thread" daemon [_thread_blocked, id=7996, stack(0x00000060f3500000,0x00000060f3600000)]
  0x00000212ed226cb0 JavaThread "JDWP Command Reader" daemon [_thread_blocked, id=15664, stack(0x00000060f3600000,0x00000060f3700000)]
  0x00000212ed22a0f0 JavaThread "Notification Thread" daemon [_thread_blocked, id=7632, stack(0x00000060f3700000,0x00000060f3800000)]
  0x00000212ed22e0c0 JavaThread "Common-Cleaner" daemon [_thread_blocked, id=7984, stack(0x00000060f3900000,0x00000060f3a00000)]
  0x00000212ed4f4340 JavaThread "Java2D Disposer" daemon [_thread_blocked, id=1580, stack(0x00000060f3a00000,0x00000060f3b00000)]
  0x00000212eee478a0 JavaThread "HighResTimerThread" daemon [_thread_blocked, id=17112, stack(0x00000060f4a00000,0x00000060f4b00000)]
  0x00000212ef2be2c0 JavaThread "main-FPSAWTAnimator#00-Timer0" [_thread_blocked, id=1520, stack(0x00000060f4c00000,0x00000060f4d00000)]
  0x00000212ed7def70 JavaThread "DestroyJavaVM" [_thread_blocked, id=12372, stack(0x00000060f2400000,0x00000060f2500000)]
  0x00000212ed7dd110 JavaThread "pool-1-thread-1" [_thread_blocked, id=3272, stack(0x00000060f4e00000,0x00000060f4f00000)]
  0x00000212ed7de550 JavaThread "pool-1-thread-2" [_thread_blocked, id=17352, stack(0x00000060f4f00000,0x00000060f5000000)]
  0x00000212ed7dcc00 JavaThread "pool-1-thread-3" [_thread_blocked, id=9000, stack(0x00000060f5000000,0x00000060f5100000)]
  0x00000212ed7df480 JavaThread "pool-1-thread-4" [_thread_blocked, id=19404, stack(0x00000060f5100000,0x00000060f5200000)]
  0x00000212ed7df990 JavaThread "pool-1-thread-5" [_thread_blocked, id=17440, stack(0x00000060f5200000,0x00000060f5300000)]
  0x00000212ed7dc6f0 JavaThread "pool-1-thread-6" [_thread_blocked, id=16004, stack(0x00000060f5300000,0x00000060f5400000)]
  0x00000212ed7dd620 JavaThread "pool-1-thread-7" [_thread_blocked, id=11000, stack(0x00000060f5400000,0x00000060f5500000)]
  0x00000212805a6f80 JavaThread "pool-1-thread-8" [_thread_blocked, id=6148, stack(0x00000060f5500000,0x00000060f5600000)]
  0x00000212805a7490 JavaThread "pool-1-thread-9" [_thread_blocked, id=18824, stack(0x00000060f5600000,0x00000060f5700000)]
  0x00000212805a6050 JavaThread "pool-1-thread-10" [_thread_blocked, id=4000, stack(0x00000060f5700000,0x00000060f5800000)]
  0x00000212805a5630 JavaThread "pool-1-thread-11" [_thread_blocked, id=17292, stack(0x00000060f5800000,0x00000060f5900000)]
  0x00000212805a7eb0 JavaThread "pool-1-thread-12" [_thread_blocked, id=10692, stack(0x00000060f5900000,0x00000060f5a00000)]
  0x00000212805a79a0 JavaThread "pool-1-thread-13" [_thread_blocked, id=13272, stack(0x00000060f5a00000,0x00000060f5b00000)]
  0x00000212805a5b40 JavaThread "pool-1-thread-14" [_thread_blocked, id=16508, stack(0x00000060f5b00000,0x00000060f5c00000)]
  0x00000212805a6560 JavaThread "pool-1-thread-15" [_thread_blocked, id=10924, stack(0x00000060f5c00000,0x00000060f5d00000)]
  0x00000212805a4700 JavaThread "pool-1-thread-16" [_thread_blocked, id=17720, stack(0x00000060f5d00000,0x00000060f5e00000)]
  0x00000212805a6a70 JavaThread "pool-1-thread-17" [_thread_blocked, id=8396, stack(0x00000060f5e00000,0x00000060f5f00000)]
  0x00000212805a83c0 JavaThread "pool-1-thread-18" [_thread_blocked, id=1788, stack(0x00000060f5f00000,0x00000060f6000000)]
  0x00000212805a4c10 JavaThread "pool-1-thread-19" [_thread_blocked, id=15092, stack(0x00000060f6000000,0x00000060f6100000)]
  0x00000212805a88d0 JavaThread "pool-1-thread-20" [_thread_blocked, id=12880, stack(0x00000060f6100000,0x00000060f6200000)]
  0x00000212805ab150 JavaThread "AWT-Shutdown" [_thread_blocked, id=13216, stack(0x00000060f4b00000,0x00000060f4c00000)]

Other Threads:
=>0x00000212a7f44fa0 VMThread "VM Thread" [stack: 0x00000060f2a00000,0x00000060f2b00000] [id=15368]
  0x000002128a1cea30 GCTaskThread "GC Thread#0" [stack: 0x00000060f2500000,0x00000060f2600000] [id=1380]
  0x00000212ef047710 GCTaskThread "GC Thread#1" [stack: 0x00000060f4200000,0x00000060f4300000] [id=18048]
  0x00000212ef0479d0 GCTaskThread "GC Thread#2" [stack: 0x00000060f4300000,0x00000060f4400000] [id=4260]
  0x00000212ef047c90 GCTaskThread "GC Thread#3" [stack: 0x00000060f4400000,0x00000060f4500000] [id=18696]
  0x00000212ef047f50 GCTaskThread "GC Thread#4" [stack: 0x00000060f4500000,0x00000060f4600000] [id=3984]
  0x00000212ef048210 GCTaskThread "GC Thread#5" [stack: 0x00000060f4600000,0x00000060f4700000] [id=8272]
  0x00000212ef077f30 GCTaskThread "GC Thread#6" [stack: 0x00000060f4700000,0x00000060f4800000] [id=18252]
  0x00000212ef07c200 GCTaskThread "GC Thread#7" [stack: 0x00000060f4800000,0x00000060f4900000] [id=7364]
  0x000002128a1d88a0 ConcurrentGCThread "G1 Main Marker" terminated
  0x000002128a1d9ea0 ConcurrentGCThread "G1 Conc#0" [stack: 0x00000060f2700000,0x00000060f2800000] [id=7824]
  0x0000021280b8a7f0 ConcurrentGCThread "G1 Conc#1" [stack: 0x00000060f6600000,0x00000060f6700000] [id=3988]
  0x000002128a23de90 ConcurrentGCThread "G1 Refine#0" terminated
  0x0000021280c82ad0 ConcurrentGCThread "G1 Refine#1" terminated
  0x0000021280edab10 ConcurrentGCThread "G1 Refine#2" terminated
  0x0000021280ec2aa0 ConcurrentGCThread "G1 Refine#3" terminated
  0x000002128a23e670 ConcurrentGCThread "G1 Service" terminated

Threads with active compile tasks:

VM state: at safepoint (shutting down)

VM Mutex/Monitor currently owned by a thread:  ([mutex/lock_event])
[0x000002128a187dc0] Threads_lock - owner thread: 0x00000212a7f44fa0
[0x000002128a1887e0] Heap_lock - owner thread: 0x00000212ef2be2c0

Heap address: 0x00000000c0000000, size: 1024 MB, Compressed Oops mode: 32-bit

CDS archive(s) mapped at: [0x00000212a8000000-0x00000212a8bb0000-0x00000212a8bb0000), size 12255232, SharedBaseAddress: 0x00000212a8000000, ArchiveRelocationMode: 1.
Compressed class space mapped at: 0x00000212a9000000-0x00000212e9000000, reserved size: 1073741824
Narrow klass base: 0x00000212a8000000, Narrow klass shift: 0, Narrow klass range: 0x100000000

GC Precious Log:
 CPUs: 8 total, 8 available
 Memory: 7975M
 Large Page Support: Disabled
 NUMA Support: Disabled
 Compressed Oops: Enabled (32-bit)
 Heap Region Size: 1M
 Heap Min Capacity: 64M
 Heap Initial Capacity: 64M
 Heap Max Capacity: 1G
 Pre-touch: Disabled
 Parallel Workers: 8
 Concurrent Workers: 2
 Concurrent Refinement Workers: 8
 Periodic GC: Disabled

Heap:
 garbage-first heap   total 143360K, used 98581K [0x00000000c0000000, 0x0000000100000000)
  region size 1024K, 19 young (19456K), 3 survivors (3072K)
 Metaspace       used 12856K, committed 13056K, reserved 1114112K
  class space    used 918K, committed 1024K, reserved 1048576K

Heap Regions: E=young(eden), S=young(survivor), O=old, HS=humongous(starts), HC=humongous(continues), CS=collection set, F=free, OA=open archive, CA=closed archive, TAMS=top-at-mark-start (previous, next)
|   0|0x00000000c0000000, 0x00000000c0100000, 0x00000000c0100000|100%| O|  |TAMS 0x00000000c0100000, 0x00000000c0000000| Untracked 
|   1|0x00000000c0100000, 0x00000000c0200000, 0x00000000c0200000|100%| O|  |TAMS 0x00000000c0200000, 0x00000000c0100000| Untracked 
|   2|0x00000000c0200000, 0x00000000c0300000, 0x00000000c0300000|100%| O|  |TAMS 0x00000000c0300000, 0x00000000c0200000| Untracked 
|   3|0x00000000c0300000, 0x00000000c0400000, 0x00000000c0400000|100%| O|  |TAMS 0x00000000c0400000, 0x00000000c0300000| Untracked 
|   4|0x00000000c0400000, 0x00000000c0500000, 0x00000000c0500000|100%| O|  |TAMS 0x00000000c0500000, 0x00000000c0400000| Untracked 
|   5|0x00000000c0500000, 0x00000000c0600000, 0x00000000c0600000|100%| O|  |TAMS 0x00000000c0600000, 0x00000000c0500000| Untracked 
|   6|0x00000000c0600000, 0x00000000c0700000, 0x00000000c0700000|100%| O|  |TAMS 0x00000000c0700000, 0x00000000c0600000| Untracked 
|   7|0x00000000c0700000, 0x00000000c0700000, 0x00000000c0800000|  0%| F|  |TAMS 0x00000000c0700000, 0x00000000c0700000| Untracked 
|   8|0x00000000c0800000, 0x00000000c0800000, 0x00000000c0900000|  0%| F|  |TAMS 0x00000000c0800000, 0x00000000c0800000| Untracked 
|   9|0x00000000c0900000, 0x00000000c0a00000, 0x00000000c0a00000|100%| O|  |TAMS 0x00000000c0a00000, 0x00000000c0900000| Untracked 
|  10|0x00000000c0a00000, 0x00000000c0b00000, 0x00000000c0b00000|100%|HS|  |TAMS 0x00000000c0b00000, 0x00000000c0a00000| Complete 
|  11|0x00000000c0b00000, 0x00000000c0c00000, 0x00000000c0c00000|100%|HC|  |TAMS 0x00000000c0c00000, 0x00000000c0b00000| Complete 
|  12|0x00000000c0c00000, 0x00000000c0d00000, 0x00000000c0d00000|100%|HC|  |TAMS 0x00000000c0d00000, 0x00000000c0c00000| Complete 
|  13|0x00000000c0d00000, 0x00000000c0e00000, 0x00000000c0e00000|100%|HC|  |TAMS 0x00000000c0e00000, 0x00000000c0d00000| Complete 
|  14|0x00000000c0e00000, 0x00000000c0f00000, 0x00000000c0f00000|100%|HC|  |TAMS 0x00000000c0f00000, 0x00000000c0e00000| Complete 
|  15|0x00000000c0f00000, 0x00000000c1000000, 0x00000000c1000000|100%|HC|  |TAMS 0x00000000c1000000, 0x00000000c0f00000| Complete 
|  16|0x00000000c1000000, 0x00000000c1100000, 0x00000000c1100000|100%|HC|  |TAMS 0x00000000c1100000, 0x00000000c1000000| Complete 
|  17|0x00000000c1100000, 0x00000000c1200000, 0x00000000c1200000|100%|HC|  |TAMS 0x00000000c1200000, 0x00000000c1100000| Complete 
|  18|0x00000000c1200000, 0x00000000c1300000, 0x00000000c1300000|100%|HC|  |TAMS 0x00000000c1300000, 0x00000000c1200000| Complete 
|  19|0x00000000c1300000, 0x00000000c1400000, 0x00000000c1400000|100%|HC|  |TAMS 0x00000000c1400000, 0x00000000c1300000| Complete 
|  20|0x00000000c1400000, 0x00000000c1500000, 0x00000000c1500000|100%|HC|  |TAMS 0x00000000c1500000, 0x00000000c1400000| Complete 
|  21|0x00000000c1500000, 0x00000000c1600000, 0x00000000c1600000|100%|HC|  |TAMS 0x00000000c1600000, 0x00000000c1500000| Complete 
|  22|0x00000000c1600000, 0x00000000c1700000, 0x00000000c1700000|100%|HC|  |TAMS 0x00000000c1700000, 0x00000000c1600000| Complete 
|  23|0x00000000c1700000, 0x00000000c1800000, 0x00000000c1800000|100%|HC|  |TAMS 0x00000000c1800000, 0x00000000c1700000| Complete 
|  24|0x00000000c1800000, 0x00000000c1900000, 0x00000000c1900000|100%|HC|  |TAMS 0x00000000c1900000, 0x00000000c1800000| Complete 
|  25|0x00000000c1900000, 0x00000000c1a00000, 0x00000000c1a00000|100%|HC|  |TAMS 0x00000000c1a00000, 0x00000000c1900000| Complete 
|  26|0x00000000c1a00000, 0x00000000c1b00000, 0x00000000c1b00000|100%|HC|  |TAMS 0x00000000c1b00000, 0x00000000c1a00000| Complete 
|  27|0x00000000c1b00000, 0x00000000c1b00000, 0x00000000c1c00000|  0%| F|  |TAMS 0x00000000c1b00000, 0x00000000c1b00000| Untracked 
|  28|0x00000000c1c00000, 0x00000000c1d00000, 0x00000000c1d00000|100%|HS|  |TAMS 0x00000000c1d00000, 0x00000000c1c00000| Complete 
|  29|0x00000000c1d00000, 0x00000000c1e00000, 0x00000000c1e00000|100%|HC|  |TAMS 0x00000000c1e00000, 0x00000000c1d00000| Complete 
|  30|0x00000000c1e00000, 0x00000000c1f00000, 0x00000000c1f00000|100%|HC|  |TAMS 0x00000000c1f00000, 0x00000000c1e00000| Complete 
|  31|0x00000000c1f00000, 0x00000000c2000000, 0x00000000c2000000|100%|HC|  |TAMS 0x00000000c2000000, 0x00000000c1f00000| Complete 
|  32|0x00000000c2000000, 0x00000000c2100000, 0x00000000c2100000|100%|HC|  |TAMS 0x00000000c2100000, 0x00000000c2000000| Complete 
|  33|0x00000000c2100000, 0x00000000c2200000, 0x00000000c2200000|100%| O|  |TAMS 0x00000000c2200000, 0x00000000c2100000| Untracked 
|  34|0x00000000c2200000, 0x00000000c2300000, 0x00000000c2300000|100%| O|  |TAMS 0x00000000c2300000, 0x00000000c2200000| Untracked 
|  35|0x00000000c2300000, 0x00000000c23e4200, 0x00000000c2400000| 89%| O|  |TAMS 0x00000000c23e4200, 0x00000000c2300000| Untracked 
|  36|0x00000000c2400000, 0x00000000c2500000, 0x00000000c2500000|100%|HS|  |TAMS 0x00000000c2500000, 0x00000000c2400000| Complete 
|  37|0x00000000c2500000, 0x00000000c2600000, 0x00000000c2600000|100%|HC|  |TAMS 0x00000000c2600000, 0x00000000c2500000| Complete 
|  38|0x00000000c2600000, 0x00000000c2700000, 0x00000000c2700000|100%|HC|  |TAMS 0x00000000c2700000, 0x00000000c2600000| Complete 
|  39|0x00000000c2700000, 0x00000000c2800000, 0x00000000c2800000|100%|HC|  |TAMS 0x00000000c2800000, 0x00000000c2700000| Complete 
|  40|0x00000000c2800000, 0x00000000c2900000, 0x00000000c2900000|100%|HC|  |TAMS 0x00000000c2900000, 0x00000000c2800000| Complete 
|  41|0x00000000c2900000, 0x00000000c2a00000, 0x00000000c2a00000|100%|HC|  |TAMS 0x00000000c2a00000, 0x00000000c2900000| Complete 
|  42|0x00000000c2a00000, 0x00000000c2b00000, 0x00000000c2b00000|100%|HC|  |TAMS 0x00000000c2b00000, 0x00000000c2a00000| Complete 
|  43|0x00000000c2b00000, 0x00000000c2c00000, 0x00000000c2c00000|100%|HC|  |TAMS 0x00000000c2c00000, 0x00000000c2b00000| Complete 
|  44|0x00000000c2c00000, 0x00000000c2d00000, 0x00000000c2d00000|100%|HC|  |TAMS 0x00000000c2d00000, 0x00000000c2c00000| Complete 
|  45|0x00000000c2d00000, 0x00000000c2e00000, 0x00000000c2e00000|100%|HC|  |TAMS 0x00000000c2e00000, 0x00000000c2d00000| Complete 
|  46|0x00000000c2e00000, 0x00000000c2f00000, 0x00000000c2f00000|100%|HC|  |TAMS 0x00000000c2f00000, 0x00000000c2e00000| Complete 
|  47|0x00000000c2f00000, 0x00000000c3000000, 0x00000000c3000000|100%|HC|  |TAMS 0x00000000c3000000, 0x00000000c2f00000| Complete 
|  48|0x00000000c3000000, 0x00000000c3100000, 0x00000000c3100000|100%|HC|  |TAMS 0x00000000c3100000, 0x00000000c3000000| Complete 
|  49|0x00000000c3100000, 0x00000000c3200000, 0x00000000c3200000|100%|HS|  |TAMS 0x00000000c3200000, 0x00000000c3100000| Complete 
|  50|0x00000000c3200000, 0x00000000c3300000, 0x00000000c3300000|100%|HC|  |TAMS 0x00000000c3300000, 0x00000000c3200000| Complete 
|  51|0x00000000c3300000, 0x00000000c3400000, 0x00000000c3400000|100%|HC|  |TAMS 0x00000000c3400000, 0x00000000c3300000| Complete 
|  52|0x00000000c3400000, 0x00000000c3500000, 0x00000000c3500000|100%|HC|  |TAMS 0x00000000c3500000, 0x00000000c3400000| Complete 
|  53|0x00000000c3500000, 0x00000000c3600000, 0x00000000c3600000|100%|HC|  |TAMS 0x00000000c3600000, 0x00000000c3500000| Complete 
|  54|0x00000000c3600000, 0x00000000c3700000, 0x00000000c3700000|100%|HC|  |TAMS 0x00000000c3700000, 0x00000000c3600000| Complete 
|  55|0x00000000c3700000, 0x00000000c3800000, 0x00000000c3800000|100%|HC|  |TAMS 0x00000000c3800000, 0x00000000c3700000| Complete 
|  56|0x00000000c3800000, 0x00000000c3900000, 0x00000000c3900000|100%|HC|  |TAMS 0x00000000c3900000, 0x00000000c3800000| Complete 
|  57|0x00000000c3900000, 0x00000000c3a00000, 0x00000000c3a00000|100%|HC|  |TAMS 0x00000000c3a00000, 0x00000000c3900000| Complete 
|  58|0x00000000c3a00000, 0x00000000c3a00000, 0x00000000c3b00000|  0%| F|  |TAMS 0x00000000c3a00000, 0x00000000c3a00000| Untracked 
|  59|0x00000000c3b00000, 0x00000000c3b00000, 0x00000000c3c00000|  0%| F|  |TAMS 0x00000000c3b00000, 0x00000000c3b00000| Untracked 
|  60|0x00000000c3c00000, 0x00000000c3c00000, 0x00000000c3d00000|  0%| F|  |TAMS 0x00000000c3c00000, 0x00000000c3c00000| Untracked 
|  61|0x00000000c3d00000, 0x00000000c3d00000, 0x00000000c3e00000|  0%| F|  |TAMS 0x00000000c3d00000, 0x00000000c3d00000| Untracked 
|  62|0x00000000c3e00000, 0x00000000c3e00000, 0x00000000c3f00000|  0%| F|  |TAMS 0x00000000c3e00000, 0x00000000c3e00000| Untracked 
|  63|0x00000000c3f00000, 0x00000000c3f00000, 0x00000000c4000000|  0%| F|  |TAMS 0x00000000c3f00000, 0x00000000c3f00000| Untracked 
|  64|0x00000000c4000000, 0x00000000c4100000, 0x00000000c4100000|100%|HS|  |TAMS 0x00000000c4100000, 0x00000000c4000000| Complete 
|  65|0x00000000c4100000, 0x00000000c4200000, 0x00000000c4200000|100%|HC|  |TAMS 0x00000000c4200000, 0x00000000c4100000| Complete 
|  66|0x00000000c4200000, 0x00000000c4300000, 0x00000000c4300000|100%|HC|  |TAMS 0x00000000c4300000, 0x00000000c4200000| Complete 
|  67|0x00000000c4300000, 0x00000000c4400000, 0x00000000c4400000|100%|HC|  |TAMS 0x00000000c4400000, 0x00000000c4300000| Complete 
|  68|0x00000000c4400000, 0x00000000c4500000, 0x00000000c4500000|100%|HC|  |TAMS 0x00000000c4500000, 0x00000000c4400000| Complete 
|  69|0x00000000c4500000, 0x00000000c4600000, 0x00000000c4600000|100%|HS|  |TAMS 0x00000000c4600000, 0x00000000c4500000| Complete 
|  70|0x00000000c4600000, 0x00000000c4700000, 0x00000000c4700000|100%|HC|  |TAMS 0x00000000c4700000, 0x00000000c4600000| Complete 
|  71|0x00000000c4700000, 0x00000000c4800000, 0x00000000c4800000|100%|HC|  |TAMS 0x00000000c4800000, 0x00000000c4700000| Complete 
|  72|0x00000000c4800000, 0x00000000c4900000, 0x00000000c4900000|100%|HC|  |TAMS 0x00000000c4900000, 0x00000000c4800000| Complete 
|  73|0x00000000c4900000, 0x00000000c4a00000, 0x00000000c4a00000|100%|HC|  |TAMS 0x00000000c4a00000, 0x00000000c4900000| Complete 
|  74|0x00000000c4a00000, 0x00000000c4b00000, 0x00000000c4b00000|100%|HS|  |TAMS 0x00000000c4b00000, 0x00000000c4a00000| Complete 
|  75|0x00000000c4b00000, 0x00000000c4c00000, 0x00000000c4c00000|100%|HC|  |TAMS 0x00000000c4c00000, 0x00000000c4b00000| Complete 
|  76|0x00000000c4c00000, 0x00000000c4d00000, 0x00000000c4d00000|100%|HC|  |TAMS 0x00000000c4d00000, 0x00000000c4c00000| Complete 
|  77|0x00000000c4d00000, 0x00000000c4e00000, 0x00000000c4e00000|100%|HC|  |TAMS 0x00000000c4e00000, 0x00000000c4d00000| Complete 
|  78|0x00000000c4e00000, 0x00000000c4f00000, 0x00000000c4f00000|100%|HC|  |TAMS 0x00000000c4f00000, 0x00000000c4e00000| Complete 
|  79|0x00000000c4f00000, 0x00000000c5000000, 0x00000000c5000000|100%|HS|  |TAMS 0x00000000c5000000, 0x00000000c4f00000| Complete 
|  80|0x00000000c5000000, 0x00000000c5100000, 0x00000000c5100000|100%|HC|  |TAMS 0x00000000c5100000, 0x00000000c5000000| Complete 
|  81|0x00000000c5100000, 0x00000000c5200000, 0x00000000c5200000|100%|HC|  |TAMS 0x00000000c5200000, 0x00000000c5100000| Complete 
|  82|0x00000000c5200000, 0x00000000c5300000, 0x00000000c5300000|100%|HC|  |TAMS 0x00000000c5300000, 0x00000000c5200000| Complete 
|  83|0x00000000c5300000, 0x00000000c5400000, 0x00000000c5400000|100%|HC|  |TAMS 0x00000000c5400000, 0x00000000c5300000| Complete 
|  84|0x00000000c5400000, 0x00000000c5500000, 0x00000000c5500000|100%|HS|  |TAMS 0x00000000c5500000, 0x00000000c5400000| Complete 
|  85|0x00000000c5500000, 0x00000000c5600000, 0x00000000c5600000|100%|HC|  |TAMS 0x00000000c5600000, 0x00000000c5500000| Complete 
|  86|0x00000000c5600000, 0x00000000c5700000, 0x00000000c5700000|100%|HC|  |TAMS 0x00000000c5700000, 0x00000000c5600000| Complete 
|  87|0x00000000c5700000, 0x00000000c5800000, 0x00000000c5800000|100%|HC|  |TAMS 0x00000000c5800000, 0x00000000c5700000| Complete 
|  88|0x00000000c5800000, 0x00000000c5900000, 0x00000000c5900000|100%|HC|  |TAMS 0x00000000c5900000, 0x00000000c5800000| Complete 
|  89|0x00000000c5900000, 0x00000000c5900000, 0x00000000c5a00000|  0%| F|  |TAMS 0x00000000c5900000, 0x00000000c5900000| Untracked 
|  90|0x00000000c5a00000, 0x00000000c5a00000, 0x00000000c5b00000|  0%| F|  |TAMS 0x00000000c5a00000, 0x00000000c5a00000| Untracked 
|  91|0x00000000c5b00000, 0x00000000c5b00000, 0x00000000c5c00000|  0%| F|  |TAMS 0x00000000c5b00000, 0x00000000c5b00000| Untracked 
|  92|0x00000000c5c00000, 0x00000000c5c00000, 0x00000000c5d00000|  0%| F|  |TAMS 0x00000000c5c00000, 0x00000000c5c00000| Untracked 
|  93|0x00000000c5d00000, 0x00000000c5d00000, 0x00000000c5e00000|  0%| F|  |TAMS 0x00000000c5d00000, 0x00000000c5d00000| Untracked 
|  94|0x00000000c5e00000, 0x00000000c5e00000, 0x00000000c5f00000|  0%| F|  |TAMS 0x00000000c5e00000, 0x00000000c5e00000| Untracked 
|  95|0x00000000c5f00000, 0x00000000c5f00000, 0x00000000c6000000|  0%| F|  |TAMS 0x00000000c5f00000, 0x00000000c5f00000| Untracked 
|  96|0x00000000c6000000, 0x00000000c6000000, 0x00000000c6100000|  0%| F|  |TAMS 0x00000000c6000000, 0x00000000c6000000| Untracked 
|  97|0x00000000c6100000, 0x00000000c6100000, 0x00000000c6200000|  0%| F|  |TAMS 0x00000000c6100000, 0x00000000c6100000| Untracked 
|  98|0x00000000c6200000, 0x00000000c6200000, 0x00000000c6300000|  0%| F|  |TAMS 0x00000000c6200000, 0x00000000c6200000| Untracked 
|  99|0x00000000c6300000, 0x00000000c63612b0, 0x00000000c6400000| 37%| S|CS|TAMS 0x00000000c6300000, 0x00000000c6300000| Complete 
| 100|0x00000000c6400000, 0x00000000c6500000, 0x00000000c6500000|100%| S|CS|TAMS 0x00000000c6400000, 0x00000000c6400000| Complete 
| 101|0x00000000c6500000, 0x00000000c6500000, 0x00000000c6600000|  0%| F|  |TAMS 0x00000000c6500000, 0x00000000c6500000| Untracked 
| 102|0x00000000c6600000, 0x00000000c6600000, 0x00000000c6700000|  0%| F|  |TAMS 0x00000000c6600000, 0x00000000c6600000| Untracked 
| 103|0x00000000c6700000, 0x00000000c6800000, 0x00000000c6800000|100%| S|CS|TAMS 0x00000000c6700000, 0x00000000c6700000| Complete 
| 104|0x00000000c6800000, 0x00000000c6800000, 0x00000000c6900000|  0%| F|  |TAMS 0x00000000c6800000, 0x00000000c6800000| Untracked 
| 105|0x00000000c6900000, 0x00000000c6900000, 0x00000000c6a00000|  0%| F|  |TAMS 0x00000000c6900000, 0x00000000c6900000| Untracked 
| 106|0x00000000c6a00000, 0x00000000c6a00000, 0x00000000c6b00000|  0%| F|  |TAMS 0x00000000c6a00000, 0x00000000c6a00000| Untracked 
| 107|0x00000000c6b00000, 0x00000000c6b00000, 0x00000000c6c00000|  0%| F|  |TAMS 0x00000000c6b00000, 0x00000000c6b00000| Untracked 
| 108|0x00000000c6c00000, 0x00000000c6c00000, 0x00000000c6d00000|  0%| F|  |TAMS 0x00000000c6c00000, 0x00000000c6c00000| Untracked 
| 109|0x00000000c6d00000, 0x00000000c6d00000, 0x00000000c6e00000|  0%| F|  |TAMS 0x00000000c6d00000, 0x00000000c6d00000| Untracked 
| 110|0x00000000c6e00000, 0x00000000c6e00000, 0x00000000c6f00000|  0%| F|  |TAMS 0x00000000c6e00000, 0x00000000c6e00000| Untracked 
| 111|0x00000000c6f00000, 0x00000000c6f00000, 0x00000000c7000000|  0%| F|  |TAMS 0x00000000c6f00000, 0x00000000c6f00000| Untracked 
| 112|0x00000000c7000000, 0x00000000c7000000, 0x00000000c7100000|  0%| F|  |TAMS 0x00000000c7000000, 0x00000000c7000000| Untracked 
| 113|0x00000000c7100000, 0x00000000c7100000, 0x00000000c7200000|  0%| F|  |TAMS 0x00000000c7100000, 0x00000000c7100000| Untracked 
| 114|0x00000000c7200000, 0x00000000c7200000, 0x00000000c7300000|  0%| F|  |TAMS 0x00000000c7200000, 0x00000000c7200000| Untracked 
| 115|0x00000000c7300000, 0x00000000c7300000, 0x00000000c7400000|  0%| F|  |TAMS 0x00000000c7300000, 0x00000000c7300000| Untracked 
| 116|0x00000000c7400000, 0x00000000c7400000, 0x00000000c7500000|  0%| F|  |TAMS 0x00000000c7400000, 0x00000000c7400000| Untracked 
| 117|0x00000000c7500000, 0x00000000c7500000, 0x00000000c7600000|  0%| F|  |TAMS 0x00000000c7500000, 0x00000000c7500000| Untracked 
| 118|0x00000000c7600000, 0x00000000c7600000, 0x00000000c7700000|  0%| F|  |TAMS 0x00000000c7600000, 0x00000000c7600000| Untracked 
| 119|0x00000000c7700000, 0x00000000c7700000, 0x00000000c7800000|  0%| F|  |TAMS 0x00000000c7700000, 0x00000000c7700000| Untracked 
| 120|0x00000000c7800000, 0x00000000c7800000, 0x00000000c7900000|  0%| F|  |TAMS 0x00000000c7800000, 0x00000000c7800000| Untracked 
| 121|0x00000000c7900000, 0x00000000c7900000, 0x00000000c7a00000|  0%| F|  |TAMS 0x00000000c7900000, 0x00000000c7900000| Untracked 
| 122|0x00000000c7a00000, 0x00000000c7a00000, 0x00000000c7b00000|  0%| F|  |TAMS 0x00000000c7a00000, 0x00000000c7a00000| Untracked 
| 123|0x00000000c7b00000, 0x00000000c7b00000, 0x00000000c7c00000|  0%| F|  |TAMS 0x00000000c7b00000, 0x00000000c7b00000| Untracked 
| 124|0x00000000c7c00000, 0x00000000c7c19938, 0x00000000c7d00000|  9%| E|  |TAMS 0x00000000c7c00000, 0x00000000c7c00000| Complete 
| 125|0x00000000c7d00000, 0x00000000c7e00000, 0x00000000c7e00000|100%| E|  |TAMS 0x00000000c7d00000, 0x00000000c7d00000| Complete 
| 126|0x00000000c7e00000, 0x00000000c7f00000, 0x00000000c7f00000|100%| E|CS|TAMS 0x00000000c7e00000, 0x00000000c7e00000| Complete 
| 127|0x00000000c7f00000, 0x00000000c8000000, 0x00000000c8000000|100%| E|CS|TAMS 0x00000000c7f00000, 0x00000000c7f00000| Complete 
| 128|0x00000000c8000000, 0x00000000c8100000, 0x00000000c8100000|100%| E|CS|TAMS 0x00000000c8000000, 0x00000000c8000000| Complete 
| 129|0x00000000c8100000, 0x00000000c8200000, 0x00000000c8200000|100%| E|CS|TAMS 0x00000000c8100000, 0x00000000c8100000| Complete 
| 130|0x00000000c8200000, 0x00000000c8300000, 0x00000000c8300000|100%| E|CS|TAMS 0x00000000c8200000, 0x00000000c8200000| Complete 
| 131|0x00000000c8300000, 0x00000000c8400000, 0x00000000c8400000|100%| E|CS|TAMS 0x00000000c8300000, 0x00000000c8300000| Complete 
| 132|0x00000000c8400000, 0x00000000c8500000, 0x00000000c8500000|100%| E|CS|TAMS 0x00000000c8400000, 0x00000000c8400000| Complete 
| 133|0x00000000c8500000, 0x00000000c8600000, 0x00000000c8600000|100%| E|CS|TAMS 0x00000000c8500000, 0x00000000c8500000| Complete 
| 134|0x00000000c8600000, 0x00000000c8700000, 0x00000000c8700000|100%| E|CS|TAMS 0x00000000c8600000, 0x00000000c8600000| Complete 
| 135|0x00000000c8700000, 0x00000000c8800000, 0x00000000c8800000|100%| E|CS|TAMS 0x00000000c8700000, 0x00000000c8700000| Complete 
| 136|0x00000000c8800000, 0x00000000c8900000, 0x00000000c8900000|100%| E|CS|TAMS 0x00000000c8800000, 0x00000000c8800000| Complete 
| 137|0x00000000c8900000, 0x00000000c8a00000, 0x00000000c8a00000|100%| E|CS|TAMS 0x00000000c8900000, 0x00000000c8900000| Complete 
| 138|0x00000000c8a00000, 0x00000000c8b00000, 0x00000000c8b00000|100%| E|CS|TAMS 0x00000000c8a00000, 0x00000000c8a00000| Complete 
| 139|0x00000000c8b00000, 0x00000000c8c00000, 0x00000000c8c00000|100%| E|CS|TAMS 0x00000000c8b00000, 0x00000000c8b00000| Complete 

Card table byte_map: [0x00000212a3160000,0x00000212a3360000] _byte_map_base: 0x00000212a2b60000

Marking Bits (Prev, Next): (CMBitMap*) 0x000002128a1cffb0, (CMBitMap*) 0x000002128a1cff70
 Prev Bits: [0x00000212a4560000, 0x00000212a5560000)
 Next Bits: [0x00000212a3560000, 0x00000212a4560000)

Polling page: 0x000002128a240000

Metaspace:

Usage:
  Non-class:     11.66 MB used.
      Class:    918.72 KB used.
       Both:     12.56 MB used.

Virtual space:
  Non-class space:       64.00 MB reserved,      11.75 MB ( 18%) committed,  1 nodes.
      Class space:        1.00 GB reserved,       1.00 MB ( <1%) committed,  1 nodes.
             Both:        1.06 GB reserved,      12.75 MB (  1%) committed. 

Chunk freelists:
   Non-Class:  3.64 MB
       Class:  14.91 MB
        Both:  18.55 MB

MaxMetaspaceSize: unlimited
CompressedClassSpaceSize: 1.00 GB
Initial GC threshold: 21.00 MB
Current GC threshold: 21.00 MB
CDS: on
MetaspaceReclaimPolicy: balanced
 - commit_granule_bytes: 65536.
 - commit_granule_words: 8192.
 - virtual_space_node_default_size: 8388608.
 - enlarge_chunks_in_place: 1.
 - new_chunks_are_fully_committed: 0.
 - uncommit_free_chunks: 1.
 - use_allocation_guard: 0.
 - handle_deallocations: 1.


Internal statistics:

num_allocs_failed_limit: 0.
num_arena_births: 106.
num_arena_deaths: 0.
num_vsnodes_births: 2.
num_vsnodes_deaths: 0.
num_space_committed: 200.
num_space_uncommitted: 0.
num_chunks_returned_to_freelist: 0.
num_chunks_taken_from_freelist: 383.
num_chunk_merges: 0.
num_chunk_splits: 300.
num_chunks_enlarged: 238.
num_inconsistent_stats: 0.

CodeHeap 'non-profiled nmethods': size=120000Kb used=749Kb max_used=749Kb free=119250Kb
 bounds [0x000002129afd0000, 0x000002129b240000, 0x00000212a2500000]
CodeHeap 'profiled nmethods': size=120000Kb used=2769Kb max_used=2769Kb free=117230Kb
 bounds [0x0000021293500000, 0x00000212937c0000, 0x000002129aa30000]
CodeHeap 'non-nmethods': size=5760Kb used=1613Kb max_used=1664Kb free=4146Kb
 bounds [0x000002129aa30000, 0x000002129aca0000, 0x000002129afd0000]
 total_blobs=2431 nmethods=1493 adapters=851
 compilation: enabled
              stopped_count=0, restarted_count=0
 full_count=0

Compilation events (20 events):
Event: 6.614 Thread 0x00000212a7f6b610 1483       3       jdk.internal.misc.Unsafe::checkNativeAddress (28 bytes)
Event: 6.615 Thread 0x00000212a7f6b610 nmethod 1483 0x00000212937b2890 code [0x00000212937b2a20, 0x00000212937b2b38]
Event: 6.714 Thread 0x00000212a7f68c40 1484       4       jdk.internal.misc.Unsafe::putIntOpaque (9 bytes)
Event: 6.715 Thread 0x00000212a7f68c40 nmethod 1484 0x000002129b08a490 code [0x000002129b08a600, 0x000002129b08a698]
Event: 6.888 Thread 0x00000212a7f68c40 1485       4       java.util.concurrent.ThreadPoolExecutor::beforeExecute (1 bytes)
Event: 6.888 Thread 0x00000212a7f68c40 nmethod 1485 0x000002129b08a790 code [0x000002129b08a900, 0x000002129b08a978]
Event: 6.897 Thread 0x00000212a7f68c40 1486       4       java.util.concurrent.ThreadPoolExecutor::afterExecute (1 bytes)
Event: 6.897 Thread 0x00000212a7f68c40 nmethod 1486 0x000002129b08aa90 code [0x000002129b08ac00, 0x000002129b08ac78]
Event: 6.904 Thread 0x00000212a7f68c40 1487       4       java.util.concurrent.locks.AbstractQueuedSynchronizer$Node::setStatusRelaxed (12 bytes)
Event: 6.905 Thread 0x00000212a7f68c40 nmethod 1487 0x000002129b08ad90 code [0x000002129b08af00, 0x000002129b08af78]
Event: 7.118 Thread 0x00000212a7f6b610 1489  s    3       java.lang.Throwable::fillInStackTrace (29 bytes)
Event: 7.119 Thread 0x00000212a7f6b610 nmethod 1489 0x00000212937b2c10 code [0x00000212937b2dc0, 0x00000212937b30a8]
Event: 7.181 Thread 0x00000212a7f6b610 1490       3       java.lang.Throwable::<init> (34 bytes)
Event: 7.182 Thread 0x00000212a7f6b610 nmethod 1490 0x00000212937b3190 code [0x00000212937b3360, 0x00000212937b3728]
Event: 7.366 Thread 0x00000212a7f6b610 1491       3       java.lang.AbstractStringBuilder::append (55 bytes)
Event: 7.367 Thread 0x00000212a7f6b610 nmethod 1491 0x00000212937b3810 code [0x00000212937b39e0, 0x00000212937b3d18]
Event: 7.399 Thread 0x00000212a7f6b610 1492       3       jdk.internal.misc.Unsafe::getAndAddLong (27 bytes)
Event: 7.399 Thread 0x00000212a7f6b610 nmethod 1492 0x00000212937b3e90 code [0x00000212937b4040, 0x00000212937b4288]
Event: 7.399 Thread 0x00000212a7f6b610 1493       3       jdk.internal.misc.Unsafe::weakCompareAndSetLong (11 bytes)
Event: 7.399 Thread 0x00000212a7f6b610 nmethod 1493 0x00000212937b4390 code [0x00000212937b4520, 0x00000212937b4658]

GC Heap History (20 events):
Event: 2.601 GC heap before
{Heap before GC invocations=5 (full 0):
 garbage-first heap   total 119808K, used 94371K [0x00000000c0000000, 0x0000000100000000)
  region size 1024K, 11 young (11264K), 1 survivors (1024K)
 Metaspace       used 12694K, committed 12928K, reserved 1114112K
  class space    used 913K, committed 1024K, reserved 1048576K
}
Event: 2.603 GC heap after
{Heap after GC invocations=6 (full 0):
 garbage-first heap   total 119808K, used 85459K [0x00000000c0000000, 0x0000000100000000)
  region size 1024K, 2 young (2048K), 2 survivors (2048K)
 Metaspace       used 12694K, committed 12928K, reserved 1114112K
  class space    used 913K, committed 1024K, reserved 1048576K
}
Event: 2.668 GC heap before
{Heap before GC invocations=6 (full 0):
 garbage-first heap   total 119808K, used 88531K [0x00000000c0000000, 0x0000000100000000)
  region size 1024K, 5 young (5120K), 2 survivors (2048K)
 Metaspace       used 12700K, committed 12928K, reserved 1114112K
  class space    used 913K, committed 1024K, reserved 1048576K
}
Event: 2.670 GC heap after
{Heap after GC invocations=7 (full 0):
 garbage-first heap   total 119808K, used 84880K [0x00000000c0000000, 0x0000000100000000)
  region size 1024K, 1 young (1024K), 1 survivors (1024K)
 Metaspace       used 12700K, committed 12928K, reserved 1114112K
  class space    used 913K, committed 1024K, reserved 1048576K
}
Event: 2.911 GC heap before
{Heap before GC invocations=7 (full 0):
 garbage-first heap   total 119808K, used 97168K [0x00000000c0000000, 0x0000000100000000)
  region size 1024K, 13 young (13312K), 1 survivors (1024K)
 Metaspace       used 12712K, committed 12928K, reserved 1114112K
  class space    used 913K, committed 1024K, reserved 1048576K
}
Event: 2.911 GC heap after
{Heap after GC invocations=8 (full 0):
 garbage-first heap   total 119808K, used 83983K [0x00000000c0000000, 0x0000000100000000)
  region size 1024K, 1 young (1024K), 1 survivors (1024K)
 Metaspace       used 12712K, committed 12928K, reserved 1114112K
  class space    used 913K, committed 1024K, reserved 1048576K
}
Event: 3.179 GC heap before
{Heap before GC invocations=9 (full 0):
 garbage-first heap   total 142336K, used 95247K [0x00000000c0000000, 0x0000000100000000)
  region size 1024K, 14 young (14336K), 1 survivors (1024K)
 Metaspace       used 12716K, committed 12928K, reserved 1114112K
  class space    used 913K, committed 1024K, reserved 1048576K
}
Event: 3.180 GC heap after
{Heap after GC invocations=10 (full 0):
 garbage-first heap   total 142336K, used 82026K [0x00000000c0000000, 0x0000000100000000)
  region size 1024K, 1 young (1024K), 1 survivors (1024K)
 Metaspace       used 12716K, committed 12928K, reserved 1114112K
  class space    used 913K, committed 1024K, reserved 1048576K
}
Event: 3.746 GC heap before
{Heap before GC invocations=10 (full 0):
 garbage-first heap   total 142336K, used 113770K [0x00000000c0000000, 0x0000000100000000)
  region size 1024K, 32 young (32768K), 1 survivors (1024K)
 Metaspace       used 12757K, committed 12992K, reserved 1114112K
  class space    used 913K, committed 1024K, reserved 1048576K
}
Event: 3.747 GC heap after
{Heap after GC invocations=11 (full 0):
 garbage-first heap   total 142336K, used 83667K [0x00000000c0000000, 0x0000000100000000)
  region size 1024K, 2 young (2048K), 2 survivors (2048K)
 Metaspace       used 12757K, committed 12992K, reserved 1114112K
  class space    used 913K, committed 1024K, reserved 1048576K
}
Event: 4.372 GC heap before
{Heap before GC invocations=12 (full 0):
 garbage-first heap   total 142336K, used 116435K [0x00000000c0000000, 0x0000000100000000)
  region size 1024K, 34 young (34816K), 2 survivors (2048K)
 Metaspace       used 12772K, committed 12992K, reserved 1114112K
  class space    used 913K, committed 1024K, reserved 1048576K
}
Event: 4.374 GC heap after
{Heap after GC invocations=13 (full 0):
 garbage-first heap   total 142336K, used 83510K [0x00000000c0000000, 0x0000000100000000)
  region size 1024K, 2 young (2048K), 2 survivors (2048K)
 Metaspace       used 12772K, committed 12992K, reserved 1114112K
  class space    used 913K, committed 1024K, reserved 1048576K
}
Event: 5.007 GC heap before
{Heap before GC invocations=13 (full 0):
 garbage-first heap   total 142336K, used 117302K [0x00000000c0000000, 0x0000000100000000)
  region size 1024K, 35 young (35840K), 2 survivors (2048K)
 Metaspace       used 12779K, committed 12992K, reserved 1114112K
  class space    used 913K, committed 1024K, reserved 1048576K
}
Event: 5.010 GC heap after
{Heap after GC invocations=14 (full 0):
 garbage-first heap   total 142336K, used 84397K [0x00000000c0000000, 0x0000000100000000)
  region size 1024K, 3 young (3072K), 3 survivors (3072K)
 Metaspace       used 12779K, committed 12992K, reserved 1114112K
  class space    used 913K, committed 1024K, reserved 1048576K
}
Event: 5.655 GC heap before
{Heap before GC invocations=15 (full 0):
 garbage-first heap   total 143360K, used 117165K [0x00000000c0000000, 0x0000000100000000)
  region size 1024K, 35 young (35840K), 3 survivors (3072K)
 Metaspace       used 12799K, committed 12992K, reserved 1114112K
  class space    used 914K, committed 1024K, reserved 1048576K
}
Event: 5.657 GC heap after
{Heap after GC invocations=16 (full 0):
 garbage-first heap   total 143360K, used 84414K [0x00000000c0000000, 0x0000000100000000)
  region size 1024K, 3 young (3072K), 3 survivors (3072K)
 Metaspace       used 12799K, committed 12992K, reserved 1114112K
  class space    used 914K, committed 1024K, reserved 1048576K
}
Event: 6.338 GC heap before
{Heap before GC invocations=16 (full 0):
 garbage-first heap   total 143360K, used 119230K [0x00000000c0000000, 0x0000000100000000)
  region size 1024K, 37 young (37888K), 3 survivors (3072K)
 Metaspace       used 12808K, committed 12992K, reserved 1114112K
  class space    used 914K, committed 1024K, reserved 1048576K
}
Event: 6.340 GC heap after
{Heap after GC invocations=17 (full 0):
 garbage-first heap   total 143360K, used 83352K [0x00000000c0000000, 0x0000000100000000)
  region size 1024K, 2 young (2048K), 2 survivors (2048K)
 Metaspace       used 12808K, committed 12992K, reserved 1114112K
  class space    used 914K, committed 1024K, reserved 1048576K
}
Event: 7.067 GC heap before
{Heap before GC invocations=18 (full 0):
 garbage-first heap   total 143360K, used 120216K [0x00000000c0000000, 0x0000000100000000)
  region size 1024K, 38 young (38912K), 2 survivors (2048K)
 Metaspace       used 12810K, committed 12992K, reserved 1114112K
  class space    used 914K, committed 1024K, reserved 1048576K
}
Event: 7.069 GC heap after
{Heap after GC invocations=19 (full 0):
 garbage-first heap   total 143360K, used 84245K [0x00000000c0000000, 0x0000000100000000)
  region size 1024K, 3 young (3072K), 3 survivors (3072K)
 Metaspace       used 12810K, committed 12992K, reserved 1114112K
  class space    used 914K, committed 1024K, reserved 1048576K
}

Dll operation events (14 events):
Event: 0.007 Loaded shared library C:\Program Files\Processing\app\resources\jdk-17.0.14+7\bin\java.dll
Event: 0.021 Loaded shared library C:\Program Files\Processing\app\resources\jdk-17.0.14+7\bin\jsvml.dll
Event: 0.079 Loaded shared library C:\Program Files\Processing\app\resources\jdk-17.0.14+7\bin\net.dll
Event: 0.080 Loaded shared library C:\Program Files\Processing\app\resources\jdk-17.0.14+7\bin\nio.dll
Event: 0.083 Loaded shared library C:\Program Files\Processing\app\resources\jdk-17.0.14+7\bin\zip.dll
Event: 0.140 Loaded shared library C:\Program Files\Processing\app\resources\jdk-17.0.14+7\bin\jimage.dll
Event: 0.144 Loaded shared library C:\Program Files\Processing\app\resources\jdk-17.0.14+7\bin\awt.dll
Event: 0.578 Loaded shared library C:\Users\danil\AppData\Local\Temp\jogamp_0000\file_cache\jln8144691373060351201\jln13828660460802188249\natives\windows-amd64\gluegen_rt.dll
Event: 0.586 Loaded shared library C:\Program Files\Processing\app\resources\jdk-17.0.14+7\bin\jawt.dll
Event: 0.600 Loaded shared library C:\Users\danil\AppData\Local\Temp\jogamp_0000\file_cache\jln8144691373060351201\jln13828660460802188249\natives\windows-amd64\nativewindow_awt.dll
Event: 0.644 Loaded shared library C:\Users\danil\AppData\Local\Temp\jogamp_0000\file_cache\jln8144691373060351201\jln13828660460802188249\natives\windows-amd64\nativewindow_win32.dll
Event: 0.763 Loaded shared library C:\Users\danil\AppData\Local\Temp\jogamp_0000\file_cache\jln8144691373060351201\jln13828660460802188249\natives\windows-amd64\jogl_desktop.dll
Event: 1.009 Loaded shared library C:\Users\danil\AppData\Local\Temp\jogamp_0000\file_cache\jln8144691373060351201\jln13828660460802188249\natives\windows-amd64\jogl_mobile.dll
Event: 1.959 Loaded shared library C:\Users\danil\AppData\Local\Temp\jogamp_0000\file_cache\jln8144691373060351201\jln13828660460802188249\natives\windows-amd64\newt_head.dll

Deoptimization events (20 events):
Event: 2.586 Thread 0x00000212ef2be2c0 DEOPT PACKING pc=0x0000021293753fe3 sp=0x00000060f4cfea10
Event: 2.586 Thread 0x00000212ef2be2c0 DEOPT UNPACKING pc=0x000002129aa8ace3 sp=0x00000060f4cfdf80 mode 0
Event: 2.586 Thread 0x00000212ef2be2c0 DEOPT PACKING pc=0x0000021293753fe3 sp=0x00000060f4cfea10
Event: 2.586 Thread 0x00000212ef2be2c0 DEOPT UNPACKING pc=0x000002129aa8ace3 sp=0x00000060f4cfdf80 mode 0
Event: 2.636 Thread 0x00000212805a7eb0 DEOPT PACKING pc=0x0000021293758552 sp=0x00000060f59ff2b0
Event: 2.636 Thread 0x00000212805a7eb0 DEOPT UNPACKING pc=0x000002129aa8ace3 sp=0x00000060f59fe7c0 mode 0
Event: 2.646 Thread 0x00000212ef2be2c0 DEOPT PACKING pc=0x0000021293711740 sp=0x00000060f4cfea90
Event: 2.646 Thread 0x00000212ef2be2c0 DEOPT UNPACKING pc=0x000002129aa8ace3 sp=0x00000060f4cfdf80 mode 0
Event: 7.387 Thread 0x00000212805aa730 Uncommon trap: trap_request=0xffffff45 fr.pc=0x000002129b0830e0 relative=0x0000000000000060
Event: 7.387 Thread 0x00000212805aa730 Uncommon trap: reason=unstable_if action=reinterpret pc=0x000002129b0830e0 method=java.util.HashMap.keySet()Ljava/util/Set; @ 6 c2
Event: 7.387 Thread 0x00000212805aa730 DEOPT PACKING pc=0x000002129b0830e0 sp=0x00000060f3dff3c0
Event: 7.387 Thread 0x00000212805aa730 DEOPT UNPACKING pc=0x000002129aa8a1a3 sp=0x00000060f3dff358 mode 2
Event: 7.387 Thread 0x00000212eddf9070 Uncommon trap: trap_request=0xffffff45 fr.pc=0x000002129b04b4e8 relative=0x00000000000001e8
Event: 7.387 Thread 0x00000212eddf9070 Uncommon trap: reason=unstable_if action=reinterpret pc=0x000002129b04b4e8 method=java.util.HashMap$HashIterator.<init>(Ljava/util/HashMap;)V @ 38 c2
Event: 7.387 Thread 0x00000212eddf9070 DEOPT PACKING pc=0x000002129b04b4e8 sp=0x00000060f3eff280
Event: 7.387 Thread 0x00000212eddf9070 DEOPT UNPACKING pc=0x000002129aa8a1a3 sp=0x00000060f3eff228 mode 2
Event: 7.393 Thread 0x00000212eddf9070 Uncommon trap: trap_request=0xffffff45 fr.pc=0x000002129b087370 relative=0x00000000000000f0
Event: 7.393 Thread 0x00000212eddf9070 Uncommon trap: reason=unstable_if action=reinterpret pc=0x000002129b087370 method=com.jogamp.common.util.IntIntHashMap.put(II)I @ 21 c2
Event: 7.393 Thread 0x00000212eddf9070 DEOPT PACKING pc=0x000002129b087370 sp=0x00000060f3eff000
Event: 7.393 Thread 0x00000212eddf9070 DEOPT UNPACKING pc=0x000002129aa8a1a3 sp=0x00000060f3efef68 mode 2

Classes loaded (20 events):
Event: 2.198 Loading class java/util/concurrent/Callable done
Event: 2.198 Loading class java/util/concurrent/Executors$RunnableAdapter done
Event: 2.198 Loading class java/util/concurrent/ThreadPoolExecutor$Worker
Event: 2.198 Loading class java/util/concurrent/ThreadPoolExecutor$Worker done
Event: 2.200 Loading class java/util/concurrent/locks/AbstractQueuedSynchronizer$SharedNode
Event: 2.200 Loading class java/util/concurrent/locks/AbstractQueuedSynchronizer$SharedNode done
Event: 2.375 Loading class sun/nio/cs/StreamDecoder
Event: 2.375 Loading class sun/nio/cs/StreamDecoder done
Event: 2.376 Loading class java/util/regex/Pattern$LookBehindEndNode
Event: 2.376 Loading class java/util/regex/Pattern$LookBehindEndNode done
Event: 2.376 Loading class java/util/regex/Pattern$NotBehind
Event: 2.376 Loading class java/util/regex/Pattern$NotBehind done
Event: 2.376 Loading class java/util/regex/Pattern$Neg
Event: 2.376 Loading class java/util/regex/Pattern$Neg done
Event: 2.377 Loading class java/util/regex/Pattern$Pos
Event: 2.377 Loading class java/util/regex/Pattern$Pos done
Event: 2.387 Loading class java/util/regex/Pattern$SliceS
Event: 2.387 Loading class java/util/regex/Pattern$SliceS done
Event: 7.366 Loading class java/nio/channels/ClosedChannelException
Event: 7.366 Loading class java/nio/channels/ClosedChannelException done

Classes unloaded (0 events):
No events

Classes redefined (0 events):
No events

Internal exceptions (20 events):
Event: 0.123 Thread 0x000002128a18bf40 Exception <a 'java/lang/NoSuchMethodError'{0x00000000c3ce68b8}: 'void java.lang.invoke.DirectMethodHandle$Holder.invokeStatic(java.lang.Object, java.lang.Object, java.lang.Object)'> (0x00000000c3ce68b8) 
thrown [s\src\hotspot\share\interpreter\linkResolver.cpp, line 759]
Event: 0.133 Thread 0x000002128a18bf40 Exception <a 'java/lang/ClassNotFoundException'{0x00000000c3b0de00}: sun/awt/resources/spi/awtProvider> (0x00000000c3b0de00) 
thrown [s\src\hotspot\share\classfile\systemDictionary.cpp, line 256]
Event: 0.156 Thread 0x000002128a18bf40 Exception <a 'java/io/FileNotFoundException'{0x00000000c3b63740}> (0x00000000c3b63740) 
thrown [s\src\hotspot\share\prims\jni.cpp, line 516]
Event: 0.163 Thread 0x000002128a18bf40 Exception <a 'java/io/FileNotFoundException'{0x00000000c3b90b88}> (0x00000000c3b90b88) 
thrown [s\src\hotspot\share\prims\jni.cpp, line 516]
Event: 0.208 Thread 0x000002128a18bf40 Exception <a 'java/lang/NoSuchMethodError'{0x00000000c3a3e218}: 'java.lang.Object java.lang.invoke.DirectMethodHandle$Holder.invokeStaticInit(java.lang.Object)'> (0x00000000c3a3e218) 
thrown [s\src\hotspot\share\interpreter\linkResolver.cpp, line 759]
Event: 0.323 Thread 0x000002128a18bf40 Exception <a 'java/lang/NoSuchMethodError'{0x00000000c364c268}: 'java.lang.Object java.lang.invoke.DirectMethodHandle$Holder.invokeStaticInit(java.lang.Object, int, int, int, int)'> (0x00000000c364c268) 
thrown [s\src\hotspot\share\interpreter\linkResolver.cpp, line 759]
Event: 0.374 Thread 0x000002128a18bf40 Exception <a 'java/lang/NoSuchMethodError'{0x00000000c3534878}: 'java.lang.Object java.lang.invoke.DirectMethodHandle$Holder.invokeStaticInit(java.lang.Object, java.lang.Object, int, int, int, int)'> (0x00000000c3534878) 
thrown [s\src\hotspot\share\interpreter\linkResolver.cpp, line 759]
Event: 0.440 Thread 0x000002128a18bf40 Exception <a 'java/lang/NoSuchMethodError'{0x00000000c353ff18}: 'void java.lang.invoke.DirectMethodHandle$Holder.invokeStatic(java.lang.Object, long)'> (0x00000000c353ff18) 
thrown [s\src\hotspot\share\interpreter\linkResolver.cpp, line 759]
Event: 0.441 Thread 0x000002128a18bf40 Exception <a 'java/lang/NoSuchMethodError'{0x00000000c35454f8}: 'java.lang.Object java.lang.invoke.DirectMethodHandle$Holder.newInvokeSpecial(java.lang.Object, long)'> (0x00000000c35454f8) 
thrown [s\src\hotspot\share\interpreter\linkResolver.cpp, line 759]
Event: 0.444 Thread 0x000002128a18bf40 Exception <a 'java/lang/NoSuchMethodError'{0x00000000c354fd10}: 'java.lang.Object java.lang.invoke.DirectMethodHandle$Holder.invokeStaticInit(java.lang.Object, java.lang.Object, long, java.lang.Object)'> (0x00000000c354fd10) 
thrown [s\src\hotspot\share\interpreter\linkResolver.cpp, line 759]
Event: 0.445 Thread 0x000002128a18bf40 Exception <a 'java/lang/NoSuchMethodError'{0x00000000c35562d0}: 'java.lang.Object java.lang.invoke.DirectMethodHandle$Holder.newInvokeSpecial(java.lang.Object, java.lang.Object, long)'> (0x00000000c35562d0) 
thrown [s\src\hotspot\share\interpreter\linkResolver.cpp, line 759]
Event: 0.445 Thread 0x000002128a18bf40 Exception <a 'java/lang/NoSuchMethodError'{0x00000000c3559e40}: 'java.lang.Object java.lang.invoke.Invokers$Holder.linkToTargetMethod(java.lang.Object, long, java.lang.Object)'> (0x00000000c3559e40) 
thrown [s\src\hotspot\share\interpreter\linkResolver.cpp, line 759]
Event: 0.615 Thread 0x000002128a18bf40 Exception <a 'java/lang/NoSuchMethodError'{0x00000000c34ca0b0}: 'java.lang.Object java.lang.invoke.DirectMethodHandle$Holder.invokeInterface(java.lang.Object, java.lang.Object)'> (0x00000000c34ca0b0) 
thrown [s\src\hotspot\share\interpreter\linkResolver.cpp, line 759]
Event: 0.615 Thread 0x000002128a18bf40 Exception <a 'java/lang/IncompatibleClassChangeError'{0x00000000c34cd9d0}: Found class java.lang.Object, but interface was expected> (0x00000000c34cd9d0) 
thrown [s\src\hotspot\share\interpreter\linkResolver.cpp, line 826]
Event: 2.063 Thread 0x000002128a18bf40 Exception <a 'java/lang/NoSuchMethodError'{0x00000000c33f5120}: 'void java.lang.invoke.DirectMethodHandle$Holder.invokeSpecial(java.lang.Object, java.lang.Object, java.lang.Object, java.lang.Object, java.lang.Object)'> (0x00000000c33f5120) 
thrown [s\src\hotspot\share\interpreter\linkResolver.cpp, line 759]
Event: 2.064 Thread 0x000002128a18bf40 Exception <a 'java/lang/NoSuchMethodError'{0x00000000c33fe0e0}: 'void java.lang.invoke.DirectMethodHandle$Holder.invokeSpecial(java.lang.Object, java.lang.Object, java.lang.Object)'> (0x00000000c33fe0e0) 
thrown [s\src\hotspot\share\interpreter\linkResolver.cpp, line 759]
Event: 2.065 Thread 0x000002128a18bf40 Exception <a 'java/lang/NoSuchMethodError'{0x00000000c3204650}: 'void java.lang.invoke.DirectMethodHandle$Holder.invokeSpecial(java.lang.Object, java.lang.Object, int)'> (0x00000000c3204650) 
thrown [s\src\hotspot\share\interpreter\linkResolver.cpp, line 759]
Event: 2.066 Thread 0x000002128a18bf40 Exception <a 'java/lang/NoSuchMethodError'{0x00000000c320a668}: 'java.lang.Object java.lang.invoke.DirectMethodHandle$Holder.newInvokeSpecial(java.lang.Object, java.lang.Object, int)'> (0x00000000c320a668) 
thrown [s\src\hotspot\share\interpreter\linkResolver.cpp, line 759]
Event: 7.365 Thread 0x00000212ef2bdde0 Exception <a 'java/lang/InterruptedException'{0x00000000c7d00000}> (0x00000000c7d00000) 
thrown [s\src\hotspot\share\runtime\objectMonitor.cpp, line 1658]
Event: 7.393 Thread 0x00000212eddf9070 Implicit null exception at 0x000002129b0872c4 to 0x000002129b08734c

VM Operations (20 events):
Event: 3.758 Executing VM operation: G1PauseCleanup done
Event: 4.372 Executing VM operation: G1CollectForAllocation
Event: 4.374 Executing VM operation: G1CollectForAllocation done
Event: 5.007 Executing VM operation: G1CollectForAllocation
Event: 5.010 Executing VM operation: G1CollectForAllocation done
Event: 5.024 Executing VM operation: G1PauseRemark
Event: 5.025 Executing VM operation: G1PauseRemark done
Event: 5.029 Executing VM operation: G1PauseCleanup
Event: 5.029 Executing VM operation: G1PauseCleanup done
Event: 5.655 Executing VM operation: G1CollectForAllocation
Event: 5.657 Executing VM operation: G1CollectForAllocation done
Event: 6.338 Executing VM operation: G1CollectForAllocation
Event: 6.340 Executing VM operation: G1CollectForAllocation done
Event: 6.347 Executing VM operation: G1PauseRemark
Event: 6.348 Executing VM operation: G1PauseRemark done
Event: 6.351 Executing VM operation: G1PauseCleanup
Event: 6.351 Executing VM operation: G1PauseCleanup done
Event: 7.067 Executing VM operation: G1CollectForAllocation
Event: 7.069 Executing VM operation: G1CollectForAllocation done
Event: 7.468 Executing VM operation: Exit

Memory protections (0 events):
No events

Nmethod flushes (0 events):
No events

Events (20 events):
Event: 2.200 Thread 0x00000212ef2be2c0 Thread added: 0x00000212805a6a70
Event: 2.200 Thread 0x00000212ef2be2c0 Thread added: 0x00000212805a83c0
Event: 2.200 Thread 0x00000212ef2be2c0 Thread added: 0x00000212805a4c10
Event: 2.200 Thread 0x00000212ef2be2c0 Thread added: 0x00000212805a88d0
Event: 2.200 Thread 0x00000212a7f6b610 Thread added: 0x000002128068e8a0
Event: 2.764 Thread 0x000002128068e8a0 Thread exited: 0x000002128068e8a0
Event: 2.806 Thread 0x00000212eee3ab90 Thread exited: 0x00000212eee3ab90
Event: 7.365 Thread 0x00000212ef2be2c0 Thread added: 0x00000212805aa730
Event: 7.365 Thread 0x00000212ef2bdde0 Thread exited: 0x00000212ef2bdde0
Event: 7.365 Thread 0x00000212ef2be2c0 Thread added: 0x00000212805a9d10
Event: 7.365 Thread 0x00000212ef2be2c0 Thread added: 0x00000212805aac40
Event: 7.366 Thread 0x00000212ed4f4d00 Thread added: 0x00000212805ab150
Event: 7.366 Thread 0x00000212805aac40 Thread exited: 0x00000212805aac40
Event: 7.366 Thread 0x00000212ef2f2540 Thread exited: 0x00000212ef2f2540
Event: 7.368 Thread 0x00000212ed4f4d00 Thread exited: 0x00000212ed4f4d00
Event: 7.394 Thread 0x00000212eddf9070 Thread exited: 0x00000212eddf9070
Event: 7.399 Thread 0x00000212805aa730 Thread exited: 0x00000212805aa730
Event: 7.467 Thread 0x00000212805a9d10 Thread exited: 0x00000212805a9d10
Event: 7.467 Thread 0x00000212ef2be2c0 Before exit entered
Event: 7.468 Thread 0x00000212a7f63970 Thread exited: 0x00000212a7f63970


Dynamic libraries:
0x00007ff705240000 - 0x00007ff70524e000 	C:\Program Files\Processing\app\resources\jdk-17.0.14+7\bin\java.exe
0x00007ffe8d7a0000 - 0x00007ffe8da07000 	C:\WINDOWS\SYSTEM32\ntdll.dll
0x00007ffe8bad0000 - 0x00007ffe8bb99000 	C:\WINDOWS\System32\KERNEL32.DLL
0x00007ffe8afe0000 - 0x00007ffe8b3d7000 	C:\WINDOWS\System32\KERNELBASE.dll
0x00007ffe8ac60000 - 0x00007ffe8adab000 	C:\WINDOWS\System32\ucrtbase.dll
0x00007ffe878f0000 - 0x00007ffe8790e000 	C:\Program Files\Processing\app\resources\jdk-17.0.14+7\bin\VCRUNTIME140.dll
0x00007ffe879c0000 - 0x00007ffe879d7000 	C:\Program Files\Processing\app\resources\jdk-17.0.14+7\bin\jli.dll
0x00007ffe8b720000 - 0x00007ffe8b8e6000 	C:\WINDOWS\System32\USER32.dll
0x00007ffe8a290000 - 0x00007ffe8a2b7000 	C:\WINDOWS\System32\win32u.dll
0x00007ffe73250000 - 0x00007ffe734e2000 	C:\WINDOWS\WinSxS\amd64_microsoft.windows.common-controls_6595b64144ccf1df_6.0.26100.8457_none_3e0b2faee331e92d\COMCTL32.dll
0x00007ffe8d080000 - 0x00007ffe8d0ab000 	C:\WINDOWS\System32\GDI32.dll
0x00007ffe8b960000 - 0x00007ffe8ba09000 	C:\WINDOWS\System32\msvcrt.dll
0x00007ffe8a2c0000 - 0x00007ffe8a3ec000 	C:\WINDOWS\System32\gdi32full.dll
0x00007ffe8b470000 - 0x00007ffe8b513000 	C:\WINDOWS\System32\msvcp_win.dll
0x00007ffe8d720000 - 0x00007ffe8d752000 	C:\WINDOWS\System32\IMM32.DLL
0x00007ffe85b30000 - 0x00007ffe85b3c000 	C:\Program Files\Processing\app\resources\jdk-17.0.14+7\bin\vcruntime140_1.dll
0x00007ffe63cf0000 - 0x00007ffe63d7d000 	C:\Program Files\Processing\app\resources\jdk-17.0.14+7\bin\msvcp140.dll
0x00007ffdf50b0000 - 0x00007ffdf5d1b000 	C:\Program Files\Processing\app\resources\jdk-17.0.14+7\bin\server\jvm.dll
0x00007ffe8ba10000 - 0x00007ffe8bac6000 	C:\WINDOWS\System32\ADVAPI32.dll
0x00007ffe8d0f0000 - 0x00007ffe8d197000 	C:\WINDOWS\System32\sechost.dll
0x00007ffe8b520000 - 0x00007ffe8b638000 	C:\WINDOWS\System32\RPCRT4.dll
0x00007ffe8b640000 - 0x00007ffe8b6c0000 	C:\WINDOWS\System32\WS2_32.dll
0x00007ffe8a030000 - 0x00007ffe8a08e000 	C:\WINDOWS\SYSTEM32\POWRPROF.dll
0x00007ffe810b0000 - 0x00007ffe810bb000 	C:\WINDOWS\SYSTEM32\VERSION.dll
0x00007ffe73640000 - 0x00007ffe73676000 	C:\WINDOWS\SYSTEM32\WINMM.dll
0x00007ffe8a010000 - 0x00007ffe8a024000 	C:\WINDOWS\SYSTEM32\UMPDC.dll
0x00007ffe88f60000 - 0x00007ffe88f7b000 	C:\WINDOWS\SYSTEM32\kernel.appcore.dll
0x00007ffe85b20000 - 0x00007ffe85b2a000 	C:\Program Files\Processing\app\resources\jdk-17.0.14+7\bin\jimage.dll
0x00007ffe74060000 - 0x00007ffe742a2000 	C:\WINDOWS\SYSTEM32\DBGHELP.DLL
0x00007ffe8d390000 - 0x00007ffe8d713000 	C:\WINDOWS\System32\combase.dll
0x00007ffe8c8d0000 - 0x00007ffe8c9a9000 	C:\WINDOWS\System32\OLEAUT32.dll
0x00007ffe7b860000 - 0x00007ffe7b89b000 	C:\WINDOWS\SYSTEM32\dbgcore.DLL
0x00007ffe8adb0000 - 0x00007ffe8ae58000 	C:\WINDOWS\System32\bcryptPrimitives.dll
0x00007ffe85ae0000 - 0x00007ffe85b1b000 	C:\Program Files\Processing\app\resources\jdk-17.0.14+7\bin\jdwp.dll
0x00007ffe7c0a0000 - 0x00007ffe7c0c5000 	C:\Program Files\Processing\app\resources\jdk-17.0.14+7\bin\java.dll
0x00007ffe5ef00000 - 0x00007ffe5efd7000 	C:\Program Files\Processing\app\resources\jdk-17.0.14+7\bin\jsvml.dll
0x00007ffe8bca0000 - 0x00007ffe8c40e000 	C:\WINDOWS\System32\SHELL32.dll
0x00007ffe8a3f0000 - 0x00007ffe8ac5c000 	C:\WINDOWS\System32\windows.storage.dll
0x00007ffe8bba0000 - 0x00007ffe8bc96000 	C:\WINDOWS\System32\SHCORE.dll
0x00007ffe8b8f0000 - 0x00007ffe8b956000 	C:\WINDOWS\System32\shlwapi.dll
0x00007ffe8a0f0000 - 0x00007ffe8a119000 	C:\WINDOWS\SYSTEM32\profapi.dll
0x00007ffe85ad0000 - 0x00007ffe85adc000 	C:\Program Files\Processing\app\resources\jdk-17.0.14+7\bin\dt_socket.dll
0x00007ffe889a0000 - 0x00007ffe889d2000 	C:\WINDOWS\SYSTEM32\IPHLPAPI.DLL
0x00007ffe894d0000 - 0x00007ffe8953c000 	C:\WINDOWS\system32\mswsock.dll
0x00007ffe85a90000 - 0x00007ffe85aa9000 	C:\Program Files\Processing\app\resources\jdk-17.0.14+7\bin\net.dll
0x00007ffe843f0000 - 0x00007ffe84519000 	C:\WINDOWS\SYSTEM32\WINHTTP.dll
0x00007ffe85860000 - 0x00007ffe85876000 	C:\Program Files\Processing\app\resources\jdk-17.0.14+7\bin\nio.dll
0x00007ffe80870000 - 0x00007ffe80888000 	C:\Program Files\Processing\app\resources\jdk-17.0.14+7\bin\zip.dll
0x00007ffe5e390000 - 0x00007ffe5e520000 	C:\Program Files\Processing\app\resources\jdk-17.0.14+7\bin\awt.dll
0x00007ffe87a00000 - 0x00007ffe87aa0000 	C:\WINDOWS\SYSTEM32\apphelp.dll
0x00007ffe87d80000 - 0x00007ffe87e2a000 	C:\WINDOWS\system32\uxtheme.dll
0x00007ffe8d1a0000 - 0x00007ffe8d2fc000 	C:\WINDOWS\System32\MSCTF.dll
0x00007ffe8c430000 - 0x00007ffe8c5c7000 	C:\WINDOWS\System32\ole32.dll
0x00007ffe87f20000 - 0x00007ffe87f4f000 	C:\WINDOWS\system32\DWMAPI.DLL
0x00007ffe40100000 - 0x00007ffe4020f000 	C:\WINDOWS\system32\opengl32.dll
0x00007ffe429d0000 - 0x00007ffe429fd000 	C:\WINDOWS\SYSTEM32\GLU32.dll
0x00007ffe87eb0000 - 0x00007ffe87ef5000 	C:\WINDOWS\SYSTEM32\dxcore.dll
0x00007ffe897b0000 - 0x00007ffe897cb000 	C:\WINDOWS\SYSTEM32\CRYPTSP.dll
0x00007ffe88ec0000 - 0x00007ffe88ef9000 	C:\WINDOWS\system32\rsaenh.dll
0x00007ffe89580000 - 0x00007ffe895b3000 	C:\WINDOWS\SYSTEM32\USERENV.dll
0x00007ffe8a0c0000 - 0x00007ffe8a0ea000 	C:\WINDOWS\SYSTEM32\bcrypt.dll
0x00007ffe897d0000 - 0x00007ffe897dc000 	C:\WINDOWS\SYSTEM32\CRYPTBASE.dll
0x00007ffe8c8c0000 - 0x00007ffe8c8ca000 	C:\WINDOWS\System32\NSI.dll
0x00007ffe84550000 - 0x00007ffe8456d000 	C:\WINDOWS\SYSTEM32\dhcpcsvc6.DLL
0x00007ffe84520000 - 0x00007ffe84545000 	C:\WINDOWS\SYSTEM32\dhcpcsvc.DLL
0x00007ffe88a40000 - 0x00007ffe88b72000 	C:\WINDOWS\SYSTEM32\DNSAPI.dll
0x00007ffe7cf50000 - 0x00007ffe7cf63000 	C:\Users\danil\AppData\Local\Temp\jogamp_0000\file_cache\jln8144691373060351201\jln13828660460802188249\natives\windows-amd64\gluegen_rt.dll
0x00007ffe7c090000 - 0x00007ffe7c097000 	C:\Program Files\Processing\app\resources\jdk-17.0.14+7\bin\jawt.dll
0x00007ffe7bc20000 - 0x00007ffe7bc2d000 	C:\Users\danil\AppData\Local\Temp\jogamp_0000\file_cache\jln8144691373060351201\jln13828660460802188249\natives\windows-amd64\nativewindow_awt.dll
0x00007ffe7bc00000 - 0x00007ffe7bc15000 	C:\Users\danil\AppData\Local\Temp\jogamp_0000\file_cache\jln8144691373060351201\jln13828660460802188249\natives\windows-amd64\nativewindow_win32.dll
0x00007ffe5ee70000 - 0x00007ffe5eef3000 	C:\Users\danil\AppData\Local\Temp\jogamp_0000\file_cache\jln8144691373060351201\jln13828660460802188249\natives\windows-amd64\jogl_desktop.dll
0x00007ffe7a300000 - 0x00007ffe7a352000 	C:\Users\danil\AppData\Local\Temp\jogamp_0000\file_cache\jln8144691373060351201\jln13828660460802188249\natives\windows-amd64\jogl_mobile.dll
0x00007ffe841f0000 - 0x00007ffe84251000 	C:\WINDOWS\SYSTEM32\directxdatabasehelper.dll
0x00007ffe7b700000 - 0x00007ffe7b71d000 	C:\WINDOWS\SYSTEM32\windows.staterepositorycore.dll
0x00007ffdf33d0000 - 0x00007ffdf43a3000 	C:\WINDOWS\System32\DriverStore\FileRepository\iigd_dch.inf_amd64_225f37aa3862fc3f\igxelpicd64.dll
0x00007ffe87bd0000 - 0x00007ffe87d0e000 	C:\WINDOWS\system32\dxgi.dll
0x00007ffe59810000 - 0x00007ffe59c97000 	C:\WINDOWS\System32\DriverStore\FileRepository\iigd_dch.inf_amd64_225f37aa3862fc3f\igdml64.dll
0x00007ffe89d40000 - 0x00007ffe89d91000 	C:\WINDOWS\SYSTEM32\cfgmgr32.dll
0x00007ffe80b00000 - 0x00007ffe80ec1000 	C:\WINDOWS\System32\DriverStore\FileRepository\iigd_dch.inf_amd64_225f37aa3862fc3f\igdgmm64.dll
0x00007ffe7d5d0000 - 0x00007ffe807d6000 	C:\WINDOWS\System32\DriverStore\FileRepository\iigd_dch.inf_amd64_225f37aa3862fc3f\igc64.dll
0x00007ffe7b7e0000 - 0x00007ffe7b7f9000 	C:\Users\danil\AppData\Local\Temp\jogamp_0000\file_cache\jln8144691373060351201\jln13828660460802188249\natives\windows-amd64\newt_head.dll
0x00007ffe5e8e0000 - 0x00007ffe5e99f000 	C:\WINDOWS\SYSTEM32\mscms.dll
0x00007ffe1cd10000 - 0x00007ffe1cd59000 	C:\WINDOWS\SYSTEM32\icm32.dll
0x00007ffe8cbf0000 - 0x00007ffe8d077000 	C:\WINDOWS\System32\setupapi.dll
0x00007ffe89d10000 - 0x00007ffe89d3d000 	C:\WINDOWS\SYSTEM32\DEVOBJ.dll
0x00007ffe8b3e0000 - 0x00007ffe8b462000 	C:\WINDOWS\System32\WINTRUST.dll
0x00007ffe8ae60000 - 0x00007ffe8afd8000 	C:\WINDOWS\System32\CRYPT32.dll
0x00007ffe898e0000 - 0x00007ffe898f3000 	C:\WINDOWS\SYSTEM32\MSASN1.dll
0x00007ffe580f0000 - 0x00007ffe58236000 	C:\WINDOWS\SYSTEM32\textinputframework.dll
0x00007ffe87560000 - 0x00007ffe87687000 	C:\WINDOWS\SYSTEM32\CoreMessaging.dll
0x00007ffe83270000 - 0x00007ffe83552000 	C:\WINDOWS\SYSTEM32\CoreUIComponents.dll
0x00007ffe84e00000 - 0x00007ffe84f6a000 	C:\WINDOWS\SYSTEM32\wintypes.dll

dbghelp: loaded successfully - version: 4.0.5 - missing functions: none
symbol engine: initialized successfully - sym options: 0x614 - pdb path: .;C:\Program Files\Processing\app\resources\jdk-17.0.14+7\bin;C:\WINDOWS\SYSTEM32;C:\WINDOWS\WinSxS\amd64_microsoft.windows.common-controls_6595b64144ccf1df_6.0.26100.8457_none_3e0b2faee331e92d;C:\Program Files\Processing\app\resources\jdk-17.0.14+7\bin\server;C:\Users\danil\AppData\Local\Temp\jogamp_0000\file_cache\jln8144691373060351201\jln13828660460802188249\natives\windows-amd64;C:\WINDOWS\System32\DriverStore\FileRepository\iigd_dch.inf_amd64_225f37aa3862fc3f

VM Arguments:
jvm_args: -agentlib:jdwp=transport=dt_socket,address=8777,server=y,suspend=y,quiet=y -Xms64m -Xmx1024m -Djna.nosys=true -Djava.library.path=;C:\Program Files\Processing\app\resources\core\library;C:\Program Files\Processing;C:\WINDOWS\system32;C:\WINDOWS;C:\Program Files\PlasticSCM5\server;C:\Program Files\PlasticSCM5\client;C:\Program Files\Common Files\Oracle\Java\javapath;C:\Program Files (x86)\Common Files\Oracle\Java\javapath;C:\Windows\System32\HWAudioDriverLibs;C:\Windows\system32;C:\Windows;C:\Windows\System32\Wbem;C:\Windows\System32\WindowsPowerShell\v1.0;C:\Windows\System32\OpenSSH;C:\Program Files\Microsoft SQL Server\150\Tools\Binn;C:\Program Files\Microsoft SQL Server\Client SDK\ODBC\170\Tools\Binn;C:\Program Files\dotnet;D:\Windows Kits\10\Windows Performance Toolkit;C:\Program Files\Java\jdk-23\bin;C:\WINDOWS\system32;C:\WINDOWS;C:\WINDOWS\System32\Wbem;C:\WINDOWS\System32\WindowsPowerShell\v1.0;C:\WINDOWS\System32\OpenSSH;C:\Program Files\nodejs;C:\Program Files\Docker\Docker\resources\bin;C:\Program Files\TortoiseGit\bin;C:\Program Files\Git\cmd;C:\Users\danil\AppData\Local\Programs\Python\Python312\Scripts;C:\Users\danil\AppData\Local\Programs\Python\Python312;C:\Users\danil\AppData\Local\Microsoft\WindowsApps;C:\Users\danil\AppData\Local\Programs\Microsoft VS Code\bin;C:\Users\danil\AppData\Roaming\npm;D:\DataBase\18\bin;C:\Program Files\Processing\app;. -ea 
java_command: processing.core.PApplet --editor-location=-7,-7 --external --display=1 --sketch-path=C:\Users\danil\Desktop\Gravity_simul Gravity_simul
java_class_path (initial): C:\Users\danil\AppData\Local\Temp\processing\Gravity_simul14457589633681806829temp;C:\Program Files\Processing\app\resources\core\library\annotations-13.0.jar;C:\Program Files\Processing\app\resources\core\library\antlr-2.7.7.jar;C:\Program Files\Processing\app\resources\core\library\core-4.4.1.jar;C:\Program Files\Processing\app\resources\core\library\gluegen-rt-2.5.0-natives-android-aarch64.jar;C:\Program Files\Processing\app\resources\core\library\gluegen-rt-2.5.0-natives-linux-aarch64.jar;C:\Program Files\Processing\app\resources\core\library\gluegen-rt-2.5.0-natives-linux-amd64.jar;C:\Program Files\Processing\app\resources\core\library\gluegen-rt-2.5.0-natives-linux-armv6hf.jar;C:\Program Files\Processing\app\resources\core\library\gluegen-rt-2.5.0-natives-macosx-universal.jar;C:\Program Files\Processing\app\resources\core\library\gluegen-rt-2.5.0-natives-windows-amd64.jar;C:\Program Files\Processing\app\resources\core\library\gluegen-rt-2.5.0.jar;C:\Program Files\Processing\app\resources\core\library\gluegen-rt-main-2.5.0.jar;C:\Program Files\Processing\app\resources\core\library\jogl-all-2.5.0-natives-android-aarch64.jar;C:\Program Files\Processing\app\resources\core\library\jogl-all-2.5.0-natives-linux-aarch64.jar;C:\Program Files\Processing\app\resources\core\library\jogl-all-2.5.0-natives-linux-amd64.jar;C:\Program Files\Processing\app\resources\core\library\jogl-all-2.5.0-natives-linux-armv6hf.jar;C:\Program Files\Processing\app\resources\core\library\jogl-all-2.5.0-natives-macosx-universal.jar;C:\Program Files\Processing\app\resources\core\library\jogl-all-2.5.0-natives-windows-amd64.jar;C:\Program Files\Processing\app\resources\core\library\jogl-all-2.5.0.jar;C:\Program Files\Processing\app\resources\core\library\jogl-all-main-2.5.0.jar;C:\Program Files\Processing\app\resources\core\library\kotlin-stdlib-2.0.20.jar
Launcher Type: SUN_STANDARD

[Global flags]
     intx CICompilerCount                          = 4                                         {product} {ergonomic}
     uint ConcGCThreads                            = 2                                         {product} {ergonomic}
     uint G1ConcRefinementThreads                  = 8                                         {product} {ergonomic}
   size_t G1HeapRegionSize                         = 1048576                                   {product} {ergonomic}
    uintx GCDrainStackTargetSize                   = 64                                        {product} {ergonomic}
   size_t InitialHeapSize                          = 67108864                                  {product} {command line}
   size_t MarkStackSize                            = 4194304                                   {product} {ergonomic}
   size_t MaxHeapSize                              = 1073741824                                {product} {command line}
   size_t MaxNewSize                               = 643825664                                 {product} {ergonomic}
   size_t MinHeapDeltaBytes                        = 1048576                                   {product} {ergonomic}
   size_t MinHeapSize                              = 67108864                                  {product} {command line}
    uintx NonNMethodCodeHeapSize                   = 5839372                                {pd product} {ergonomic}
    uintx NonProfiledCodeHeapSize                  = 122909434                              {pd product} {ergonomic}
    uintx ProfiledCodeHeapSize                     = 122909434                              {pd product} {ergonomic}
    uintx ReservedCodeCacheSize                    = 251658240                              {pd product} {ergonomic}
     bool SegmentedCodeCache                       = true                                      {product} {ergonomic}
   size_t SoftMaxHeapSize                          = 1073741824                             {manageable} {ergonomic}
     bool UseCompressedClassPointers               = true                           {product lp64_product} {ergonomic}
     bool UseCompressedOops                        = true                           {product lp64_product} {ergonomic}
     bool UseG1GC                                  = true                                      {product} {ergonomic}
     bool UseLargePagesIndividualAllocation        = false                                  {pd product} {ergonomic}

Logging:
Log output configuration:
 #0: stdout all=off uptime,level,tags
 #1: stderr all=off uptime,level,tags

Environment Variables:
JAVA_HOME=C:\Program Files\Java\jdk-23
PATH=C:\Program Files\PlasticSCM5\server;C:\Program Files\PlasticSCM5\client;C:\Program Files\Common Files\Oracle\Java\javapath;C:\Program Files (x86)\Common Files\Oracle\Java\javapath;C:\Windows\System32\HWAudioDriverLibs;C:\Windows\system32;C:\Windows;C:\Windows\System32\Wbem;C:\Windows\System32\WindowsPowerShell\v1.0\;C:\Windows\System32\OpenSSH\;C:\Users\Administrator\AppData\Local\Microsoft\WindowsApps;C:\Program Files\Microsoft SQL Server\150\Tools\Binn\;C:\Program Files\Microsoft SQL Server\Client SDK\ODBC\170\Tools\Binn\;C:\Program Files\dotnet\;D:\Windows Kits\10\Windows Performance Toolkit\;C:\Program Files\Java\jdk-23\bin;C:\WINDOWS\system32;C:\WINDOWS;C:\WINDOWS\System32\Wbem;C:\WINDOWS\System32\WindowsPowerShell\v1.0\;C:\WINDOWS\System32\OpenSSH\;C:\Program Files\nodejs\;C:\Program Files\Docker\Docker\resources\bin;C:\Program Files\TortoiseGit\bin;C:\Program Files\Git\cmd;C:\Users\danil\AppData\Local\Programs\Python\Python312\Scripts\;C:\Users\danil\AppData\Local\Programs\Python\Python312\;C:\Users\danil\AppData\Local\Microsoft\WindowsApps;C:\Users\danil\.dotnet\tools;C:\Users\danil\AppData\Local\Programs\Microsoft VS Code\bin;C:\Users\danil\AppData\Roaming\npm;D:\DataBase\18\bin;C:\Program Files\Processing\app
USERNAME=danil
OS=Windows_NT
PROCESSOR_IDENTIFIER=Intel64 Family 6 Model 140 Stepping 2, GenuineIntel
TMP=C:\Users\danil\AppData\Local\Temp
TEMP=C:\Users\danil\AppData\Local\Temp



Periodic native trim disabled


---------------  S Y S T E M  ---------------

OS:
 Windows 11 , 64 bit Build 26100 (10.0.26100.8328)
OS uptime: 0 days 0:35 hours
Hyper-V role detected

CPU: total 8 (initial active 8) (4 cores per cpu, 2 threads per core) family 6 model 140 stepping 2 microcode 0x16, cx8, cmov, fxsr, ht, mmx, 3dnowpref, sse, sse2, sse3, ssse3, sse4.1, sse4.2, popcnt, lzcnt, tsc, tscinvbit, avx, avx2, aes, erms, clmul, bmi1, bmi2, adx, avx512f, avx512dq, avx512cd, avx512bw, avx512vl, sha, fma, vzeroupper, avx512_vpopcntdq, avx512_vpclmulqdq, avx512_vaes, avx512_vnni, clflush, clflushopt, clwb, avx512_vbmi2, avx512_vbmi, hv
Processor Information for processor 0
  Max Mhz: 2496, Current Mhz: 998, Mhz Limit: 2496
Processor Information for processor 1
  Max Mhz: 2496, Current Mhz: 998, Mhz Limit: 2496
Processor Information for processor 2
  Max Mhz: 2496, Current Mhz: 2496, Mhz Limit: 2496
Processor Information for processor 3
  Max Mhz: 2496, Current Mhz: 998, Mhz Limit: 2496
Processor Information for processor 4
  Max Mhz: 2496, Current Mhz: 998, Mhz Limit: 2496
Processor Information for processor 5
  Max Mhz: 2496, Current Mhz: 2496, Mhz Limit: 2496
Processor Information for processor 6
  Max Mhz: 2496, Current Mhz: 998, Mhz Limit: 2496
Processor Information for processor 7
  Max Mhz: 2496, Current Mhz: 2496, Mhz Limit: 2496

Memory: 4k page, system-wide physical 7975M (1869M free)
TotalPageFile size 17703M (AvailPageFile size 8527M)
current process WorkingSet (physical memory assigned to process): 520M, peak: 540M
current process commit charge ("private bytes"): 511M, peak: 539M

vm_info: OpenJDK 64-Bit Server VM (17.0.14+7) for windows-amd64 JRE (17.0.14+7), built on Jan 21 2025 23:40:15 by "admin" with MS VC++ 17.7 (VS2022)

END.
