#
# A fatal error has been detected by the Java Runtime Environment:
#
#  EXCEPTION_ACCESS_VIOLATION (0xc0000005) at pc=0x00007ffb49c7b386, pid=16364, tid=9780
#
# JRE version: OpenJDK Runtime Environment Temurin-17.0.14+7 (17.0.14+7) (build 17.0.14+7)
# Java VM: OpenJDK 64-Bit Server VM Temurin-17.0.14+7 (17.0.14+7, mixed mode, sharing, tiered, compressed oops, compressed class ptrs, g1 gc, windows-amd64)
# Problematic frame:
# C  [igxelpicd64.dll+0x23b386]
#
# No core dump will be written. Minidumps are not enabled by default on client versions of Windows
#
# If you would like to submit a bug report, please visit:
#   https://github.com/adoptium/adoptium-support/issues
#

---------------  S U M M A R Y ------------

Command Line: -agentlib:jdwp=transport=dt_socket,address=8027,server=y,suspend=y,quiet=y -Xms64m -Xmx1024m -Djna.nosys=true -Djava.library.path=;C:\Program Files\Processing\app\resources\core\library;C:\Program Files\Processing;C:\WINDOWS\system32;C:\WINDOWS;C:\Program Files\PlasticSCM5\server;C:\Program Files\PlasticSCM5\client;C:\Program Files\Common Files\Oracle\Java\javapath;C:\Program Files (x86)\Common Files\Oracle\Java\javapath;C:\Windows\System32\HWAudioDriverLibs;C:\Windows\system32;C:\Windows;C:\Windows\System32\Wbem;C:\Windows\System32\WindowsPowerShell\v1.0;C:\Windows\System32\OpenSSH;C:\Program Files\Microsoft SQL Server\150\Tools\Binn;C:\Program Files\Microsoft SQL Server\Client SDK\ODBC\170\Tools\Binn;C:\Program Files\dotnet;D:\Windows Kits\10\Windows Performance Toolkit;C:\Program Files\Java\jdk-23\bin;C:\WINDOWS\system32;C:\WINDOWS;C:\WINDOWS\System32\Wbem;C:\WINDOWS\System32\WindowsPowerShell\v1.0;C:\WINDOWS\System32\OpenSSH;C:\Program Files\nodejs;C:\Program Files\Docker\Docker\resources\bin;C:\Program Files\TortoiseGit\bin;C:\Program Files\Git\cmd;C:\Users\danil\Desktop\ffmpeg-8.1.2-essentials_build\ffmpeg-8.1.2-essentials_build\bin;C:\Users\danil\AppData\Local\Programs\Python\Python312\Scripts;C:\Users\danil\AppData\Local\Programs\Python\Python312;C:\Users\danil\AppData\Local\Microsoft\WindowsApps;C:\Users\danil\AppData\Local\Programs\Microsoft VS Code\bin;C:\Users\danil\AppData\Roaming\npm;D:\DataBase\18\bin;C:\Program Files\Processing\app;. -ea processing.core.PApplet --editor-location=-8,-8 --external --display=1 --sketch-path=C:\Users\danil\Desktop\Gravity_simul Gravity_simul

Host: 11th Gen Intel(R) Core(TM) i5-1155G7 @ 2.50GHz, 8 cores, 7G,  Windows 11 , 64 bit Build 26100 (10.0.26100.8521)
Time: Sun Jun 28 23:43:56 2026 RTZ 3 (s 11 , 64 bit Build 26100 (10.0.26100.8521) elapsed time: 5.916455 seconds (0d 0h 0m 5s)

---------------  T H R E A D  ---------------

Current thread (0x000001de4de048f0):  VMThread "VM Thread" [stack: 0x000000aa0ed00000,0x000000aa0ee00000] [id=9780]

Stack: [0x000000aa0ed00000,0x000000aa0ee00000],  sp=0x000000aa0edfe570,  free space=1017k
Native frames: (J=compiled Java code, j=interpreted, Vv=VM code, C=native code)
C  [igxelpicd64.dll+0x23b386]


siginfo: EXCEPTION_ACCESS_VIOLATION (0xc0000005), reading address 0x0000000000035468


Registers:
RAX=0x000001dea7d52ad0, RBX=0x000001de93cee720, RCX=0x0000000000000004, RDX=0x0000000000000000
RSP=0x000000aa0edfe570, RBP=0x0000000000000000, RSI=0x000001dea7d528d0, RDI=0x000001de93650c90
R8 =0x000001dea7d529d0, R9 =0x000000aa0e2b4000, R10=0x0000000000000000, R11=0x0000000000000246
R12=0x000001dea7d528d0, R13=0x0000000000000000, R14=0x000001dea7d52e18, R15=0x000001dea7d55750
RIP=0x00007ffb49c7b386, EFLAGS=0x0000000000010202


Register to memory mapping:

RIP=0x00007ffb49c7b386 igxelpicd64.dll
RAX=0x000001dea7d52ad0 points into unknown readable memory: 0x00000000000018ef | ef 18 00 00 00 00 00 00
RBX=0x000001de93cee720 points into unknown readable memory: 0xffffffffffffffff | ff ff ff ff ff ff ff ff
RCX=0x0000000000000004 is an unknown value
RDX=0x0 is NULL
RSP=0x000000aa0edfe570 points into unknown readable memory: 0x000001de93cee720 | 20 e7 ce 93 de 01 00 00
RBP=0x0 is NULL
RSI=0x000001dea7d528d0 points into unknown readable memory: 0x000001de93c18af0 | f0 8a c1 93 de 01 00 00
RDI=0x000001de93650c90 points into unknown readable memory: 0x000001de955cd800 | 00 d8 5c 95 de 01 00 00
R8 =0x000001dea7d529d0 points into unknown readable memory: 0x0000000000000000 | 00 00 00 00 00 00 00 00
R9 =0x000000aa0e2b4000 points into unknown readable memory: 0x0000000000000000 | 00 00 00 00 00 00 00 00
R10=0x0 is NULL
R11=0x0000000000000246 is an unknown value
R12=0x000001dea7d528d0 points into unknown readable memory: 0x000001de93c18af0 | f0 8a c1 93 de 01 00 00
R13=0x0 is NULL
R14=0x000001dea7d52e18 points into unknown readable memory: 0x000001dea7d55750 | 50 57 d5 a7 de 01 00 00
R15=0x000001dea7d55750 points into unknown readable memory: 0x000001de93c18af0 | f0 8a c1 93 de 01 00 00


Top of Stack: (sp=0x000000aa0edfe570)
0x000000aa0edfe570:   000001de93cee720 03a116ee029acaec
0x000000aa0edfe580:   02742af0036d84ee 00b6e0f0039c40f0
0x000000aa0edfe590:   0000001602000000 0000000000000000
0x000000aa0edfe5a0:   00db08f303b842f2 02b457f402bf90f3
0x000000aa0edfe5b0:   000001de93cee720 03399cf6031111f6
0x000000aa0edfe5c0:   027dcef7005e12f7 03a174f8006fd3f7
0x000000aa0edfe5d0:   036449f903903df9 035eaafd037e00fc
0x000000aa0edfe5e0:   0006014102cee3ff 8600021270000000
0x000000aa0edfe5f0:   c201030cb90103aa ef030393b20303a2
0x000000aa0edfe600:   a70403aa780403af 230503a4e50403af
0x000000aa0edfe610:   880802770c0803a5 ba08034d8b080370
0x000000aa0edfe620:   0409032fed080214 af09039337090391
0x000000aa0edfe630:   890a0393370a03a6 820e03ac1f0b0389
0x000000aa0edfe640:   82110352b20e0348 861103a484110359
0x000000aa0edfe650:   e91201a5f0110365 0000000000000000
0x000000aa0edfe660:   0000000000000000 0000000000000000
0x000000aa0edfe670:   000000aa0edfe810 00007ffbfa2a1259
0x000000aa0edfe680:   000000aa0edfe708 0000000000000000
0x000000aa0edfe690:   0000000000000054 00007ffbfa2fc710
0x000000aa0edfe6a0:   892b03a0262a03a8 00007ffbfb064094
0x000000aa0edfe6b0:   bf2d03a55a2d03a3 8b2f03a2c12e0355
0x000000aa0edfe6c0:   000000f9a9897799 3633038fee3102ed
0x000000aa0edfe6d0:   000001de9586ebf8 0000000000001919
0x000000aa0edfe6e0:   0000000000000000 0000000000000016
0x000000aa0edfe6f0:   0000000000000000 0000000000000000
0x000000aa0edfe700:   000000aa0edfe810 00007ffb49ca82ae
0x000000aa0edfe710:   000001de93650c90 0000000000000000
0x000000aa0edfe720:   000001de93650c90 ef4403acde4403a2
0x000000aa0edfe730:   000000aa00000bd4 0000740400840000
0x000000aa0edfe740:   0000000000000000 e04b0391e84a03ae
0x000000aa0edfe750:   904d039e304c0380 444f03a4d94d03af
0x000000aa0edfe760:   725103ab5050036c a252036a1352037b 

Instructions: (pc=0x00007ffb49c7b386)
0x00007ffb49c7b286:   00 90 4c 8b bf 80 02 00 00 48 8b 05 9a 85 bd 00
0x00007ffb49c7b296:   8b 80 c8 0a 00 00 89 44 24 24 c6 44 24 20 00 48
0x00007ffb49c7b2a6:   c7 87 80 02 00 00 00 00 00 00 c7 87 88 02 00 00
0x00007ffb49c7b2b6:   00 00 00 00 48 c7 87 a0 02 00 00 00 00 00 00 48
0x00007ffb49c7b2c6:   c7 87 90 02 00 00 00 00 00 00 48 85 ed 75 3d 8b
0x00007ffb49c7b2d6:   35 0d 77 cd 00 65 48 8b 04 25 58 00 00 00 b9 14
0x00007ffb49c7b2e6:   00 00 00 48 8b 04 f0 40 38 2c 01 0f 84 c9 e7 75
0x00007ffb49c7b2f6:   00 65 48 8b 04 25 58 00 00 00 bd 20 00 00 00 48
0x00007ffb49c7b306:   8b 04 f0 48 8b 2c 28 48 89 6c 24 28 48 3b 2d 07
0x00007ffb49c7b316:   9b cd 00 0f 84 9b 10 00 00 4d 85 ff 0f 84 3a 01
0x00007ffb49c7b326:   00 00 0f 1f 84 00 00 00 00 00 49 8b f7 4d 8b e7
0x00007ffb49c7b336:   4d 8d b7 48 05 00 00 4d 8b 3e 45 84 ed 0f 85 d9
0x00007ffb49c7b346:   0e 00 00 8b 8f d0 01 00 00 48 8b 05 da 84 bd 00
0x00007ffb49c7b356:   83 b8 64 03 00 00 02 75 34 4d 8d 84 24 00 01 00
0x00007ffb49c7b366:   00 83 f9 10 0f 83 3a 01 00 00 8b c1 48 c1 e0 06
0x00007ffb49c7b376:   49 03 c0 48 85 c0 0f 84 9b 01 00 00 48 8b 50 08
0x00007ffb49c7b386:   48 3b 95 68 54 03 00 0f 87 b6 0e 00 00 48 83 be
0x00007ffb49c7b396:   c0 05 00 00 00 0f 85 50 e7 75 00 44 8b 8f d0 01
0x00007ffb49c7b3a6:   00 00 48 8b 87 e8 01 00 00 4c 8b 00 8b 8f d0 01
0x00007ffb49c7b3b6:   00 00 48 8d 9e 00 01 00 00 83 f9 10 0f 83 1e 01
0x00007ffb49c7b3c6:   00 00 8b c1 48 c1 e0 06 48 03 c3 48 85 c0 0f 84
0x00007ffb49c7b3d6:   4a 01 00 00 4c 39 40 08 0f 86 40 01 00 00 48 8b
0x00007ffb49c7b3e6:   87 80 02 00 00 49 89 06 48 89 b7 80 02 00 00 ff
0x00007ffb49c7b3f6:   87 88 02 00 00 48 8b 4e 08 48 8b 01 ba 01 00 00
0x00007ffb49c7b406:   00 48 8b 80 e0 02 00 00 ff 15 f4 c1 88 00 0f b7
0x00007ffb49c7b416:   c8 48 2b c1 48 05 00 00 01 00 48 01 87 90 02 00
0x00007ffb49c7b426:   00 48 8b 4e 08 48 8b 01 ba 01 00 00 00 48 8b 80
0x00007ffb49c7b436:   e0 02 00 00 ff 15 c8 c1 88 00 48 01 87 a0 02 00
0x00007ffb49c7b446:   00 0f b6 54 24 20 4d 85 ff 0f 85 db fe ff ff 84
0x00007ffb49c7b456:   d2 0f 85 37 0f 00 00 48 8b 5c 24 40 48 8b cf 80
0x00007ffb49c7b466:   7c 24 22 00 0f 85 40 0f 00 00 e8 3b f9 ff ff 90
0x00007ffb49c7b476:   48 8b cb ff 15 99 bc 88 00 48 8b 8c 24 50 01 00 


Stack slot to memory mapping:
stack at sp + 0 slots: 0x000001de93cee720 points into unknown readable memory: 0xffffffffffffffff | ff ff ff ff ff ff ff ff
stack at sp + 1 slots: 0x03a116ee029acaec is an unknown value
stack at sp + 2 slots: 0x02742af0036d84ee is an unknown value
stack at sp + 3 slots: 0x00b6e0f0039c40f0 is an unknown value
stack at sp + 4 slots: 0x0000001602000000 is an unknown value
stack at sp + 5 slots: 0x0 is NULL
stack at sp + 6 slots: 0x00db08f303b842f2 is an unknown value
stack at sp + 7 slots: 0x02b457f402bf90f3 is an unknown value

VM_Operation (0x000000aa10ffeb80): Exit, mode: safepoint, requested by thread 0x000001de93a00ca0


---------------  P R O C E S S  ---------------

Threads class SMR info:
_java_thread_list=0x000001dea7adfaf0, length=39, elements={
0x000001de4de0c040, 0x000001de4de0db20, 0x000001de4de246b0, 0x000001de4de24f80,
0x000001de4de25850, 0x000001de4de26120, 0x000001de4de271e0, 0x000001de4de310d0,
0x000001de4de45e00, 0x000001de930d52b0, 0x000001de930e9de0, 0x000001de930ec4e0,
0x000001de93110b70, 0x000001de93119ab0, 0x000001de93603c70, 0x000001de955ead30,
0x000001de93a00ca0, 0x000001de955e68b0, 0x000001de955e4a50, 0x000001de955e5980,
0x000001de955e77e0, 0x000001de955e6dc0, 0x000001de955e7cf0, 0x000001de955e72d0,
0x000001de955e4f60, 0x000001de955e5470, 0x000001de955e4540, 0x000001de955e5e90,
0x000001de955e63a0, 0x000001dea75ab1d0, 0x000001dea75a9d90, 0x000001dea75ab6e0,
0x000001dea75abbf0, 0x000001dea75ac100, 0x000001dea75ac610, 0x000001dea75aa2a0,
0x000001dea75a8e60, 0x000001dea75acb20, 0x000001dea75a9880
}

Java Threads: ( => current thread )
  0x000001de4de0c040 JavaThread "Reference Handler" daemon [_thread_blocked, id=12736, stack(0x000000aa0ee00000,0x000000aa0ef00000)]
  0x000001de4de0db20 JavaThread "Finalizer" daemon [_thread_blocked, id=3732, stack(0x000000aa0ef00000,0x000000aa0f000000)]
  0x000001de4de246b0 JavaThread "Signal Dispatcher" daemon [_thread_blocked, id=6816, stack(0x000000aa0f000000,0x000000aa0f100000)]
  0x000001de4de24f80 JavaThread "Attach Listener" daemon [_thread_blocked, id=1084, stack(0x000000aa0f100000,0x000000aa0f200000)]
  0x000001de4de25850 JavaThread "Service Thread" daemon [_thread_blocked, id=16000, stack(0x000000aa0f200000,0x000000aa0f300000)]
  0x000001de4de26120 JavaThread "Monitor Deflation Thread" daemon [_thread_blocked, id=13584, stack(0x000000aa0f300000,0x000000aa0f400000)]
  0x000001de4de271e0 JavaThread "C2 CompilerThread0" daemon [_thread_blocked, id=9100, stack(0x000000aa0f400000,0x000000aa0f500000)]
  0x000001de4de310d0 JavaThread "C1 CompilerThread0" daemon [_thread_blocked, id=17944, stack(0x000000aa0f500000,0x000000aa0f600000)]
  0x000001de4de45e00 JavaThread "Sweeper thread" daemon [_thread_blocked, id=6016, stack(0x000000aa0f600000,0x000000aa0f700000)]
  0x000001de930d52b0 JavaThread "JDWP Transport Listener: dt_socket" daemon [_thread_blocked, id=2452, stack(0x000000aa0f700000,0x000000aa0f800000)]
  0x000001de930e9de0 JavaThread "JDWP Event Helper Thread" daemon [_thread_blocked, id=1908, stack(0x000000aa0f800000,0x000000aa0f900000)]
  0x000001de930ec4e0 JavaThread "JDWP Command Reader" daemon [_thread_blocked, id=18416, stack(0x000000aa0f900000,0x000000aa0fa00000)]
  0x000001de93110b70 JavaThread "Notification Thread" daemon [_thread_blocked, id=10328, stack(0x000000aa0fa00000,0x000000aa0fb00000)]
  0x000001de93119ab0 JavaThread "Common-Cleaner" daemon [_thread_blocked, id=19028, stack(0x000000aa0fc00000,0x000000aa0fd00000)]
  0x000001de93603c70 JavaThread "Java2D Disposer" daemon [_thread_blocked, id=11576, stack(0x000000aa0fd00000,0x000000aa0fe00000)]
  0x000001de955ead30 JavaThread "HighResTimerThread" daemon [_thread_blocked, id=1876, stack(0x000000aa10d00000,0x000000aa10e00000)]
  0x000001de93a00ca0 JavaThread "main-FPSAWTAnimator#00-Timer0" [_thread_blocked, id=13296, stack(0x000000aa10f00000,0x000000aa11000000)]
  0x000001de955e68b0 JavaThread "DestroyJavaVM" [_thread_blocked, id=16092, stack(0x000000aa0e700000,0x000000aa0e800000)]
  0x000001de955e4a50 JavaThread "pool-1-thread-1" [_thread_blocked, id=17568, stack(0x000000aa11200000,0x000000aa11300000)]
  0x000001de955e5980 JavaThread "pool-1-thread-2" [_thread_blocked, id=10348, stack(0x000000aa11300000,0x000000aa11400000)]
  0x000001de955e77e0 JavaThread "pool-1-thread-3" [_thread_blocked, id=12340, stack(0x000000aa11400000,0x000000aa11500000)]
  0x000001de955e6dc0 JavaThread "pool-1-thread-4" [_thread_blocked, id=12952, stack(0x000000aa11500000,0x000000aa11600000)]
  0x000001de955e7cf0 JavaThread "pool-1-thread-5" [_thread_blocked, id=4632, stack(0x000000aa11600000,0x000000aa11700000)]
  0x000001de955e72d0 JavaThread "pool-1-thread-6" [_thread_blocked, id=16848, stack(0x000000aa11700000,0x000000aa11800000)]
  0x000001de955e4f60 JavaThread "pool-1-thread-7" [_thread_blocked, id=8744, stack(0x000000aa11800000,0x000000aa11900000)]
  0x000001de955e5470 JavaThread "pool-1-thread-8" [_thread_blocked, id=15692, stack(0x000000aa11900000,0x000000aa11a00000)]
  0x000001de955e4540 JavaThread "pool-1-thread-9" [_thread_blocked, id=7096, stack(0x000000aa11a00000,0x000000aa11b00000)]
  0x000001de955e5e90 JavaThread "pool-1-thread-10" [_thread_blocked, id=17476, stack(0x000000aa11b00000,0x000000aa11c00000)]
  0x000001de955e63a0 JavaThread "pool-1-thread-11" [_thread_blocked, id=11040, stack(0x000000aa11c00000,0x000000aa11d00000)]
  0x000001dea75ab1d0 JavaThread "pool-1-thread-12" [_thread_blocked, id=9596, stack(0x000000aa11d00000,0x000000aa11e00000)]
  0x000001dea75a9d90 JavaThread "pool-1-thread-13" [_thread_blocked, id=12224, stack(0x000000aa11e00000,0x000000aa11f00000)]
  0x000001dea75ab6e0 JavaThread "pool-1-thread-14" [_thread_blocked, id=920, stack(0x000000aa11f00000,0x000000aa12000000)]
  0x000001dea75abbf0 JavaThread "pool-1-thread-15" [_thread_blocked, id=13356, stack(0x000000aa12000000,0x000000aa12100000)]
  0x000001dea75ac100 JavaThread "pool-1-thread-16" [_thread_blocked, id=10576, stack(0x000000aa12100000,0x000000aa12200000)]
  0x000001dea75ac610 JavaThread "pool-1-thread-17" [_thread_blocked, id=18228, stack(0x000000aa12200000,0x000000aa12300000)]
  0x000001dea75aa2a0 JavaThread "pool-1-thread-18" [_thread_blocked, id=3980, stack(0x000000aa12300000,0x000000aa12400000)]
  0x000001dea75a8e60 JavaThread "pool-1-thread-19" [_thread_blocked, id=12344, stack(0x000000aa12400000,0x000000aa12500000)]
  0x000001dea75acb20 JavaThread "pool-1-thread-20" [_thread_blocked, id=12628, stack(0x000000aa12500000,0x000000aa12600000)]
  0x000001dea75a9880 JavaThread "AWT-Shutdown" [_thread_blocked, id=16724, stack(0x000000aa10e00000,0x000000aa10f00000)]

Other Threads:
=>0x000001de4de048f0 VMThread "VM Thread" [stack: 0x000000aa0ed00000,0x000000aa0ee00000] [id=9780]
  0x000001de3008b7a0 GCTaskThread "GC Thread#0" [stack: 0x000000aa0e800000,0x000000aa0e900000] [id=13348]
  0x000001de94e9f7d0 GCTaskThread "GC Thread#1" [stack: 0x000000aa10500000,0x000000aa10600000] [id=9052]
  0x000001de94e9fa90 GCTaskThread "GC Thread#2" [stack: 0x000000aa10600000,0x000000aa10700000] [id=19408]
  0x000001de94e9fd50 GCTaskThread "GC Thread#3" [stack: 0x000000aa10700000,0x000000aa10800000] [id=18912]
  0x000001de94ea2020 GCTaskThread "GC Thread#4" [stack: 0x000000aa10800000,0x000000aa10900000] [id=12776]
  0x000001de94ea2f00 GCTaskThread "GC Thread#5" [stack: 0x000000aa10900000,0x000000aa10a00000] [id=7972]
  0x000001de94eda0e0 GCTaskThread "GC Thread#6" [stack: 0x000000aa10a00000,0x000000aa10b00000] [id=14720]
  0x000001de94eda3a0 GCTaskThread "GC Thread#7" [stack: 0x000000aa10b00000,0x000000aa10c00000] [id=13716]
  0x000001de30095610 ConcurrentGCThread "G1 Main Marker" terminated
  0x000001de30096c10 ConcurrentGCThread "G1 Conc#0" [stack: 0x000000aa0ea00000,0x000000aa0eb00000] [id=16316]
  0x000001dea723fe30 ConcurrentGCThread "G1 Conc#1" [stack: 0x000000aa12600000,0x000000aa12700000] [id=9504]
  0x000001de300fb2b0 ConcurrentGCThread "G1 Refine#0" terminated
  0x000001de300fcaa0 ConcurrentGCThread "G1 Service" terminated

Threads with active compile tasks:

VM state: at safepoint (shutting down)

VM Mutex/Monitor currently owned by a thread:  ([mutex/lock_event])
[0x000001de2ff1bbb0] Threads_lock - owner thread: 0x000001de4de048f0
[0x000001de2ff1cc90] Heap_lock - owner thread: 0x000001de93a00ca0

Heap address: 0x00000000c0000000, size: 1024 MB, Compressed Oops mode: 32-bit

CDS archive(s) mapped at: [0x000001de4e000000-0x000001de4ebb0000-0x000001de4ebb0000), size 12255232, SharedBaseAddress: 0x000001de4e000000, ArchiveRelocationMode: 1.
Compressed class space mapped at: 0x000001de4f000000-0x000001de8f000000, reserved size: 1073741824
Narrow klass base: 0x000001de4e000000, Narrow klass shift: 0, Narrow klass range: 0x100000000

GC Precious Log:
 CPUs: 8 total, 8 available
 Memory: 7975M
 Large Page Support: Disabled
 NUMA Support: Disabled
 Compressed Oops: Enabled (32-bit)
 Heap Region Size: 1M
 Heap Min Capacity: 64M
 Heap Initial Capacity: 64M
 Heap Max Capacity: 1G
 Pre-touch: Disabled
 Parallel Workers: 8
 Concurrent Workers: 2
 Concurrent Refinement Workers: 8
 Periodic GC: Disabled

Heap:
 garbage-first heap   total 131072K, used 78767K [0x00000000c0000000, 0x0000000100000000)
  region size 1024K, 25 young (25600K), 2 survivors (2048K)
 Metaspace       used 12894K, committed 13120K, reserved 1114112K
  class space    used 918K, committed 1024K, reserved 1048576K

Heap Regions: E=young(eden), S=young(survivor), O=old, HS=humongous(starts), HC=humongous(continues), CS=collection set, F=free, OA=open archive, CA=closed archive, TAMS=top-at-mark-start (previous, next)
|   0|0x00000000c0000000, 0x00000000c0100000, 0x00000000c0100000|100%| O|  |TAMS 0x00000000c0100000, 0x00000000c0000000| Untracked 
|   1|0x00000000c0100000, 0x00000000c0200000, 0x00000000c0200000|100%| O|  |TAMS 0x00000000c0200000, 0x00000000c0100000| Untracked 
|   2|0x00000000c0200000, 0x00000000c0300000, 0x00000000c0300000|100%|HS|  |TAMS 0x00000000c0300000, 0x00000000c0200000| Complete 
|   3|0x00000000c0300000, 0x00000000c0400000, 0x00000000c0400000|100%|HC|  |TAMS 0x00000000c0400000, 0x00000000c0300000| Complete 
|   4|0x00000000c0400000, 0x00000000c0500000, 0x00000000c0500000|100%|HC|  |TAMS 0x00000000c0500000, 0x00000000c0400000| Complete 
|   5|0x00000000c0500000, 0x00000000c0600000, 0x00000000c0600000|100%|HC|  |TAMS 0x00000000c0600000, 0x00000000c0500000| Complete 
|   6|0x00000000c0600000, 0x00000000c0700000, 0x00000000c0700000|100%|HC|  |TAMS 0x00000000c0700000, 0x00000000c0600000| Complete 
|   7|0x00000000c0700000, 0x00000000c0800000, 0x00000000c0800000|100%|HC|  |TAMS 0x00000000c0800000, 0x00000000c0700000| Complete 
|   8|0x00000000c0800000, 0x00000000c0900000, 0x00000000c0900000|100%|HC|  |TAMS 0x00000000c0900000, 0x00000000c0800000| Complete 
|   9|0x00000000c0900000, 0x00000000c0a00000, 0x00000000c0a00000|100%|HC|  |TAMS 0x00000000c0a00000, 0x00000000c0900000| Complete 
|  10|0x00000000c0a00000, 0x00000000c0b00000, 0x00000000c0b00000|100%|HC|  |TAMS 0x00000000c0b00000, 0x00000000c0a00000| Complete 
|  11|0x00000000c0b00000, 0x00000000c0c00000, 0x00000000c0c00000|100%|HS|  |TAMS 0x00000000c0c00000, 0x00000000c0b00000| Complete 
|  12|0x00000000c0c00000, 0x00000000c0d00000, 0x00000000c0d00000|100%|HC|  |TAMS 0x00000000c0d00000, 0x00000000c0c00000| Complete 
|  13|0x00000000c0d00000, 0x00000000c0e00000, 0x00000000c0e00000|100%|HC|  |TAMS 0x00000000c0e00000, 0x00000000c0d00000| Complete 
|  14|0x00000000c0e00000, 0x00000000c0e01400, 0x00000000c0f00000|  0%| O|  |TAMS 0x00000000c0e01400, 0x00000000c0e00000| Untracked 
|  15|0x00000000c0f00000, 0x00000000c1000000, 0x00000000c1000000|100%| O|  |TAMS 0x00000000c1000000, 0x00000000c0f00000| Untracked 
|  16|0x00000000c1000000, 0x00000000c1100000, 0x00000000c1100000|100%| O|  |TAMS 0x00000000c1100000, 0x00000000c1000000| Untracked 
|  17|0x00000000c1100000, 0x00000000c1200000, 0x00000000c1200000|100%| O|  |TAMS 0x00000000c1200000, 0x00000000c1100000| Untracked 
|  18|0x00000000c1200000, 0x00000000c1300000, 0x00000000c1300000|100%| O|  |TAMS 0x00000000c1300000, 0x00000000c1200000| Untracked 
|  19|0x00000000c1300000, 0x00000000c1400000, 0x00000000c1400000|100%| O|  |TAMS 0x00000000c1400000, 0x00000000c1300000| Untracked 
|  20|0x00000000c1400000, 0x00000000c1400000, 0x00000000c1500000|  0%| F|  |TAMS 0x00000000c1400000, 0x00000000c1400000| Untracked 
|  21|0x00000000c1500000, 0x00000000c1600000, 0x00000000c1600000|100%| O|  |TAMS 0x00000000c1600000, 0x00000000c1500000| Untracked 
|  22|0x00000000c1600000, 0x00000000c1700000, 0x00000000c1700000|100%|HS|  |TAMS 0x00000000c1700000, 0x00000000c1600000| Complete 
|  23|0x00000000c1700000, 0x00000000c1800000, 0x00000000c1800000|100%|HC|  |TAMS 0x00000000c1800000, 0x00000000c1700000| Complete 
|  24|0x00000000c1800000, 0x00000000c1900000, 0x00000000c1900000|100%|HC|  |TAMS 0x00000000c1900000, 0x00000000c1800000| Complete 
|  25|0x00000000c1900000, 0x00000000c1a00000, 0x00000000c1a00000|100%|HC|  |TAMS 0x00000000c1a00000, 0x00000000c1900000| Complete 
|  26|0x00000000c1a00000, 0x00000000c1b00000, 0x00000000c1b00000|100%|HC|  |TAMS 0x00000000c1b00000, 0x00000000c1a00000| Complete 
|  27|0x00000000c1b00000, 0x00000000c1c00000, 0x00000000c1c00000|100%|HC|  |TAMS 0x00000000c1c00000, 0x00000000c1b00000| Complete 
|  28|0x00000000c1c00000, 0x00000000c1d00000, 0x00000000c1d00000|100%|HC|  |TAMS 0x00000000c1d00000, 0x00000000c1c00000| Complete 
|  29|0x00000000c1d00000, 0x00000000c1e00000, 0x00000000c1e00000|100%|HS|  |TAMS 0x00000000c1e00000, 0x00000000c1d00000| Complete 
|  30|0x00000000c1e00000, 0x00000000c1f00000, 0x00000000c1f00000|100%|HC|  |TAMS 0x00000000c1f00000, 0x00000000c1e00000| Complete 
|  31|0x00000000c1f00000, 0x00000000c2000000, 0x00000000c2000000|100%|HC|  |TAMS 0x00000000c2000000, 0x00000000c1f00000| Complete 
|  32|0x00000000c2000000, 0x00000000c2100000, 0x00000000c2100000|100%| O|  |TAMS 0x00000000c2100000, 0x00000000c2000000| Untracked 
|  33|0x00000000c2100000, 0x00000000c2200000, 0x00000000c2200000|100%| O|  |TAMS 0x00000000c2200000, 0x00000000c2100000| Untracked 
|  34|0x00000000c2200000, 0x00000000c2300000, 0x00000000c2300000|100%| O|  |TAMS 0x00000000c2300000, 0x00000000c2200000| Untracked 
|  35|0x00000000c2300000, 0x00000000c2400000, 0x00000000c2400000|100%|HS|  |TAMS 0x00000000c2400000, 0x00000000c2300000| Complete 
|  36|0x00000000c2400000, 0x00000000c2500000, 0x00000000c2500000|100%|HC|  |TAMS 0x00000000c2500000, 0x00000000c2400000| Complete 
|  37|0x00000000c2500000, 0x00000000c2600000, 0x00000000c2600000|100%|HC|  |TAMS 0x00000000c2600000, 0x00000000c2500000| Complete 
|  38|0x00000000c2600000, 0x00000000c2700000, 0x00000000c2700000|100%|HC|  |TAMS 0x00000000c2700000, 0x00000000c2600000| Complete 
|  39|0x00000000c2700000, 0x00000000c2800000, 0x00000000c2800000|100%|HC|  |TAMS 0x00000000c2800000, 0x00000000c2700000| Complete 
|  40|0x00000000c2800000, 0x00000000c2900000, 0x00000000c2900000|100%|HS|  |TAMS 0x00000000c2900000, 0x00000000c2800000| Complete 
|  41|0x00000000c2900000, 0x00000000c2a00000, 0x00000000c2a00000|100%|HC|  |TAMS 0x00000000c2a00000, 0x00000000c2900000| Complete 
|  42|0x00000000c2a00000, 0x00000000c2b00000, 0x00000000c2b00000|100%|HC|  |TAMS 0x00000000c2b00000, 0x00000000c2a00000| Complete 
|  43|0x00000000c2b00000, 0x00000000c2c00000, 0x00000000c2c00000|100%|HS|  |TAMS 0x00000000c2c00000, 0x00000000c2b00000| Complete 
|  44|0x00000000c2c00000, 0x00000000c2d00000, 0x00000000c2d00000|100%|HC|  |TAMS 0x00000000c2d00000, 0x00000000c2c00000| Complete 
|  45|0x00000000c2d00000, 0x00000000c2e00000, 0x00000000c2e00000|100%|HC|  |TAMS 0x00000000c2e00000, 0x00000000c2d00000| Complete 
|  46|0x00000000c2e00000, 0x00000000c2f00000, 0x00000000c2f00000|100%|HS|  |TAMS 0x00000000c2f00000, 0x00000000c2e00000| Complete 
|  47|0x00000000c2f00000, 0x00000000c3000000, 0x00000000c3000000|100%|HC|  |TAMS 0x00000000c3000000, 0x00000000c2f00000| Complete 
|  48|0x00000000c3000000, 0x00000000c3100000, 0x00000000c3100000|100%|HC|  |TAMS 0x00000000c3100000, 0x00000000c3000000| Complete 
|  49|0x00000000c3100000, 0x00000000c3200000, 0x00000000c3200000|100%|HS|  |TAMS 0x00000000c3200000, 0x00000000c3100000| Complete 
|  50|0x00000000c3200000, 0x00000000c3300000, 0x00000000c3300000|100%|HC|  |TAMS 0x00000000c3300000, 0x00000000c3200000| Complete 
|  51|0x00000000c3300000, 0x00000000c3400000, 0x00000000c3400000|100%|HC|  |TAMS 0x00000000c3400000, 0x00000000c3300000| Complete 
|  52|0x00000000c3400000, 0x00000000c3500000, 0x00000000c3500000|100%|HC|  |TAMS 0x00000000c3500000, 0x00000000c3400000| Complete 
|  53|0x00000000c3500000, 0x00000000c3600000, 0x00000000c3600000|100%|HC|  |TAMS 0x00000000c3600000, 0x00000000c3500000| Complete 
|  54|0x00000000c3600000, 0x00000000c3700000, 0x00000000c3700000|100%| O|  |TAMS 0x00000000c3700000, 0x00000000c3600000| Untracked 
|  55|0x00000000c3700000, 0x00000000c3700000, 0x00000000c3800000|  0%| F|  |TAMS 0x00000000c3700000, 0x00000000c3700000| Untracked 
|  56|0x00000000c3800000, 0x00000000c3800000, 0x00000000c3900000|  0%| F|  |TAMS 0x00000000c3800000, 0x00000000c3800000| Untracked 
|  57|0x00000000c3900000, 0x00000000c3900000, 0x00000000c3a00000|  0%| F|  |TAMS 0x00000000c3900000, 0x00000000c3900000| Untracked 
|  58|0x00000000c3a00000, 0x00000000c3a00000, 0x00000000c3b00000|  0%| F|  |TAMS 0x00000000c3a00000, 0x00000000c3a00000| Untracked 
|  59|0x00000000c3b00000, 0x00000000c3b00000, 0x00000000c3c00000|  0%| F|  |TAMS 0x00000000c3b00000, 0x00000000c3b00000| Untracked 
|  60|0x00000000c3c00000, 0x00000000c3c00000, 0x00000000c3d00000|  0%| F|  |TAMS 0x00000000c3c00000, 0x00000000c3c00000| Untracked 
|  61|0x00000000c3d00000, 0x00000000c3d00000, 0x00000000c3e00000|  0%| F|  |TAMS 0x00000000c3d00000, 0x00000000c3d00000| Untracked 
|  62|0x00000000c3e00000, 0x00000000c3e00000, 0x00000000c3f00000|  0%| F|  |TAMS 0x00000000c3e00000, 0x00000000c3e00000| Untracked 
|  63|0x00000000c3f00000, 0x00000000c3f00000, 0x00000000c4000000|  0%| F|  |TAMS 0x00000000c3f00000, 0x00000000c3f00000| Untracked 
|  64|0x00000000c4000000, 0x00000000c4000000, 0x00000000c4100000|  0%| F|  |TAMS 0x00000000c4000000, 0x00000000c4000000| Untracked 
|  65|0x00000000c4100000, 0x00000000c4100000, 0x00000000c4200000|  0%| F|  |TAMS 0x00000000c4100000, 0x00000000c4100000| Untracked 
|  66|0x00000000c4200000, 0x00000000c4200000, 0x00000000c4300000|  0%| F|  |TAMS 0x00000000c4200000, 0x00000000c4200000| Untracked 
|  67|0x00000000c4300000, 0x00000000c4300000, 0x00000000c4400000|  0%| F|  |TAMS 0x00000000c4300000, 0x00000000c4300000| Untracked 
|  68|0x00000000c4400000, 0x00000000c4400000, 0x00000000c4500000|  0%| F|  |TAMS 0x00000000c4400000, 0x00000000c4400000| Untracked 
|  69|0x00000000c4500000, 0x00000000c4500000, 0x00000000c4600000|  0%| F|  |TAMS 0x00000000c4500000, 0x00000000c4500000| Untracked 
|  70|0x00000000c4600000, 0x00000000c46eaab0, 0x00000000c4700000| 91%| S|CS|TAMS 0x00000000c4600000, 0x00000000c4600000| Complete 
|  71|0x00000000c4700000, 0x00000000c4800000, 0x00000000c4800000|100%| S|CS|TAMS 0x00000000c4700000, 0x00000000c4700000| Complete 
|  72|0x00000000c4800000, 0x00000000c4800000, 0x00000000c4900000|  0%| F|  |TAMS 0x00000000c4800000, 0x00000000c4800000| Untracked 
|  73|0x00000000c4900000, 0x00000000c4900000, 0x00000000c4a00000|  0%| F|  |TAMS 0x00000000c4900000, 0x00000000c4900000| Untracked 
|  74|0x00000000c4a00000, 0x00000000c4a00000, 0x00000000c4b00000|  0%| F|  |TAMS 0x00000000c4a00000, 0x00000000c4a00000| Untracked 
|  75|0x00000000c4b00000, 0x00000000c4b00000, 0x00000000c4c00000|  0%| F|  |TAMS 0x00000000c4b00000, 0x00000000c4b00000| Untracked 
|  76|0x00000000c4c00000, 0x00000000c4c00000, 0x00000000c4d00000|  0%| F|  |TAMS 0x00000000c4c00000, 0x00000000c4c00000| Untracked 
|  77|0x00000000c4d00000, 0x00000000c4d00000, 0x00000000c4e00000|  0%| F|  |TAMS 0x00000000c4d00000, 0x00000000c4d00000| Untracked 
|  78|0x00000000c4e00000, 0x00000000c4e00000, 0x00000000c4f00000|  0%| F|  |TAMS 0x00000000c4e00000, 0x00000000c4e00000| Untracked 
|  79|0x00000000c4f00000, 0x00000000c4f00000, 0x00000000c5000000|  0%| F|  |TAMS 0x00000000c4f00000, 0x00000000c4f00000| Untracked 
|  80|0x00000000c5000000, 0x00000000c5000000, 0x00000000c5100000|  0%| F|  |TAMS 0x00000000c5000000, 0x00000000c5000000| Untracked 
|  81|0x00000000c5100000, 0x00000000c5100000, 0x00000000c5200000|  0%| F|  |TAMS 0x00000000c5100000, 0x00000000c5100000| Untracked 
|  82|0x00000000c5200000, 0x00000000c5200000, 0x00000000c5300000|  0%| F|  |TAMS 0x00000000c5200000, 0x00000000c5200000| Untracked 
|  83|0x00000000c5300000, 0x00000000c5300000, 0x00000000c5400000|  0%| F|  |TAMS 0x00000000c5300000, 0x00000000c5300000| Untracked 
|  84|0x00000000c5400000, 0x00000000c5400000, 0x00000000c5500000|  0%| F|  |TAMS 0x00000000c5400000, 0x00000000c5400000| Untracked 
|  85|0x00000000c5500000, 0x00000000c5500000, 0x00000000c5600000|  0%| F|  |TAMS 0x00000000c5500000, 0x00000000c5500000| Untracked 
|  86|0x00000000c5600000, 0x00000000c5600000, 0x00000000c5700000|  0%| F|  |TAMS 0x00000000c5600000, 0x00000000c5600000| Untracked 
|  87|0x00000000c5700000, 0x00000000c5700000, 0x00000000c5800000|  0%| F|  |TAMS 0x00000000c5700000, 0x00000000c5700000| Untracked 
|  88|0x00000000c5800000, 0x00000000c5800000, 0x00000000c5900000|  0%| F|  |TAMS 0x00000000c5800000, 0x00000000c5800000| Untracked 
|  89|0x00000000c5900000, 0x00000000c5900000, 0x00000000c5a00000|  0%| F|  |TAMS 0x00000000c5900000, 0x00000000c5900000| Untracked 
|  90|0x00000000c5a00000, 0x00000000c5a00000, 0x00000000c5b00000|  0%| F|  |TAMS 0x00000000c5a00000, 0x00000000c5a00000| Untracked 
|  91|0x00000000c5b00000, 0x00000000c5b00000, 0x00000000c5c00000|  0%| F|  |TAMS 0x00000000c5b00000, 0x00000000c5b00000| Untracked 
|  92|0x00000000c5c00000, 0x00000000c5c00000, 0x00000000c5d00000|  0%| F|  |TAMS 0x00000000c5c00000, 0x00000000c5c00000| Untracked 
|  93|0x00000000c5d00000, 0x00000000c5d00000, 0x00000000c5e00000|  0%| F|  |TAMS 0x00000000c5d00000, 0x00000000c5d00000| Untracked 
|  94|0x00000000c5e00000, 0x00000000c5e00000, 0x00000000c5f00000|  0%| F|  |TAMS 0x00000000c5e00000, 0x00000000c5e00000| Untracked 
|  95|0x00000000c5f00000, 0x00000000c5f00000, 0x00000000c6000000|  0%| F|  |TAMS 0x00000000c5f00000, 0x00000000c5f00000| Untracked 
|  96|0x00000000c6000000, 0x00000000c6000000, 0x00000000c6100000|  0%| F|  |TAMS 0x00000000c6000000, 0x00000000c6000000| Untracked 
|  97|0x00000000c6100000, 0x00000000c6100000, 0x00000000c6200000|  0%| F|  |TAMS 0x00000000c6100000, 0x00000000c6100000| Untracked 
|  98|0x00000000c6200000, 0x00000000c6200000, 0x00000000c6300000|  0%| F|  |TAMS 0x00000000c6200000, 0x00000000c6200000| Untracked 
|  99|0x00000000c6300000, 0x00000000c6300000, 0x00000000c6400000|  0%| F|  |TAMS 0x00000000c6300000, 0x00000000c6300000| Untracked 
| 100|0x00000000c6400000, 0x00000000c6400000, 0x00000000c6500000|  0%| F|  |TAMS 0x00000000c6400000, 0x00000000c6400000| Untracked 
| 101|0x00000000c6500000, 0x00000000c6500000, 0x00000000c6600000|  0%| F|  |TAMS 0x00000000c6500000, 0x00000000c6500000| Untracked 
| 102|0x00000000c6600000, 0x00000000c6600000, 0x00000000c6700000|  0%| F|  |TAMS 0x00000000c6600000, 0x00000000c6600000| Untracked 
| 103|0x00000000c6700000, 0x00000000c6700000, 0x00000000c6800000|  0%| F|  |TAMS 0x00000000c6700000, 0x00000000c6700000| Untracked 
| 104|0x00000000c6800000, 0x00000000c6800000, 0x00000000c6900000|  0%| F|  |TAMS 0x00000000c6800000, 0x00000000c6800000| Untracked 
| 105|0x00000000c6900000, 0x00000000c69173d8, 0x00000000c6a00000|  9%| E|  |TAMS 0x00000000c6900000, 0x00000000c6900000| Complete 
| 106|0x00000000c6a00000, 0x00000000c6b00000, 0x00000000c6b00000|100%| E|CS|TAMS 0x00000000c6a00000, 0x00000000c6a00000| Complete 
| 107|0x00000000c6b00000, 0x00000000c6c00000, 0x00000000c6c00000|100%| E|CS|TAMS 0x00000000c6b00000, 0x00000000c6b00000| Complete 
| 108|0x00000000c6c00000, 0x00000000c6d00000, 0x00000000c6d00000|100%| E|CS|TAMS 0x00000000c6c00000, 0x00000000c6c00000| Complete 
| 109|0x00000000c6d00000, 0x00000000c6e00000, 0x00000000c6e00000|100%| E|CS|TAMS 0x00000000c6d00000, 0x00000000c6d00000| Complete 
| 110|0x00000000c6e00000, 0x00000000c6f00000, 0x00000000c6f00000|100%| E|CS|TAMS 0x00000000c6e00000, 0x00000000c6e00000| Complete 
| 111|0x00000000c6f00000, 0x00000000c7000000, 0x00000000c7000000|100%| E|CS|TAMS 0x00000000c6f00000, 0x00000000c6f00000| Complete 
| 112|0x00000000c7000000, 0x00000000c7100000, 0x00000000c7100000|100%| E|CS|TAMS 0x00000000c7000000, 0x00000000c7000000| Complete 
| 113|0x00000000c7100000, 0x00000000c7200000, 0x00000000c7200000|100%| E|CS|TAMS 0x00000000c7100000, 0x00000000c7100000| Complete 
| 114|0x00000000c7200000, 0x00000000c7300000, 0x00000000c7300000|100%| E|CS|TAMS 0x00000000c7200000, 0x00000000c7200000| Complete 
| 115|0x00000000c7300000, 0x00000000c7400000, 0x00000000c7400000|100%| E|CS|TAMS 0x00000000c7300000, 0x00000000c7300000| Complete 
| 116|0x00000000c7400000, 0x00000000c7500000, 0x00000000c7500000|100%| E|CS|TAMS 0x00000000c7400000, 0x00000000c7400000| Complete 
| 117|0x00000000c7500000, 0x00000000c7600000, 0x00000000c7600000|100%| E|CS|TAMS 0x00000000c7500000, 0x00000000c7500000| Complete 
| 118|0x00000000c7600000, 0x00000000c7700000, 0x00000000c7700000|100%| E|CS|TAMS 0x00000000c7600000, 0x00000000c7600000| Complete 
| 119|0x00000000c7700000, 0x00000000c7800000, 0x00000000c7800000|100%| E|CS|TAMS 0x00000000c7700000, 0x00000000c7700000| Complete 
| 120|0x00000000c7800000, 0x00000000c7900000, 0x00000000c7900000|100%| E|CS|TAMS 0x00000000c7800000, 0x00000000c7800000| Complete 
| 121|0x00000000c7900000, 0x00000000c7a00000, 0x00000000c7a00000|100%| E|CS|TAMS 0x00000000c7900000, 0x00000000c7900000| Complete 
| 122|0x00000000c7a00000, 0x00000000c7b00000, 0x00000000c7b00000|100%| E|CS|TAMS 0x00000000c7a00000, 0x00000000c7a00000| Complete 
| 123|0x00000000c7b00000, 0x00000000c7c00000, 0x00000000c7c00000|100%| E|CS|TAMS 0x00000000c7b00000, 0x00000000c7b00000| Complete 
| 124|0x00000000c7c00000, 0x00000000c7d00000, 0x00000000c7d00000|100%| E|CS|TAMS 0x00000000c7c00000, 0x00000000c7c00000| Complete 
| 125|0x00000000c7d00000, 0x00000000c7e00000, 0x00000000c7e00000|100%| E|CS|TAMS 0x00000000c7d00000, 0x00000000c7d00000| Complete 
| 126|0x00000000c7e00000, 0x00000000c7f00000, 0x00000000c7f00000|100%| E|CS|TAMS 0x00000000c7e00000, 0x00000000c7e00000| Complete 
| 127|0x00000000c7f00000, 0x00000000c8000000, 0x00000000c8000000|100%| E|CS|TAMS 0x00000000c7f00000, 0x00000000c7f00000| Complete 

Card table byte_map: [0x000001de48ff0000,0x000001de491f0000] _byte_map_base: 0x000001de489f0000

Marking Bits (Prev, Next): (CMBitMap*) 0x000001de3008cd20, (CMBitMap*) 0x000001de3008cce0
 Prev Bits: [0x000001de4a3f0000, 0x000001de4b3f0000)
 Next Bits: [0x000001de493f0000, 0x000001de4a3f0000)

Polling page: 0x000001de2fe00000

Metaspace:

Usage:
  Non-class:     11.70 MB used.
      Class:    918.73 KB used.
       Both:     12.59 MB used.

Virtual space:
  Non-class space:       64.00 MB reserved,      11.81 MB ( 18%) committed,  1 nodes.
      Class space:        1.00 GB reserved,       1.00 MB ( <1%) committed,  1 nodes.
             Both:        1.06 GB reserved,      12.81 MB (  1%) committed. 

Chunk freelists:
   Non-Class:  3.61 MB
       Class:  14.91 MB
        Both:  18.52 MB

MaxMetaspaceSize: unlimited
CompressedClassSpaceSize: 1.00 GB
Initial GC threshold: 21.00 MB
Current GC threshold: 21.00 MB
CDS: on
MetaspaceReclaimPolicy: balanced
 - commit_granule_bytes: 65536.
 - commit_granule_words: 8192.
 - virtual_space_node_default_size: 8388608.
 - enlarge_chunks_in_place: 1.
 - new_chunks_are_fully_committed: 0.
 - uncommit_free_chunks: 1.
 - use_allocation_guard: 0.
 - handle_deallocations: 1.


Internal statistics:

num_allocs_failed_limit: 0.
num_arena_births: 106.
num_arena_deaths: 0.
num_vsnodes_births: 2.
num_vsnodes_deaths: 0.
num_space_committed: 201.
num_space_uncommitted: 0.
num_chunks_returned_to_freelist: 0.
num_chunks_taken_from_freelist: 384.
num_chunk_merges: 0.
num_chunk_splits: 301.
num_chunks_enlarged: 239.
num_inconsistent_stats: 0.

CodeHeap 'non-profiled nmethods': size=120000Kb used=719Kb max_used=719Kb free=119281Kb
 bounds [0x000001de40f40000, 0x000001de411b0000, 0x000001de48470000]
CodeHeap 'profiled nmethods': size=120000Kb used=2742Kb max_used=2742Kb free=117257Kb
 bounds [0x000001de39470000, 0x000001de39720000, 0x000001de409a0000]
CodeHeap 'non-nmethods': size=5760Kb used=1614Kb max_used=1664Kb free=4145Kb
 bounds [0x000001de409a0000, 0x000001de40c10000, 0x000001de40f40000]
 total_blobs=2438 nmethods=1499 adapters=852
 compilation: enabled
              stopped_count=0, restarted_count=0
 full_count=0

Compilation events (20 events):
Event: 5.633 Thread 0x000001de4de310d0 1490       3       java.lang.ThreadLocal::set (30 bytes)
Event: 5.633 Thread 0x000001de4de310d0 nmethod 1490 0x000001de3971b590 code [0x000001de3971b760, 0x000001de3971baf8]
Event: 5.633 Thread 0x000001de4de310d0 1491       3       processing.core.PApplet::handleMethods (24 bytes)
Event: 5.633 Thread 0x000001de4de310d0 nmethod 1491 0x000001de3971bc90 code [0x000001de3971be60, 0x000001de3971c1f8]
Event: 5.673 Thread 0x000001de4de271e0 1492       4       java.lang.String::toString (2 bytes)
Event: 5.674 Thread 0x000001de4de271e0 nmethod 1492 0x000001de40ff3010 code [0x000001de40ff3180, 0x000001de40ff31f8]
Event: 5.711 Thread 0x000001de4de310d0 1493       3       jogamp.opengl.GLBufferObjectTracker$GLBufferStorageImpl::reset (9 bytes)
Event: 5.712 Thread 0x000001de4de310d0 nmethod 1493 0x000001de3971c310 code [0x000001de3971c4a0, 0x000001de3971c638]
Event: 5.712 Thread 0x000001de4de310d0 1494       3       com.jogamp.opengl.GLBufferStorage::reset (22 bytes)
Event: 5.712 Thread 0x000001de4de310d0 nmethod 1494 0x000001de3971c710 code [0x000001de3971c8a0, 0x000001de3971c9d8]
Event: 5.713 Thread 0x000001de4de271e0 1495       4       com.jogamp.common.util.IntIntHashMap::put (229 bytes)
Event: 5.714 Thread 0x000001de4de271e0 nmethod 1495 0x000001de40ff3310 code [0x000001de40ff3480, 0x000001de40ff35b8]
Event: 5.757 Thread 0x000001de4de271e0 1496       4       jogamp.opengl.GLBufferStateTracker::setBoundBufferObject (76 bytes)
Event: 5.758 Thread 0x000001de4de271e0 nmethod 1496 0x000001de40ff3710 code [0x000001de40ff38a0, 0x000001de40ff3a18]
Event: 5.801 Thread 0x000001de4de310d0 1497       3       java.lang.AbstractStringBuilder::append (55 bytes)
Event: 5.802 Thread 0x000001de4de310d0 nmethod 1497 0x000001de3971ca90 code [0x000001de3971cc60, 0x000001de3971cf98]
Event: 5.839 Thread 0x000001de4de310d0 1498       3       jdk.internal.misc.Unsafe::getAndAddLong (27 bytes)
Event: 5.840 Thread 0x000001de4de310d0 nmethod 1498 0x000001de3971d110 code [0x000001de3971d2c0, 0x000001de3971d508]
Event: 5.840 Thread 0x000001de4de310d0 1499       3       jdk.internal.misc.Unsafe::weakCompareAndSetLong (11 bytes)
Event: 5.840 Thread 0x000001de4de310d0 nmethod 1499 0x000001de3971d610 code [0x000001de3971d7a0, 0x000001de3971d8d8]

GC Heap History (20 events):
Event: 2.471 GC heap before
{Heap before GC invocations=4 (full 0):
 garbage-first heap   total 94208K, used 68656K [0x00000000c0000000, 0x0000000100000000)
  region size 1024K, 15 young (15360K), 1 survivors (1024K)
 Metaspace       used 12699K, committed 12928K, reserved 1114112K
  class space    used 913K, committed 1024K, reserved 1048576K
}
Event: 2.474 GC heap after
{Heap after GC invocations=5 (full 0):
 garbage-first heap   total 94208K, used 56149K [0x00000000c0000000, 0x0000000100000000)
  region size 1024K, 2 young (2048K), 2 survivors (2048K)
 Metaspace       used 12699K, committed 12928K, reserved 1114112K
  class space    used 913K, committed 1024K, reserved 1048576K
}
Event: 2.522 GC heap before
{Heap before GC invocations=5 (full 0):
 garbage-first heap   total 94208K, used 58197K [0x00000000c0000000, 0x0000000100000000)
  region size 1024K, 4 young (4096K), 2 survivors (2048K)
 Metaspace       used 12704K, committed 12928K, reserved 1114112K
  class space    used 913K, committed 1024K, reserved 1048576K
}
Event: 2.527 GC heap after
{Heap after GC invocations=6 (full 0):
 garbage-first heap   total 94208K, used 55747K [0x00000000c0000000, 0x0000000100000000)
  region size 1024K, 1 young (1024K), 1 survivors (1024K)
 Metaspace       used 12704K, committed 12928K, reserved 1114112K
  class space    used 913K, committed 1024K, reserved 1048576K
}
Event: 2.839 GC heap before
{Heap before GC invocations=6 (full 0):
 garbage-first heap   total 94208K, used 73155K [0x00000000c0000000, 0x0000000100000000)
  region size 1024K, 18 young (18432K), 1 survivors (1024K)
 Metaspace       used 12741K, committed 12928K, reserved 1114112K
  class space    used 913K, committed 1024K, reserved 1048576K
}
Event: 2.840 GC heap after
{Heap after GC invocations=7 (full 0):
 garbage-first heap   total 94208K, used 55383K [0x00000000c0000000, 0x0000000100000000)
  region size 1024K, 1 young (1024K), 1 survivors (1024K)
 Metaspace       used 12741K, committed 12928K, reserved 1114112K
  class space    used 913K, committed 1024K, reserved 1048576K
}
Event: 3.136 GC heap before
{Heap before GC invocations=8 (full 0):
 garbage-first heap   total 96256K, used 72791K [0x00000000c0000000, 0x0000000100000000)
  region size 1024K, 19 young (19456K), 1 survivors (1024K)
 Metaspace       used 12765K, committed 12992K, reserved 1114112K
  class space    used 913K, committed 1024K, reserved 1048576K
}
Event: 3.137 GC heap after
{Heap after GC invocations=9 (full 0):
 garbage-first heap   total 96256K, used 55962K [0x00000000c0000000, 0x0000000100000000)
  region size 1024K, 3 young (3072K), 3 survivors (3072K)
 Metaspace       used 12765K, committed 12992K, reserved 1114112K
  class space    used 913K, committed 1024K, reserved 1048576K
}
Event: 3.503 GC heap before
{Heap before GC invocations=9 (full 0):
 garbage-first heap   total 96256K, used 75418K [0x00000000c0000000, 0x0000000100000000)
  region size 1024K, 22 young (22528K), 3 survivors (3072K)
 Metaspace       used 12769K, committed 12992K, reserved 1114112K
  class space    used 913K, committed 1024K, reserved 1048576K
}
Event: 3.504 GC heap after
{Heap after GC invocations=10 (full 0):
 garbage-first heap   total 96256K, used 54647K [0x00000000c0000000, 0x0000000100000000)
  region size 1024K, 1 young (1024K), 1 survivors (1024K)
 Metaspace       used 12769K, committed 12992K, reserved 1114112K
  class space    used 913K, committed 1024K, reserved 1048576K
}
Event: 3.866 GC heap before
{Heap before GC invocations=11 (full 0):
 garbage-first heap   total 96256K, used 76151K [0x00000000c0000000, 0x0000000100000000)
  region size 1024K, 22 young (22528K), 1 survivors (1024K)
 Metaspace       used 12776K, committed 12992K, reserved 1114112K
  class space    used 913K, committed 1024K, reserved 1048576K
}
Event: 3.867 GC heap after
{Heap after GC invocations=12 (full 0):
 garbage-first heap   total 96256K, used 54838K [0x00000000c0000000, 0x0000000100000000)
  region size 1024K, 1 young (1024K), 1 survivors (1024K)
 Metaspace       used 12776K, committed 12992K, reserved 1114112K
  class space    used 913K, committed 1024K, reserved 1048576K
}
Event: 4.227 GC heap before
{Heap before GC invocations=12 (full 0):
 garbage-first heap   total 96256K, used 77366K [0x00000000c0000000, 0x0000000100000000)
  region size 1024K, 23 young (23552K), 1 survivors (1024K)
 Metaspace       used 12778K, committed 12992K, reserved 1114112K
  class space    used 913K, committed 1024K, reserved 1048576K
}
Event: 4.229 GC heap after
{Heap after GC invocations=13 (full 0):
 garbage-first heap   total 96256K, used 56134K [0x00000000c0000000, 0x0000000100000000)
  region size 1024K, 2 young (2048K), 2 survivors (2048K)
 Metaspace       used 12778K, committed 12992K, reserved 1114112K
  class space    used 913K, committed 1024K, reserved 1048576K
}
Event: 4.605 GC heap before
{Heap before GC invocations=14 (full 0):
 garbage-first heap   total 97280K, used 77638K [0x00000000c0000000, 0x0000000100000000)
  region size 1024K, 23 young (23552K), 2 survivors (2048K)
 Metaspace       used 12798K, committed 12992K, reserved 1114112K
  class space    used 913K, committed 1024K, reserved 1048576K
}
Event: 4.606 GC heap after
{Heap after GC invocations=15 (full 0):
 garbage-first heap   total 97280K, used 54541K [0x00000000c0000000, 0x0000000100000000)
  region size 1024K, 1 young (1024K), 1 survivors (1024K)
 Metaspace       used 12798K, committed 12992K, reserved 1114112K
  class space    used 913K, committed 1024K, reserved 1048576K
}
Event: 5.008 GC heap before
{Heap before GC invocations=15 (full 0):
 garbage-first heap   total 97280K, used 79117K [0x00000000c0000000, 0x0000000100000000)
  region size 1024K, 25 young (25600K), 1 survivors (1024K)
 Metaspace       used 12804K, committed 12992K, reserved 1114112K
  class space    used 913K, committed 1024K, reserved 1048576K
}
Event: 5.009 GC heap after
{Heap after GC invocations=16 (full 0):
 garbage-first heap   total 97280K, used 55788K [0x00000000c0000000, 0x0000000100000000)
  region size 1024K, 2 young (2048K), 2 survivors (2048K)
 Metaspace       used 12804K, committed 12992K, reserved 1114112K
  class space    used 913K, committed 1024K, reserved 1048576K
}
Event: 5.404 GC heap before
{Heap before GC invocations=17 (full 0):
 garbage-first heap   total 97280K, used 79340K [0x00000000c0000000, 0x0000000100000000)
  region size 1024K, 25 young (25600K), 2 survivors (2048K)
 Metaspace       used 12806K, committed 12992K, reserved 1114112K
  class space    used 913K, committed 1024K, reserved 1048576K
}
Event: 5.406 GC heap after
{Heap after GC invocations=18 (full 0):
 garbage-first heap   total 131072K, used 56239K [0x00000000c0000000, 0x0000000100000000)
  region size 1024K, 2 young (2048K), 2 survivors (2048K)
 Metaspace       used 12806K, committed 12992K, reserved 1114112K
  class space    used 913K, committed 1024K, reserved 1048576K
}

Dll operation events (14 events):
Event: 0.014 Loaded shared library C:\Program Files\Processing\app\resources\jdk-17.0.14+7\bin\java.dll
Event: 0.028 Loaded shared library C:\Program Files\Processing\app\resources\jdk-17.0.14+7\bin\jsvml.dll
Event: 0.085 Loaded shared library C:\Program Files\Processing\app\resources\jdk-17.0.14+7\bin\net.dll
Event: 0.086 Loaded shared library C:\Program Files\Processing\app\resources\jdk-17.0.14+7\bin\nio.dll
Event: 0.089 Loaded shared library C:\Program Files\Processing\app\resources\jdk-17.0.14+7\bin\zip.dll
Event: 0.150 Loaded shared library C:\Program Files\Processing\app\resources\jdk-17.0.14+7\bin\jimage.dll
Event: 0.154 Loaded shared library C:\Program Files\Processing\app\resources\jdk-17.0.14+7\bin\awt.dll
Event: 0.578 Loaded shared library C:\Users\danil\AppData\Local\Temp\jogamp_0000\file_cache\jln5892932782493778046\jln10924229595511202987\natives\windows-amd64\gluegen_rt.dll
Event: 0.587 Loaded shared library C:\Program Files\Processing\app\resources\jdk-17.0.14+7\bin\jawt.dll
Event: 0.600 Loaded shared library C:\Users\danil\AppData\Local\Temp\jogamp_0000\file_cache\jln5892932782493778046\jln10924229595511202987\natives\windows-amd64\nativewindow_awt.dll
Event: 0.646 Loaded shared library C:\Users\danil\AppData\Local\Temp\jogamp_0000\file_cache\jln5892932782493778046\jln10924229595511202987\natives\windows-amd64\nativewindow_win32.dll
Event: 0.761 Loaded shared library C:\Users\danil\AppData\Local\Temp\jogamp_0000\file_cache\jln5892932782493778046\jln10924229595511202987\natives\windows-amd64\jogl_desktop.dll
Event: 0.987 Loaded shared library C:\Users\danil\AppData\Local\Temp\jogamp_0000\file_cache\jln5892932782493778046\jln10924229595511202987\natives\windows-amd64\jogl_mobile.dll
Event: 1.877 Loaded shared library C:\Users\danil\AppData\Local\Temp\jogamp_0000\file_cache\jln5892932782493778046\jln10924229595511202987\natives\windows-amd64\newt_head.dll

Deoptimization events (20 events):
Event: 2.360 Thread 0x000001de93a00ca0 DEOPT PACKING pc=0x000001de396bc79e sp=0x000000aa10ffec60
Event: 2.360 Thread 0x000001de93a00ca0 DEOPT UNPACKING pc=0x000001de409face3 sp=0x000000aa10ffe1d0 mode 0
Event: 2.372 Thread 0x000001de93a00ca0 Uncommon trap: trap_request=0xffffff45 fr.pc=0x000001de40fd4280 relative=0x0000000000000240
Event: 2.372 Thread 0x000001de93a00ca0 Uncommon trap: reason=unstable_if action=reinterpret pc=0x000001de40fd4280 method=Gravity_simul$QuadTree.ProcessTree()V @ 96 c2
Event: 2.372 Thread 0x000001de93a00ca0 DEOPT PACKING pc=0x000001de40fd4280 sp=0x000000aa10ffed30
Event: 2.372 Thread 0x000001de93a00ca0 DEOPT UNPACKING pc=0x000001de409fa1a3 sp=0x000000aa10ffece0 mode 2
Event: 2.489 Thread 0x000001de955e4a50 DEOPT PACKING pc=0x000001de396c2852 sp=0x000000aa112ff350
Event: 2.489 Thread 0x000001de955e4a50 DEOPT UNPACKING pc=0x000001de409face3 sp=0x000000aa112fe860 mode 0
Event: 3.228 Thread 0x000001dea75a9370 Uncommon trap: trap_request=0xffffff45 fr.pc=0x000001de40fb8480 relative=0x00000000000000e0
Event: 3.228 Thread 0x000001dea75a9370 Uncommon trap: reason=unstable_if action=reinterpret pc=0x000001de40fb8480 method=java.util.HashMap$HashIterator.<init>(Ljava/util/HashMap;)V @ 38 c2
Event: 3.228 Thread 0x000001dea75a9370 DEOPT PACKING pc=0x000001de40fb8480 sp=0x000000aa127feff0
Event: 3.228 Thread 0x000001dea75a9370 DEOPT UNPACKING pc=0x000001de409fa1a3 sp=0x000000aa127feed0 mode 2
Event: 5.822 Thread 0x000001de93b85f10 Uncommon trap: trap_request=0xffffff45 fr.pc=0x000001de40fb8968 relative=0x00000000000001e8
Event: 5.822 Thread 0x000001de93b85f10 Uncommon trap: reason=unstable_if action=reinterpret pc=0x000001de40fb8968 method=java.util.HashMap$HashIterator.<init>(Ljava/util/HashMap;)V @ 38 c2
Event: 5.822 Thread 0x000001de93b85f10 DEOPT PACKING pc=0x000001de40fb8968 sp=0x000000aa101feeb0
Event: 5.822 Thread 0x000001de93b85f10 DEOPT UNPACKING pc=0x000001de409fa1a3 sp=0x000000aa101fee58 mode 2
Event: 5.833 Thread 0x000001de93b85f10 Uncommon trap: trap_request=0xffffff45 fr.pc=0x000001de40ff3570 relative=0x00000000000000f0
Event: 5.833 Thread 0x000001de93b85f10 Uncommon trap: reason=unstable_if action=reinterpret pc=0x000001de40ff3570 method=com.jogamp.common.util.IntIntHashMap.put(II)I @ 21 c2
Event: 5.833 Thread 0x000001de93b85f10 DEOPT PACKING pc=0x000001de40ff3570 sp=0x000000aa101fec30
Event: 5.833 Thread 0x000001de93b85f10 DEOPT UNPACKING pc=0x000001de409fa1a3 sp=0x000000aa101feb98 mode 2

Classes loaded (20 events):
Event: 2.098 Loading class java/util/concurrent/Callable done
Event: 2.098 Loading class java/util/concurrent/Executors$RunnableAdapter done
Event: 2.098 Loading class java/util/concurrent/ThreadPoolExecutor$Worker
Event: 2.098 Loading class java/util/concurrent/ThreadPoolExecutor$Worker done
Event: 2.099 Loading class java/util/concurrent/locks/AbstractQueuedSynchronizer$SharedNode
Event: 2.100 Loading class java/util/concurrent/locks/AbstractQueuedSynchronizer$SharedNode done
Event: 2.203 Loading class sun/nio/cs/StreamDecoder
Event: 2.203 Loading class sun/nio/cs/StreamDecoder done
Event: 2.204 Loading class java/util/regex/Pattern$LookBehindEndNode
Event: 2.204 Loading class java/util/regex/Pattern$LookBehindEndNode done
Event: 2.204 Loading class java/util/regex/Pattern$NotBehind
Event: 2.204 Loading class java/util/regex/Pattern$NotBehind done
Event: 2.204 Loading class java/util/regex/Pattern$Neg
Event: 2.204 Loading class java/util/regex/Pattern$Neg done
Event: 2.204 Loading class java/util/regex/Pattern$Pos
Event: 2.205 Loading class java/util/regex/Pattern$Pos done
Event: 2.216 Loading class java/util/regex/Pattern$SliceS
Event: 2.216 Loading class java/util/regex/Pattern$SliceS done
Event: 5.801 Loading class java/nio/channels/ClosedChannelException
Event: 5.801 Loading class java/nio/channels/ClosedChannelException done

Classes unloaded (0 events):
No events

Classes redefined (0 events):
No events

Internal exceptions (20 events):
Event: 0.132 Thread 0x000001de3004b4a0 Exception <a 'java/lang/NoSuchMethodError'{0x00000000c3ce7380}: 'void java.lang.invoke.DirectMethodHandle$Holder.invokeStatic(java.lang.Object, java.lang.Object, java.lang.Object)'> (0x00000000c3ce7380) 
thrown [s\src\hotspot\share\interpreter\linkResolver.cpp, line 759]
Event: 0.143 Thread 0x000001de3004b4a0 Exception <a 'java/lang/ClassNotFoundException'{0x00000000c3b0f428}: sun/awt/resources/spi/awtProvider> (0x00000000c3b0f428) 
thrown [s\src\hotspot\share\classfile\systemDictionary.cpp, line 256]
Event: 0.166 Thread 0x000001de3004b4a0 Exception <a 'java/io/FileNotFoundException'{0x00000000c3b64d68}> (0x00000000c3b64d68) 
thrown [s\src\hotspot\share\prims\jni.cpp, line 516]
Event: 0.173 Thread 0x000001de3004b4a0 Exception <a 'java/io/FileNotFoundException'{0x00000000c3b921b0}> (0x00000000c3b921b0) 
thrown [s\src\hotspot\share\prims\jni.cpp, line 516]
Event: 0.217 Thread 0x000001de3004b4a0 Exception <a 'java/lang/NoSuchMethodError'{0x00000000c3a3f200}: 'java.lang.Object java.lang.invoke.DirectMethodHandle$Holder.invokeStaticInit(java.lang.Object)'> (0x00000000c3a3f200) 
thrown [s\src\hotspot\share\interpreter\linkResolver.cpp, line 759]
Event: 0.331 Thread 0x000001de3004b4a0 Exception <a 'java/lang/NoSuchMethodError'{0x00000000c364f258}: 'java.lang.Object java.lang.invoke.DirectMethodHandle$Holder.invokeStaticInit(java.lang.Object, int, int, int, int)'> (0x00000000c364f258) 
thrown [s\src\hotspot\share\interpreter\linkResolver.cpp, line 759]
Event: 0.378 Thread 0x000001de3004b4a0 Exception <a 'java/lang/NoSuchMethodError'{0x00000000c3537850}: 'java.lang.Object java.lang.invoke.DirectMethodHandle$Holder.invokeStaticInit(java.lang.Object, java.lang.Object, int, int, int, int)'> (0x00000000c3537850) 
thrown [s\src\hotspot\share\interpreter\linkResolver.cpp, line 759]
Event: 0.432 Thread 0x000001de3004b4a0 Exception <a 'java/lang/NoSuchMethodError'{0x00000000c3542fa0}: 'void java.lang.invoke.DirectMethodHandle$Holder.invokeStatic(java.lang.Object, long)'> (0x00000000c3542fa0) 
thrown [s\src\hotspot\share\interpreter\linkResolver.cpp, line 759]
Event: 0.432 Thread 0x000001de3004b4a0 Exception <a 'java/lang/NoSuchMethodError'{0x00000000c3548580}: 'java.lang.Object java.lang.invoke.DirectMethodHandle$Holder.newInvokeSpecial(java.lang.Object, long)'> (0x00000000c3548580) 
thrown [s\src\hotspot\share\interpreter\linkResolver.cpp, line 759]
Event: 0.435 Thread 0x000001de3004b4a0 Exception <a 'java/lang/NoSuchMethodError'{0x00000000c3552d98}: 'java.lang.Object java.lang.invoke.DirectMethodHandle$Holder.invokeStaticInit(java.lang.Object, java.lang.Object, long, java.lang.Object)'> (0x00000000c3552d98) 
thrown [s\src\hotspot\share\interpreter\linkResolver.cpp, line 759]
Event: 0.436 Thread 0x000001de3004b4a0 Exception <a 'java/lang/NoSuchMethodError'{0x00000000c3559358}: 'java.lang.Object java.lang.invoke.DirectMethodHandle$Holder.newInvokeSpecial(java.lang.Object, java.lang.Object, long)'> (0x00000000c3559358) 
thrown [s\src\hotspot\share\interpreter\linkResolver.cpp, line 759]
Event: 0.437 Thread 0x000001de3004b4a0 Exception <a 'java/lang/NoSuchMethodError'{0x00000000c355cec8}: 'java.lang.Object java.lang.invoke.Invokers$Holder.linkToTargetMethod(java.lang.Object, long, java.lang.Object)'> (0x00000000c355cec8) 
thrown [s\src\hotspot\share\interpreter\linkResolver.cpp, line 759]
Event: 0.613 Thread 0x000001de3004b4a0 Exception <a 'java/lang/NoSuchMethodError'{0x00000000c34cdf20}: 'java.lang.Object java.lang.invoke.DirectMethodHandle$Holder.invokeInterface(java.lang.Object, java.lang.Object)'> (0x00000000c34cdf20) 
thrown [s\src\hotspot\share\interpreter\linkResolver.cpp, line 759]
Event: 0.614 Thread 0x000001de3004b4a0 Exception <a 'java/lang/IncompatibleClassChangeError'{0x00000000c34d1840}: Found class java.lang.Object, but interface was expected> (0x00000000c34d1840) 
thrown [s\src\hotspot\share\interpreter\linkResolver.cpp, line 826]
Event: 1.975 Thread 0x000001de3004b4a0 Exception <a 'java/lang/NoSuchMethodError'{0x00000000c33f5028}: 'void java.lang.invoke.DirectMethodHandle$Holder.invokeSpecial(java.lang.Object, java.lang.Object, java.lang.Object, java.lang.Object, java.lang.Object)'> (0x00000000c33f5028) 
thrown [s\src\hotspot\share\interpreter\linkResolver.cpp, line 759]
Event: 1.976 Thread 0x000001de3004b4a0 Exception <a 'java/lang/NoSuchMethodError'{0x00000000c33fdfe8}: 'void java.lang.invoke.DirectMethodHandle$Holder.invokeSpecial(java.lang.Object, java.lang.Object, java.lang.Object)'> (0x00000000c33fdfe8) 
thrown [s\src\hotspot\share\interpreter\linkResolver.cpp, line 759]
Event: 1.977 Thread 0x000001de3004b4a0 Exception <a 'java/lang/NoSuchMethodError'{0x00000000c3204570}: 'void java.lang.invoke.DirectMethodHandle$Holder.invokeSpecial(java.lang.Object, java.lang.Object, int)'> (0x00000000c3204570) 
thrown [s\src\hotspot\share\interpreter\linkResolver.cpp, line 759]
Event: 1.978 Thread 0x000001de3004b4a0 Exception <a 'java/lang/NoSuchMethodError'{0x00000000c320a588}: 'java.lang.Object java.lang.invoke.DirectMethodHandle$Holder.newInvokeSpecial(java.lang.Object, java.lang.Object, int)'> (0x00000000c320a588) 
thrown [s\src\hotspot\share\interpreter\linkResolver.cpp, line 759]
Event: 5.800 Thread 0x000001de93d5fc50 Exception <a 'java/lang/InterruptedException'{0x00000000c6a00000}> (0x00000000c6a00000) 
thrown [s\src\hotspot\share\runtime\objectMonitor.cpp, line 1658]
Event: 5.833 Thread 0x000001de93b85f10 Implicit null exception at 0x000001de40ff34c4 to 0x000001de40ff354c

VM Operations (20 events):
Event: 3.516 Executing VM operation: G1PauseCleanup done
Event: 3.866 Executing VM operation: G1CollectForAllocation
Event: 3.867 Executing VM operation: G1CollectForAllocation done
Event: 4.227 Executing VM operation: G1CollectForAllocation
Event: 4.229 Executing VM operation: G1CollectForAllocation done
Event: 4.237 Executing VM operation: G1PauseRemark
Event: 4.237 Executing VM operation: G1PauseRemark done
Event: 4.241 Executing VM operation: G1PauseCleanup
Event: 4.241 Executing VM operation: G1PauseCleanup done
Event: 4.605 Executing VM operation: G1CollectForAllocation
Event: 4.606 Executing VM operation: G1CollectForAllocation done
Event: 5.008 Executing VM operation: G1CollectForAllocation
Event: 5.009 Executing VM operation: G1CollectForAllocation done
Event: 5.017 Executing VM operation: G1PauseRemark
Event: 5.018 Executing VM operation: G1PauseRemark done
Event: 5.021 Executing VM operation: G1PauseCleanup
Event: 5.021 Executing VM operation: G1PauseCleanup done
Event: 5.404 Executing VM operation: G1CollectForAllocation
Event: 5.406 Executing VM operation: G1CollectForAllocation done
Event: 5.903 Executing VM operation: Exit

Memory protections (0 events):
No events

Nmethod flushes (0 events):
No events

Events (20 events):
Event: 2.099 Thread 0x000001de93a00ca0 Thread added: 0x000001dea75ac610
Event: 2.099 Thread 0x000001de93a00ca0 Thread added: 0x000001dea75aa2a0
Event: 2.099 Thread 0x000001de93a00ca0 Thread added: 0x000001dea75a8e60
Event: 2.099 Thread 0x000001de93a00ca0 Thread added: 0x000001dea75acb20
Event: 2.216 Thread 0x000001de93610d70 Thread added: 0x000001dea75a9370
Event: 2.477 Thread 0x000001dea743eb90 Thread exited: 0x000001dea743eb90
Event: 2.487 Thread 0x000001de94fdd700 Thread exited: 0x000001de94fdd700
Event: 3.228 Thread 0x000001dea75a9370 Thread exited: 0x000001dea75a9370
Event: 5.800 Thread 0x000001de93a00ca0 Thread added: 0x000001dea75a9370
Event: 5.800 Thread 0x000001de93a00ca0 Thread added: 0x000001dea75aa7b0
Event: 5.800 Thread 0x000001de93a00ca0 Thread added: 0x000001dea75aacc0
Event: 5.800 Thread 0x000001de93d5fc50 Thread exited: 0x000001de93d5fc50
Event: 5.801 Thread 0x000001de93610d70 Thread added: 0x000001dea75a9880
Event: 5.801 Thread 0x000001dea75aacc0 Thread exited: 0x000001dea75aacc0
Event: 5.801 Thread 0x000001de95565bd0 Thread exited: 0x000001de95565bd0
Event: 5.803 Thread 0x000001de93610d70 Thread exited: 0x000001de93610d70
Event: 5.834 Thread 0x000001de93b85f10 Thread exited: 0x000001de93b85f10
Event: 5.840 Thread 0x000001dea75a9370 Thread exited: 0x000001dea75a9370
Event: 5.903 Thread 0x000001dea75aa7b0 Thread exited: 0x000001dea75aa7b0
Event: 5.903 Thread 0x000001de93a00ca0 Before exit entered


Dynamic libraries:
0x00007ff76a320000 - 0x00007ff76a32e000 	C:\Program Files\Processing\app\resources\jdk-17.0.14+7\bin\java.exe
0x00007ffbfaf00000 - 0x00007ffbfb166000 	C:\WINDOWS\SYSTEM32\ntdll.dll
0x00007ffbf8fd0000 - 0x00007ffbf9099000 	C:\WINDOWS\System32\KERNEL32.DLL
0x00007ffbf87b0000 - 0x00007ffbf8baa000 	C:\WINDOWS\System32\KERNELBASE.dll
0x00007ffbf8190000 - 0x00007ffbf82dc000 	C:\WINDOWS\System32\ucrtbase.dll
0x00007ffbf1820000 - 0x00007ffbf183e000 	C:\Program Files\Processing\app\resources\jdk-17.0.14+7\bin\VCRUNTIME140.dll
0x00007ffbf1800000 - 0x00007ffbf1817000 	C:\Program Files\Processing\app\resources\jdk-17.0.14+7\bin\jli.dll
0x00007ffbfa250000 - 0x00007ffbfa417000 	C:\WINDOWS\System32\USER32.dll
0x00007ffbf8370000 - 0x00007ffbf8397000 	C:\WINDOWS\System32\win32u.dll
0x00007ffbdf5a0000 - 0x00007ffbdf832000 	C:\WINDOWS\WinSxS\amd64_microsoft.windows.common-controls_6595b64144ccf1df_6.0.26100.8521_none_3e08b75ce33403b3\COMCTL32.dll
0x00007ffbf91e0000 - 0x00007ffbf9289000 	C:\WINDOWS\System32\msvcrt.dll
0x00007ffbf8d50000 - 0x00007ffbf8d7b000 	C:\WINDOWS\System32\GDI32.dll
0x00007ffbf85d0000 - 0x00007ffbf86fb000 	C:\WINDOWS\System32\gdi32full.dll
0x00007ffbf8700000 - 0x00007ffbf87a3000 	C:\WINDOWS\System32\msvcp_win.dll
0x00007ffbf9c80000 - 0x00007ffbf9cb2000 	C:\WINDOWS\System32\IMM32.DLL
0x00007ffbdf9b0000 - 0x00007ffbdf9bc000 	C:\Program Files\Processing\app\resources\jdk-17.0.14+7\bin\vcruntime140_1.dll
0x00007ffbc8f20000 - 0x00007ffbc8fad000 	C:\Program Files\Processing\app\resources\jdk-17.0.14+7\bin\msvcp140.dll
0x00007ffb67bb0000 - 0x00007ffb6881b000 	C:\Program Files\Processing\app\resources\jdk-17.0.14+7\bin\server\jvm.dll
0x00007ffbf9d90000 - 0x00007ffbf9e46000 	C:\WINDOWS\System32\ADVAPI32.dll
0x00007ffbfa190000 - 0x00007ffbfa23a000 	C:\WINDOWS\System32\sechost.dll
0x00007ffbf9e50000 - 0x00007ffbf9f68000 	C:\WINDOWS\System32\RPCRT4.dll
0x00007ffbf90d0000 - 0x00007ffbf9150000 	C:\WINDOWS\System32\WS2_32.dll
0x00007ffbf8010000 - 0x00007ffbf806e000 	C:\WINDOWS\SYSTEM32\POWRPROF.dll
0x00007ffbdb520000 - 0x00007ffbdb556000 	C:\WINDOWS\SYSTEM32\WINMM.dll
0x00007ffbeda10000 - 0x00007ffbeda1b000 	C:\WINDOWS\SYSTEM32\VERSION.dll
0x00007ffbf7ff0000 - 0x00007ffbf8004000 	C:\WINDOWS\SYSTEM32\UMPDC.dll
0x00007ffbf6f00000 - 0x00007ffbf6f1b000 	C:\WINDOWS\SYSTEM32\kernel.appcore.dll
0x00007ffbdf9a0000 - 0x00007ffbdf9aa000 	C:\Program Files\Processing\app\resources\jdk-17.0.14+7\bin\jimage.dll
0x00007ffbf2350000 - 0x00007ffbf2592000 	C:\WINDOWS\SYSTEM32\DBGHELP.DLL
0x00007ffbfa590000 - 0x00007ffbfa913000 	C:\WINDOWS\System32\combase.dll
0x00007ffbf9390000 - 0x00007ffbf9469000 	C:\WINDOWS\System32\OLEAUT32.dll
0x00007ffbf1a70000 - 0x00007ffbf1aab000 	C:\WINDOWS\SYSTEM32\dbgcore.DLL
0x00007ffbf83a0000 - 0x00007ffbf8448000 	C:\WINDOWS\System32\bcryptPrimitives.dll
0x00007ffbc8ee0000 - 0x00007ffbc8f1b000 	C:\Program Files\Processing\app\resources\jdk-17.0.14+7\bin\jdwp.dll
0x00007ffbc8eb0000 - 0x00007ffbc8ed5000 	C:\Program Files\Processing\app\resources\jdk-17.0.14+7\bin\java.dll
0x00007ffbc8dd0000 - 0x00007ffbc8ea7000 	C:\Program Files\Processing\app\resources\jdk-17.0.14+7\bin\jsvml.dll
0x00007ffbf94f0000 - 0x00007ffbf9c74000 	C:\WINDOWS\System32\SHELL32.dll
0x00007ffbf5d20000 - 0x00007ffbf65a0000 	C:\WINDOWS\SYSTEM32\windows.storage.dll
0x00007ffbfa920000 - 0x00007ffbfaa16000 	C:\WINDOWS\System32\SHCORE.dll
0x00007ffbf8d80000 - 0x00007ffbf8de7000 	C:\WINDOWS\System32\shlwapi.dll
0x00007ffbf80b0000 - 0x00007ffbf80d9000 	C:\WINDOWS\SYSTEM32\profapi.dll
0x00007ffbcb370000 - 0x00007ffbcb37c000 	C:\Program Files\Processing\app\resources\jdk-17.0.14+7\bin\dt_socket.dll
0x00007ffbf68d0000 - 0x00007ffbf6903000 	C:\WINDOWS\SYSTEM32\IPHLPAPI.DLL
0x00007ffbf7490000 - 0x00007ffbf74fc000 	C:\WINDOWS\system32\mswsock.dll
0x00007ffbc8db0000 - 0x00007ffbc8dc9000 	C:\Program Files\Processing\app\resources\jdk-17.0.14+7\bin\net.dll
0x00007ffbef7a0000 - 0x00007ffbef8c9000 	C:\WINDOWS\SYSTEM32\WINHTTP.dll
0x00007ffbc8d90000 - 0x00007ffbc8da6000 	C:\Program Files\Processing\app\resources\jdk-17.0.14+7\bin\nio.dll
0x00007ffbc8c00000 - 0x00007ffbc8c18000 	C:\Program Files\Processing\app\resources\jdk-17.0.14+7\bin\zip.dll
0x00007ffbc7830000 - 0x00007ffbc79c0000 	C:\Program Files\Processing\app\resources\jdk-17.0.14+7\bin\awt.dll
0x00007ffbf4ba0000 - 0x00007ffbf4c40000 	C:\WINDOWS\SYSTEM32\apphelp.dll
0x00007ffbf5390000 - 0x00007ffbf543a000 	C:\WINDOWS\system32\uxtheme.dll
0x00007ffbfa430000 - 0x00007ffbfa58d000 	C:\WINDOWS\System32\MSCTF.dll
0x00007ffbf9f70000 - 0x00007ffbfa108000 	C:\WINDOWS\System32\ole32.dll
0x00007ffbf5640000 - 0x00007ffbf566f000 	C:\WINDOWS\system32\DWMAPI.DLL
0x00007ffbb6240000 - 0x00007ffbb634c000 	C:\WINDOWS\system32\opengl32.dll
0x00007ffbb94b0000 - 0x00007ffbb94dd000 	C:\WINDOWS\SYSTEM32\GLU32.dll
0x00007ffbf5490000 - 0x00007ffbf54d4000 	C:\WINDOWS\SYSTEM32\dxcore.dll
0x00007ffbf7770000 - 0x00007ffbf778b000 	C:\WINDOWS\SYSTEM32\CRYPTSP.dll
0x00007ffbf6e60000 - 0x00007ffbf6e99000 	C:\WINDOWS\system32\rsaenh.dll
0x00007ffbf7540000 - 0x00007ffbf7573000 	C:\WINDOWS\SYSTEM32\USERENV.dll
0x00007ffbf8080000 - 0x00007ffbf80aa000 	C:\WINDOWS\SYSTEM32\bcrypt.dll
0x00007ffbf7790000 - 0x00007ffbf779c000 	C:\WINDOWS\SYSTEM32\CRYPTBASE.dll
0x00007ffbfaa20000 - 0x00007ffbfaa2a000 	C:\WINDOWS\System32\NSI.dll
0x00007ffbef9e0000 - 0x00007ffbef9fd000 	C:\WINDOWS\SYSTEM32\dhcpcsvc6.DLL
0x00007ffbef9b0000 - 0x00007ffbef9d5000 	C:\WINDOWS\SYSTEM32\dhcpcsvc.DLL
0x00007ffbf6960000 - 0x00007ffbf6aaa000 	C:\WINDOWS\SYSTEM32\DNSAPI.dll
0x00007ffbf72b0000 - 0x00007ffbf72bd000 	C:\WINDOWS\SYSTEM32\DSPARSE.dll
0x00007ffbc8be0000 - 0x00007ffbc8bf3000 	C:\Users\danil\AppData\Local\Temp\jogamp_0000\file_cache\jln5892932782493778046\jln10924229595511202987\natives\windows-amd64\gluegen_rt.dll
0x00007ffbc9c90000 - 0x00007ffbc9c97000 	C:\Program Files\Processing\app\resources\jdk-17.0.14+7\bin\jawt.dll
0x00007ffbc8bd0000 - 0x00007ffbc8bdd000 	C:\Users\danil\AppData\Local\Temp\jogamp_0000\file_cache\jln5892932782493778046\jln10924229595511202987\natives\windows-amd64\nativewindow_awt.dll
0x00007ffbc8bb0000 - 0x00007ffbc8bc5000 	C:\Users\danil\AppData\Local\Temp\jogamp_0000\file_cache\jln5892932782493778046\jln10924229595511202987\natives\windows-amd64\nativewindow_win32.dll
0x00007ffbc77a0000 - 0x00007ffbc7823000 	C:\Users\danil\AppData\Local\Temp\jogamp_0000\file_cache\jln5892932782493778046\jln10924229595511202987\natives\windows-amd64\jogl_desktop.dll
0x00007ffbc7740000 - 0x00007ffbc7792000 	C:\Users\danil\AppData\Local\Temp\jogamp_0000\file_cache\jln5892932782493778046\jln10924229595511202987\natives\windows-amd64\jogl_mobile.dll
0x00007ffbf1730000 - 0x00007ffbf178f000 	C:\WINDOWS\SYSTEM32\directxdatabasehelper.dll
0x00007ffbf20d0000 - 0x00007ffbf20ed000 	C:\WINDOWS\SYSTEM32\windows.staterepositorycore.dll
0x00007ffb49a40000 - 0x00007ffb4aa13000 	C:\WINDOWS\System32\DriverStore\FileRepository\iigd_dch.inf_amd64_225f37aa3862fc3f\igxelpicd64.dll
0x00007ffbf54e0000 - 0x00007ffbf561a000 	C:\WINDOWS\system32\dxgi.dll
0x00007ffb67720000 - 0x00007ffb67ba7000 	C:\WINDOWS\System32\DriverStore\FileRepository\iigd_dch.inf_amd64_225f37aa3862fc3f\igdml64.dll
0x00007ffbf7d00000 - 0x00007ffbf7d51000 	C:\WINDOWS\SYSTEM32\cfgmgr32.dll
0x00007ffbedb30000 - 0x00007ffbedef1000 	C:\WINDOWS\System32\DriverStore\FileRepository\iigd_dch.inf_amd64_225f37aa3862fc3f\igdgmm64.dll
0x00007ffbea800000 - 0x00007ffbeda06000 	C:\WINDOWS\System32\DriverStore\FileRepository\iigd_dch.inf_amd64_225f37aa3862fc3f\igc64.dll
0x00007ffbc8b90000 - 0x00007ffbc8ba9000 	C:\Users\danil\AppData\Local\Temp\jogamp_0000\file_cache\jln5892932782493778046\jln10924229595511202987\natives\windows-amd64\newt_head.dll
0x00007ffbe9ce0000 - 0x00007ffbe9d9f000 	C:\WINDOWS\SYSTEM32\mscms.dll
0x00007ffbb33b0000 - 0x00007ffbb33f9000 	C:\WINDOWS\SYSTEM32\icm32.dll
0x00007ffbfaa30000 - 0x00007ffbfaeb7000 	C:\WINDOWS\System32\setupapi.dll
0x00007ffbf7cd0000 - 0x00007ffbf7cfd000 	C:\WINDOWS\SYSTEM32\DEVOBJ.dll
0x00007ffbf82e0000 - 0x00007ffbf8363000 	C:\WINDOWS\System32\WINTRUST.dll
0x00007ffbf8450000 - 0x00007ffbf85c8000 	C:\WINDOWS\System32\CRYPT32.dll
0x00007ffbf78a0000 - 0x00007ffbf78b3000 	C:\WINDOWS\SYSTEM32\MSASN1.dll
0x00007ffbe01e0000 - 0x00007ffbe0328000 	C:\WINDOWS\SYSTEM32\textinputframework.dll
0x00007ffbf4780000 - 0x00007ffbf48a5000 	C:\WINDOWS\SYSTEM32\CoreMessaging.dll
0x00007ffbf0660000 - 0x00007ffbf0944000 	C:\WINDOWS\SYSTEM32\CoreUIComponents.dll
0x00007ffbf04f0000 - 0x00007ffbf065a000 	C:\WINDOWS\SYSTEM32\wintypes.dll

dbghelp: loaded successfully - version: 4.0.5 - missing functions: none
symbol engine: initialized successfully - sym options: 0x614 - pdb path: .;C:\Program Files\Processing\app\resources\jdk-17.0.14+7\bin;C:\WINDOWS\SYSTEM32;C:\WINDOWS\WinSxS\amd64_microsoft.windows.common-controls_6595b64144ccf1df_6.0.26100.8521_none_3e08b75ce33403b3;C:\Program Files\Processing\app\resources\jdk-17.0.14+7\bin\server;C:\Users\danil\AppData\Local\Temp\jogamp_0000\file_cache\jln5892932782493778046\jln10924229595511202987\natives\windows-amd64;C:\WINDOWS\System32\DriverStore\FileRepository\iigd_dch.inf_amd64_225f37aa3862fc3f

VM Arguments:
jvm_args: -agentlib:jdwp=transport=dt_socket,address=8027,server=y,suspend=y,quiet=y -Xms64m -Xmx1024m -Djna.nosys=true -Djava.library.path=;C:\Program Files\Processing\app\resources\core\library;C:\Program Files\Processing;C:\WINDOWS\system32;C:\WINDOWS;C:\Program Files\PlasticSCM5\server;C:\Program Files\PlasticSCM5\client;C:\Program Files\Common Files\Oracle\Java\javapath;C:\Program Files (x86)\Common Files\Oracle\Java\javapath;C:\Windows\System32\HWAudioDriverLibs;C:\Windows\system32;C:\Windows;C:\Windows\System32\Wbem;C:\Windows\System32\WindowsPowerShell\v1.0;C:\Windows\System32\OpenSSH;C:\Program Files\Microsoft SQL Server\150\Tools\Binn;C:\Program Files\Microsoft SQL Server\Client SDK\ODBC\170\Tools\Binn;C:\Program Files\dotnet;D:\Windows Kits\10\Windows Performance Toolkit;C:\Program Files\Java\jdk-23\bin;C:\WINDOWS\system32;C:\WINDOWS;C:\WINDOWS\System32\Wbem;C:\WINDOWS\System32\WindowsPowerShell\v1.0;C:\WINDOWS\System32\OpenSSH;C:\Program Files\nodejs;C:\Program Files\Docker\Docker\resources\bin;C:\Program Files\TortoiseGit\bin;C:\Program Files\Git\cmd;C:\Users\danil\Desktop\ffmpeg-8.1.2-essentials_build\ffmpeg-8.1.2-essentials_build\bin;C:\Users\danil\AppData\Local\Programs\Python\Python312\Scripts;C:\Users\danil\AppData\Local\Programs\Python\Python312;C:\Users\danil\AppData\Local\Microsoft\WindowsApps;C:\Users\danil\AppData\Local\Programs\Microsoft VS Code\bin;C:\Users\danil\AppData\Roaming\npm;D:\DataBase\18\bin;C:\Program Files\Processing\app;. -ea 
java_command: processing.core.PApplet --editor-location=-8,-8 --external --display=1 --sketch-path=C:\Users\danil\Desktop\Gravity_simul Gravity_simul
java_class_path (initial): C:\Users\danil\AppData\Local\Temp\processing\Gravity_simul14315131946746890930temp;C:\Program Files\Processing\app\resources\core\library\annotations-13.0.jar;C:\Program Files\Processing\app\resources\core\library\antlr-2.7.7.jar;C:\Program Files\Processing\app\resources\core\library\core-4.4.1.jar;C:\Program Files\Processing\app\resources\core\library\gluegen-rt-2.5.0-natives-android-aarch64.jar;C:\Program Files\Processing\app\resources\core\library\gluegen-rt-2.5.0-natives-linux-aarch64.jar;C:\Program Files\Processing\app\resources\core\library\gluegen-rt-2.5.0-natives-linux-amd64.jar;C:\Program Files\Processing\app\resources\core\library\gluegen-rt-2.5.0-natives-linux-armv6hf.jar;C:\Program Files\Processing\app\resources\core\library\gluegen-rt-2.5.0-natives-macosx-universal.jar;C:\Program Files\Processing\app\resources\core\library\gluegen-rt-2.5.0-natives-windows-amd64.jar;C:\Program Files\Processing\app\resources\core\library\gluegen-rt-2.5.0.jar;C:\Program Files\Processing\app\resources\core\library\gluegen-rt-main-2.5.0.jar;C:\Program Files\Processing\app\resources\core\library\jogl-all-2.5.0-natives-android-aarch64.jar;C:\Program Files\Processing\app\resources\core\library\jogl-all-2.5.0-natives-linux-aarch64.jar;C:\Program Files\Processing\app\resources\core\library\jogl-all-2.5.0-natives-linux-amd64.jar;C:\Program Files\Processing\app\resources\core\library\jogl-all-2.5.0-natives-linux-armv6hf.jar;C:\Program Files\Processing\app\resources\core\library\jogl-all-2.5.0-natives-macosx-universal.jar;C:\Program Files\Processing\app\resources\core\library\jogl-all-2.5.0-natives-windows-amd64.jar;C:\Program Files\Processing\app\resources\core\library\jogl-all-2.5.0.jar;C:\Program Files\Processing\app\resources\core\library\jogl-all-main-2.5.0.jar;C:\Program Files\Processing\app\resources\core\library\kotlin-stdlib-2.0.20.jar
Launcher Type: SUN_STANDARD

[Global flags]
     intx CICompilerCount                          = 4                                         {product} {ergonomic}
     uint ConcGCThreads                            = 2                                         {product} {ergonomic}
     uint G1ConcRefinementThreads                  = 8                                         {product} {ergonomic}
   size_t G1HeapRegionSize                         = 1048576                                   {product} {ergonomic}
    uintx GCDrainStackTargetSize                   = 64                                        {product} {ergonomic}
   size_t InitialHeapSize                          = 67108864                                  {product} {command line}
   size_t MarkStackSize                            = 4194304                                   {product} {ergonomic}
   size_t MaxHeapSize                              = 1073741824                                {product} {command line}
   size_t MaxNewSize                               = 643825664                                 {product} {ergonomic}
   size_t MinHeapDeltaBytes                        = 1048576                                   {product} {ergonomic}
   size_t MinHeapSize                              = 67108864                                  {product} {command line}
    uintx NonNMethodCodeHeapSize                   = 5839372                                {pd product} {ergonomic}
    uintx NonProfiledCodeHeapSize                  = 122909434                              {pd product} {ergonomic}
    uintx ProfiledCodeHeapSize                     = 122909434                              {pd product} {ergonomic}
    uintx ReservedCodeCacheSize                    = 251658240                              {pd product} {ergonomic}
     bool SegmentedCodeCache                       = true                                      {product} {ergonomic}
   size_t SoftMaxHeapSize                          = 1073741824                             {manageable} {ergonomic}
     bool UseCompressedClassPointers               = true                           {product lp64_product} {ergonomic}
     bool UseCompressedOops                        = true                           {product lp64_product} {ergonomic}
     bool UseG1GC                                  = true                                      {product} {ergonomic}
     bool UseLargePagesIndividualAllocation        = false                                  {pd product} {ergonomic}

Logging:
Log output configuration:
 #0: stdout all=off uptime,level,tags
 #1: stderr all=off uptime,level,tags

Environment Variables:
JAVA_HOME=C:\Program Files\Java\jdk-23
PATH=C:\Program Files\PlasticSCM5\server;C:\Program Files\PlasticSCM5\client;C:\Program Files\Common Files\Oracle\Java\javapath;C:\Program Files (x86)\Common Files\Oracle\Java\javapath;C:\Windows\System32\HWAudioDriverLibs;C:\Windows\system32;C:\Windows;C:\Windows\System32\Wbem;C:\Windows\System32\WindowsPowerShell\v1.0\;C:\Windows\System32\OpenSSH\;C:\Users\Administrator\AppData\Local\Microsoft\WindowsApps;C:\Program Files\Microsoft SQL Server\150\Tools\Binn\;C:\Program Files\Microsoft SQL Server\Client SDK\ODBC\170\Tools\Binn\;C:\Program Files\dotnet\;D:\Windows Kits\10\Windows Performance Toolkit\;C:\Program Files\Java\jdk-23\bin;C:\WINDOWS\system32;C:\WINDOWS;C:\WINDOWS\System32\Wbem;C:\WINDOWS\System32\WindowsPowerShell\v1.0\;C:\WINDOWS\System32\OpenSSH\;C:\Program Files\nodejs\;C:\Program Files\Docker\Docker\resources\bin;C:\Program Files\TortoiseGit\bin;C:\Program Files\Git\cmd;C:\Users\danil\Desktop\ffmpeg-8.1.2-essentials_build\ffmpeg-8.1.2-essentials_build\bin;C:\Users\danil\AppData\Local\Programs\Python\Python312\Scripts\;C:\Users\danil\AppData\Local\Programs\Python\Python312\;C:\Users\danil\AppData\Local\Microsoft\WindowsApps;C:\Users\danil\.dotnet\tools;C:\Users\danil\AppData\Local\Programs\Microsoft VS Code\bin;C:\Users\danil\AppData\Roaming\npm;D:\DataBase\18\bin;C:\Program Files\Processing\app
USERNAME=danil
OS=Windows_NT
PROCESSOR_IDENTIFIER=Intel64 Family 6 Model 140 Stepping 2, GenuineIntel
TMP=C:\Users\danil\AppData\Local\Temp
TEMP=C:\Users\danil\AppData\Local\Temp



Periodic native trim disabled


---------------  S Y S T E M  ---------------

OS:
 Windows 11 , 64 bit Build 26100 (10.0.26100.8521)
OS uptime: 0 days 0:17 hours
Hyper-V role detected

CPU: total 8 (initial active 8) (4 cores per cpu, 2 threads per core) family 6 model 140 stepping 2 microcode 0x16, cx8, cmov, fxsr, ht, mmx, 3dnowpref, sse, sse2, sse3, ssse3, sse4.1, sse4.2, popcnt, lzcnt, tsc, tscinvbit, avx, avx2, aes, erms, clmul, bmi1, bmi2, adx, avx512f, avx512dq, avx512cd, avx512bw, avx512vl, sha, fma, vzeroupper, avx512_vpopcntdq, avx512_vpclmulqdq, avx512_vaes, avx512_vnni, clflush, clflushopt, clwb, avx512_vbmi2, avx512_vbmi, hv
Processor Information for processor 0
  Max Mhz: 2496, Current Mhz: 998, Mhz Limit: 2496
Processor Information for processor 1
  Max Mhz: 2496, Current Mhz: 2496, Mhz Limit: 2496
Processor Information for processor 2
  Max Mhz: 2496, Current Mhz: 2496, Mhz Limit: 2496
Processor Information for processor 3
  Max Mhz: 2496, Current Mhz: 998, Mhz Limit: 2496
Processor Information for processor 4
  Max Mhz: 2496, Current Mhz: 998, Mhz Limit: 2496
Processor Information for processor 5
  Max Mhz: 2496, Current Mhz: 2496, Mhz Limit: 2496
Processor Information for processor 6
  Max Mhz: 2496, Current Mhz: 998, Mhz Limit: 2496
Processor Information for processor 7
  Max Mhz: 2496, Current Mhz: 998, Mhz Limit: 2496

Memory: 4k page, system-wide physical 7975M (1242M free)
TotalPageFile size 17703M (AvailPageFile size 10265M)
current process WorkingSet (physical memory assigned to process): 479M, peak: 487M
current process commit charge ("private bytes"): 458M, peak: 460M

vm_info: OpenJDK 64-Bit Server VM (17.0.14+7) for windows-amd64 JRE (17.0.14+7), built on Jan 21 2025 23:40:15 by "admin" with MS VC++ 17.7 (VS2022)

END.
