#
# A fatal error has been detected by the Java Runtime Environment:
#
#  EXCEPTION_ACCESS_VIOLATION (0xc0000005) at pc=0x00007ff9b069b386, pid=11520, tid=41780
#
# JRE version: OpenJDK Runtime Environment Temurin-17.0.14+7 (17.0.14+7) (build 17.0.14+7)
# Java VM: OpenJDK 64-Bit Server VM Temurin-17.0.14+7 (17.0.14+7, mixed mode, sharing, tiered, compressed oops, compressed class ptrs, g1 gc, windows-amd64)
# Problematic frame:
# C  [igxelpicd64.dll+0x23b386]
#
# No core dump will be written. Minidumps are not enabled by default on client versions of Windows
#
# If you would like to submit a bug report, please visit:
#   https://github.com/adoptium/adoptium-support/issues
#

---------------  S U M M A R Y ------------

Command Line: -agentlib:jdwp=transport=dt_socket,address=8172,server=y,suspend=y,quiet=y -Xms64m -Xmx1024m -Djna.nosys=true -Djava.library.path=;C:\Program Files\Processing\app\resources\core\library;C:\Program Files\Processing;C:\WINDOWS\system32;C:\WINDOWS;C:\Program Files\PlasticSCM5\server;C:\Program Files\PlasticSCM5\client;C:\Program Files\Common Files\Oracle\Java\javapath;C:\Program Files (x86)\Common Files\Oracle\Java\javapath;C:\Windows\System32\HWAudioDriverLibs;C:\Windows\system32;C:\Windows;C:\Windows\System32\Wbem;C:\Windows\System32\WindowsPowerShell\v1.0;C:\Windows\System32\OpenSSH;C:\Program Files\Microsoft SQL Server\150\Tools\Binn;C:\Program Files\Microsoft SQL Server\Client SDK\ODBC\170\Tools\Binn;C:\Program Files\dotnet;D:\Windows Kits\10\Windows Performance Toolkit;C:\Program Files\Java\jdk-23\bin;C:\WINDOWS\system32;C:\WINDOWS;C:\WINDOWS\System32\Wbem;C:\WINDOWS\System32\WindowsPowerShell\v1.0;C:\WINDOWS\System32\OpenSSH;C:\Program Files\nodejs;C:\Program Files\Docker\Docker\resources\bin;C:\Program Files\TortoiseGit\bin;C:\Program Files\Git\cmd;C:\Users\danil\AppData\Local\Programs\Python\Python312\Scripts;C:\Users\danil\AppData\Local\Programs\Python\Python312;C:\Users\danil\AppData\Local\Microsoft\WindowsApps;C:\Users\danil\AppData\Local\Programs\Microsoft VS Code\bin;C:\Users\danil\AppData\Roaming\npm;D:\DataBase\18\bin;C:\Program Files\Processing\app;. -ea processing.core.PApplet --editor-location=-7,-7 --external --display=1 --sketch-path=C:\Users\danil\Desktop\Gravity_simul Gravity_simul

Host: 11th Gen Intel(R) Core(TM) i5-1155G7 @ 2.50GHz, 8 cores, 7G,  Windows 11 , 64 bit Build 26100 (10.0.26100.8328)
Time: Sat Jun 27 23:55:03 2026 RTZ 3 (s 11 , 64 bit Build 26100 (10.0.26100.8328) elapsed time: 75.190366 seconds (0d 0h 1m 15s)

---------------  T H R E A D  ---------------

Current thread (0x000002b3b1a60300):  VMThread "VM Thread" [stack: 0x000000da2f700000,0x000000da2f800000] [id=41780]

Stack: [0x000000da2f700000,0x000000da2f800000],  sp=0x000000da2f7fe280,  free space=1016k
Native frames: (J=compiled Java code, j=interpreted, Vv=VM code, C=native code)
C  [igxelpicd64.dll+0x23b386]


siginfo: EXCEPTION_ACCESS_VIOLATION (0xc0000005), reading address 0x0000000000035468


Registers:
RAX=0x000002b3fa0a52d0, RBX=0x000002b3f79fd060, RCX=0x0000000000000004, RDX=0x0000000000000000
RSP=0x000000da2f7fe280, RBP=0x0000000000000000, RSI=0x000002b3fa0a50d0, RDI=0x000002b3f74b1240
R8 =0x000002b3fa0a51d0, R9 =0x000000da2ec23000, R10=0x0000000000000000, R11=0x0000000000000246
R12=0x000002b3fa0a50d0, R13=0x0000000000000000, R14=0x000002b3fa0a5618, R15=0x000002b3fa0a5c70
RIP=0x00007ff9b069b386, EFLAGS=0x0000000000010202


Register to memory mapping:

RIP=0x00007ff9b069b386 igxelpicd64.dll
RAX=0x000002b3fa0a52d0 points into unknown readable memory: 0x0000000000336e9a | 9a 6e 33 00 00 00 00 00
RBX=0x000002b3f79fd060 points into unknown readable memory: 0xffffffffffffffff | ff ff ff ff ff ff ff ff
RCX=0x0000000000000004 is an unknown value
RDX=0x0 is NULL
RSP=0x000000da2f7fe280 points into unknown readable memory: 0x000002b3f79fd060 | 60 d0 9f f7 b3 02 00 00
RBP=0x0 is NULL
RSI=0x000002b3fa0a50d0 points into unknown readable memory: 0x000002b3f7bf9e10 | 10 9e bf f7 b3 02 00 00
RDI=0x000002b3f74b1240 points into unknown readable memory: 0x00007ffa7d6f1500 | 00 15 6f 7d fa 7f 00 00
R8 =0x000002b3fa0a51d0 points into unknown readable memory: 0x0000000000000000 | 00 00 00 00 00 00 00 00
R9 =0x000000da2ec23000 points into unknown readable memory: 0x0000000000000000 | 00 00 00 00 00 00 00 00
R10=0x0 is NULL
R11=0x0000000000000246 is an unknown value
R12=0x000002b3fa0a50d0 points into unknown readable memory: 0x000002b3f7bf9e10 | 10 9e bf f7 b3 02 00 00
R13=0x0 is NULL
R14=0x000002b3fa0a5618 points into unknown readable memory: 0x000002b3fa0a5c70 | 70 5c 0a fa b3 02 00 00
R15=0x000002b3fa0a5c70 points into unknown readable memory: 0x000002b3f7bf9e10 | 10 9e bf f7 b3 02 00 00


Top of Stack: (sp=0x000000da2f7fe280)
0x000000da2f7fe280:   000002b3f79fd060 00007ff9b04d0ab4
0x000000da2f7fe290:   0000000000000000 000002b3f9df3320
0x000000da2f7fe2a0:   0000001600000000 0000000000000000
0x000000da2f7fe2b0:   000002b300000000 000002b3f9def500
0x000000da2f7fe2c0:   000002b3f79fd060 000002b3f9db2f80
0x000000da2f7fe2d0:   000002b3fc4e0504 000002b3fc1d9000
0x000000da2f7fe2e0:   02db39a602a81c00 000002b3f9df3920
0x000000da2f7fe2f0:   00b3e9a603a7cba6 00007000196fe000
0x000000da2f7fe300:   0326f4a70133c2a7 031e5ea90399e2a8
0x000000da2f7fe310:   036a28aa00000000 035b9aaa02fe53aa
0x000000da2f7fe320:   022dceaa02eccdaa 02fe53ab02bf12ab
0x000000da2f7fe330:   02b97dab02e266ab 036fedab021f82ab
0x000000da2f7fe340:   03990eac01e702ac 02c01eac039d16ac
0x000000da2f7fe350:   0000000000000000 0000000000000000
0x000000da2f7fe360:   0366020000000000 00007ffa7dbc5b54
0x000000da2f7fe370:   0000000000000000 0000000000000000
0x000000da2f7fe380:   000000da2f7fe520 00007ffa7be21259
0x000000da2f7fe390:   000000da2f7fe418 0000000000000000
0x000000da2f7fe3a0:   0000000000000054 0000000000000000
0x000000da2f7fe3b0:   0000000000000000 00007ffa7dbc5cc4
0x000000da2f7fe3c0:   000000007a000004 005273b3035461b3
0x000000da2f7fe3d0:   00003242db1e5450 001040007a000004
0x000000da2f7fe3e0:   000002b3f9de7bb8 00000000003372a6
0x000000da2f7fe3f0:   0000000000000000 0000000000000016
0x000000da2f7fe400:   0000000000000000 0000000000000000
0x000000da2f7fe410:   000000da2f7fe520 00007ff9b06c82ae
0x000000da2f7fe420:   000002b3f74b1240 0000000000000000
0x000000da2f7fe430:   000002b3f74b1240 000010027a000004
0x000000da2f7fe440:   000000da000009e8 0000740400840000
0x000000da2f7fe450:   0000000000000000 033838be036430be
0x000000da2f7fe460:   0000000000000000 000010027a000004
0x000000da2f7fe470:   038ec2bf02f831bf 0000000000000000 

Instructions: (pc=0x00007ff9b069b386)
0x00007ff9b069b286:   00 90 4c 8b bf 80 02 00 00 48 8b 05 9a 85 bd 00
0x00007ff9b069b296:   8b 80 c8 0a 00 00 89 44 24 24 c6 44 24 20 00 48
0x00007ff9b069b2a6:   c7 87 80 02 00 00 00 00 00 00 c7 87 88 02 00 00
0x00007ff9b069b2b6:   00 00 00 00 48 c7 87 a0 02 00 00 00 00 00 00 48
0x00007ff9b069b2c6:   c7 87 90 02 00 00 00 00 00 00 48 85 ed 75 3d 8b
0x00007ff9b069b2d6:   35 0d 77 cd 00 65 48 8b 04 25 58 00 00 00 b9 14
0x00007ff9b069b2e6:   00 00 00 48 8b 04 f0 40 38 2c 01 0f 84 c9 e7 75
0x00007ff9b069b2f6:   00 65 48 8b 04 25 58 00 00 00 bd 20 00 00 00 48
0x00007ff9b069b306:   8b 04 f0 48 8b 2c 28 48 89 6c 24 28 48 3b 2d 07
0x00007ff9b069b316:   9b cd 00 0f 84 9b 10 00 00 4d 85 ff 0f 84 3a 01
0x00007ff9b069b326:   00 00 0f 1f 84 00 00 00 00 00 49 8b f7 4d 8b e7
0x00007ff9b069b336:   4d 8d b7 48 05 00 00 4d 8b 3e 45 84 ed 0f 85 d9
0x00007ff9b069b346:   0e 00 00 8b 8f d0 01 00 00 48 8b 05 da 84 bd 00
0x00007ff9b069b356:   83 b8 64 03 00 00 02 75 34 4d 8d 84 24 00 01 00
0x00007ff9b069b366:   00 83 f9 10 0f 83 3a 01 00 00 8b c1 48 c1 e0 06
0x00007ff9b069b376:   49 03 c0 48 85 c0 0f 84 9b 01 00 00 48 8b 50 08
0x00007ff9b069b386:   48 3b 95 68 54 03 00 0f 87 b6 0e 00 00 48 83 be
0x00007ff9b069b396:   c0 05 00 00 00 0f 85 50 e7 75 00 44 8b 8f d0 01
0x00007ff9b069b3a6:   00 00 48 8b 87 e8 01 00 00 4c 8b 00 8b 8f d0 01
0x00007ff9b069b3b6:   00 00 48 8d 9e 00 01 00 00 83 f9 10 0f 83 1e 01
0x00007ff9b069b3c6:   00 00 8b c1 48 c1 e0 06 48 03 c3 48 85 c0 0f 84
0x00007ff9b069b3d6:   4a 01 00 00 4c 39 40 08 0f 86 40 01 00 00 48 8b
0x00007ff9b069b3e6:   87 80 02 00 00 49 89 06 48 89 b7 80 02 00 00 ff
0x00007ff9b069b3f6:   87 88 02 00 00 48 8b 4e 08 48 8b 01 ba 01 00 00
0x00007ff9b069b406:   00 48 8b 80 e0 02 00 00 ff 15 f4 c1 88 00 0f b7
0x00007ff9b069b416:   c8 48 2b c1 48 05 00 00 01 00 48 01 87 90 02 00
0x00007ff9b069b426:   00 48 8b 4e 08 48 8b 01 ba 01 00 00 00 48 8b 80
0x00007ff9b069b436:   e0 02 00 00 ff 15 c8 c1 88 00 48 01 87 a0 02 00
0x00007ff9b069b446:   00 0f b6 54 24 20 4d 85 ff 0f 85 db fe ff ff 84
0x00007ff9b069b456:   d2 0f 85 37 0f 00 00 48 8b 5c 24 40 48 8b cf 80
0x00007ff9b069b466:   7c 24 22 00 0f 85 40 0f 00 00 e8 3b f9 ff ff 90
0x00007ff9b069b476:   48 8b cb ff 15 99 bc 88 00 48 8b 8c 24 50 01 00 


Stack slot to memory mapping:
stack at sp + 0 slots: 0x000002b3f79fd060 points into unknown readable memory: 0xffffffffffffffff | ff ff ff ff ff ff ff ff
stack at sp + 1 slots: 0x00007ff9b04d0ab4 igxelpicd64.dll
stack at sp + 2 slots: 0x0 is NULL
stack at sp + 3 slots: 0x000002b3f9df3320 points into unknown readable memory: 0x0000000000006690 | 90 66 00 00 00 00 00 00
stack at sp + 4 slots: 0x0000001600000000 is an unknown value
stack at sp + 5 slots: 0x0 is NULL
stack at sp + 6 slots: 0x000002b300000000 is an unknown value
stack at sp + 7 slots: 0x000002b3f9def500 points into unknown readable memory: 0x000002b3f9def570 | 70 f5 de f9 b3 02 00 00

VM_Operation (0x000000da31bfe6b0): Exit, mode: safepoint, requested by thread 0x000002b3f7528090


---------------  P R O C E S S  ---------------

Threads class SMR info:
_java_thread_list=0x000002b3f9c93f80, length=21, elements={
0x000002b3b1a652b0, 0x000002b3b1a65d80, 0x000002b3b1a811c0, 0x000002b3b1a81ea0,
0x000002b3b1a82770, 0x000002b3b1a837e0, 0x000002b3b1a89410, 0x000002b3b1a8c4d0,
0x000002b3b1a98310, 0x000002b3f71048c0, 0x000002b3f712c820, 0x000002b3f7134bc0,
0x000002b3f738e3e0, 0x000002b3f9db27f0, 0x000002b3f7528090, 0x000002b3f75299e0,
0x000002b3f7529ef0, 0x000002b3f752a400, 0x000002b3f752a910, 0x000002b3f752ae20,
0x000002b38c298950
}

Java Threads: ( => current thread )
  0x000002b3b1a652b0 JavaThread "Reference Handler" daemon [_thread_blocked, id=14328, stack(0x000000da2f800000,0x000000da2f900000)]
  0x000002b3b1a65d80 JavaThread "Finalizer" daemon [_thread_blocked, id=6544, stack(0x000000da2f900000,0x000000da2fa00000)]
  0x000002b3b1a811c0 JavaThread "Signal Dispatcher" daemon [_thread_blocked, id=10976, stack(0x000000da2fa00000,0x000000da2fb00000)]
  0x000002b3b1a81ea0 JavaThread "Attach Listener" daemon [_thread_blocked, id=14572, stack(0x000000da2fb00000,0x000000da2fc00000)]
  0x000002b3b1a82770 JavaThread "Service Thread" daemon [_thread_blocked, id=16500, stack(0x000000da2fc00000,0x000000da2fd00000)]
  0x000002b3b1a837e0 JavaThread "Monitor Deflation Thread" daemon [_thread_blocked, id=10788, stack(0x000000da2fd00000,0x000000da2fe00000)]
  0x000002b3b1a89410 JavaThread "C2 CompilerThread0" daemon [_thread_blocked, id=3004, stack(0x000000da2fe00000,0x000000da2ff00000)]
  0x000002b3b1a8c4d0 JavaThread "C1 CompilerThread0" daemon [_thread_blocked, id=16860, stack(0x000000da2ff00000,0x000000da30000000)]
  0x000002b3b1a98310 JavaThread "Sweeper thread" daemon [_thread_blocked, id=17176, stack(0x000000da30000000,0x000000da30100000)]
  0x000002b3f71048c0 JavaThread "JDWP Event Helper Thread" daemon [_thread_blocked, id=7044, stack(0x000000da30200000,0x000000da30300000)]
  0x000002b3f712c820 JavaThread "Notification Thread" daemon [_thread_blocked, id=7184, stack(0x000000da30400000,0x000000da30500000)]
  0x000002b3f7134bc0 JavaThread "Common-Cleaner" daemon [_thread_blocked, id=5792, stack(0x000000da30600000,0x000000da30700000)]
  0x000002b3f738e3e0 JavaThread "Java2D Disposer" daemon [_thread_blocked, id=8828, stack(0x000000da30700000,0x000000da30800000)]
  0x000002b3f9db27f0 JavaThread "HighResTimerThread" daemon [_thread_blocked, id=48092, stack(0x000000da31900000,0x000000da31a00000)]
  0x000002b3f7528090 JavaThread "main-FPSAWTAnimator#00-Timer0" [_thread_blocked, id=40928, stack(0x000000da31b00000,0x000000da31c00000)]
  0x000002b3f75299e0 JavaThread "DestroyJavaVM" [_thread_blocked, id=49036, stack(0x000000da2f100000,0x000000da2f200000)]
  0x000002b3f7529ef0 JavaThread "pool-1-thread-1" [_thread_blocked, id=38040, stack(0x000000da30b00000,0x000000da30c00000)]
  0x000002b3f752a400 JavaThread "pool-1-thread-2" [_thread_blocked, id=48644, stack(0x000000da31c00000,0x000000da31d00000)]
  0x000002b3f752a910 JavaThread "pool-1-thread-3" [_thread_blocked, id=47288, stack(0x000000da31d00000,0x000000da31e00000)]
  0x000002b3f752ae20 JavaThread "pool-1-thread-4" [_thread_blocked, id=48984, stack(0x000000da31e00000,0x000000da31f00000)]
  0x000002b38c298950 JavaThread "AWT-Shutdown" [_thread_blocked, id=21188, stack(0x000000da31a00000,0x000000da31b00000)]

Other Threads:
=>0x000002b3b1a60300 VMThread "VM Thread" [stack: 0x000000da2f700000,0x000000da2f800000] [id=41780]
  0x000002b395c4e300 GCTaskThread "GC Thread#0" [stack: 0x000000da2f200000,0x000000da2f300000] [id=8856]
  0x000002b3f947aad0 GCTaskThread "GC Thread#1" [stack: 0x000000da31000000,0x000000da31100000] [id=15260]
  0x000002b3f947ad90 GCTaskThread "GC Thread#2" [stack: 0x000000da31100000,0x000000da31200000] [id=15684]
  0x000002b3f947b050 GCTaskThread "GC Thread#3" [stack: 0x000000da31200000,0x000000da31300000] [id=33216]
  0x000002b3f947b310 GCTaskThread "GC Thread#4" [stack: 0x000000da31300000,0x000000da31400000] [id=42368]
  0x000002b3f947b5d0 GCTaskThread "GC Thread#5" [stack: 0x000000da31400000,0x000000da31500000] [id=40680]
  0x000002b3f94c6240 GCTaskThread "GC Thread#6" [stack: 0x000000da31500000,0x000000da31600000] [id=42344]
  0x000002b3f94c6500 GCTaskThread "GC Thread#7" [stack: 0x000000da31600000,0x000000da31700000] [id=42360]
  0x000002b395c57160 ConcurrentGCThread "G1 Main Marker" terminated
  0x000002b395c57a90 ConcurrentGCThread "G1 Conc#0" [stack: 0x000000da2f400000,0x000000da2f500000] [id=13600]
  0x000002b38c5ddc20 ConcurrentGCThread "G1 Conc#1" [stack: 0x000000da31f00000,0x000000da32000000] [id=12060]
  0x000002b395cbd0e0 ConcurrentGCThread "G1 Refine#0" terminated
  0x000002b395cbd8c0 ConcurrentGCThread "G1 Service" terminated

Threads with active compile tasks:

VM state: at safepoint (shutting down)

VM Mutex/Monitor currently owned by a thread:  ([mutex/lock_event])
[0x000002b395c07c60] Threads_lock - owner thread: 0x000002b3b1a60300
[0x000002b395c084d0] Heap_lock - owner thread: 0x000002b3f7528090

Heap address: 0x00000000c0000000, size: 1024 MB, Compressed Oops mode: 32-bit

CDS archive(s) mapped at: [0x000002b3b2000000-0x000002b3b2bb0000-0x000002b3b2bb0000), size 12255232, SharedBaseAddress: 0x000002b3b2000000, ArchiveRelocationMode: 1.
Compressed class space mapped at: 0x000002b3b3000000-0x000002b3f3000000, reserved size: 1073741824
Narrow klass base: 0x000002b3b2000000, Narrow klass shift: 0, Narrow klass range: 0x100000000

GC Precious Log:
 CPUs: 8 total, 8 available
 Memory: 7975M
 Large Page Support: Disabled
 NUMA Support: Disabled
 Compressed Oops: Enabled (32-bit)
 Heap Region Size: 1M
 Heap Min Capacity: 64M
 Heap Initial Capacity: 64M
 Heap Max Capacity: 1G
 Pre-touch: Disabled
 Parallel Workers: 8
 Concurrent Workers: 2
 Concurrent Refinement Workers: 8
 Periodic GC: Disabled

Heap:
 garbage-first heap   total 81920K, used 56652K [0x00000000c0000000, 0x0000000100000000)
  region size 1024K, 25 young (25600K), 1 survivors (1024K)
 Metaspace       used 13255K, committed 13440K, reserved 1114112K
  class space    used 920K, committed 1024K, reserved 1048576K

Heap Regions: E=young(eden), S=young(survivor), O=old, HS=humongous(starts), HC=humongous(continues), CS=collection set, F=free, OA=open archive, CA=closed archive, TAMS=top-at-mark-start (previous, next)
|   0|0x00000000c0000000, 0x00000000c0100000, 0x00000000c0100000|100%| O|  |TAMS 0x00000000c0100000, 0x00000000c0000000| Untracked 
|   1|0x00000000c0100000, 0x00000000c0200000, 0x00000000c0200000|100%| O|  |TAMS 0x00000000c0200000, 0x00000000c0100000| Untracked 
|   2|0x00000000c0200000, 0x00000000c0300000, 0x00000000c0300000|100%|HS|  |TAMS 0x00000000c0300000, 0x00000000c0200000| Complete 
|   3|0x00000000c0300000, 0x00000000c0400000, 0x00000000c0400000|100%|HC|  |TAMS 0x00000000c0400000, 0x00000000c0300000| Complete 
|   4|0x00000000c0400000, 0x00000000c0500000, 0x00000000c0500000|100%|HC|  |TAMS 0x00000000c0500000, 0x00000000c0400000| Complete 
|   5|0x00000000c0500000, 0x00000000c0600000, 0x00000000c0600000|100%|HC|  |TAMS 0x00000000c0600000, 0x00000000c0500000| Complete 
|   6|0x00000000c0600000, 0x00000000c0700000, 0x00000000c0700000|100%|HC|  |TAMS 0x00000000c0700000, 0x00000000c0600000| Complete 
|   7|0x00000000c0700000, 0x00000000c0800000, 0x00000000c0800000|100%|HS|  |TAMS 0x00000000c0800000, 0x00000000c0700000| Complete 
|   8|0x00000000c0800000, 0x00000000c0900000, 0x00000000c0900000|100%|HC|  |TAMS 0x00000000c0900000, 0x00000000c0800000| Complete 
|   9|0x00000000c0900000, 0x00000000c0a00000, 0x00000000c0a00000|100%|HS|  |TAMS 0x00000000c0a00000, 0x00000000c0900000| Complete 
|  10|0x00000000c0a00000, 0x00000000c0b00000, 0x00000000c0b00000|100%|HC|  |TAMS 0x00000000c0b00000, 0x00000000c0a00000| Complete 
|  11|0x00000000c0b00000, 0x00000000c0c00000, 0x00000000c0c00000|100%|HC|  |TAMS 0x00000000c0c00000, 0x00000000c0b00000| Complete 
|  12|0x00000000c0c00000, 0x00000000c0d00000, 0x00000000c0d00000|100%|HC|  |TAMS 0x00000000c0d00000, 0x00000000c0c00000| Complete 
|  13|0x00000000c0d00000, 0x00000000c0e00000, 0x00000000c0e00000|100%|HS|  |TAMS 0x00000000c0e00000, 0x00000000c0d00000| Complete 
|  14|0x00000000c0e00000, 0x00000000c0f00000, 0x00000000c0f00000|100%|HC|  |TAMS 0x00000000c0f00000, 0x00000000c0e00000| Complete 
|  15|0x00000000c0f00000, 0x00000000c1000000, 0x00000000c1000000|100%|HC|  |TAMS 0x00000000c1000000, 0x00000000c0f00000| Complete 
|  16|0x00000000c1000000, 0x00000000c1100000, 0x00000000c1100000|100%|HS|  |TAMS 0x00000000c1100000, 0x00000000c1000000| Complete 
|  17|0x00000000c1100000, 0x00000000c1200000, 0x00000000c1200000|100%|HC|  |TAMS 0x00000000c1200000, 0x00000000c1100000| Complete 
|  18|0x00000000c1200000, 0x00000000c1300000, 0x00000000c1300000|100%|HS|  |TAMS 0x00000000c1300000, 0x00000000c1200000| Complete 
|  19|0x00000000c1300000, 0x00000000c1400000, 0x00000000c1400000|100%|HC|  |TAMS 0x00000000c1400000, 0x00000000c1300000| Complete 
|  20|0x00000000c1400000, 0x00000000c1500000, 0x00000000c1500000|100%|HS|  |TAMS 0x00000000c1500000, 0x00000000c1400000| Complete 
|  21|0x00000000c1500000, 0x00000000c1600000, 0x00000000c1600000|100%|HC|  |TAMS 0x00000000c1600000, 0x00000000c1500000| Complete 
|  22|0x00000000c1600000, 0x00000000c1700000, 0x00000000c1700000|100%|HS|  |TAMS 0x00000000c1700000, 0x00000000c1600000| Complete 
|  23|0x00000000c1700000, 0x00000000c1800000, 0x00000000c1800000|100%|HC|  |TAMS 0x00000000c1800000, 0x00000000c1700000| Complete 
|  24|0x00000000c1800000, 0x00000000c1900000, 0x00000000c1900000|100%|HS|  |TAMS 0x00000000c1900000, 0x00000000c1800000| Complete 
|  25|0x00000000c1900000, 0x00000000c1a00000, 0x00000000c1a00000|100%|HC|  |TAMS 0x00000000c1a00000, 0x00000000c1900000| Complete 
|  26|0x00000000c1a00000, 0x00000000c1b00000, 0x00000000c1b00000|100%|HC|  |TAMS 0x00000000c1b00000, 0x00000000c1a00000| Complete 
|  27|0x00000000c1b00000, 0x00000000c1c00000, 0x00000000c1c00000|100%| O|  |TAMS 0x00000000c1c00000, 0x00000000c1b00000| Untracked 
|  28|0x00000000c1c00000, 0x00000000c1d00000, 0x00000000c1d00000|100%| O|  |TAMS 0x00000000c1d00000, 0x00000000c1c00000| Untracked 
|  29|0x00000000c1d00000, 0x00000000c1d00000, 0x00000000c1e00000|  0%| F|  |TAMS 0x00000000c1d00000, 0x00000000c1d00000| Untracked 
|  30|0x00000000c1e00000, 0x00000000c1f00000, 0x00000000c1f00000|100%| O|  |TAMS 0x00000000c1f00000, 0x00000000c1e00000| Untracked 
|  31|0x00000000c1f00000, 0x00000000c2000000, 0x00000000c2000000|100%| O|  |TAMS 0x00000000c2000000, 0x00000000c1f00000| Untracked 
|  32|0x00000000c2000000, 0x00000000c20d3c00, 0x00000000c2100000| 82%| O|  |TAMS 0x00000000c20a6e00, 0x00000000c2000000| Untracked 
|  33|0x00000000c2100000, 0x00000000c2100000, 0x00000000c2200000|  0%| F|  |TAMS 0x00000000c2100000, 0x00000000c2100000| Untracked 
|  34|0x00000000c2200000, 0x00000000c2200000, 0x00000000c2300000|  0%| F|  |TAMS 0x00000000c2200000, 0x00000000c2200000| Untracked 
|  35|0x00000000c2300000, 0x00000000c2300000, 0x00000000c2400000|  0%| F|  |TAMS 0x00000000c2300000, 0x00000000c2300000| Untracked 
|  36|0x00000000c2400000, 0x00000000c2400000, 0x00000000c2500000|  0%| F|  |TAMS 0x00000000c2400000, 0x00000000c2400000| Untracked 
|  37|0x00000000c2500000, 0x00000000c2500000, 0x00000000c2600000|  0%| F|  |TAMS 0x00000000c2500000, 0x00000000c2500000| Untracked 
|  38|0x00000000c2600000, 0x00000000c2600000, 0x00000000c2700000|  0%| F|  |TAMS 0x00000000c2600000, 0x00000000c2600000| Untracked 
|  39|0x00000000c2700000, 0x00000000c2700000, 0x00000000c2800000|  0%| F|  |TAMS 0x00000000c2700000, 0x00000000c2700000| Untracked 
|  40|0x00000000c2800000, 0x00000000c2800000, 0x00000000c2900000|  0%| F|  |TAMS 0x00000000c2800000, 0x00000000c2800000| Untracked 
|  41|0x00000000c2900000, 0x00000000c2900000, 0x00000000c2a00000|  0%| F|  |TAMS 0x00000000c2900000, 0x00000000c2900000| Untracked 
|  42|0x00000000c2a00000, 0x00000000c2a7f680, 0x00000000c2b00000| 49%| S|CS|TAMS 0x00000000c2a00000, 0x00000000c2a00000| Complete 
|  43|0x00000000c2b00000, 0x00000000c2b00000, 0x00000000c2c00000|  0%| F|  |TAMS 0x00000000c2b00000, 0x00000000c2b00000| Untracked 
|  44|0x00000000c2c00000, 0x00000000c2c00000, 0x00000000c2d00000|  0%| F|  |TAMS 0x00000000c2c00000, 0x00000000c2c00000| Untracked 
|  45|0x00000000c2d00000, 0x00000000c2d00000, 0x00000000c2e00000|  0%| F|  |TAMS 0x00000000c2d00000, 0x00000000c2d00000| Untracked 
|  46|0x00000000c2e00000, 0x00000000c2e00000, 0x00000000c2f00000|  0%| F|  |TAMS 0x00000000c2e00000, 0x00000000c2e00000| Untracked 
|  47|0x00000000c2f00000, 0x00000000c2f00000, 0x00000000c3000000|  0%| F|  |TAMS 0x00000000c2f00000, 0x00000000c2f00000| Untracked 
|  48|0x00000000c3000000, 0x00000000c3000000, 0x00000000c3100000|  0%| F|  |TAMS 0x00000000c3000000, 0x00000000c3000000| Untracked 
|  49|0x00000000c3100000, 0x00000000c3100000, 0x00000000c3200000|  0%| F|  |TAMS 0x00000000c3100000, 0x00000000c3100000| Untracked 
|  50|0x00000000c3200000, 0x00000000c3200000, 0x00000000c3300000|  0%| F|  |TAMS 0x00000000c3200000, 0x00000000c3200000| Untracked 
|  51|0x00000000c3300000, 0x00000000c3300000, 0x00000000c3400000|  0%| F|  |TAMS 0x00000000c3300000, 0x00000000c3300000| Untracked 
|  52|0x00000000c3400000, 0x00000000c3400000, 0x00000000c3500000|  0%| F|  |TAMS 0x00000000c3400000, 0x00000000c3400000| Untracked 
|  53|0x00000000c3500000, 0x00000000c3500000, 0x00000000c3600000|  0%| F|  |TAMS 0x00000000c3500000, 0x00000000c3500000| Untracked 
|  54|0x00000000c3600000, 0x00000000c3600000, 0x00000000c3700000|  0%| F|  |TAMS 0x00000000c3600000, 0x00000000c3600000| Untracked 
|  55|0x00000000c3700000, 0x00000000c3700000, 0x00000000c3800000|  0%| F|  |TAMS 0x00000000c3700000, 0x00000000c3700000| Untracked 
|  56|0x00000000c3800000, 0x00000000c3887a30, 0x00000000c3900000| 52%| E|  |TAMS 0x00000000c3800000, 0x00000000c3800000| Complete 
|  57|0x00000000c3900000, 0x00000000c3a00000, 0x00000000c3a00000|100%| E|CS|TAMS 0x00000000c3900000, 0x00000000c3900000| Complete 
|  58|0x00000000c3a00000, 0x00000000c3b00000, 0x00000000c3b00000|100%| E|CS|TAMS 0x00000000c3a00000, 0x00000000c3a00000| Complete 
|  59|0x00000000c3b00000, 0x00000000c3c00000, 0x00000000c3c00000|100%| E|CS|TAMS 0x00000000c3b00000, 0x00000000c3b00000| Complete 
|  60|0x00000000c3c00000, 0x00000000c3d00000, 0x00000000c3d00000|100%| E|CS|TAMS 0x00000000c3c00000, 0x00000000c3c00000| Complete 
|  61|0x00000000c3d00000, 0x00000000c3e00000, 0x00000000c3e00000|100%| E|CS|TAMS 0x00000000c3d00000, 0x00000000c3d00000| Complete 
|  62|0x00000000c3e00000, 0x00000000c3f00000, 0x00000000c3f00000|100%| E|CS|TAMS 0x00000000c3e00000, 0x00000000c3e00000| Complete 
|  63|0x00000000c3f00000, 0x00000000c4000000, 0x00000000c4000000|100%| E|CS|TAMS 0x00000000c3f00000, 0x00000000c3f00000| Complete 
|  64|0x00000000c4000000, 0x00000000c4100000, 0x00000000c4100000|100%| E|CS|TAMS 0x00000000c4000000, 0x00000000c4000000| Complete 
|  65|0x00000000c4100000, 0x00000000c4200000, 0x00000000c4200000|100%| E|CS|TAMS 0x00000000c4100000, 0x00000000c4100000| Complete 
|  66|0x00000000c4200000, 0x00000000c4300000, 0x00000000c4300000|100%| E|CS|TAMS 0x00000000c4200000, 0x00000000c4200000| Complete 
|  67|0x00000000c4300000, 0x00000000c4400000, 0x00000000c4400000|100%| E|CS|TAMS 0x00000000c4300000, 0x00000000c4300000| Complete 
|  68|0x00000000c4400000, 0x00000000c4500000, 0x00000000c4500000|100%| E|CS|TAMS 0x00000000c4400000, 0x00000000c4400000| Complete 
|  69|0x00000000c4500000, 0x00000000c4600000, 0x00000000c4600000|100%| E|CS|TAMS 0x00000000c4500000, 0x00000000c4500000| Complete 
|  70|0x00000000c4600000, 0x00000000c4700000, 0x00000000c4700000|100%| E|CS|TAMS 0x00000000c4600000, 0x00000000c4600000| Complete 
|  71|0x00000000c4700000, 0x00000000c4800000, 0x00000000c4800000|100%| E|CS|TAMS 0x00000000c4700000, 0x00000000c4700000| Complete 
|  72|0x00000000c4800000, 0x00000000c4900000, 0x00000000c4900000|100%| E|CS|TAMS 0x00000000c4800000, 0x00000000c4800000| Complete 
|  73|0x00000000c4900000, 0x00000000c4a00000, 0x00000000c4a00000|100%| E|CS|TAMS 0x00000000c4900000, 0x00000000c4900000| Complete 
|  74|0x00000000c4a00000, 0x00000000c4b00000, 0x00000000c4b00000|100%| E|CS|TAMS 0x00000000c4a00000, 0x00000000c4a00000| Complete 
|  75|0x00000000c4b00000, 0x00000000c4c00000, 0x00000000c4c00000|100%| E|CS|TAMS 0x00000000c4b00000, 0x00000000c4b00000| Complete 
|  76|0x00000000c4c00000, 0x00000000c4d00000, 0x00000000c4d00000|100%| E|CS|TAMS 0x00000000c4c00000, 0x00000000c4c00000| Complete 
|  77|0x00000000c4d00000, 0x00000000c4e00000, 0x00000000c4e00000|100%| E|CS|TAMS 0x00000000c4d00000, 0x00000000c4d00000| Complete 
|  78|0x00000000c4e00000, 0x00000000c4f00000, 0x00000000c4f00000|100%| E|CS|TAMS 0x00000000c4e00000, 0x00000000c4e00000| Complete 
|  79|0x00000000c4f00000, 0x00000000c5000000, 0x00000000c5000000|100%| E|CS|TAMS 0x00000000c4f00000, 0x00000000c4f00000| Complete 

Card table byte_map: [0x000002b3acc70000,0x000002b3ace70000] _byte_map_base: 0x000002b3ac670000

Marking Bits (Prev, Next): (CMBitMap*) 0x000002b395c4e870, (CMBitMap*) 0x000002b395c4e830
 Prev Bits: [0x000002b3ae070000, 0x000002b3af070000)
 Next Bits: [0x000002b3ad070000, 0x000002b3ae070000)

Polling page: 0x000002b393b00000

Metaspace:

Usage:
  Non-class:     12.05 MB used.
      Class:    920.22 KB used.
       Both:     12.94 MB used.

Virtual space:
  Non-class space:       64.00 MB reserved,      12.12 MB ( 19%) committed,  1 nodes.
      Class space:        1.00 GB reserved,       1.00 MB ( <1%) committed,  1 nodes.
             Both:        1.06 GB reserved,      13.12 MB (  1%) committed. 

Chunk freelists:
   Non-Class:  3.28 MB
       Class:  14.91 MB
        Both:  18.19 MB

MaxMetaspaceSize: unlimited
CompressedClassSpaceSize: 1.00 GB
Initial GC threshold: 21.00 MB
Current GC threshold: 21.00 MB
CDS: on
MetaspaceReclaimPolicy: balanced
 - commit_granule_bytes: 65536.
 - commit_granule_words: 8192.
 - virtual_space_node_default_size: 8388608.
 - enlarge_chunks_in_place: 1.
 - new_chunks_are_fully_committed: 0.
 - uncommit_free_chunks: 1.
 - use_allocation_guard: 0.
 - handle_deallocations: 1.


Internal statistics:

num_allocs_failed_limit: 0.
num_arena_births: 106.
num_arena_deaths: 0.
num_vsnodes_births: 2.
num_vsnodes_deaths: 0.
num_space_committed: 206.
num_space_uncommitted: 0.
num_chunks_returned_to_freelist: 0.
num_chunks_taken_from_freelist: 394.
num_chunk_merges: 0.
num_chunk_splits: 311.
num_chunks_enlarged: 250.
num_inconsistent_stats: 0.

CodeHeap 'non-profiled nmethods': size=120000Kb used=985Kb max_used=985Kb free=119014Kb
 bounds [0x000002b3a5210000, 0x000002b3a5480000, 0x000002b3ac740000]
CodeHeap 'profiled nmethods': size=120000Kb used=3650Kb max_used=3650Kb free=116349Kb
 bounds [0x000002b39d740000, 0x000002b39dae0000, 0x000002b3a4c70000]
CodeHeap 'non-nmethods': size=5760Kb used=1613Kb max_used=1647Kb free=4146Kb
 bounds [0x000002b3a4c70000, 0x000002b3a4ee0000, 0x000002b3a5210000]
 total_blobs=2817 nmethods=1879 adapters=851
 compilation: enabled
              stopped_count=0, restarted_count=0
 full_count=0

Compilation events (20 events):
Event: 60.269 Thread 0x000002b3b1a89410 1871       4       processing.core.PMatrix3D::apply (69 bytes)
Event: 60.270 Thread 0x000002b3b1a89410 nmethod 1871 0x000002b3a5304590 code [0x000002b3a5304720, 0x000002b3a5304868]
Event: 61.120 Thread 0x000002b3b1a89410 1872       4       processing.core.PGraphics::colorCalc (36 bytes)
Event: 61.122 Thread 0x000002b3b1a89410 nmethod 1872 0x000002b3a5304990 code [0x000002b3a5304b40, 0x000002b3a5304e98]
Event: 61.122 Thread 0x000002b3b1a89410 1873       4       processing.core.PGraphics::colorCalc (202 bytes)
Event: 61.123 Thread 0x000002b3b1a89410 nmethod 1873 0x000002b3a5305010 code [0x000002b3a53051c0, 0x000002b3a5305478]
Event: 61.139 Thread 0x000002b3b1a89410 1874       4       jogamp.opengl.gl4.GL4bcImpl::getGL2GL3 (20 bytes)
Event: 61.140 Thread 0x000002b3b1a89410 nmethod 1874 0x000002b3a5305590 code [0x000002b3a5305720, 0x000002b3a5305838]
Event: 61.157 Thread 0x000002b3b1a89410 1875  s    4       jogamp.opengl.FPSCounterImpl::tickFPS (150 bytes)
Event: 61.157 Thread 0x000002b3b1a89410 nmethod 1875 0x000002b3a5305a10 code [0x000002b3a5305b80, 0x000002b3a5305d58]
Event: 62.355 Thread 0x000002b3b1a89410 1876       4       processing.opengl.PJOGL::getPixelScale (46 bytes)
Event: 62.356 Thread 0x000002b3b1a89410 nmethod 1876 0x000002b3a5305e10 code [0x000002b3a5305fc0, 0x000002b3a53060d8]
Event: 75.098 Thread 0x000002b3b1a8c4d0 1877       3       com.jogamp.nativewindow.DefaultGraphicsDevice::lock (10 bytes)
Event: 75.098 Thread 0x000002b3b1a8c4d0 nmethod 1877 0x000002b39dacfd10 code [0x000002b39dacfec0, 0x000002b39dad00a8]
Event: 75.104 Thread 0x000002b3b1a89410 1878 %     4       java.lang.StringCoding::hasNegatives @ 2 (25 bytes)
Event: 75.105 Thread 0x000002b3b1a8c4d0 1879       3       jdk.internal.misc.Unsafe::getAndAddLong (27 bytes)
Event: 75.105 Thread 0x000002b3b1a8c4d0 nmethod 1879 0x000002b39dad0190 code [0x000002b39dad0340, 0x000002b39dad0588]
Event: 75.105 Thread 0x000002b3b1a8c4d0 1880       3       jdk.internal.misc.Unsafe::weakCompareAndSetLong (11 bytes)
Event: 75.105 Thread 0x000002b3b1a8c4d0 nmethod 1880 0x000002b39dad0690 code [0x000002b39dad0820, 0x000002b39dad0958]
Event: 75.106 Thread 0x000002b3b1a89410 nmethod 1878% 0x000002b3a5306290 code [0x000002b3a5306420, 0x000002b3a5306638]

GC Heap History (20 events):
Event: 66.974 GC heap before
{Heap before GC invocations=111 (full 0):
 garbage-first heap   total 81920K, used 71437K [0x00000000c0000000, 0x0000000100000000)
  region size 1024K, 38 young (38912K), 1 survivors (1024K)
 Metaspace       used 13212K, committed 13376K, reserved 1114112K
  class space    used 916K, committed 1024K, reserved 1048576K
}
Event: 66.975 GC heap after
{Heap after GC invocations=112 (full 0):
 garbage-first heap   total 81920K, used 32777K [0x00000000c0000000, 0x0000000100000000)
  region size 1024K, 1 young (1024K), 1 survivors (1024K)
 Metaspace       used 13212K, committed 13376K, reserved 1114112K
  class space    used 916K, committed 1024K, reserved 1048576K
}
Event: 67.920 GC heap before
{Heap before GC invocations=112 (full 0):
 garbage-first heap   total 81920K, used 70665K [0x00000000c0000000, 0x0000000100000000)
  region size 1024K, 38 young (38912K), 1 survivors (1024K)
 Metaspace       used 13212K, committed 13376K, reserved 1114112K
  class space    used 916K, committed 1024K, reserved 1048576K
}
Event: 67.922 GC heap after
{Heap after GC invocations=113 (full 0):
 garbage-first heap   total 81920K, used 32948K [0x00000000c0000000, 0x0000000100000000)
  region size 1024K, 1 young (1024K), 1 survivors (1024K)
 Metaspace       used 13212K, committed 13376K, reserved 1114112K
  class space    used 916K, committed 1024K, reserved 1048576K
}
Event: 68.851 GC heap before
{Heap before GC invocations=113 (full 0):
 garbage-first heap   total 81920K, used 70836K [0x00000000c0000000, 0x0000000100000000)
  region size 1024K, 38 young (38912K), 1 survivors (1024K)
 Metaspace       used 13212K, committed 13376K, reserved 1114112K
  class space    used 916K, committed 1024K, reserved 1048576K
}
Event: 68.852 GC heap after
{Heap after GC invocations=114 (full 0):
 garbage-first heap   total 81920K, used 33128K [0x00000000c0000000, 0x0000000100000000)
  region size 1024K, 1 young (1024K), 1 survivors (1024K)
 Metaspace       used 13212K, committed 13376K, reserved 1114112K
  class space    used 916K, committed 1024K, reserved 1048576K
}
Event: 69.694 GC heap before
{Heap before GC invocations=114 (full 0):
 garbage-first heap   total 81920K, used 71016K [0x00000000c0000000, 0x0000000100000000)
  region size 1024K, 38 young (38912K), 1 survivors (1024K)
 Metaspace       used 13212K, committed 13376K, reserved 1114112K
  class space    used 916K, committed 1024K, reserved 1048576K
}
Event: 69.694 GC heap after
{Heap after GC invocations=115 (full 0):
 garbage-first heap   total 81920K, used 33348K [0x00000000c0000000, 0x0000000100000000)
  region size 1024K, 1 young (1024K), 1 survivors (1024K)
 Metaspace       used 13212K, committed 13376K, reserved 1114112K
  class space    used 916K, committed 1024K, reserved 1048576K
}
Event: 70.396 GC heap before
{Heap before GC invocations=115 (full 0):
 garbage-first heap   total 81920K, used 71236K [0x00000000c0000000, 0x0000000100000000)
  region size 1024K, 38 young (38912K), 1 survivors (1024K)
 Metaspace       used 13212K, committed 13376K, reserved 1114112K
  class space    used 916K, committed 1024K, reserved 1048576K
}
Event: 70.397 GC heap after
{Heap after GC invocations=116 (full 0):
 garbage-first heap   total 81920K, used 33517K [0x00000000c0000000, 0x0000000100000000)
  region size 1024K, 1 young (1024K), 1 survivors (1024K)
 Metaspace       used 13212K, committed 13376K, reserved 1114112K
  class space    used 916K, committed 1024K, reserved 1048576K
}
Event: 71.333 GC heap before
{Heap before GC invocations=116 (full 0):
 garbage-first heap   total 81920K, used 71405K [0x00000000c0000000, 0x0000000100000000)
  region size 1024K, 38 young (38912K), 1 survivors (1024K)
 Metaspace       used 13212K, committed 13376K, reserved 1114112K
  class space    used 916K, committed 1024K, reserved 1048576K
}
Event: 71.334 GC heap after
{Heap after GC invocations=117 (full 0):
 garbage-first heap   total 81920K, used 33607K [0x00000000c0000000, 0x0000000100000000)
  region size 1024K, 1 young (1024K), 1 survivors (1024K)
 Metaspace       used 13212K, committed 13376K, reserved 1114112K
  class space    used 916K, committed 1024K, reserved 1048576K
}
Event: 72.191 GC heap before
{Heap before GC invocations=117 (full 0):
 garbage-first heap   total 81920K, used 71495K [0x00000000c0000000, 0x0000000100000000)
  region size 1024K, 38 young (38912K), 1 survivors (1024K)
 Metaspace       used 13212K, committed 13376K, reserved 1114112K
  class space    used 916K, committed 1024K, reserved 1048576K
}
Event: 72.192 GC heap after
{Heap after GC invocations=118 (full 0):
 garbage-first heap   total 81920K, used 32877K [0x00000000c0000000, 0x0000000100000000)
  region size 1024K, 1 young (1024K), 1 survivors (1024K)
 Metaspace       used 13212K, committed 13376K, reserved 1114112K
  class space    used 916K, committed 1024K, reserved 1048576K
}
Event: 72.933 GC heap before
{Heap before GC invocations=118 (full 0):
 garbage-first heap   total 81920K, used 70765K [0x00000000c0000000, 0x0000000100000000)
  region size 1024K, 38 young (38912K), 1 survivors (1024K)
 Metaspace       used 13212K, committed 13376K, reserved 1114112K
  class space    used 916K, committed 1024K, reserved 1048576K
}
Event: 72.934 GC heap after
{Heap after GC invocations=119 (full 0):
 garbage-first heap   total 81920K, used 32804K [0x00000000c0000000, 0x0000000100000000)
  region size 1024K, 1 young (1024K), 1 survivors (1024K)
 Metaspace       used 13212K, committed 13376K, reserved 1114112K
  class space    used 916K, committed 1024K, reserved 1048576K
}
Event: 73.785 GC heap before
{Heap before GC invocations=119 (full 0):
 garbage-first heap   total 81920K, used 70692K [0x00000000c0000000, 0x0000000100000000)
  region size 1024K, 38 young (38912K), 1 survivors (1024K)
 Metaspace       used 13212K, committed 13376K, reserved 1114112K
  class space    used 916K, committed 1024K, reserved 1048576K
}
Event: 73.785 GC heap after
{Heap after GC invocations=120 (full 0):
 garbage-first heap   total 81920K, used 32913K [0x00000000c0000000, 0x0000000100000000)
  region size 1024K, 1 young (1024K), 1 survivors (1024K)
 Metaspace       used 13212K, committed 13376K, reserved 1114112K
  class space    used 916K, committed 1024K, reserved 1048576K
}
Event: 74.592 GC heap before
{Heap before GC invocations=120 (full 0):
 garbage-first heap   total 81920K, used 70801K [0x00000000c0000000, 0x0000000100000000)
  region size 1024K, 38 young (38912K), 1 survivors (1024K)
 Metaspace       used 13212K, committed 13376K, reserved 1114112K
  class space    used 916K, committed 1024K, reserved 1048576K
}
Event: 74.593 GC heap after
{Heap after GC invocations=121 (full 0):
 garbage-first heap   total 81920K, used 33100K [0x00000000c0000000, 0x0000000100000000)
  region size 1024K, 1 young (1024K), 1 survivors (1024K)
 Metaspace       used 13212K, committed 13376K, reserved 1114112K
  class space    used 916K, committed 1024K, reserved 1048576K
}

Dll operation events (14 events):
Event: 0.005 Loaded shared library C:\Program Files\Processing\app\resources\jdk-17.0.14+7\bin\java.dll
Event: 0.016 Loaded shared library C:\Program Files\Processing\app\resources\jdk-17.0.14+7\bin\jsvml.dll
Event: 0.086 Loaded shared library C:\Program Files\Processing\app\resources\jdk-17.0.14+7\bin\net.dll
Event: 0.087 Loaded shared library C:\Program Files\Processing\app\resources\jdk-17.0.14+7\bin\nio.dll
Event: 0.089 Loaded shared library C:\Program Files\Processing\app\resources\jdk-17.0.14+7\bin\zip.dll
Event: 0.125 Loaded shared library C:\Program Files\Processing\app\resources\jdk-17.0.14+7\bin\jimage.dll
Event: 0.128 Loaded shared library C:\Program Files\Processing\app\resources\jdk-17.0.14+7\bin\awt.dll
Event: 0.378 Loaded shared library C:\Users\danil\AppData\Local\Temp\jogamp_0000\file_cache\jln4444568169677695096\jln7312897360207177185\natives\windows-amd64\gluegen_rt.dll
Event: 0.384 Loaded shared library C:\Program Files\Processing\app\resources\jdk-17.0.14+7\bin\jawt.dll
Event: 0.394 Loaded shared library C:\Users\danil\AppData\Local\Temp\jogamp_0000\file_cache\jln4444568169677695096\jln7312897360207177185\natives\windows-amd64\nativewindow_awt.dll
Event: 0.417 Loaded shared library C:\Users\danil\AppData\Local\Temp\jogamp_0000\file_cache\jln4444568169677695096\jln7312897360207177185\natives\windows-amd64\nativewindow_win32.dll
Event: 0.494 Loaded shared library C:\Users\danil\AppData\Local\Temp\jogamp_0000\file_cache\jln4444568169677695096\jln7312897360207177185\natives\windows-amd64\jogl_desktop.dll
Event: 0.655 Loaded shared library C:\Users\danil\AppData\Local\Temp\jogamp_0000\file_cache\jln4444568169677695096\jln7312897360207177185\natives\windows-amd64\jogl_mobile.dll
Event: 1.339 Loaded shared library C:\Users\danil\AppData\Local\Temp\jogamp_0000\file_cache\jln4444568169677695096\jln7312897360207177185\natives\windows-amd64\newt_head.dll

Deoptimization events (20 events):
Event: 75.056 Thread 0x000002b3f7528090 Uncommon trap: trap_request=0xffffff97 fr.pc=0x000002b3a52ffd98 relative=0x0000000000000918
Event: 75.056 Thread 0x000002b3f7528090 Uncommon trap: reason=unhandled action=none pc=0x000002b3a52ffd98 method=jogamp.opengl.gl4.GL4bcImpl.getGL2()Lcom/jogamp/opengl/GL2; @ 17 c2
Event: 75.056 Thread 0x000002b3f7528090 DEOPT PACKING pc=0x000002b3a52ffd98 sp=0x000000da31bfe830
Event: 75.056 Thread 0x000002b3f7528090 DEOPT UNPACKING pc=0x000002b3a4cca1a3 sp=0x000000da31bfe7a0 mode 2
Event: 75.098 Thread 0x000002b3f7bce390 Uncommon trap: trap_request=0xffffff45 fr.pc=0x000002b3a52d4800 relative=0x00000000000000e0
Event: 75.098 Thread 0x000002b3f7bce390 Uncommon trap: reason=unstable_if action=reinterpret pc=0x000002b3a52d4800 method=java.util.HashMap$HashIterator.<init>(Ljava/util/HashMap;)V @ 38 c2
Event: 75.098 Thread 0x000002b3f7bce390 DEOPT PACKING pc=0x000002b3a52d4800 sp=0x000000da30cff540
Event: 75.098 Thread 0x000002b3f7bce390 DEOPT UNPACKING pc=0x000002b3a4cca1a3 sp=0x000000da30cff420 mode 2
Event: 75.098 Thread 0x000002b3f7bce390 Uncommon trap: trap_request=0xffffffde fr.pc=0x000002b3a52fe1bc relative=0x00000000000002bc
Event: 75.098 Thread 0x000002b3f7bce390 Uncommon trap: reason=class_check action=maybe_recompile pc=0x000002b3a52fe1bc method=jogamp.opengl.GLDrawableImpl.lockSurface()I @ 4 c2
Event: 75.098 Thread 0x000002b3f7bce390 DEOPT PACKING pc=0x000002b3a52fe1bc sp=0x000000da30cff410
Event: 75.098 Thread 0x000002b3f7bce390 DEOPT UNPACKING pc=0x000002b3a4cca1a3 sp=0x000000da30cff3d8 mode 2
Event: 75.098 Thread 0x000002b3f7bce390 Uncommon trap: trap_request=0xffffffde fr.pc=0x000002b3a52fe1bc relative=0x00000000000002bc
Event: 75.098 Thread 0x000002b3f7bce390 Uncommon trap: reason=class_check action=maybe_recompile pc=0x000002b3a52fe1bc method=jogamp.opengl.GLDrawableImpl.lockSurface()I @ 4 c2
Event: 75.098 Thread 0x000002b3f7bce390 DEOPT PACKING pc=0x000002b3a52fe1bc sp=0x000000da30cff1b0
Event: 75.098 Thread 0x000002b3f7bce390 DEOPT UNPACKING pc=0x000002b3a4cca1a3 sp=0x000000da30cff170 mode 2
Event: 75.101 Thread 0x000002b3f7bce390 Uncommon trap: trap_request=0xffffff45 fr.pc=0x000002b3a52cadf0 relative=0x00000000000000f0
Event: 75.101 Thread 0x000002b3f7bce390 Uncommon trap: reason=unstable_if action=reinterpret pc=0x000002b3a52cadf0 method=com.jogamp.common.util.IntIntHashMap.put(II)I @ 21 c2
Event: 75.101 Thread 0x000002b3f7bce390 DEOPT PACKING pc=0x000002b3a52cadf0 sp=0x000000da30cff250
Event: 75.101 Thread 0x000002b3f7bce390 DEOPT UNPACKING pc=0x000002b3a4cca1a3 sp=0x000000da30cff1b8 mode 2

Classes loaded (20 events):
Event: 1.463 Loading class java/util/concurrent/Callable done
Event: 1.463 Loading class java/util/concurrent/Executors$RunnableAdapter done
Event: 1.463 Loading class java/util/concurrent/ThreadPoolExecutor$Worker
Event: 1.463 Loading class java/util/concurrent/ThreadPoolExecutor$Worker done
Event: 1.463 Loading class java/util/concurrent/locks/AbstractQueuedSynchronizer$SharedNode
Event: 1.463 Loading class java/util/concurrent/locks/AbstractQueuedSynchronizer$SharedNode done
Event: 1.517 Loading class sun/nio/cs/StreamDecoder
Event: 1.517 Loading class sun/nio/cs/StreamDecoder done
Event: 1.518 Loading class java/util/regex/Pattern$LookBehindEndNode
Event: 1.518 Loading class java/util/regex/Pattern$LookBehindEndNode done
Event: 1.518 Loading class java/util/regex/Pattern$NotBehind
Event: 1.518 Loading class java/util/regex/Pattern$NotBehind done
Event: 1.518 Loading class java/util/regex/Pattern$Neg
Event: 1.518 Loading class java/util/regex/Pattern$Neg done
Event: 1.518 Loading class java/util/regex/Pattern$Pos
Event: 1.518 Loading class java/util/regex/Pattern$Pos done
Event: 1.524 Loading class java/util/regex/Pattern$SliceS
Event: 1.525 Loading class java/util/regex/Pattern$SliceS done
Event: 75.076 Loading class java/nio/channels/ClosedChannelException
Event: 75.076 Loading class java/nio/channels/ClosedChannelException done

Classes unloaded (0 events):
No events

Classes redefined (0 events):
No events

Internal exceptions (20 events):
Event: 0.115 Thread 0x000002b395c0b900 Exception <a 'java/lang/NoSuchMethodError'{0x00000000c3ce7d30}: 'void java.lang.invoke.DirectMethodHandle$Holder.invokeStatic(java.lang.Object, java.lang.Object, java.lang.Object)'> (0x00000000c3ce7d30) 
thrown [s\src\hotspot\share\interpreter\linkResolver.cpp, line 759]
Event: 0.121 Thread 0x000002b395c0b900 Exception <a 'java/lang/ClassNotFoundException'{0x00000000c3b106f8}: sun/awt/resources/spi/awtProvider> (0x00000000c3b106f8) 
thrown [s\src\hotspot\share\classfile\systemDictionary.cpp, line 256]
Event: 0.135 Thread 0x000002b395c0b900 Exception <a 'java/io/FileNotFoundException'{0x00000000c3b66038}> (0x00000000c3b66038) 
thrown [s\src\hotspot\share\prims\jni.cpp, line 516]
Event: 0.139 Thread 0x000002b395c0b900 Exception <a 'java/io/FileNotFoundException'{0x00000000c3b93748}> (0x00000000c3b93748) 
thrown [s\src\hotspot\share\prims\jni.cpp, line 516]
Event: 0.164 Thread 0x000002b395c0b900 Exception <a 'java/lang/NoSuchMethodError'{0x00000000c3a40798}: 'java.lang.Object java.lang.invoke.DirectMethodHandle$Holder.invokeStaticInit(java.lang.Object)'> (0x00000000c3a40798) 
thrown [s\src\hotspot\share\interpreter\linkResolver.cpp, line 759]
Event: 0.245 Thread 0x000002b395c0b900 Exception <a 'java/lang/NoSuchMethodError'{0x00000000c364ded0}: 'java.lang.Object java.lang.invoke.DirectMethodHandle$Holder.invokeStaticInit(java.lang.Object, int, int, int, int)'> (0x00000000c364ded0) 
thrown [s\src\hotspot\share\interpreter\linkResolver.cpp, line 759]
Event: 0.279 Thread 0x000002b395c0b900 Exception <a 'java/lang/NoSuchMethodError'{0x00000000c3537538}: 'java.lang.Object java.lang.invoke.DirectMethodHandle$Holder.invokeStaticInit(java.lang.Object, java.lang.Object, int, int, int, int)'> (0x00000000c3537538) 
thrown [s\src\hotspot\share\interpreter\linkResolver.cpp, line 759]
Event: 0.298 Thread 0x000002b395c0b900 Exception <a 'java/lang/NoSuchMethodError'{0x00000000c3542bd8}: 'void java.lang.invoke.DirectMethodHandle$Holder.invokeStatic(java.lang.Object, long)'> (0x00000000c3542bd8) 
thrown [s\src\hotspot\share\interpreter\linkResolver.cpp, line 759]
Event: 0.298 Thread 0x000002b395c0b900 Exception <a 'java/lang/NoSuchMethodError'{0x00000000c35481b8}: 'java.lang.Object java.lang.invoke.DirectMethodHandle$Holder.newInvokeSpecial(java.lang.Object, long)'> (0x00000000c35481b8) 
thrown [s\src\hotspot\share\interpreter\linkResolver.cpp, line 759]
Event: 0.300 Thread 0x000002b395c0b900 Exception <a 'java/lang/NoSuchMethodError'{0x00000000c35529d0}: 'java.lang.Object java.lang.invoke.DirectMethodHandle$Holder.invokeStaticInit(java.lang.Object, java.lang.Object, long, java.lang.Object)'> (0x00000000c35529d0) 
thrown [s\src\hotspot\share\interpreter\linkResolver.cpp, line 759]
Event: 0.301 Thread 0x000002b395c0b900 Exception <a 'java/lang/NoSuchMethodError'{0x00000000c3558f90}: 'java.lang.Object java.lang.invoke.DirectMethodHandle$Holder.newInvokeSpecial(java.lang.Object, java.lang.Object, long)'> (0x00000000c3558f90) 
thrown [s\src\hotspot\share\interpreter\linkResolver.cpp, line 759]
Event: 0.301 Thread 0x000002b395c0b900 Exception <a 'java/lang/NoSuchMethodError'{0x00000000c355cb00}: 'java.lang.Object java.lang.invoke.Invokers$Holder.linkToTargetMethod(java.lang.Object, long, java.lang.Object)'> (0x00000000c355cb00) 
thrown [s\src\hotspot\share\interpreter\linkResolver.cpp, line 759]
Event: 0.403 Thread 0x000002b395c0b900 Exception <a 'java/lang/NoSuchMethodError'{0x00000000c34cdf20}: 'java.lang.Object java.lang.invoke.DirectMethodHandle$Holder.invokeInterface(java.lang.Object, java.lang.Object)'> (0x00000000c34cdf20) 
thrown [s\src\hotspot\share\interpreter\linkResolver.cpp, line 759]
Event: 0.403 Thread 0x000002b395c0b900 Exception <a 'java/lang/IncompatibleClassChangeError'{0x00000000c34d1840}: Found class java.lang.Object, but interface was expected> (0x00000000c34d1840) 
thrown [s\src\hotspot\share\interpreter\linkResolver.cpp, line 826]
Event: 1.404 Thread 0x000002b395c0b900 Exception <a 'java/lang/NoSuchMethodError'{0x00000000c334c658}: 'void java.lang.invoke.DirectMethodHandle$Holder.invokeSpecial(java.lang.Object, java.lang.Object, java.lang.Object, java.lang.Object, java.lang.Object)'> (0x00000000c334c658) 
thrown [s\src\hotspot\share\interpreter\linkResolver.cpp, line 759]
Event: 1.405 Thread 0x000002b395c0b900 Exception <a 'java/lang/NoSuchMethodError'{0x00000000c33555e8}: 'void java.lang.invoke.DirectMethodHandle$Holder.invokeSpecial(java.lang.Object, java.lang.Object, java.lang.Object)'> (0x00000000c33555e8) 
thrown [s\src\hotspot\share\interpreter\linkResolver.cpp, line 759]
Event: 1.405 Thread 0x000002b395c0b900 Exception <a 'java/lang/NoSuchMethodError'{0x00000000c335b918}: 'void java.lang.invoke.DirectMethodHandle$Holder.invokeSpecial(java.lang.Object, java.lang.Object, int)'> (0x00000000c335b918) 
thrown [s\src\hotspot\share\interpreter\linkResolver.cpp, line 759]
Event: 1.406 Thread 0x000002b395c0b900 Exception <a 'java/lang/NoSuchMethodError'{0x00000000c3361930}: 'java.lang.Object java.lang.invoke.DirectMethodHandle$Holder.newInvokeSpecial(java.lang.Object, java.lang.Object, int)'> (0x00000000c3361930) 
thrown [s\src\hotspot\share\interpreter\linkResolver.cpp, line 759]
Event: 75.076 Thread 0x000002b3f7527b80 Exception <a 'java/lang/InterruptedException'{0x00000000c3980a70}> (0x00000000c3980a70) 
thrown [s\src\hotspot\share\runtime\objectMonitor.cpp, line 1658]
Event: 75.101 Thread 0x000002b3f7bce390 Implicit null exception at 0x000002b3a52cad44 to 0x000002b3a52cadcc

VM Operations (20 events):
Event: 66.975 Executing VM operation: G1CollectForAllocation done
Event: 67.920 Executing VM operation: G1CollectForAllocation
Event: 67.922 Executing VM operation: G1CollectForAllocation done
Event: 68.851 Executing VM operation: G1CollectForAllocation
Event: 68.852 Executing VM operation: G1CollectForAllocation done
Event: 69.694 Executing VM operation: G1CollectForAllocation
Event: 69.694 Executing VM operation: G1CollectForAllocation done
Event: 70.396 Executing VM operation: G1CollectForAllocation
Event: 70.397 Executing VM operation: G1CollectForAllocation done
Event: 71.333 Executing VM operation: G1CollectForAllocation
Event: 71.334 Executing VM operation: G1CollectForAllocation done
Event: 72.191 Executing VM operation: G1CollectForAllocation
Event: 72.192 Executing VM operation: G1CollectForAllocation done
Event: 72.933 Executing VM operation: G1CollectForAllocation
Event: 72.934 Executing VM operation: G1CollectForAllocation done
Event: 73.785 Executing VM operation: G1CollectForAllocation
Event: 73.785 Executing VM operation: G1CollectForAllocation done
Event: 74.592 Executing VM operation: G1CollectForAllocation
Event: 74.593 Executing VM operation: G1CollectForAllocation done
Event: 75.178 Executing VM operation: Exit

Memory protections (0 events):
No events

Nmethod flushes (0 events):
No events

Events (20 events):
Event: 1.463 Thread 0x000002b3f7528090 Thread added: 0x000002b3f752a400
Event: 1.463 Thread 0x000002b3f7528090 Thread added: 0x000002b3f752a910
Event: 1.463 Thread 0x000002b3f7528090 Thread added: 0x000002b3f752ae20
Event: 1.465 Thread 0x000002b3b1a8c4d0 Thread added: 0x000002b38befc0c0
Event: 1.762 Thread 0x000002b38befc0c0 Thread exited: 0x000002b38befc0c0
Event: 1.856 Thread 0x000002b3f7976040 Thread exited: 0x000002b3f7976040
Event: 75.075 Thread 0x000002b3f7528090 Thread added: 0x000002b38c297000
Event: 75.076 Thread 0x000002b3f7528090 Thread added: 0x000002b38c2960d0
Event: 75.076 Thread 0x000002b3f7528090 Thread added: 0x000002b38c295bc0
Event: 75.076 Thread 0x000002b3f7527b80 Thread exited: 0x000002b3f7527b80
Event: 75.076 Thread 0x000002b3f738eda0 Thread added: 0x000002b38c298950
Event: 75.076 Thread 0x000002b3f91e06e0 Thread exited: 0x000002b3f91e06e0
Event: 75.076 Thread 0x000002b38c295bc0 Thread exited: 0x000002b38c295bc0
Event: 75.077 Thread 0x000002b3f738eda0 Thread exited: 0x000002b3f738eda0
Event: 75.102 Thread 0x000002b3f7bce390 Thread exited: 0x000002b3f7bce390
Event: 75.105 Thread 0x000002b38c297000 Thread exited: 0x000002b38c297000
Event: 75.177 Thread 0x000002b38c2960d0 Thread exited: 0x000002b38c2960d0
Event: 75.177 Thread 0x000002b3f7528090 Before exit entered
Event: 75.178 Thread 0x000002b3f70ef6b0 Thread exited: 0x000002b3f70ef6b0
Event: 75.178 Thread 0x000002b3f7109bf0 Thread exited: 0x000002b3f7109bf0


Dynamic libraries:
0x00007ff7c9de0000 - 0x00007ff7c9dee000 	C:\Program Files\Processing\app\resources\jdk-17.0.14+7\bin\java.exe
0x00007ffa7da60000 - 0x00007ffa7dcc7000 	C:\WINDOWS\SYSTEM32\ntdll.dll
0x00007ffa7c020000 - 0x00007ffa7c0e9000 	C:\WINDOWS\System32\KERNEL32.DLL
0x00007ffa7a540000 - 0x00007ffa7a937000 	C:\WINDOWS\System32\KERNELBASE.dll
0x00007ffa7ab20000 - 0x00007ffa7ac6b000 	C:\WINDOWS\System32\ucrtbase.dll
0x00007ffa4d900000 - 0x00007ffa4d91e000 	C:\Program Files\Processing\app\resources\jdk-17.0.14+7\bin\VCRUNTIME140.dll
0x00007ffa4d920000 - 0x00007ffa4d937000 	C:\Program Files\Processing\app\resources\jdk-17.0.14+7\bin\jli.dll
0x00007ffa7bdd0000 - 0x00007ffa7bf96000 	C:\WINDOWS\System32\USER32.dll
0x00007ffa61590000 - 0x00007ffa61822000 	C:\WINDOWS\WinSxS\amd64_microsoft.windows.common-controls_6595b64144ccf1df_6.0.26100.8457_none_3e0b2faee331e92d\COMCTL32.dll
0x00007ffa7b630000 - 0x00007ffa7b657000 	C:\WINDOWS\System32\win32u.dll
0x00007ffa7cc40000 - 0x00007ffa7cc6b000 	C:\WINDOWS\System32\GDI32.dll
0x00007ffa7b7e0000 - 0x00007ffa7b889000 	C:\WINDOWS\System32\msvcrt.dll
0x00007ffa7a940000 - 0x00007ffa7aa6c000 	C:\WINDOWS\System32\gdi32full.dll
0x00007ffa7a490000 - 0x00007ffa7a533000 	C:\WINDOWS\System32\msvcp_win.dll
0x00007ffa7ba00000 - 0x00007ffa7ba32000 	C:\WINDOWS\System32\IMM32.DLL
0x00007ffa73680000 - 0x00007ffa7368c000 	C:\Program Files\Processing\app\resources\jdk-17.0.14+7\bin\vcruntime140_1.dll
0x00007ffa457d0000 - 0x00007ffa4585d000 	C:\Program Files\Processing\app\resources\jdk-17.0.14+7\bin\msvcp140.dll
0x00007ff9b1440000 - 0x00007ff9b20ab000 	C:\Program Files\Processing\app\resources\jdk-17.0.14+7\bin\server\jvm.dll
0x00007ffa7d380000 - 0x00007ffa7d436000 	C:\WINDOWS\System32\ADVAPI32.dll
0x00007ffa7d450000 - 0x00007ffa7d4f7000 	C:\WINDOWS\System32\sechost.dll
0x00007ffa7d610000 - 0x00007ffa7d728000 	C:\WINDOWS\System32\RPCRT4.dll
0x00007ffa7d500000 - 0x00007ffa7d580000 	C:\WINDOWS\System32\WS2_32.dll
0x00007ffa7a310000 - 0x00007ffa7a36e000 	C:\WINDOWS\SYSTEM32\POWRPROF.dll
0x00007ffa61e60000 - 0x00007ffa61e96000 	C:\WINDOWS\SYSTEM32\WINMM.dll
0x00007ffa704a0000 - 0x00007ffa704ab000 	C:\WINDOWS\SYSTEM32\VERSION.dll
0x00007ffa7a2f0000 - 0x00007ffa7a304000 	C:\WINDOWS\SYSTEM32\UMPDC.dll
0x00007ffa79220000 - 0x00007ffa7923b000 	C:\WINDOWS\SYSTEM32\kernel.appcore.dll
0x00007ffa6a5b0000 - 0x00007ffa6a5ba000 	C:\Program Files\Processing\app\resources\jdk-17.0.14+7\bin\jimage.dll
0x00007ffa72470000 - 0x00007ffa726b2000 	C:\WINDOWS\SYSTEM32\DBGHELP.DLL
0x00007ffa7c870000 - 0x00007ffa7cbf3000 	C:\WINDOWS\System32\combase.dll
0x00007ffa7bc30000 - 0x00007ffa7bd09000 	C:\WINDOWS\System32\OLEAUT32.dll
0x00007ffa410a0000 - 0x00007ffa410db000 	C:\WINDOWS\SYSTEM32\dbgcore.DLL
0x00007ffa7aa70000 - 0x00007ffa7ab18000 	C:\WINDOWS\System32\bcryptPrimitives.dll
0x00007ffa478a0000 - 0x00007ffa478db000 	C:\Program Files\Processing\app\resources\jdk-17.0.14+7\bin\jdwp.dll
0x00007ffa4c330000 - 0x00007ffa4c355000 	C:\Program Files\Processing\app\resources\jdk-17.0.14+7\bin\java.dll
0x00007ffa41a00000 - 0x00007ffa41ad7000 	C:\Program Files\Processing\app\resources\jdk-17.0.14+7\bin\jsvml.dll
0x00007ffa7c0f0000 - 0x00007ffa7c85e000 	C:\WINDOWS\System32\SHELL32.dll
0x00007ffa7ac70000 - 0x00007ffa7b4dc000 	C:\WINDOWS\System32\windows.storage.dll
0x00007ffa7d730000 - 0x00007ffa7d826000 	C:\WINDOWS\System32\SHCORE.dll
0x00007ffa7d210000 - 0x00007ffa7d276000 	C:\WINDOWS\System32\shlwapi.dll
0x00007ffa7a3b0000 - 0x00007ffa7a3d9000 	C:\WINDOWS\SYSTEM32\profapi.dll
0x00007ffa4d410000 - 0x00007ffa4d41c000 	C:\Program Files\Processing\app\resources\jdk-17.0.14+7\bin\dt_socket.dll
0x00007ffa78c30000 - 0x00007ffa78c62000 	C:\WINDOWS\SYSTEM32\IPHLPAPI.DLL
0x00007ffa79790000 - 0x00007ffa797fc000 	C:\WINDOWS\system32\mswsock.dll
0x00007ffa4ce10000 - 0x00007ffa4ce29000 	C:\Program Files\Processing\app\resources\jdk-17.0.14+7\bin\net.dll
0x00007ffa775b0000 - 0x00007ffa776d9000 	C:\WINDOWS\SYSTEM32\WINHTTP.dll
0x00007ffa4cd70000 - 0x00007ffa4cd86000 	C:\Program Files\Processing\app\resources\jdk-17.0.14+7\bin\nio.dll
0x00007ffa47880000 - 0x00007ffa47898000 	C:\Program Files\Processing\app\resources\jdk-17.0.14+7\bin\zip.dll
0x00007ff9ec9a0000 - 0x00007ff9ecb30000 	C:\Program Files\Processing\app\resources\jdk-17.0.14+7\bin\awt.dll
0x00007ffa76060000 - 0x00007ffa76100000 	C:\WINDOWS\SYSTEM32\apphelp.dll
0x00007ffa77ee0000 - 0x00007ffa77f8a000 	C:\WINDOWS\system32\uxtheme.dll
0x00007ffa7b890000 - 0x00007ffa7b9ec000 	C:\WINDOWS\System32\MSCTF.dll
0x00007ffa7ba40000 - 0x00007ffa7bbd7000 	C:\WINDOWS\System32\ole32.dll
0x00007ffa781d0000 - 0x00007ffa781ff000 	C:\WINDOWS\system32\DWMAPI.DLL
0x00007ffa33d40000 - 0x00007ffa33e4f000 	C:\WINDOWS\system32\opengl32.dll
0x00007ffa36620000 - 0x00007ffa3664d000 	C:\WINDOWS\SYSTEM32\GLU32.dll
0x00007ffa77ff0000 - 0x00007ffa78035000 	C:\WINDOWS\SYSTEM32\dxcore.dll
0x00007ffa79a70000 - 0x00007ffa79a8b000 	C:\WINDOWS\SYSTEM32\CRYPTSP.dll
0x00007ffa79180000 - 0x00007ffa791b9000 	C:\WINDOWS\system32\rsaenh.dll
0x00007ffa79840000 - 0x00007ffa79873000 	C:\WINDOWS\SYSTEM32\USERENV.dll
0x00007ffa7a380000 - 0x00007ffa7a3aa000 	C:\WINDOWS\SYSTEM32\bcrypt.dll
0x00007ffa79a90000 - 0x00007ffa79a9c000 	C:\WINDOWS\SYSTEM32\CRYPTBASE.dll
0x00007ffa7cc00000 - 0x00007ffa7cc0a000 	C:\WINDOWS\System32\NSI.dll
0x00007ffa77800000 - 0x00007ffa7781d000 	C:\WINDOWS\SYSTEM32\dhcpcsvc6.DLL
0x00007ffa77750000 - 0x00007ffa77775000 	C:\WINDOWS\SYSTEM32\dhcpcsvc.DLL
0x00007ffa78ce0000 - 0x00007ffa78e12000 	C:\WINDOWS\SYSTEM32\DNSAPI.dll
0x00007ffa44850000 - 0x00007ffa44863000 	C:\Users\danil\AppData\Local\Temp\jogamp_0000\file_cache\jln4444568169677695096\jln7312897360207177185\natives\windows-amd64\gluegen_rt.dll
0x00007ffa4d400000 - 0x00007ffa4d407000 	C:\Program Files\Processing\app\resources\jdk-17.0.14+7\bin\jawt.dll
0x00007ffa4cd50000 - 0x00007ffa4cd5d000 	C:\Users\danil\AppData\Local\Temp\jogamp_0000\file_cache\jln4444568169677695096\jln7312897360207177185\natives\windows-amd64\nativewindow_awt.dll
0x00007ffa419e0000 - 0x00007ffa419f5000 	C:\Users\danil\AppData\Local\Temp\jogamp_0000\file_cache\jln4444568169677695096\jln7312897360207177185\natives\windows-amd64\nativewindow_win32.dll
0x00007ffa3fac0000 - 0x00007ffa3fb43000 	C:\Users\danil\AppData\Local\Temp\jogamp_0000\file_cache\jln4444568169677695096\jln7312897360207177185\natives\windows-amd64\jogl_desktop.dll
0x00007ffa24380000 - 0x00007ffa243d2000 	C:\Users\danil\AppData\Local\Temp\jogamp_0000\file_cache\jln4444568169677695096\jln7312897360207177185\natives\windows-amd64\jogl_mobile.dll
0x00007ffa73470000 - 0x00007ffa734d1000 	C:\WINDOWS\SYSTEM32\directxdatabasehelper.dll
0x00007ffa665e0000 - 0x00007ffa665fd000 	C:\WINDOWS\SYSTEM32\windows.staterepositorycore.dll
0x00007ff9b0460000 - 0x00007ff9b1433000 	C:\WINDOWS\System32\DriverStore\FileRepository\iigd_dch.inf_amd64_225f37aa3862fc3f\igxelpicd64.dll
0x00007ffa78040000 - 0x00007ffa7817e000 	C:\WINDOWS\system32\dxgi.dll
0x00007ff9d3b70000 - 0x00007ff9d3ff7000 	C:\WINDOWS\System32\DriverStore\FileRepository\iigd_dch.inf_amd64_225f37aa3862fc3f\igdml64.dll
0x00007ffa7a000000 - 0x00007ffa7a051000 	C:\WINDOWS\SYSTEM32\cfgmgr32.dll
0x00007ffa704b0000 - 0x00007ffa70871000 	C:\WINDOWS\System32\DriverStore\FileRepository\iigd_dch.inf_amd64_225f37aa3862fc3f\igdgmm64.dll
0x00007ffa6d290000 - 0x00007ffa70496000 	C:\WINDOWS\System32\DriverStore\FileRepository\iigd_dch.inf_amd64_225f37aa3862fc3f\igc64.dll
0x00007ffa41800000 - 0x00007ffa41819000 	C:\Users\danil\AppData\Local\Temp\jogamp_0000\file_cache\jln4444568169677695096\jln7312897360207177185\natives\windows-amd64\newt_head.dll
0x00007ffa6bce0000 - 0x00007ffa6bd9f000 	C:\WINDOWS\SYSTEM32\mscms.dll
0x00007ffa111b0000 - 0x00007ffa111f9000 	C:\WINDOWS\SYSTEM32\icm32.dll
0x00007ffa7cc70000 - 0x00007ffa7d0f7000 	C:\WINDOWS\System32\setupapi.dll
0x00007ffa79fd0000 - 0x00007ffa79ffd000 	C:\WINDOWS\SYSTEM32\DEVOBJ.dll
0x00007ffa7b4e0000 - 0x00007ffa7b562000 	C:\WINDOWS\System32\WINTRUST.dll
0x00007ffa7b660000 - 0x00007ffa7b7d8000 	C:\WINDOWS\System32\CRYPT32.dll
0x00007ffa79ba0000 - 0x00007ffa79bb3000 	C:\WINDOWS\SYSTEM32\MSASN1.dll
0x00007ffa4d4c0000 - 0x00007ffa4d606000 	C:\WINDOWS\SYSTEM32\textinputframework.dll
0x00007ffa76ea0000 - 0x00007ffa76fc7000 	C:\WINDOWS\SYSTEM32\CoreMessaging.dll
0x00007ffa726c0000 - 0x00007ffa729a2000 	C:\WINDOWS\SYSTEM32\CoreUIComponents.dll
0x00007ffa737b0000 - 0x00007ffa7391a000 	C:\WINDOWS\SYSTEM32\wintypes.dll

dbghelp: loaded successfully - version: 4.0.5 - missing functions: none
symbol engine: initialized successfully - sym options: 0x614 - pdb path: .;C:\Program Files\Processing\app\resources\jdk-17.0.14+7\bin;C:\WINDOWS\SYSTEM32;C:\WINDOWS\WinSxS\amd64_microsoft.windows.common-controls_6595b64144ccf1df_6.0.26100.8457_none_3e0b2faee331e92d;C:\Program Files\Processing\app\resources\jdk-17.0.14+7\bin\server;C:\Users\danil\AppData\Local\Temp\jogamp_0000\file_cache\jln4444568169677695096\jln7312897360207177185\natives\windows-amd64;C:\WINDOWS\System32\DriverStore\FileRepository\iigd_dch.inf_amd64_225f37aa3862fc3f

VM Arguments:
jvm_args: -agentlib:jdwp=transport=dt_socket,address=8172,server=y,suspend=y,quiet=y -Xms64m -Xmx1024m -Djna.nosys=true -Djava.library.path=;C:\Program Files\Processing\app\resources\core\library;C:\Program Files\Processing;C:\WINDOWS\system32;C:\WINDOWS;C:\Program Files\PlasticSCM5\server;C:\Program Files\PlasticSCM5\client;C:\Program Files\Common Files\Oracle\Java\javapath;C:\Program Files (x86)\Common Files\Oracle\Java\javapath;C:\Windows\System32\HWAudioDriverLibs;C:\Windows\system32;C:\Windows;C:\Windows\System32\Wbem;C:\Windows\System32\WindowsPowerShell\v1.0;C:\Windows\System32\OpenSSH;C:\Program Files\Microsoft SQL Server\150\Tools\Binn;C:\Program Files\Microsoft SQL Server\Client SDK\ODBC\170\Tools\Binn;C:\Program Files\dotnet;D:\Windows Kits\10\Windows Performance Toolkit;C:\Program Files\Java\jdk-23\bin;C:\WINDOWS\system32;C:\WINDOWS;C:\WINDOWS\System32\Wbem;C:\WINDOWS\System32\WindowsPowerShell\v1.0;C:\WINDOWS\System32\OpenSSH;C:\Program Files\nodejs;C:\Program Files\Docker\Docker\resources\bin;C:\Program Files\TortoiseGit\bin;C:\Program Files\Git\cmd;C:\Users\danil\AppData\Local\Programs\Python\Python312\Scripts;C:\Users\danil\AppData\Local\Programs\Python\Python312;C:\Users\danil\AppData\Local\Microsoft\WindowsApps;C:\Users\danil\AppData\Local\Programs\Microsoft VS Code\bin;C:\Users\danil\AppData\Roaming\npm;D:\DataBase\18\bin;C:\Program Files\Processing\app;. -ea 
java_command: processing.core.PApplet --editor-location=-7,-7 --external --display=1 --sketch-path=C:\Users\danil\Desktop\Gravity_simul Gravity_simul
java_class_path (initial): C:\Users\danil\AppData\Local\Temp\processing\Gravity_simul12612967667019426898temp;C:\Program Files\Processing\app\resources\core\library\annotations-13.0.jar;C:\Program Files\Processing\app\resources\core\library\antlr-2.7.7.jar;C:\Program Files\Processing\app\resources\core\library\core-4.4.1.jar;C:\Program Files\Processing\app\resources\core\library\gluegen-rt-2.5.0-natives-android-aarch64.jar;C:\Program Files\Processing\app\resources\core\library\gluegen-rt-2.5.0-natives-linux-aarch64.jar;C:\Program Files\Processing\app\resources\core\library\gluegen-rt-2.5.0-natives-linux-amd64.jar;C:\Program Files\Processing\app\resources\core\library\gluegen-rt-2.5.0-natives-linux-armv6hf.jar;C:\Program Files\Processing\app\resources\core\library\gluegen-rt-2.5.0-natives-macosx-universal.jar;C:\Program Files\Processing\app\resources\core\library\gluegen-rt-2.5.0-natives-windows-amd64.jar;C:\Program Files\Processing\app\resources\core\library\gluegen-rt-2.5.0.jar;C:\Program Files\Processing\app\resources\core\library\gluegen-rt-main-2.5.0.jar;C:\Program Files\Processing\app\resources\core\library\jogl-all-2.5.0-natives-android-aarch64.jar;C:\Program Files\Processing\app\resources\core\library\jogl-all-2.5.0-natives-linux-aarch64.jar;C:\Program Files\Processing\app\resources\core\library\jogl-all-2.5.0-natives-linux-amd64.jar;C:\Program Files\Processing\app\resources\core\library\jogl-all-2.5.0-natives-linux-armv6hf.jar;C:\Program Files\Processing\app\resources\core\library\jogl-all-2.5.0-natives-macosx-universal.jar;C:\Program Files\Processing\app\resources\core\library\jogl-all-2.5.0-natives-windows-amd64.jar;C:\Program Files\Processing\app\resources\core\library\jogl-all-2.5.0.jar;C:\Program Files\Processing\app\resources\core\library\jogl-all-main-2.5.0.jar;C:\Program Files\Processing\app\resources\core\library\kotlin-stdlib-2.0.20.jar
Launcher Type: SUN_STANDARD

[Global flags]
     intx CICompilerCount                          = 4                                         {product} {ergonomic}
     uint ConcGCThreads                            = 2                                         {product} {ergonomic}
     uint G1ConcRefinementThreads                  = 8                                         {product} {ergonomic}
   size_t G1HeapRegionSize                         = 1048576                                   {product} {ergonomic}
    uintx GCDrainStackTargetSize                   = 64                                        {product} {ergonomic}
   size_t InitialHeapSize                          = 67108864                                  {product} {command line}
   size_t MarkStackSize                            = 4194304                                   {product} {ergonomic}
   size_t MaxHeapSize                              = 1073741824                                {product} {command line}
   size_t MaxNewSize                               = 643825664                                 {product} {ergonomic}
   size_t MinHeapDeltaBytes                        = 1048576                                   {product} {ergonomic}
   size_t MinHeapSize                              = 67108864                                  {product} {command line}
    uintx NonNMethodCodeHeapSize                   = 5839372                                {pd product} {ergonomic}
    uintx NonProfiledCodeHeapSize                  = 122909434                              {pd product} {ergonomic}
    uintx ProfiledCodeHeapSize                     = 122909434                              {pd product} {ergonomic}
    uintx ReservedCodeCacheSize                    = 251658240                              {pd product} {ergonomic}
     bool SegmentedCodeCache                       = true                                      {product} {ergonomic}
   size_t SoftMaxHeapSize                          = 1073741824                             {manageable} {ergonomic}
     bool UseCompressedClassPointers               = true                           {product lp64_product} {ergonomic}
     bool UseCompressedOops                        = true                           {product lp64_product} {ergonomic}
     bool UseG1GC                                  = true                                      {product} {ergonomic}
     bool UseLargePagesIndividualAllocation        = false                                  {pd product} {ergonomic}

Logging:
Log output configuration:
 #0: stdout all=off uptime,level,tags
 #1: stderr all=off uptime,level,tags

Environment Variables:
JAVA_HOME=C:\Program Files\Java\jdk-23
PATH=C:\Program Files\PlasticSCM5\server;C:\Program Files\PlasticSCM5\client;C:\Program Files\Common Files\Oracle\Java\javapath;C:\Program Files (x86)\Common Files\Oracle\Java\javapath;C:\Windows\System32\HWAudioDriverLibs;C:\Windows\system32;C:\Windows;C:\Windows\System32\Wbem;C:\Windows\System32\WindowsPowerShell\v1.0\;C:\Windows\System32\OpenSSH\;C:\Users\Administrator\AppData\Local\Microsoft\WindowsApps;C:\Program Files\Microsoft SQL Server\150\Tools\Binn\;C:\Program Files\Microsoft SQL Server\Client SDK\ODBC\170\Tools\Binn\;C:\Program Files\dotnet\;D:\Windows Kits\10\Windows Performance Toolkit\;C:\Program Files\Java\jdk-23\bin;C:\WINDOWS\system32;C:\WINDOWS;C:\WINDOWS\System32\Wbem;C:\WINDOWS\System32\WindowsPowerShell\v1.0\;C:\WINDOWS\System32\OpenSSH\;C:\Program Files\nodejs\;C:\Program Files\Docker\Docker\resources\bin;C:\Program Files\TortoiseGit\bin;C:\Program Files\Git\cmd;C:\Users\danil\AppData\Local\Programs\Python\Python312\Scripts\;C:\Users\danil\AppData\Local\Programs\Python\Python312\;C:\Users\danil\AppData\Local\Microsoft\WindowsApps;C:\Users\danil\.dotnet\tools;C:\Users\danil\AppData\Local\Programs\Microsoft VS Code\bin;C:\Users\danil\AppData\Roaming\npm;D:\DataBase\18\bin;C:\Program Files\Processing\app
USERNAME=danil
OS=Windows_NT
PROCESSOR_IDENTIFIER=Intel64 Family 6 Model 140 Stepping 2, GenuineIntel
TMP=C:\Users\danil\AppData\Local\Temp
TEMP=C:\Users\danil\AppData\Local\Temp



Periodic native trim disabled


---------------  S Y S T E M  ---------------

OS:
 Windows 11 , 64 bit Build 26100 (10.0.26100.8328)
OS uptime: 0 days 4:30 hours
Hyper-V role detected

CPU: total 8 (initial active 8) (4 cores per cpu, 2 threads per core) family 6 model 140 stepping 2 microcode 0x16, cx8, cmov, fxsr, ht, mmx, 3dnowpref, sse, sse2, sse3, ssse3, sse4.1, sse4.2, popcnt, lzcnt, tsc, tscinvbit, avx, avx2, aes, erms, clmul, bmi1, bmi2, adx, avx512f, avx512dq, avx512cd, avx512bw, avx512vl, sha, fma, vzeroupper, avx512_vpopcntdq, avx512_vpclmulqdq, avx512_vaes, avx512_vnni, clflush, clflushopt, clwb, avx512_vbmi2, avx512_vbmi, hv
Processor Information for processor 0
  Max Mhz: 2496, Current Mhz: 1198, Mhz Limit: 2496
Processor Information for processor 1
  Max Mhz: 2496, Current Mhz: 2496, Mhz Limit: 2496
Processor Information for processor 2
  Max Mhz: 2496, Current Mhz: 2496, Mhz Limit: 2496
Processor Information for processor 3
  Max Mhz: 2496, Current Mhz: 2496, Mhz Limit: 2496
Processor Information for processor 4
  Max Mhz: 2496, Current Mhz: 2496, Mhz Limit: 2496
Processor Information for processor 5
  Max Mhz: 2496, Current Mhz: 2496, Mhz Limit: 2496
Processor Information for processor 6
  Max Mhz: 2496, Current Mhz: 2496, Mhz Limit: 2496
Processor Information for processor 7
  Max Mhz: 2496, Current Mhz: 2496, Mhz Limit: 2496

Memory: 4k page, system-wide physical 7975M (2198M free)
TotalPageFile size 17703M (AvailPageFile size 8115M)
current process WorkingSet (physical memory assigned to process): 406M, peak: 418M
current process commit charge ("private bytes"): 383M, peak: 406M

vm_info: OpenJDK 64-Bit Server VM (17.0.14+7) for windows-amd64 JRE (17.0.14+7), built on Jan 21 2025 23:40:15 by "admin" with MS VC++ 17.7 (VS2022)

END.
