#
# A fatal error has been detected by the Java Runtime Environment:
#
#  EXCEPTION_ACCESS_VIOLATION (0xc0000005) at pc=0x00007ffdf360b386, pid=19052, tid=19028
#
# JRE version: OpenJDK Runtime Environment Temurin-17.0.14+7 (17.0.14+7) (build 17.0.14+7)
# Java VM: OpenJDK 64-Bit Server VM Temurin-17.0.14+7 (17.0.14+7, mixed mode, sharing, tiered, compressed oops, compressed class ptrs, g1 gc, windows-amd64)
# Problematic frame:
# C  [igxelpicd64.dll+0x23b386]
#
# No core dump will be written. Minidumps are not enabled by default on client versions of Windows
#
# If you would like to submit a bug report, please visit:
#   https://github.com/adoptium/adoptium-support/issues
#

---------------  S U M M A R Y ------------

Command Line: -agentlib:jdwp=transport=dt_socket,address=8471,server=y,suspend=y,quiet=y -Xms64m -Xmx1024m -Djna.nosys=true -Djava.library.path=;C:\Program Files\Processing\app\resources\core\library;C:\Program Files\Processing;C:\WINDOWS\system32;C:\WINDOWS;C:\Program Files\PlasticSCM5\server;C:\Program Files\PlasticSCM5\client;C:\Program Files\Common Files\Oracle\Java\javapath;C:\Program Files (x86)\Common Files\Oracle\Java\javapath;C:\Windows\System32\HWAudioDriverLibs;C:\Windows\system32;C:\Windows;C:\Windows\System32\Wbem;C:\Windows\System32\WindowsPowerShell\v1.0;C:\Windows\System32\OpenSSH;C:\Program Files\Microsoft SQL Server\150\Tools\Binn;C:\Program Files\Microsoft SQL Server\Client SDK\ODBC\170\Tools\Binn;C:\Program Files\dotnet;D:\Windows Kits\10\Windows Performance Toolkit;C:\Program Files\Java\jdk-23\bin;C:\WINDOWS\system32;C:\WINDOWS;C:\WINDOWS\System32\Wbem;C:\WINDOWS\System32\WindowsPowerShell\v1.0;C:\WINDOWS\System32\OpenSSH;C:\Program Files\nodejs;C:\Program Files\Docker\Docker\resources\bin;C:\Program Files\TortoiseGit\bin;C:\Program Files\Git\cmd;C:\Users\danil\AppData\Local\Programs\Python\Python312\Scripts;C:\Users\danil\AppData\Local\Programs\Python\Python312;C:\Users\danil\AppData\Local\Microsoft\WindowsApps;C:\Users\danil\AppData\Local\Programs\Microsoft VS Code\bin;C:\Users\danil\AppData\Roaming\npm;D:\DataBase\18\bin;C:\Program Files\Processing\app;. -ea processing.core.PApplet --editor-location=-7,-7 --external --display=1 --sketch-path=C:\Users\danil\Desktop\Gravity_simul Gravity_simul

Host: 11th Gen Intel(R) Core(TM) i5-1155G7 @ 2.50GHz, 8 cores, 7G,  Windows 11 , 64 bit Build 26100 (10.0.26100.8328)
Time: Sun Jun 28 14:15:23 2026 RTZ 3 (s 11 , 64 bit Build 26100 (10.0.26100.8328) elapsed time: 5.298404 seconds (0d 0h 0m 5s)

---------------  T H R E A D  ---------------

Current thread (0x000001f0eb8dcb40):  VMThread "VM Thread" [stack: 0x00000072e1700000,0x00000072e1800000] [id=19028]

Stack: [0x00000072e1700000,0x00000072e1800000],  sp=0x00000072e17fded0,  free space=1015k
Native frames: (J=compiled Java code, j=interpreted, Vv=VM code, C=native code)
C  [igxelpicd64.dll+0x23b386]


siginfo: EXCEPTION_ACCESS_VIOLATION (0xc0000005), reading address 0x0000000000035468


Registers:
RAX=0x000001f0c41999d0, RBX=0x000001f0f0700670, RCX=0x0000000000000004, RDX=0x0000000000000000
RSP=0x00000072e17fded0, RBP=0x0000000000000000, RSI=0x000001f0c41997d0, RDI=0x000001f0f00f48d0
R8 =0x000001f0c41998d0, R9 =0x00000072e0d7f000, R10=0x0000000000000000, R11=0x0000000000000246
R12=0x000001f0c41997d0, R13=0x0000000000000000, R14=0x000001f0c4199d18, R15=0x000001f0c4198c30
RIP=0x00007ffdf360b386, EFLAGS=0x0000000000010202


Register to memory mapping:

RIP=0x00007ffdf360b386 igxelpicd64.dll
RAX=0x000001f0c41999d0 points into unknown readable memory: 0x000000000000c654 | 54 c6 00 00 00 00 00 00
RBX=0x000001f0f0700670 points into unknown readable memory: 0xffffffffffffffff | ff ff ff ff ff ff ff ff
RCX=0x0000000000000004 is an unknown value
RDX=0x0 is NULL
RSP=0x00000072e17fded0 points into unknown readable memory: 0x000001f0f0700670 | 70 06 70 f0 f0 01 00 00
RBP=0x0 is NULL
RSI=0x000001f0c41997d0 points into unknown readable memory: 0x000001f0f0759ff0 | f0 9f 75 f0 f0 01 00 00
RDI=0x000001f0f00f48d0 points into unknown readable memory: 0x0000000000000000 | 00 00 00 00 00 00 00 00
R8 =0x000001f0c41998d0 points into unknown readable memory: 0x0000000000000000 | 00 00 00 00 00 00 00 00
R9 =0x00000072e0d7f000 points into unknown readable memory: 0x0000000000000000 | 00 00 00 00 00 00 00 00
R10=0x0 is NULL
R11=0x0000000000000246 is an unknown value
R12=0x000001f0c41997d0 points into unknown readable memory: 0x000001f0f0759ff0 | f0 9f 75 f0 f0 01 00 00
R13=0x0 is NULL
R14=0x000001f0c4199d18 points into unknown readable memory: 0x000001f0c4198c30 | 30 8c 19 c4 f0 01 00 00
R15=0x000001f0c4198c30 points into unknown readable memory: 0x000001f0f0759ff0 | f0 9f 75 f0 f0 01 00 00


Top of Stack: (sp=0x00000072e17fded0)
0x00000072e17fded0:   000001f0f0700670 00007ffdf3440ab4
0x00000072e17fdee0:   0000000000000000 000001f0f230ec60
0x00000072e17fdef0:   0000001600000000 0000000000000000
0x00000072e17fdf00:   000001f000000000 000001f0f230ae40
0x00000072e17fdf10:   000001f0f0700670 000001f0f22ce8c0
0x00000072e17fdf20:   000001f0f4a00504 000001f0f46b5000
0x00000072e17fdf30:   039807c400f39900 000001f0f230f260
0x00000072e17fdf40:   00d75dc7038eebc6 00007000196fe000
0x00000072e17fdf50:   02c41aca033fe8c9 039f35ca00b723ca
0x00000072e17fdf60:   027527cb00000000 024d47cb033837cb
0x00000072e17fdf70:   005649cc0385f7cb 039807cd037086cc
0x00000072e17fdf80:   0283bacd036711cd 01ba0ad00165f3cf
0x00000072e17fdf90:   039189d0036f30d0 01e4f6d0036ac6d0
0x00000072e17fdfa0:   0000000000000000 0000000000000000
0x00000072e17fdfb0:   039f300000000000 00007ffe8d905b54
0x00000072e17fdfc0:   0000000000000000 0000000000000000
0x00000072e17fdfd0:   00000072e17fe170 00007ffe8b771259
0x00000072e17fdfe0:   00000072e17fe068 0000000000000000
0x00000072e17fdff0:   0000000000000054 0000000000000000
0x00000072e17fe000:   0000000000000000 00007ffe8d905cc4
0x00000072e17fe010:   000000007a000004 0378b6dc02f463dc
0x00000072e17fe020:   0000577290888615 001040007a000004
0x00000072e17fe030:   000001f0f23034f8 000000000000ca74
0x00000072e17fe040:   0000000000000000 0000000000000016
0x00000072e17fe050:   0000000000000000 0000000000000000
0x00000072e17fe060:   00000072e17fe170 00007ffdf36382ae
0x00000072e17fe070:   000001f0f00f48d0 0000000000000000
0x00000072e17fe080:   000001f0f00f48d0 000010027a000004
0x00000072e17fe090:   00000072000009e8 0000740400840000
0x00000072e17fe0a0:   0000000000000000 02a354ea037b45ea
0x00000072e17fe0b0:   0000000000000000 000010027a000004
0x00000072e17fe0c0:   027a29ec035699eb 0000000000000000 

Instructions: (pc=0x00007ffdf360b386)
0x00007ffdf360b286:   00 90 4c 8b bf 80 02 00 00 48 8b 05 9a 85 bd 00
0x00007ffdf360b296:   8b 80 c8 0a 00 00 89 44 24 24 c6 44 24 20 00 48
0x00007ffdf360b2a6:   c7 87 80 02 00 00 00 00 00 00 c7 87 88 02 00 00
0x00007ffdf360b2b6:   00 00 00 00 48 c7 87 a0 02 00 00 00 00 00 00 48
0x00007ffdf360b2c6:   c7 87 90 02 00 00 00 00 00 00 48 85 ed 75 3d 8b
0x00007ffdf360b2d6:   35 0d 77 cd 00 65 48 8b 04 25 58 00 00 00 b9 14
0x00007ffdf360b2e6:   00 00 00 48 8b 04 f0 40 38 2c 01 0f 84 c9 e7 75
0x00007ffdf360b2f6:   00 65 48 8b 04 25 58 00 00 00 bd 20 00 00 00 48
0x00007ffdf360b306:   8b 04 f0 48 8b 2c 28 48 89 6c 24 28 48 3b 2d 07
0x00007ffdf360b316:   9b cd 00 0f 84 9b 10 00 00 4d 85 ff 0f 84 3a 01
0x00007ffdf360b326:   00 00 0f 1f 84 00 00 00 00 00 49 8b f7 4d 8b e7
0x00007ffdf360b336:   4d 8d b7 48 05 00 00 4d 8b 3e 45 84 ed 0f 85 d9
0x00007ffdf360b346:   0e 00 00 8b 8f d0 01 00 00 48 8b 05 da 84 bd 00
0x00007ffdf360b356:   83 b8 64 03 00 00 02 75 34 4d 8d 84 24 00 01 00
0x00007ffdf360b366:   00 83 f9 10 0f 83 3a 01 00 00 8b c1 48 c1 e0 06
0x00007ffdf360b376:   49 03 c0 48 85 c0 0f 84 9b 01 00 00 48 8b 50 08
0x00007ffdf360b386:   48 3b 95 68 54 03 00 0f 87 b6 0e 00 00 48 83 be
0x00007ffdf360b396:   c0 05 00 00 00 0f 85 50 e7 75 00 44 8b 8f d0 01
0x00007ffdf360b3a6:   00 00 48 8b 87 e8 01 00 00 4c 8b 00 8b 8f d0 01
0x00007ffdf360b3b6:   00 00 48 8d 9e 00 01 00 00 83 f9 10 0f 83 1e 01
0x00007ffdf360b3c6:   00 00 8b c1 48 c1 e0 06 48 03 c3 48 85 c0 0f 84
0x00007ffdf360b3d6:   4a 01 00 00 4c 39 40 08 0f 86 40 01 00 00 48 8b
0x00007ffdf360b3e6:   87 80 02 00 00 49 89 06 48 89 b7 80 02 00 00 ff
0x00007ffdf360b3f6:   87 88 02 00 00 48 8b 4e 08 48 8b 01 ba 01 00 00
0x00007ffdf360b406:   00 48 8b 80 e0 02 00 00 ff 15 f4 c1 88 00 0f b7
0x00007ffdf360b416:   c8 48 2b c1 48 05 00 00 01 00 48 01 87 90 02 00
0x00007ffdf360b426:   00 48 8b 4e 08 48 8b 01 ba 01 00 00 00 48 8b 80
0x00007ffdf360b436:   e0 02 00 00 ff 15 c8 c1 88 00 48 01 87 a0 02 00
0x00007ffdf360b446:   00 0f b6 54 24 20 4d 85 ff 0f 85 db fe ff ff 84
0x00007ffdf360b456:   d2 0f 85 37 0f 00 00 48 8b 5c 24 40 48 8b cf 80
0x00007ffdf360b466:   7c 24 22 00 0f 85 40 0f 00 00 e8 3b f9 ff ff 90
0x00007ffdf360b476:   48 8b cb ff 15 99 bc 88 00 48 8b 8c 24 50 01 00 


Stack slot to memory mapping:
stack at sp + 0 slots: 0x000001f0f0700670 points into unknown readable memory: 0xffffffffffffffff | ff ff ff ff ff ff ff ff
stack at sp + 1 slots: 0x00007ffdf3440ab4 igxelpicd64.dll
stack at sp + 2 slots: 0x0 is NULL
stack at sp + 3 slots: 0x000001f0f230ec60 points into unknown readable memory: 0x0000000000000384 | 84 03 00 00 00 00 00 00
stack at sp + 4 slots: 0x0000001600000000 is an unknown value
stack at sp + 5 slots: 0x0 is NULL
stack at sp + 6 slots: 0x000001f000000000 is an unknown value
stack at sp + 7 slots: 0x000001f0f230ae40 points into unknown readable memory: 0x000001f0f230aeb0 | b0 ae 30 f2 f0 01 00 00

VM_Operation (0x00000072e3bfece0): Exit, mode: safepoint, requested by thread 0x000001f0f06fae10


---------------  P R O C E S S  ---------------

Threads class SMR info:
_java_thread_list=0x000001f0c38db6f0, length=39, elements={
0x000001f0eb8e0720, 0x000001f0eb8e4110, 0x000001f0eb8fd5c0, 0x000001f0eb8ffea0,
0x000001f0eb900770, 0x000001f0eb9017e0, 0x000001f0eb904b90, 0x000001f0eb92a4c0,
0x000001f0eb92f250, 0x000001f0ebba0450, 0x000001f0ebba3560, 0x000001f0ebbb08d0,
0x000001f0ebbb1770, 0x000001f0ebbb80c0, 0x000001f0f00225a0, 0x000001f0f17fdfb0,
0x000001f0f06f8080, 0x000001f0f06fae10, 0x000001f0f06f8590, 0x000001f0f06fb320,
0x000001f0f06f8aa0, 0x000001f0f06f8fb0, 0x000001f0f06f94c0, 0x000001f0c3d7b2a0,
0x000001f0c3d78000, 0x000001f0c3d7a880, 0x000001f0c3d7ad90, 0x000001f0c3d77af0,
0x000001f0c3d79950, 0x000001f0c3d78510, 0x000001f0c3d7a370, 0x000001f0c3d7b7b0,
0x000001f0c3d7c1d0, 0x000001f0c3d7bcc0, 0x000001f0c3d79e60, 0x000001f0c3d78f30,
0x000001f0c3d78a20, 0x000001f0c3d79440, 0x000001f0c3d7e030
}

Java Threads: ( => current thread )
  0x000001f0eb8e0720 JavaThread "Reference Handler" daemon [_thread_blocked, id=11912, stack(0x00000072e1800000,0x00000072e1900000)]
  0x000001f0eb8e4110 JavaThread "Finalizer" daemon [_thread_blocked, id=9952, stack(0x00000072e1900000,0x00000072e1a00000)]
  0x000001f0eb8fd5c0 JavaThread "Signal Dispatcher" daemon [_thread_blocked, id=18424, stack(0x00000072e1a00000,0x00000072e1b00000)]
  0x000001f0eb8ffea0 JavaThread "Attach Listener" daemon [_thread_blocked, id=16980, stack(0x00000072e1b00000,0x00000072e1c00000)]
  0x000001f0eb900770 JavaThread "Service Thread" daemon [_thread_blocked, id=5236, stack(0x00000072e1c00000,0x00000072e1d00000)]
  0x000001f0eb9017e0 JavaThread "Monitor Deflation Thread" daemon [_thread_blocked, id=3668, stack(0x00000072e1d00000,0x00000072e1e00000)]
  0x000001f0eb904b90 JavaThread "C2 CompilerThread0" daemon [_thread_blocked, id=1580, stack(0x00000072e1e00000,0x00000072e1f00000)]
  0x000001f0eb92a4c0 JavaThread "C1 CompilerThread0" daemon [_thread_blocked, id=17752, stack(0x00000072e1f00000,0x00000072e2000000)]
  0x000001f0eb92f250 JavaThread "Sweeper thread" daemon [_thread_blocked, id=17756, stack(0x00000072e2000000,0x00000072e2100000)]
  0x000001f0ebba0450 JavaThread "JDWP Transport Listener: dt_socket" daemon [_thread_blocked, id=5800, stack(0x00000072e2100000,0x00000072e2200000)]
  0x000001f0ebba3560 JavaThread "JDWP Event Helper Thread" daemon [_thread_blocked, id=18312, stack(0x00000072e2200000,0x00000072e2300000)]
  0x000001f0ebbb08d0 JavaThread "JDWP Command Reader" daemon [_thread_blocked, id=17596, stack(0x00000072e2300000,0x00000072e2400000)]
  0x000001f0ebbb1770 JavaThread "Notification Thread" daemon [_thread_blocked, id=16472, stack(0x00000072e2400000,0x00000072e2500000)]
  0x000001f0ebbb80c0 JavaThread "Common-Cleaner" daemon [_thread_blocked, id=11716, stack(0x00000072e2600000,0x00000072e2700000)]
  0x000001f0f00225a0 JavaThread "Java2D Disposer" daemon [_thread_blocked, id=2656, stack(0x00000072e2700000,0x00000072e2800000)]
  0x000001f0f17fdfb0 JavaThread "HighResTimerThread" daemon [_thread_blocked, id=1196, stack(0x00000072e3700000,0x00000072e3800000)]
  0x000001f0f06f8080 JavaThread "DestroyJavaVM" [_thread_blocked, id=18752, stack(0x00000072e1100000,0x00000072e1200000)]
  0x000001f0f06fae10 JavaThread "main-FPSAWTAnimator#00-Timer0-FPSAWTAnimator#00-Timer1" [_thread_blocked, id=11668, stack(0x00000072e3b00000,0x00000072e3c00000)]
  0x000001f0f06f8590 JavaThread "pool-1-thread-1" [_thread_blocked, id=10892, stack(0x00000072e3900000,0x00000072e3a00000)]
  0x000001f0f06fb320 JavaThread "pool-1-thread-2" [_thread_blocked, id=16088, stack(0x00000072e3c00000,0x00000072e3d00000)]
  0x000001f0f06f8aa0 JavaThread "pool-1-thread-3" [_thread_blocked, id=14864, stack(0x00000072e3d00000,0x00000072e3e00000)]
  0x000001f0f06f8fb0 JavaThread "pool-1-thread-4" [_thread_blocked, id=8028, stack(0x00000072e3e00000,0x00000072e3f00000)]
  0x000001f0f06f94c0 JavaThread "pool-1-thread-5" [_thread_blocked, id=8660, stack(0x00000072e3f00000,0x00000072e4000000)]
  0x000001f0c3d7b2a0 JavaThread "pool-1-thread-6" [_thread_blocked, id=11292, stack(0x00000072e4000000,0x00000072e4100000)]
  0x000001f0c3d78000 JavaThread "pool-1-thread-7" [_thread_blocked, id=17428, stack(0x00000072e4100000,0x00000072e4200000)]
  0x000001f0c3d7a880 JavaThread "pool-1-thread-8" [_thread_blocked, id=8432, stack(0x00000072e4200000,0x00000072e4300000)]
  0x000001f0c3d7ad90 JavaThread "pool-1-thread-9" [_thread_blocked, id=16324, stack(0x00000072e4300000,0x00000072e4400000)]
  0x000001f0c3d77af0 JavaThread "pool-1-thread-10" [_thread_blocked, id=12420, stack(0x00000072e4400000,0x00000072e4500000)]
  0x000001f0c3d79950 JavaThread "pool-1-thread-11" [_thread_blocked, id=14156, stack(0x00000072e4500000,0x00000072e4600000)]
  0x000001f0c3d78510 JavaThread "pool-1-thread-12" [_thread_blocked, id=15004, stack(0x00000072e4600000,0x00000072e4700000)]
  0x000001f0c3d7a370 JavaThread "pool-1-thread-13" [_thread_blocked, id=14432, stack(0x00000072e4700000,0x00000072e4800000)]
  0x000001f0c3d7b7b0 JavaThread "pool-1-thread-14" [_thread_blocked, id=11308, stack(0x00000072e4800000,0x00000072e4900000)]
  0x000001f0c3d7c1d0 JavaThread "pool-1-thread-15" [_thread_blocked, id=10160, stack(0x00000072e4900000,0x00000072e4a00000)]
  0x000001f0c3d7bcc0 JavaThread "pool-1-thread-16" [_thread_blocked, id=16664, stack(0x00000072e4a00000,0x00000072e4b00000)]
  0x000001f0c3d79e60 JavaThread "pool-1-thread-17" [_thread_blocked, id=18956, stack(0x00000072e4b00000,0x00000072e4c00000)]
  0x000001f0c3d78f30 JavaThread "pool-1-thread-18" [_thread_blocked, id=5492, stack(0x00000072e4c00000,0x00000072e4d00000)]
  0x000001f0c3d78a20 JavaThread "pool-1-thread-19" [_thread_blocked, id=4432, stack(0x00000072e4d00000,0x00000072e4e00000)]
  0x000001f0c3d79440 JavaThread "pool-1-thread-20" [_thread_blocked, id=10928, stack(0x00000072e4e00000,0x00000072e4f00000)]
  0x000001f0c3d7e030 JavaThread "AWT-Shutdown" [_thread_blocked, id=2404, stack(0x00000072e3800000,0x00000072e3900000)]

Other Threads:
=>0x000001f0eb8dcb40 VMThread "VM Thread" [stack: 0x00000072e1700000,0x00000072e1800000] [id=19028]
  0x000001f0cfabcdb0 GCTaskThread "GC Thread#0" [stack: 0x00000072e1200000,0x00000072e1300000] [id=19320]
  0x000001f0f0778070 GCTaskThread "GC Thread#1" [stack: 0x00000072e2f00000,0x00000072e3000000] [id=16712]
  0x000001f0f0778330 GCTaskThread "GC Thread#2" [stack: 0x00000072e3000000,0x00000072e3100000] [id=6888]
  0x000001f0f07785f0 GCTaskThread "GC Thread#3" [stack: 0x00000072e3100000,0x00000072e3200000] [id=13244]
  0x000001f0f1981020 GCTaskThread "GC Thread#4" [stack: 0x00000072e3200000,0x00000072e3300000] [id=17448]
  0x000001f0f19816f0 GCTaskThread "GC Thread#5" [stack: 0x00000072e3300000,0x00000072e3400000] [id=17304]
  0x000001f0f19b3af0 GCTaskThread "GC Thread#6" [stack: 0x00000072e3400000,0x00000072e3500000] [id=3108]
  0x000001f0f19b7dc0 GCTaskThread "GC Thread#7" [stack: 0x00000072e3500000,0x00000072e3600000] [id=11808]
  0x000001f0cfac6c20 ConcurrentGCThread "G1 Main Marker" terminated
  0x000001f0cfac7550 ConcurrentGCThread "G1 Conc#0" [stack: 0x00000072e1400000,0x00000072e1500000] [id=13172]
  0x000001f0c3928ac0 ConcurrentGCThread "G1 Conc#1" [stack: 0x00000072e5100000,0x00000072e5200000] [id=10620]
  0x000001f0cfb2e910 ConcurrentGCThread "G1 Refine#0" terminated
  0x000001f0c3add7d0 ConcurrentGCThread "G1 Refine#1" terminated
  0x000001f0eb7a64f0 ConcurrentGCThread "G1 Service" terminated

Threads with active compile tasks:

VM state: at safepoint (shutting down)

VM Mutex/Monitor currently owned by a thread:  ([mutex/lock_event])
[0x000001f0cd82a020] Threads_lock - owner thread: 0x000001f0eb8dcb40
[0x000001f0cfa79440] Heap_lock - owner thread: 0x000001f0f06fae10

Heap address: 0x00000000c0000000, size: 1024 MB, Compressed Oops mode: 32-bit

CDS archive(s) mapped at: [0x000001f080000000-0x000001f080bb0000-0x000001f080bb0000), size 12255232, SharedBaseAddress: 0x000001f080000000, ArchiveRelocationMode: 1.
Compressed class space mapped at: 0x000001f081000000-0x000001f0c1000000, reserved size: 1073741824
Narrow klass base: 0x000001f080000000, Narrow klass shift: 0, Narrow klass range: 0x100000000

GC Precious Log:
 CPUs: 8 total, 8 available
 Memory: 7975M
 Large Page Support: Disabled
 NUMA Support: Disabled
 Compressed Oops: Enabled (32-bit)
 Heap Region Size: 1M
 Heap Min Capacity: 64M
 Heap Initial Capacity: 64M
 Heap Max Capacity: 1G
 Pre-touch: Disabled
 Parallel Workers: 8
 Concurrent Workers: 2
 Concurrent Refinement Workers: 8
 Periodic GC: Disabled

Heap:
 garbage-first heap   total 143360K, used 85471K [0x00000000c0000000, 0x0000000100000000)
  region size 1024K, 5 young (5120K), 1 survivors (1024K)
 Metaspace       used 12852K, committed 13056K, reserved 1114112K
  class space    used 918K, committed 1024K, reserved 1048576K

Heap Regions: E=young(eden), S=young(survivor), O=old, HS=humongous(starts), HC=humongous(continues), CS=collection set, F=free, OA=open archive, CA=closed archive, TAMS=top-at-mark-start (previous, next)
|   0|0x00000000c0000000, 0x00000000c0100000, 0x00000000c0100000|100%| O|  |TAMS 0x00000000c0100000, 0x00000000c0000000| Untracked 
|   1|0x00000000c0100000, 0x00000000c0200000, 0x00000000c0200000|100%| O|  |TAMS 0x00000000c0200000, 0x00000000c0100000| Untracked 
|   2|0x00000000c0200000, 0x00000000c0300000, 0x00000000c0300000|100%| O|  |TAMS 0x00000000c0300000, 0x00000000c0200000| Untracked 
|   3|0x00000000c0300000, 0x00000000c0400000, 0x00000000c0400000|100%| O|  |TAMS 0x00000000c0400000, 0x00000000c0300000| Untracked 
|   4|0x00000000c0400000, 0x00000000c0400000, 0x00000000c0500000|  0%| F|  |TAMS 0x00000000c0400000, 0x00000000c0400000| Untracked 
|   5|0x00000000c0500000, 0x00000000c0600000, 0x00000000c0600000|100%| O|  |TAMS 0x00000000c0600000, 0x00000000c0500000| Untracked 
|   6|0x00000000c0600000, 0x00000000c0700000, 0x00000000c0700000|100%| O|  |TAMS 0x00000000c0700000, 0x00000000c0600000| Untracked 
|   7|0x00000000c0700000, 0x00000000c0800000, 0x00000000c0800000|100%| O|  |TAMS 0x00000000c0800000, 0x00000000c0700000| Untracked 
|   8|0x00000000c0800000, 0x00000000c0800000, 0x00000000c0900000|  0%| F|  |TAMS 0x00000000c0800000, 0x00000000c0800000| Untracked 
|   9|0x00000000c0900000, 0x00000000c0a00000, 0x00000000c0a00000|100%| O|  |TAMS 0x00000000c0a00000, 0x00000000c0900000| Untracked 
|  10|0x00000000c0a00000, 0x00000000c0b00000, 0x00000000c0b00000|100%|HS|  |TAMS 0x00000000c0b00000, 0x00000000c0a00000| Complete 
|  11|0x00000000c0b00000, 0x00000000c0c00000, 0x00000000c0c00000|100%|HC|  |TAMS 0x00000000c0c00000, 0x00000000c0b00000| Complete 
|  12|0x00000000c0c00000, 0x00000000c0d00000, 0x00000000c0d00000|100%|HC|  |TAMS 0x00000000c0d00000, 0x00000000c0c00000| Complete 
|  13|0x00000000c0d00000, 0x00000000c0e00000, 0x00000000c0e00000|100%|HC|  |TAMS 0x00000000c0e00000, 0x00000000c0d00000| Complete 
|  14|0x00000000c0e00000, 0x00000000c0f00000, 0x00000000c0f00000|100%|HC|  |TAMS 0x00000000c0f00000, 0x00000000c0e00000| Complete 
|  15|0x00000000c0f00000, 0x00000000c1000000, 0x00000000c1000000|100%|HC|  |TAMS 0x00000000c1000000, 0x00000000c0f00000| Complete 
|  16|0x00000000c1000000, 0x00000000c1100000, 0x00000000c1100000|100%|HC|  |TAMS 0x00000000c1100000, 0x00000000c1000000| Complete 
|  17|0x00000000c1100000, 0x00000000c1200000, 0x00000000c1200000|100%|HC|  |TAMS 0x00000000c1200000, 0x00000000c1100000| Complete 
|  18|0x00000000c1200000, 0x00000000c1300000, 0x00000000c1300000|100%|HC|  |TAMS 0x00000000c1300000, 0x00000000c1200000| Complete 
|  19|0x00000000c1300000, 0x00000000c1400000, 0x00000000c1400000|100%|HC|  |TAMS 0x00000000c1400000, 0x00000000c1300000| Complete 
|  20|0x00000000c1400000, 0x00000000c1500000, 0x00000000c1500000|100%|HC|  |TAMS 0x00000000c1500000, 0x00000000c1400000| Complete 
|  21|0x00000000c1500000, 0x00000000c1600000, 0x00000000c1600000|100%|HC|  |TAMS 0x00000000c1600000, 0x00000000c1500000| Complete 
|  22|0x00000000c1600000, 0x00000000c1700000, 0x00000000c1700000|100%|HC|  |TAMS 0x00000000c1700000, 0x00000000c1600000| Complete 
|  23|0x00000000c1700000, 0x00000000c1800000, 0x00000000c1800000|100%|HC|  |TAMS 0x00000000c1800000, 0x00000000c1700000| Complete 
|  24|0x00000000c1800000, 0x00000000c1900000, 0x00000000c1900000|100%|HC|  |TAMS 0x00000000c1900000, 0x00000000c1800000| Complete 
|  25|0x00000000c1900000, 0x00000000c1a00000, 0x00000000c1a00000|100%|HC|  |TAMS 0x00000000c1a00000, 0x00000000c1900000| Complete 
|  26|0x00000000c1a00000, 0x00000000c1b00000, 0x00000000c1b00000|100%|HC|  |TAMS 0x00000000c1b00000, 0x00000000c1a00000| Complete 
|  27|0x00000000c1b00000, 0x00000000c1c00000, 0x00000000c1c00000|100%| O|  |TAMS 0x00000000c1c00000, 0x00000000c1b00000| Untracked 
|  28|0x00000000c1c00000, 0x00000000c1d00000, 0x00000000c1d00000|100%| O|  |TAMS 0x00000000c1d00000, 0x00000000c1c00000| Untracked 
|  29|0x00000000c1d00000, 0x00000000c1e00000, 0x00000000c1e00000|100%|HS|  |TAMS 0x00000000c1e00000, 0x00000000c1d00000| Complete 
|  30|0x00000000c1e00000, 0x00000000c1f00000, 0x00000000c1f00000|100%|HC|  |TAMS 0x00000000c1f00000, 0x00000000c1e00000| Complete 
|  31|0x00000000c1f00000, 0x00000000c2000000, 0x00000000c2000000|100%|HC|  |TAMS 0x00000000c2000000, 0x00000000c1f00000| Complete 
|  32|0x00000000c2000000, 0x00000000c2100000, 0x00000000c2100000|100%|HC|  |TAMS 0x00000000c2100000, 0x00000000c2000000| Complete 
|  33|0x00000000c2100000, 0x00000000c2200000, 0x00000000c2200000|100%|HC|  |TAMS 0x00000000c2200000, 0x00000000c2100000| Complete 
|  34|0x00000000c2200000, 0x00000000c2300000, 0x00000000c2300000|100%|HS|  |TAMS 0x00000000c2300000, 0x00000000c2200000| Complete 
|  35|0x00000000c2300000, 0x00000000c2400000, 0x00000000c2400000|100%|HC|  |TAMS 0x00000000c2400000, 0x00000000c2300000| Complete 
|  36|0x00000000c2400000, 0x00000000c2500000, 0x00000000c2500000|100%|HC|  |TAMS 0x00000000c2500000, 0x00000000c2400000| Complete 
|  37|0x00000000c2500000, 0x00000000c2600000, 0x00000000c2600000|100%|HC|  |TAMS 0x00000000c2600000, 0x00000000c2500000| Complete 
|  38|0x00000000c2600000, 0x00000000c2700000, 0x00000000c2700000|100%|HC|  |TAMS 0x00000000c2700000, 0x00000000c2600000| Complete 
|  39|0x00000000c2700000, 0x00000000c2800000, 0x00000000c2800000|100%|HC|  |TAMS 0x00000000c2800000, 0x00000000c2700000| Complete 
|  40|0x00000000c2800000, 0x00000000c2900000, 0x00000000c2900000|100%|HC|  |TAMS 0x00000000c2900000, 0x00000000c2800000| Complete 
|  41|0x00000000c2900000, 0x00000000c2a00000, 0x00000000c2a00000|100%|HC|  |TAMS 0x00000000c2a00000, 0x00000000c2900000| Complete 
|  42|0x00000000c2a00000, 0x00000000c2b00000, 0x00000000c2b00000|100%|HC|  |TAMS 0x00000000c2b00000, 0x00000000c2a00000| Complete 
|  43|0x00000000c2b00000, 0x00000000c2c00000, 0x00000000c2c00000|100%|HC|  |TAMS 0x00000000c2c00000, 0x00000000c2b00000| Complete 
|  44|0x00000000c2c00000, 0x00000000c2d00000, 0x00000000c2d00000|100%|HC|  |TAMS 0x00000000c2d00000, 0x00000000c2c00000| Complete 
|  45|0x00000000c2d00000, 0x00000000c2e00000, 0x00000000c2e00000|100%|HC|  |TAMS 0x00000000c2e00000, 0x00000000c2d00000| Complete 
|  46|0x00000000c2e00000, 0x00000000c2f00000, 0x00000000c2f00000|100%|HC|  |TAMS 0x00000000c2f00000, 0x00000000c2e00000| Complete 
|  47|0x00000000c2f00000, 0x00000000c3000000, 0x00000000c3000000|100%|HS|  |TAMS 0x00000000c3000000, 0x00000000c2f00000| Complete 
|  48|0x00000000c3000000, 0x00000000c3100000, 0x00000000c3100000|100%|HC|  |TAMS 0x00000000c3100000, 0x00000000c3000000| Complete 
|  49|0x00000000c3100000, 0x00000000c3200000, 0x00000000c3200000|100%|HC|  |TAMS 0x00000000c3200000, 0x00000000c3100000| Complete 
|  50|0x00000000c3200000, 0x00000000c3300000, 0x00000000c3300000|100%|HC|  |TAMS 0x00000000c3300000, 0x00000000c3200000| Complete 
|  51|0x00000000c3300000, 0x00000000c3400000, 0x00000000c3400000|100%|HC|  |TAMS 0x00000000c3400000, 0x00000000c3300000| Complete 
|  52|0x00000000c3400000, 0x00000000c3500000, 0x00000000c3500000|100%|HC|  |TAMS 0x00000000c3500000, 0x00000000c3400000| Complete 
|  53|0x00000000c3500000, 0x00000000c3600000, 0x00000000c3600000|100%|HC|  |TAMS 0x00000000c3600000, 0x00000000c3500000| Complete 
|  54|0x00000000c3600000, 0x00000000c3700000, 0x00000000c3700000|100%|HC|  |TAMS 0x00000000c3700000, 0x00000000c3600000| Complete 
|  55|0x00000000c3700000, 0x00000000c3800000, 0x00000000c3800000|100%|HC|  |TAMS 0x00000000c3800000, 0x00000000c3700000| Complete 
|  56|0x00000000c3800000, 0x00000000c3900000, 0x00000000c3900000|100%|HS|  |TAMS 0x00000000c3900000, 0x00000000c3800000| Complete 
|  57|0x00000000c3900000, 0x00000000c3a00000, 0x00000000c3a00000|100%|HC|  |TAMS 0x00000000c3a00000, 0x00000000c3900000| Complete 
|  58|0x00000000c3a00000, 0x00000000c3b00000, 0x00000000c3b00000|100%|HC|  |TAMS 0x00000000c3b00000, 0x00000000c3a00000| Complete 
|  59|0x00000000c3b00000, 0x00000000c3c00000, 0x00000000c3c00000|100%|HC|  |TAMS 0x00000000c3c00000, 0x00000000c3b00000| Complete 
|  60|0x00000000c3c00000, 0x00000000c3d00000, 0x00000000c3d00000|100%|HC|  |TAMS 0x00000000c3d00000, 0x00000000c3c00000| Complete 
|  61|0x00000000c3d00000, 0x00000000c3e00000, 0x00000000c3e00000|100%| O|  |TAMS 0x00000000c3e00000, 0x00000000c3d00000| Untracked 
|  62|0x00000000c3e00000, 0x00000000c3e26000, 0x00000000c3f00000| 14%| O|  |TAMS 0x00000000c3e26000, 0x00000000c3e00000| Untracked 
|  63|0x00000000c3f00000, 0x00000000c3f00000, 0x00000000c4000000|  0%| F|  |TAMS 0x00000000c3f00000, 0x00000000c3f00000| Untracked 
|  64|0x00000000c4000000, 0x00000000c4100000, 0x00000000c4100000|100%|HS|  |TAMS 0x00000000c4100000, 0x00000000c4000000| Complete 
|  65|0x00000000c4100000, 0x00000000c4200000, 0x00000000c4200000|100%|HC|  |TAMS 0x00000000c4200000, 0x00000000c4100000| Complete 
|  66|0x00000000c4200000, 0x00000000c4300000, 0x00000000c4300000|100%|HC|  |TAMS 0x00000000c4300000, 0x00000000c4200000| Complete 
|  67|0x00000000c4300000, 0x00000000c4400000, 0x00000000c4400000|100%|HC|  |TAMS 0x00000000c4400000, 0x00000000c4300000| Complete 
|  68|0x00000000c4400000, 0x00000000c4500000, 0x00000000c4500000|100%|HC|  |TAMS 0x00000000c4500000, 0x00000000c4400000| Complete 
|  69|0x00000000c4500000, 0x00000000c4600000, 0x00000000c4600000|100%|HS|  |TAMS 0x00000000c4600000, 0x00000000c4500000| Complete 
|  70|0x00000000c4600000, 0x00000000c4700000, 0x00000000c4700000|100%|HC|  |TAMS 0x00000000c4700000, 0x00000000c4600000| Complete 
|  71|0x00000000c4700000, 0x00000000c4800000, 0x00000000c4800000|100%|HC|  |TAMS 0x00000000c4800000, 0x00000000c4700000| Complete 
|  72|0x00000000c4800000, 0x00000000c4900000, 0x00000000c4900000|100%|HC|  |TAMS 0x00000000c4900000, 0x00000000c4800000| Complete 
|  73|0x00000000c4900000, 0x00000000c4a00000, 0x00000000c4a00000|100%|HC|  |TAMS 0x00000000c4a00000, 0x00000000c4900000| Complete 
|  74|0x00000000c4a00000, 0x00000000c4b00000, 0x00000000c4b00000|100%|HS|  |TAMS 0x00000000c4b00000, 0x00000000c4a00000| Complete 
|  75|0x00000000c4b00000, 0x00000000c4c00000, 0x00000000c4c00000|100%|HC|  |TAMS 0x00000000c4c00000, 0x00000000c4b00000| Complete 
|  76|0x00000000c4c00000, 0x00000000c4d00000, 0x00000000c4d00000|100%|HC|  |TAMS 0x00000000c4d00000, 0x00000000c4c00000| Complete 
|  77|0x00000000c4d00000, 0x00000000c4e00000, 0x00000000c4e00000|100%|HC|  |TAMS 0x00000000c4e00000, 0x00000000c4d00000| Complete 
|  78|0x00000000c4e00000, 0x00000000c4f00000, 0x00000000c4f00000|100%|HC|  |TAMS 0x00000000c4f00000, 0x00000000c4e00000| Complete 
|  79|0x00000000c4f00000, 0x00000000c5000000, 0x00000000c5000000|100%|HS|  |TAMS 0x00000000c5000000, 0x00000000c4f00000| Complete 
|  80|0x00000000c5000000, 0x00000000c5100000, 0x00000000c5100000|100%|HC|  |TAMS 0x00000000c5100000, 0x00000000c5000000| Complete 
|  81|0x00000000c5100000, 0x00000000c5200000, 0x00000000c5200000|100%|HC|  |TAMS 0x00000000c5200000, 0x00000000c5100000| Complete 
|  82|0x00000000c5200000, 0x00000000c5300000, 0x00000000c5300000|100%|HC|  |TAMS 0x00000000c5300000, 0x00000000c5200000| Complete 
|  83|0x00000000c5300000, 0x00000000c5400000, 0x00000000c5400000|100%|HC|  |TAMS 0x00000000c5400000, 0x00000000c5300000| Complete 
|  84|0x00000000c5400000, 0x00000000c5400000, 0x00000000c5500000|  0%| F|  |TAMS 0x00000000c5400000, 0x00000000c5400000| Untracked 
|  85|0x00000000c5500000, 0x00000000c5500000, 0x00000000c5600000|  0%| F|  |TAMS 0x00000000c5500000, 0x00000000c5500000| Untracked 
|  86|0x00000000c5600000, 0x00000000c5600000, 0x00000000c5700000|  0%| F|  |TAMS 0x00000000c5600000, 0x00000000c5600000| Untracked 
|  87|0x00000000c5700000, 0x00000000c5700000, 0x00000000c5800000|  0%| F|  |TAMS 0x00000000c5700000, 0x00000000c5700000| Untracked 
|  88|0x00000000c5800000, 0x00000000c5800000, 0x00000000c5900000|  0%| F|  |TAMS 0x00000000c5800000, 0x00000000c5800000| Untracked 
|  89|0x00000000c5900000, 0x00000000c5900000, 0x00000000c5a00000|  0%| F|  |TAMS 0x00000000c5900000, 0x00000000c5900000| Untracked 
|  90|0x00000000c5a00000, 0x00000000c5a00000, 0x00000000c5b00000|  0%| F|  |TAMS 0x00000000c5a00000, 0x00000000c5a00000| Untracked 
|  91|0x00000000c5b00000, 0x00000000c5b00000, 0x00000000c5c00000|  0%| F|  |TAMS 0x00000000c5b00000, 0x00000000c5b00000| Untracked 
|  92|0x00000000c5c00000, 0x00000000c5c00000, 0x00000000c5d00000|  0%| F|  |TAMS 0x00000000c5c00000, 0x00000000c5c00000| Untracked 
|  93|0x00000000c5d00000, 0x00000000c5d00000, 0x00000000c5e00000|  0%| F|  |TAMS 0x00000000c5d00000, 0x00000000c5d00000| Untracked 
|  94|0x00000000c5e00000, 0x00000000c5e00000, 0x00000000c5f00000|  0%| F|  |TAMS 0x00000000c5e00000, 0x00000000c5e00000| Untracked 
|  95|0x00000000c5f00000, 0x00000000c5f00000, 0x00000000c6000000|  0%| F|  |TAMS 0x00000000c5f00000, 0x00000000c5f00000| Untracked 
|  96|0x00000000c6000000, 0x00000000c6000000, 0x00000000c6100000|  0%| F|  |TAMS 0x00000000c6000000, 0x00000000c6000000| Untracked 
|  97|0x00000000c6100000, 0x00000000c6100000, 0x00000000c6200000|  0%| F|  |TAMS 0x00000000c6100000, 0x00000000c6100000| Untracked 
|  98|0x00000000c6200000, 0x00000000c6200000, 0x00000000c6300000|  0%| F|  |TAMS 0x00000000c6200000, 0x00000000c6200000| Untracked 
|  99|0x00000000c6300000, 0x00000000c6300000, 0x00000000c6400000|  0%| F|  |TAMS 0x00000000c6300000, 0x00000000c6300000| Untracked 
| 100|0x00000000c6400000, 0x00000000c6400000, 0x00000000c6500000|  0%| F|  |TAMS 0x00000000c6400000, 0x00000000c6400000| Untracked 
| 101|0x00000000c6500000, 0x00000000c6500000, 0x00000000c6600000|  0%| F|  |TAMS 0x00000000c6500000, 0x00000000c6500000| Untracked 
| 102|0x00000000c6600000, 0x00000000c6600000, 0x00000000c6700000|  0%| F|  |TAMS 0x00000000c6600000, 0x00000000c6600000| Untracked 
| 103|0x00000000c6700000, 0x00000000c6700000, 0x00000000c6800000|  0%| F|  |TAMS 0x00000000c6700000, 0x00000000c6700000| Untracked 
| 104|0x00000000c6800000, 0x00000000c6800000, 0x00000000c6900000|  0%| F|  |TAMS 0x00000000c6800000, 0x00000000c6800000| Untracked 
| 105|0x00000000c6900000, 0x00000000c6951d60, 0x00000000c6a00000| 31%| S|CS|TAMS 0x00000000c6900000, 0x00000000c6900000| Complete 
| 106|0x00000000c6a00000, 0x00000000c6a00000, 0x00000000c6b00000|  0%| F|  |TAMS 0x00000000c6a00000, 0x00000000c6a00000| Untracked 
| 107|0x00000000c6b00000, 0x00000000c6b00000, 0x00000000c6c00000|  0%| F|  |TAMS 0x00000000c6b00000, 0x00000000c6b00000| Untracked 
| 108|0x00000000c6c00000, 0x00000000c6c00000, 0x00000000c6d00000|  0%| F|  |TAMS 0x00000000c6c00000, 0x00000000c6c00000| Untracked 
| 109|0x00000000c6d00000, 0x00000000c6d00000, 0x00000000c6e00000|  0%| F|  |TAMS 0x00000000c6d00000, 0x00000000c6d00000| Untracked 
| 110|0x00000000c6e00000, 0x00000000c6e00000, 0x00000000c6f00000|  0%| F|  |TAMS 0x00000000c6e00000, 0x00000000c6e00000| Untracked 
| 111|0x00000000c6f00000, 0x00000000c6f00000, 0x00000000c7000000|  0%| F|  |TAMS 0x00000000c6f00000, 0x00000000c6f00000| Untracked 
| 112|0x00000000c7000000, 0x00000000c7000000, 0x00000000c7100000|  0%| F|  |TAMS 0x00000000c7000000, 0x00000000c7000000| Untracked 
| 113|0x00000000c7100000, 0x00000000c7100000, 0x00000000c7200000|  0%| F|  |TAMS 0x00000000c7100000, 0x00000000c7100000| Untracked 
| 114|0x00000000c7200000, 0x00000000c7200000, 0x00000000c7300000|  0%| F|  |TAMS 0x00000000c7200000, 0x00000000c7200000| Untracked 
| 115|0x00000000c7300000, 0x00000000c7300000, 0x00000000c7400000|  0%| F|  |TAMS 0x00000000c7300000, 0x00000000c7300000| Untracked 
| 116|0x00000000c7400000, 0x00000000c7400000, 0x00000000c7500000|  0%| F|  |TAMS 0x00000000c7400000, 0x00000000c7400000| Untracked 
| 117|0x00000000c7500000, 0x00000000c7500000, 0x00000000c7600000|  0%| F|  |TAMS 0x00000000c7500000, 0x00000000c7500000| Untracked 
| 118|0x00000000c7600000, 0x00000000c7600000, 0x00000000c7700000|  0%| F|  |TAMS 0x00000000c7600000, 0x00000000c7600000| Untracked 
| 119|0x00000000c7700000, 0x00000000c7700000, 0x00000000c7800000|  0%| F|  |TAMS 0x00000000c7700000, 0x00000000c7700000| Untracked 
| 120|0x00000000c7800000, 0x00000000c7800000, 0x00000000c7900000|  0%| F|  |TAMS 0x00000000c7800000, 0x00000000c7800000| Untracked 
| 121|0x00000000c7900000, 0x00000000c7900000, 0x00000000c7a00000|  0%| F|  |TAMS 0x00000000c7900000, 0x00000000c7900000| Untracked 
| 122|0x00000000c7a00000, 0x00000000c7a00000, 0x00000000c7b00000|  0%| F|  |TAMS 0x00000000c7a00000, 0x00000000c7a00000| Untracked 
| 123|0x00000000c7b00000, 0x00000000c7b00000, 0x00000000c7c00000|  0%| F|  |TAMS 0x00000000c7b00000, 0x00000000c7b00000| Untracked 
| 124|0x00000000c7c00000, 0x00000000c7c00000, 0x00000000c7d00000|  0%| F|  |TAMS 0x00000000c7c00000, 0x00000000c7c00000| Untracked 
| 125|0x00000000c7d00000, 0x00000000c7d00000, 0x00000000c7e00000|  0%| F|  |TAMS 0x00000000c7d00000, 0x00000000c7d00000| Untracked 
| 126|0x00000000c7e00000, 0x00000000c7e00000, 0x00000000c7f00000|  0%| F|  |TAMS 0x00000000c7e00000, 0x00000000c7e00000| Untracked 
| 127|0x00000000c7f00000, 0x00000000c7f00000, 0x00000000c8000000|  0%| F|  |TAMS 0x00000000c7f00000, 0x00000000c7f00000| Untracked 
| 128|0x00000000c8000000, 0x00000000c8000000, 0x00000000c8100000|  0%| F|  |TAMS 0x00000000c8000000, 0x00000000c8000000| Untracked 
| 129|0x00000000c8100000, 0x00000000c8100000, 0x00000000c8200000|  0%| F|  |TAMS 0x00000000c8100000, 0x00000000c8100000| Untracked 
| 130|0x00000000c8200000, 0x00000000c8200000, 0x00000000c8300000|  0%| F|  |TAMS 0x00000000c8200000, 0x00000000c8200000| Untracked 
| 131|0x00000000c8300000, 0x00000000c8300000, 0x00000000c8400000|  0%| F|  |TAMS 0x00000000c8300000, 0x00000000c8300000| Untracked 
| 132|0x00000000c8400000, 0x00000000c8400000, 0x00000000c8500000|  0%| F|  |TAMS 0x00000000c8400000, 0x00000000c8400000| Untracked 
| 133|0x00000000c8500000, 0x00000000c8500000, 0x00000000c8600000|  0%| F|  |TAMS 0x00000000c8500000, 0x00000000c8500000| Untracked 
| 134|0x00000000c8600000, 0x00000000c8600000, 0x00000000c8700000|  0%| F|  |TAMS 0x00000000c8600000, 0x00000000c8600000| Untracked 
| 135|0x00000000c8700000, 0x00000000c8700000, 0x00000000c8800000|  0%| F|  |TAMS 0x00000000c8700000, 0x00000000c8700000| Untracked 
| 136|0x00000000c8800000, 0x00000000c887e318, 0x00000000c8900000| 49%| E|  |TAMS 0x00000000c8800000, 0x00000000c8800000| Complete 
| 137|0x00000000c8900000, 0x00000000c8a00000, 0x00000000c8a00000|100%| E|CS|TAMS 0x00000000c8900000, 0x00000000c8900000| Complete 
| 138|0x00000000c8a00000, 0x00000000c8b00000, 0x00000000c8b00000|100%| E|CS|TAMS 0x00000000c8a00000, 0x00000000c8a00000| Complete 
| 139|0x00000000c8b00000, 0x00000000c8c00000, 0x00000000c8c00000|100%| E|CS|TAMS 0x00000000c8b00000, 0x00000000c8b00000| Complete 

Card table byte_map: [0x000001f0e6af0000,0x000001f0e6cf0000] _byte_map_base: 0x000001f0e64f0000

Marking Bits (Prev, Next): (CMBitMap*) 0x000001f0cfabe2f0, (CMBitMap*) 0x000001f0cfabe330
 Prev Bits: [0x000001f0e6ef0000, 0x000001f0e7ef0000)
 Next Bits: [0x000001f0e7ef0000, 0x000001f0e8ef0000)

Polling page: 0x000001f0cdbf0000

Metaspace:

Usage:
  Non-class:     11.65 MB used.
      Class:    918.72 KB used.
       Both:     12.55 MB used.

Virtual space:
  Non-class space:       64.00 MB reserved,      11.75 MB ( 18%) committed,  1 nodes.
      Class space:        1.00 GB reserved,       1.00 MB ( <1%) committed,  1 nodes.
             Both:        1.06 GB reserved,      12.75 MB (  1%) committed. 

Chunk freelists:
   Non-Class:  3.95 MB
       Class:  14.91 MB
        Both:  18.86 MB

MaxMetaspaceSize: unlimited
CompressedClassSpaceSize: 1.00 GB
Initial GC threshold: 21.00 MB
Current GC threshold: 21.00 MB
CDS: on
MetaspaceReclaimPolicy: balanced
 - commit_granule_bytes: 65536.
 - commit_granule_words: 8192.
 - virtual_space_node_default_size: 8388608.
 - enlarge_chunks_in_place: 1.
 - new_chunks_are_fully_committed: 0.
 - uncommit_free_chunks: 1.
 - use_allocation_guard: 0.
 - handle_deallocations: 1.


Internal statistics:

num_allocs_failed_limit: 0.
num_arena_births: 106.
num_arena_deaths: 0.
num_vsnodes_births: 2.
num_vsnodes_deaths: 0.
num_space_committed: 200.
num_space_uncommitted: 0.
num_chunks_returned_to_freelist: 0.
num_chunks_taken_from_freelist: 383.
num_chunk_merges: 0.
num_chunk_splits: 300.
num_chunks_enlarged: 238.
num_inconsistent_stats: 0.

CodeHeap 'non-profiled nmethods': size=120000Kb used=704Kb max_used=704Kb free=119295Kb
 bounds [0x000001f0df080000, 0x000001f0df2f0000, 0x000001f0e65b0000]
CodeHeap 'profiled nmethods': size=120000Kb used=2676Kb max_used=2676Kb free=117323Kb
 bounds [0x000001f0d75b0000, 0x000001f0d7850000, 0x000001f0deae0000]
CodeHeap 'non-nmethods': size=5760Kb used=1613Kb max_used=1682Kb free=4146Kb
 bounds [0x000001f0deae0000, 0x000001f0ded50000, 0x000001f0df080000]
 total_blobs=2366 nmethods=1428 adapters=851
 compilation: enabled
              stopped_count=0, restarted_count=0
 full_count=0

Compilation events (20 events):
Event: 4.953 Thread 0x000001f0eb92a4c0 1419       3       jdk.internal.misc.Unsafe::copyMemoryChecks (21 bytes)
Event: 4.954 Thread 0x000001f0eb92a4c0 nmethod 1419 0x000001f0d7842690 code [0x000001f0d7842960, 0x000001f0d78436c8]
Event: 5.014 Thread 0x000001f0eb92a4c0 1420   !   3       jogamp.common.util.locks.RecursiveLockImpl01Unfairish::lock (124 bytes)
Event: 5.015 Thread 0x000001f0eb92a4c0 nmethod 1420 0x000001f0d7843d10 code [0x000001f0d7844040, 0x000001f0d7845158]
Event: 5.015 Thread 0x000001f0eb92a4c0 1421   !   3       jogamp.common.util.locks.RecursiveLockImpl01Unfairish::tryLock (582 bytes)
Event: 5.015 Thread 0x000001f0eb92a4c0 nmethod 1421 0x000001f0d7845b90 code [0x000001f0d7845e20, 0x000001f0d7847118]
Event: 5.058 Thread 0x000001f0eb92a4c0 1422       3       processing.core.PMatrix3D::set (127 bytes)
Event: 5.059 Thread 0x000001f0eb92a4c0 nmethod 1422 0x000001f0d7847790 code [0x000001f0d78479a0, 0x000001f0d7847f98]
Event: 5.062 Thread 0x000001f0eb92a4c0 1423   !   3       jogamp.common.util.locks.RecursiveLockImpl01Unfairish::unlock (23 bytes)
Event: 5.062 Thread 0x000001f0eb92a4c0 nmethod 1423 0x000001f0d7848110 code [0x000001f0d78482c0, 0x000001f0d78485a8]
Event: 5.062 Thread 0x000001f0eb92a4c0 1424   !   3       jogamp.common.util.locks.RecursiveLockImpl01Unfairish::unlock (196 bytes)
Event: 5.063 Thread 0x000001f0eb92a4c0 nmethod 1424 0x000001f0d7848710 code [0x000001f0d7848920, 0x000001f0d78490b8]
Event: 5.112 Thread 0x000001f0eb92a4c0 1425       3       com.jogamp.common.nio.Buffers::isDirect (69 bytes)
Event: 5.113 Thread 0x000001f0eb92a4c0 nmethod 1425 0x000001f0d7849490 code [0x000001f0d7849740, 0x000001f0d784a568]
Event: 5.113 Thread 0x000001f0eb92a4c0 1426       3       com.jogamp.common.nio.Buffers::getDirectBufferByteOffset (160 bytes)
Event: 5.114 Thread 0x000001f0eb92a4c0 nmethod 1426 0x000001f0d784a990 code [0x000001f0d784aca0, 0x000001f0d784c488]
Event: 5.199 Thread 0x000001f0eb92a4c0 1427       3       jdk.internal.misc.Unsafe::getAndAddLong (27 bytes)
Event: 5.199 Thread 0x000001f0eb92a4c0 nmethod 1427 0x000001f0d784c890 code [0x000001f0d784ca40, 0x000001f0d784cc88]
Event: 5.199 Thread 0x000001f0eb92a4c0 1428       3       jdk.internal.misc.Unsafe::weakCompareAndSetLong (11 bytes)
Event: 5.199 Thread 0x000001f0eb92a4c0 nmethod 1428 0x000001f0d784cd90 code [0x000001f0d784cf20, 0x000001f0d784d058]

GC Heap History (20 events):
Event: 2.175 GC heap before
{Heap before GC invocations=1 (full 0):
 garbage-first heap   total 65536K, used 32586K [0x00000000c0000000, 0x0000000100000000)
  region size 1024K, 31 young (31744K), 3 survivors (3072K)
 Metaspace       used 12533K, committed 12736K, reserved 1114112K
  class space    used 905K, committed 1024K, reserved 1048576K
}
Event: 2.183 GC heap after
{Heap after GC invocations=2 (full 0):
 garbage-first heap   total 65536K, used 11508K [0x00000000c0000000, 0x0000000100000000)
  region size 1024K, 4 young (4096K), 4 survivors (4096K)
 Metaspace       used 12533K, committed 12736K, reserved 1114112K
  class space    used 905K, committed 1024K, reserved 1048576K
}
Event: 2.193 GC heap before
{Heap before GC invocations=2 (full 0):
 garbage-first heap   total 65536K, used 29940K [0x00000000c0000000, 0x0000000100000000)
  region size 1024K, 6 young (6144K), 4 survivors (4096K)
 Metaspace       used 12535K, committed 12736K, reserved 1114112K
  class space    used 905K, committed 1024K, reserved 1048576K
}
Event: 2.196 GC heap after
{Heap after GC invocations=3 (full 0):
 garbage-first heap   total 65536K, used 30128K [0x00000000c0000000, 0x0000000100000000)
  region size 1024K, 1 young (1024K), 1 survivors (1024K)
 Metaspace       used 12535K, committed 12736K, reserved 1114112K
  class space    used 905K, committed 1024K, reserved 1048576K
}
Event: 2.463 GC heap before
{Heap before GC invocations=4 (full 0):
 garbage-first heap   total 99328K, used 91568K [0x00000000c0000000, 0x0000000100000000)
  region size 1024K, 10 young (10240K), 1 survivors (1024K)
 Metaspace       used 12693K, committed 12928K, reserved 1114112K
  class space    used 913K, committed 1024K, reserved 1048576K
}
Event: 2.465 GC heap after
{Heap after GC invocations=5 (full 0):
 garbage-first heap   total 99328K, used 84283K [0x00000000c0000000, 0x0000000100000000)
  region size 1024K, 2 young (2048K), 2 survivors (2048K)
 Metaspace       used 12693K, committed 12928K, reserved 1114112K
  class space    used 913K, committed 1024K, reserved 1048576K
}
Event: 2.517 GC heap before
{Heap before GC invocations=5 (full 0):
 garbage-first heap   total 99328K, used 86331K [0x00000000c0000000, 0x0000000100000000)
  region size 1024K, 4 young (4096K), 2 survivors (2048K)
 Metaspace       used 12702K, committed 12928K, reserved 1114112K
  class space    used 913K, committed 1024K, reserved 1048576K
}
Event: 2.518 GC heap after
{Heap after GC invocations=6 (full 0):
 garbage-first heap   total 99328K, used 83394K [0x00000000c0000000, 0x0000000100000000)
  region size 1024K, 1 young (1024K), 1 survivors (1024K)
 Metaspace       used 12702K, committed 12928K, reserved 1114112K
  class space    used 913K, committed 1024K, reserved 1048576K
}
Event: 2.574 GC heap before
{Heap before GC invocations=6 (full 0):
 garbage-first heap   total 99328K, used 86466K [0x00000000c0000000, 0x0000000100000000)
  region size 1024K, 4 young (4096K), 1 survivors (1024K)
 Metaspace       used 12707K, committed 12928K, reserved 1114112K
  class space    used 913K, committed 1024K, reserved 1048576K
}
Event: 2.575 GC heap after
{Heap after GC invocations=7 (full 0):
 garbage-first heap   total 99328K, used 83516K [0x00000000c0000000, 0x0000000100000000)
  region size 1024K, 1 young (1024K), 1 survivors (1024K)
 Metaspace       used 12707K, committed 12928K, reserved 1114112K
  class space    used 913K, committed 1024K, reserved 1048576K
}
Event: 2.633 GC heap before
{Heap before GC invocations=8 (full 0):
 garbage-first heap   total 142336K, used 85564K [0x00000000c0000000, 0x0000000100000000)
  region size 1024K, 4 young (4096K), 1 survivors (1024K)
 Metaspace       used 12712K, committed 12928K, reserved 1114112K
  class space    used 913K, committed 1024K, reserved 1048576K
}
Event: 2.634 GC heap after
{Heap after GC invocations=9 (full 0):
 garbage-first heap   total 142336K, used 82633K [0x00000000c0000000, 0x0000000100000000)
  region size 1024K, 1 young (1024K), 1 survivors (1024K)
 Metaspace       used 12712K, committed 12928K, reserved 1114112K
  class space    used 913K, committed 1024K, reserved 1048576K
}
Event: 3.186 GC heap before
{Heap before GC invocations=9 (full 0):
 garbage-first heap   total 142336K, used 111305K [0x00000000c0000000, 0x0000000100000000)
  region size 1024K, 29 young (29696K), 1 survivors (1024K)
 Metaspace       used 12757K, committed 12928K, reserved 1114112K
  class space    used 914K, committed 1024K, reserved 1048576K
}
Event: 3.188 GC heap after
{Heap after GC invocations=10 (full 0):
 garbage-first heap   total 142336K, used 82918K [0x00000000c0000000, 0x0000000100000000)
  region size 1024K, 1 young (1024K), 1 survivors (1024K)
 Metaspace       used 12757K, committed 12928K, reserved 1114112K
  class space    used 914K, committed 1024K, reserved 1048576K
}
Event: 3.788 GC heap before
{Heap before GC invocations=11 (full 0):
 garbage-first heap   total 143360K, used 113638K [0x00000000c0000000, 0x0000000100000000)
  region size 1024K, 31 young (31744K), 1 survivors (1024K)
 Metaspace       used 12780K, committed 12992K, reserved 1114112K
  class space    used 914K, committed 1024K, reserved 1048576K
}
Event: 3.790 GC heap after
{Heap after GC invocations=12 (full 0):
 garbage-first heap   total 143360K, used 82729K [0x00000000c0000000, 0x0000000100000000)
  region size 1024K, 1 young (1024K), 1 survivors (1024K)
 Metaspace       used 12780K, committed 12992K, reserved 1114112K
  class space    used 914K, committed 1024K, reserved 1048576K
}
Event: 4.424 GC heap before
{Heap before GC invocations=12 (full 0):
 garbage-first heap   total 143360K, used 117545K [0x00000000c0000000, 0x0000000100000000)
  region size 1024K, 35 young (35840K), 1 survivors (1024K)
 Metaspace       used 12787K, committed 12992K, reserved 1114112K
  class space    used 914K, committed 1024K, reserved 1048576K
}
Event: 4.426 GC heap after
{Heap after GC invocations=13 (full 0):
 garbage-first heap   total 143360K, used 83672K [0x00000000c0000000, 0x0000000100000000)
  region size 1024K, 2 young (2048K), 2 survivors (2048K)
 Metaspace       used 12787K, committed 12992K, reserved 1114112K
  class space    used 914K, committed 1024K, reserved 1048576K
}
Event: 5.116 GC heap before
{Heap before GC invocations=14 (full 0):
 garbage-first heap   total 143360K, used 118488K [0x00000000c0000000, 0x0000000100000000)
  region size 1024K, 36 young (36864K), 2 survivors (2048K)
 Metaspace       used 12807K, committed 12992K, reserved 1114112K
  class space    used 914K, committed 1024K, reserved 1048576K
}
Event: 5.117 GC heap after
{Heap after GC invocations=15 (full 0):
 garbage-first heap   total 143360K, used 82399K [0x00000000c0000000, 0x0000000100000000)
  region size 1024K, 1 young (1024K), 1 survivors (1024K)
 Metaspace       used 12807K, committed 12992K, reserved 1114112K
  class space    used 914K, committed 1024K, reserved 1048576K
}

Dll operation events (14 events):
Event: 0.007 Loaded shared library C:\Program Files\Processing\app\resources\jdk-17.0.14+7\bin\java.dll
Event: 0.020 Loaded shared library C:\Program Files\Processing\app\resources\jdk-17.0.14+7\bin\jsvml.dll
Event: 0.085 Loaded shared library C:\Program Files\Processing\app\resources\jdk-17.0.14+7\bin\net.dll
Event: 0.086 Loaded shared library C:\Program Files\Processing\app\resources\jdk-17.0.14+7\bin\nio.dll
Event: 0.089 Loaded shared library C:\Program Files\Processing\app\resources\jdk-17.0.14+7\bin\zip.dll
Event: 0.145 Loaded shared library C:\Program Files\Processing\app\resources\jdk-17.0.14+7\bin\jimage.dll
Event: 0.148 Loaded shared library C:\Program Files\Processing\app\resources\jdk-17.0.14+7\bin\awt.dll
Event: 0.610 Loaded shared library C:\Users\danil\AppData\Local\Temp\jogamp_0000\file_cache\jln10206529564426301255\jln17401461386107082682\natives\windows-amd64\gluegen_rt.dll
Event: 0.618 Loaded shared library C:\Program Files\Processing\app\resources\jdk-17.0.14+7\bin\jawt.dll
Event: 0.633 Loaded shared library C:\Users\danil\AppData\Local\Temp\jogamp_0000\file_cache\jln10206529564426301255\jln17401461386107082682\natives\windows-amd64\nativewindow_awt.dll
Event: 0.667 Loaded shared library C:\Users\danil\AppData\Local\Temp\jogamp_0000\file_cache\jln10206529564426301255\jln17401461386107082682\natives\windows-amd64\nativewindow_win32.dll
Event: 0.773 Loaded shared library C:\Users\danil\AppData\Local\Temp\jogamp_0000\file_cache\jln10206529564426301255\jln17401461386107082682\natives\windows-amd64\jogl_desktop.dll
Event: 0.993 Loaded shared library C:\Users\danil\AppData\Local\Temp\jogamp_0000\file_cache\jln10206529564426301255\jln17401461386107082682\natives\windows-amd64\jogl_mobile.dll
Event: 1.899 Loaded shared library C:\Users\danil\AppData\Local\Temp\jogamp_0000\file_cache\jln10206529564426301255\jln17401461386107082682\natives\windows-amd64\newt_head.dll

Deoptimization events (20 events):
Event: 2.366 Thread 0x000001f0f06fae10 DEOPT PACKING pc=0x000001f0d77bbfdb sp=0x00000072e3bfeb00
Event: 2.366 Thread 0x000001f0f06fae10 DEOPT UNPACKING pc=0x000001f0deb3ace3 sp=0x00000072e3bfe070 mode 0
Event: 2.367 Thread 0x000001f0f06fae10 DEOPT PACKING pc=0x000001f0d77bbfdb sp=0x00000072e3bfeb00
Event: 2.367 Thread 0x000001f0f06fae10 DEOPT UNPACKING pc=0x000001f0deb3ace3 sp=0x00000072e3bfe070 mode 0
Event: 2.368 Thread 0x000001f0f06fae10 Uncommon trap: trap_request=0xffffff45 fr.pc=0x000001f0df10104c relative=0x0000000000000fcc
Event: 2.368 Thread 0x000001f0f06fae10 Uncommon trap: reason=unstable_if action=reinterpret pc=0x000001f0df10104c method=processing.opengl.PGraphicsOpenGL$Tessellator.tessellateRoundPoints2D(III)V @ 126 c2
Event: 2.368 Thread 0x000001f0f06fae10 DEOPT PACKING pc=0x000001f0df10104c sp=0x00000072e3bfebb0
Event: 2.368 Thread 0x000001f0f06fae10 DEOPT UNPACKING pc=0x000001f0deb3a1a3 sp=0x00000072e3bfeb70 mode 2
Event: 2.385 Thread 0x000001f0f06fae10 DEOPT PACKING pc=0x000001f0d77bbf7c sp=0x00000072e3bfeb00
Event: 2.385 Thread 0x000001f0f06fae10 DEOPT UNPACKING pc=0x000001f0deb3ace3 sp=0x00000072e3bfe070 mode 0
Event: 2.439 Thread 0x000001f0f06fae10 DEOPT PACKING pc=0x000001f0d77bde34 sp=0x00000072e3bfeb80
Event: 2.439 Thread 0x000001f0f06fae10 DEOPT UNPACKING pc=0x000001f0deb3ace3 sp=0x00000072e3bfe070 mode 0
Event: 2.457 Thread 0x000001f0f06fae10 DEOPT PACKING pc=0x000001f0d77fd4de sp=0x00000072e3bfedc0
Event: 2.457 Thread 0x000001f0f06fae10 DEOPT UNPACKING pc=0x000001f0deb3ace3 sp=0x00000072e3bfe330 mode 0
Event: 2.551 Thread 0x000001f0c3d79950 DEOPT PACKING pc=0x000001f0d78029d2 sp=0x00000072e45fedc0
Event: 2.551 Thread 0x000001f0c3d79950 DEOPT UNPACKING pc=0x000001f0deb3ace3 sp=0x00000072e45fe2d0 mode 0
Event: 5.189 Thread 0x000001f0f01177d0 Uncommon trap: trap_request=0xffffff45 fr.pc=0x000001f0df0f8ee8 relative=0x00000000000001e8
Event: 5.189 Thread 0x000001f0f01177d0 Uncommon trap: reason=unstable_if action=reinterpret pc=0x000001f0df0f8ee8 method=java.util.HashMap$HashIterator.<init>(Ljava/util/HashMap;)V @ 38 c2
Event: 5.189 Thread 0x000001f0f01177d0 DEOPT PACKING pc=0x000001f0df0f8ee8 sp=0x00000072e2bfeec0
Event: 5.189 Thread 0x000001f0f01177d0 DEOPT UNPACKING pc=0x000001f0deb3a1a3 sp=0x00000072e2bfee68 mode 2

Classes loaded (20 events):
Event: 2.125 Loading class java/util/concurrent/Callable done
Event: 2.125 Loading class java/util/concurrent/Executors$RunnableAdapter done
Event: 2.126 Loading class java/util/concurrent/ThreadPoolExecutor$Worker
Event: 2.126 Loading class java/util/concurrent/ThreadPoolExecutor$Worker done
Event: 2.127 Loading class java/util/concurrent/locks/AbstractQueuedSynchronizer$SharedNode
Event: 2.128 Loading class java/util/concurrent/locks/AbstractQueuedSynchronizer$SharedNode done
Event: 2.260 Loading class sun/nio/cs/StreamDecoder
Event: 2.260 Loading class sun/nio/cs/StreamDecoder done
Event: 2.261 Loading class java/util/regex/Pattern$LookBehindEndNode
Event: 2.261 Loading class java/util/regex/Pattern$LookBehindEndNode done
Event: 2.261 Loading class java/util/regex/Pattern$NotBehind
Event: 2.261 Loading class java/util/regex/Pattern$NotBehind done
Event: 2.262 Loading class java/util/regex/Pattern$Neg
Event: 2.262 Loading class java/util/regex/Pattern$Neg done
Event: 2.262 Loading class java/util/regex/Pattern$Pos
Event: 2.262 Loading class java/util/regex/Pattern$Pos done
Event: 2.273 Loading class java/util/regex/Pattern$SliceS
Event: 2.273 Loading class java/util/regex/Pattern$SliceS done
Event: 5.167 Loading class java/nio/channels/ClosedChannelException
Event: 5.167 Loading class java/nio/channels/ClosedChannelException done

Classes unloaded (0 events):
No events

Classes redefined (0 events):
No events

Internal exceptions (19 events):
Event: 0.127 Thread 0x000001f0cfa7b1c0 Exception <a 'java/lang/NoSuchMethodError'{0x00000000c3ce6298}: 'void java.lang.invoke.DirectMethodHandle$Holder.invokeStatic(java.lang.Object, java.lang.Object, java.lang.Object)'> (0x00000000c3ce6298) 
thrown [s\src\hotspot\share\interpreter\linkResolver.cpp, line 759]
Event: 0.137 Thread 0x000001f0cfa7b1c0 Exception <a 'java/lang/ClassNotFoundException'{0x00000000c3b0de00}: sun/awt/resources/spi/awtProvider> (0x00000000c3b0de00) 
thrown [s\src\hotspot\share\classfile\systemDictionary.cpp, line 256]
Event: 0.160 Thread 0x000001f0cfa7b1c0 Exception <a 'java/io/FileNotFoundException'{0x00000000c3b63740}> (0x00000000c3b63740) 
thrown [s\src\hotspot\share\prims\jni.cpp, line 516]
Event: 0.168 Thread 0x000001f0cfa7b1c0 Exception <a 'java/io/FileNotFoundException'{0x00000000c3b90b88}> (0x00000000c3b90b88) 
thrown [s\src\hotspot\share\prims\jni.cpp, line 516]
Event: 0.216 Thread 0x000001f0cfa7b1c0 Exception <a 'java/lang/NoSuchMethodError'{0x00000000c3a3e218}: 'java.lang.Object java.lang.invoke.DirectMethodHandle$Holder.invokeStaticInit(java.lang.Object)'> (0x00000000c3a3e218) 
thrown [s\src\hotspot\share\interpreter\linkResolver.cpp, line 759]
Event: 0.350 Thread 0x000001f0cfa7b1c0 Exception <a 'java/lang/NoSuchMethodError'{0x00000000c364c1d0}: 'java.lang.Object java.lang.invoke.DirectMethodHandle$Holder.invokeStaticInit(java.lang.Object, int, int, int, int)'> (0x00000000c364c1d0) 
thrown [s\src\hotspot\share\interpreter\linkResolver.cpp, line 759]
Event: 0.401 Thread 0x000001f0cfa7b1c0 Exception <a 'java/lang/NoSuchMethodError'{0x00000000c3534040}: 'java.lang.Object java.lang.invoke.DirectMethodHandle$Holder.invokeStaticInit(java.lang.Object, java.lang.Object, int, int, int, int)'> (0x00000000c3534040) 
thrown [s\src\hotspot\share\interpreter\linkResolver.cpp, line 759]
Event: 0.464 Thread 0x000001f0cfa7b1c0 Exception <a 'java/lang/NoSuchMethodError'{0x00000000c353f6e0}: 'void java.lang.invoke.DirectMethodHandle$Holder.invokeStatic(java.lang.Object, long)'> (0x00000000c353f6e0) 
thrown [s\src\hotspot\share\interpreter\linkResolver.cpp, line 759]
Event: 0.466 Thread 0x000001f0cfa7b1c0 Exception <a 'java/lang/NoSuchMethodError'{0x00000000c3544cc0}: 'java.lang.Object java.lang.invoke.DirectMethodHandle$Holder.newInvokeSpecial(java.lang.Object, long)'> (0x00000000c3544cc0) 
thrown [s\src\hotspot\share\interpreter\linkResolver.cpp, line 759]
Event: 0.468 Thread 0x000001f0cfa7b1c0 Exception <a 'java/lang/NoSuchMethodError'{0x00000000c354f4d8}: 'java.lang.Object java.lang.invoke.DirectMethodHandle$Holder.invokeStaticInit(java.lang.Object, java.lang.Object, long, java.lang.Object)'> (0x00000000c354f4d8) 
thrown [s\src\hotspot\share\interpreter\linkResolver.cpp, line 759]
Event: 0.469 Thread 0x000001f0cfa7b1c0 Exception <a 'java/lang/NoSuchMethodError'{0x00000000c3555a98}: 'java.lang.Object java.lang.invoke.DirectMethodHandle$Holder.newInvokeSpecial(java.lang.Object, java.lang.Object, long)'> (0x00000000c3555a98) 
thrown [s\src\hotspot\share\interpreter\linkResolver.cpp, line 759]
Event: 0.469 Thread 0x000001f0cfa7b1c0 Exception <a 'java/lang/NoSuchMethodError'{0x00000000c3559608}: 'java.lang.Object java.lang.invoke.Invokers$Holder.linkToTargetMethod(java.lang.Object, long, java.lang.Object)'> (0x00000000c3559608) 
thrown [s\src\hotspot\share\interpreter\linkResolver.cpp, line 759]
Event: 0.645 Thread 0x000001f0cfa7b1c0 Exception <a 'java/lang/NoSuchMethodError'{0x00000000c34c9f58}: 'java.lang.Object java.lang.invoke.DirectMethodHandle$Holder.invokeInterface(java.lang.Object, java.lang.Object)'> (0x00000000c34c9f58) 
thrown [s\src\hotspot\share\interpreter\linkResolver.cpp, line 759]
Event: 0.645 Thread 0x000001f0cfa7b1c0 Exception <a 'java/lang/IncompatibleClassChangeError'{0x00000000c34cd878}: Found class java.lang.Object, but interface was expected> (0x00000000c34cd878) 
thrown [s\src\hotspot\share\interpreter\linkResolver.cpp, line 826]
Event: 1.997 Thread 0x000001f0cfa7b1c0 Exception <a 'java/lang/NoSuchMethodError'{0x00000000c33f27d0}: 'void java.lang.invoke.DirectMethodHandle$Holder.invokeSpecial(java.lang.Object, java.lang.Object, java.lang.Object, java.lang.Object, java.lang.Object)'> (0x00000000c33f27d0) 
thrown [s\src\hotspot\share\interpreter\linkResolver.cpp, line 759]
Event: 1.998 Thread 0x000001f0cfa7b1c0 Exception <a 'java/lang/NoSuchMethodError'{0x00000000c33fb790}: 'void java.lang.invoke.DirectMethodHandle$Holder.invokeSpecial(java.lang.Object, java.lang.Object, java.lang.Object)'> (0x00000000c33fb790) 
thrown [s\src\hotspot\share\interpreter\linkResolver.cpp, line 759]
Event: 1.999 Thread 0x000001f0cfa7b1c0 Exception <a 'java/lang/NoSuchMethodError'{0x00000000c3201d50}: 'void java.lang.invoke.DirectMethodHandle$Holder.invokeSpecial(java.lang.Object, java.lang.Object, int)'> (0x00000000c3201d50) 
thrown [s\src\hotspot\share\interpreter\linkResolver.cpp, line 759]
Event: 2.000 Thread 0x000001f0cfa7b1c0 Exception <a 'java/lang/NoSuchMethodError'{0x00000000c3207d68}: 'java.lang.Object java.lang.invoke.DirectMethodHandle$Holder.newInvokeSpecial(java.lang.Object, java.lang.Object, int)'> (0x00000000c3207d68) 
thrown [s\src\hotspot\share\interpreter\linkResolver.cpp, line 759]
Event: 5.167 Thread 0x000001f0f17fee30 Exception <a 'java/lang/InterruptedException'{0x00000000c898f460}> (0x00000000c898f460) 
thrown [s\src\hotspot\share\runtime\objectMonitor.cpp, line 1658]

VM Operations (20 events):
Event: 2.588 Executing VM operation: G1PauseCleanup done
Event: 2.633 Executing VM operation: G1CollectForAllocation
Event: 2.634 Executing VM operation: G1CollectForAllocation done
Event: 3.186 Executing VM operation: G1CollectForAllocation
Event: 3.188 Executing VM operation: G1CollectForAllocation done
Event: 3.196 Executing VM operation: G1PauseRemark
Event: 3.197 Executing VM operation: G1PauseRemark done
Event: 3.199 Executing VM operation: G1PauseCleanup
Event: 3.199 Executing VM operation: G1PauseCleanup done
Event: 3.788 Executing VM operation: G1CollectForAllocation
Event: 3.790 Executing VM operation: G1CollectForAllocation done
Event: 4.424 Executing VM operation: G1CollectForAllocation
Event: 4.426 Executing VM operation: G1CollectForAllocation done
Event: 4.434 Executing VM operation: G1PauseRemark
Event: 4.435 Executing VM operation: G1PauseRemark done
Event: 4.438 Executing VM operation: G1PauseCleanup
Event: 4.438 Executing VM operation: G1PauseCleanup done
Event: 5.116 Executing VM operation: G1CollectForAllocation
Event: 5.117 Executing VM operation: G1CollectForAllocation done
Event: 5.269 Executing VM operation: Exit

Memory protections (0 events):
No events

Nmethod flushes (0 events):
No events

Events (20 events):
Event: 2.127 Thread 0x000001f0f06fae10 Thread added: 0x000001f0c3d7bcc0
Event: 2.127 Thread 0x000001f0f06fae10 Thread added: 0x000001f0c3d79e60
Event: 2.127 Thread 0x000001f0f06fae10 Thread added: 0x000001f0c3d78f30
Event: 2.127 Thread 0x000001f0f06fae10 Thread added: 0x000001f0c3d78a20
Event: 2.127 Thread 0x000001f0f06fae10 Thread added: 0x000001f0c3d79440
Event: 2.173 Thread 0x000001f0f227a110 Thread added: 0x000001f0c38acf10
Event: 2.535 Thread 0x000001f0c38acf10 Thread exited: 0x000001f0c38acf10
Event: 2.662 Thread 0x000001f0f227a110 Thread exited: 0x000001f0f227a110
Event: 5.167 Thread 0x000001f0f06fae10 Thread added: 0x000001f0c3d7ef60
Event: 5.167 Thread 0x000001f0f06fae10 Thread added: 0x000001f0c3d7c6e0
Event: 5.167 Thread 0x000001f0f06fae10 Thread added: 0x000001f0c3d7db20
Event: 5.167 Thread 0x000001f0f17fee30 Thread exited: 0x000001f0f17fee30
Event: 5.167 Thread 0x000001f0f0072860 Thread added: 0x000001f0c3d7e030
Event: 5.168 Thread 0x000001f0c3d7db20 Thread exited: 0x000001f0c3d7db20
Event: 5.168 Thread 0x000001f0f22746b0 Thread exited: 0x000001f0f22746b0
Event: 5.170 Thread 0x000001f0f0072860 Thread exited: 0x000001f0f0072860
Event: 5.196 Thread 0x000001f0f01177d0 Thread exited: 0x000001f0f01177d0
Event: 5.199 Thread 0x000001f0c3d7ef60 Thread exited: 0x000001f0c3d7ef60
Event: 5.268 Thread 0x000001f0c3d7c6e0 Thread exited: 0x000001f0c3d7c6e0
Event: 5.268 Thread 0x000001f0f06fae10 Before exit entered


Dynamic libraries:
0x00007ff705240000 - 0x00007ff70524e000 	C:\Program Files\Processing\app\resources\jdk-17.0.14+7\bin\java.exe
0x00007ffe8d7a0000 - 0x00007ffe8da07000 	C:\WINDOWS\SYSTEM32\ntdll.dll
0x00007ffe8bad0000 - 0x00007ffe8bb99000 	C:\WINDOWS\System32\KERNEL32.DLL
0x00007ffe8afe0000 - 0x00007ffe8b3d7000 	C:\WINDOWS\System32\KERNELBASE.dll
0x00007ffe8ac60000 - 0x00007ffe8adab000 	C:\WINDOWS\System32\ucrtbase.dll
0x00007ffe85b20000 - 0x00007ffe85b37000 	C:\Program Files\Processing\app\resources\jdk-17.0.14+7\bin\jli.dll
0x00007ffe878f0000 - 0x00007ffe8790e000 	C:\Program Files\Processing\app\resources\jdk-17.0.14+7\bin\VCRUNTIME140.dll
0x00007ffe8b720000 - 0x00007ffe8b8e6000 	C:\WINDOWS\System32\USER32.dll
0x00007ffe8a290000 - 0x00007ffe8a2b7000 	C:\WINDOWS\System32\win32u.dll
0x00007ffe73250000 - 0x00007ffe734e2000 	C:\WINDOWS\WinSxS\amd64_microsoft.windows.common-controls_6595b64144ccf1df_6.0.26100.8457_none_3e0b2faee331e92d\COMCTL32.dll
0x00007ffe8b960000 - 0x00007ffe8ba09000 	C:\WINDOWS\System32\msvcrt.dll
0x00007ffe8d080000 - 0x00007ffe8d0ab000 	C:\WINDOWS\System32\GDI32.dll
0x00007ffe8a2c0000 - 0x00007ffe8a3ec000 	C:\WINDOWS\System32\gdi32full.dll
0x00007ffe8b470000 - 0x00007ffe8b513000 	C:\WINDOWS\System32\msvcp_win.dll
0x00007ffe8d720000 - 0x00007ffe8d752000 	C:\WINDOWS\System32\IMM32.DLL
0x00007ffe879f0000 - 0x00007ffe879fc000 	C:\Program Files\Processing\app\resources\jdk-17.0.14+7\bin\vcruntime140_1.dll
0x00007ffe6d880000 - 0x00007ffe6d90d000 	C:\Program Files\Processing\app\resources\jdk-17.0.14+7\bin\msvcp140.dll
0x00007ffdf50b0000 - 0x00007ffdf5d1b000 	C:\Program Files\Processing\app\resources\jdk-17.0.14+7\bin\server\jvm.dll
0x00007ffe8ba10000 - 0x00007ffe8bac6000 	C:\WINDOWS\System32\ADVAPI32.dll
0x00007ffe8d0f0000 - 0x00007ffe8d197000 	C:\WINDOWS\System32\sechost.dll
0x00007ffe8b520000 - 0x00007ffe8b638000 	C:\WINDOWS\System32\RPCRT4.dll
0x00007ffe8b640000 - 0x00007ffe8b6c0000 	C:\WINDOWS\System32\WS2_32.dll
0x00007ffe8a030000 - 0x00007ffe8a08e000 	C:\WINDOWS\SYSTEM32\POWRPROF.dll
0x00007ffe810b0000 - 0x00007ffe810bb000 	C:\WINDOWS\SYSTEM32\VERSION.dll
0x00007ffe73640000 - 0x00007ffe73676000 	C:\WINDOWS\SYSTEM32\WINMM.dll
0x00007ffe8a010000 - 0x00007ffe8a024000 	C:\WINDOWS\SYSTEM32\UMPDC.dll
0x00007ffe88f60000 - 0x00007ffe88f7b000 	C:\WINDOWS\SYSTEM32\kernel.appcore.dll
0x00007ffe879c0000 - 0x00007ffe879ca000 	C:\Program Files\Processing\app\resources\jdk-17.0.14+7\bin\jimage.dll
0x00007ffe74060000 - 0x00007ffe742a2000 	C:\WINDOWS\SYSTEM32\DBGHELP.DLL
0x00007ffe8d390000 - 0x00007ffe8d713000 	C:\WINDOWS\System32\combase.dll
0x00007ffe8c8d0000 - 0x00007ffe8c9a9000 	C:\WINDOWS\System32\OLEAUT32.dll
0x00007ffe7b860000 - 0x00007ffe7b89b000 	C:\WINDOWS\SYSTEM32\dbgcore.DLL
0x00007ffe8adb0000 - 0x00007ffe8ae58000 	C:\WINDOWS\System32\bcryptPrimitives.dll
0x00007ffe85ae0000 - 0x00007ffe85b1b000 	C:\Program Files\Processing\app\resources\jdk-17.0.14+7\bin\jdwp.dll
0x00007ffe7c0a0000 - 0x00007ffe7c0c5000 	C:\Program Files\Processing\app\resources\jdk-17.0.14+7\bin\java.dll
0x00007ffe5ef00000 - 0x00007ffe5efd7000 	C:\Program Files\Processing\app\resources\jdk-17.0.14+7\bin\jsvml.dll
0x00007ffe8bca0000 - 0x00007ffe8c40e000 	C:\WINDOWS\System32\SHELL32.dll
0x00007ffe8a3f0000 - 0x00007ffe8ac5c000 	C:\WINDOWS\System32\windows.storage.dll
0x00007ffe8bba0000 - 0x00007ffe8bc96000 	C:\WINDOWS\System32\SHCORE.dll
0x00007ffe8b8f0000 - 0x00007ffe8b956000 	C:\WINDOWS\System32\shlwapi.dll
0x00007ffe8a0f0000 - 0x00007ffe8a119000 	C:\WINDOWS\SYSTEM32\profapi.dll
0x00007ffe85ad0000 - 0x00007ffe85adc000 	C:\Program Files\Processing\app\resources\jdk-17.0.14+7\bin\dt_socket.dll
0x00007ffe889a0000 - 0x00007ffe889d2000 	C:\WINDOWS\SYSTEM32\IPHLPAPI.DLL
0x00007ffe894d0000 - 0x00007ffe8953c000 	C:\WINDOWS\system32\mswsock.dll
0x00007ffe85a90000 - 0x00007ffe85aa9000 	C:\Program Files\Processing\app\resources\jdk-17.0.14+7\bin\net.dll
0x00007ffe843f0000 - 0x00007ffe84519000 	C:\WINDOWS\SYSTEM32\WINHTTP.dll
0x00007ffe85860000 - 0x00007ffe85876000 	C:\Program Files\Processing\app\resources\jdk-17.0.14+7\bin\nio.dll
0x00007ffe80870000 - 0x00007ffe80888000 	C:\Program Files\Processing\app\resources\jdk-17.0.14+7\bin\zip.dll
0x00007ffe5e560000 - 0x00007ffe5e6f0000 	C:\Program Files\Processing\app\resources\jdk-17.0.14+7\bin\awt.dll
0x00007ffe87a00000 - 0x00007ffe87aa0000 	C:\WINDOWS\SYSTEM32\apphelp.dll
0x00007ffe87d80000 - 0x00007ffe87e2a000 	C:\WINDOWS\system32\uxtheme.dll
0x00007ffe8d1a0000 - 0x00007ffe8d2fc000 	C:\WINDOWS\System32\MSCTF.dll
0x00007ffe8c430000 - 0x00007ffe8c5c7000 	C:\WINDOWS\System32\ole32.dll
0x00007ffe87f20000 - 0x00007ffe87f4f000 	C:\WINDOWS\system32\DWMAPI.DLL
0x00007ffe40100000 - 0x00007ffe4020f000 	C:\WINDOWS\system32\opengl32.dll
0x00007ffe429d0000 - 0x00007ffe429fd000 	C:\WINDOWS\SYSTEM32\GLU32.dll
0x00007ffe87eb0000 - 0x00007ffe87ef5000 	C:\WINDOWS\SYSTEM32\dxcore.dll
0x00007ffe897b0000 - 0x00007ffe897cb000 	C:\WINDOWS\SYSTEM32\CRYPTSP.dll
0x00007ffe88ec0000 - 0x00007ffe88ef9000 	C:\WINDOWS\system32\rsaenh.dll
0x00007ffe89580000 - 0x00007ffe895b3000 	C:\WINDOWS\SYSTEM32\USERENV.dll
0x00007ffe8a0c0000 - 0x00007ffe8a0ea000 	C:\WINDOWS\SYSTEM32\bcrypt.dll
0x00007ffe897d0000 - 0x00007ffe897dc000 	C:\WINDOWS\SYSTEM32\CRYPTBASE.dll
0x00007ffe8c8c0000 - 0x00007ffe8c8ca000 	C:\WINDOWS\System32\NSI.dll
0x00007ffe84550000 - 0x00007ffe8456d000 	C:\WINDOWS\SYSTEM32\dhcpcsvc6.DLL
0x00007ffe84520000 - 0x00007ffe84545000 	C:\WINDOWS\SYSTEM32\dhcpcsvc.DLL
0x00007ffe88a40000 - 0x00007ffe88b72000 	C:\WINDOWS\SYSTEM32\DNSAPI.dll
0x00007ffe7cf50000 - 0x00007ffe7cf63000 	C:\Users\danil\AppData\Local\Temp\jogamp_0000\file_cache\jln10206529564426301255\jln17401461386107082682\natives\windows-amd64\gluegen_rt.dll
0x00007ffe7c090000 - 0x00007ffe7c097000 	C:\Program Files\Processing\app\resources\jdk-17.0.14+7\bin\jawt.dll
0x00007ffe7bc20000 - 0x00007ffe7bc2d000 	C:\Users\danil\AppData\Local\Temp\jogamp_0000\file_cache\jln10206529564426301255\jln17401461386107082682\natives\windows-amd64\nativewindow_awt.dll
0x00007ffe7bc00000 - 0x00007ffe7bc15000 	C:\Users\danil\AppData\Local\Temp\jogamp_0000\file_cache\jln10206529564426301255\jln17401461386107082682\natives\windows-amd64\nativewindow_win32.dll
0x00007ffe6d7f0000 - 0x00007ffe6d873000 	C:\Users\danil\AppData\Local\Temp\jogamp_0000\file_cache\jln10206529564426301255\jln17401461386107082682\natives\windows-amd64\jogl_desktop.dll
0x00007ffe7a300000 - 0x00007ffe7a352000 	C:\Users\danil\AppData\Local\Temp\jogamp_0000\file_cache\jln10206529564426301255\jln17401461386107082682\natives\windows-amd64\jogl_mobile.dll
0x00007ffe841f0000 - 0x00007ffe84251000 	C:\WINDOWS\SYSTEM32\directxdatabasehelper.dll
0x00007ffe7b700000 - 0x00007ffe7b71d000 	C:\WINDOWS\SYSTEM32\windows.staterepositorycore.dll
0x00007ffdf33d0000 - 0x00007ffdf43a3000 	C:\WINDOWS\System32\DriverStore\FileRepository\iigd_dch.inf_amd64_225f37aa3862fc3f\igxelpicd64.dll
0x00007ffe87bd0000 - 0x00007ffe87d0e000 	C:\WINDOWS\system32\dxgi.dll
0x00007ffe59810000 - 0x00007ffe59c97000 	C:\WINDOWS\System32\DriverStore\FileRepository\iigd_dch.inf_amd64_225f37aa3862fc3f\igdml64.dll
0x00007ffe89d40000 - 0x00007ffe89d91000 	C:\WINDOWS\SYSTEM32\cfgmgr32.dll
0x00007ffe80b00000 - 0x00007ffe80ec1000 	C:\WINDOWS\System32\DriverStore\FileRepository\iigd_dch.inf_amd64_225f37aa3862fc3f\igdgmm64.dll
0x00007ffe7d5d0000 - 0x00007ffe807d6000 	C:\WINDOWS\System32\DriverStore\FileRepository\iigd_dch.inf_amd64_225f37aa3862fc3f\igc64.dll
0x00007ffe7b7e0000 - 0x00007ffe7b7f9000 	C:\Users\danil\AppData\Local\Temp\jogamp_0000\file_cache\jln10206529564426301255\jln17401461386107082682\natives\windows-amd64\newt_head.dll
0x00007ffe5e8e0000 - 0x00007ffe5e99f000 	C:\WINDOWS\SYSTEM32\mscms.dll
0x00007ffe1cd10000 - 0x00007ffe1cd59000 	C:\WINDOWS\SYSTEM32\icm32.dll
0x00007ffe8cbf0000 - 0x00007ffe8d077000 	C:\WINDOWS\System32\setupapi.dll
0x00007ffe89d10000 - 0x00007ffe89d3d000 	C:\WINDOWS\SYSTEM32\DEVOBJ.dll
0x00007ffe8b3e0000 - 0x00007ffe8b462000 	C:\WINDOWS\System32\WINTRUST.dll
0x00007ffe8ae60000 - 0x00007ffe8afd8000 	C:\WINDOWS\System32\CRYPT32.dll
0x00007ffe898e0000 - 0x00007ffe898f3000 	C:\WINDOWS\SYSTEM32\MSASN1.dll
0x00007ffe580f0000 - 0x00007ffe58236000 	C:\WINDOWS\SYSTEM32\textinputframework.dll
0x00007ffe87560000 - 0x00007ffe87687000 	C:\WINDOWS\SYSTEM32\CoreMessaging.dll
0x00007ffe83270000 - 0x00007ffe83552000 	C:\WINDOWS\SYSTEM32\CoreUIComponents.dll
0x00007ffe84e00000 - 0x00007ffe84f6a000 	C:\WINDOWS\SYSTEM32\wintypes.dll

dbghelp: loaded successfully - version: 4.0.5 - missing functions: none
symbol engine: initialized successfully - sym options: 0x614 - pdb path: .;C:\Program Files\Processing\app\resources\jdk-17.0.14+7\bin;C:\WINDOWS\SYSTEM32;C:\WINDOWS\WinSxS\amd64_microsoft.windows.common-controls_6595b64144ccf1df_6.0.26100.8457_none_3e0b2faee331e92d;C:\Program Files\Processing\app\resources\jdk-17.0.14+7\bin\server;C:\Users\danil\AppData\Local\Temp\jogamp_0000\file_cache\jln10206529564426301255\jln17401461386107082682\natives\windows-amd64;C:\WINDOWS\System32\DriverStore\FileRepository\iigd_dch.inf_amd64_225f37aa3862fc3f

VM Arguments:
jvm_args: -agentlib:jdwp=transport=dt_socket,address=8471,server=y,suspend=y,quiet=y -Xms64m -Xmx1024m -Djna.nosys=true -Djava.library.path=;C:\Program Files\Processing\app\resources\core\library;C:\Program Files\Processing;C:\WINDOWS\system32;C:\WINDOWS;C:\Program Files\PlasticSCM5\server;C:\Program Files\PlasticSCM5\client;C:\Program Files\Common Files\Oracle\Java\javapath;C:\Program Files (x86)\Common Files\Oracle\Java\javapath;C:\Windows\System32\HWAudioDriverLibs;C:\Windows\system32;C:\Windows;C:\Windows\System32\Wbem;C:\Windows\System32\WindowsPowerShell\v1.0;C:\Windows\System32\OpenSSH;C:\Program Files\Microsoft SQL Server\150\Tools\Binn;C:\Program Files\Microsoft SQL Server\Client SDK\ODBC\170\Tools\Binn;C:\Program Files\dotnet;D:\Windows Kits\10\Windows Performance Toolkit;C:\Program Files\Java\jdk-23\bin;C:\WINDOWS\system32;C:\WINDOWS;C:\WINDOWS\System32\Wbem;C:\WINDOWS\System32\WindowsPowerShell\v1.0;C:\WINDOWS\System32\OpenSSH;C:\Program Files\nodejs;C:\Program Files\Docker\Docker\resources\bin;C:\Program Files\TortoiseGit\bin;C:\Program Files\Git\cmd;C:\Users\danil\AppData\Local\Programs\Python\Python312\Scripts;C:\Users\danil\AppData\Local\Programs\Python\Python312;C:\Users\danil\AppData\Local\Microsoft\WindowsApps;C:\Users\danil\AppData\Local\Programs\Microsoft VS Code\bin;C:\Users\danil\AppData\Roaming\npm;D:\DataBase\18\bin;C:\Program Files\Processing\app;. -ea 
java_command: processing.core.PApplet --editor-location=-7,-7 --external --display=1 --sketch-path=C:\Users\danil\Desktop\Gravity_simul Gravity_simul
java_class_path (initial): C:\Users\danil\AppData\Local\Temp\processing\Gravity_simul4130327178011363082temp;C:\Program Files\Processing\app\resources\core\library\annotations-13.0.jar;C:\Program Files\Processing\app\resources\core\library\antlr-2.7.7.jar;C:\Program Files\Processing\app\resources\core\library\core-4.4.1.jar;C:\Program Files\Processing\app\resources\core\library\gluegen-rt-2.5.0-natives-android-aarch64.jar;C:\Program Files\Processing\app\resources\core\library\gluegen-rt-2.5.0-natives-linux-aarch64.jar;C:\Program Files\Processing\app\resources\core\library\gluegen-rt-2.5.0-natives-linux-amd64.jar;C:\Program Files\Processing\app\resources\core\library\gluegen-rt-2.5.0-natives-linux-armv6hf.jar;C:\Program Files\Processing\app\resources\core\library\gluegen-rt-2.5.0-natives-macosx-universal.jar;C:\Program Files\Processing\app\resources\core\library\gluegen-rt-2.5.0-natives-windows-amd64.jar;C:\Program Files\Processing\app\resources\core\library\gluegen-rt-2.5.0.jar;C:\Program Files\Processing\app\resources\core\library\gluegen-rt-main-2.5.0.jar;C:\Program Files\Processing\app\resources\core\library\jogl-all-2.5.0-natives-android-aarch64.jar;C:\Program Files\Processing\app\resources\core\library\jogl-all-2.5.0-natives-linux-aarch64.jar;C:\Program Files\Processing\app\resources\core\library\jogl-all-2.5.0-natives-linux-amd64.jar;C:\Program Files\Processing\app\resources\core\library\jogl-all-2.5.0-natives-linux-armv6hf.jar;C:\Program Files\Processing\app\resources\core\library\jogl-all-2.5.0-natives-macosx-universal.jar;C:\Program Files\Processing\app\resources\core\library\jogl-all-2.5.0-natives-windows-amd64.jar;C:\Program Files\Processing\app\resources\core\library\jogl-all-2.5.0.jar;C:\Program Files\Processing\app\resources\core\library\jogl-all-main-2.5.0.jar;C:\Program Files\Processing\app\resources\core\library\kotlin-stdlib-2.0.20.jar
Launcher Type: SUN_STANDARD

[Global flags]
     intx CICompilerCount                          = 4                                         {product} {ergonomic}
     uint ConcGCThreads                            = 2                                         {product} {ergonomic}
     uint G1ConcRefinementThreads                  = 8                                         {product} {ergonomic}
   size_t G1HeapRegionSize                         = 1048576                                   {product} {ergonomic}
    uintx GCDrainStackTargetSize                   = 64                                        {product} {ergonomic}
   size_t InitialHeapSize                          = 67108864                                  {product} {command line}
   size_t MarkStackSize                            = 4194304                                   {product} {ergonomic}
   size_t MaxHeapSize                              = 1073741824                                {product} {command line}
   size_t MaxNewSize                               = 643825664                                 {product} {ergonomic}
   size_t MinHeapDeltaBytes                        = 1048576                                   {product} {ergonomic}
   size_t MinHeapSize                              = 67108864                                  {product} {command line}
    uintx NonNMethodCodeHeapSize                   = 5839372                                {pd product} {ergonomic}
    uintx NonProfiledCodeHeapSize                  = 122909434                              {pd product} {ergonomic}
    uintx ProfiledCodeHeapSize                     = 122909434                              {pd product} {ergonomic}
    uintx ReservedCodeCacheSize                    = 251658240                              {pd product} {ergonomic}
     bool SegmentedCodeCache                       = true                                      {product} {ergonomic}
   size_t SoftMaxHeapSize                          = 1073741824                             {manageable} {ergonomic}
     bool UseCompressedClassPointers               = true                           {product lp64_product} {ergonomic}
     bool UseCompressedOops                        = true                           {product lp64_product} {ergonomic}
     bool UseG1GC                                  = true                                      {product} {ergonomic}
     bool UseLargePagesIndividualAllocation        = false                                  {pd product} {ergonomic}

Logging:
Log output configuration:
 #0: stdout all=off uptime,level,tags
 #1: stderr all=off uptime,level,tags

Environment Variables:
JAVA_HOME=C:\Program Files\Java\jdk-23
PATH=C:\Program Files\PlasticSCM5\server;C:\Program Files\PlasticSCM5\client;C:\Program Files\Common Files\Oracle\Java\javapath;C:\Program Files (x86)\Common Files\Oracle\Java\javapath;C:\Windows\System32\HWAudioDriverLibs;C:\Windows\system32;C:\Windows;C:\Windows\System32\Wbem;C:\Windows\System32\WindowsPowerShell\v1.0\;C:\Windows\System32\OpenSSH\;C:\Users\Administrator\AppData\Local\Microsoft\WindowsApps;C:\Program Files\Microsoft SQL Server\150\Tools\Binn\;C:\Program Files\Microsoft SQL Server\Client SDK\ODBC\170\Tools\Binn\;C:\Program Files\dotnet\;D:\Windows Kits\10\Windows Performance Toolkit\;C:\Program Files\Java\jdk-23\bin;C:\WINDOWS\system32;C:\WINDOWS;C:\WINDOWS\System32\Wbem;C:\WINDOWS\System32\WindowsPowerShell\v1.0\;C:\WINDOWS\System32\OpenSSH\;C:\Program Files\nodejs\;C:\Program Files\Docker\Docker\resources\bin;C:\Program Files\TortoiseGit\bin;C:\Program Files\Git\cmd;C:\Users\danil\AppData\Local\Programs\Python\Python312\Scripts\;C:\Users\danil\AppData\Local\Programs\Python\Python312\;C:\Users\danil\AppData\Local\Microsoft\WindowsApps;C:\Users\danil\.dotnet\tools;C:\Users\danil\AppData\Local\Programs\Microsoft VS Code\bin;C:\Users\danil\AppData\Roaming\npm;D:\DataBase\18\bin;C:\Program Files\Processing\app
USERNAME=danil
OS=Windows_NT
PROCESSOR_IDENTIFIER=Intel64 Family 6 Model 140 Stepping 2, GenuineIntel
TMP=C:\Users\danil\AppData\Local\Temp
TEMP=C:\Users\danil\AppData\Local\Temp



Periodic native trim disabled


---------------  S Y S T E M  ---------------

OS:
 Windows 11 , 64 bit Build 26100 (10.0.26100.8328)
OS uptime: 0 days 1:05 hours
Hyper-V role detected

CPU: total 8 (initial active 8) (4 cores per cpu, 2 threads per core) family 6 model 140 stepping 2 microcode 0x16, cx8, cmov, fxsr, ht, mmx, 3dnowpref, sse, sse2, sse3, ssse3, sse4.1, sse4.2, popcnt, lzcnt, tsc, tscinvbit, avx, avx2, aes, erms, clmul, bmi1, bmi2, adx, avx512f, avx512dq, avx512cd, avx512bw, avx512vl, sha, fma, vzeroupper, avx512_vpopcntdq, avx512_vpclmulqdq, avx512_vaes, avx512_vnni, clflush, clflushopt, clwb, avx512_vbmi2, avx512_vbmi, hv
Processor Information for processor 0
  Max Mhz: 2496, Current Mhz: 998, Mhz Limit: 2496
Processor Information for processor 1
  Max Mhz: 2496, Current Mhz: 998, Mhz Limit: 2496
Processor Information for processor 2
  Max Mhz: 2496, Current Mhz: 2496, Mhz Limit: 2496
Processor Information for processor 3
  Max Mhz: 2496, Current Mhz: 2496, Mhz Limit: 2496
Processor Information for processor 4
  Max Mhz: 2496, Current Mhz: 998, Mhz Limit: 2496
Processor Information for processor 5
  Max Mhz: 2496, Current Mhz: 998, Mhz Limit: 2496
Processor Information for processor 6
  Max Mhz: 2496, Current Mhz: 2496, Mhz Limit: 2496
Processor Information for processor 7
  Max Mhz: 2496, Current Mhz: 2496, Mhz Limit: 2496

Memory: 4k page, system-wide physical 7975M (1654M free)
TotalPageFile size 17703M (AvailPageFile size 8396M)
current process WorkingSet (physical memory assigned to process): 516M, peak: 537M
current process commit charge ("private bytes"): 505M, peak: 530M

vm_info: OpenJDK 64-Bit Server VM (17.0.14+7) for windows-amd64 JRE (17.0.14+7), built on Jan 21 2025 23:40:15 by "admin" with MS VC++ 17.7 (VS2022)

END.
