#
# A fatal error has been detected by the Java Runtime Environment:
#
#  EXCEPTION_ACCESS_VIOLATION (0xc0000005) at pc=0x00007ffdf360b386, pid=16316, tid=14440
#
# JRE version: OpenJDK Runtime Environment Temurin-17.0.14+7 (17.0.14+7) (build 17.0.14+7)
# Java VM: OpenJDK 64-Bit Server VM Temurin-17.0.14+7 (17.0.14+7, mixed mode, sharing, tiered, compressed oops, compressed class ptrs, g1 gc, windows-amd64)
# Problematic frame:
# C  [igxelpicd64.dll+0x23b386]
#
# No core dump will be written. Minidumps are not enabled by default on client versions of Windows
#
# If you would like to submit a bug report, please visit:
#   https://github.com/adoptium/adoptium-support/issues
#

---------------  S U M M A R Y ------------

Command Line: -agentlib:jdwp=transport=dt_socket,address=8200,server=y,suspend=y,quiet=y -Xms64m -Xmx1024m -Djna.nosys=true -Djava.library.path=;C:\Program Files\Processing\app\resources\core\library;C:\Program Files\Processing;C:\WINDOWS\system32;C:\WINDOWS;C:\Program Files\PlasticSCM5\server;C:\Program Files\PlasticSCM5\client;C:\Program Files\Common Files\Oracle\Java\javapath;C:\Program Files (x86)\Common Files\Oracle\Java\javapath;C:\Windows\System32\HWAudioDriverLibs;C:\Windows\system32;C:\Windows;C:\Windows\System32\Wbem;C:\Windows\System32\WindowsPowerShell\v1.0;C:\Windows\System32\OpenSSH;C:\Program Files\Microsoft SQL Server\150\Tools\Binn;C:\Program Files\Microsoft SQL Server\Client SDK\ODBC\170\Tools\Binn;C:\Program Files\dotnet;D:\Windows Kits\10\Windows Performance Toolkit;C:\Program Files\Java\jdk-23\bin;C:\WINDOWS\system32;C:\WINDOWS;C:\WINDOWS\System32\Wbem;C:\WINDOWS\System32\WindowsPowerShell\v1.0;C:\WINDOWS\System32\OpenSSH;C:\Program Files\nodejs;C:\Program Files\Docker\Docker\resources\bin;C:\Program Files\TortoiseGit\bin;C:\Program Files\Git\cmd;C:\Users\danil\AppData\Local\Programs\Python\Python312\Scripts;C:\Users\danil\AppData\Local\Programs\Python\Python312;C:\Users\danil\AppData\Local\Microsoft\WindowsApps;C:\Users\danil\AppData\Local\Programs\Microsoft VS Code\bin;C:\Users\danil\AppData\Roaming\npm;D:\DataBase\18\bin;C:\Program Files\Processing\app;. -ea processing.core.PApplet --editor-location=-7,-7 --external --display=1 --sketch-path=C:\Users\danil\Desktop\Gravity_simul Gravity_simul

Host: 11th Gen Intel(R) Core(TM) i5-1155G7 @ 2.50GHz, 8 cores, 7G,  Windows 11 , 64 bit Build 26100 (10.0.26100.8328)
Time: Sun Jun 28 14:24:53 2026 RTZ 3 (s 11 , 64 bit Build 26100 (10.0.26100.8328) elapsed time: 28.831640 seconds (0d 0h 0m 28s)

---------------  T H R E A D  ---------------

Current thread (0x00000258e095a130):  VMThread "VM Thread" [stack: 0x000000ba49e00000,0x000000ba49f00000] [id=14440]

Stack: [0x000000ba49e00000,0x000000ba49f00000],  sp=0x000000ba49efe0c0,  free space=1016k
Native frames: (J=compiled Java code, j=interpreted, Vv=VM code, C=native code)
C  [igxelpicd64.dll+0x23b386]


siginfo: EXCEPTION_ACCESS_VIOLATION (0xc0000005), reading address 0x0000000000035468


Registers:
RAX=0x00000258e74fc3b0, RBX=0x00000258e57c7e90, RCX=0x0000000000000004, RDX=0x0000000000000000
RSP=0x000000ba49efe0c0, RBP=0x0000000000000000, RSI=0x00000258e74fc1b0, RDI=0x00000258e526d9b0
R8 =0x00000258e74fc2b0, R9 =0x000000ba49347000, R10=0x0000000000000000, R11=0x0000000000000246
R12=0x00000258e74fc1b0, R13=0x0000000000000000, R14=0x00000258e74fc6f8, R15=0x00000258e74f9ed0
RIP=0x00007ffdf360b386, EFLAGS=0x0000000000010202


Register to memory mapping:

RIP=0x00007ffdf360b386 igxelpicd64.dll
RAX=0x00000258e74fc3b0 points into unknown readable memory: 0x0000000000033e1c | 1c 3e 03 00 00 00 00 00
RBX=0x00000258e57c7e90 points into unknown readable memory: 0xffffffffffffffff | ff ff ff ff ff ff ff ff
RCX=0x0000000000000004 is an unknown value
RDX=0x0 is NULL
RSP=0x000000ba49efe0c0 points into unknown readable memory: 0x00000258e57c7e90 | 90 7e 7c e5 58 02 00 00
RBP=0x0 is NULL
RSI=0x00000258e74fc1b0 points into unknown readable memory: 0x00000258e56f03b0 | b0 03 6f e5 58 02 00 00
RDI=0x00000258e526d9b0 points into unknown readable memory: 0x0000000000000000 | 00 00 00 00 00 00 00 00
R8 =0x00000258e74fc2b0 points into unknown readable memory: 0x0000000000000000 | 00 00 00 00 00 00 00 00
R9 =0x000000ba49347000 points into unknown readable memory: 0x0000000000000000 | 00 00 00 00 00 00 00 00
R10=0x0 is NULL
R11=0x0000000000000246 is an unknown value
R12=0x00000258e74fc1b0 points into unknown readable memory: 0x00000258e56f03b0 | b0 03 6f e5 58 02 00 00
R13=0x0 is NULL
R14=0x00000258e74fc6f8 points into unknown readable memory: 0x00000258e74f9ed0 | d0 9e 4f e7 58 02 00 00
R15=0x00000258e74f9ed0 points into unknown readable memory: 0x00000258e56f03b0 | b0 03 6f e5 58 02 00 00


Top of Stack: (sp=0x000000ba49efe0c0)
0x000000ba49efe0c0:   00000258e57c7e90 03636abb0363f0ba
0x000000ba49efe0d0:   0329a6bb033875bb 00b46ebc038865bc
0x000000ba49efe0e0:   0000001600000000 0000000000000000
0x000000ba49efe0f0:   02eec1be02aa5abe 01ba89bf02f831bf
0x000000ba49efe100:   00000258e57c7e90 0361b7c0039c4fc0
0x000000ba49efe110:   02c81bc2026319c1 034d7cc300816dc3
0x000000ba49efe120:   00f399c302908ec3 02330ac5039807c4
0x000000ba49efe130:   038eebc602c88ec5 036f88c800d75dc7
0x000000ba49efe140:   033fe8c9034d31c9 00b723ca02c41aca
0x000000ba49efe150:   037086ca039f35ca 033837cb027527cb
0x000000ba49efe160:   0385f7cb024d47cb 037086cc005649cc
0x000000ba49efe170:   036711cd039807cd 0165f3cf0283bacd
0x000000ba49efe180:   036f30d001ba0ad0 036ac6d0039189d0
0x000000ba49efe190:   037086d101e4f6d0 038d2bd20347fdd1
0x000000ba49efe1a0:   0377c8d20364afd2 00007ffe8d905b54
0x000000ba49efe1b0:   0000000000000000 0000000000000000
0x000000ba49efe1c0:   000000ba49efe360 00007ffe8b771259
0x000000ba49efe1d0:   000000ba49efe258 0000000000000000
0x000000ba49efe1e0:   0000000000000054 0000000000000000
0x000000ba49efe1f0:   0366fdd70398f2d7 00007ffe8d905cc4
0x000000ba49efe200:   0384edd8019ce7d8 02f463dc037086da
0x000000ba49efe210:   000015c2331264a8 037086df03925ade
0x000000ba49efe220:   00000258e7299538 0000000000033e4c
0x000000ba49efe230:   0000000000000000 0000000000000016
0x000000ba49efe240:   0000000000000000 0000000000000000
0x000000ba49efe250:   000000ba49efe360 00007ffdf36382ae
0x000000ba49efe260:   00000258e526d9b0 0000000000000000
0x000000ba49efe270:   00000258e526d9b0 033a74e7038065e7
0x000000ba49efe280:   000000ba00000c94 00007404006b0000
0x000000ba49efe290:   0000000000000000 037b45ea034834ea
0x000000ba49efe2a0:   026cbcea02a354ea 037b38eb038b37eb
0x000000ba49efe2b0:   035699eb01df7feb 035546ec027a29ec 

Instructions: (pc=0x00007ffdf360b386)
0x00007ffdf360b286:   00 90 4c 8b bf 80 02 00 00 48 8b 05 9a 85 bd 00
0x00007ffdf360b296:   8b 80 c8 0a 00 00 89 44 24 24 c6 44 24 20 00 48
0x00007ffdf360b2a6:   c7 87 80 02 00 00 00 00 00 00 c7 87 88 02 00 00
0x00007ffdf360b2b6:   00 00 00 00 48 c7 87 a0 02 00 00 00 00 00 00 48
0x00007ffdf360b2c6:   c7 87 90 02 00 00 00 00 00 00 48 85 ed 75 3d 8b
0x00007ffdf360b2d6:   35 0d 77 cd 00 65 48 8b 04 25 58 00 00 00 b9 14
0x00007ffdf360b2e6:   00 00 00 48 8b 04 f0 40 38 2c 01 0f 84 c9 e7 75
0x00007ffdf360b2f6:   00 65 48 8b 04 25 58 00 00 00 bd 20 00 00 00 48
0x00007ffdf360b306:   8b 04 f0 48 8b 2c 28 48 89 6c 24 28 48 3b 2d 07
0x00007ffdf360b316:   9b cd 00 0f 84 9b 10 00 00 4d 85 ff 0f 84 3a 01
0x00007ffdf360b326:   00 00 0f 1f 84 00 00 00 00 00 49 8b f7 4d 8b e7
0x00007ffdf360b336:   4d 8d b7 48 05 00 00 4d 8b 3e 45 84 ed 0f 85 d9
0x00007ffdf360b346:   0e 00 00 8b 8f d0 01 00 00 48 8b 05 da 84 bd 00
0x00007ffdf360b356:   83 b8 64 03 00 00 02 75 34 4d 8d 84 24 00 01 00
0x00007ffdf360b366:   00 83 f9 10 0f 83 3a 01 00 00 8b c1 48 c1 e0 06
0x00007ffdf360b376:   49 03 c0 48 85 c0 0f 84 9b 01 00 00 48 8b 50 08
0x00007ffdf360b386:   48 3b 95 68 54 03 00 0f 87 b6 0e 00 00 48 83 be
0x00007ffdf360b396:   c0 05 00 00 00 0f 85 50 e7 75 00 44 8b 8f d0 01
0x00007ffdf360b3a6:   00 00 48 8b 87 e8 01 00 00 4c 8b 00 8b 8f d0 01
0x00007ffdf360b3b6:   00 00 48 8d 9e 00 01 00 00 83 f9 10 0f 83 1e 01
0x00007ffdf360b3c6:   00 00 8b c1 48 c1 e0 06 48 03 c3 48 85 c0 0f 84
0x00007ffdf360b3d6:   4a 01 00 00 4c 39 40 08 0f 86 40 01 00 00 48 8b
0x00007ffdf360b3e6:   87 80 02 00 00 49 89 06 48 89 b7 80 02 00 00 ff
0x00007ffdf360b3f6:   87 88 02 00 00 48 8b 4e 08 48 8b 01 ba 01 00 00
0x00007ffdf360b406:   00 48 8b 80 e0 02 00 00 ff 15 f4 c1 88 00 0f b7
0x00007ffdf360b416:   c8 48 2b c1 48 05 00 00 01 00 48 01 87 90 02 00
0x00007ffdf360b426:   00 48 8b 4e 08 48 8b 01 ba 01 00 00 00 48 8b 80
0x00007ffdf360b436:   e0 02 00 00 ff 15 c8 c1 88 00 48 01 87 a0 02 00
0x00007ffdf360b446:   00 0f b6 54 24 20 4d 85 ff 0f 85 db fe ff ff 84
0x00007ffdf360b456:   d2 0f 85 37 0f 00 00 48 8b 5c 24 40 48 8b cf 80
0x00007ffdf360b466:   7c 24 22 00 0f 85 40 0f 00 00 e8 3b f9 ff ff 90
0x00007ffdf360b476:   48 8b cb ff 15 99 bc 88 00 48 8b 8c 24 50 01 00 


Stack slot to memory mapping:
stack at sp + 0 slots: 0x00000258e57c7e90 points into unknown readable memory: 0xffffffffffffffff | ff ff ff ff ff ff ff ff
stack at sp + 1 slots: 0x03636abb0363f0ba is an unknown value
stack at sp + 2 slots: 0x0329a6bb033875bb is an unknown value
stack at sp + 3 slots: 0x00b46ebc038865bc is an unknown value
stack at sp + 4 slots: 0x0000001600000000 is an unknown value
stack at sp + 5 slots: 0x0 is NULL
stack at sp + 6 slots: 0x02eec1be02aa5abe is an unknown value
stack at sp + 7 slots: 0x01ba89bf02f831bf is an unknown value

VM_Operation (0x000000ba4c0fea60): Exit, mode: safepoint, requested by thread 0x00000258e6fa5c40


---------------  P R O C E S S  ---------------

Threads class SMR info:
_java_thread_list=0x00000258e6af6cc0, length=39, elements={
0x00000258e095f480, 0x00000258e0962e70, 0x00000258e0979050, 0x00000258e0979920,
0x00000258e097a1f0, 0x00000258e097aac0, 0x00000258e09817a0, 0x00000258e09aa790,
0x00000258e09b45d0, 0x00000258e0c18960, 0x00000258e0c2b660, 0x00000258e0c2dd60,
0x00000258e0c30980, 0x00000258e0c39150, 0x00000258e5222e30, 0x00000258e6fe6490,
0x00000258e6fa5c40, 0x00000258e6fa5730, 0x00000258e6fa6150, 0x00000258e6fa7080,
0x00000258e6fa6660, 0x00000258e6fa6b70, 0x00000258f7b308e0, 0x00000258f7b30df0,
0x00000258f7b31300, 0x00000258f7b2fec0, 0x00000258f7b2f9b0, 0x00000258f7b2e570,
0x00000258f7b31810, 0x00000258f7b303d0, 0x00000258f7b31d20, 0x00000258f7b32230,
0x00000258f7b2ea80, 0x00000258f7b32740, 0x00000258f7b2ef90, 0x00000258f7b32c50,
0x00000258f7b2f4a0, 0x00000258f7b33b80, 0x00000258f7b34090
}

Java Threads: ( => current thread )
  0x00000258e095f480 JavaThread "Reference Handler" daemon [_thread_blocked, id=13992, stack(0x000000ba49f00000,0x000000ba4a000000)]
  0x00000258e0962e70 JavaThread "Finalizer" daemon [_thread_blocked, id=2120, stack(0x000000ba4a000000,0x000000ba4a100000)]
  0x00000258e0979050 JavaThread "Signal Dispatcher" daemon [_thread_blocked, id=17180, stack(0x000000ba4a100000,0x000000ba4a200000)]
  0x00000258e0979920 JavaThread "Attach Listener" daemon [_thread_blocked, id=12280, stack(0x000000ba4a200000,0x000000ba4a300000)]
  0x00000258e097a1f0 JavaThread "Service Thread" daemon [_thread_blocked, id=6860, stack(0x000000ba4a300000,0x000000ba4a400000)]
  0x00000258e097aac0 JavaThread "Monitor Deflation Thread" daemon [_thread_blocked, id=12620, stack(0x000000ba4a400000,0x000000ba4a500000)]
  0x00000258e09817a0 JavaThread "C2 CompilerThread0" daemon [_thread_blocked, id=18156, stack(0x000000ba4a500000,0x000000ba4a600000)]
  0x00000258e09aa790 JavaThread "C1 CompilerThread0" daemon [_thread_blocked, id=2096, stack(0x000000ba4a600000,0x000000ba4a700000)]
  0x00000258e09b45d0 JavaThread "Sweeper thread" daemon [_thread_blocked, id=8996, stack(0x000000ba4a700000,0x000000ba4a800000)]
  0x00000258e0c18960 JavaThread "JDWP Transport Listener: dt_socket" daemon [_thread_blocked, id=18832, stack(0x000000ba4a800000,0x000000ba4a900000)]
  0x00000258e0c2b660 JavaThread "JDWP Event Helper Thread" daemon [_thread_blocked, id=9904, stack(0x000000ba4a900000,0x000000ba4aa00000)]
  0x00000258e0c2dd60 JavaThread "JDWP Command Reader" daemon [_thread_blocked, id=6216, stack(0x000000ba4aa00000,0x000000ba4ab00000)]
  0x00000258e0c30980 JavaThread "Notification Thread" daemon [_thread_blocked, id=17472, stack(0x000000ba4ab00000,0x000000ba4ac00000)]
  0x00000258e0c39150 JavaThread "Common-Cleaner" daemon [_thread_blocked, id=11224, stack(0x000000ba4ad00000,0x000000ba4ae00000)]
  0x00000258e5222e30 JavaThread "Java2D Disposer" daemon [_thread_blocked, id=1244, stack(0x000000ba4ae00000,0x000000ba4af00000)]
  0x00000258e6fe6490 JavaThread "HighResTimerThread" daemon [_thread_blocked, id=2944, stack(0x000000ba4be00000,0x000000ba4bf00000)]
  0x00000258e6fa5c40 JavaThread "main-FPSAWTAnimator#00-Timer0" [_thread_blocked, id=18088, stack(0x000000ba4c000000,0x000000ba4c100000)]
  0x00000258e6fa5730 JavaThread "DestroyJavaVM" [_thread_blocked, id=11040, stack(0x000000ba49800000,0x000000ba49900000)]
  0x00000258e6fa6150 JavaThread "pool-1-thread-1" [_thread_blocked, id=7176, stack(0x000000ba4c300000,0x000000ba4c400000)]
  0x00000258e6fa7080 JavaThread "pool-1-thread-2" [_thread_blocked, id=18544, stack(0x000000ba4c400000,0x000000ba4c500000)]
  0x00000258e6fa6660 JavaThread "pool-1-thread-3" [_thread_blocked, id=12656, stack(0x000000ba4c500000,0x000000ba4c600000)]
  0x00000258e6fa6b70 JavaThread "pool-1-thread-4" [_thread_blocked, id=7984, stack(0x000000ba4c600000,0x000000ba4c700000)]
  0x00000258f7b308e0 JavaThread "pool-1-thread-5" [_thread_blocked, id=12740, stack(0x000000ba4c700000,0x000000ba4c800000)]
  0x00000258f7b30df0 JavaThread "pool-1-thread-6" [_thread_blocked, id=12008, stack(0x000000ba4c800000,0x000000ba4c900000)]
  0x00000258f7b31300 JavaThread "pool-1-thread-7" [_thread_blocked, id=14736, stack(0x000000ba4c900000,0x000000ba4ca00000)]
  0x00000258f7b2fec0 JavaThread "pool-1-thread-8" [_thread_blocked, id=9908, stack(0x000000ba4ca00000,0x000000ba4cb00000)]
  0x00000258f7b2f9b0 JavaThread "pool-1-thread-9" [_thread_blocked, id=2908, stack(0x000000ba4cb00000,0x000000ba4cc00000)]
  0x00000258f7b2e570 JavaThread "pool-1-thread-10" [_thread_blocked, id=11908, stack(0x000000ba4cc00000,0x000000ba4cd00000)]
  0x00000258f7b31810 JavaThread "pool-1-thread-11" [_thread_blocked, id=18632, stack(0x000000ba4cd00000,0x000000ba4ce00000)]
  0x00000258f7b303d0 JavaThread "pool-1-thread-12" [_thread_blocked, id=18100, stack(0x000000ba4ce00000,0x000000ba4cf00000)]
  0x00000258f7b31d20 JavaThread "pool-1-thread-13" [_thread_blocked, id=2780, stack(0x000000ba4cf00000,0x000000ba4d000000)]
  0x00000258f7b32230 JavaThread "pool-1-thread-14" [_thread_blocked, id=6496, stack(0x000000ba4d000000,0x000000ba4d100000)]
  0x00000258f7b2ea80 JavaThread "pool-1-thread-15" [_thread_blocked, id=5496, stack(0x000000ba4d100000,0x000000ba4d200000)]
  0x00000258f7b32740 JavaThread "pool-1-thread-16" [_thread_blocked, id=18980, stack(0x000000ba4d200000,0x000000ba4d300000)]
  0x00000258f7b2ef90 JavaThread "pool-1-thread-17" [_thread_blocked, id=18076, stack(0x000000ba4d300000,0x000000ba4d400000)]
  0x00000258f7b32c50 JavaThread "pool-1-thread-18" [_thread_blocked, id=10320, stack(0x000000ba4d400000,0x000000ba4d500000)]
  0x00000258f7b2f4a0 JavaThread "pool-1-thread-19" [_thread_blocked, id=18256, stack(0x000000ba4d500000,0x000000ba4d600000)]
  0x00000258f7b33b80 JavaThread "pool-1-thread-20" [_thread_blocked, id=6692, stack(0x000000ba4d600000,0x000000ba4d700000)]
  0x00000258f7b34090 JavaThread "AWT-Shutdown" [_thread_blocked, id=11704, stack(0x000000ba4bf00000,0x000000ba4c000000)]

Other Threads:
=>0x00000258e095a130 VMThread "VM Thread" [stack: 0x000000ba49e00000,0x000000ba49f00000] [id=14440]
  0x00000258c4b2d500 GCTaskThread "GC Thread#0" [stack: 0x000000ba49900000,0x000000ba49a00000] [id=16264]
  0x00000258e52021d0 GCTaskThread "GC Thread#1" [stack: 0x000000ba4b700000,0x000000ba4b800000] [id=2792]
  0x00000258e5202750 GCTaskThread "GC Thread#2" [stack: 0x000000ba4b800000,0x000000ba4b900000] [id=12716]
  0x00000258e5203d50 GCTaskThread "GC Thread#3" [stack: 0x000000ba4b900000,0x000000ba4ba00000] [id=18964]
  0x00000258e52037d0 GCTaskThread "GC Thread#4" [stack: 0x000000ba4ba00000,0x000000ba4bb00000] [id=17120]
  0x00000258e5202a10 GCTaskThread "GC Thread#5" [stack: 0x000000ba4bb00000,0x000000ba4bc00000] [id=17864]
  0x00000258e5202cd0 GCTaskThread "GC Thread#6" [stack: 0x000000ba4bc00000,0x000000ba4bd00000] [id=12180]
  0x00000258e5202f90 GCTaskThread "GC Thread#7" [stack: 0x000000ba4bd00000,0x000000ba4be00000] [id=19172]
  0x00000258c4b37370 ConcurrentGCThread "G1 Main Marker" terminated
  0x00000258c4b38970 ConcurrentGCThread "G1 Conc#0" [stack: 0x000000ba49b00000,0x000000ba49c00000] [id=12924]
  0x00000258f79a16c0 ConcurrentGCThread "G1 Conc#1" [stack: 0x000000ba4d700000,0x000000ba4d800000] [id=12792]
  0x00000258c4b90440 ConcurrentGCThread "G1 Refine#0" terminated
  0x00000258e07e0090 ConcurrentGCThread "G1 Service" terminated

Threads with active compile tasks:

VM state: at safepoint (shutting down)

VM Mutex/Monitor currently owned by a thread:  ([mutex/lock_event])
[0x00000258c284b5c0] Threads_lock - owner thread: 0x00000258e095a130
[0x00000258c284bad0] Heap_lock - owner thread: 0x00000258e6fa5c40

Heap address: 0x00000000c0000000, size: 1024 MB, Compressed Oops mode: 32-bit

CDS archive(s) mapped at: [0x0000025880000000-0x0000025880bb0000-0x0000025880bb0000), size 12255232, SharedBaseAddress: 0x0000025880000000, ArchiveRelocationMode: 1.
Compressed class space mapped at: 0x0000025881000000-0x00000258c1000000, reserved size: 1073741824
Narrow klass base: 0x0000025880000000, Narrow klass shift: 0, Narrow klass range: 0x100000000

GC Precious Log:
 CPUs: 8 total, 8 available
 Memory: 7975M
 Large Page Support: Disabled
 NUMA Support: Disabled
 Compressed Oops: Enabled (32-bit)
 Heap Region Size: 1M
 Heap Min Capacity: 64M
 Heap Initial Capacity: 64M
 Heap Max Capacity: 1G
 Pre-touch: Disabled
 Parallel Workers: 8
 Concurrent Workers: 2
 Concurrent Refinement Workers: 8
 Periodic GC: Disabled

Heap:
 garbage-first heap   total 206848K, used 110176K [0x00000000c0000000, 0x0000000100000000)
  region size 1024K, 28 young (28672K), 2 survivors (2048K)
 Metaspace       used 13230K, committed 13376K, reserved 1114112K
  class space    used 918K, committed 1024K, reserved 1048576K

Heap Regions: E=young(eden), S=young(survivor), O=old, HS=humongous(starts), HC=humongous(continues), CS=collection set, F=free, OA=open archive, CA=closed archive, TAMS=top-at-mark-start (previous, next)
|   0|0x00000000c0000000, 0x00000000c0100000, 0x00000000c0100000|100%| O|  |TAMS 0x00000000c0100000, 0x00000000c0000000| Untracked 
|   1|0x00000000c0100000, 0x00000000c0200000, 0x00000000c0200000|100%| O|  |TAMS 0x00000000c0200000, 0x00000000c0100000| Untracked 
|   2|0x00000000c0200000, 0x00000000c0300000, 0x00000000c0300000|100%| O|  |TAMS 0x00000000c0300000, 0x00000000c0200000| Untracked 
|   3|0x00000000c0300000, 0x00000000c0400000, 0x00000000c0400000|100%| O|  |TAMS 0x00000000c0400000, 0x00000000c0300000| Untracked 
|   4|0x00000000c0400000, 0x00000000c0500000, 0x00000000c0500000|100%| O|  |TAMS 0x00000000c0500000, 0x00000000c0400000| Untracked 
|   5|0x00000000c0500000, 0x00000000c0600000, 0x00000000c0600000|100%| O|  |TAMS 0x00000000c0600000, 0x00000000c0500000| Untracked 
|   6|0x00000000c0600000, 0x00000000c0700000, 0x00000000c0700000|100%| O|  |TAMS 0x00000000c0700000, 0x00000000c0600000| Untracked 
|   7|0x00000000c0700000, 0x00000000c0800000, 0x00000000c0800000|100%| O|  |TAMS 0x00000000c0800000, 0x00000000c0700000| Untracked 
|   8|0x00000000c0800000, 0x00000000c0800000, 0x00000000c0900000|  0%| F|  |TAMS 0x00000000c0800000, 0x00000000c0800000| Untracked 
|   9|0x00000000c0900000, 0x00000000c0a00000, 0x00000000c0a00000|100%| O|  |TAMS 0x00000000c0a00000, 0x00000000c0900000| Untracked 
|  10|0x00000000c0a00000, 0x00000000c0b00000, 0x00000000c0b00000|100%|HS|  |TAMS 0x00000000c0b00000, 0x00000000c0a00000| Complete 
|  11|0x00000000c0b00000, 0x00000000c0c00000, 0x00000000c0c00000|100%|HC|  |TAMS 0x00000000c0c00000, 0x00000000c0b00000| Complete 
|  12|0x00000000c0c00000, 0x00000000c0d00000, 0x00000000c0d00000|100%|HC|  |TAMS 0x00000000c0d00000, 0x00000000c0c00000| Complete 
|  13|0x00000000c0d00000, 0x00000000c0e00000, 0x00000000c0e00000|100%|HC|  |TAMS 0x00000000c0e00000, 0x00000000c0d00000| Complete 
|  14|0x00000000c0e00000, 0x00000000c0f00000, 0x00000000c0f00000|100%|HC|  |TAMS 0x00000000c0f00000, 0x00000000c0e00000| Complete 
|  15|0x00000000c0f00000, 0x00000000c1000000, 0x00000000c1000000|100%|HC|  |TAMS 0x00000000c1000000, 0x00000000c0f00000| Complete 
|  16|0x00000000c1000000, 0x00000000c1100000, 0x00000000c1100000|100%|HC|  |TAMS 0x00000000c1100000, 0x00000000c1000000| Complete 
|  17|0x00000000c1100000, 0x00000000c1200000, 0x00000000c1200000|100%|HC|  |TAMS 0x00000000c1200000, 0x00000000c1100000| Complete 
|  18|0x00000000c1200000, 0x00000000c1300000, 0x00000000c1300000|100%|HC|  |TAMS 0x00000000c1300000, 0x00000000c1200000| Complete 
|  19|0x00000000c1300000, 0x00000000c1400000, 0x00000000c1400000|100%|HC|  |TAMS 0x00000000c1400000, 0x00000000c1300000| Complete 
|  20|0x00000000c1400000, 0x00000000c1500000, 0x00000000c1500000|100%|HC|  |TAMS 0x00000000c1500000, 0x00000000c1400000| Complete 
|  21|0x00000000c1500000, 0x00000000c1600000, 0x00000000c1600000|100%|HC|  |TAMS 0x00000000c1600000, 0x00000000c1500000| Complete 
|  22|0x00000000c1600000, 0x00000000c1700000, 0x00000000c1700000|100%|HC|  |TAMS 0x00000000c1700000, 0x00000000c1600000| Complete 
|  23|0x00000000c1700000, 0x00000000c1800000, 0x00000000c1800000|100%|HC|  |TAMS 0x00000000c1800000, 0x00000000c1700000| Complete 
|  24|0x00000000c1800000, 0x00000000c1900000, 0x00000000c1900000|100%|HC|  |TAMS 0x00000000c1900000, 0x00000000c1800000| Complete 
|  25|0x00000000c1900000, 0x00000000c1a00000, 0x00000000c1a00000|100%|HC|  |TAMS 0x00000000c1a00000, 0x00000000c1900000| Complete 
|  26|0x00000000c1a00000, 0x00000000c1b00000, 0x00000000c1b00000|100%|HC|  |TAMS 0x00000000c1b00000, 0x00000000c1a00000| Complete 
|  27|0x00000000c1b00000, 0x00000000c1c00000, 0x00000000c1c00000|100%| O|  |TAMS 0x00000000c1c00000, 0x00000000c1b00000| Untracked 
|  28|0x00000000c1c00000, 0x00000000c1d00000, 0x00000000c1d00000|100%| O|  |TAMS 0x00000000c1d00000, 0x00000000c1c00000| Untracked 
|  29|0x00000000c1d00000, 0x00000000c1e00000, 0x00000000c1e00000|100%|HS|  |TAMS 0x00000000c1e00000, 0x00000000c1d00000| Complete 
|  30|0x00000000c1e00000, 0x00000000c1f00000, 0x00000000c1f00000|100%|HC|  |TAMS 0x00000000c1f00000, 0x00000000c1e00000| Complete 
|  31|0x00000000c1f00000, 0x00000000c2000000, 0x00000000c2000000|100%|HC|  |TAMS 0x00000000c2000000, 0x00000000c1f00000| Complete 
|  32|0x00000000c2000000, 0x00000000c2100000, 0x00000000c2100000|100%|HC|  |TAMS 0x00000000c2100000, 0x00000000c2000000| Complete 
|  33|0x00000000c2100000, 0x00000000c2200000, 0x00000000c2200000|100%|HC|  |TAMS 0x00000000c2200000, 0x00000000c2100000| Complete 
|  34|0x00000000c2200000, 0x00000000c2300000, 0x00000000c2300000|100%|HS|  |TAMS 0x00000000c2300000, 0x00000000c2200000| Complete 
|  35|0x00000000c2300000, 0x00000000c2400000, 0x00000000c2400000|100%|HC|  |TAMS 0x00000000c2400000, 0x00000000c2300000| Complete 
|  36|0x00000000c2400000, 0x00000000c2500000, 0x00000000c2500000|100%|HC|  |TAMS 0x00000000c2500000, 0x00000000c2400000| Complete 
|  37|0x00000000c2500000, 0x00000000c2600000, 0x00000000c2600000|100%|HC|  |TAMS 0x00000000c2600000, 0x00000000c2500000| Complete 
|  38|0x00000000c2600000, 0x00000000c2700000, 0x00000000c2700000|100%|HC|  |TAMS 0x00000000c2700000, 0x00000000c2600000| Complete 
|  39|0x00000000c2700000, 0x00000000c2800000, 0x00000000c2800000|100%|HC|  |TAMS 0x00000000c2800000, 0x00000000c2700000| Complete 
|  40|0x00000000c2800000, 0x00000000c2900000, 0x00000000c2900000|100%|HC|  |TAMS 0x00000000c2900000, 0x00000000c2800000| Complete 
|  41|0x00000000c2900000, 0x00000000c2a00000, 0x00000000c2a00000|100%|HC|  |TAMS 0x00000000c2a00000, 0x00000000c2900000| Complete 
|  42|0x00000000c2a00000, 0x00000000c2b00000, 0x00000000c2b00000|100%|HC|  |TAMS 0x00000000c2b00000, 0x00000000c2a00000| Complete 
|  43|0x00000000c2b00000, 0x00000000c2c00000, 0x00000000c2c00000|100%|HC|  |TAMS 0x00000000c2c00000, 0x00000000c2b00000| Complete 
|  44|0x00000000c2c00000, 0x00000000c2d00000, 0x00000000c2d00000|100%|HC|  |TAMS 0x00000000c2d00000, 0x00000000c2c00000| Complete 
|  45|0x00000000c2d00000, 0x00000000c2e00000, 0x00000000c2e00000|100%|HC|  |TAMS 0x00000000c2e00000, 0x00000000c2d00000| Complete 
|  46|0x00000000c2e00000, 0x00000000c2f00000, 0x00000000c2f00000|100%|HC|  |TAMS 0x00000000c2f00000, 0x00000000c2e00000| Complete 
|  47|0x00000000c2f00000, 0x00000000c3000000, 0x00000000c3000000|100%|HS|  |TAMS 0x00000000c3000000, 0x00000000c2f00000| Complete 
|  48|0x00000000c3000000, 0x00000000c3100000, 0x00000000c3100000|100%|HC|  |TAMS 0x00000000c3100000, 0x00000000c3000000| Complete 
|  49|0x00000000c3100000, 0x00000000c3200000, 0x00000000c3200000|100%|HC|  |TAMS 0x00000000c3200000, 0x00000000c3100000| Complete 
|  50|0x00000000c3200000, 0x00000000c3300000, 0x00000000c3300000|100%|HC|  |TAMS 0x00000000c3300000, 0x00000000c3200000| Complete 
|  51|0x00000000c3300000, 0x00000000c3400000, 0x00000000c3400000|100%|HC|  |TAMS 0x00000000c3400000, 0x00000000c3300000| Complete 
|  52|0x00000000c3400000, 0x00000000c3500000, 0x00000000c3500000|100%|HC|  |TAMS 0x00000000c3500000, 0x00000000c3400000| Complete 
|  53|0x00000000c3500000, 0x00000000c3600000, 0x00000000c3600000|100%|HC|  |TAMS 0x00000000c3600000, 0x00000000c3500000| Complete 
|  54|0x00000000c3600000, 0x00000000c3700000, 0x00000000c3700000|100%|HC|  |TAMS 0x00000000c3700000, 0x00000000c3600000| Complete 
|  55|0x00000000c3700000, 0x00000000c3800000, 0x00000000c3800000|100%|HC|  |TAMS 0x00000000c3800000, 0x00000000c3700000| Complete 
|  56|0x00000000c3800000, 0x00000000c38b4600, 0x00000000c3900000| 70%| O|  |TAMS 0x00000000c38a0c00, 0x00000000c3800000| Untracked 
|  57|0x00000000c3900000, 0x00000000c3a00000, 0x00000000c3a00000|100%|HS|  |TAMS 0x00000000c3a00000, 0x00000000c3900000| Complete 
|  58|0x00000000c3a00000, 0x00000000c3b00000, 0x00000000c3b00000|100%|HC|  |TAMS 0x00000000c3b00000, 0x00000000c3a00000| Complete 
|  59|0x00000000c3b00000, 0x00000000c3c00000, 0x00000000c3c00000|100%|HC|  |TAMS 0x00000000c3c00000, 0x00000000c3b00000| Complete 
|  60|0x00000000c3c00000, 0x00000000c3d00000, 0x00000000c3d00000|100%|HC|  |TAMS 0x00000000c3d00000, 0x00000000c3c00000| Complete 
|  61|0x00000000c3d00000, 0x00000000c3e00000, 0x00000000c3e00000|100%|HC|  |TAMS 0x00000000c3e00000, 0x00000000c3d00000| Complete 
|  62|0x00000000c3e00000, 0x00000000c3e00000, 0x00000000c3f00000|  0%| F|  |TAMS 0x00000000c3e00000, 0x00000000c3e00000| Untracked 
|  63|0x00000000c3f00000, 0x00000000c3f00000, 0x00000000c4000000|  0%| F|  |TAMS 0x00000000c3f00000, 0x00000000c3f00000| Untracked 
|  64|0x00000000c4000000, 0x00000000c4100000, 0x00000000c4100000|100%|HS|  |TAMS 0x00000000c4100000, 0x00000000c4000000| Complete 
|  65|0x00000000c4100000, 0x00000000c4200000, 0x00000000c4200000|100%|HC|  |TAMS 0x00000000c4200000, 0x00000000c4100000| Complete 
|  66|0x00000000c4200000, 0x00000000c4300000, 0x00000000c4300000|100%|HC|  |TAMS 0x00000000c4300000, 0x00000000c4200000| Complete 
|  67|0x00000000c4300000, 0x00000000c4400000, 0x00000000c4400000|100%|HC|  |TAMS 0x00000000c4400000, 0x00000000c4300000| Complete 
|  68|0x00000000c4400000, 0x00000000c4500000, 0x00000000c4500000|100%|HC|  |TAMS 0x00000000c4500000, 0x00000000c4400000| Complete 
|  69|0x00000000c4500000, 0x00000000c4600000, 0x00000000c4600000|100%|HS|  |TAMS 0x00000000c4600000, 0x00000000c4500000| Complete 
|  70|0x00000000c4600000, 0x00000000c4700000, 0x00000000c4700000|100%|HC|  |TAMS 0x00000000c4700000, 0x00000000c4600000| Complete 
|  71|0x00000000c4700000, 0x00000000c4800000, 0x00000000c4800000|100%|HC|  |TAMS 0x00000000c4800000, 0x00000000c4700000| Complete 
|  72|0x00000000c4800000, 0x00000000c4900000, 0x00000000c4900000|100%|HC|  |TAMS 0x00000000c4900000, 0x00000000c4800000| Complete 
|  73|0x00000000c4900000, 0x00000000c4a00000, 0x00000000c4a00000|100%|HC|  |TAMS 0x00000000c4a00000, 0x00000000c4900000| Complete 
|  74|0x00000000c4a00000, 0x00000000c4b00000, 0x00000000c4b00000|100%|HS|  |TAMS 0x00000000c4b00000, 0x00000000c4a00000| Complete 
|  75|0x00000000c4b00000, 0x00000000c4c00000, 0x00000000c4c00000|100%|HC|  |TAMS 0x00000000c4c00000, 0x00000000c4b00000| Complete 
|  76|0x00000000c4c00000, 0x00000000c4d00000, 0x00000000c4d00000|100%|HC|  |TAMS 0x00000000c4d00000, 0x00000000c4c00000| Complete 
|  77|0x00000000c4d00000, 0x00000000c4e00000, 0x00000000c4e00000|100%|HC|  |TAMS 0x00000000c4e00000, 0x00000000c4d00000| Complete 
|  78|0x00000000c4e00000, 0x00000000c4f00000, 0x00000000c4f00000|100%|HC|  |TAMS 0x00000000c4f00000, 0x00000000c4e00000| Complete 
|  79|0x00000000c4f00000, 0x00000000c5000000, 0x00000000c5000000|100%|HS|  |TAMS 0x00000000c5000000, 0x00000000c4f00000| Complete 
|  80|0x00000000c5000000, 0x00000000c5100000, 0x00000000c5100000|100%|HC|  |TAMS 0x00000000c5100000, 0x00000000c5000000| Complete 
|  81|0x00000000c5100000, 0x00000000c5200000, 0x00000000c5200000|100%|HC|  |TAMS 0x00000000c5200000, 0x00000000c5100000| Complete 
|  82|0x00000000c5200000, 0x00000000c5300000, 0x00000000c5300000|100%|HC|  |TAMS 0x00000000c5300000, 0x00000000c5200000| Complete 
|  83|0x00000000c5300000, 0x00000000c5400000, 0x00000000c5400000|100%|HC|  |TAMS 0x00000000c5400000, 0x00000000c5300000| Complete 
|  84|0x00000000c5400000, 0x00000000c5400000, 0x00000000c5500000|  0%| F|  |TAMS 0x00000000c5400000, 0x00000000c5400000| Untracked 
|  85|0x00000000c5500000, 0x00000000c5500000, 0x00000000c5600000|  0%| F|  |TAMS 0x00000000c5500000, 0x00000000c5500000| Untracked 
|  86|0x00000000c5600000, 0x00000000c5600000, 0x00000000c5700000|  0%| F|  |TAMS 0x00000000c5600000, 0x00000000c5600000| Untracked 
|  87|0x00000000c5700000, 0x00000000c5700000, 0x00000000c5800000|  0%| F|  |TAMS 0x00000000c5700000, 0x00000000c5700000| Untracked 
|  88|0x00000000c5800000, 0x00000000c5800000, 0x00000000c5900000|  0%| F|  |TAMS 0x00000000c5800000, 0x00000000c5800000| Untracked 
|  89|0x00000000c5900000, 0x00000000c5900000, 0x00000000c5a00000|  0%| F|  |TAMS 0x00000000c5900000, 0x00000000c5900000| Untracked 
|  90|0x00000000c5a00000, 0x00000000c5a00000, 0x00000000c5b00000|  0%| F|  |TAMS 0x00000000c5a00000, 0x00000000c5a00000| Untracked 
|  91|0x00000000c5b00000, 0x00000000c5b00000, 0x00000000c5c00000|  0%| F|  |TAMS 0x00000000c5b00000, 0x00000000c5b00000| Untracked 
|  92|0x00000000c5c00000, 0x00000000c5c00000, 0x00000000c5d00000|  0%| F|  |TAMS 0x00000000c5c00000, 0x00000000c5c00000| Untracked 
|  93|0x00000000c5d00000, 0x00000000c5d00000, 0x00000000c5e00000|  0%| F|  |TAMS 0x00000000c5d00000, 0x00000000c5d00000| Untracked 
|  94|0x00000000c5e00000, 0x00000000c5e00000, 0x00000000c5f00000|  0%| F|  |TAMS 0x00000000c5e00000, 0x00000000c5e00000| Untracked 
|  95|0x00000000c5f00000, 0x00000000c5f00000, 0x00000000c6000000|  0%| F|  |TAMS 0x00000000c5f00000, 0x00000000c5f00000| Untracked 
|  96|0x00000000c6000000, 0x00000000c6000000, 0x00000000c6100000|  0%| F|  |TAMS 0x00000000c6000000, 0x00000000c6000000| Untracked 
|  97|0x00000000c6100000, 0x00000000c6100000, 0x00000000c6200000|  0%| F|  |TAMS 0x00000000c6100000, 0x00000000c6100000| Untracked 
|  98|0x00000000c6200000, 0x00000000c6200000, 0x00000000c6300000|  0%| F|  |TAMS 0x00000000c6200000, 0x00000000c6200000| Untracked 
|  99|0x00000000c6300000, 0x00000000c6300000, 0x00000000c6400000|  0%| F|  |TAMS 0x00000000c6300000, 0x00000000c6300000| Untracked 
| 100|0x00000000c6400000, 0x00000000c6400000, 0x00000000c6500000|  0%| F|  |TAMS 0x00000000c6400000, 0x00000000c6400000| Untracked 
| 101|0x00000000c6500000, 0x00000000c6500000, 0x00000000c6600000|  0%| F|  |TAMS 0x00000000c6500000, 0x00000000c6500000| Untracked 
| 102|0x00000000c6600000, 0x00000000c6600000, 0x00000000c6700000|  0%| F|  |TAMS 0x00000000c6600000, 0x00000000c6600000| Untracked 
| 103|0x00000000c6700000, 0x00000000c6700000, 0x00000000c6800000|  0%| F|  |TAMS 0x00000000c6700000, 0x00000000c6700000| Untracked 
| 104|0x00000000c6800000, 0x00000000c6800000, 0x00000000c6900000|  0%| F|  |TAMS 0x00000000c6800000, 0x00000000c6800000| Untracked 
| 105|0x00000000c6900000, 0x00000000c6900000, 0x00000000c6a00000|  0%| F|  |TAMS 0x00000000c6900000, 0x00000000c6900000| Untracked 
| 106|0x00000000c6a00000, 0x00000000c6ae3a70, 0x00000000c6b00000| 88%| S|CS|TAMS 0x00000000c6a00000, 0x00000000c6a00000| Complete 
| 107|0x00000000c6b00000, 0x00000000c6c00000, 0x00000000c6c00000|100%| S|CS|TAMS 0x00000000c6b00000, 0x00000000c6b00000| Complete 
| 108|0x00000000c6c00000, 0x00000000c6c00000, 0x00000000c6d00000|  0%| F|  |TAMS 0x00000000c6c00000, 0x00000000c6c00000| Untracked 
| 109|0x00000000c6d00000, 0x00000000c6d00000, 0x00000000c6e00000|  0%| F|  |TAMS 0x00000000c6d00000, 0x00000000c6d00000| Untracked 
| 110|0x00000000c6e00000, 0x00000000c6e00000, 0x00000000c6f00000|  0%| F|  |TAMS 0x00000000c6e00000, 0x00000000c6e00000| Untracked 
| 111|0x00000000c6f00000, 0x00000000c6f00000, 0x00000000c7000000|  0%| F|  |TAMS 0x00000000c6f00000, 0x00000000c6f00000| Untracked 
| 112|0x00000000c7000000, 0x00000000c7000000, 0x00000000c7100000|  0%| F|  |TAMS 0x00000000c7000000, 0x00000000c7000000| Untracked 
| 113|0x00000000c7100000, 0x00000000c7100000, 0x00000000c7200000|  0%| F|  |TAMS 0x00000000c7100000, 0x00000000c7100000| Untracked 
| 114|0x00000000c7200000, 0x00000000c7200000, 0x00000000c7300000|  0%| F|  |TAMS 0x00000000c7200000, 0x00000000c7200000| Untracked 
| 115|0x00000000c7300000, 0x00000000c7300000, 0x00000000c7400000|  0%| F|  |TAMS 0x00000000c7300000, 0x00000000c7300000| Untracked 
| 116|0x00000000c7400000, 0x00000000c7400000, 0x00000000c7500000|  0%| F|  |TAMS 0x00000000c7400000, 0x00000000c7400000| Untracked 
| 117|0x00000000c7500000, 0x00000000c7500000, 0x00000000c7600000|  0%| F|  |TAMS 0x00000000c7500000, 0x00000000c7500000| Untracked 
| 118|0x00000000c7600000, 0x00000000c7600000, 0x00000000c7700000|  0%| F|  |TAMS 0x00000000c7600000, 0x00000000c7600000| Untracked 
| 119|0x00000000c7700000, 0x00000000c7700000, 0x00000000c7800000|  0%| F|  |TAMS 0x00000000c7700000, 0x00000000c7700000| Untracked 
| 120|0x00000000c7800000, 0x00000000c7800000, 0x00000000c7900000|  0%| F|  |TAMS 0x00000000c7800000, 0x00000000c7800000| Untracked 
| 121|0x00000000c7900000, 0x00000000c7900000, 0x00000000c7a00000|  0%| F|  |TAMS 0x00000000c7900000, 0x00000000c7900000| Untracked 
| 122|0x00000000c7a00000, 0x00000000c7a00000, 0x00000000c7b00000|  0%| F|  |TAMS 0x00000000c7a00000, 0x00000000c7a00000| Untracked 
| 123|0x00000000c7b00000, 0x00000000c7b00000, 0x00000000c7c00000|  0%| F|  |TAMS 0x00000000c7b00000, 0x00000000c7b00000| Untracked 
| 124|0x00000000c7c00000, 0x00000000c7c00000, 0x00000000c7d00000|  0%| F|  |TAMS 0x00000000c7c00000, 0x00000000c7c00000| Untracked 
| 125|0x00000000c7d00000, 0x00000000c7d00000, 0x00000000c7e00000|  0%| F|  |TAMS 0x00000000c7d00000, 0x00000000c7d00000| Untracked 
| 126|0x00000000c7e00000, 0x00000000c7e00000, 0x00000000c7f00000|  0%| F|  |TAMS 0x00000000c7e00000, 0x00000000c7e00000| Untracked 
| 127|0x00000000c7f00000, 0x00000000c7f00000, 0x00000000c8000000|  0%| F|  |TAMS 0x00000000c7f00000, 0x00000000c7f00000| Untracked 
| 128|0x00000000c8000000, 0x00000000c8000000, 0x00000000c8100000|  0%| F|  |TAMS 0x00000000c8000000, 0x00000000c8000000| Untracked 
| 129|0x00000000c8100000, 0x00000000c8100000, 0x00000000c8200000|  0%| F|  |TAMS 0x00000000c8100000, 0x00000000c8100000| Untracked 
| 130|0x00000000c8200000, 0x00000000c8200000, 0x00000000c8300000|  0%| F|  |TAMS 0x00000000c8200000, 0x00000000c8200000| Untracked 
| 131|0x00000000c8300000, 0x00000000c8300000, 0x00000000c8400000|  0%| F|  |TAMS 0x00000000c8300000, 0x00000000c8300000| Untracked 
| 132|0x00000000c8400000, 0x00000000c8400000, 0x00000000c8500000|  0%| F|  |TAMS 0x00000000c8400000, 0x00000000c8400000| Untracked 
| 133|0x00000000c8500000, 0x00000000c8500000, 0x00000000c8600000|  0%| F|  |TAMS 0x00000000c8500000, 0x00000000c8500000| Untracked 
| 134|0x00000000c8600000, 0x00000000c8600000, 0x00000000c8700000|  0%| F|  |TAMS 0x00000000c8600000, 0x00000000c8600000| Untracked 
| 135|0x00000000c8700000, 0x00000000c8700000, 0x00000000c8800000|  0%| F|  |TAMS 0x00000000c8700000, 0x00000000c8700000| Untracked 
| 136|0x00000000c8800000, 0x00000000c8800000, 0x00000000c8900000|  0%| F|  |TAMS 0x00000000c8800000, 0x00000000c8800000| Untracked 
| 137|0x00000000c8900000, 0x00000000c8900000, 0x00000000c8a00000|  0%| F|  |TAMS 0x00000000c8900000, 0x00000000c8900000| Untracked 
| 138|0x00000000c8a00000, 0x00000000c8a00000, 0x00000000c8b00000|  0%| F|  |TAMS 0x00000000c8a00000, 0x00000000c8a00000| Untracked 
| 139|0x00000000c8b00000, 0x00000000c8b00000, 0x00000000c8c00000|  0%| F|  |TAMS 0x00000000c8b00000, 0x00000000c8b00000| Untracked 
| 140|0x00000000c8c00000, 0x00000000c8c00000, 0x00000000c8d00000|  0%| F|  |TAMS 0x00000000c8c00000, 0x00000000c8c00000| Untracked 
| 141|0x00000000c8d00000, 0x00000000c8d00000, 0x00000000c8e00000|  0%| F|  |TAMS 0x00000000c8d00000, 0x00000000c8d00000| Untracked 
| 142|0x00000000c8e00000, 0x00000000c8e00000, 0x00000000c8f00000|  0%| F|  |TAMS 0x00000000c8e00000, 0x00000000c8e00000| Untracked 
| 143|0x00000000c8f00000, 0x00000000c8f00000, 0x00000000c9000000|  0%| F|  |TAMS 0x00000000c8f00000, 0x00000000c8f00000| Untracked 
| 144|0x00000000c9000000, 0x00000000c9000000, 0x00000000c9100000|  0%| F|  |TAMS 0x00000000c9000000, 0x00000000c9000000| Untracked 
| 145|0x00000000c9100000, 0x00000000c9100000, 0x00000000c9200000|  0%| F|  |TAMS 0x00000000c9100000, 0x00000000c9100000| Untracked 
| 146|0x00000000c9200000, 0x00000000c9200000, 0x00000000c9300000|  0%| F|  |TAMS 0x00000000c9200000, 0x00000000c9200000| Untracked 
| 147|0x00000000c9300000, 0x00000000c9300000, 0x00000000c9400000|  0%| F|  |TAMS 0x00000000c9300000, 0x00000000c9300000| Untracked 
| 148|0x00000000c9400000, 0x00000000c9400000, 0x00000000c9500000|  0%| F|  |TAMS 0x00000000c9400000, 0x00000000c9400000| Untracked 
| 149|0x00000000c9500000, 0x00000000c9500000, 0x00000000c9600000|  0%| F|  |TAMS 0x00000000c9500000, 0x00000000c9500000| Untracked 
| 150|0x00000000c9600000, 0x00000000c9600000, 0x00000000c9700000|  0%| F|  |TAMS 0x00000000c9600000, 0x00000000c9600000| Untracked 
| 151|0x00000000c9700000, 0x00000000c9700000, 0x00000000c9800000|  0%| F|  |TAMS 0x00000000c9700000, 0x00000000c9700000| Untracked 
| 152|0x00000000c9800000, 0x00000000c9800000, 0x00000000c9900000|  0%| F|  |TAMS 0x00000000c9800000, 0x00000000c9800000| Untracked 
| 153|0x00000000c9900000, 0x00000000c9900000, 0x00000000c9a00000|  0%| F|  |TAMS 0x00000000c9900000, 0x00000000c9900000| Untracked 
| 154|0x00000000c9a00000, 0x00000000c9a00000, 0x00000000c9b00000|  0%| F|  |TAMS 0x00000000c9a00000, 0x00000000c9a00000| Untracked 
| 155|0x00000000c9b00000, 0x00000000c9b00000, 0x00000000c9c00000|  0%| F|  |TAMS 0x00000000c9b00000, 0x00000000c9b00000| Untracked 
| 156|0x00000000c9c00000, 0x00000000c9c00000, 0x00000000c9d00000|  0%| F|  |TAMS 0x00000000c9c00000, 0x00000000c9c00000| Untracked 
| 157|0x00000000c9d00000, 0x00000000c9d00000, 0x00000000c9e00000|  0%| F|  |TAMS 0x00000000c9d00000, 0x00000000c9d00000| Untracked 
| 158|0x00000000c9e00000, 0x00000000c9e00000, 0x00000000c9f00000|  0%| F|  |TAMS 0x00000000c9e00000, 0x00000000c9e00000| Untracked 
| 159|0x00000000c9f00000, 0x00000000c9f00000, 0x00000000ca000000|  0%| F|  |TAMS 0x00000000c9f00000, 0x00000000c9f00000| Untracked 
| 160|0x00000000ca000000, 0x00000000ca000000, 0x00000000ca100000|  0%| F|  |TAMS 0x00000000ca000000, 0x00000000ca000000| Untracked 
| 161|0x00000000ca100000, 0x00000000ca100000, 0x00000000ca200000|  0%| F|  |TAMS 0x00000000ca100000, 0x00000000ca100000| Untracked 
| 162|0x00000000ca200000, 0x00000000ca200000, 0x00000000ca300000|  0%| F|  |TAMS 0x00000000ca200000, 0x00000000ca200000| Untracked 
| 163|0x00000000ca300000, 0x00000000ca300000, 0x00000000ca400000|  0%| F|  |TAMS 0x00000000ca300000, 0x00000000ca300000| Untracked 
| 164|0x00000000ca400000, 0x00000000ca400000, 0x00000000ca500000|  0%| F|  |TAMS 0x00000000ca400000, 0x00000000ca400000| Untracked 
| 165|0x00000000ca500000, 0x00000000ca500000, 0x00000000ca600000|  0%| F|  |TAMS 0x00000000ca500000, 0x00000000ca500000| Untracked 
| 166|0x00000000ca600000, 0x00000000ca600000, 0x00000000ca700000|  0%| F|  |TAMS 0x00000000ca600000, 0x00000000ca600000| Untracked 
| 167|0x00000000ca700000, 0x00000000ca700000, 0x00000000ca800000|  0%| F|  |TAMS 0x00000000ca700000, 0x00000000ca700000| Untracked 
| 168|0x00000000ca800000, 0x00000000ca800000, 0x00000000ca900000|  0%| F|  |TAMS 0x00000000ca800000, 0x00000000ca800000| Untracked 
| 169|0x00000000ca900000, 0x00000000ca900000, 0x00000000caa00000|  0%| F|  |TAMS 0x00000000ca900000, 0x00000000ca900000| Untracked 
| 170|0x00000000caa00000, 0x00000000caa00000, 0x00000000cab00000|  0%| F|  |TAMS 0x00000000caa00000, 0x00000000caa00000| Untracked 
| 171|0x00000000cab00000, 0x00000000cab00000, 0x00000000cac00000|  0%| F|  |TAMS 0x00000000cab00000, 0x00000000cab00000| Untracked 
| 172|0x00000000cac00000, 0x00000000cac00000, 0x00000000cad00000|  0%| F|  |TAMS 0x00000000cac00000, 0x00000000cac00000| Untracked 
| 173|0x00000000cad00000, 0x00000000cad00000, 0x00000000cae00000|  0%| F|  |TAMS 0x00000000cad00000, 0x00000000cad00000| Untracked 
| 174|0x00000000cae00000, 0x00000000cae00000, 0x00000000caf00000|  0%| F|  |TAMS 0x00000000cae00000, 0x00000000cae00000| Untracked 
| 175|0x00000000caf00000, 0x00000000caf00000, 0x00000000cb000000|  0%| F|  |TAMS 0x00000000caf00000, 0x00000000caf00000| Untracked 
| 176|0x00000000cb000000, 0x00000000cb016ec8, 0x00000000cb100000|  8%| E|  |TAMS 0x00000000cb000000, 0x00000000cb000000| Complete 
| 177|0x00000000cb100000, 0x00000000cb200000, 0x00000000cb200000|100%| E|CS|TAMS 0x00000000cb100000, 0x00000000cb100000| Complete 
| 178|0x00000000cb200000, 0x00000000cb300000, 0x00000000cb300000|100%| E|CS|TAMS 0x00000000cb200000, 0x00000000cb200000| Complete 
| 179|0x00000000cb300000, 0x00000000cb400000, 0x00000000cb400000|100%| E|CS|TAMS 0x00000000cb300000, 0x00000000cb300000| Complete 
| 180|0x00000000cb400000, 0x00000000cb500000, 0x00000000cb500000|100%| E|CS|TAMS 0x00000000cb400000, 0x00000000cb400000| Complete 
| 181|0x00000000cb500000, 0x00000000cb600000, 0x00000000cb600000|100%| E|CS|TAMS 0x00000000cb500000, 0x00000000cb500000| Complete 
| 182|0x00000000cb600000, 0x00000000cb700000, 0x00000000cb700000|100%| E|CS|TAMS 0x00000000cb600000, 0x00000000cb600000| Complete 
| 183|0x00000000cb700000, 0x00000000cb800000, 0x00000000cb800000|100%| E|CS|TAMS 0x00000000cb700000, 0x00000000cb700000| Complete 
| 184|0x00000000cb800000, 0x00000000cb900000, 0x00000000cb900000|100%| E|CS|TAMS 0x00000000cb800000, 0x00000000cb800000| Complete 
| 185|0x00000000cb900000, 0x00000000cba00000, 0x00000000cba00000|100%| E|CS|TAMS 0x00000000cb900000, 0x00000000cb900000| Complete 
| 186|0x00000000cba00000, 0x00000000cbb00000, 0x00000000cbb00000|100%| E|CS|TAMS 0x00000000cba00000, 0x00000000cba00000| Complete 
| 187|0x00000000cbb00000, 0x00000000cbc00000, 0x00000000cbc00000|100%| E|CS|TAMS 0x00000000cbb00000, 0x00000000cbb00000| Complete 
| 188|0x00000000cbc00000, 0x00000000cbd00000, 0x00000000cbd00000|100%| E|CS|TAMS 0x00000000cbc00000, 0x00000000cbc00000| Complete 
| 189|0x00000000cbd00000, 0x00000000cbe00000, 0x00000000cbe00000|100%| E|CS|TAMS 0x00000000cbd00000, 0x00000000cbd00000| Complete 
| 190|0x00000000cbe00000, 0x00000000cbf00000, 0x00000000cbf00000|100%| E|CS|TAMS 0x00000000cbe00000, 0x00000000cbe00000| Complete 
| 191|0x00000000cbf00000, 0x00000000cc000000, 0x00000000cc000000|100%| E|CS|TAMS 0x00000000cbf00000, 0x00000000cbf00000| Complete 
| 192|0x00000000cc000000, 0x00000000cc100000, 0x00000000cc100000|100%| E|CS|TAMS 0x00000000cc000000, 0x00000000cc000000| Complete 
| 193|0x00000000cc100000, 0x00000000cc200000, 0x00000000cc200000|100%| E|CS|TAMS 0x00000000cc100000, 0x00000000cc100000| Complete 
| 194|0x00000000cc200000, 0x00000000cc300000, 0x00000000cc300000|100%| E|CS|TAMS 0x00000000cc200000, 0x00000000cc200000| Complete 
| 195|0x00000000cc300000, 0x00000000cc400000, 0x00000000cc400000|100%| E|CS|TAMS 0x00000000cc300000, 0x00000000cc300000| Complete 
| 196|0x00000000cc400000, 0x00000000cc500000, 0x00000000cc500000|100%| E|CS|TAMS 0x00000000cc400000, 0x00000000cc400000| Complete 
| 197|0x00000000cc500000, 0x00000000cc600000, 0x00000000cc600000|100%| E|CS|TAMS 0x00000000cc500000, 0x00000000cc500000| Complete 
| 198|0x00000000cc600000, 0x00000000cc700000, 0x00000000cc700000|100%| E|CS|TAMS 0x00000000cc600000, 0x00000000cc600000| Complete 
| 199|0x00000000cc700000, 0x00000000cc800000, 0x00000000cc800000|100%| E|CS|TAMS 0x00000000cc700000, 0x00000000cc700000| Complete 
| 200|0x00000000cc800000, 0x00000000cc900000, 0x00000000cc900000|100%| E|CS|TAMS 0x00000000cc800000, 0x00000000cc800000| Complete 
| 201|0x00000000cc900000, 0x00000000cca00000, 0x00000000cca00000|100%| E|CS|TAMS 0x00000000cc900000, 0x00000000cc900000| Complete 

Card table byte_map: [0x00000258dbb50000,0x00000258dbd50000] _byte_map_base: 0x00000258db550000

Marking Bits (Prev, Next): (CMBitMap*) 0x00000258c4b2ea40, (CMBitMap*) 0x00000258c4b2ea80
 Prev Bits: [0x00000258dbf50000, 0x00000258dcf50000)
 Next Bits: [0x00000258dcf50000, 0x00000258ddf50000)

Polling page: 0x00000258c29b0000

Metaspace:

Usage:
  Non-class:     12.02 MB used.
      Class:    918.72 KB used.
       Both:     12.92 MB used.

Virtual space:
  Non-class space:       64.00 MB reserved,      12.06 MB ( 19%) committed,  1 nodes.
      Class space:        1.00 GB reserved,       1.00 MB ( <1%) committed,  1 nodes.
             Both:        1.06 GB reserved,      13.06 MB (  1%) committed. 

Chunk freelists:
   Non-Class:  3.31 MB
       Class:  14.91 MB
        Both:  18.22 MB

MaxMetaspaceSize: unlimited
CompressedClassSpaceSize: 1.00 GB
Initial GC threshold: 21.00 MB
Current GC threshold: 21.38 MB
CDS: on
MetaspaceReclaimPolicy: balanced
 - commit_granule_bytes: 65536.
 - commit_granule_words: 8192.
 - virtual_space_node_default_size: 8388608.
 - enlarge_chunks_in_place: 1.
 - new_chunks_are_fully_committed: 0.
 - uncommit_free_chunks: 1.
 - use_allocation_guard: 0.
 - handle_deallocations: 1.


Internal statistics:

num_allocs_failed_limit: 0.
num_arena_births: 106.
num_arena_deaths: 0.
num_vsnodes_births: 2.
num_vsnodes_deaths: 0.
num_space_committed: 205.
num_space_uncommitted: 0.
num_chunks_returned_to_freelist: 0.
num_chunks_taken_from_freelist: 393.
num_chunk_merges: 0.
num_chunk_splits: 310.
num_chunks_enlarged: 249.
num_inconsistent_stats: 0.

CodeHeap 'non-profiled nmethods': size=120000Kb used=900Kb max_used=900Kb free=119099Kb
 bounds [0x00000258d40f0000, 0x00000258d4360000, 0x00000258db620000]
CodeHeap 'profiled nmethods': size=120000Kb used=3548Kb max_used=3548Kb free=116451Kb
 bounds [0x00000258cc620000, 0x00000258cc9a0000, 0x00000258d3b50000]
CodeHeap 'non-nmethods': size=5760Kb used=1616Kb max_used=1648Kb free=4143Kb
 bounds [0x00000258d3b50000, 0x00000258d3dc0000, 0x00000258d40f0000]
 total_blobs=2741 nmethods=1802 adapters=852
 compilation: enabled
              stopped_count=0, restarted_count=0
 full_count=0

Compilation events (20 events):
Event: 22.975 Thread 0x00000258e09aa790 1793       3       processing.opengl.PJOGL::uniformMatrix4fv (15 bytes)
Event: 22.976 Thread 0x00000258e09aa790 nmethod 1793 0x00000258cc98ef10 code [0x00000258cc98f0c0, 0x00000258cc98f2c8]
Event: 23.015 Thread 0x00000258e09aa790 1794       3       processing.opengl.PGraphicsOpenGL$IndexCache::getLast (28 bytes)
Event: 23.015 Thread 0x00000258e09aa790 nmethod 1794 0x00000258cc98f390 code [0x00000258cc98f540, 0x00000258cc98f6f8]
Event: 23.630 Thread 0x00000258e09aa790 1795       3       processing.opengl.PGraphicsOpenGL$TessGeometry::copyPolyVertices (79 bytes)
Event: 23.631 Thread 0x00000258e09aa790 nmethod 1795 0x00000258cc98f810 code [0x00000258cc98fa60, 0x00000258cc9902e8]
Event: 23.633 Thread 0x00000258e09aa790 1796       3       processing.opengl.PShader::bindTextures (126 bytes)
Event: 23.635 Thread 0x00000258e09aa790 nmethod 1796 0x00000258cc990690 code [0x00000258cc990980, 0x00000258cc991d58]
Event: 23.635 Thread 0x00000258e09aa790 1797       3       processing.opengl.PShader::bindTyped (516 bytes)
Event: 23.636 Thread 0x00000258e09aa790 nmethod 1797 0x00000258cc992410 code [0x00000258cc992900, 0x00000258cc994df8]
Event: 23.636 Thread 0x00000258e09aa790 1798       3       processing.opengl.PShader::unbind (36 bytes)
Event: 23.637 Thread 0x00000258e09aa790 nmethod 1798 0x00000258cc995a90 code [0x00000258cc995c60, 0x00000258cc996088]
Event: 27.896 Thread 0x00000258e09817a0 1799       4       jogamp.common.util.locks.RecursiveLockImpl01Unfairish$SingleThreadSync::isOwner (14 bytes)
Event: 27.897 Thread 0x00000258e09817a0 nmethod 1799 0x00000258d41d0e10 code [0x00000258d41d0f80, 0x00000258d41d1018]
Event: 28.704 Thread 0x00000258e09aa790 1800       3       java.lang.AbstractStringBuilder::append (55 bytes)
Event: 28.705 Thread 0x00000258e09aa790 nmethod 1800 0x00000258cc996210 code [0x00000258cc9963e0, 0x00000258cc996718]
Event: 28.735 Thread 0x00000258e09aa790 1801       3       jdk.internal.misc.Unsafe::getAndAddLong (27 bytes)
Event: 28.736 Thread 0x00000258e09aa790 nmethod 1801 0x00000258cc996890 code [0x00000258cc996a40, 0x00000258cc996c88]
Event: 28.736 Thread 0x00000258e09aa790 1802       3       jdk.internal.misc.Unsafe::weakCompareAndSetLong (11 bytes)
Event: 28.736 Thread 0x00000258e09aa790 nmethod 1802 0x00000258cc996d90 code [0x00000258cc996f20, 0x00000258cc997058]

GC Heap History (20 events):
Event: 14.225 GC heap before
{Heap before GC invocations=24 (full 0):
 garbage-first heap   total 172032K, used 148937K [0x00000000c0000000, 0x0000000100000000)
  region size 1024K, 65 young (66560K), 2 survivors (2048K)
 Metaspace       used 12913K, committed 13120K, reserved 1114112K
  class space    used 914K, committed 1024K, reserved 1048576K
}
Event: 14.226 GC heap after
{Heap after GC invocations=25 (full 0):
 garbage-first heap   total 172032K, used 84166K [0x00000000c0000000, 0x0000000100000000)
  region size 1024K, 2 young (2048K), 2 survivors (2048K)
 Metaspace       used 12913K, committed 13120K, reserved 1114112K
  class space    used 914K, committed 1024K, reserved 1048576K
}
Event: 15.439 GC heap before
{Heap before GC invocations=25 (full 0):
 garbage-first heap   total 172032K, used 148678K [0x00000000c0000000, 0x0000000100000000)
  region size 1024K, 65 young (66560K), 2 survivors (2048K)
 Metaspace       used 12926K, committed 13120K, reserved 1114112K
  class space    used 914K, committed 1024K, reserved 1048576K
}
Event: 15.441 GC heap after
{Heap after GC invocations=26 (full 0):
 garbage-first heap   total 172032K, used 83888K [0x00000000c0000000, 0x0000000100000000)
  region size 1024K, 2 young (2048K), 2 survivors (2048K)
 Metaspace       used 12926K, committed 13120K, reserved 1114112K
  class space    used 914K, committed 1024K, reserved 1048576K
}
Event: 16.662 GC heap before
{Heap before GC invocations=27 (full 0):
 garbage-first heap   total 172032K, used 148400K [0x00000000c0000000, 0x0000000100000000)
  region size 1024K, 65 young (66560K), 2 survivors (2048K)
 Metaspace       used 13072K, committed 13248K, reserved 1114112K
  class space    used 914K, committed 1024K, reserved 1048576K
}
Event: 16.663 GC heap after
{Heap after GC invocations=28 (full 0):
 garbage-first heap   total 172032K, used 82939K [0x00000000c0000000, 0x0000000100000000)
  region size 1024K, 1 young (1024K), 1 survivors (1024K)
 Metaspace       used 13072K, committed 13248K, reserved 1114112K
  class space    used 914K, committed 1024K, reserved 1048576K
}
Event: 17.892 GC heap before
{Heap before GC invocations=28 (full 0):
 garbage-first heap   total 172032K, used 149499K [0x00000000c0000000, 0x0000000100000000)
  region size 1024K, 66 young (67584K), 1 survivors (1024K)
 Metaspace       used 13088K, committed 13248K, reserved 1114112K
  class space    used 914K, committed 1024K, reserved 1048576K
}
Event: 17.893 GC heap after
{Heap after GC invocations=29 (full 0):
 garbage-first heap   total 172032K, used 83926K [0x00000000c0000000, 0x0000000100000000)
  region size 1024K, 2 young (2048K), 2 survivors (2048K)
 Metaspace       used 13088K, committed 13248K, reserved 1114112K
  class space    used 914K, committed 1024K, reserved 1048576K
}
Event: 19.142 GC heap before
{Heap before GC invocations=30 (full 0):
 garbage-first heap   total 172032K, used 149462K [0x00000000c0000000, 0x0000000100000000)
  region size 1024K, 66 young (67584K), 2 survivors (2048K)
 Metaspace       used 13088K, committed 13248K, reserved 1114112K
  class space    used 914K, committed 1024K, reserved 1048576K
}
Event: 19.144 GC heap after
{Heap after GC invocations=31 (full 0):
 garbage-first heap   total 206848K, used 84176K [0x00000000c0000000, 0x0000000100000000)
  region size 1024K, 2 young (2048K), 2 survivors (2048K)
 Metaspace       used 13088K, committed 13248K, reserved 1114112K
  class space    used 914K, committed 1024K, reserved 1048576K
}
Event: 20.938 GC heap before
{Heap before GC invocations=31 (full 0):
 garbage-first heap   total 206848K, used 180432K [0x00000000c0000000, 0x0000000100000000)
  region size 1024K, 96 young (98304K), 2 survivors (2048K)
 Metaspace       used 13089K, committed 13248K, reserved 1114112K
  class space    used 914K, committed 1024K, reserved 1048576K
}
Event: 20.940 GC heap after
{Heap after GC invocations=32 (full 0):
 garbage-first heap   total 206848K, used 83924K [0x00000000c0000000, 0x0000000100000000)
  region size 1024K, 2 young (2048K), 2 survivors (2048K)
 Metaspace       used 13089K, committed 13248K, reserved 1114112K
  class space    used 914K, committed 1024K, reserved 1048576K
}
Event: 22.758 GC heap before
{Heap before GC invocations=32 (full 0):
 garbage-first heap   total 206848K, used 180180K [0x00000000c0000000, 0x0000000100000000)
  region size 1024K, 96 young (98304K), 2 survivors (2048K)
 Metaspace       used 13113K, committed 13312K, reserved 1114112K
  class space    used 914K, committed 1024K, reserved 1048576K
}
Event: 22.759 GC heap after
{Heap after GC invocations=33 (full 0):
 garbage-first heap   total 206848K, used 83739K [0x00000000c0000000, 0x0000000100000000)
  region size 1024K, 2 young (2048K), 2 survivors (2048K)
 Metaspace       used 13113K, committed 13312K, reserved 1114112K
  class space    used 914K, committed 1024K, reserved 1048576K
}
Event: 24.611 GC heap before
{Heap before GC invocations=33 (full 0):
 garbage-first heap   total 206848K, used 179995K [0x00000000c0000000, 0x0000000100000000)
  region size 1024K, 96 young (98304K), 2 survivors (2048K)
 Metaspace       used 13186K, committed 13376K, reserved 1114112K
  class space    used 914K, committed 1024K, reserved 1048576K
}
Event: 24.612 GC heap after
{Heap after GC invocations=34 (full 0):
 garbage-first heap   total 206848K, used 83476K [0x00000000c0000000, 0x0000000100000000)
  region size 1024K, 1 young (1024K), 1 survivors (1024K)
 Metaspace       used 13186K, committed 13376K, reserved 1114112K
  class space    used 914K, committed 1024K, reserved 1048576K
}
Event: 26.431 GC heap before
{Heap before GC invocations=34 (full 0):
 garbage-first heap   total 206848K, used 180756K [0x00000000c0000000, 0x0000000100000000)
  region size 1024K, 96 young (98304K), 1 survivors (1024K)
 Metaspace       used 13186K, committed 13376K, reserved 1114112K
  class space    used 914K, committed 1024K, reserved 1048576K
}
Event: 26.433 GC heap after
{Heap after GC invocations=35 (full 0):
 garbage-first heap   total 206848K, used 84268K [0x00000000c0000000, 0x0000000100000000)
  region size 1024K, 2 young (2048K), 2 survivors (2048K)
 Metaspace       used 13186K, committed 13376K, reserved 1114112K
  class space    used 914K, committed 1024K, reserved 1048576K
}
Event: 28.227 GC heap before
{Heap before GC invocations=35 (full 0):
 garbage-first heap   total 206848K, used 180524K [0x00000000c0000000, 0x0000000100000000)
  region size 1024K, 96 young (98304K), 2 survivors (2048K)
 Metaspace       used 13186K, committed 13376K, reserved 1114112K
  class space    used 914K, committed 1024K, reserved 1048576K
}
Event: 28.229 GC heap after
{Heap after GC invocations=36 (full 0):
 garbage-first heap   total 206848K, used 84576K [0x00000000c0000000, 0x0000000100000000)
  region size 1024K, 2 young (2048K), 2 survivors (2048K)
 Metaspace       used 13186K, committed 13376K, reserved 1114112K
  class space    used 914K, committed 1024K, reserved 1048576K
}

Dll operation events (14 events):
Event: 0.008 Loaded shared library C:\Program Files\Processing\app\resources\jdk-17.0.14+7\bin\java.dll
Event: 0.022 Loaded shared library C:\Program Files\Processing\app\resources\jdk-17.0.14+7\bin\jsvml.dll
Event: 0.095 Loaded shared library C:\Program Files\Processing\app\resources\jdk-17.0.14+7\bin\net.dll
Event: 0.097 Loaded shared library C:\Program Files\Processing\app\resources\jdk-17.0.14+7\bin\nio.dll
Event: 0.100 Loaded shared library C:\Program Files\Processing\app\resources\jdk-17.0.14+7\bin\zip.dll
Event: 0.157 Loaded shared library C:\Program Files\Processing\app\resources\jdk-17.0.14+7\bin\jimage.dll
Event: 0.161 Loaded shared library C:\Program Files\Processing\app\resources\jdk-17.0.14+7\bin\awt.dll
Event: 0.582 Loaded shared library C:\Users\danil\AppData\Local\Temp\jogamp_0000\file_cache\jln14673099839627808431\jln11075493075465458913\natives\windows-amd64\gluegen_rt.dll
Event: 0.591 Loaded shared library C:\Program Files\Processing\app\resources\jdk-17.0.14+7\bin\jawt.dll
Event: 0.606 Loaded shared library C:\Users\danil\AppData\Local\Temp\jogamp_0000\file_cache\jln14673099839627808431\jln11075493075465458913\natives\windows-amd64\nativewindow_awt.dll
Event: 0.643 Loaded shared library C:\Users\danil\AppData\Local\Temp\jogamp_0000\file_cache\jln14673099839627808431\jln11075493075465458913\natives\windows-amd64\nativewindow_win32.dll
Event: 0.760 Loaded shared library C:\Users\danil\AppData\Local\Temp\jogamp_0000\file_cache\jln14673099839627808431\jln11075493075465458913\natives\windows-amd64\jogl_desktop.dll
Event: 1.015 Loaded shared library C:\Users\danil\AppData\Local\Temp\jogamp_0000\file_cache\jln14673099839627808431\jln11075493075465458913\natives\windows-amd64\jogl_mobile.dll
Event: 1.906 Loaded shared library C:\Users\danil\AppData\Local\Temp\jogamp_0000\file_cache\jln14673099839627808431\jln11075493075465458913\natives\windows-amd64\newt_head.dll

Deoptimization events (20 events):
Event: 28.586 Thread 0x00000258e6fa5c40 DEOPT PACKING pc=0x00000258cc8fd141 sp=0x000000ba4c0fec90
Event: 28.586 Thread 0x00000258e6fa5c40 DEOPT UNPACKING pc=0x00000258d3baace3 sp=0x000000ba4c0fe180 mode 1
Event: 28.586 Thread 0x00000258e6fa5c40 DEOPT PACKING pc=0x00000258cc8f9d74 sp=0x000000ba4c0fed20
Event: 28.586 Thread 0x00000258e6fa5c40 DEOPT UNPACKING pc=0x00000258d3baace3 sp=0x000000ba4c0fe1d8 mode 1
Event: 28.641 Thread 0x00000258e6fa5c40 DEOPT PACKING pc=0x00000258cc8fd141 sp=0x000000ba4c0fec30
Event: 28.641 Thread 0x00000258e6fa5c40 DEOPT UNPACKING pc=0x00000258d3baace3 sp=0x000000ba4c0fe120 mode 1
Event: 28.641 Thread 0x00000258e6fa5c40 DEOPT PACKING pc=0x00000258cc8f9d74 sp=0x000000ba4c0fecc0
Event: 28.641 Thread 0x00000258e6fa5c40 DEOPT UNPACKING pc=0x00000258d3baace3 sp=0x000000ba4c0fe178 mode 1
Event: 28.641 Thread 0x00000258e6fa5c40 DEOPT PACKING pc=0x00000258cc8fd141 sp=0x000000ba4c0fec90
Event: 28.641 Thread 0x00000258e6fa5c40 DEOPT UNPACKING pc=0x00000258d3baace3 sp=0x000000ba4c0fe180 mode 1
Event: 28.641 Thread 0x00000258e6fa5c40 DEOPT PACKING pc=0x00000258cc8f9d74 sp=0x000000ba4c0fed20
Event: 28.641 Thread 0x00000258e6fa5c40 DEOPT UNPACKING pc=0x00000258d3baace3 sp=0x000000ba4c0fe1d8 mode 1
Event: 28.724 Thread 0x00000258e545ad70 Uncommon trap: trap_request=0xffffff45 fr.pc=0x00000258d41cae80 relative=0x00000000000000e0
Event: 28.724 Thread 0x00000258e545ad70 Uncommon trap: reason=unstable_if action=reinterpret pc=0x00000258d41cae80 method=java.util.HashMap$HashIterator.<init>(Ljava/util/HashMap;)V @ 38 c2
Event: 28.724 Thread 0x00000258e545ad70 DEOPT PACKING pc=0x00000258d41cae80 sp=0x000000ba4b3ff060
Event: 28.724 Thread 0x00000258e545ad70 DEOPT UNPACKING pc=0x00000258d3baa1a3 sp=0x000000ba4b3fef40 mode 2
Event: 28.730 Thread 0x00000258e545ad70 Uncommon trap: trap_request=0xffffff45 fr.pc=0x00000258d41aa870 relative=0x00000000000000f0
Event: 28.730 Thread 0x00000258e545ad70 Uncommon trap: reason=unstable_if action=reinterpret pc=0x00000258d41aa870 method=com.jogamp.common.util.IntIntHashMap.put(II)I @ 21 c2
Event: 28.730 Thread 0x00000258e545ad70 DEOPT PACKING pc=0x00000258d41aa870 sp=0x000000ba4b3fed70
Event: 28.730 Thread 0x00000258e545ad70 DEOPT UNPACKING pc=0x00000258d3baa1a3 sp=0x000000ba4b3fecd8 mode 2

Classes loaded (20 events):
Event: 2.142 Loading class java/util/concurrent/Callable done
Event: 2.142 Loading class java/util/concurrent/Executors$RunnableAdapter done
Event: 2.142 Loading class java/util/concurrent/ThreadPoolExecutor$Worker
Event: 2.142 Loading class java/util/concurrent/ThreadPoolExecutor$Worker done
Event: 2.146 Loading class java/util/concurrent/locks/AbstractQueuedSynchronizer$SharedNode
Event: 2.146 Loading class java/util/concurrent/locks/AbstractQueuedSynchronizer$SharedNode done
Event: 2.290 Loading class sun/nio/cs/StreamDecoder
Event: 2.290 Loading class sun/nio/cs/StreamDecoder done
Event: 2.291 Loading class java/util/regex/Pattern$LookBehindEndNode
Event: 2.291 Loading class java/util/regex/Pattern$LookBehindEndNode done
Event: 2.291 Loading class java/util/regex/Pattern$NotBehind
Event: 2.291 Loading class java/util/regex/Pattern$NotBehind done
Event: 2.291 Loading class java/util/regex/Pattern$Neg
Event: 2.291 Loading class java/util/regex/Pattern$Neg done
Event: 2.291 Loading class java/util/regex/Pattern$Pos
Event: 2.291 Loading class java/util/regex/Pattern$Pos done
Event: 2.306 Loading class java/util/regex/Pattern$SliceS
Event: 2.306 Loading class java/util/regex/Pattern$SliceS done
Event: 28.704 Loading class java/nio/channels/ClosedChannelException
Event: 28.704 Loading class java/nio/channels/ClosedChannelException done

Classes unloaded (0 events):
No events

Classes redefined (0 events):
No events

Internal exceptions (20 events):
Event: 0.140 Thread 0x00000258c4aeb370 Exception <a 'java/lang/NoSuchMethodError'{0x00000000c3ce4fb0}: 'void java.lang.invoke.DirectMethodHandle$Holder.invokeStatic(java.lang.Object, java.lang.Object, java.lang.Object)'> (0x00000000c3ce4fb0) 
thrown [s\src\hotspot\share\interpreter\linkResolver.cpp, line 759]
Event: 0.150 Thread 0x00000258c4aeb370 Exception <a 'java/lang/ClassNotFoundException'{0x00000000c3b0d918}: sun/awt/resources/spi/awtProvider> (0x00000000c3b0d918) 
thrown [s\src\hotspot\share\classfile\systemDictionary.cpp, line 256]
Event: 0.173 Thread 0x00000258c4aeb370 Exception <a 'java/io/FileNotFoundException'{0x00000000c3b63258}> (0x00000000c3b63258) 
thrown [s\src\hotspot\share\prims\jni.cpp, line 516]
Event: 0.180 Thread 0x00000258c4aeb370 Exception <a 'java/io/FileNotFoundException'{0x00000000c3b906d8}> (0x00000000c3b906d8) 
thrown [s\src\hotspot\share\prims\jni.cpp, line 516]
Event: 0.222 Thread 0x00000258c4aeb370 Exception <a 'java/lang/NoSuchMethodError'{0x00000000c3a3e218}: 'java.lang.Object java.lang.invoke.DirectMethodHandle$Holder.invokeStaticInit(java.lang.Object)'> (0x00000000c3a3e218) 
thrown [s\src\hotspot\share\interpreter\linkResolver.cpp, line 759]
Event: 0.339 Thread 0x00000258c4aeb370 Exception <a 'java/lang/NoSuchMethodError'{0x00000000c364c268}: 'java.lang.Object java.lang.invoke.DirectMethodHandle$Holder.invokeStaticInit(java.lang.Object, int, int, int, int)'> (0x00000000c364c268) 
thrown [s\src\hotspot\share\interpreter\linkResolver.cpp, line 759]
Event: 0.388 Thread 0x00000258c4aeb370 Exception <a 'java/lang/NoSuchMethodError'{0x00000000c35362c0}: 'java.lang.Object java.lang.invoke.DirectMethodHandle$Holder.invokeStaticInit(java.lang.Object, java.lang.Object, int, int, int, int)'> (0x00000000c35362c0) 
thrown [s\src\hotspot\share\interpreter\linkResolver.cpp, line 759]
Event: 0.445 Thread 0x00000258c4aeb370 Exception <a 'java/lang/NoSuchMethodError'{0x00000000c3541ac8}: 'void java.lang.invoke.DirectMethodHandle$Holder.invokeStatic(java.lang.Object, long)'> (0x00000000c3541ac8) 
thrown [s\src\hotspot\share\interpreter\linkResolver.cpp, line 759]
Event: 0.446 Thread 0x00000258c4aeb370 Exception <a 'java/lang/NoSuchMethodError'{0x00000000c35470a8}: 'java.lang.Object java.lang.invoke.DirectMethodHandle$Holder.newInvokeSpecial(java.lang.Object, long)'> (0x00000000c35470a8) 
thrown [s\src\hotspot\share\interpreter\linkResolver.cpp, line 759]
Event: 0.448 Thread 0x00000258c4aeb370 Exception <a 'java/lang/NoSuchMethodError'{0x00000000c35518c0}: 'java.lang.Object java.lang.invoke.DirectMethodHandle$Holder.invokeStaticInit(java.lang.Object, java.lang.Object, long, java.lang.Object)'> (0x00000000c35518c0) 
thrown [s\src\hotspot\share\interpreter\linkResolver.cpp, line 759]
Event: 0.450 Thread 0x00000258c4aeb370 Exception <a 'java/lang/NoSuchMethodError'{0x00000000c3557e80}: 'java.lang.Object java.lang.invoke.DirectMethodHandle$Holder.newInvokeSpecial(java.lang.Object, java.lang.Object, long)'> (0x00000000c3557e80) 
thrown [s\src\hotspot\share\interpreter\linkResolver.cpp, line 759]
Event: 0.450 Thread 0x00000258c4aeb370 Exception <a 'java/lang/NoSuchMethodError'{0x00000000c355b9f0}: 'java.lang.Object java.lang.invoke.Invokers$Holder.linkToTargetMethod(java.lang.Object, long, java.lang.Object)'> (0x00000000c355b9f0) 
thrown [s\src\hotspot\share\interpreter\linkResolver.cpp, line 759]
Event: 0.620 Thread 0x00000258c4aeb370 Exception <a 'java/lang/NoSuchMethodError'{0x00000000c34cc338}: 'java.lang.Object java.lang.invoke.DirectMethodHandle$Holder.invokeInterface(java.lang.Object, java.lang.Object)'> (0x00000000c34cc338) 
thrown [s\src\hotspot\share\interpreter\linkResolver.cpp, line 759]
Event: 0.620 Thread 0x00000258c4aeb370 Exception <a 'java/lang/IncompatibleClassChangeError'{0x00000000c34cfc58}: Found class java.lang.Object, but interface was expected> (0x00000000c34cfc58) 
thrown [s\src\hotspot\share\interpreter\linkResolver.cpp, line 826]
Event: 2.009 Thread 0x00000258c4aeb370 Exception <a 'java/lang/NoSuchMethodError'{0x00000000c33f5108}: 'void java.lang.invoke.DirectMethodHandle$Holder.invokeSpecial(java.lang.Object, java.lang.Object, java.lang.Object, java.lang.Object, java.lang.Object)'> (0x00000000c33f5108) 
thrown [s\src\hotspot\share\interpreter\linkResolver.cpp, line 759]
Event: 2.011 Thread 0x00000258c4aeb370 Exception <a 'java/lang/NoSuchMethodError'{0x00000000c33fe0c8}: 'void java.lang.invoke.DirectMethodHandle$Holder.invokeSpecial(java.lang.Object, java.lang.Object, java.lang.Object)'> (0x00000000c33fe0c8) 
thrown [s\src\hotspot\share\interpreter\linkResolver.cpp, line 759]
Event: 2.012 Thread 0x00000258c4aeb370 Exception <a 'java/lang/NoSuchMethodError'{0x00000000c3204650}: 'void java.lang.invoke.DirectMethodHandle$Holder.invokeSpecial(java.lang.Object, java.lang.Object, int)'> (0x00000000c3204650) 
thrown [s\src\hotspot\share\interpreter\linkResolver.cpp, line 759]
Event: 2.013 Thread 0x00000258c4aeb370 Exception <a 'java/lang/NoSuchMethodError'{0x00000000c320a668}: 'java.lang.Object java.lang.invoke.DirectMethodHandle$Holder.newInvokeSpecial(java.lang.Object, java.lang.Object, int)'> (0x00000000c320a668) 
thrown [s\src\hotspot\share\interpreter\linkResolver.cpp, line 759]
Event: 28.703 Thread 0x00000258e6ccfad0 Exception <a 'java/lang/InterruptedException'{0x00000000cb280000}> (0x00000000cb280000) 
thrown [s\src\hotspot\share\runtime\objectMonitor.cpp, line 1658]
Event: 28.730 Thread 0x00000258e545ad70 Implicit null exception at 0x00000258d41aa7c4 to 0x00000258d41aa84c

VM Operations (20 events):
Event: 17.902 Executing VM operation: G1PauseRemark done
Event: 17.905 Executing VM operation: G1PauseCleanup
Event: 17.905 Executing VM operation: G1PauseCleanup done
Event: 18.905 Executing VM operation: Cleanup
Event: 18.905 Executing VM operation: Cleanup done
Event: 19.142 Executing VM operation: G1CollectForAllocation
Event: 19.144 Executing VM operation: G1CollectForAllocation done
Event: 20.938 Executing VM operation: G1CollectForAllocation
Event: 20.940 Executing VM operation: G1CollectForAllocation done
Event: 22.758 Executing VM operation: G1CollectForAllocation
Event: 22.759 Executing VM operation: G1CollectForAllocation done
Event: 23.759 Executing VM operation: Cleanup
Event: 23.759 Executing VM operation: Cleanup done
Event: 24.611 Executing VM operation: G1CollectForAllocation
Event: 24.612 Executing VM operation: G1CollectForAllocation done
Event: 26.431 Executing VM operation: G1CollectForAllocation
Event: 26.433 Executing VM operation: G1CollectForAllocation done
Event: 28.227 Executing VM operation: G1CollectForAllocation
Event: 28.229 Executing VM operation: G1CollectForAllocation done
Event: 28.805 Executing VM operation: Exit

Memory protections (0 events):
No events

Nmethod flushes (0 events):
No events

Events (20 events):
Event: 2.145 Thread 0x00000258e6fa5c40 Thread added: 0x00000258f7b2ea80
Event: 2.145 Thread 0x00000258e6fa5c40 Thread added: 0x00000258f7b32740
Event: 2.146 Thread 0x00000258e6fa5c40 Thread added: 0x00000258f7b2ef90
Event: 2.146 Thread 0x00000258e6fa5c40 Thread added: 0x00000258f7b32c50
Event: 2.146 Thread 0x00000258e6fa5c40 Thread added: 0x00000258f7b2f4a0
Event: 2.146 Thread 0x00000258e6fa5c40 Thread added: 0x00000258f7b33b80
Event: 2.522 Thread 0x00000258f7678700 Thread exited: 0x00000258f7678700
Event: 2.763 Thread 0x00000258e703a090 Thread exited: 0x00000258e703a090
Event: 28.703 Thread 0x00000258e6fa5c40 Thread added: 0x00000258f7b345a0
Event: 28.703 Thread 0x00000258e6fa5c40 Thread added: 0x00000258f7b34fc0
Event: 28.703 Thread 0x00000258e6fa5c40 Thread added: 0x00000258f7b33160
Event: 28.703 Thread 0x00000258e6ccfad0 Thread exited: 0x00000258e6ccfad0
Event: 28.704 Thread 0x00000258e52237f0 Thread added: 0x00000258f7b34090
Event: 28.704 Thread 0x00000258f7b33160 Thread exited: 0x00000258f7b33160
Event: 28.704 Thread 0x00000258e67185c0 Thread exited: 0x00000258e67185c0
Event: 28.706 Thread 0x00000258e52237f0 Thread exited: 0x00000258e52237f0
Event: 28.731 Thread 0x00000258e545ad70 Thread exited: 0x00000258e545ad70
Event: 28.736 Thread 0x00000258f7b345a0 Thread exited: 0x00000258f7b345a0
Event: 28.804 Thread 0x00000258f7b34fc0 Thread exited: 0x00000258f7b34fc0
Event: 28.804 Thread 0x00000258e6fa5c40 Before exit entered


Dynamic libraries:
0x00007ff705240000 - 0x00007ff70524e000 	C:\Program Files\Processing\app\resources\jdk-17.0.14+7\bin\java.exe
0x00007ffe8d7a0000 - 0x00007ffe8da07000 	C:\WINDOWS\SYSTEM32\ntdll.dll
0x00007ffe8bad0000 - 0x00007ffe8bb99000 	C:\WINDOWS\System32\KERNEL32.DLL
0x00007ffe8afe0000 - 0x00007ffe8b3d7000 	C:\WINDOWS\System32\KERNELBASE.dll
0x00007ffe8ac60000 - 0x00007ffe8adab000 	C:\WINDOWS\System32\ucrtbase.dll
0x00007ffe878f0000 - 0x00007ffe87907000 	C:\Program Files\Processing\app\resources\jdk-17.0.14+7\bin\jli.dll
0x00007ffe85b20000 - 0x00007ffe85b3e000 	C:\Program Files\Processing\app\resources\jdk-17.0.14+7\bin\VCRUNTIME140.dll
0x00007ffe8b720000 - 0x00007ffe8b8e6000 	C:\WINDOWS\System32\USER32.dll
0x00007ffe8a290000 - 0x00007ffe8a2b7000 	C:\WINDOWS\System32\win32u.dll
0x00007ffe73250000 - 0x00007ffe734e2000 	C:\WINDOWS\WinSxS\amd64_microsoft.windows.common-controls_6595b64144ccf1df_6.0.26100.8457_none_3e0b2faee331e92d\COMCTL32.dll
0x00007ffe8d080000 - 0x00007ffe8d0ab000 	C:\WINDOWS\System32\GDI32.dll
0x00007ffe8a2c0000 - 0x00007ffe8a3ec000 	C:\WINDOWS\System32\gdi32full.dll
0x00007ffe8b960000 - 0x00007ffe8ba09000 	C:\WINDOWS\System32\msvcrt.dll
0x00007ffe8b470000 - 0x00007ffe8b513000 	C:\WINDOWS\System32\msvcp_win.dll
0x00007ffe8d720000 - 0x00007ffe8d752000 	C:\WINDOWS\System32\IMM32.DLL
0x00007ffe879f0000 - 0x00007ffe879fc000 	C:\Program Files\Processing\app\resources\jdk-17.0.14+7\bin\vcruntime140_1.dll
0x00007ffe7bef0000 - 0x00007ffe7bf7d000 	C:\Program Files\Processing\app\resources\jdk-17.0.14+7\bin\msvcp140.dll
0x00007ffdf50b0000 - 0x00007ffdf5d1b000 	C:\Program Files\Processing\app\resources\jdk-17.0.14+7\bin\server\jvm.dll
0x00007ffe8ba10000 - 0x00007ffe8bac6000 	C:\WINDOWS\System32\ADVAPI32.dll
0x00007ffe8d0f0000 - 0x00007ffe8d197000 	C:\WINDOWS\System32\sechost.dll
0x00007ffe8b520000 - 0x00007ffe8b638000 	C:\WINDOWS\System32\RPCRT4.dll
0x00007ffe8b640000 - 0x00007ffe8b6c0000 	C:\WINDOWS\System32\WS2_32.dll
0x00007ffe8a030000 - 0x00007ffe8a08e000 	C:\WINDOWS\SYSTEM32\POWRPROF.dll
0x00007ffe73640000 - 0x00007ffe73676000 	C:\WINDOWS\SYSTEM32\WINMM.dll
0x00007ffe810b0000 - 0x00007ffe810bb000 	C:\WINDOWS\SYSTEM32\VERSION.dll
0x00007ffe8a010000 - 0x00007ffe8a024000 	C:\WINDOWS\SYSTEM32\UMPDC.dll
0x00007ffe88f60000 - 0x00007ffe88f7b000 	C:\WINDOWS\SYSTEM32\kernel.appcore.dll
0x00007ffe879c0000 - 0x00007ffe879ca000 	C:\Program Files\Processing\app\resources\jdk-17.0.14+7\bin\jimage.dll
0x00007ffe74060000 - 0x00007ffe742a2000 	C:\WINDOWS\SYSTEM32\DBGHELP.DLL
0x00007ffe8d390000 - 0x00007ffe8d713000 	C:\WINDOWS\System32\combase.dll
0x00007ffe8c8d0000 - 0x00007ffe8c9a9000 	C:\WINDOWS\System32\OLEAUT32.dll
0x00007ffe7b860000 - 0x00007ffe7b89b000 	C:\WINDOWS\SYSTEM32\dbgcore.DLL
0x00007ffe8adb0000 - 0x00007ffe8ae58000 	C:\WINDOWS\System32\bcryptPrimitives.dll
0x00007ffe85ae0000 - 0x00007ffe85b1b000 	C:\Program Files\Processing\app\resources\jdk-17.0.14+7\bin\jdwp.dll
0x00007ffe7c0a0000 - 0x00007ffe7c0c5000 	C:\Program Files\Processing\app\resources\jdk-17.0.14+7\bin\java.dll
0x00007ffe6d830000 - 0x00007ffe6d907000 	C:\Program Files\Processing\app\resources\jdk-17.0.14+7\bin\jsvml.dll
0x00007ffe8bca0000 - 0x00007ffe8c40e000 	C:\WINDOWS\System32\SHELL32.dll
0x00007ffe8a3f0000 - 0x00007ffe8ac5c000 	C:\WINDOWS\System32\windows.storage.dll
0x00007ffe8bba0000 - 0x00007ffe8bc96000 	C:\WINDOWS\System32\SHCORE.dll
0x00007ffe8b8f0000 - 0x00007ffe8b956000 	C:\WINDOWS\System32\shlwapi.dll
0x00007ffe8a0f0000 - 0x00007ffe8a119000 	C:\WINDOWS\SYSTEM32\profapi.dll
0x00007ffe85ad0000 - 0x00007ffe85adc000 	C:\Program Files\Processing\app\resources\jdk-17.0.14+7\bin\dt_socket.dll
0x00007ffe889a0000 - 0x00007ffe889d2000 	C:\WINDOWS\SYSTEM32\IPHLPAPI.DLL
0x00007ffe894d0000 - 0x00007ffe8953c000 	C:\WINDOWS\system32\mswsock.dll
0x00007ffe85a90000 - 0x00007ffe85aa9000 	C:\Program Files\Processing\app\resources\jdk-17.0.14+7\bin\net.dll
0x00007ffe843f0000 - 0x00007ffe84519000 	C:\WINDOWS\SYSTEM32\WINHTTP.dll
0x00007ffe85860000 - 0x00007ffe85876000 	C:\Program Files\Processing\app\resources\jdk-17.0.14+7\bin\nio.dll
0x00007ffe80870000 - 0x00007ffe80888000 	C:\Program Files\Processing\app\resources\jdk-17.0.14+7\bin\zip.dll
0x00007ffe5ee50000 - 0x00007ffe5efe0000 	C:\Program Files\Processing\app\resources\jdk-17.0.14+7\bin\awt.dll
0x00007ffe87a00000 - 0x00007ffe87aa0000 	C:\WINDOWS\SYSTEM32\apphelp.dll
0x00007ffe87d80000 - 0x00007ffe87e2a000 	C:\WINDOWS\system32\uxtheme.dll
0x00007ffe8d1a0000 - 0x00007ffe8d2fc000 	C:\WINDOWS\System32\MSCTF.dll
0x00007ffe8c430000 - 0x00007ffe8c5c7000 	C:\WINDOWS\System32\ole32.dll
0x00007ffe87f20000 - 0x00007ffe87f4f000 	C:\WINDOWS\system32\DWMAPI.DLL
0x00007ffe40100000 - 0x00007ffe4020f000 	C:\WINDOWS\system32\opengl32.dll
0x00007ffe429d0000 - 0x00007ffe429fd000 	C:\WINDOWS\SYSTEM32\GLU32.dll
0x00007ffe87eb0000 - 0x00007ffe87ef5000 	C:\WINDOWS\SYSTEM32\dxcore.dll
0x00007ffe897b0000 - 0x00007ffe897cb000 	C:\WINDOWS\SYSTEM32\CRYPTSP.dll
0x00007ffe88ec0000 - 0x00007ffe88ef9000 	C:\WINDOWS\system32\rsaenh.dll
0x00007ffe89580000 - 0x00007ffe895b3000 	C:\WINDOWS\SYSTEM32\USERENV.dll
0x00007ffe8a0c0000 - 0x00007ffe8a0ea000 	C:\WINDOWS\SYSTEM32\bcrypt.dll
0x00007ffe897d0000 - 0x00007ffe897dc000 	C:\WINDOWS\SYSTEM32\CRYPTBASE.dll
0x00007ffe8c8c0000 - 0x00007ffe8c8ca000 	C:\WINDOWS\System32\NSI.dll
0x00007ffe84550000 - 0x00007ffe8456d000 	C:\WINDOWS\SYSTEM32\dhcpcsvc6.DLL
0x00007ffe84520000 - 0x00007ffe84545000 	C:\WINDOWS\SYSTEM32\dhcpcsvc.DLL
0x00007ffe88a40000 - 0x00007ffe88b72000 	C:\WINDOWS\SYSTEM32\DNSAPI.dll
0x00007ffe7cf50000 - 0x00007ffe7cf63000 	C:\Users\danil\AppData\Local\Temp\jogamp_0000\file_cache\jln14673099839627808431\jln11075493075465458913\natives\windows-amd64\gluegen_rt.dll
0x00007ffe7c090000 - 0x00007ffe7c097000 	C:\Program Files\Processing\app\resources\jdk-17.0.14+7\bin\jawt.dll
0x00007ffe7bee0000 - 0x00007ffe7beed000 	C:\Users\danil\AppData\Local\Temp\jogamp_0000\file_cache\jln14673099839627808431\jln11075493075465458913\natives\windows-amd64\nativewindow_awt.dll
0x00007ffe7bec0000 - 0x00007ffe7bed5000 	C:\Users\danil\AppData\Local\Temp\jogamp_0000\file_cache\jln14673099839627808431\jln11075493075465458913\natives\windows-amd64\nativewindow_win32.dll
0x00007ffe7be30000 - 0x00007ffe7beb3000 	C:\Users\danil\AppData\Local\Temp\jogamp_0000\file_cache\jln14673099839627808431\jln11075493075465458913\natives\windows-amd64\jogl_desktop.dll
0x00007ffe7a300000 - 0x00007ffe7a352000 	C:\Users\danil\AppData\Local\Temp\jogamp_0000\file_cache\jln14673099839627808431\jln11075493075465458913\natives\windows-amd64\jogl_mobile.dll
0x00007ffe841f0000 - 0x00007ffe84251000 	C:\WINDOWS\SYSTEM32\directxdatabasehelper.dll
0x00007ffe7b700000 - 0x00007ffe7b71d000 	C:\WINDOWS\SYSTEM32\windows.staterepositorycore.dll
0x00007ffdf33d0000 - 0x00007ffdf43a3000 	C:\WINDOWS\System32\DriverStore\FileRepository\iigd_dch.inf_amd64_225f37aa3862fc3f\igxelpicd64.dll
0x00007ffe87bd0000 - 0x00007ffe87d0e000 	C:\WINDOWS\system32\dxgi.dll
0x00007ffe59810000 - 0x00007ffe59c97000 	C:\WINDOWS\System32\DriverStore\FileRepository\iigd_dch.inf_amd64_225f37aa3862fc3f\igdml64.dll
0x00007ffe89d40000 - 0x00007ffe89d91000 	C:\WINDOWS\SYSTEM32\cfgmgr32.dll
0x00007ffe80b00000 - 0x00007ffe80ec1000 	C:\WINDOWS\System32\DriverStore\FileRepository\iigd_dch.inf_amd64_225f37aa3862fc3f\igdgmm64.dll
0x00007ffe7d5d0000 - 0x00007ffe807d6000 	C:\WINDOWS\System32\DriverStore\FileRepository\iigd_dch.inf_amd64_225f37aa3862fc3f\igc64.dll
0x00007ffe7bc10000 - 0x00007ffe7bc29000 	C:\Users\danil\AppData\Local\Temp\jogamp_0000\file_cache\jln14673099839627808431\jln11075493075465458913\natives\windows-amd64\newt_head.dll
0x00007ffe5e8e0000 - 0x00007ffe5e99f000 	C:\WINDOWS\SYSTEM32\mscms.dll
0x00007ffe1cd10000 - 0x00007ffe1cd59000 	C:\WINDOWS\SYSTEM32\icm32.dll
0x00007ffe8cbf0000 - 0x00007ffe8d077000 	C:\WINDOWS\System32\setupapi.dll
0x00007ffe89d10000 - 0x00007ffe89d3d000 	C:\WINDOWS\SYSTEM32\DEVOBJ.dll
0x00007ffe8b3e0000 - 0x00007ffe8b462000 	C:\WINDOWS\System32\WINTRUST.dll
0x00007ffe8ae60000 - 0x00007ffe8afd8000 	C:\WINDOWS\System32\CRYPT32.dll
0x00007ffe898e0000 - 0x00007ffe898f3000 	C:\WINDOWS\SYSTEM32\MSASN1.dll
0x00007ffe580f0000 - 0x00007ffe58236000 	C:\WINDOWS\SYSTEM32\textinputframework.dll
0x00007ffe87560000 - 0x00007ffe87687000 	C:\WINDOWS\SYSTEM32\CoreMessaging.dll
0x00007ffe83270000 - 0x00007ffe83552000 	C:\WINDOWS\SYSTEM32\CoreUIComponents.dll
0x00007ffe84e00000 - 0x00007ffe84f6a000 	C:\WINDOWS\SYSTEM32\wintypes.dll

dbghelp: loaded successfully - version: 4.0.5 - missing functions: none
symbol engine: initialized successfully - sym options: 0x614 - pdb path: .;C:\Program Files\Processing\app\resources\jdk-17.0.14+7\bin;C:\WINDOWS\SYSTEM32;C:\WINDOWS\WinSxS\amd64_microsoft.windows.common-controls_6595b64144ccf1df_6.0.26100.8457_none_3e0b2faee331e92d;C:\Program Files\Processing\app\resources\jdk-17.0.14+7\bin\server;C:\Users\danil\AppData\Local\Temp\jogamp_0000\file_cache\jln14673099839627808431\jln11075493075465458913\natives\windows-amd64;C:\WINDOWS\System32\DriverStore\FileRepository\iigd_dch.inf_amd64_225f37aa3862fc3f

VM Arguments:
jvm_args: -agentlib:jdwp=transport=dt_socket,address=8200,server=y,suspend=y,quiet=y -Xms64m -Xmx1024m -Djna.nosys=true -Djava.library.path=;C:\Program Files\Processing\app\resources\core\library;C:\Program Files\Processing;C:\WINDOWS\system32;C:\WINDOWS;C:\Program Files\PlasticSCM5\server;C:\Program Files\PlasticSCM5\client;C:\Program Files\Common Files\Oracle\Java\javapath;C:\Program Files (x86)\Common Files\Oracle\Java\javapath;C:\Windows\System32\HWAudioDriverLibs;C:\Windows\system32;C:\Windows;C:\Windows\System32\Wbem;C:\Windows\System32\WindowsPowerShell\v1.0;C:\Windows\System32\OpenSSH;C:\Program Files\Microsoft SQL Server\150\Tools\Binn;C:\Program Files\Microsoft SQL Server\Client SDK\ODBC\170\Tools\Binn;C:\Program Files\dotnet;D:\Windows Kits\10\Windows Performance Toolkit;C:\Program Files\Java\jdk-23\bin;C:\WINDOWS\system32;C:\WINDOWS;C:\WINDOWS\System32\Wbem;C:\WINDOWS\System32\WindowsPowerShell\v1.0;C:\WINDOWS\System32\OpenSSH;C:\Program Files\nodejs;C:\Program Files\Docker\Docker\resources\bin;C:\Program Files\TortoiseGit\bin;C:\Program Files\Git\cmd;C:\Users\danil\AppData\Local\Programs\Python\Python312\Scripts;C:\Users\danil\AppData\Local\Programs\Python\Python312;C:\Users\danil\AppData\Local\Microsoft\WindowsApps;C:\Users\danil\AppData\Local\Programs\Microsoft VS Code\bin;C:\Users\danil\AppData\Roaming\npm;D:\DataBase\18\bin;C:\Program Files\Processing\app;. -ea 
java_command: processing.core.PApplet --editor-location=-7,-7 --external --display=1 --sketch-path=C:\Users\danil\Desktop\Gravity_simul Gravity_simul
java_class_path (initial): C:\Users\danil\AppData\Local\Temp\processing\Gravity_simul17157005858758058610temp;C:\Program Files\Processing\app\resources\core\library\annotations-13.0.jar;C:\Program Files\Processing\app\resources\core\library\antlr-2.7.7.jar;C:\Program Files\Processing\app\resources\core\library\core-4.4.1.jar;C:\Program Files\Processing\app\resources\core\library\gluegen-rt-2.5.0-natives-android-aarch64.jar;C:\Program Files\Processing\app\resources\core\library\gluegen-rt-2.5.0-natives-linux-aarch64.jar;C:\Program Files\Processing\app\resources\core\library\gluegen-rt-2.5.0-natives-linux-amd64.jar;C:\Program Files\Processing\app\resources\core\library\gluegen-rt-2.5.0-natives-linux-armv6hf.jar;C:\Program Files\Processing\app\resources\core\library\gluegen-rt-2.5.0-natives-macosx-universal.jar;C:\Program Files\Processing\app\resources\core\library\gluegen-rt-2.5.0-natives-windows-amd64.jar;C:\Program Files\Processing\app\resources\core\library\gluegen-rt-2.5.0.jar;C:\Program Files\Processing\app\resources\core\library\gluegen-rt-main-2.5.0.jar;C:\Program Files\Processing\app\resources\core\library\jogl-all-2.5.0-natives-android-aarch64.jar;C:\Program Files\Processing\app\resources\core\library\jogl-all-2.5.0-natives-linux-aarch64.jar;C:\Program Files\Processing\app\resources\core\library\jogl-all-2.5.0-natives-linux-amd64.jar;C:\Program Files\Processing\app\resources\core\library\jogl-all-2.5.0-natives-linux-armv6hf.jar;C:\Program Files\Processing\app\resources\core\library\jogl-all-2.5.0-natives-macosx-universal.jar;C:\Program Files\Processing\app\resources\core\library\jogl-all-2.5.0-natives-windows-amd64.jar;C:\Program Files\Processing\app\resources\core\library\jogl-all-2.5.0.jar;C:\Program Files\Processing\app\resources\core\library\jogl-all-main-2.5.0.jar;C:\Program Files\Processing\app\resources\core\library\kotlin-stdlib-2.0.20.jar
Launcher Type: SUN_STANDARD

[Global flags]
     intx CICompilerCount                          = 4                                         {product} {ergonomic}
     uint ConcGCThreads                            = 2                                         {product} {ergonomic}
     uint G1ConcRefinementThreads                  = 8                                         {product} {ergonomic}
   size_t G1HeapRegionSize                         = 1048576                                   {product} {ergonomic}
    uintx GCDrainStackTargetSize                   = 64                                        {product} {ergonomic}
   size_t InitialHeapSize                          = 67108864                                  {product} {command line}
   size_t MarkStackSize                            = 4194304                                   {product} {ergonomic}
   size_t MaxHeapSize                              = 1073741824                                {product} {command line}
   size_t MaxNewSize                               = 643825664                                 {product} {ergonomic}
   size_t MinHeapDeltaBytes                        = 1048576                                   {product} {ergonomic}
   size_t MinHeapSize                              = 67108864                                  {product} {command line}
    uintx NonNMethodCodeHeapSize                   = 5839372                                {pd product} {ergonomic}
    uintx NonProfiledCodeHeapSize                  = 122909434                              {pd product} {ergonomic}
    uintx ProfiledCodeHeapSize                     = 122909434                              {pd product} {ergonomic}
    uintx ReservedCodeCacheSize                    = 251658240                              {pd product} {ergonomic}
     bool SegmentedCodeCache                       = true                                      {product} {ergonomic}
   size_t SoftMaxHeapSize                          = 1073741824                             {manageable} {ergonomic}
     bool UseCompressedClassPointers               = true                           {product lp64_product} {ergonomic}
     bool UseCompressedOops                        = true                           {product lp64_product} {ergonomic}
     bool UseG1GC                                  = true                                      {product} {ergonomic}
     bool UseLargePagesIndividualAllocation        = false                                  {pd product} {ergonomic}

Logging:
Log output configuration:
 #0: stdout all=off uptime,level,tags
 #1: stderr all=off uptime,level,tags

Environment Variables:
JAVA_HOME=C:\Program Files\Java\jdk-23
PATH=C:\Program Files\PlasticSCM5\server;C:\Program Files\PlasticSCM5\client;C:\Program Files\Common Files\Oracle\Java\javapath;C:\Program Files (x86)\Common Files\Oracle\Java\javapath;C:\Windows\System32\HWAudioDriverLibs;C:\Windows\system32;C:\Windows;C:\Windows\System32\Wbem;C:\Windows\System32\WindowsPowerShell\v1.0\;C:\Windows\System32\OpenSSH\;C:\Users\Administrator\AppData\Local\Microsoft\WindowsApps;C:\Program Files\Microsoft SQL Server\150\Tools\Binn\;C:\Program Files\Microsoft SQL Server\Client SDK\ODBC\170\Tools\Binn\;C:\Program Files\dotnet\;D:\Windows Kits\10\Windows Performance Toolkit\;C:\Program Files\Java\jdk-23\bin;C:\WINDOWS\system32;C:\WINDOWS;C:\WINDOWS\System32\Wbem;C:\WINDOWS\System32\WindowsPowerShell\v1.0\;C:\WINDOWS\System32\OpenSSH\;C:\Program Files\nodejs\;C:\Program Files\Docker\Docker\resources\bin;C:\Program Files\TortoiseGit\bin;C:\Program Files\Git\cmd;C:\Users\danil\AppData\Local\Programs\Python\Python312\Scripts\;C:\Users\danil\AppData\Local\Programs\Python\Python312\;C:\Users\danil\AppData\Local\Microsoft\WindowsApps;C:\Users\danil\.dotnet\tools;C:\Users\danil\AppData\Local\Programs\Microsoft VS Code\bin;C:\Users\danil\AppData\Roaming\npm;D:\DataBase\18\bin;C:\Program Files\Processing\app
USERNAME=danil
OS=Windows_NT
PROCESSOR_IDENTIFIER=Intel64 Family 6 Model 140 Stepping 2, GenuineIntel
TMP=C:\Users\danil\AppData\Local\Temp
TEMP=C:\Users\danil\AppData\Local\Temp



Periodic native trim disabled


---------------  S Y S T E M  ---------------

OS:
 Windows 11 , 64 bit Build 26100 (10.0.26100.8328)
OS uptime: 0 days 1:14 hours
Hyper-V role detected

CPU: total 8 (initial active 8) (4 cores per cpu, 2 threads per core) family 6 model 140 stepping 2 microcode 0x16, cx8, cmov, fxsr, ht, mmx, 3dnowpref, sse, sse2, sse3, ssse3, sse4.1, sse4.2, popcnt, lzcnt, tsc, tscinvbit, avx, avx2, aes, erms, clmul, bmi1, bmi2, adx, avx512f, avx512dq, avx512cd, avx512bw, avx512vl, sha, fma, vzeroupper, avx512_vpopcntdq, avx512_vpclmulqdq, avx512_vaes, avx512_vnni, clflush, clflushopt, clwb, avx512_vbmi2, avx512_vbmi, hv
Processor Information for processor 0
  Max Mhz: 2496, Current Mhz: 2496, Mhz Limit: 2496
Processor Information for processor 1
  Max Mhz: 2496, Current Mhz: 998, Mhz Limit: 2496
Processor Information for processor 2
  Max Mhz: 2496, Current Mhz: 2496, Mhz Limit: 2496
Processor Information for processor 3
  Max Mhz: 2496, Current Mhz: 2496, Mhz Limit: 2496
Processor Information for processor 4
  Max Mhz: 2496, Current Mhz: 998, Mhz Limit: 2496
Processor Information for processor 5
  Max Mhz: 2496, Current Mhz: 998, Mhz Limit: 2496
Processor Information for processor 6
  Max Mhz: 2496, Current Mhz: 2496, Mhz Limit: 2496
Processor Information for processor 7
  Max Mhz: 2496, Current Mhz: 2496, Mhz Limit: 2496

Memory: 4k page, system-wide physical 7975M (1634M free)
TotalPageFile size 17703M (AvailPageFile size 8353M)
current process WorkingSet (physical memory assigned to process): 576M, peak: 586M
current process commit charge ("private bytes"): 571M, peak: 585M

vm_info: OpenJDK 64-Bit Server VM (17.0.14+7) for windows-amd64 JRE (17.0.14+7), built on Jan 21 2025 23:40:15 by "admin" with MS VC++ 17.7 (VS2022)

END.
