#
# A fatal error has been detected by the Java Runtime Environment:
#
#  EXCEPTION_ACCESS_VIOLATION (0xc0000005) at pc=0x00007ffdf360b386, pid=18272, tid=19416
#
# JRE version: OpenJDK Runtime Environment Temurin-17.0.14+7 (17.0.14+7) (build 17.0.14+7)
# Java VM: OpenJDK 64-Bit Server VM Temurin-17.0.14+7 (17.0.14+7, mixed mode, sharing, tiered, compressed oops, compressed class ptrs, g1 gc, windows-amd64)
# Problematic frame:
# C  [igxelpicd64.dll+0x23b386]
#
# No core dump will be written. Minidumps are not enabled by default on client versions of Windows
#
# If you would like to submit a bug report, please visit:
#   https://github.com/adoptium/adoptium-support/issues
#

---------------  S U M M A R Y ------------

Command Line: -agentlib:jdwp=transport=dt_socket,address=8148,server=y,suspend=y,quiet=y -Xms64m -Xmx1024m -Djna.nosys=true -Djava.library.path=;C:\Program Files\Processing\app\resources\core\library;C:\Program Files\Processing;C:\WINDOWS\system32;C:\WINDOWS;C:\Program Files\PlasticSCM5\server;C:\Program Files\PlasticSCM5\client;C:\Program Files\Common Files\Oracle\Java\javapath;C:\Program Files (x86)\Common Files\Oracle\Java\javapath;C:\Windows\System32\HWAudioDriverLibs;C:\Windows\system32;C:\Windows;C:\Windows\System32\Wbem;C:\Windows\System32\WindowsPowerShell\v1.0;C:\Windows\System32\OpenSSH;C:\Program Files\Microsoft SQL Server\150\Tools\Binn;C:\Program Files\Microsoft SQL Server\Client SDK\ODBC\170\Tools\Binn;C:\Program Files\dotnet;D:\Windows Kits\10\Windows Performance Toolkit;C:\Program Files\Java\jdk-23\bin;C:\WINDOWS\system32;C:\WINDOWS;C:\WINDOWS\System32\Wbem;C:\WINDOWS\System32\WindowsPowerShell\v1.0;C:\WINDOWS\System32\OpenSSH;C:\Program Files\nodejs;C:\Program Files\Docker\Docker\resources\bin;C:\Program Files\TortoiseGit\bin;C:\Program Files\Git\cmd;C:\Users\danil\AppData\Local\Programs\Python\Python312\Scripts;C:\Users\danil\AppData\Local\Programs\Python\Python312;C:\Users\danil\AppData\Local\Microsoft\WindowsApps;C:\Users\danil\AppData\Local\Programs\Microsoft VS Code\bin;C:\Users\danil\AppData\Roaming\npm;D:\DataBase\18\bin;C:\Program Files\Processing\app;. -ea processing.core.PApplet --editor-location=-7,-7 --external --display=1 --sketch-path=C:\Users\danil\Desktop\Gravity_simul Gravity_simul

Host: 11th Gen Intel(R) Core(TM) i5-1155G7 @ 2.50GHz, 8 cores, 7G,  Windows 11 , 64 bit Build 26100 (10.0.26100.8328)
Time: Sun Jun 28 14:17:37 2026 RTZ 3 (s 11 , 64 bit Build 26100 (10.0.26100.8328) elapsed time: 12.296417 seconds (0d 0h 0m 12s)

---------------  T H R E A D  ---------------

Current thread (0x00000230cbd282a0):  VMThread "VM Thread" [stack: 0x0000007f8ba00000,0x0000007f8bb00000] [id=19416]

Stack: [0x0000007f8ba00000,0x0000007f8bb00000],  sp=0x0000007f8bafe5f0,  free space=1017k
Native frames: (J=compiled Java code, j=interpreted, Vv=VM code, C=native code)
C  [igxelpicd64.dll+0x23b386]


siginfo: EXCEPTION_ACCESS_VIOLATION (0xc0000005), reading address 0x0000000000035468


Registers:
RAX=0x000002312078ab70, RBX=0x0000023111ba08b0, RCX=0x0000000000000004, RDX=0x0000000000000000
RSP=0x0000007f8bafe5f0, RBP=0x0000000000000000, RSI=0x000002312078a970, RDI=0x0000023112b2cc60
R8 =0x000002312078aa70, R9 =0x0000007f8afb3000, R10=0x0000000000000000, R11=0x0000000000000246
R12=0x000002312078a970, R13=0x0000000000000000, R14=0x000002312078aeb8, R15=0x000002312078a3a0
RIP=0x00007ffdf360b386, EFLAGS=0x0000000000010202


Register to memory mapping:

RIP=0x00007ffdf360b386 igxelpicd64.dll
RAX=0x000002312078ab70 points into unknown readable memory: 0x000000000002efae | ae ef 02 00 00 00 00 00
RBX=0x0000023111ba08b0 points into unknown readable memory: 0xffffffffffffffff | ff ff ff ff ff ff ff ff
RCX=0x0000000000000004 is an unknown value
RDX=0x0 is NULL
RSP=0x0000007f8bafe5f0 points into unknown readable memory: 0x0000023111ba08b0 | b0 08 ba 11 31 02 00 00
RBP=0x0 is NULL
RSI=0x000002312078a970 points into unknown readable memory: 0x0000023111b7e320 | 20 e3 b7 11 31 02 00 00
RDI=0x0000023112b2cc60 points into unknown readable memory: 0x0000000000000000 | 00 00 00 00 00 00 00 00
R8 =0x000002312078aa70 points into unknown readable memory: 0x0000000000000000 | 00 00 00 00 00 00 00 00
R9 =0x0000007f8afb3000 points into unknown readable memory: 0x0000000000000000 | 00 00 00 00 00 00 00 00
R10=0x0 is NULL
R11=0x0000000000000246 is an unknown value
R12=0x000002312078a970 points into unknown readable memory: 0x0000023111b7e320 | 20 e3 b7 11 31 02 00 00
R13=0x0 is NULL
R14=0x000002312078aeb8 points into unknown readable memory: 0x000002312078a3a0 | a0 a3 78 20 31 02 00 00
R15=0x000002312078a3a0 points into unknown readable memory: 0x0000023111b7e320 | 20 e3 b7 11 31 02 00 00


Top of Stack: (sp=0x0000007f8bafe5f0)
0x0000007f8bafe5f0:   0000023111ba08b0 00007ffdf3440ab4
0x0000007f8bafe600:   0000000000000000 00000231138e9ca0
0x0000007f8bafe610:   0000001600000000 0000000000000000
0x0000007f8bafe620:   0000023100000000 00000231138e5e80
0x0000007f8bafe630:   0000023111ba08b0 00000231138a9900
0x0000007f8bafe640:   0000023115da0504 0000023115ca5000
0x0000007f8bafe650:   00f399c302908e00 00000231138ea2a0
0x0000007f8bafe660:   038eebc602c88ec5 00007000196fe000
0x0000007f8bafe670:   033fe8c9034d31c9 00b723ca02c41aca
0x0000007f8bafe680:   037086ca00000000 033837cb027527cb
0x0000007f8bafe690:   0385f7cb024d47cb 037086cc005649cc
0x0000007f8bafe6a0:   036711cd039807cd 0165f3cf0283bacd
0x0000007f8bafe6b0:   036f30d001ba0ad0 036ac6d0039189d0
0x0000007f8bafe6c0:   0000000000000000 0000000000000000
0x0000007f8bafe6d0:   0377c80000000000 00007ffe8d905b54
0x0000007f8bafe6e0:   0000000000000000 0000000000000000
0x0000007f8bafe6f0:   0000007f8bafe890 00007ffe8b771259
0x0000007f8bafe700:   0000007f8bafe788 0000000000000000
0x0000007f8bafe710:   0000000000000054 0000000000000000
0x0000007f8bafe720:   0000000000000000 00007ffe8d905cc4
0x0000007f8bafe730:   000000007a000004 02f463dc037086da
0x0000007f8bafe740:   00000d82fad65928 001040007a000004
0x0000007f8bafe750:   00000231138de538 000000000002f3ce
0x0000007f8bafe760:   0000000000000000 0000000000000016
0x0000007f8bafe770:   0000000000000000 0000000000000000
0x0000007f8bafe780:   0000007f8bafe890 00007ffdf36382ae
0x0000007f8bafe790:   0000023112b2cc60 0000000000000000
0x0000007f8bafe7a0:   0000023112b2cc60 000010027a000004
0x0000007f8bafe7b0:   0000007f000009e8 00007404006b0000
0x0000007f8bafe7c0:   0000000000000000 037b45ea034834ea
0x0000007f8bafe7d0:   0000000000000000 000010027a000004
0x0000007f8bafe7e0:   035699eb01df7feb 0000000000000000 

Instructions: (pc=0x00007ffdf360b386)
0x00007ffdf360b286:   00 90 4c 8b bf 80 02 00 00 48 8b 05 9a 85 bd 00
0x00007ffdf360b296:   8b 80 c8 0a 00 00 89 44 24 24 c6 44 24 20 00 48
0x00007ffdf360b2a6:   c7 87 80 02 00 00 00 00 00 00 c7 87 88 02 00 00
0x00007ffdf360b2b6:   00 00 00 00 48 c7 87 a0 02 00 00 00 00 00 00 48
0x00007ffdf360b2c6:   c7 87 90 02 00 00 00 00 00 00 48 85 ed 75 3d 8b
0x00007ffdf360b2d6:   35 0d 77 cd 00 65 48 8b 04 25 58 00 00 00 b9 14
0x00007ffdf360b2e6:   00 00 00 48 8b 04 f0 40 38 2c 01 0f 84 c9 e7 75
0x00007ffdf360b2f6:   00 65 48 8b 04 25 58 00 00 00 bd 20 00 00 00 48
0x00007ffdf360b306:   8b 04 f0 48 8b 2c 28 48 89 6c 24 28 48 3b 2d 07
0x00007ffdf360b316:   9b cd 00 0f 84 9b 10 00 00 4d 85 ff 0f 84 3a 01
0x00007ffdf360b326:   00 00 0f 1f 84 00 00 00 00 00 49 8b f7 4d 8b e7
0x00007ffdf360b336:   4d 8d b7 48 05 00 00 4d 8b 3e 45 84 ed 0f 85 d9
0x00007ffdf360b346:   0e 00 00 8b 8f d0 01 00 00 48 8b 05 da 84 bd 00
0x00007ffdf360b356:   83 b8 64 03 00 00 02 75 34 4d 8d 84 24 00 01 00
0x00007ffdf360b366:   00 83 f9 10 0f 83 3a 01 00 00 8b c1 48 c1 e0 06
0x00007ffdf360b376:   49 03 c0 48 85 c0 0f 84 9b 01 00 00 48 8b 50 08
0x00007ffdf360b386:   48 3b 95 68 54 03 00 0f 87 b6 0e 00 00 48 83 be
0x00007ffdf360b396:   c0 05 00 00 00 0f 85 50 e7 75 00 44 8b 8f d0 01
0x00007ffdf360b3a6:   00 00 48 8b 87 e8 01 00 00 4c 8b 00 8b 8f d0 01
0x00007ffdf360b3b6:   00 00 48 8d 9e 00 01 00 00 83 f9 10 0f 83 1e 01
0x00007ffdf360b3c6:   00 00 8b c1 48 c1 e0 06 48 03 c3 48 85 c0 0f 84
0x00007ffdf360b3d6:   4a 01 00 00 4c 39 40 08 0f 86 40 01 00 00 48 8b
0x00007ffdf360b3e6:   87 80 02 00 00 49 89 06 48 89 b7 80 02 00 00 ff
0x00007ffdf360b3f6:   87 88 02 00 00 48 8b 4e 08 48 8b 01 ba 01 00 00
0x00007ffdf360b406:   00 48 8b 80 e0 02 00 00 ff 15 f4 c1 88 00 0f b7
0x00007ffdf360b416:   c8 48 2b c1 48 05 00 00 01 00 48 01 87 90 02 00
0x00007ffdf360b426:   00 48 8b 4e 08 48 8b 01 ba 01 00 00 00 48 8b 80
0x00007ffdf360b436:   e0 02 00 00 ff 15 c8 c1 88 00 48 01 87 a0 02 00
0x00007ffdf360b446:   00 0f b6 54 24 20 4d 85 ff 0f 85 db fe ff ff 84
0x00007ffdf360b456:   d2 0f 85 37 0f 00 00 48 8b 5c 24 40 48 8b cf 80
0x00007ffdf360b466:   7c 24 22 00 0f 85 40 0f 00 00 e8 3b f9 ff ff 90
0x00007ffdf360b476:   48 8b cb ff 15 99 bc 88 00 48 8b 8c 24 50 01 00 


Stack slot to memory mapping:
stack at sp + 0 slots: 0x0000023111ba08b0 points into unknown readable memory: 0xffffffffffffffff | ff ff ff ff ff ff ff ff
stack at sp + 1 slots: 0x00007ffdf3440ab4 igxelpicd64.dll
stack at sp + 2 slots: 0x0 is NULL
stack at sp + 3 slots: 0x00000231138e9ca0 points into unknown readable memory: 0x0000000000000d26 | 26 0d 00 00 00 00 00 00
stack at sp + 4 slots: 0x0000001600000000 is an unknown value
stack at sp + 5 slots: 0x0 is NULL
stack at sp + 6 slots: 0x0000023100000000 is an unknown value
stack at sp + 7 slots: 0x00000231138e5e80 points into unknown readable memory: 0x00000231138e5e90 | 90 5e 8e 13 31 02 00 00

VM_Operation (0x0000007f8dbfe8e0): Exit, mode: safepoint, requested by thread 0x0000023111101800


---------------  P R O C E S S  ---------------

Threads class SMR info:
_java_thread_list=0x0000023112c03990, length=39, elements={
0x00000230cbd2d6f0, 0x00000230cbd310e0, 0x00000230cbd492d0, 0x00000230cbd49ba0,
0x00000230cbd4a470, 0x00000230cbd4cd50, 0x00000230cbd5ba40, 0x00000230cbd5ed60,
0x00000230cbd5f280, 0x00000231110d6e60, 0x00000231110f85f0, 0x00000231110fe230,
0x00000231110fef80, 0x00000231110ffeb0, 0x00000231110ff490, 0x0000023111100de0,
0x0000023111101800, 0x0000023111102220, 0x00000231111003c0, 0x0000023120afadd0,
0x0000023120afe070, 0x0000023120afdb60, 0x0000023120afa8c0, 0x0000023120afc720,
0x0000023120afb2e0, 0x0000023120afea90, 0x0000023120afcc30, 0x0000023120afefa0,
0x0000023120afe580, 0x0000023120afc210, 0x0000023120afb7f0, 0x0000023120afd140,
0x0000023120afd650, 0x0000023120aff4b0, 0x0000023120afbd00, 0x0000023120b01820,
0x0000023120b02240, 0x0000023120b00e00, 0x0000023120b01310
}

Java Threads: ( => current thread )
  0x00000230cbd2d6f0 JavaThread "Reference Handler" daemon [_thread_blocked, id=17860, stack(0x0000007f8bb00000,0x0000007f8bc00000)]
  0x00000230cbd310e0 JavaThread "Finalizer" daemon [_thread_blocked, id=10388, stack(0x0000007f8bc00000,0x0000007f8bd00000)]
  0x00000230cbd492d0 JavaThread "Signal Dispatcher" daemon [_thread_blocked, id=8272, stack(0x0000007f8bd00000,0x0000007f8be00000)]
  0x00000230cbd49ba0 JavaThread "Attach Listener" daemon [_thread_blocked, id=7736, stack(0x0000007f8be00000,0x0000007f8bf00000)]
  0x00000230cbd4a470 JavaThread "Service Thread" daemon [_thread_blocked, id=15264, stack(0x0000007f8bf00000,0x0000007f8c000000)]
  0x00000230cbd4cd50 JavaThread "Monitor Deflation Thread" daemon [_thread_blocked, id=11676, stack(0x0000007f8c000000,0x0000007f8c100000)]
  0x00000230cbd5ba40 JavaThread "C2 CompilerThread0" daemon [_thread_blocked, id=12740, stack(0x0000007f8c100000,0x0000007f8c200000)]
  0x00000230cbd5ed60 JavaThread "C1 CompilerThread0" daemon [_thread_blocked, id=19424, stack(0x0000007f8c200000,0x0000007f8c300000)]
  0x00000230cbd5f280 JavaThread "Sweeper thread" daemon [_thread_blocked, id=14736, stack(0x0000007f8c300000,0x0000007f8c400000)]
  0x00000231110d6e60 JavaThread "JDWP Transport Listener: dt_socket" daemon [_thread_blocked, id=5384, stack(0x0000007f8c400000,0x0000007f8c500000)]
  0x00000231110f85f0 JavaThread "JDWP Event Helper Thread" daemon [_thread_blocked, id=11908, stack(0x0000007f8c500000,0x0000007f8c600000)]
  0x00000231110fe230 JavaThread "JDWP Command Reader" daemon [_thread_blocked, id=2340, stack(0x0000007f8c600000,0x0000007f8c700000)]
  0x00000231110fef80 JavaThread "Notification Thread" daemon [_thread_blocked, id=4148, stack(0x0000007f8c700000,0x0000007f8c800000)]
  0x00000231110ffeb0 JavaThread "Common-Cleaner" daemon [_thread_blocked, id=19348, stack(0x0000007f8c900000,0x0000007f8ca00000)]
  0x00000231110ff490 JavaThread "Java2D Disposer" daemon [_thread_blocked, id=16228, stack(0x0000007f8ca00000,0x0000007f8cb00000)]
  0x0000023111100de0 JavaThread "HighResTimerThread" daemon [_thread_blocked, id=18668, stack(0x0000007f8d900000,0x0000007f8da00000)]
  0x0000023111101800 JavaThread "main-FPSAWTAnimator#00-Timer0" [_thread_blocked, id=13696, stack(0x0000007f8db00000,0x0000007f8dc00000)]
  0x0000023111102220 JavaThread "DestroyJavaVM" [_thread_blocked, id=18076, stack(0x0000007f8b400000,0x0000007f8b500000)]
  0x00000231111003c0 JavaThread "pool-1-thread-1" [_thread_blocked, id=12872, stack(0x0000007f8de00000,0x0000007f8df00000)]
  0x0000023120afadd0 JavaThread "pool-1-thread-2" [_thread_blocked, id=6660, stack(0x0000007f8df00000,0x0000007f8e000000)]
  0x0000023120afe070 JavaThread "pool-1-thread-3" [_thread_blocked, id=18356, stack(0x0000007f8e000000,0x0000007f8e100000)]
  0x0000023120afdb60 JavaThread "pool-1-thread-4" [_thread_blocked, id=8448, stack(0x0000007f8e100000,0x0000007f8e200000)]
  0x0000023120afa8c0 JavaThread "pool-1-thread-5" [_thread_blocked, id=3692, stack(0x0000007f8e200000,0x0000007f8e300000)]
  0x0000023120afc720 JavaThread "pool-1-thread-6" [_thread_blocked, id=11696, stack(0x0000007f8e300000,0x0000007f8e400000)]
  0x0000023120afb2e0 JavaThread "pool-1-thread-7" [_thread_blocked, id=10212, stack(0x0000007f8e400000,0x0000007f8e500000)]
  0x0000023120afea90 JavaThread "pool-1-thread-8" [_thread_blocked, id=17884, stack(0x0000007f8e500000,0x0000007f8e600000)]
  0x0000023120afcc30 JavaThread "pool-1-thread-9" [_thread_blocked, id=6152, stack(0x0000007f8e600000,0x0000007f8e700000)]
  0x0000023120afefa0 JavaThread "pool-1-thread-10" [_thread_blocked, id=10804, stack(0x0000007f8e700000,0x0000007f8e800000)]
  0x0000023120afe580 JavaThread "pool-1-thread-11" [_thread_blocked, id=17748, stack(0x0000007f8e800000,0x0000007f8e900000)]
  0x0000023120afc210 JavaThread "pool-1-thread-12" [_thread_blocked, id=16048, stack(0x0000007f8e900000,0x0000007f8ea00000)]
  0x0000023120afb7f0 JavaThread "pool-1-thread-13" [_thread_blocked, id=16408, stack(0x0000007f8ea00000,0x0000007f8eb00000)]
  0x0000023120afd140 JavaThread "pool-1-thread-14" [_thread_blocked, id=1104, stack(0x0000007f8eb00000,0x0000007f8ec00000)]
  0x0000023120afd650 JavaThread "pool-1-thread-15" [_thread_blocked, id=3772, stack(0x0000007f8ec00000,0x0000007f8ed00000)]
  0x0000023120aff4b0 JavaThread "pool-1-thread-16" [_thread_blocked, id=4400, stack(0x0000007f8ed00000,0x0000007f8ee00000)]
  0x0000023120afbd00 JavaThread "pool-1-thread-17" [_thread_blocked, id=8848, stack(0x0000007f8ee00000,0x0000007f8ef00000)]
  0x0000023120b01820 JavaThread "pool-1-thread-18" [_thread_blocked, id=15856, stack(0x0000007f8ef00000,0x0000007f8f000000)]
  0x0000023120b02240 JavaThread "pool-1-thread-19" [_thread_blocked, id=16508, stack(0x0000007f8f000000,0x0000007f8f100000)]
  0x0000023120b00e00 JavaThread "pool-1-thread-20" [_thread_blocked, id=17980, stack(0x0000007f8f100000,0x0000007f8f200000)]
  0x0000023120b01310 JavaThread "AWT-Shutdown" [_thread_blocked, id=5400, stack(0x0000007f8da00000,0x0000007f8db00000)]

Other Threads:
=>0x00000230cbd282a0 VMThread "VM Thread" [stack: 0x0000007f8ba00000,0x0000007f8bb00000] [id=19416]
  0x00000230aff3cd00 GCTaskThread "GC Thread#0" [stack: 0x0000007f8b500000,0x0000007f8b600000] [id=2116]
  0x0000023111ca9b80 GCTaskThread "GC Thread#1" [stack: 0x0000007f8d200000,0x0000007f8d300000] [id=6604]
  0x0000023111caa940 GCTaskThread "GC Thread#2" [stack: 0x0000007f8d300000,0x0000007f8d400000] [id=17660]
  0x0000023111ca98c0 GCTaskThread "GC Thread#3" [stack: 0x0000007f8d400000,0x0000007f8d500000] [id=972]
  0x0000023111caac00 GCTaskThread "GC Thread#4" [stack: 0x0000007f8d500000,0x0000007f8d600000] [id=1228]
  0x0000023111ca9e40 GCTaskThread "GC Thread#5" [stack: 0x0000007f8d600000,0x0000007f8d700000] [id=5716]
  0x0000023111caa100 GCTaskThread "GC Thread#6" [stack: 0x0000007f8d700000,0x0000007f8d800000] [id=14252]
  0x0000023111caa3c0 GCTaskThread "GC Thread#7" [stack: 0x0000007f8d800000,0x0000007f8d900000] [id=2376]
  0x00000230aff46b70 ConcurrentGCThread "G1 Main Marker" terminated
  0x00000230aff474a0 ConcurrentGCThread "G1 Conc#0" [stack: 0x0000007f8b700000,0x0000007f8b800000] [id=17320]
  0x00000231136083c0 ConcurrentGCThread "G1 Conc#1" [stack: 0x0000007f8f300000,0x0000007f8f400000] [id=8584]
  0x00000230affa05a0 ConcurrentGCThread "G1 Refine#0" terminated
  0x00000230affa0ee0 ConcurrentGCThread "G1 Service" terminated

Threads with active compile tasks:

VM state: at safepoint (shutting down)

VM Mutex/Monitor currently owned by a thread:  ([mutex/lock_event])
[0x00000230add4cc00] Threads_lock - owner thread: 0x00000230cbd282a0
[0x00000230afefb3d0] Heap_lock - owner thread: 0x0000023111101800

Heap address: 0x00000000c0000000, size: 1024 MB, Compressed Oops mode: 32-bit

CDS archive(s) mapped at: [0x00000230cc000000-0x00000230ccbb0000-0x00000230ccbb0000), size 12255232, SharedBaseAddress: 0x00000230cc000000, ArchiveRelocationMode: 1.
Compressed class space mapped at: 0x00000230cd000000-0x000002310d000000, reserved size: 1073741824
Narrow klass base: 0x00000230cc000000, Narrow klass shift: 0, Narrow klass range: 0x100000000

GC Precious Log:
 CPUs: 8 total, 8 available
 Memory: 7975M
 Large Page Support: Disabled
 NUMA Support: Disabled
 Compressed Oops: Enabled (32-bit)
 Heap Region Size: 1M
 Heap Min Capacity: 64M
 Heap Initial Capacity: 64M
 Heap Max Capacity: 1G
 Pre-touch: Disabled
 Parallel Workers: 8
 Concurrent Workers: 2
 Concurrent Refinement Workers: 8
 Periodic GC: Disabled

Heap:
 garbage-first heap   total 171008K, used 95808K [0x00000000c0000000, 0x0000000100000000)
  region size 1024K, 16 young (16384K), 2 survivors (2048K)
 Metaspace       used 12949K, committed 13120K, reserved 1114112K
  class space    used 918K, committed 1024K, reserved 1048576K

Heap Regions: E=young(eden), S=young(survivor), O=old, HS=humongous(starts), HC=humongous(continues), CS=collection set, F=free, OA=open archive, CA=closed archive, TAMS=top-at-mark-start (previous, next)
|   0|0x00000000c0000000, 0x00000000c0100000, 0x00000000c0100000|100%| O|  |TAMS 0x00000000c0100000, 0x00000000c0000000| Untracked 
|   1|0x00000000c0100000, 0x00000000c0200000, 0x00000000c0200000|100%| O|  |TAMS 0x00000000c0200000, 0x00000000c0100000| Untracked 
|   2|0x00000000c0200000, 0x00000000c0300000, 0x00000000c0300000|100%| O|  |TAMS 0x00000000c0300000, 0x00000000c0200000| Untracked 
|   3|0x00000000c0300000, 0x00000000c0400000, 0x00000000c0400000|100%| O|  |TAMS 0x00000000c0400000, 0x00000000c0300000| Untracked 
|   4|0x00000000c0400000, 0x00000000c0500000, 0x00000000c0500000|100%| O|  |TAMS 0x00000000c0500000, 0x00000000c0400000| Untracked 
|   5|0x00000000c0500000, 0x00000000c0600000, 0x00000000c0600000|100%| O|  |TAMS 0x00000000c0600000, 0x00000000c0500000| Untracked 
|   6|0x00000000c0600000, 0x00000000c0700000, 0x00000000c0700000|100%| O|  |TAMS 0x00000000c0700000, 0x00000000c0600000| Untracked 
|   7|0x00000000c0700000, 0x00000000c0700000, 0x00000000c0800000|  0%| F|  |TAMS 0x00000000c0700000, 0x00000000c0700000| Untracked 
|   8|0x00000000c0800000, 0x00000000c0800000, 0x00000000c0900000|  0%| F|  |TAMS 0x00000000c0800000, 0x00000000c0800000| Untracked 
|   9|0x00000000c0900000, 0x00000000c0a00000, 0x00000000c0a00000|100%| O|  |TAMS 0x00000000c0a00000, 0x00000000c0900000| Untracked 
|  10|0x00000000c0a00000, 0x00000000c0b00000, 0x00000000c0b00000|100%|HS|  |TAMS 0x00000000c0b00000, 0x00000000c0a00000| Complete 
|  11|0x00000000c0b00000, 0x00000000c0c00000, 0x00000000c0c00000|100%|HC|  |TAMS 0x00000000c0c00000, 0x00000000c0b00000| Complete 
|  12|0x00000000c0c00000, 0x00000000c0d00000, 0x00000000c0d00000|100%|HC|  |TAMS 0x00000000c0d00000, 0x00000000c0c00000| Complete 
|  13|0x00000000c0d00000, 0x00000000c0e00000, 0x00000000c0e00000|100%|HC|  |TAMS 0x00000000c0e00000, 0x00000000c0d00000| Complete 
|  14|0x00000000c0e00000, 0x00000000c0f00000, 0x00000000c0f00000|100%|HC|  |TAMS 0x00000000c0f00000, 0x00000000c0e00000| Complete 
|  15|0x00000000c0f00000, 0x00000000c1000000, 0x00000000c1000000|100%|HC|  |TAMS 0x00000000c1000000, 0x00000000c0f00000| Complete 
|  16|0x00000000c1000000, 0x00000000c1100000, 0x00000000c1100000|100%|HC|  |TAMS 0x00000000c1100000, 0x00000000c1000000| Complete 
|  17|0x00000000c1100000, 0x00000000c1200000, 0x00000000c1200000|100%|HC|  |TAMS 0x00000000c1200000, 0x00000000c1100000| Complete 
|  18|0x00000000c1200000, 0x00000000c1300000, 0x00000000c1300000|100%|HC|  |TAMS 0x00000000c1300000, 0x00000000c1200000| Complete 
|  19|0x00000000c1300000, 0x00000000c1400000, 0x00000000c1400000|100%|HC|  |TAMS 0x00000000c1400000, 0x00000000c1300000| Complete 
|  20|0x00000000c1400000, 0x00000000c1500000, 0x00000000c1500000|100%|HC|  |TAMS 0x00000000c1500000, 0x00000000c1400000| Complete 
|  21|0x00000000c1500000, 0x00000000c1600000, 0x00000000c1600000|100%|HC|  |TAMS 0x00000000c1600000, 0x00000000c1500000| Complete 
|  22|0x00000000c1600000, 0x00000000c1700000, 0x00000000c1700000|100%|HC|  |TAMS 0x00000000c1700000, 0x00000000c1600000| Complete 
|  23|0x00000000c1700000, 0x00000000c1800000, 0x00000000c1800000|100%|HC|  |TAMS 0x00000000c1800000, 0x00000000c1700000| Complete 
|  24|0x00000000c1800000, 0x00000000c1900000, 0x00000000c1900000|100%|HC|  |TAMS 0x00000000c1900000, 0x00000000c1800000| Complete 
|  25|0x00000000c1900000, 0x00000000c1a00000, 0x00000000c1a00000|100%|HC|  |TAMS 0x00000000c1a00000, 0x00000000c1900000| Complete 
|  26|0x00000000c1a00000, 0x00000000c1b00000, 0x00000000c1b00000|100%|HC|  |TAMS 0x00000000c1b00000, 0x00000000c1a00000| Complete 
|  27|0x00000000c1b00000, 0x00000000c1c00000, 0x00000000c1c00000|100%| O|  |TAMS 0x00000000c1c00000, 0x00000000c1b00000| Untracked 
|  28|0x00000000c1c00000, 0x00000000c1cbf400, 0x00000000c1d00000| 74%| O|  |TAMS 0x00000000c1cbf400, 0x00000000c1c00000| Untracked 
|  29|0x00000000c1d00000, 0x00000000c1e00000, 0x00000000c1e00000|100%|HS|  |TAMS 0x00000000c1e00000, 0x00000000c1d00000| Complete 
|  30|0x00000000c1e00000, 0x00000000c1f00000, 0x00000000c1f00000|100%|HC|  |TAMS 0x00000000c1f00000, 0x00000000c1e00000| Complete 
|  31|0x00000000c1f00000, 0x00000000c2000000, 0x00000000c2000000|100%|HC|  |TAMS 0x00000000c2000000, 0x00000000c1f00000| Complete 
|  32|0x00000000c2000000, 0x00000000c2100000, 0x00000000c2100000|100%|HC|  |TAMS 0x00000000c2100000, 0x00000000c2000000| Complete 
|  33|0x00000000c2100000, 0x00000000c2200000, 0x00000000c2200000|100%|HC|  |TAMS 0x00000000c2200000, 0x00000000c2100000| Complete 
|  34|0x00000000c2200000, 0x00000000c2300000, 0x00000000c2300000|100%|HS|  |TAMS 0x00000000c2300000, 0x00000000c2200000| Complete 
|  35|0x00000000c2300000, 0x00000000c2400000, 0x00000000c2400000|100%|HC|  |TAMS 0x00000000c2400000, 0x00000000c2300000| Complete 
|  36|0x00000000c2400000, 0x00000000c2500000, 0x00000000c2500000|100%|HC|  |TAMS 0x00000000c2500000, 0x00000000c2400000| Complete 
|  37|0x00000000c2500000, 0x00000000c2600000, 0x00000000c2600000|100%|HC|  |TAMS 0x00000000c2600000, 0x00000000c2500000| Complete 
|  38|0x00000000c2600000, 0x00000000c2700000, 0x00000000c2700000|100%|HC|  |TAMS 0x00000000c2700000, 0x00000000c2600000| Complete 
|  39|0x00000000c2700000, 0x00000000c2800000, 0x00000000c2800000|100%|HC|  |TAMS 0x00000000c2800000, 0x00000000c2700000| Complete 
|  40|0x00000000c2800000, 0x00000000c2900000, 0x00000000c2900000|100%|HC|  |TAMS 0x00000000c2900000, 0x00000000c2800000| Complete 
|  41|0x00000000c2900000, 0x00000000c2a00000, 0x00000000c2a00000|100%|HC|  |TAMS 0x00000000c2a00000, 0x00000000c2900000| Complete 
|  42|0x00000000c2a00000, 0x00000000c2b00000, 0x00000000c2b00000|100%|HC|  |TAMS 0x00000000c2b00000, 0x00000000c2a00000| Complete 
|  43|0x00000000c2b00000, 0x00000000c2c00000, 0x00000000c2c00000|100%|HC|  |TAMS 0x00000000c2c00000, 0x00000000c2b00000| Complete 
|  44|0x00000000c2c00000, 0x00000000c2d00000, 0x00000000c2d00000|100%|HC|  |TAMS 0x00000000c2d00000, 0x00000000c2c00000| Complete 
|  45|0x00000000c2d00000, 0x00000000c2e00000, 0x00000000c2e00000|100%|HC|  |TAMS 0x00000000c2e00000, 0x00000000c2d00000| Complete 
|  46|0x00000000c2e00000, 0x00000000c2f00000, 0x00000000c2f00000|100%|HC|  |TAMS 0x00000000c2f00000, 0x00000000c2e00000| Complete 
|  47|0x00000000c2f00000, 0x00000000c3000000, 0x00000000c3000000|100%|HS|  |TAMS 0x00000000c3000000, 0x00000000c2f00000| Complete 
|  48|0x00000000c3000000, 0x00000000c3100000, 0x00000000c3100000|100%|HC|  |TAMS 0x00000000c3100000, 0x00000000c3000000| Complete 
|  49|0x00000000c3100000, 0x00000000c3200000, 0x00000000c3200000|100%|HC|  |TAMS 0x00000000c3200000, 0x00000000c3100000| Complete 
|  50|0x00000000c3200000, 0x00000000c3300000, 0x00000000c3300000|100%|HC|  |TAMS 0x00000000c3300000, 0x00000000c3200000| Complete 
|  51|0x00000000c3300000, 0x00000000c3400000, 0x00000000c3400000|100%|HC|  |TAMS 0x00000000c3400000, 0x00000000c3300000| Complete 
|  52|0x00000000c3400000, 0x00000000c3500000, 0x00000000c3500000|100%|HC|  |TAMS 0x00000000c3500000, 0x00000000c3400000| Complete 
|  53|0x00000000c3500000, 0x00000000c3600000, 0x00000000c3600000|100%|HC|  |TAMS 0x00000000c3600000, 0x00000000c3500000| Complete 
|  54|0x00000000c3600000, 0x00000000c3700000, 0x00000000c3700000|100%|HC|  |TAMS 0x00000000c3700000, 0x00000000c3600000| Complete 
|  55|0x00000000c3700000, 0x00000000c3800000, 0x00000000c3800000|100%|HC|  |TAMS 0x00000000c3800000, 0x00000000c3700000| Complete 
|  56|0x00000000c3800000, 0x00000000c3900000, 0x00000000c3900000|100%|HS|  |TAMS 0x00000000c3900000, 0x00000000c3800000| Complete 
|  57|0x00000000c3900000, 0x00000000c3a00000, 0x00000000c3a00000|100%|HC|  |TAMS 0x00000000c3a00000, 0x00000000c3900000| Complete 
|  58|0x00000000c3a00000, 0x00000000c3b00000, 0x00000000c3b00000|100%|HC|  |TAMS 0x00000000c3b00000, 0x00000000c3a00000| Complete 
|  59|0x00000000c3b00000, 0x00000000c3c00000, 0x00000000c3c00000|100%|HC|  |TAMS 0x00000000c3c00000, 0x00000000c3b00000| Complete 
|  60|0x00000000c3c00000, 0x00000000c3d00000, 0x00000000c3d00000|100%|HC|  |TAMS 0x00000000c3d00000, 0x00000000c3c00000| Complete 
|  61|0x00000000c3d00000, 0x00000000c3e00000, 0x00000000c3e00000|100%|HS|  |TAMS 0x00000000c3e00000, 0x00000000c3d00000| Complete 
|  62|0x00000000c3e00000, 0x00000000c3f00000, 0x00000000c3f00000|100%|HC|  |TAMS 0x00000000c3f00000, 0x00000000c3e00000| Complete 
|  63|0x00000000c3f00000, 0x00000000c4000000, 0x00000000c4000000|100%|HC|  |TAMS 0x00000000c4000000, 0x00000000c3f00000| Complete 
|  64|0x00000000c4000000, 0x00000000c4100000, 0x00000000c4100000|100%|HC|  |TAMS 0x00000000c4100000, 0x00000000c4000000| Complete 
|  65|0x00000000c4100000, 0x00000000c4200000, 0x00000000c4200000|100%|HC|  |TAMS 0x00000000c4200000, 0x00000000c4100000| Complete 
|  66|0x00000000c4200000, 0x00000000c4300000, 0x00000000c4300000|100%|HS|  |TAMS 0x00000000c4300000, 0x00000000c4200000| Complete 
|  67|0x00000000c4300000, 0x00000000c4400000, 0x00000000c4400000|100%|HC|  |TAMS 0x00000000c4400000, 0x00000000c4300000| Complete 
|  68|0x00000000c4400000, 0x00000000c4500000, 0x00000000c4500000|100%|HC|  |TAMS 0x00000000c4500000, 0x00000000c4400000| Complete 
|  69|0x00000000c4500000, 0x00000000c4600000, 0x00000000c4600000|100%|HC|  |TAMS 0x00000000c4600000, 0x00000000c4500000| Complete 
|  70|0x00000000c4600000, 0x00000000c4700000, 0x00000000c4700000|100%|HC|  |TAMS 0x00000000c4700000, 0x00000000c4600000| Complete 
|  71|0x00000000c4700000, 0x00000000c4800000, 0x00000000c4800000|100%|HS|  |TAMS 0x00000000c4800000, 0x00000000c4700000| Complete 
|  72|0x00000000c4800000, 0x00000000c4900000, 0x00000000c4900000|100%|HC|  |TAMS 0x00000000c4900000, 0x00000000c4800000| Complete 
|  73|0x00000000c4900000, 0x00000000c4a00000, 0x00000000c4a00000|100%|HC|  |TAMS 0x00000000c4a00000, 0x00000000c4900000| Complete 
|  74|0x00000000c4a00000, 0x00000000c4b00000, 0x00000000c4b00000|100%|HC|  |TAMS 0x00000000c4b00000, 0x00000000c4a00000| Complete 
|  75|0x00000000c4b00000, 0x00000000c4c00000, 0x00000000c4c00000|100%|HC|  |TAMS 0x00000000c4c00000, 0x00000000c4b00000| Complete 
|  76|0x00000000c4c00000, 0x00000000c4d00000, 0x00000000c4d00000|100%|HS|  |TAMS 0x00000000c4d00000, 0x00000000c4c00000| Complete 
|  77|0x00000000c4d00000, 0x00000000c4e00000, 0x00000000c4e00000|100%|HC|  |TAMS 0x00000000c4e00000, 0x00000000c4d00000| Complete 
|  78|0x00000000c4e00000, 0x00000000c4f00000, 0x00000000c4f00000|100%|HC|  |TAMS 0x00000000c4f00000, 0x00000000c4e00000| Complete 
|  79|0x00000000c4f00000, 0x00000000c5000000, 0x00000000c5000000|100%|HC|  |TAMS 0x00000000c5000000, 0x00000000c4f00000| Complete 
|  80|0x00000000c5000000, 0x00000000c5100000, 0x00000000c5100000|100%|HC|  |TAMS 0x00000000c5100000, 0x00000000c5000000| Complete 
|  81|0x00000000c5100000, 0x00000000c5100000, 0x00000000c5200000|  0%| F|  |TAMS 0x00000000c5100000, 0x00000000c5100000| Untracked 
|  82|0x00000000c5200000, 0x00000000c5200000, 0x00000000c5300000|  0%| F|  |TAMS 0x00000000c5200000, 0x00000000c5200000| Untracked 
|  83|0x00000000c5300000, 0x00000000c5300000, 0x00000000c5400000|  0%| F|  |TAMS 0x00000000c5300000, 0x00000000c5300000| Untracked 
|  84|0x00000000c5400000, 0x00000000c5400000, 0x00000000c5500000|  0%| F|  |TAMS 0x00000000c5400000, 0x00000000c5400000| Untracked 
|  85|0x00000000c5500000, 0x00000000c5500000, 0x00000000c5600000|  0%| F|  |TAMS 0x00000000c5500000, 0x00000000c5500000| Untracked 
|  86|0x00000000c5600000, 0x00000000c5600000, 0x00000000c5700000|  0%| F|  |TAMS 0x00000000c5600000, 0x00000000c5600000| Untracked 
|  87|0x00000000c5700000, 0x00000000c5700000, 0x00000000c5800000|  0%| F|  |TAMS 0x00000000c5700000, 0x00000000c5700000| Untracked 
|  88|0x00000000c5800000, 0x00000000c5800000, 0x00000000c5900000|  0%| F|  |TAMS 0x00000000c5800000, 0x00000000c5800000| Untracked 
|  89|0x00000000c5900000, 0x00000000c5900000, 0x00000000c5a00000|  0%| F|  |TAMS 0x00000000c5900000, 0x00000000c5900000| Untracked 
|  90|0x00000000c5a00000, 0x00000000c5a00000, 0x00000000c5b00000|  0%| F|  |TAMS 0x00000000c5a00000, 0x00000000c5a00000| Untracked 
|  91|0x00000000c5b00000, 0x00000000c5b00000, 0x00000000c5c00000|  0%| F|  |TAMS 0x00000000c5b00000, 0x00000000c5b00000| Untracked 
|  92|0x00000000c5c00000, 0x00000000c5c00000, 0x00000000c5d00000|  0%| F|  |TAMS 0x00000000c5c00000, 0x00000000c5c00000| Untracked 
|  93|0x00000000c5d00000, 0x00000000c5d00000, 0x00000000c5e00000|  0%| F|  |TAMS 0x00000000c5d00000, 0x00000000c5d00000| Untracked 
|  94|0x00000000c5e00000, 0x00000000c5e00000, 0x00000000c5f00000|  0%| F|  |TAMS 0x00000000c5e00000, 0x00000000c5e00000| Untracked 
|  95|0x00000000c5f00000, 0x00000000c5f00000, 0x00000000c6000000|  0%| F|  |TAMS 0x00000000c5f00000, 0x00000000c5f00000| Untracked 
|  96|0x00000000c6000000, 0x00000000c6000000, 0x00000000c6100000|  0%| F|  |TAMS 0x00000000c6000000, 0x00000000c6000000| Untracked 
|  97|0x00000000c6100000, 0x00000000c6100000, 0x00000000c6200000|  0%| F|  |TAMS 0x00000000c6100000, 0x00000000c6100000| Untracked 
|  98|0x00000000c6200000, 0x00000000c6200000, 0x00000000c6300000|  0%| F|  |TAMS 0x00000000c6200000, 0x00000000c6200000| Untracked 
|  99|0x00000000c6300000, 0x00000000c63d0c00, 0x00000000c6400000| 81%| S|CS|TAMS 0x00000000c6300000, 0x00000000c6300000| Complete 
| 100|0x00000000c6400000, 0x00000000c6500000, 0x00000000c6500000|100%| S|CS|TAMS 0x00000000c6400000, 0x00000000c6400000| Complete 
| 101|0x00000000c6500000, 0x00000000c6500000, 0x00000000c6600000|  0%| F|  |TAMS 0x00000000c6500000, 0x00000000c6500000| Untracked 
| 102|0x00000000c6600000, 0x00000000c6600000, 0x00000000c6700000|  0%| F|  |TAMS 0x00000000c6600000, 0x00000000c6600000| Untracked 
| 103|0x00000000c6700000, 0x00000000c6700000, 0x00000000c6800000|  0%| F|  |TAMS 0x00000000c6700000, 0x00000000c6700000| Untracked 
| 104|0x00000000c6800000, 0x00000000c6800000, 0x00000000c6900000|  0%| F|  |TAMS 0x00000000c6800000, 0x00000000c6800000| Untracked 
| 105|0x00000000c6900000, 0x00000000c6900000, 0x00000000c6a00000|  0%| F|  |TAMS 0x00000000c6900000, 0x00000000c6900000| Untracked 
| 106|0x00000000c6a00000, 0x00000000c6a00000, 0x00000000c6b00000|  0%| F|  |TAMS 0x00000000c6a00000, 0x00000000c6a00000| Untracked 
| 107|0x00000000c6b00000, 0x00000000c6b00000, 0x00000000c6c00000|  0%| F|  |TAMS 0x00000000c6b00000, 0x00000000c6b00000| Untracked 
| 108|0x00000000c6c00000, 0x00000000c6c00000, 0x00000000c6d00000|  0%| F|  |TAMS 0x00000000c6c00000, 0x00000000c6c00000| Untracked 
| 109|0x00000000c6d00000, 0x00000000c6d00000, 0x00000000c6e00000|  0%| F|  |TAMS 0x00000000c6d00000, 0x00000000c6d00000| Untracked 
| 110|0x00000000c6e00000, 0x00000000c6e00000, 0x00000000c6f00000|  0%| F|  |TAMS 0x00000000c6e00000, 0x00000000c6e00000| Untracked 
| 111|0x00000000c6f00000, 0x00000000c6f00000, 0x00000000c7000000|  0%| F|  |TAMS 0x00000000c6f00000, 0x00000000c6f00000| Untracked 
| 112|0x00000000c7000000, 0x00000000c7000000, 0x00000000c7100000|  0%| F|  |TAMS 0x00000000c7000000, 0x00000000c7000000| Untracked 
| 113|0x00000000c7100000, 0x00000000c7100000, 0x00000000c7200000|  0%| F|  |TAMS 0x00000000c7100000, 0x00000000c7100000| Untracked 
| 114|0x00000000c7200000, 0x00000000c7200000, 0x00000000c7300000|  0%| F|  |TAMS 0x00000000c7200000, 0x00000000c7200000| Untracked 
| 115|0x00000000c7300000, 0x00000000c7300000, 0x00000000c7400000|  0%| F|  |TAMS 0x00000000c7300000, 0x00000000c7300000| Untracked 
| 116|0x00000000c7400000, 0x00000000c7400000, 0x00000000c7500000|  0%| F|  |TAMS 0x00000000c7400000, 0x00000000c7400000| Untracked 
| 117|0x00000000c7500000, 0x00000000c7500000, 0x00000000c7600000|  0%| F|  |TAMS 0x00000000c7500000, 0x00000000c7500000| Untracked 
| 118|0x00000000c7600000, 0x00000000c7600000, 0x00000000c7700000|  0%| F|  |TAMS 0x00000000c7600000, 0x00000000c7600000| Untracked 
| 119|0x00000000c7700000, 0x00000000c7700000, 0x00000000c7800000|  0%| F|  |TAMS 0x00000000c7700000, 0x00000000c7700000| Untracked 
| 120|0x00000000c7800000, 0x00000000c7800000, 0x00000000c7900000|  0%| F|  |TAMS 0x00000000c7800000, 0x00000000c7800000| Untracked 
| 121|0x00000000c7900000, 0x00000000c7900000, 0x00000000c7a00000|  0%| F|  |TAMS 0x00000000c7900000, 0x00000000c7900000| Untracked 
| 122|0x00000000c7a00000, 0x00000000c7a00000, 0x00000000c7b00000|  0%| F|  |TAMS 0x00000000c7a00000, 0x00000000c7a00000| Untracked 
| 123|0x00000000c7b00000, 0x00000000c7b00000, 0x00000000c7c00000|  0%| F|  |TAMS 0x00000000c7b00000, 0x00000000c7b00000| Untracked 
| 124|0x00000000c7c00000, 0x00000000c7c00000, 0x00000000c7d00000|  0%| F|  |TAMS 0x00000000c7c00000, 0x00000000c7c00000| Untracked 
| 125|0x00000000c7d00000, 0x00000000c7d00000, 0x00000000c7e00000|  0%| F|  |TAMS 0x00000000c7d00000, 0x00000000c7d00000| Untracked 
| 126|0x00000000c7e00000, 0x00000000c7e00000, 0x00000000c7f00000|  0%| F|  |TAMS 0x00000000c7e00000, 0x00000000c7e00000| Untracked 
| 127|0x00000000c7f00000, 0x00000000c7f00000, 0x00000000c8000000|  0%| F|  |TAMS 0x00000000c7f00000, 0x00000000c7f00000| Untracked 
| 128|0x00000000c8000000, 0x00000000c8000000, 0x00000000c8100000|  0%| F|  |TAMS 0x00000000c8000000, 0x00000000c8000000| Untracked 
| 129|0x00000000c8100000, 0x00000000c8100000, 0x00000000c8200000|  0%| F|  |TAMS 0x00000000c8100000, 0x00000000c8100000| Untracked 
| 130|0x00000000c8200000, 0x00000000c8200000, 0x00000000c8300000|  0%| F|  |TAMS 0x00000000c8200000, 0x00000000c8200000| Untracked 
| 131|0x00000000c8300000, 0x00000000c8300000, 0x00000000c8400000|  0%| F|  |TAMS 0x00000000c8300000, 0x00000000c8300000| Untracked 
| 132|0x00000000c8400000, 0x00000000c8400000, 0x00000000c8500000|  0%| F|  |TAMS 0x00000000c8400000, 0x00000000c8400000| Untracked 
| 133|0x00000000c8500000, 0x00000000c8500000, 0x00000000c8600000|  0%| F|  |TAMS 0x00000000c8500000, 0x00000000c8500000| Untracked 
| 134|0x00000000c8600000, 0x00000000c8600000, 0x00000000c8700000|  0%| F|  |TAMS 0x00000000c8600000, 0x00000000c8600000| Untracked 
| 135|0x00000000c8700000, 0x00000000c8700000, 0x00000000c8800000|  0%| F|  |TAMS 0x00000000c8700000, 0x00000000c8700000| Untracked 
| 136|0x00000000c8800000, 0x00000000c8800000, 0x00000000c8900000|  0%| F|  |TAMS 0x00000000c8800000, 0x00000000c8800000| Untracked 
| 137|0x00000000c8900000, 0x00000000c8900000, 0x00000000c8a00000|  0%| F|  |TAMS 0x00000000c8900000, 0x00000000c8900000| Untracked 
| 138|0x00000000c8a00000, 0x00000000c8a00000, 0x00000000c8b00000|  0%| F|  |TAMS 0x00000000c8a00000, 0x00000000c8a00000| Untracked 
| 139|0x00000000c8b00000, 0x00000000c8b00000, 0x00000000c8c00000|  0%| F|  |TAMS 0x00000000c8b00000, 0x00000000c8b00000| Untracked 
| 140|0x00000000c8c00000, 0x00000000c8c00000, 0x00000000c8d00000|  0%| F|  |TAMS 0x00000000c8c00000, 0x00000000c8c00000| Untracked 
| 141|0x00000000c8d00000, 0x00000000c8d00000, 0x00000000c8e00000|  0%| F|  |TAMS 0x00000000c8d00000, 0x00000000c8d00000| Untracked 
| 142|0x00000000c8e00000, 0x00000000c8e00000, 0x00000000c8f00000|  0%| F|  |TAMS 0x00000000c8e00000, 0x00000000c8e00000| Untracked 
| 143|0x00000000c8f00000, 0x00000000c8f00000, 0x00000000c9000000|  0%| F|  |TAMS 0x00000000c8f00000, 0x00000000c8f00000| Untracked 
| 144|0x00000000c9000000, 0x00000000c9000000, 0x00000000c9100000|  0%| F|  |TAMS 0x00000000c9000000, 0x00000000c9000000| Untracked 
| 145|0x00000000c9100000, 0x00000000c9100000, 0x00000000c9200000|  0%| F|  |TAMS 0x00000000c9100000, 0x00000000c9100000| Untracked 
| 146|0x00000000c9200000, 0x00000000c9200000, 0x00000000c9300000|  0%| F|  |TAMS 0x00000000c9200000, 0x00000000c9200000| Untracked 
| 147|0x00000000c9300000, 0x00000000c9300000, 0x00000000c9400000|  0%| F|  |TAMS 0x00000000c9300000, 0x00000000c9300000| Untracked 
| 148|0x00000000c9400000, 0x00000000c9400000, 0x00000000c9500000|  0%| F|  |TAMS 0x00000000c9400000, 0x00000000c9400000| Untracked 
| 149|0x00000000c9500000, 0x00000000c9500000, 0x00000000c9600000|  0%| F|  |TAMS 0x00000000c9500000, 0x00000000c9500000| Untracked 
| 150|0x00000000c9600000, 0x00000000c9600000, 0x00000000c9700000|  0%| F|  |TAMS 0x00000000c9600000, 0x00000000c9600000| Untracked 
| 151|0x00000000c9700000, 0x00000000c9700000, 0x00000000c9800000|  0%| F|  |TAMS 0x00000000c9700000, 0x00000000c9700000| Untracked 
| 152|0x00000000c9800000, 0x00000000c9800000, 0x00000000c9900000|  0%| F|  |TAMS 0x00000000c9800000, 0x00000000c9800000| Untracked 
| 153|0x00000000c9900000, 0x00000000c9995b58, 0x00000000c9a00000| 58%| E|  |TAMS 0x00000000c9900000, 0x00000000c9900000| Complete 
| 154|0x00000000c9a00000, 0x00000000c9b00000, 0x00000000c9b00000|100%| E|CS|TAMS 0x00000000c9a00000, 0x00000000c9a00000| Complete 
| 155|0x00000000c9b00000, 0x00000000c9c00000, 0x00000000c9c00000|100%| E|CS|TAMS 0x00000000c9b00000, 0x00000000c9b00000| Complete 
| 156|0x00000000c9c00000, 0x00000000c9d00000, 0x00000000c9d00000|100%| E|CS|TAMS 0x00000000c9c00000, 0x00000000c9c00000| Complete 
| 157|0x00000000c9d00000, 0x00000000c9e00000, 0x00000000c9e00000|100%| E|CS|TAMS 0x00000000c9d00000, 0x00000000c9d00000| Complete 
| 158|0x00000000c9e00000, 0x00000000c9f00000, 0x00000000c9f00000|100%| E|CS|TAMS 0x00000000c9e00000, 0x00000000c9e00000| Complete 
| 159|0x00000000c9f00000, 0x00000000ca000000, 0x00000000ca000000|100%| E|CS|TAMS 0x00000000c9f00000, 0x00000000c9f00000| Complete 
| 160|0x00000000ca000000, 0x00000000ca100000, 0x00000000ca100000|100%| E|CS|TAMS 0x00000000ca000000, 0x00000000ca000000| Complete 
| 161|0x00000000ca100000, 0x00000000ca200000, 0x00000000ca200000|100%| E|CS|TAMS 0x00000000ca100000, 0x00000000ca100000| Complete 
| 162|0x00000000ca200000, 0x00000000ca300000, 0x00000000ca300000|100%| E|CS|TAMS 0x00000000ca200000, 0x00000000ca200000| Complete 
| 163|0x00000000ca300000, 0x00000000ca400000, 0x00000000ca400000|100%| E|CS|TAMS 0x00000000ca300000, 0x00000000ca300000| Complete 
| 164|0x00000000ca400000, 0x00000000ca500000, 0x00000000ca500000|100%| E|CS|TAMS 0x00000000ca400000, 0x00000000ca400000| Complete 
| 165|0x00000000ca500000, 0x00000000ca600000, 0x00000000ca600000|100%| E|CS|TAMS 0x00000000ca500000, 0x00000000ca500000| Complete 
| 166|0x00000000ca600000, 0x00000000ca700000, 0x00000000ca700000|100%| E|CS|TAMS 0x00000000ca600000, 0x00000000ca600000| Complete 

Card table byte_map: [0x00000230c6f60000,0x00000230c7160000] _byte_map_base: 0x00000230c6960000

Marking Bits (Prev, Next): (CMBitMap*) 0x00000230aff3e240, (CMBitMap*) 0x00000230aff3e280
 Prev Bits: [0x00000230c7360000, 0x00000230c8360000)
 Next Bits: [0x00000230c8360000, 0x00000230c9360000)

Polling page: 0x00000230ade60000

Metaspace:

Usage:
  Non-class:     11.75 MB used.
      Class:    918.72 KB used.
       Both:     12.65 MB used.

Virtual space:
  Non-class space:       64.00 MB reserved,      11.81 MB ( 18%) committed,  1 nodes.
      Class space:        1.00 GB reserved,       1.00 MB ( <1%) committed,  1 nodes.
             Both:        1.06 GB reserved,      12.81 MB (  1%) committed. 

Chunk freelists:
   Non-Class:  3.56 MB
       Class:  14.91 MB
        Both:  18.47 MB

MaxMetaspaceSize: unlimited
CompressedClassSpaceSize: 1.00 GB
Initial GC threshold: 21.00 MB
Current GC threshold: 21.38 MB
CDS: on
MetaspaceReclaimPolicy: balanced
 - commit_granule_bytes: 65536.
 - commit_granule_words: 8192.
 - virtual_space_node_default_size: 8388608.
 - enlarge_chunks_in_place: 1.
 - new_chunks_are_fully_committed: 0.
 - uncommit_free_chunks: 1.
 - use_allocation_guard: 0.
 - handle_deallocations: 1.


Internal statistics:

num_allocs_failed_limit: 0.
num_arena_births: 106.
num_arena_deaths: 0.
num_vsnodes_births: 2.
num_vsnodes_deaths: 0.
num_space_committed: 201.
num_space_uncommitted: 0.
num_chunks_returned_to_freelist: 0.
num_chunks_taken_from_freelist: 385.
num_chunk_merges: 0.
num_chunk_splits: 303.
num_chunks_enlarged: 243.
num_inconsistent_stats: 0.

CodeHeap 'non-profiled nmethods': size=120000Kb used=800Kb max_used=800Kb free=119199Kb
 bounds [0x00000230bf500000, 0x00000230bf770000, 0x00000230c6a30000]
CodeHeap 'profiled nmethods': size=120000Kb used=2921Kb max_used=2921Kb free=117078Kb
 bounds [0x00000230b7a30000, 0x00000230b7d10000, 0x00000230bef60000]
CodeHeap 'non-nmethods': size=5760Kb used=1613Kb max_used=1664Kb free=4146Kb
 bounds [0x00000230bef60000, 0x00000230bf1d0000, 0x00000230bf500000]
 total_blobs=2555 nmethods=1617 adapters=851
 compilation: enabled
              stopped_count=0, restarted_count=0
 full_count=0

Compilation events (20 events):
Event: 12.121 Thread 0x00000230cbd5ed60 1608   !   3       processing.opengl.PJOGL::getGL (119 bytes)
Event: 12.122 Thread 0x00000230cbd5ed60 nmethod 1608 0x00000230b7d04910 code [0x00000230b7d04b40, 0x00000230b7d05618]
Event: 12.122 Thread 0x00000230cbd5ed60 1609       3       jogamp.opengl.gl4.GL4bcImpl::getGL2ES2 (20 bytes)
Event: 12.122 Thread 0x00000230cbd5ed60 nmethod 1609 0x00000230b7d05910 code [0x00000230b7d05b00, 0x00000230b7d05fd8]
Event: 12.122 Thread 0x00000230cbd5ed60 1610       3       jogamp.opengl.gl4.GL4bcImpl::isGL2ES2 (8 bytes)
Event: 12.122 Thread 0x00000230cbd5ed60 nmethod 1610 0x00000230b7d06190 code [0x00000230b7d06360, 0x00000230b7d067d8]
Event: 12.122 Thread 0x00000230cbd5ed60 1611       3       com.jogamp.opengl.GLContext::isGL2ES2 (20 bytes)
Event: 12.122 Thread 0x00000230cbd5ed60 nmethod 1611 0x00000230b7d06990 code [0x00000230b7d06b80, 0x00000230b7d07078]
Event: 12.123 Thread 0x00000230cbd5ed60 1612       3       jogamp.opengl.gl4.GL4bcImpl::getGL2 (20 bytes)
Event: 12.123 Thread 0x00000230cbd5ed60 nmethod 1612 0x00000230b7d07210 code [0x00000230b7d073e0, 0x00000230b7d07768]
Event: 12.123 Thread 0x00000230cbd5ed60 1613       3       jogamp.opengl.gl4.GL4bcImpl::getGL2GL3 (20 bytes)
Event: 12.123 Thread 0x00000230cbd5ed60 nmethod 1613 0x00000230b7d07910 code [0x00000230b7d07b00, 0x00000230b7d07fb8]
Event: 12.171 Thread 0x00000230cbd5ed60 1614       3       java.lang.AbstractStringBuilder::append (55 bytes)
Event: 12.172 Thread 0x00000230cbd5ed60 nmethod 1614 0x00000230b7d08190 code [0x00000230b7d08360, 0x00000230b7d08698]
Event: 12.201 Thread 0x00000230cbd5ed60 1615       3       java.lang.String::newStringUTF8NoRepl (272 bytes)
Event: 12.202 Thread 0x00000230cbd5ed60 nmethod 1615 0x00000230b7d08810 code [0x00000230b7d08ae0, 0x00000230b7d099a8]
Event: 12.203 Thread 0x00000230cbd5ed60 1616       3       jdk.internal.misc.Unsafe::getAndAddLong (27 bytes)
Event: 12.203 Thread 0x00000230cbd5ed60 nmethod 1616 0x00000230b7d09f10 code [0x00000230b7d0a0c0, 0x00000230b7d0a308]
Event: 12.203 Thread 0x00000230cbd5ed60 1617       3       jdk.internal.misc.Unsafe::weakCompareAndSetLong (11 bytes)
Event: 12.203 Thread 0x00000230cbd5ed60 nmethod 1617 0x00000230b7d0a410 code [0x00000230b7d0a5a0, 0x00000230b7d0a6d8]

GC Heap History (20 events):
Event: 3.598 GC heap before
{Heap before GC invocations=9 (full 0):
 garbage-first heap   total 142336K, used 110259K [0x00000000c0000000, 0x0000000100000000)
  region size 1024K, 30 young (30720K), 2 survivors (2048K)
 Metaspace       used 12773K, committed 12992K, reserved 1114112K
  class space    used 914K, committed 1024K, reserved 1048576K
}
Event: 3.601 GC heap after
{Heap after GC invocations=10 (full 0):
 garbage-first heap   total 142336K, used 81658K [0x00000000c0000000, 0x0000000100000000)
  region size 1024K, 2 young (2048K), 2 survivors (2048K)
 Metaspace       used 12773K, committed 12992K, reserved 1114112K
  class space    used 914K, committed 1024K, reserved 1048576K
}
Event: 4.148 GC heap before
{Heap before GC invocations=10 (full 0):
 garbage-first heap   total 142336K, used 114426K [0x00000000c0000000, 0x0000000100000000)
  region size 1024K, 34 young (34816K), 2 survivors (2048K)
 Metaspace       used 12779K, committed 12992K, reserved 1114112K
  class space    used 914K, committed 1024K, reserved 1048576K
}
Event: 4.150 GC heap after
{Heap after GC invocations=11 (full 0):
 garbage-first heap   total 142336K, used 82952K [0x00000000c0000000, 0x0000000100000000)
  region size 1024K, 3 young (3072K), 3 survivors (3072K)
 Metaspace       used 12779K, committed 12992K, reserved 1114112K
  class space    used 914K, committed 1024K, reserved 1048576K
}
Event: 4.749 GC heap before
{Heap before GC invocations=12 (full 0):
 garbage-first heap   total 142336K, used 116744K [0x00000000c0000000, 0x0000000100000000)
  region size 1024K, 36 young (36864K), 3 survivors (3072K)
 Metaspace       used 12782K, committed 12992K, reserved 1114112K
  class space    used 914K, committed 1024K, reserved 1048576K
}
Event: 4.751 GC heap after
{Heap after GC invocations=13 (full 0):
 garbage-first heap   total 142336K, used 83014K [0x00000000c0000000, 0x0000000100000000)
  region size 1024K, 3 young (3072K), 3 survivors (3072K)
 Metaspace       used 12782K, committed 12992K, reserved 1114112K
  class space    used 914K, committed 1024K, reserved 1048576K
}
Event: 5.370 GC heap before
{Heap before GC invocations=13 (full 0):
 garbage-first heap   total 142336K, used 116806K [0x00000000c0000000, 0x0000000100000000)
  region size 1024K, 36 young (36864K), 3 survivors (3072K)
 Metaspace       used 12806K, committed 12992K, reserved 1114112K
  class space    used 914K, committed 1024K, reserved 1048576K
}
Event: 5.372 GC heap after
{Heap after GC invocations=14 (full 0):
 garbage-first heap   total 142336K, used 82892K [0x00000000c0000000, 0x0000000100000000)
  region size 1024K, 3 young (3072K), 3 survivors (3072K)
 Metaspace       used 12806K, committed 12992K, reserved 1114112K
  class space    used 914K, committed 1024K, reserved 1048576K
}
Event: 6.026 GC heap before
{Heap before GC invocations=15 (full 0):
 garbage-first heap   total 142336K, used 117708K [0x00000000c0000000, 0x0000000100000000)
  region size 1024K, 37 young (37888K), 3 survivors (3072K)
 Metaspace       used 12810K, committed 13056K, reserved 1114112K
  class space    used 914K, committed 1024K, reserved 1048576K
}
Event: 6.028 GC heap after
{Heap after GC invocations=16 (full 0):
 garbage-first heap   total 171008K, used 81540K [0x00000000c0000000, 0x0000000100000000)
  region size 1024K, 1 young (1024K), 1 survivors (1024K)
 Metaspace       used 12810K, committed 13056K, reserved 1114112K
  class space    used 914K, committed 1024K, reserved 1048576K
}
Event: 7.137 GC heap before
{Heap before GC invocations=16 (full 0):
 garbage-first heap   total 171008K, used 145028K [0x00000000c0000000, 0x0000000100000000)
  region size 1024K, 63 young (64512K), 1 survivors (1024K)
 Metaspace       used 12850K, committed 13056K, reserved 1114112K
  class space    used 914K, committed 1024K, reserved 1048576K
}
Event: 7.139 GC heap after
{Heap after GC invocations=17 (full 0):
 garbage-first heap   total 171008K, used 83193K [0x00000000c0000000, 0x0000000100000000)
  region size 1024K, 3 young (3072K), 3 survivors (3072K)
 Metaspace       used 12850K, committed 13056K, reserved 1114112K
  class space    used 914K, committed 1024K, reserved 1048576K
}
Event: 8.313 GC heap before
{Heap before GC invocations=18 (full 0):
 garbage-first heap   total 171008K, used 144633K [0x00000000c0000000, 0x0000000100000000)
  region size 1024K, 63 young (64512K), 3 survivors (3072K)
 Metaspace       used 12850K, committed 13056K, reserved 1114112K
  class space    used 914K, committed 1024K, reserved 1048576K
}
Event: 8.315 GC heap after
{Heap after GC invocations=19 (full 0):
 garbage-first heap   total 171008K, used 83003K [0x00000000c0000000, 0x0000000100000000)
  region size 1024K, 3 young (3072K), 3 survivors (3072K)
 Metaspace       used 12850K, committed 13056K, reserved 1114112K
  class space    used 914K, committed 1024K, reserved 1048576K
}
Event: 9.488 GC heap before
{Heap before GC invocations=19 (full 0):
 garbage-first heap   total 171008K, used 145467K [0x00000000c0000000, 0x0000000100000000)
  region size 1024K, 64 young (65536K), 3 survivors (3072K)
 Metaspace       used 12883K, committed 13056K, reserved 1114112K
  class space    used 914K, committed 1024K, reserved 1048576K
}
Event: 9.489 GC heap after
{Heap after GC invocations=20 (full 0):
 garbage-first heap   total 171008K, used 81012K [0x00000000c0000000, 0x0000000100000000)
  region size 1024K, 1 young (1024K), 1 survivors (1024K)
 Metaspace       used 12883K, committed 13056K, reserved 1114112K
  class space    used 914K, committed 1024K, reserved 1048576K
}
Event: 10.655 GC heap before
{Heap before GC invocations=21 (full 0):
 garbage-first heap   total 171008K, used 146548K [0x00000000c0000000, 0x0000000100000000)
  region size 1024K, 65 young (66560K), 1 survivors (1024K)
 Metaspace       used 12896K, committed 13120K, reserved 1114112K
  class space    used 914K, committed 1024K, reserved 1048576K
}
Event: 10.656 GC heap after
{Heap after GC invocations=22 (full 0):
 garbage-first heap   total 171008K, used 81062K [0x00000000c0000000, 0x0000000100000000)
  region size 1024K, 1 young (1024K), 1 survivors (1024K)
 Metaspace       used 12896K, committed 13120K, reserved 1114112K
  class space    used 914K, committed 1024K, reserved 1048576K
}
Event: 11.917 GC heap before
{Heap before GC invocations=22 (full 0):
 garbage-first heap   total 171008K, used 147622K [0x00000000c0000000, 0x0000000100000000)
  region size 1024K, 66 young (67584K), 1 survivors (1024K)
 Metaspace       used 12896K, committed 13120K, reserved 1114112K
  class space    used 914K, committed 1024K, reserved 1048576K
}
Event: 11.919 GC heap after
{Heap after GC invocations=23 (full 0):
 garbage-first heap   total 171008K, used 82496K [0x00000000c0000000, 0x0000000100000000)
  region size 1024K, 2 young (2048K), 2 survivors (2048K)
 Metaspace       used 12896K, committed 13120K, reserved 1114112K
  class space    used 914K, committed 1024K, reserved 1048576K
}

Dll operation events (14 events):
Event: 0.007 Loaded shared library C:\Program Files\Processing\app\resources\jdk-17.0.14+7\bin\java.dll
Event: 0.020 Loaded shared library C:\Program Files\Processing\app\resources\jdk-17.0.14+7\bin\jsvml.dll
Event: 0.082 Loaded shared library C:\Program Files\Processing\app\resources\jdk-17.0.14+7\bin\net.dll
Event: 0.083 Loaded shared library C:\Program Files\Processing\app\resources\jdk-17.0.14+7\bin\nio.dll
Event: 0.086 Loaded shared library C:\Program Files\Processing\app\resources\jdk-17.0.14+7\bin\zip.dll
Event: 0.145 Loaded shared library C:\Program Files\Processing\app\resources\jdk-17.0.14+7\bin\jimage.dll
Event: 0.149 Loaded shared library C:\Program Files\Processing\app\resources\jdk-17.0.14+7\bin\awt.dll
Event: 0.571 Loaded shared library C:\Users\danil\AppData\Local\Temp\jogamp_0000\file_cache\jln10494685114174545193\jln13390656658308655654\natives\windows-amd64\gluegen_rt.dll
Event: 0.580 Loaded shared library C:\Program Files\Processing\app\resources\jdk-17.0.14+7\bin\jawt.dll
Event: 0.594 Loaded shared library C:\Users\danil\AppData\Local\Temp\jogamp_0000\file_cache\jln10494685114174545193\jln13390656658308655654\natives\windows-amd64\nativewindow_awt.dll
Event: 0.636 Loaded shared library C:\Users\danil\AppData\Local\Temp\jogamp_0000\file_cache\jln10494685114174545193\jln13390656658308655654\natives\windows-amd64\nativewindow_win32.dll
Event: 0.751 Loaded shared library C:\Users\danil\AppData\Local\Temp\jogamp_0000\file_cache\jln10494685114174545193\jln13390656658308655654\natives\windows-amd64\jogl_desktop.dll
Event: 1.038 Loaded shared library C:\Users\danil\AppData\Local\Temp\jogamp_0000\file_cache\jln10494685114174545193\jln13390656658308655654\natives\windows-amd64\jogl_mobile.dll
Event: 1.944 Loaded shared library C:\Users\danil\AppData\Local\Temp\jogamp_0000\file_cache\jln10494685114174545193\jln13390656658308655654\natives\windows-amd64\newt_head.dll

Deoptimization events (20 events):
Event: 2.472 Thread 0x0000023111101800 DEOPT PACKING pc=0x00000230b7c79f5e sp=0x0000007f8dbfe9c0
Event: 2.472 Thread 0x0000023111101800 DEOPT UNPACKING pc=0x00000230befbace3 sp=0x0000007f8dbfdf30 mode 0
Event: 2.511 Thread 0x0000023111101800 DEOPT PACKING pc=0x00000230b7c7c8ea sp=0x0000007f8dbfe780
Event: 2.511 Thread 0x0000023111101800 DEOPT UNPACKING pc=0x00000230befbace3 sp=0x0000007f8dbfdc70 mode 0
Event: 2.556 Thread 0x0000023120afe070 DEOPT PACKING pc=0x00000230b7c810d2 sp=0x0000007f8e0ff170
Event: 2.556 Thread 0x0000023120afe070 DEOPT UNPACKING pc=0x00000230befbace3 sp=0x0000007f8e0fe680 mode 0
Event: 2.562 Thread 0x0000023120b02240 DEOPT PACKING pc=0x00000230b7c810d2 sp=0x0000007f8f0fef00
Event: 2.562 Thread 0x0000023120b02240 DEOPT UNPACKING pc=0x00000230befbace3 sp=0x0000007f8f0fe410 mode 0
Event: 2.567 Thread 0x0000023111101800 DEOPT PACKING pc=0x00000230b7c7c8ea sp=0x0000007f8dbfe780
Event: 2.567 Thread 0x0000023111101800 DEOPT UNPACKING pc=0x00000230befbace3 sp=0x0000007f8dbfdc70 mode 0
Event: 12.192 Thread 0x0000023111101d10 Uncommon trap: trap_request=0xffffff45 fr.pc=0x00000230bf578668 relative=0x00000000000001e8
Event: 12.192 Thread 0x0000023111101d10 Uncommon trap: reason=unstable_if action=reinterpret pc=0x00000230bf578668 method=java.util.HashMap$HashIterator.<init>(Ljava/util/HashMap;)V @ 38 c2
Event: 12.192 Thread 0x0000023111101d10 DEOPT PACKING pc=0x00000230bf578668 sp=0x0000007f8ceff410
Event: 12.192 Thread 0x0000023111101d10 DEOPT UNPACKING pc=0x00000230befba1a3 sp=0x0000007f8ceff3b8 mode 2
Event: 12.199 Thread 0x0000023111101d10 Uncommon trap: trap_request=0xffffff45 fr.pc=0x00000230bf5b8f70 relative=0x00000000000000f0
Event: 12.199 Thread 0x0000023111101d10 Uncommon trap: reason=unstable_if action=reinterpret pc=0x00000230bf5b8f70 method=com.jogamp.common.util.IntIntHashMap.put(II)I @ 21 c2
Event: 12.199 Thread 0x0000023111101d10 DEOPT PACKING pc=0x00000230bf5b8f70 sp=0x0000007f8ceff190
Event: 12.199 Thread 0x0000023111101d10 DEOPT UNPACKING pc=0x00000230befba1a3 sp=0x0000007f8ceff0f8 mode 2
Event: 12.201 Thread 0x0000023120b01d30 DEOPT PACKING pc=0x00000230b7b60b97 sp=0x0000007f8ddfdf00
Event: 12.201 Thread 0x0000023120b01d30 DEOPT UNPACKING pc=0x00000230befbace3 sp=0x0000007f8ddfd360 mode 0

Classes loaded (20 events):
Event: 2.168 Loading class java/util/concurrent/Callable done
Event: 2.168 Loading class java/util/concurrent/Executors$RunnableAdapter done
Event: 2.168 Loading class java/util/concurrent/ThreadPoolExecutor$Worker
Event: 2.168 Loading class java/util/concurrent/ThreadPoolExecutor$Worker done
Event: 2.171 Loading class java/util/concurrent/locks/AbstractQueuedSynchronizer$SharedNode
Event: 2.171 Loading class java/util/concurrent/locks/AbstractQueuedSynchronizer$SharedNode done
Event: 2.298 Loading class sun/nio/cs/StreamDecoder
Event: 2.299 Loading class sun/nio/cs/StreamDecoder done
Event: 2.299 Loading class java/util/regex/Pattern$LookBehindEndNode
Event: 2.300 Loading class java/util/regex/Pattern$LookBehindEndNode done
Event: 2.300 Loading class java/util/regex/Pattern$NotBehind
Event: 2.300 Loading class java/util/regex/Pattern$NotBehind done
Event: 2.300 Loading class java/util/regex/Pattern$Neg
Event: 2.300 Loading class java/util/regex/Pattern$Neg done
Event: 2.300 Loading class java/util/regex/Pattern$Pos
Event: 2.300 Loading class java/util/regex/Pattern$Pos done
Event: 2.313 Loading class java/util/regex/Pattern$SliceS
Event: 2.313 Loading class java/util/regex/Pattern$SliceS done
Event: 12.171 Loading class java/nio/channels/ClosedChannelException
Event: 12.171 Loading class java/nio/channels/ClosedChannelException done

Classes unloaded (0 events):
No events

Classes redefined (0 events):
No events

Internal exceptions (20 events):
Event: 0.127 Thread 0x00000230afefc400 Exception <a 'java/lang/NoSuchMethodError'{0x00000000c3ce6428}: 'void java.lang.invoke.DirectMethodHandle$Holder.invokeStatic(java.lang.Object, java.lang.Object, java.lang.Object)'> (0x00000000c3ce6428) 
thrown [s\src\hotspot\share\interpreter\linkResolver.cpp, line 759]
Event: 0.137 Thread 0x00000230afefc400 Exception <a 'java/lang/ClassNotFoundException'{0x00000000c3b0d918}: sun/awt/resources/spi/awtProvider> (0x00000000c3b0d918) 
thrown [s\src\hotspot\share\classfile\systemDictionary.cpp, line 256]
Event: 0.160 Thread 0x00000230afefc400 Exception <a 'java/io/FileNotFoundException'{0x00000000c3b63258}> (0x00000000c3b63258) 
thrown [s\src\hotspot\share\prims\jni.cpp, line 516]
Event: 0.167 Thread 0x00000230afefc400 Exception <a 'java/io/FileNotFoundException'{0x00000000c3b906d8}> (0x00000000c3b906d8) 
thrown [s\src\hotspot\share\prims\jni.cpp, line 516]
Event: 0.208 Thread 0x00000230afefc400 Exception <a 'java/lang/NoSuchMethodError'{0x00000000c3a3e218}: 'java.lang.Object java.lang.invoke.DirectMethodHandle$Holder.invokeStaticInit(java.lang.Object)'> (0x00000000c3a3e218) 
thrown [s\src\hotspot\share\interpreter\linkResolver.cpp, line 759]
Event: 0.324 Thread 0x00000230afefc400 Exception <a 'java/lang/NoSuchMethodError'{0x00000000c364c1d0}: 'java.lang.Object java.lang.invoke.DirectMethodHandle$Holder.invokeStaticInit(java.lang.Object, int, int, int, int)'> (0x00000000c364c1d0) 
thrown [s\src\hotspot\share\interpreter\linkResolver.cpp, line 759]
Event: 0.370 Thread 0x00000230afefc400 Exception <a 'java/lang/NoSuchMethodError'{0x00000000c3535ac0}: 'java.lang.Object java.lang.invoke.DirectMethodHandle$Holder.invokeStaticInit(java.lang.Object, java.lang.Object, int, int, int, int)'> (0x00000000c3535ac0) 
thrown [s\src\hotspot\share\interpreter\linkResolver.cpp, line 759]
Event: 0.438 Thread 0x00000230afefc400 Exception <a 'java/lang/NoSuchMethodError'{0x00000000c3541210}: 'void java.lang.invoke.DirectMethodHandle$Holder.invokeStatic(java.lang.Object, long)'> (0x00000000c3541210) 
thrown [s\src\hotspot\share\interpreter\linkResolver.cpp, line 759]
Event: 0.439 Thread 0x00000230afefc400 Exception <a 'java/lang/NoSuchMethodError'{0x00000000c35467f0}: 'java.lang.Object java.lang.invoke.DirectMethodHandle$Holder.newInvokeSpecial(java.lang.Object, long)'> (0x00000000c35467f0) 
thrown [s\src\hotspot\share\interpreter\linkResolver.cpp, line 759]
Event: 0.441 Thread 0x00000230afefc400 Exception <a 'java/lang/NoSuchMethodError'{0x00000000c3551008}: 'java.lang.Object java.lang.invoke.DirectMethodHandle$Holder.invokeStaticInit(java.lang.Object, java.lang.Object, long, java.lang.Object)'> (0x00000000c3551008) 
thrown [s\src\hotspot\share\interpreter\linkResolver.cpp, line 759]
Event: 0.442 Thread 0x00000230afefc400 Exception <a 'java/lang/NoSuchMethodError'{0x00000000c35575c8}: 'java.lang.Object java.lang.invoke.DirectMethodHandle$Holder.newInvokeSpecial(java.lang.Object, java.lang.Object, long)'> (0x00000000c35575c8) 
thrown [s\src\hotspot\share\interpreter\linkResolver.cpp, line 759]
Event: 0.442 Thread 0x00000230afefc400 Exception <a 'java/lang/NoSuchMethodError'{0x00000000c355b138}: 'java.lang.Object java.lang.invoke.Invokers$Holder.linkToTargetMethod(java.lang.Object, long, java.lang.Object)'> (0x00000000c355b138) 
thrown [s\src\hotspot\share\interpreter\linkResolver.cpp, line 759]
Event: 0.607 Thread 0x00000230afefc400 Exception <a 'java/lang/NoSuchMethodError'{0x00000000c34cc038}: 'java.lang.Object java.lang.invoke.DirectMethodHandle$Holder.invokeInterface(java.lang.Object, java.lang.Object)'> (0x00000000c34cc038) 
thrown [s\src\hotspot\share\interpreter\linkResolver.cpp, line 759]
Event: 0.607 Thread 0x00000230afefc400 Exception <a 'java/lang/IncompatibleClassChangeError'{0x00000000c34cf958}: Found class java.lang.Object, but interface was expected> (0x00000000c34cf958) 
thrown [s\src\hotspot\share\interpreter\linkResolver.cpp, line 826]
Event: 2.042 Thread 0x00000230afefc400 Exception <a 'java/lang/NoSuchMethodError'{0x00000000c33f2800}: 'void java.lang.invoke.DirectMethodHandle$Holder.invokeSpecial(java.lang.Object, java.lang.Object, java.lang.Object, java.lang.Object, java.lang.Object)'> (0x00000000c33f2800) 
thrown [s\src\hotspot\share\interpreter\linkResolver.cpp, line 759]
Event: 2.043 Thread 0x00000230afefc400 Exception <a 'java/lang/NoSuchMethodError'{0x00000000c33fb7c0}: 'void java.lang.invoke.DirectMethodHandle$Holder.invokeSpecial(java.lang.Object, java.lang.Object, java.lang.Object)'> (0x00000000c33fb7c0) 
thrown [s\src\hotspot\share\interpreter\linkResolver.cpp, line 759]
Event: 2.045 Thread 0x00000230afefc400 Exception <a 'java/lang/NoSuchMethodError'{0x00000000c3201d50}: 'void java.lang.invoke.DirectMethodHandle$Holder.invokeSpecial(java.lang.Object, java.lang.Object, int)'> (0x00000000c3201d50) 
thrown [s\src\hotspot\share\interpreter\linkResolver.cpp, line 759]
Event: 2.045 Thread 0x00000230afefc400 Exception <a 'java/lang/NoSuchMethodError'{0x00000000c3207d68}: 'java.lang.Object java.lang.invoke.DirectMethodHandle$Holder.newInvokeSpecial(java.lang.Object, java.lang.Object, int)'> (0x00000000c3207d68) 
thrown [s\src\hotspot\share\interpreter\linkResolver.cpp, line 759]
Event: 12.170 Thread 0x0000023111102730 Exception <a 'java/lang/InterruptedException'{0x00000000c9a00000}> (0x00000000c9a00000) 
thrown [s\src\hotspot\share\runtime\objectMonitor.cpp, line 1658]
Event: 12.199 Thread 0x0000023111101d10 Implicit null exception at 0x00000230bf5b8ec4 to 0x00000230bf5b8f4c

VM Operations (20 events):
Event: 7.148 Executing VM operation: G1PauseRemark done
Event: 7.152 Executing VM operation: G1PauseCleanup
Event: 7.152 Executing VM operation: G1PauseCleanup done
Event: 8.313 Executing VM operation: G1CollectForAllocation
Event: 8.315 Executing VM operation: G1CollectForAllocation done
Event: 9.488 Executing VM operation: G1CollectForAllocation
Event: 9.489 Executing VM operation: G1CollectForAllocation done
Event: 9.495 Executing VM operation: G1PauseRemark
Event: 9.496 Executing VM operation: G1PauseRemark done
Event: 9.499 Executing VM operation: G1PauseCleanup
Event: 9.499 Executing VM operation: G1PauseCleanup done
Event: 10.655 Executing VM operation: G1CollectForAllocation
Event: 10.656 Executing VM operation: G1CollectForAllocation done
Event: 11.917 Executing VM operation: G1CollectForAllocation
Event: 11.919 Executing VM operation: G1CollectForAllocation done
Event: 11.925 Executing VM operation: G1PauseRemark
Event: 11.926 Executing VM operation: G1PauseRemark done
Event: 11.930 Executing VM operation: G1PauseCleanup
Event: 11.930 Executing VM operation: G1PauseCleanup done
Event: 12.273 Executing VM operation: Exit

Memory protections (0 events):
No events

Nmethod flushes (0 events):
No events

Events (20 events):
Event: 2.170 Thread 0x0000023111101800 Thread added: 0x0000023120aff4b0
Event: 2.170 Thread 0x0000023111101800 Thread added: 0x0000023120afbd00
Event: 2.170 Thread 0x0000023111101800 Thread added: 0x0000023120b01820
Event: 2.171 Thread 0x0000023111101800 Thread added: 0x0000023120b02240
Event: 2.171 Thread 0x0000023111101800 Thread added: 0x0000023120b00e00
Event: 2.218 Thread 0x00000230cbd5ba40 Thread added: 0x0000023120b248b0
Event: 2.680 Thread 0x0000023120b248b0 Thread exited: 0x0000023120b248b0
Event: 2.680 Thread 0x000002311343b3c0 Thread exited: 0x000002311343b3c0
Event: 12.170 Thread 0x0000023111101800 Thread added: 0x0000023120b01d30
Event: 12.170 Thread 0x0000023111102730 Thread exited: 0x0000023111102730
Event: 12.170 Thread 0x0000023111101800 Thread added: 0x0000023120aff9c0
Event: 12.170 Thread 0x0000023111101800 Thread added: 0x0000023120affed0
Event: 12.171 Thread 0x00000231110ff9a0 Thread added: 0x0000023120b01310
Event: 12.171 Thread 0x0000023120affed0 Thread exited: 0x0000023120affed0
Event: 12.171 Thread 0x00000231111012f0 Thread exited: 0x00000231111012f0
Event: 12.173 Thread 0x00000231110ff9a0 Thread exited: 0x00000231110ff9a0
Event: 12.200 Thread 0x0000023111101d10 Thread exited: 0x0000023111101d10
Event: 12.203 Thread 0x0000023120b01d30 Thread exited: 0x0000023120b01d30
Event: 12.272 Thread 0x0000023120aff9c0 Thread exited: 0x0000023120aff9c0
Event: 12.273 Thread 0x0000023111101800 Before exit entered


Dynamic libraries:
0x00007ff705240000 - 0x00007ff70524e000 	C:\Program Files\Processing\app\resources\jdk-17.0.14+7\bin\java.exe
0x00007ffe8d7a0000 - 0x00007ffe8da07000 	C:\WINDOWS\SYSTEM32\ntdll.dll
0x00007ffe8bad0000 - 0x00007ffe8bb99000 	C:\WINDOWS\System32\KERNEL32.DLL
0x00007ffe8afe0000 - 0x00007ffe8b3d7000 	C:\WINDOWS\System32\KERNELBASE.dll
0x00007ffe8ac60000 - 0x00007ffe8adab000 	C:\WINDOWS\System32\ucrtbase.dll
0x00007ffe85b20000 - 0x00007ffe85b37000 	C:\Program Files\Processing\app\resources\jdk-17.0.14+7\bin\jli.dll
0x00007ffe878f0000 - 0x00007ffe8790e000 	C:\Program Files\Processing\app\resources\jdk-17.0.14+7\bin\VCRUNTIME140.dll
0x00007ffe8b720000 - 0x00007ffe8b8e6000 	C:\WINDOWS\System32\USER32.dll
0x00007ffe73250000 - 0x00007ffe734e2000 	C:\WINDOWS\WinSxS\amd64_microsoft.windows.common-controls_6595b64144ccf1df_6.0.26100.8457_none_3e0b2faee331e92d\COMCTL32.dll
0x00007ffe8a290000 - 0x00007ffe8a2b7000 	C:\WINDOWS\System32\win32u.dll
0x00007ffe8b960000 - 0x00007ffe8ba09000 	C:\WINDOWS\System32\msvcrt.dll
0x00007ffe8d080000 - 0x00007ffe8d0ab000 	C:\WINDOWS\System32\GDI32.dll
0x00007ffe8a2c0000 - 0x00007ffe8a3ec000 	C:\WINDOWS\System32\gdi32full.dll
0x00007ffe8b470000 - 0x00007ffe8b513000 	C:\WINDOWS\System32\msvcp_win.dll
0x00007ffe8d720000 - 0x00007ffe8d752000 	C:\WINDOWS\System32\IMM32.DLL
0x00007ffe879f0000 - 0x00007ffe879fc000 	C:\Program Files\Processing\app\resources\jdk-17.0.14+7\bin\vcruntime140_1.dll
0x00007ffe6d880000 - 0x00007ffe6d90d000 	C:\Program Files\Processing\app\resources\jdk-17.0.14+7\bin\msvcp140.dll
0x00007ffdf50b0000 - 0x00007ffdf5d1b000 	C:\Program Files\Processing\app\resources\jdk-17.0.14+7\bin\server\jvm.dll
0x00007ffe8ba10000 - 0x00007ffe8bac6000 	C:\WINDOWS\System32\ADVAPI32.dll
0x00007ffe8d0f0000 - 0x00007ffe8d197000 	C:\WINDOWS\System32\sechost.dll
0x00007ffe8b520000 - 0x00007ffe8b638000 	C:\WINDOWS\System32\RPCRT4.dll
0x00007ffe8b640000 - 0x00007ffe8b6c0000 	C:\WINDOWS\System32\WS2_32.dll
0x00007ffe8a030000 - 0x00007ffe8a08e000 	C:\WINDOWS\SYSTEM32\POWRPROF.dll
0x00007ffe73640000 - 0x00007ffe73676000 	C:\WINDOWS\SYSTEM32\WINMM.dll
0x00007ffe810b0000 - 0x00007ffe810bb000 	C:\WINDOWS\SYSTEM32\VERSION.dll
0x00007ffe8a010000 - 0x00007ffe8a024000 	C:\WINDOWS\SYSTEM32\UMPDC.dll
0x00007ffe88f60000 - 0x00007ffe88f7b000 	C:\WINDOWS\SYSTEM32\kernel.appcore.dll
0x00007ffe879c0000 - 0x00007ffe879ca000 	C:\Program Files\Processing\app\resources\jdk-17.0.14+7\bin\jimage.dll
0x00007ffe74060000 - 0x00007ffe742a2000 	C:\WINDOWS\SYSTEM32\DBGHELP.DLL
0x00007ffe8d390000 - 0x00007ffe8d713000 	C:\WINDOWS\System32\combase.dll
0x00007ffe8c8d0000 - 0x00007ffe8c9a9000 	C:\WINDOWS\System32\OLEAUT32.dll
0x00007ffe7b860000 - 0x00007ffe7b89b000 	C:\WINDOWS\SYSTEM32\dbgcore.DLL
0x00007ffe8adb0000 - 0x00007ffe8ae58000 	C:\WINDOWS\System32\bcryptPrimitives.dll
0x00007ffe85ae0000 - 0x00007ffe85b1b000 	C:\Program Files\Processing\app\resources\jdk-17.0.14+7\bin\jdwp.dll
0x00007ffe7c0a0000 - 0x00007ffe7c0c5000 	C:\Program Files\Processing\app\resources\jdk-17.0.14+7\bin\java.dll
0x00007ffe5ef00000 - 0x00007ffe5efd7000 	C:\Program Files\Processing\app\resources\jdk-17.0.14+7\bin\jsvml.dll
0x00007ffe8bca0000 - 0x00007ffe8c40e000 	C:\WINDOWS\System32\SHELL32.dll
0x00007ffe8a3f0000 - 0x00007ffe8ac5c000 	C:\WINDOWS\System32\windows.storage.dll
0x00007ffe8bba0000 - 0x00007ffe8bc96000 	C:\WINDOWS\System32\SHCORE.dll
0x00007ffe8b8f0000 - 0x00007ffe8b956000 	C:\WINDOWS\System32\shlwapi.dll
0x00007ffe8a0f0000 - 0x00007ffe8a119000 	C:\WINDOWS\SYSTEM32\profapi.dll
0x00007ffe85ad0000 - 0x00007ffe85adc000 	C:\Program Files\Processing\app\resources\jdk-17.0.14+7\bin\dt_socket.dll
0x00007ffe889a0000 - 0x00007ffe889d2000 	C:\WINDOWS\SYSTEM32\IPHLPAPI.DLL
0x00007ffe894d0000 - 0x00007ffe8953c000 	C:\WINDOWS\system32\mswsock.dll
0x00007ffe85a90000 - 0x00007ffe85aa9000 	C:\Program Files\Processing\app\resources\jdk-17.0.14+7\bin\net.dll
0x00007ffe843f0000 - 0x00007ffe84519000 	C:\WINDOWS\SYSTEM32\WINHTTP.dll
0x00007ffe85860000 - 0x00007ffe85876000 	C:\Program Files\Processing\app\resources\jdk-17.0.14+7\bin\nio.dll
0x00007ffe80870000 - 0x00007ffe80888000 	C:\Program Files\Processing\app\resources\jdk-17.0.14+7\bin\zip.dll
0x00007ffe5e560000 - 0x00007ffe5e6f0000 	C:\Program Files\Processing\app\resources\jdk-17.0.14+7\bin\awt.dll
0x00007ffe87a00000 - 0x00007ffe87aa0000 	C:\WINDOWS\SYSTEM32\apphelp.dll
0x00007ffe87d80000 - 0x00007ffe87e2a000 	C:\WINDOWS\system32\uxtheme.dll
0x00007ffe8d1a0000 - 0x00007ffe8d2fc000 	C:\WINDOWS\System32\MSCTF.dll
0x00007ffe8c430000 - 0x00007ffe8c5c7000 	C:\WINDOWS\System32\ole32.dll
0x00007ffe87f20000 - 0x00007ffe87f4f000 	C:\WINDOWS\system32\DWMAPI.DLL
0x00007ffe40100000 - 0x00007ffe4020f000 	C:\WINDOWS\system32\opengl32.dll
0x00007ffe429d0000 - 0x00007ffe429fd000 	C:\WINDOWS\SYSTEM32\GLU32.dll
0x00007ffe87eb0000 - 0x00007ffe87ef5000 	C:\WINDOWS\SYSTEM32\dxcore.dll
0x00007ffe897b0000 - 0x00007ffe897cb000 	C:\WINDOWS\SYSTEM32\CRYPTSP.dll
0x00007ffe88ec0000 - 0x00007ffe88ef9000 	C:\WINDOWS\system32\rsaenh.dll
0x00007ffe89580000 - 0x00007ffe895b3000 	C:\WINDOWS\SYSTEM32\USERENV.dll
0x00007ffe8a0c0000 - 0x00007ffe8a0ea000 	C:\WINDOWS\SYSTEM32\bcrypt.dll
0x00007ffe897d0000 - 0x00007ffe897dc000 	C:\WINDOWS\SYSTEM32\CRYPTBASE.dll
0x00007ffe8c8c0000 - 0x00007ffe8c8ca000 	C:\WINDOWS\System32\NSI.dll
0x00007ffe84550000 - 0x00007ffe8456d000 	C:\WINDOWS\SYSTEM32\dhcpcsvc6.DLL
0x00007ffe84520000 - 0x00007ffe84545000 	C:\WINDOWS\SYSTEM32\dhcpcsvc.DLL
0x00007ffe88a40000 - 0x00007ffe88b72000 	C:\WINDOWS\SYSTEM32\DNSAPI.dll
0x00007ffe7cf50000 - 0x00007ffe7cf63000 	C:\Users\danil\AppData\Local\Temp\jogamp_0000\file_cache\jln10494685114174545193\jln13390656658308655654\natives\windows-amd64\gluegen_rt.dll
0x00007ffe7c090000 - 0x00007ffe7c097000 	C:\Program Files\Processing\app\resources\jdk-17.0.14+7\bin\jawt.dll
0x00007ffe7bc20000 - 0x00007ffe7bc2d000 	C:\Users\danil\AppData\Local\Temp\jogamp_0000\file_cache\jln10494685114174545193\jln13390656658308655654\natives\windows-amd64\nativewindow_awt.dll
0x00007ffe7bc00000 - 0x00007ffe7bc15000 	C:\Users\danil\AppData\Local\Temp\jogamp_0000\file_cache\jln10494685114174545193\jln13390656658308655654\natives\windows-amd64\nativewindow_win32.dll
0x00007ffe6d7f0000 - 0x00007ffe6d873000 	C:\Users\danil\AppData\Local\Temp\jogamp_0000\file_cache\jln10494685114174545193\jln13390656658308655654\natives\windows-amd64\jogl_desktop.dll
0x00007ffe7a300000 - 0x00007ffe7a352000 	C:\Users\danil\AppData\Local\Temp\jogamp_0000\file_cache\jln10494685114174545193\jln13390656658308655654\natives\windows-amd64\jogl_mobile.dll
0x00007ffe841f0000 - 0x00007ffe84251000 	C:\WINDOWS\SYSTEM32\directxdatabasehelper.dll
0x00007ffe7b700000 - 0x00007ffe7b71d000 	C:\WINDOWS\SYSTEM32\windows.staterepositorycore.dll
0x00007ffdf33d0000 - 0x00007ffdf43a3000 	C:\WINDOWS\System32\DriverStore\FileRepository\iigd_dch.inf_amd64_225f37aa3862fc3f\igxelpicd64.dll
0x00007ffe87bd0000 - 0x00007ffe87d0e000 	C:\WINDOWS\system32\dxgi.dll
0x00007ffe59810000 - 0x00007ffe59c97000 	C:\WINDOWS\System32\DriverStore\FileRepository\iigd_dch.inf_amd64_225f37aa3862fc3f\igdml64.dll
0x00007ffe89d40000 - 0x00007ffe89d91000 	C:\WINDOWS\SYSTEM32\cfgmgr32.dll
0x00007ffe80b00000 - 0x00007ffe80ec1000 	C:\WINDOWS\System32\DriverStore\FileRepository\iigd_dch.inf_amd64_225f37aa3862fc3f\igdgmm64.dll
0x00007ffe7d5d0000 - 0x00007ffe807d6000 	C:\WINDOWS\System32\DriverStore\FileRepository\iigd_dch.inf_amd64_225f37aa3862fc3f\igc64.dll
0x00007ffe7b7e0000 - 0x00007ffe7b7f9000 	C:\Users\danil\AppData\Local\Temp\jogamp_0000\file_cache\jln10494685114174545193\jln13390656658308655654\natives\windows-amd64\newt_head.dll
0x00007ffe5e8e0000 - 0x00007ffe5e99f000 	C:\WINDOWS\SYSTEM32\mscms.dll
0x00007ffe1cd10000 - 0x00007ffe1cd59000 	C:\WINDOWS\SYSTEM32\icm32.dll
0x00007ffe8cbf0000 - 0x00007ffe8d077000 	C:\WINDOWS\System32\setupapi.dll
0x00007ffe89d10000 - 0x00007ffe89d3d000 	C:\WINDOWS\SYSTEM32\DEVOBJ.dll
0x00007ffe8b3e0000 - 0x00007ffe8b462000 	C:\WINDOWS\System32\WINTRUST.dll
0x00007ffe8ae60000 - 0x00007ffe8afd8000 	C:\WINDOWS\System32\CRYPT32.dll
0x00007ffe898e0000 - 0x00007ffe898f3000 	C:\WINDOWS\SYSTEM32\MSASN1.dll
0x00007ffe580f0000 - 0x00007ffe58236000 	C:\WINDOWS\SYSTEM32\textinputframework.dll
0x00007ffe87560000 - 0x00007ffe87687000 	C:\WINDOWS\SYSTEM32\CoreMessaging.dll
0x00007ffe83270000 - 0x00007ffe83552000 	C:\WINDOWS\SYSTEM32\CoreUIComponents.dll
0x00007ffe84e00000 - 0x00007ffe84f6a000 	C:\WINDOWS\SYSTEM32\wintypes.dll

dbghelp: loaded successfully - version: 4.0.5 - missing functions: none
symbol engine: initialized successfully - sym options: 0x614 - pdb path: .;C:\Program Files\Processing\app\resources\jdk-17.0.14+7\bin;C:\WINDOWS\SYSTEM32;C:\WINDOWS\WinSxS\amd64_microsoft.windows.common-controls_6595b64144ccf1df_6.0.26100.8457_none_3e0b2faee331e92d;C:\Program Files\Processing\app\resources\jdk-17.0.14+7\bin\server;C:\Users\danil\AppData\Local\Temp\jogamp_0000\file_cache\jln10494685114174545193\jln13390656658308655654\natives\windows-amd64;C:\WINDOWS\System32\DriverStore\FileRepository\iigd_dch.inf_amd64_225f37aa3862fc3f

VM Arguments:
jvm_args: -agentlib:jdwp=transport=dt_socket,address=8148,server=y,suspend=y,quiet=y -Xms64m -Xmx1024m -Djna.nosys=true -Djava.library.path=;C:\Program Files\Processing\app\resources\core\library;C:\Program Files\Processing;C:\WINDOWS\system32;C:\WINDOWS;C:\Program Files\PlasticSCM5\server;C:\Program Files\PlasticSCM5\client;C:\Program Files\Common Files\Oracle\Java\javapath;C:\Program Files (x86)\Common Files\Oracle\Java\javapath;C:\Windows\System32\HWAudioDriverLibs;C:\Windows\system32;C:\Windows;C:\Windows\System32\Wbem;C:\Windows\System32\WindowsPowerShell\v1.0;C:\Windows\System32\OpenSSH;C:\Program Files\Microsoft SQL Server\150\Tools\Binn;C:\Program Files\Microsoft SQL Server\Client SDK\ODBC\170\Tools\Binn;C:\Program Files\dotnet;D:\Windows Kits\10\Windows Performance Toolkit;C:\Program Files\Java\jdk-23\bin;C:\WINDOWS\system32;C:\WINDOWS;C:\WINDOWS\System32\Wbem;C:\WINDOWS\System32\WindowsPowerShell\v1.0;C:\WINDOWS\System32\OpenSSH;C:\Program Files\nodejs;C:\Program Files\Docker\Docker\resources\bin;C:\Program Files\TortoiseGit\bin;C:\Program Files\Git\cmd;C:\Users\danil\AppData\Local\Programs\Python\Python312\Scripts;C:\Users\danil\AppData\Local\Programs\Python\Python312;C:\Users\danil\AppData\Local\Microsoft\WindowsApps;C:\Users\danil\AppData\Local\Programs\Microsoft VS Code\bin;C:\Users\danil\AppData\Roaming\npm;D:\DataBase\18\bin;C:\Program Files\Processing\app;. -ea 
java_command: processing.core.PApplet --editor-location=-7,-7 --external --display=1 --sketch-path=C:\Users\danil\Desktop\Gravity_simul Gravity_simul
java_class_path (initial): C:\Users\danil\AppData\Local\Temp\processing\Gravity_simul3885007686637863463temp;C:\Program Files\Processing\app\resources\core\library\annotations-13.0.jar;C:\Program Files\Processing\app\resources\core\library\antlr-2.7.7.jar;C:\Program Files\Processing\app\resources\core\library\core-4.4.1.jar;C:\Program Files\Processing\app\resources\core\library\gluegen-rt-2.5.0-natives-android-aarch64.jar;C:\Program Files\Processing\app\resources\core\library\gluegen-rt-2.5.0-natives-linux-aarch64.jar;C:\Program Files\Processing\app\resources\core\library\gluegen-rt-2.5.0-natives-linux-amd64.jar;C:\Program Files\Processing\app\resources\core\library\gluegen-rt-2.5.0-natives-linux-armv6hf.jar;C:\Program Files\Processing\app\resources\core\library\gluegen-rt-2.5.0-natives-macosx-universal.jar;C:\Program Files\Processing\app\resources\core\library\gluegen-rt-2.5.0-natives-windows-amd64.jar;C:\Program Files\Processing\app\resources\core\library\gluegen-rt-2.5.0.jar;C:\Program Files\Processing\app\resources\core\library\gluegen-rt-main-2.5.0.jar;C:\Program Files\Processing\app\resources\core\library\jogl-all-2.5.0-natives-android-aarch64.jar;C:\Program Files\Processing\app\resources\core\library\jogl-all-2.5.0-natives-linux-aarch64.jar;C:\Program Files\Processing\app\resources\core\library\jogl-all-2.5.0-natives-linux-amd64.jar;C:\Program Files\Processing\app\resources\core\library\jogl-all-2.5.0-natives-linux-armv6hf.jar;C:\Program Files\Processing\app\resources\core\library\jogl-all-2.5.0-natives-macosx-universal.jar;C:\Program Files\Processing\app\resources\core\library\jogl-all-2.5.0-natives-windows-amd64.jar;C:\Program Files\Processing\app\resources\core\library\jogl-all-2.5.0.jar;C:\Program Files\Processing\app\resources\core\library\jogl-all-main-2.5.0.jar;C:\Program Files\Processing\app\resources\core\library\kotlin-stdlib-2.0.20.jar
Launcher Type: SUN_STANDARD

[Global flags]
     intx CICompilerCount                          = 4                                         {product} {ergonomic}
     uint ConcGCThreads                            = 2                                         {product} {ergonomic}
     uint G1ConcRefinementThreads                  = 8                                         {product} {ergonomic}
   size_t G1HeapRegionSize                         = 1048576                                   {product} {ergonomic}
    uintx GCDrainStackTargetSize                   = 64                                        {product} {ergonomic}
   size_t InitialHeapSize                          = 67108864                                  {product} {command line}
   size_t MarkStackSize                            = 4194304                                   {product} {ergonomic}
   size_t MaxHeapSize                              = 1073741824                                {product} {command line}
   size_t MaxNewSize                               = 643825664                                 {product} {ergonomic}
   size_t MinHeapDeltaBytes                        = 1048576                                   {product} {ergonomic}
   size_t MinHeapSize                              = 67108864                                  {product} {command line}
    uintx NonNMethodCodeHeapSize                   = 5839372                                {pd product} {ergonomic}
    uintx NonProfiledCodeHeapSize                  = 122909434                              {pd product} {ergonomic}
    uintx ProfiledCodeHeapSize                     = 122909434                              {pd product} {ergonomic}
    uintx ReservedCodeCacheSize                    = 251658240                              {pd product} {ergonomic}
     bool SegmentedCodeCache                       = true                                      {product} {ergonomic}
   size_t SoftMaxHeapSize                          = 1073741824                             {manageable} {ergonomic}
     bool UseCompressedClassPointers               = true                           {product lp64_product} {ergonomic}
     bool UseCompressedOops                        = true                           {product lp64_product} {ergonomic}
     bool UseG1GC                                  = true                                      {product} {ergonomic}
     bool UseLargePagesIndividualAllocation        = false                                  {pd product} {ergonomic}

Logging:
Log output configuration:
 #0: stdout all=off uptime,level,tags
 #1: stderr all=off uptime,level,tags

Environment Variables:
JAVA_HOME=C:\Program Files\Java\jdk-23
PATH=C:\Program Files\PlasticSCM5\server;C:\Program Files\PlasticSCM5\client;C:\Program Files\Common Files\Oracle\Java\javapath;C:\Program Files (x86)\Common Files\Oracle\Java\javapath;C:\Windows\System32\HWAudioDriverLibs;C:\Windows\system32;C:\Windows;C:\Windows\System32\Wbem;C:\Windows\System32\WindowsPowerShell\v1.0\;C:\Windows\System32\OpenSSH\;C:\Users\Administrator\AppData\Local\Microsoft\WindowsApps;C:\Program Files\Microsoft SQL Server\150\Tools\Binn\;C:\Program Files\Microsoft SQL Server\Client SDK\ODBC\170\Tools\Binn\;C:\Program Files\dotnet\;D:\Windows Kits\10\Windows Performance Toolkit\;C:\Program Files\Java\jdk-23\bin;C:\WINDOWS\system32;C:\WINDOWS;C:\WINDOWS\System32\Wbem;C:\WINDOWS\System32\WindowsPowerShell\v1.0\;C:\WINDOWS\System32\OpenSSH\;C:\Program Files\nodejs\;C:\Program Files\Docker\Docker\resources\bin;C:\Program Files\TortoiseGit\bin;C:\Program Files\Git\cmd;C:\Users\danil\AppData\Local\Programs\Python\Python312\Scripts\;C:\Users\danil\AppData\Local\Programs\Python\Python312\;C:\Users\danil\AppData\Local\Microsoft\WindowsApps;C:\Users\danil\.dotnet\tools;C:\Users\danil\AppData\Local\Programs\Microsoft VS Code\bin;C:\Users\danil\AppData\Roaming\npm;D:\DataBase\18\bin;C:\Program Files\Processing\app
USERNAME=danil
OS=Windows_NT
PROCESSOR_IDENTIFIER=Intel64 Family 6 Model 140 Stepping 2, GenuineIntel
TMP=C:\Users\danil\AppData\Local\Temp
TEMP=C:\Users\danil\AppData\Local\Temp



Periodic native trim disabled


---------------  S Y S T E M  ---------------

OS:
 Windows 11 , 64 bit Build 26100 (10.0.26100.8328)
OS uptime: 0 days 1:07 hours
Hyper-V role detected

CPU: total 8 (initial active 8) (4 cores per cpu, 2 threads per core) family 6 model 140 stepping 2 microcode 0x16, cx8, cmov, fxsr, ht, mmx, 3dnowpref, sse, sse2, sse3, ssse3, sse4.1, sse4.2, popcnt, lzcnt, tsc, tscinvbit, avx, avx2, aes, erms, clmul, bmi1, bmi2, adx, avx512f, avx512dq, avx512cd, avx512bw, avx512vl, sha, fma, vzeroupper, avx512_vpopcntdq, avx512_vpclmulqdq, avx512_vaes, avx512_vnni, clflush, clflushopt, clwb, avx512_vbmi2, avx512_vbmi, hv
Processor Information for processor 0
  Max Mhz: 2496, Current Mhz: 998, Mhz Limit: 2496
Processor Information for processor 1
  Max Mhz: 2496, Current Mhz: 2496, Mhz Limit: 2496
Processor Information for processor 2
  Max Mhz: 2496, Current Mhz: 998, Mhz Limit: 2496
Processor Information for processor 3
  Max Mhz: 2496, Current Mhz: 998, Mhz Limit: 2496
Processor Information for processor 4
  Max Mhz: 2496, Current Mhz: 998, Mhz Limit: 2496
Processor Information for processor 5
  Max Mhz: 2496, Current Mhz: 2496, Mhz Limit: 2496
Processor Information for processor 6
  Max Mhz: 2496, Current Mhz: 998, Mhz Limit: 2496
Processor Information for processor 7
  Max Mhz: 2496, Current Mhz: 2496, Mhz Limit: 2496

Memory: 4k page, system-wide physical 7975M (1703M free)
TotalPageFile size 17703M (AvailPageFile size 8464M)
current process WorkingSet (physical memory assigned to process): 538M, peak: 545M
current process commit charge ("private bytes"): 534M, peak: 541M

vm_info: OpenJDK 64-Bit Server VM (17.0.14+7) for windows-amd64 JRE (17.0.14+7), built on Jan 21 2025 23:40:15 by "admin" with MS VC++ 17.7 (VS2022)

END.
