#
# A fatal error has been detected by the Java Runtime Environment:
#
#  EXCEPTION_ACCESS_VIOLATION (0xc0000005) at pc=0x00007ffb49c7b386, pid=13120, tid=3056
#
# JRE version: OpenJDK Runtime Environment Temurin-17.0.14+7 (17.0.14+7) (build 17.0.14+7)
# Java VM: OpenJDK 64-Bit Server VM Temurin-17.0.14+7 (17.0.14+7, mixed mode, sharing, tiered, compressed oops, compressed class ptrs, g1 gc, windows-amd64)
# Problematic frame:
# C  [igxelpicd64.dll+0x23b386]
#
# No core dump will be written. Minidumps are not enabled by default on client versions of Windows
#
# If you would like to submit a bug report, please visit:
#   https://github.com/adoptium/adoptium-support/issues
#

---------------  S U M M A R Y ------------

Command Line: -agentlib:jdwp=transport=dt_socket,address=8764,server=y,suspend=y,quiet=y -Xms64m -Xmx1024m -Djna.nosys=true -Djava.library.path=;C:\Program Files\Processing\app\resources\core\library;C:\Program Files\Processing;C:\WINDOWS\system32;C:\WINDOWS;C:\Program Files\PlasticSCM5\server;C:\Program Files\PlasticSCM5\client;C:\Program Files\Common Files\Oracle\Java\javapath;C:\Program Files (x86)\Common Files\Oracle\Java\javapath;C:\Windows\System32\HWAudioDriverLibs;C:\Windows\system32;C:\Windows;C:\Windows\System32\Wbem;C:\Windows\System32\WindowsPowerShell\v1.0;C:\Windows\System32\OpenSSH;C:\Program Files\Microsoft SQL Server\150\Tools\Binn;C:\Program Files\Microsoft SQL Server\Client SDK\ODBC\170\Tools\Binn;C:\Program Files\dotnet;D:\Windows Kits\10\Windows Performance Toolkit;C:\Program Files\Java\jdk-23\bin;C:\WINDOWS\system32;C:\WINDOWS;C:\WINDOWS\System32\Wbem;C:\WINDOWS\System32\WindowsPowerShell\v1.0;C:\WINDOWS\System32\OpenSSH;C:\Program Files\nodejs;C:\Program Files\Docker\Docker\resources\bin;C:\Program Files\TortoiseGit\bin;C:\Program Files\Git\cmd;C:\Users\danil\Desktop\ffmpeg-8.1.2-essentials_build\ffmpeg-8.1.2-essentials_build\bin;C:\Users\danil\AppData\Local\Programs\Python\Python312\Scripts;C:\Users\danil\AppData\Local\Programs\Python\Python312;C:\Users\danil\AppData\Local\Microsoft\WindowsApps;C:\Users\danil\AppData\Local\Programs\Microsoft VS Code\bin;C:\Users\danil\AppData\Roaming\npm;D:\DataBase\18\bin;C:\Program Files\Processing\app;. -ea processing.core.PApplet --editor-location=-8,-8 --external --display=1 --sketch-path=C:\Users\danil\Desktop\Gravity_simul Gravity_simul

Host: 11th Gen Intel(R) Core(TM) i5-1155G7 @ 2.50GHz, 8 cores, 7G,  Windows 11 , 64 bit Build 26100 (10.0.26100.8521)
Time: Sun Jun 28 23:41:05 2026 RTZ 3 (s 11 , 64 bit Build 26100 (10.0.26100.8521) elapsed time: 82.253657 seconds (0d 0h 1m 22s)

---------------  T H R E A D  ---------------

Current thread (0x0000018e7138f600):  VMThread "VM Thread" [stack: 0x0000000eb4c00000,0x0000000eb4d00000] [id=3056]

Stack: [0x0000000eb4c00000,0x0000000eb4d00000],  sp=0x0000000eb4cfdf40,  free space=1015k
Native frames: (J=compiled Java code, j=interpreted, Vv=VM code, C=native code)
C  [igxelpicd64.dll+0x23b386]


siginfo: EXCEPTION_ACCESS_VIOLATION (0xc0000005), reading address 0x0000000000035468


Registers:
RAX=0x0000018e77f2af70, RBX=0x0000018e767ca590, RCX=0x0000000000000004, RDX=0x0000000000000000
RSP=0x0000000eb4cfdf40, RBP=0x0000000000000000, RSI=0x0000018e77f2ad70, RDI=0x0000018e760f3610
R8 =0x0000018e77f2ae70, R9 =0x0000000eb400c000, R10=0x0000000000000000, R11=0x0000000000000246
R12=0x0000018e77f2ad70, R13=0x0000000000000000, R14=0x0000018e77f2b2b8, R15=0x0000018e77f2ca80
RIP=0x00007ffb49c7b386, EFLAGS=0x0000000000010202


Register to memory mapping:

RIP=0x00007ffb49c7b386 igxelpicd64.dll
RAX=0x0000018e77f2af70 points into unknown readable memory: 0x000000000015e9e4 | e4 e9 15 00 00 00 00 00
RBX=0x0000018e767ca590 points into unknown readable memory: 0xffffffffffffffff | ff ff ff ff ff ff ff ff
RCX=0x0000000000000004 is an unknown value
RDX=0x0 is NULL
RSP=0x0000000eb4cfdf40 points into unknown readable memory: 0x0000018e767ca590 | 90 a5 7c 76 8e 01 00 00
RBP=0x0 is NULL
RSI=0x0000018e77f2ad70 points into unknown readable memory: 0x0000018e7669f7c0 | c0 f7 69 76 8e 01 00 00
RDI=0x0000018e760f3610 points into unknown readable memory: 0x00007ffbf9f31500 | 00 15 f3 f9 fb 7f 00 00
R8 =0x0000018e77f2ae70 points into unknown readable memory: 0x0000000000000000 | 00 00 00 00 00 00 00 00
R9 =0x0000000eb400c000 points into unknown readable memory: 0x0000000000000000 | 00 00 00 00 00 00 00 00
R10=0x0 is NULL
R11=0x0000000000000246 is an unknown value
R12=0x0000018e77f2ad70 points into unknown readable memory: 0x0000018e7669f7c0 | c0 f7 69 76 8e 01 00 00
R13=0x0 is NULL
R14=0x0000018e77f2b2b8 points into unknown readable memory: 0x0000018e77f2ca80 | 80 ca f2 77 8e 01 00 00
R15=0x0000018e77f2ca80 points into unknown readable memory: 0x0000018e7669f7c0 | c0 f7 69 76 8e 01 00 00


Top of Stack: (sp=0x0000000eb4cfdf40)
0x0000000eb4cfdf40:   0000018e767ca590 00007ffb49ab0ab4
0x0000000eb4cfdf50:   0000000000000000 0000018e77dd09e0
0x0000000eb4cfdf60:   0000001600000000 0000000000000000
0x0000000eb4cfdf70:   0000018e00000000 0000018e77dccbc0
0x0000000eb4cfdf80:   0000018e767ca590 0000018e77d90640
0x0000000eb4cfdf90:   0000018e7a560504 0000018e7a324000
0x0000000eb4cfdfa0:   9f1903a448170300 0000018e77dd0fe0
0x0000000eb4cfdfb0:   691d03a15a1d013a 00007000115cf000
0x0000000eb4cfdfc0:   9a1f03537b1f035a ad22039b282203a9
0x0000000eb4cfdfd0:   1c2803a100000000 892b03a0262a03a8
0x0000000eb4cfdfe0:   202d0388b92b038e bf2d03a55a2d03a3
0x0000000eb4cfdff0:   8b2f03a2c12e0355 d13003a163300357
0x0000000eb4cfe000:   6f33038fee3102ed 993303ac7433036b
0x0000000eb4cfe010:   0000000000000000 0000000000000000
0x0000000eb4cfe020:   4f37030000000000 0000000000000000
0x0000000eb4cfe030:   0000000000000000 0000000000000000
0x0000000eb4cfe040:   0000000eb4cfe1e0 00007ffbfa2a1259
0x0000000eb4cfe050:   0000000eb4cfe0d8 0000000000000000
0x0000000eb4cfe060:   0000000000000054 00007ffbfa2fc710
0x0000000eb4cfe070:   0000000000000000 00007ffbfb064094
0x0000000eb4cfe080:   000000007a000004 d94d03af904d039e
0x0000000eb4cfe090:   00007565d40a6edb 001040007a000004
0x0000000eb4cfe0a0:   0000018e77dc5278 000000000015edfe
0x0000000eb4cfe0b0:   0000000000000000 0000000000000016
0x0000000eb4cfe0c0:   0000000000000000 0000000000000000
0x0000000eb4cfe0d0:   0000000eb4cfe1e0 00007ffb49ca82ae
0x0000000eb4cfe0e0:   0000018e760f3610 0000000000000000
0x0000000eb4cfe0f0:   0000018e760f3610 000010027a000004
0x0000000eb4cfe100:   0000000e00000b68 0000740400840000
0x0000000eb4cfe110:   0000000000000000 aa69039c2667037d
0x0000000eb4cfe120:   0000000000000000 000010027a000004
0x0000000eb4cfe130:   256e039da16c01da 0000000000000000 

Instructions: (pc=0x00007ffb49c7b386)
0x00007ffb49c7b286:   00 90 4c 8b bf 80 02 00 00 48 8b 05 9a 85 bd 00
0x00007ffb49c7b296:   8b 80 c8 0a 00 00 89 44 24 24 c6 44 24 20 00 48
0x00007ffb49c7b2a6:   c7 87 80 02 00 00 00 00 00 00 c7 87 88 02 00 00
0x00007ffb49c7b2b6:   00 00 00 00 48 c7 87 a0 02 00 00 00 00 00 00 48
0x00007ffb49c7b2c6:   c7 87 90 02 00 00 00 00 00 00 48 85 ed 75 3d 8b
0x00007ffb49c7b2d6:   35 0d 77 cd 00 65 48 8b 04 25 58 00 00 00 b9 14
0x00007ffb49c7b2e6:   00 00 00 48 8b 04 f0 40 38 2c 01 0f 84 c9 e7 75
0x00007ffb49c7b2f6:   00 65 48 8b 04 25 58 00 00 00 bd 20 00 00 00 48
0x00007ffb49c7b306:   8b 04 f0 48 8b 2c 28 48 89 6c 24 28 48 3b 2d 07
0x00007ffb49c7b316:   9b cd 00 0f 84 9b 10 00 00 4d 85 ff 0f 84 3a 01
0x00007ffb49c7b326:   00 00 0f 1f 84 00 00 00 00 00 49 8b f7 4d 8b e7
0x00007ffb49c7b336:   4d 8d b7 48 05 00 00 4d 8b 3e 45 84 ed 0f 85 d9
0x00007ffb49c7b346:   0e 00 00 8b 8f d0 01 00 00 48 8b 05 da 84 bd 00
0x00007ffb49c7b356:   83 b8 64 03 00 00 02 75 34 4d 8d 84 24 00 01 00
0x00007ffb49c7b366:   00 83 f9 10 0f 83 3a 01 00 00 8b c1 48 c1 e0 06
0x00007ffb49c7b376:   49 03 c0 48 85 c0 0f 84 9b 01 00 00 48 8b 50 08
0x00007ffb49c7b386:   48 3b 95 68 54 03 00 0f 87 b6 0e 00 00 48 83 be
0x00007ffb49c7b396:   c0 05 00 00 00 0f 85 50 e7 75 00 44 8b 8f d0 01
0x00007ffb49c7b3a6:   00 00 48 8b 87 e8 01 00 00 4c 8b 00 8b 8f d0 01
0x00007ffb49c7b3b6:   00 00 48 8d 9e 00 01 00 00 83 f9 10 0f 83 1e 01
0x00007ffb49c7b3c6:   00 00 8b c1 48 c1 e0 06 48 03 c3 48 85 c0 0f 84
0x00007ffb49c7b3d6:   4a 01 00 00 4c 39 40 08 0f 86 40 01 00 00 48 8b
0x00007ffb49c7b3e6:   87 80 02 00 00 49 89 06 48 89 b7 80 02 00 00 ff
0x00007ffb49c7b3f6:   87 88 02 00 00 48 8b 4e 08 48 8b 01 ba 01 00 00
0x00007ffb49c7b406:   00 48 8b 80 e0 02 00 00 ff 15 f4 c1 88 00 0f b7
0x00007ffb49c7b416:   c8 48 2b c1 48 05 00 00 01 00 48 01 87 90 02 00
0x00007ffb49c7b426:   00 48 8b 4e 08 48 8b 01 ba 01 00 00 00 48 8b 80
0x00007ffb49c7b436:   e0 02 00 00 ff 15 c8 c1 88 00 48 01 87 a0 02 00
0x00007ffb49c7b446:   00 0f b6 54 24 20 4d 85 ff 0f 85 db fe ff ff 84
0x00007ffb49c7b456:   d2 0f 85 37 0f 00 00 48 8b 5c 24 40 48 8b cf 80
0x00007ffb49c7b466:   7c 24 22 00 0f 85 40 0f 00 00 e8 3b f9 ff ff 90
0x00007ffb49c7b476:   48 8b cb ff 15 99 bc 88 00 48 8b 8c 24 50 01 00 


Stack slot to memory mapping:
stack at sp + 0 slots: 0x0000018e767ca590 points into unknown readable memory: 0xffffffffffffffff | ff ff ff ff ff ff ff ff
stack at sp + 1 slots: 0x00007ffb49ab0ab4 igxelpicd64.dll
stack at sp + 2 slots: 0x0 is NULL
stack at sp + 3 slots: 0x0000018e77dd09e0 points into unknown readable memory: 0x00000000000050eb | eb 50 00 00 00 00 00 00
stack at sp + 4 slots: 0x0000001600000000 is an unknown value
stack at sp + 5 slots: 0x0 is NULL
stack at sp + 6 slots: 0x0000018e00000000 is pointing into metadata
stack at sp + 7 slots: 0x0000018e77dccbc0 points into unknown readable memory: 0x0000018e77dccbd0 | d0 cb dc 77 8e 01 00 00

VM_Operation (0x0000000eb6efe660): Exit, mode: safepoint, requested by thread 0x0000018e777e8a40


---------------  P R O C E S S  ---------------

Threads class SMR info:
_java_thread_list=0x0000018e772b66b0, length=39, elements={
0x0000018e713958c0, 0x0000018e713992b0, 0x0000018e713b05a0, 0x0000018e713b0e70,
0x0000018e713b22b0, 0x0000018e713b36f0, 0x0000018e713be9f0, 0x0000018e713c73c0,
0x0000018e713f3030, 0x0000018e71663a30, 0x0000018e7167adb0, 0x0000018e7167d6c0,
0x0000018e71681ee0, 0x0000018e7168aa10, 0x0000018e7197d5a0, 0x0000018e779afe60,
0x0000018e777e8a40, 0x0000018e777ecf00, 0x0000018e777ed410, 0x0000018e777eb0a0,
0x0000018e777eab90, 0x0000018e777e9c60, 0x0000018e777eb5b0, 0x0000018e777ea680,
0x0000018e777ec4e0, 0x0000018e777ea170, 0x0000018e777ebac0, 0x0000018e777ebfd0,
0x0000018e777ec9f0, 0x0000018e4ace8570, 0x0000018e4ace7640, 0x0000018e4ace8a80,
0x0000018e4ace6200, 0x0000018e4ace8f90, 0x0000018e4ace7b50, 0x0000018e4ace6710,
0x0000018e4ace8060, 0x0000018e4ace94a0, 0x0000018e4ace7130
}

Java Threads: ( => current thread )
  0x0000018e713958c0 JavaThread "Reference Handler" daemon [_thread_blocked, id=18320, stack(0x0000000eb4d00000,0x0000000eb4e00000)]
  0x0000018e713992b0 JavaThread "Finalizer" daemon [_thread_blocked, id=7156, stack(0x0000000eb4e00000,0x0000000eb4f00000)]
  0x0000018e713b05a0 JavaThread "Signal Dispatcher" daemon [_thread_blocked, id=9748, stack(0x0000000eb4f00000,0x0000000eb5000000)]
  0x0000018e713b0e70 JavaThread "Attach Listener" daemon [_thread_blocked, id=10920, stack(0x0000000eb5000000,0x0000000eb5100000)]
  0x0000018e713b22b0 JavaThread "Service Thread" daemon [_thread_blocked, id=9556, stack(0x0000000eb5100000,0x0000000eb5200000)]
  0x0000018e713b36f0 JavaThread "Monitor Deflation Thread" daemon [_thread_blocked, id=12000, stack(0x0000000eb5200000,0x0000000eb5300000)]
  0x0000018e713be9f0 JavaThread "C2 CompilerThread0" daemon [_thread_blocked, id=11740, stack(0x0000000eb5300000,0x0000000eb5400000)]
  0x0000018e713c73c0 JavaThread "C1 CompilerThread0" daemon [_thread_blocked, id=6332, stack(0x0000000eb5400000,0x0000000eb5500000)]
  0x0000018e713f3030 JavaThread "Sweeper thread" daemon [_thread_blocked, id=9140, stack(0x0000000eb5500000,0x0000000eb5600000)]
  0x0000018e71663a30 JavaThread "JDWP Transport Listener: dt_socket" daemon [_thread_blocked, id=6752, stack(0x0000000eb5600000,0x0000000eb5700000)]
  0x0000018e7167adb0 JavaThread "JDWP Event Helper Thread" daemon [_thread_blocked, id=11872, stack(0x0000000eb5700000,0x0000000eb5800000)]
  0x0000018e7167d6c0 JavaThread "JDWP Command Reader" daemon [_thread_blocked, id=7040, stack(0x0000000eb5800000,0x0000000eb5900000)]
  0x0000018e71681ee0 JavaThread "Notification Thread" daemon [_thread_blocked, id=6212, stack(0x0000000eb5900000,0x0000000eb5a00000)]
  0x0000018e7168aa10 JavaThread "Common-Cleaner" daemon [_thread_blocked, id=9724, stack(0x0000000eb5b00000,0x0000000eb5c00000)]
  0x0000018e7197d5a0 JavaThread "Java2D Disposer" daemon [_thread_blocked, id=8308, stack(0x0000000eb5c00000,0x0000000eb5d00000)]
  0x0000018e779afe60 JavaThread "HighResTimerThread" daemon [_thread_blocked, id=13748, stack(0x0000000eb6c00000,0x0000000eb6d00000)]
  0x0000018e777e8a40 JavaThread "main-FPSAWTAnimator#00-Timer0" [_thread_blocked, id=1160, stack(0x0000000eb6e00000,0x0000000eb6f00000)]
  0x0000018e777ecf00 JavaThread "DestroyJavaVM" [_thread_blocked, id=10916, stack(0x0000000eb4600000,0x0000000eb4700000)]
  0x0000018e777ed410 JavaThread "pool-1-thread-1" [_thread_blocked, id=15684, stack(0x0000000eb7000000,0x0000000eb7100000)]
  0x0000018e777eb0a0 JavaThread "pool-1-thread-2" [_thread_blocked, id=13744, stack(0x0000000eb7100000,0x0000000eb7200000)]
  0x0000018e777eab90 JavaThread "pool-1-thread-3" [_thread_blocked, id=8236, stack(0x0000000eb7200000,0x0000000eb7300000)]
  0x0000018e777e9c60 JavaThread "pool-1-thread-4" [_thread_blocked, id=4404, stack(0x0000000eb7300000,0x0000000eb7400000)]
  0x0000018e777eb5b0 JavaThread "pool-1-thread-5" [_thread_blocked, id=14116, stack(0x0000000eb7400000,0x0000000eb7500000)]
  0x0000018e777ea680 JavaThread "pool-1-thread-6" [_thread_blocked, id=4500, stack(0x0000000eb7500000,0x0000000eb7600000)]
  0x0000018e777ec4e0 JavaThread "pool-1-thread-7" [_thread_blocked, id=12660, stack(0x0000000eb7600000,0x0000000eb7700000)]
  0x0000018e777ea170 JavaThread "pool-1-thread-8" [_thread_blocked, id=7288, stack(0x0000000eb7700000,0x0000000eb7800000)]
  0x0000018e777ebac0 JavaThread "pool-1-thread-9" [_thread_blocked, id=18472, stack(0x0000000eb7800000,0x0000000eb7900000)]
  0x0000018e777ebfd0 JavaThread "pool-1-thread-10" [_thread_blocked, id=4508, stack(0x0000000eb7900000,0x0000000eb7a00000)]
  0x0000018e777ec9f0 JavaThread "pool-1-thread-11" [_thread_blocked, id=19020, stack(0x0000000eb7a00000,0x0000000eb7b00000)]
  0x0000018e4ace8570 JavaThread "pool-1-thread-12" [_thread_blocked, id=7836, stack(0x0000000eb7b00000,0x0000000eb7c00000)]
  0x0000018e4ace7640 JavaThread "pool-1-thread-13" [_thread_blocked, id=14256, stack(0x0000000eb7c00000,0x0000000eb7d00000)]
  0x0000018e4ace8a80 JavaThread "pool-1-thread-14" [_thread_blocked, id=11216, stack(0x0000000eb7d00000,0x0000000eb7e00000)]
  0x0000018e4ace6200 JavaThread "pool-1-thread-15" [_thread_blocked, id=4280, stack(0x0000000eb7e00000,0x0000000eb7f00000)]
  0x0000018e4ace8f90 JavaThread "pool-1-thread-16" [_thread_blocked, id=12012, stack(0x0000000eb7f00000,0x0000000eb8000000)]
  0x0000018e4ace7b50 JavaThread "pool-1-thread-17" [_thread_blocked, id=18080, stack(0x0000000eb8000000,0x0000000eb8100000)]
  0x0000018e4ace6710 JavaThread "pool-1-thread-18" [_thread_blocked, id=9020, stack(0x0000000eb8100000,0x0000000eb8200000)]
  0x0000018e4ace8060 JavaThread "pool-1-thread-19" [_thread_blocked, id=9904, stack(0x0000000eb8200000,0x0000000eb8300000)]
  0x0000018e4ace94a0 JavaThread "pool-1-thread-20" [_thread_blocked, id=6304, stack(0x0000000eb8300000,0x0000000eb8400000)]
  0x0000018e4ace7130 JavaThread "AWT-Shutdown" [_thread_blocked, id=16044, stack(0x0000000eb6d00000,0x0000000eb6e00000)]

Other Threads:
=>0x0000018e7138f600 VMThread "VM Thread" [stack: 0x0000000eb4c00000,0x0000000eb4d00000] [id=3056]
  0x0000018e5382bc60 GCTaskThread "GC Thread#0" [stack: 0x0000000eb4700000,0x0000000eb4800000] [id=16580]
  0x0000018e76096e90 GCTaskThread "GC Thread#1" [stack: 0x0000000eb6400000,0x0000000eb6500000] [id=18292]
  0x0000018e76097410 GCTaskThread "GC Thread#2" [stack: 0x0000000eb6500000,0x0000000eb6600000] [id=10460]
  0x0000018e76097f10 GCTaskThread "GC Thread#3" [stack: 0x0000000eb6600000,0x0000000eb6700000] [id=17468]
  0x0000018e76098490 GCTaskThread "GC Thread#4" [stack: 0x0000000eb6700000,0x0000000eb6800000] [id=16904]
  0x0000018e76096bd0 GCTaskThread "GC Thread#5" [stack: 0x0000000eb6800000,0x0000000eb6900000] [id=13264]
  0x0000018e760976d0 GCTaskThread "GC Thread#6" [stack: 0x0000000eb6900000,0x0000000eb6a00000] [id=12024]
  0x0000018e76097990 GCTaskThread "GC Thread#7" [stack: 0x0000000eb6a00000,0x0000000eb6b00000] [id=7460]
  0x0000018e53835ad0 ConcurrentGCThread "G1 Main Marker" terminated
  0x0000018e53837140 ConcurrentGCThread "G1 Conc#0" [stack: 0x0000000eb4900000,0x0000000eb4a00000] [id=7396]
  0x0000018e4b010280 ConcurrentGCThread "G1 Conc#1" [stack: 0x0000000eb8500000,0x0000000eb8600000] [id=14888]
  0x0000018e5388e1c0 ConcurrentGCThread "G1 Refine#0" terminated
  0x0000018e5388eb00 ConcurrentGCThread "G1 Service" terminated

Threads with active compile tasks:

VM state: at safepoint (shutting down)

VM Mutex/Monitor currently owned by a thread:  ([mutex/lock_event])
[0x0000018e53389dc0] Threads_lock - owner thread: 0x0000018e7138f600
[0x0000018e537e9980] Heap_lock - owner thread: 0x0000018e777e8a40

Heap address: 0x00000000c0000000, size: 1024 MB, Compressed Oops mode: 32-bit

CDS archive(s) mapped at: [0x0000018e00000000-0x0000018e00bb0000-0x0000018e00bb0000), size 12255232, SharedBaseAddress: 0x0000018e00000000, ArchiveRelocationMode: 1.
Compressed class space mapped at: 0x0000018e01000000-0x0000018e41000000, reserved size: 1073741824
Narrow klass base: 0x0000018e00000000, Narrow klass shift: 0, Narrow klass range: 0x100000000

GC Precious Log:
 CPUs: 8 total, 8 available
 Memory: 7975M
 Large Page Support: Disabled
 NUMA Support: Disabled
 Compressed Oops: Enabled (32-bit)
 Heap Region Size: 1M
 Heap Min Capacity: 64M
 Heap Initial Capacity: 64M
 Heap Max Capacity: 1G
 Pre-touch: Disabled
 Parallel Workers: 8
 Concurrent Workers: 2
 Concurrent Refinement Workers: 8
 Periodic GC: Disabled

Heap:
 garbage-first heap   total 139264K, used 91607K [0x00000000c0000000, 0x0000000100000000)
  region size 1024K, 39 young (39936K), 1 survivors (1024K)
 Metaspace       used 13276K, committed 13504K, reserved 1114112K
  class space    used 918K, committed 1024K, reserved 1048576K

Heap Regions: E=young(eden), S=young(survivor), O=old, HS=humongous(starts), HC=humongous(continues), CS=collection set, F=free, OA=open archive, CA=closed archive, TAMS=top-at-mark-start (previous, next)
|   0|0x00000000c0000000, 0x00000000c0100000, 0x00000000c0100000|100%| O|  |TAMS 0x00000000c0100000, 0x00000000c0000000| Untracked 
|   1|0x00000000c0100000, 0x00000000c0200000, 0x00000000c0200000|100%| O|  |TAMS 0x00000000c0200000, 0x00000000c0100000| Untracked 
|   2|0x00000000c0200000, 0x00000000c0300000, 0x00000000c0300000|100%|HS|  |TAMS 0x00000000c0300000, 0x00000000c0200000| Complete 
|   3|0x00000000c0300000, 0x00000000c0400000, 0x00000000c0400000|100%|HC|  |TAMS 0x00000000c0400000, 0x00000000c0300000| Complete 
|   4|0x00000000c0400000, 0x00000000c0500000, 0x00000000c0500000|100%|HC|  |TAMS 0x00000000c0500000, 0x00000000c0400000| Complete 
|   5|0x00000000c0500000, 0x00000000c0600000, 0x00000000c0600000|100%|HC|  |TAMS 0x00000000c0600000, 0x00000000c0500000| Complete 
|   6|0x00000000c0600000, 0x00000000c0700000, 0x00000000c0700000|100%|HC|  |TAMS 0x00000000c0700000, 0x00000000c0600000| Complete 
|   7|0x00000000c0700000, 0x00000000c0800000, 0x00000000c0800000|100%|HC|  |TAMS 0x00000000c0800000, 0x00000000c0700000| Complete 
|   8|0x00000000c0800000, 0x00000000c0900000, 0x00000000c0900000|100%|HC|  |TAMS 0x00000000c0900000, 0x00000000c0800000| Complete 
|   9|0x00000000c0900000, 0x00000000c0a00000, 0x00000000c0a00000|100%|HC|  |TAMS 0x00000000c0a00000, 0x00000000c0900000| Complete 
|  10|0x00000000c0a00000, 0x00000000c0b00000, 0x00000000c0b00000|100%|HC|  |TAMS 0x00000000c0b00000, 0x00000000c0a00000| Complete 
|  11|0x00000000c0b00000, 0x00000000c0c00000, 0x00000000c0c00000|100%|HS|  |TAMS 0x00000000c0c00000, 0x00000000c0b00000| Complete 
|  12|0x00000000c0c00000, 0x00000000c0d00000, 0x00000000c0d00000|100%|HC|  |TAMS 0x00000000c0d00000, 0x00000000c0c00000| Complete 
|  13|0x00000000c0d00000, 0x00000000c0e00000, 0x00000000c0e00000|100%|HC|  |TAMS 0x00000000c0e00000, 0x00000000c0d00000| Complete 
|  14|0x00000000c0e00000, 0x00000000c0f00000, 0x00000000c0f00000|100%| O|  |TAMS 0x00000000c0f00000, 0x00000000c0e00000| Untracked 
|  15|0x00000000c0f00000, 0x00000000c1000000, 0x00000000c1000000|100%| O|  |TAMS 0x00000000c1000000, 0x00000000c0f00000| Untracked 
|  16|0x00000000c1000000, 0x00000000c1100000, 0x00000000c1100000|100%| O|  |TAMS 0x00000000c1100000, 0x00000000c1000000| Untracked 
|  17|0x00000000c1100000, 0x00000000c1200000, 0x00000000c1200000|100%| O|  |TAMS 0x00000000c1200000, 0x00000000c1100000| Untracked 
|  18|0x00000000c1200000, 0x00000000c1300000, 0x00000000c1300000|100%| O|  |TAMS 0x00000000c1300000, 0x00000000c1200000| Untracked 
|  19|0x00000000c1300000, 0x00000000c1400000, 0x00000000c1400000|100%| O|  |TAMS 0x00000000c1400000, 0x00000000c1300000| Untracked 
|  20|0x00000000c1400000, 0x00000000c1400000, 0x00000000c1500000|  0%| F|  |TAMS 0x00000000c1400000, 0x00000000c1400000| Untracked 
|  21|0x00000000c1500000, 0x00000000c1600000, 0x00000000c1600000|100%| O|  |TAMS 0x00000000c1600000, 0x00000000c1500000| Untracked 
|  22|0x00000000c1600000, 0x00000000c1700000, 0x00000000c1700000|100%|HS|  |TAMS 0x00000000c1700000, 0x00000000c1600000| Complete 
|  23|0x00000000c1700000, 0x00000000c1800000, 0x00000000c1800000|100%|HC|  |TAMS 0x00000000c1800000, 0x00000000c1700000| Complete 
|  24|0x00000000c1800000, 0x00000000c1900000, 0x00000000c1900000|100%|HC|  |TAMS 0x00000000c1900000, 0x00000000c1800000| Complete 
|  25|0x00000000c1900000, 0x00000000c1a00000, 0x00000000c1a00000|100%|HC|  |TAMS 0x00000000c1a00000, 0x00000000c1900000| Complete 
|  26|0x00000000c1a00000, 0x00000000c1b00000, 0x00000000c1b00000|100%|HC|  |TAMS 0x00000000c1b00000, 0x00000000c1a00000| Complete 
|  27|0x00000000c1b00000, 0x00000000c1c00000, 0x00000000c1c00000|100%|HC|  |TAMS 0x00000000c1c00000, 0x00000000c1b00000| Complete 
|  28|0x00000000c1c00000, 0x00000000c1d00000, 0x00000000c1d00000|100%|HC|  |TAMS 0x00000000c1d00000, 0x00000000c1c00000| Complete 
|  29|0x00000000c1d00000, 0x00000000c1e00000, 0x00000000c1e00000|100%|HS|  |TAMS 0x00000000c1e00000, 0x00000000c1d00000| Complete 
|  30|0x00000000c1e00000, 0x00000000c1f00000, 0x00000000c1f00000|100%|HC|  |TAMS 0x00000000c1f00000, 0x00000000c1e00000| Complete 
|  31|0x00000000c1f00000, 0x00000000c2000000, 0x00000000c2000000|100%|HC|  |TAMS 0x00000000c2000000, 0x00000000c1f00000| Complete 
|  32|0x00000000c2000000, 0x00000000c2000000, 0x00000000c2100000|  0%| F|  |TAMS 0x00000000c2000000, 0x00000000c2000000| Untracked 
|  33|0x00000000c2100000, 0x00000000c2200000, 0x00000000c2200000|100%| O|  |TAMS 0x00000000c2200000, 0x00000000c2100000| Untracked 
|  34|0x00000000c2200000, 0x00000000c2287c00, 0x00000000c2300000| 53%| O|  |TAMS 0x00000000c226fe00, 0x00000000c2200000| Untracked 
|  35|0x00000000c2300000, 0x00000000c2400000, 0x00000000c2400000|100%|HS|  |TAMS 0x00000000c2400000, 0x00000000c2300000| Complete 
|  36|0x00000000c2400000, 0x00000000c2500000, 0x00000000c2500000|100%|HC|  |TAMS 0x00000000c2500000, 0x00000000c2400000| Complete 
|  37|0x00000000c2500000, 0x00000000c2600000, 0x00000000c2600000|100%|HC|  |TAMS 0x00000000c2600000, 0x00000000c2500000| Complete 
|  38|0x00000000c2600000, 0x00000000c2700000, 0x00000000c2700000|100%|HC|  |TAMS 0x00000000c2700000, 0x00000000c2600000| Complete 
|  39|0x00000000c2700000, 0x00000000c2800000, 0x00000000c2800000|100%|HC|  |TAMS 0x00000000c2800000, 0x00000000c2700000| Complete 
|  40|0x00000000c2800000, 0x00000000c2900000, 0x00000000c2900000|100%|HS|  |TAMS 0x00000000c2900000, 0x00000000c2800000| Complete 
|  41|0x00000000c2900000, 0x00000000c2a00000, 0x00000000c2a00000|100%|HC|  |TAMS 0x00000000c2a00000, 0x00000000c2900000| Complete 
|  42|0x00000000c2a00000, 0x00000000c2b00000, 0x00000000c2b00000|100%|HC|  |TAMS 0x00000000c2b00000, 0x00000000c2a00000| Complete 
|  43|0x00000000c2b00000, 0x00000000c2c00000, 0x00000000c2c00000|100%|HS|  |TAMS 0x00000000c2c00000, 0x00000000c2b00000| Complete 
|  44|0x00000000c2c00000, 0x00000000c2d00000, 0x00000000c2d00000|100%|HC|  |TAMS 0x00000000c2d00000, 0x00000000c2c00000| Complete 
|  45|0x00000000c2d00000, 0x00000000c2e00000, 0x00000000c2e00000|100%|HC|  |TAMS 0x00000000c2e00000, 0x00000000c2d00000| Complete 
|  46|0x00000000c2e00000, 0x00000000c2f00000, 0x00000000c2f00000|100%|HS|  |TAMS 0x00000000c2f00000, 0x00000000c2e00000| Complete 
|  47|0x00000000c2f00000, 0x00000000c3000000, 0x00000000c3000000|100%|HC|  |TAMS 0x00000000c3000000, 0x00000000c2f00000| Complete 
|  48|0x00000000c3000000, 0x00000000c3100000, 0x00000000c3100000|100%|HC|  |TAMS 0x00000000c3100000, 0x00000000c3000000| Complete 
|  49|0x00000000c3100000, 0x00000000c3200000, 0x00000000c3200000|100%|HS|  |TAMS 0x00000000c3200000, 0x00000000c3100000| Complete 
|  50|0x00000000c3200000, 0x00000000c3300000, 0x00000000c3300000|100%|HC|  |TAMS 0x00000000c3300000, 0x00000000c3200000| Complete 
|  51|0x00000000c3300000, 0x00000000c3400000, 0x00000000c3400000|100%|HC|  |TAMS 0x00000000c3400000, 0x00000000c3300000| Complete 
|  52|0x00000000c3400000, 0x00000000c3500000, 0x00000000c3500000|100%|HC|  |TAMS 0x00000000c3500000, 0x00000000c3400000| Complete 
|  53|0x00000000c3500000, 0x00000000c3600000, 0x00000000c3600000|100%|HC|  |TAMS 0x00000000c3600000, 0x00000000c3500000| Complete 
|  54|0x00000000c3600000, 0x00000000c3600000, 0x00000000c3700000|  0%| F|  |TAMS 0x00000000c3600000, 0x00000000c3600000| Untracked 
|  55|0x00000000c3700000, 0x00000000c3700000, 0x00000000c3800000|  0%| F|  |TAMS 0x00000000c3700000, 0x00000000c3700000| Untracked 
|  56|0x00000000c3800000, 0x00000000c3800000, 0x00000000c3900000|  0%| F|  |TAMS 0x00000000c3800000, 0x00000000c3800000| Untracked 
|  57|0x00000000c3900000, 0x00000000c3900000, 0x00000000c3a00000|  0%| F|  |TAMS 0x00000000c3900000, 0x00000000c3900000| Untracked 
|  58|0x00000000c3a00000, 0x00000000c3a00000, 0x00000000c3b00000|  0%| F|  |TAMS 0x00000000c3a00000, 0x00000000c3a00000| Untracked 
|  59|0x00000000c3b00000, 0x00000000c3b00000, 0x00000000c3c00000|  0%| F|  |TAMS 0x00000000c3b00000, 0x00000000c3b00000| Untracked 
|  60|0x00000000c3c00000, 0x00000000c3c00000, 0x00000000c3d00000|  0%| F|  |TAMS 0x00000000c3c00000, 0x00000000c3c00000| Untracked 
|  61|0x00000000c3d00000, 0x00000000c3d00000, 0x00000000c3e00000|  0%| F|  |TAMS 0x00000000c3d00000, 0x00000000c3d00000| Untracked 
|  62|0x00000000c3e00000, 0x00000000c3e00000, 0x00000000c3f00000|  0%| F|  |TAMS 0x00000000c3e00000, 0x00000000c3e00000| Untracked 
|  63|0x00000000c3f00000, 0x00000000c3f00000, 0x00000000c4000000|  0%| F|  |TAMS 0x00000000c3f00000, 0x00000000c3f00000| Untracked 
|  64|0x00000000c4000000, 0x00000000c4000000, 0x00000000c4100000|  0%| F|  |TAMS 0x00000000c4000000, 0x00000000c4000000| Untracked 
|  65|0x00000000c4100000, 0x00000000c4100000, 0x00000000c4200000|  0%| F|  |TAMS 0x00000000c4100000, 0x00000000c4100000| Untracked 
|  66|0x00000000c4200000, 0x00000000c4200000, 0x00000000c4300000|  0%| F|  |TAMS 0x00000000c4200000, 0x00000000c4200000| Untracked 
|  67|0x00000000c4300000, 0x00000000c4300000, 0x00000000c4400000|  0%| F|  |TAMS 0x00000000c4300000, 0x00000000c4300000| Untracked 
|  68|0x00000000c4400000, 0x00000000c4400000, 0x00000000c4500000|  0%| F|  |TAMS 0x00000000c4400000, 0x00000000c4400000| Untracked 
|  69|0x00000000c4500000, 0x00000000c4500000, 0x00000000c4600000|  0%| F|  |TAMS 0x00000000c4500000, 0x00000000c4500000| Untracked 
|  70|0x00000000c4600000, 0x00000000c4600000, 0x00000000c4700000|  0%| F|  |TAMS 0x00000000c4600000, 0x00000000c4600000| Untracked 
|  71|0x00000000c4700000, 0x00000000c47ee1d0, 0x00000000c4800000| 93%| S|CS|TAMS 0x00000000c4700000, 0x00000000c4700000| Complete 
|  72|0x00000000c4800000, 0x00000000c4800000, 0x00000000c4900000|  0%| F|  |TAMS 0x00000000c4800000, 0x00000000c4800000| Untracked 
|  73|0x00000000c4900000, 0x00000000c4900000, 0x00000000c4a00000|  0%| F|  |TAMS 0x00000000c4900000, 0x00000000c4900000| Untracked 
|  74|0x00000000c4a00000, 0x00000000c4a00000, 0x00000000c4b00000|  0%| F|  |TAMS 0x00000000c4a00000, 0x00000000c4a00000| Untracked 
|  75|0x00000000c4b00000, 0x00000000c4b00000, 0x00000000c4c00000|  0%| F|  |TAMS 0x00000000c4b00000, 0x00000000c4b00000| Untracked 
|  76|0x00000000c4c00000, 0x00000000c4c00000, 0x00000000c4d00000|  0%| F|  |TAMS 0x00000000c4c00000, 0x00000000c4c00000| Untracked 
|  77|0x00000000c4d00000, 0x00000000c4d00000, 0x00000000c4e00000|  0%| F|  |TAMS 0x00000000c4d00000, 0x00000000c4d00000| Untracked 
|  78|0x00000000c4e00000, 0x00000000c4e00000, 0x00000000c4f00000|  0%| F|  |TAMS 0x00000000c4e00000, 0x00000000c4e00000| Untracked 
|  79|0x00000000c4f00000, 0x00000000c4f00000, 0x00000000c5000000|  0%| F|  |TAMS 0x00000000c4f00000, 0x00000000c4f00000| Untracked 
|  80|0x00000000c5000000, 0x00000000c5000000, 0x00000000c5100000|  0%| F|  |TAMS 0x00000000c5000000, 0x00000000c5000000| Untracked 
|  81|0x00000000c5100000, 0x00000000c5100000, 0x00000000c5200000|  0%| F|  |TAMS 0x00000000c5100000, 0x00000000c5100000| Untracked 
|  82|0x00000000c5200000, 0x00000000c5200000, 0x00000000c5300000|  0%| F|  |TAMS 0x00000000c5200000, 0x00000000c5200000| Untracked 
|  83|0x00000000c5300000, 0x00000000c5300000, 0x00000000c5400000|  0%| F|  |TAMS 0x00000000c5300000, 0x00000000c5300000| Untracked 
|  84|0x00000000c5400000, 0x00000000c5400000, 0x00000000c5500000|  0%| F|  |TAMS 0x00000000c5400000, 0x00000000c5400000| Untracked 
|  85|0x00000000c5500000, 0x00000000c5500000, 0x00000000c5600000|  0%| F|  |TAMS 0x00000000c5500000, 0x00000000c5500000| Untracked 
|  86|0x00000000c5600000, 0x00000000c5600000, 0x00000000c5700000|  0%| F|  |TAMS 0x00000000c5600000, 0x00000000c5600000| Untracked 
|  87|0x00000000c5700000, 0x00000000c5700000, 0x00000000c5800000|  0%| F|  |TAMS 0x00000000c5700000, 0x00000000c5700000| Untracked 
|  88|0x00000000c5800000, 0x00000000c5800000, 0x00000000c5900000|  0%| F|  |TAMS 0x00000000c5800000, 0x00000000c5800000| Untracked 
|  89|0x00000000c5900000, 0x00000000c5900000, 0x00000000c5a00000|  0%| F|  |TAMS 0x00000000c5900000, 0x00000000c5900000| Untracked 
|  90|0x00000000c5a00000, 0x00000000c5a00000, 0x00000000c5b00000|  0%| F|  |TAMS 0x00000000c5a00000, 0x00000000c5a00000| Untracked 
|  91|0x00000000c5b00000, 0x00000000c5b00000, 0x00000000c5c00000|  0%| F|  |TAMS 0x00000000c5b00000, 0x00000000c5b00000| Untracked 
|  92|0x00000000c5c00000, 0x00000000c5c00000, 0x00000000c5d00000|  0%| F|  |TAMS 0x00000000c5c00000, 0x00000000c5c00000| Untracked 
|  93|0x00000000c5d00000, 0x00000000c5d00000, 0x00000000c5e00000|  0%| F|  |TAMS 0x00000000c5d00000, 0x00000000c5d00000| Untracked 
|  94|0x00000000c5e00000, 0x00000000c5e00000, 0x00000000c5f00000|  0%| F|  |TAMS 0x00000000c5e00000, 0x00000000c5e00000| Untracked 
|  95|0x00000000c5f00000, 0x00000000c5f00000, 0x00000000c6000000|  0%| F|  |TAMS 0x00000000c5f00000, 0x00000000c5f00000| Untracked 
|  96|0x00000000c6000000, 0x00000000c6000000, 0x00000000c6100000|  0%| F|  |TAMS 0x00000000c6000000, 0x00000000c6000000| Untracked 
|  97|0x00000000c6100000, 0x00000000c6100000, 0x00000000c6200000|  0%| F|  |TAMS 0x00000000c6100000, 0x00000000c6100000| Untracked 
|  98|0x00000000c6200000, 0x00000000c6295b00, 0x00000000c6300000| 58%| E|  |TAMS 0x00000000c6200000, 0x00000000c6200000| Complete 
|  99|0x00000000c6300000, 0x00000000c6400000, 0x00000000c6400000|100%| E|CS|TAMS 0x00000000c6300000, 0x00000000c6300000| Complete 
| 100|0x00000000c6400000, 0x00000000c6500000, 0x00000000c6500000|100%| E|CS|TAMS 0x00000000c6400000, 0x00000000c6400000| Complete 
| 101|0x00000000c6500000, 0x00000000c6600000, 0x00000000c6600000|100%| E|CS|TAMS 0x00000000c6500000, 0x00000000c6500000| Complete 
| 102|0x00000000c6600000, 0x00000000c6700000, 0x00000000c6700000|100%| E|CS|TAMS 0x00000000c6600000, 0x00000000c6600000| Complete 
| 103|0x00000000c6700000, 0x00000000c6800000, 0x00000000c6800000|100%| E|CS|TAMS 0x00000000c6700000, 0x00000000c6700000| Complete 
| 104|0x00000000c6800000, 0x00000000c6900000, 0x00000000c6900000|100%| E|CS|TAMS 0x00000000c6800000, 0x00000000c6800000| Complete 
| 105|0x00000000c6900000, 0x00000000c6a00000, 0x00000000c6a00000|100%| E|CS|TAMS 0x00000000c6900000, 0x00000000c6900000| Complete 
| 106|0x00000000c6a00000, 0x00000000c6b00000, 0x00000000c6b00000|100%| E|CS|TAMS 0x00000000c6a00000, 0x00000000c6a00000| Complete 
| 107|0x00000000c6b00000, 0x00000000c6c00000, 0x00000000c6c00000|100%| E|CS|TAMS 0x00000000c6b00000, 0x00000000c6b00000| Complete 
| 108|0x00000000c6c00000, 0x00000000c6d00000, 0x00000000c6d00000|100%| E|CS|TAMS 0x00000000c6c00000, 0x00000000c6c00000| Complete 
| 109|0x00000000c6d00000, 0x00000000c6e00000, 0x00000000c6e00000|100%| E|CS|TAMS 0x00000000c6d00000, 0x00000000c6d00000| Complete 
| 110|0x00000000c6e00000, 0x00000000c6f00000, 0x00000000c6f00000|100%| E|CS|TAMS 0x00000000c6e00000, 0x00000000c6e00000| Complete 
| 111|0x00000000c6f00000, 0x00000000c7000000, 0x00000000c7000000|100%| E|CS|TAMS 0x00000000c6f00000, 0x00000000c6f00000| Complete 
| 112|0x00000000c7000000, 0x00000000c7100000, 0x00000000c7100000|100%| E|CS|TAMS 0x00000000c7000000, 0x00000000c7000000| Complete 
| 113|0x00000000c7100000, 0x00000000c7200000, 0x00000000c7200000|100%| E|CS|TAMS 0x00000000c7100000, 0x00000000c7100000| Complete 
| 114|0x00000000c7200000, 0x00000000c7300000, 0x00000000c7300000|100%| E|CS|TAMS 0x00000000c7200000, 0x00000000c7200000| Complete 
| 115|0x00000000c7300000, 0x00000000c7400000, 0x00000000c7400000|100%| E|CS|TAMS 0x00000000c7300000, 0x00000000c7300000| Complete 
| 116|0x00000000c7400000, 0x00000000c7500000, 0x00000000c7500000|100%| E|CS|TAMS 0x00000000c7400000, 0x00000000c7400000| Complete 
| 117|0x00000000c7500000, 0x00000000c7600000, 0x00000000c7600000|100%| E|CS|TAMS 0x00000000c7500000, 0x00000000c7500000| Complete 
| 118|0x00000000c7600000, 0x00000000c7700000, 0x00000000c7700000|100%| E|CS|TAMS 0x00000000c7600000, 0x00000000c7600000| Complete 
| 119|0x00000000c7700000, 0x00000000c7800000, 0x00000000c7800000|100%| E|CS|TAMS 0x00000000c7700000, 0x00000000c7700000| Complete 
| 120|0x00000000c7800000, 0x00000000c7900000, 0x00000000c7900000|100%| E|CS|TAMS 0x00000000c7800000, 0x00000000c7800000| Complete 
| 121|0x00000000c7900000, 0x00000000c7a00000, 0x00000000c7a00000|100%| E|CS|TAMS 0x00000000c7900000, 0x00000000c7900000| Complete 
| 122|0x00000000c7a00000, 0x00000000c7b00000, 0x00000000c7b00000|100%| E|CS|TAMS 0x00000000c7a00000, 0x00000000c7a00000| Complete 
| 123|0x00000000c7b00000, 0x00000000c7c00000, 0x00000000c7c00000|100%| E|CS|TAMS 0x00000000c7b00000, 0x00000000c7b00000| Complete 
| 124|0x00000000c7c00000, 0x00000000c7d00000, 0x00000000c7d00000|100%| E|CS|TAMS 0x00000000c7c00000, 0x00000000c7c00000| Complete 
| 125|0x00000000c7d00000, 0x00000000c7e00000, 0x00000000c7e00000|100%| E|CS|TAMS 0x00000000c7d00000, 0x00000000c7d00000| Complete 
| 126|0x00000000c7e00000, 0x00000000c7f00000, 0x00000000c7f00000|100%| E|CS|TAMS 0x00000000c7e00000, 0x00000000c7e00000| Complete 
| 127|0x00000000c7f00000, 0x00000000c8000000, 0x00000000c8000000|100%| E|CS|TAMS 0x00000000c7f00000, 0x00000000c7f00000| Complete 
| 128|0x00000000c8000000, 0x00000000c8100000, 0x00000000c8100000|100%| E|CS|TAMS 0x00000000c8000000, 0x00000000c8000000| Complete 
| 129|0x00000000c8100000, 0x00000000c8200000, 0x00000000c8200000|100%| E|CS|TAMS 0x00000000c8100000, 0x00000000c8100000| Complete 
| 130|0x00000000c8200000, 0x00000000c8300000, 0x00000000c8300000|100%| E|CS|TAMS 0x00000000c8200000, 0x00000000c8200000| Complete 
| 131|0x00000000c8300000, 0x00000000c8400000, 0x00000000c8400000|100%| E|CS|TAMS 0x00000000c8300000, 0x00000000c8300000| Complete 
| 132|0x00000000c8400000, 0x00000000c8500000, 0x00000000c8500000|100%| E|CS|TAMS 0x00000000c8400000, 0x00000000c8400000| Complete 
| 133|0x00000000c8500000, 0x00000000c8600000, 0x00000000c8600000|100%| E|CS|TAMS 0x00000000c8500000, 0x00000000c8500000| Complete 
| 134|0x00000000c8600000, 0x00000000c8700000, 0x00000000c8700000|100%| E|CS|TAMS 0x00000000c8600000, 0x00000000c8600000| Complete 
| 135|0x00000000c8700000, 0x00000000c8800000, 0x00000000c8800000|100%| E|CS|TAMS 0x00000000c8700000, 0x00000000c8700000| Complete 

Card table byte_map: [0x0000018e6c570000,0x0000018e6c770000] _byte_map_base: 0x0000018e6bf70000

Marking Bits (Prev, Next): (CMBitMap*) 0x0000018e5382d1a0, (CMBitMap*) 0x0000018e5382d1e0
 Prev Bits: [0x0000018e6c970000, 0x0000018e6d970000)
 Next Bits: [0x0000018e6d970000, 0x0000018e6e970000)

Polling page: 0x0000018e538a0000

Metaspace:

Usage:
  Non-class:     12.07 MB used.
      Class:    918.73 KB used.
       Both:     12.97 MB used.

Virtual space:
  Non-class space:       64.00 MB reserved,      12.19 MB ( 19%) committed,  1 nodes.
      Class space:        1.00 GB reserved,       1.00 MB ( <1%) committed,  1 nodes.
             Both:        1.06 GB reserved,      13.19 MB (  1%) committed. 

Chunk freelists:
   Non-Class:  3.27 MB
       Class:  14.91 MB
        Both:  18.18 MB

MaxMetaspaceSize: unlimited
CompressedClassSpaceSize: 1.00 GB
Initial GC threshold: 21.00 MB
Current GC threshold: 21.38 MB
CDS: on
MetaspaceReclaimPolicy: balanced
 - commit_granule_bytes: 65536.
 - commit_granule_words: 8192.
 - virtual_space_node_default_size: 8388608.
 - enlarge_chunks_in_place: 1.
 - new_chunks_are_fully_committed: 0.
 - uncommit_free_chunks: 1.
 - use_allocation_guard: 0.
 - handle_deallocations: 1.


Internal statistics:

num_allocs_failed_limit: 0.
num_arena_births: 106.
num_arena_deaths: 0.
num_vsnodes_births: 2.
num_vsnodes_deaths: 0.
num_space_committed: 207.
num_space_uncommitted: 0.
num_chunks_returned_to_freelist: 0.
num_chunks_taken_from_freelist: 395.
num_chunk_merges: 0.
num_chunk_splits: 311.
num_chunks_enlarged: 250.
num_inconsistent_stats: 0.

CodeHeap 'non-profiled nmethods': size=120000Kb used=952Kb max_used=952Kb free=119047Kb
 bounds [0x0000018e643c0000, 0x0000018e64630000, 0x0000018e6b8f0000]
CodeHeap 'profiled nmethods': size=120000Kb used=3705Kb max_used=3705Kb free=116294Kb
 bounds [0x0000018e5c8f0000, 0x0000018e5cc90000, 0x0000018e63e20000]
CodeHeap 'non-nmethods': size=5760Kb used=1614Kb max_used=1646Kb free=4145Kb
 bounds [0x0000018e63e20000, 0x0000018e64090000, 0x0000018e643c0000]
 total_blobs=2814 nmethods=1875 adapters=852
 compilation: enabled
              stopped_count=0, restarted_count=0
 full_count=0

Compilation events (20 events):
Event: 76.282 Thread 0x0000018e713c73c0 1866       3       java.util.concurrent.locks.AbstractQueuedSynchronizer::acquireInterruptibly (36 bytes)
Event: 76.283 Thread 0x0000018e713c73c0 nmethod 1866 0x0000018e5cc8c710 code [0x0000018e5cc8c900, 0x0000018e5cc8cdb8]
Event: 78.409 Thread 0x0000018e713be9f0 1867       4       processing.opengl.PJOGL::bufferData (16 bytes)
Event: 78.411 Thread 0x0000018e713be9f0 nmethod 1867 0x0000018e644aba10 code [0x0000018e644abba0, 0x0000018e644abd28]
Event: 78.411 Thread 0x0000018e713be9f0 1868       4       jogamp.opengl.gl4.GL4bcImpl$1::create (14 bytes)
Event: 78.415 Thread 0x0000018e713be9f0 nmethod 1868 0x0000018e644abe90 code [0x0000018e644ac040, 0x0000018e644ac308]
Event: 78.453 Thread 0x0000018e713be9f0 1869       4       jogamp.opengl.gl4.GL4bcImpl::glEnable (44 bytes)
Event: 78.454 Thread 0x0000018e713be9f0 nmethod 1869 0x0000018e644ac710 code [0x0000018e644ac8a0, 0x0000018e644ac9a8]
Event: 78.454 Thread 0x0000018e713be9f0 1870       4       processing.opengl.PGraphicsOpenGL::flush (316 bytes)
Event: 78.467 Thread 0x0000018e713be9f0 nmethod 1870 0x0000018e644aca90 code [0x0000018e644acc60, 0x0000018e644ad818]
Event: 78.536 Thread 0x0000018e713be9f0 1871       4       jogamp.opengl.GLBufferObjectTracker$GLBufferStorageImpl::reset (9 bytes)
Event: 78.537 Thread 0x0000018e713be9f0 nmethod 1871 0x0000018e644ade10 code [0x0000018e644adf80, 0x0000018e644ae058]
Event: 82.136 Thread 0x0000018e713c73c0 1872       3       java.lang.AbstractStringBuilder::append (55 bytes)
Event: 82.137 Thread 0x0000018e713c73c0 nmethod 1872 0x0000018e5cc8cf90 code [0x0000018e5cc8d160, 0x0000018e5cc8d498]
Event: 82.178 Thread 0x0000018e713c73c0 1873       3       jdk.internal.misc.Unsafe::getAndAddLong (27 bytes)
Event: 82.178 Thread 0x0000018e713c73c0 nmethod 1873 0x0000018e5cc8d610 code [0x0000018e5cc8d7c0, 0x0000018e5cc8da08]
Event: 82.178 Thread 0x0000018e713c73c0 1874       3       jdk.internal.misc.Unsafe::weakCompareAndSetLong (11 bytes)
Event: 82.178 Thread 0x0000018e713c73c0 nmethod 1874 0x0000018e5cc8db10 code [0x0000018e5cc8dca0, 0x0000018e5cc8ddd8]
Event: 82.179 Thread 0x0000018e713c73c0 1875       3       java.util.IdentityHashMap$IdentityHashMapIterator::nextIndex (72 bytes)
Event: 82.179 Thread 0x0000018e713c73c0 nmethod 1875 0x0000018e5cc8de90 code [0x0000018e5cc8e080, 0x0000018e5cc8e428]

GC Heap History (20 events):
Event: 70.578 GC heap before
{Heap before GC invocations=78 (full 0):
 garbage-first heap   total 139264K, used 121362K [0x00000000c0000000, 0x0000000100000000)
  region size 1024K, 67 young (68608K), 1 survivors (1024K)
 Metaspace       used 13226K, committed 13376K, reserved 1114112K
  class space    used 914K, committed 1024K, reserved 1048576K
}
Event: 70.580 GC heap after
{Heap after GC invocations=79 (full 0):
 garbage-first heap   total 139264K, used 54630K [0x00000000c0000000, 0x0000000100000000)
  region size 1024K, 2 young (2048K), 2 survivors (2048K)
 Metaspace       used 13226K, committed 13376K, reserved 1114112K
  class space    used 914K, committed 1024K, reserved 1048576K
}
Event: 71.825 GC heap before
{Heap before GC invocations=79 (full 0):
 garbage-first heap   total 139264K, used 120166K [0x00000000c0000000, 0x0000000100000000)
  region size 1024K, 66 young (67584K), 2 survivors (2048K)
 Metaspace       used 13226K, committed 13376K, reserved 1114112K
  class space    used 914K, committed 1024K, reserved 1048576K
}
Event: 71.827 GC heap after
{Heap after GC invocations=80 (full 0):
 garbage-first heap   total 139264K, used 53638K [0x00000000c0000000, 0x0000000100000000)
  region size 1024K, 1 young (1024K), 1 survivors (1024K)
 Metaspace       used 13226K, committed 13376K, reserved 1114112K
  class space    used 914K, committed 1024K, reserved 1048576K
}
Event: 73.036 GC heap before
{Heap before GC invocations=80 (full 0):
 garbage-first heap   total 139264K, used 121222K [0x00000000c0000000, 0x0000000100000000)
  region size 1024K, 67 young (68608K), 1 survivors (1024K)
 Metaspace       used 13226K, committed 13376K, reserved 1114112K
  class space    used 914K, committed 1024K, reserved 1048576K
}
Event: 73.037 GC heap after
{Heap after GC invocations=81 (full 0):
 garbage-first heap   total 139264K, used 54394K [0x00000000c0000000, 0x0000000100000000)
  region size 1024K, 2 young (2048K), 2 survivors (2048K)
 Metaspace       used 13226K, committed 13376K, reserved 1114112K
  class space    used 914K, committed 1024K, reserved 1048576K
}
Event: 74.231 GC heap before
{Heap before GC invocations=81 (full 0):
 garbage-first heap   total 139264K, used 119930K [0x00000000c0000000, 0x0000000100000000)
  region size 1024K, 66 young (67584K), 2 survivors (2048K)
 Metaspace       used 13226K, committed 13376K, reserved 1114112K
  class space    used 914K, committed 1024K, reserved 1048576K
}
Event: 74.231 GC heap after
{Heap after GC invocations=82 (full 0):
 garbage-first heap   total 139264K, used 53266K [0x00000000c0000000, 0x0000000100000000)
  region size 1024K, 1 young (1024K), 1 survivors (1024K)
 Metaspace       used 13226K, committed 13376K, reserved 1114112K
  class space    used 914K, committed 1024K, reserved 1048576K
}
Event: 75.462 GC heap before
{Heap before GC invocations=82 (full 0):
 garbage-first heap   total 139264K, used 120850K [0x00000000c0000000, 0x0000000100000000)
  region size 1024K, 67 young (68608K), 1 survivors (1024K)
 Metaspace       used 13230K, committed 13376K, reserved 1114112K
  class space    used 914K, committed 1024K, reserved 1048576K
}
Event: 75.463 GC heap after
{Heap after GC invocations=83 (full 0):
 garbage-first heap   total 139264K, used 54123K [0x00000000c0000000, 0x0000000100000000)
  region size 1024K, 2 young (2048K), 2 survivors (2048K)
 Metaspace       used 13230K, committed 13376K, reserved 1114112K
  class space    used 914K, committed 1024K, reserved 1048576K
}
Event: 76.640 GC heap before
{Heap before GC invocations=83 (full 0):
 garbage-first heap   total 139264K, used 120683K [0x00000000c0000000, 0x0000000100000000)
  region size 1024K, 67 young (68608K), 2 survivors (2048K)
 Metaspace       used 13230K, committed 13376K, reserved 1114112K
  class space    used 914K, committed 1024K, reserved 1048576K
}
Event: 76.641 GC heap after
{Heap after GC invocations=84 (full 0):
 garbage-first heap   total 139264K, used 54134K [0x00000000c0000000, 0x0000000100000000)
  region size 1024K, 2 young (2048K), 2 survivors (2048K)
 Metaspace       used 13230K, committed 13376K, reserved 1114112K
  class space    used 914K, committed 1024K, reserved 1048576K
}
Event: 77.826 GC heap before
{Heap before GC invocations=84 (full 0):
 garbage-first heap   total 139264K, used 120694K [0x00000000c0000000, 0x0000000100000000)
  region size 1024K, 67 young (68608K), 2 survivors (2048K)
 Metaspace       used 13230K, committed 13376K, reserved 1114112K
  class space    used 914K, committed 1024K, reserved 1048576K
}
Event: 77.827 GC heap after
{Heap after GC invocations=85 (full 0):
 garbage-first heap   total 139264K, used 54045K [0x00000000c0000000, 0x0000000100000000)
  region size 1024K, 2 young (2048K), 2 survivors (2048K)
 Metaspace       used 13230K, committed 13376K, reserved 1114112K
  class space    used 914K, committed 1024K, reserved 1048576K
}
Event: 79.011 GC heap before
{Heap before GC invocations=85 (full 0):
 garbage-first heap   total 139264K, used 120605K [0x00000000c0000000, 0x0000000100000000)
  region size 1024K, 67 young (68608K), 2 survivors (2048K)
 Metaspace       used 13230K, committed 13376K, reserved 1114112K
  class space    used 914K, committed 1024K, reserved 1048576K
}
Event: 79.012 GC heap after
{Heap after GC invocations=86 (full 0):
 garbage-first heap   total 139264K, used 53605K [0x00000000c0000000, 0x0000000100000000)
  region size 1024K, 1 young (1024K), 1 survivors (1024K)
 Metaspace       used 13230K, committed 13376K, reserved 1114112K
  class space    used 914K, committed 1024K, reserved 1048576K
}
Event: 80.283 GC heap before
{Heap before GC invocations=86 (full 0):
 garbage-first heap   total 139264K, used 121189K [0x00000000c0000000, 0x0000000100000000)
  region size 1024K, 67 young (68608K), 1 survivors (1024K)
 Metaspace       used 13230K, committed 13376K, reserved 1114112K
  class space    used 914K, committed 1024K, reserved 1048576K
}
Event: 80.284 GC heap after
{Heap after GC invocations=87 (full 0):
 garbage-first heap   total 139264K, used 54491K [0x00000000c0000000, 0x0000000100000000)
  region size 1024K, 2 young (2048K), 2 survivors (2048K)
 Metaspace       used 13230K, committed 13376K, reserved 1114112K
  class space    used 914K, committed 1024K, reserved 1048576K
}
Event: 81.467 GC heap before
{Heap before GC invocations=87 (full 0):
 garbage-first heap   total 139264K, used 120027K [0x00000000c0000000, 0x0000000100000000)
  region size 1024K, 66 young (67584K), 2 survivors (2048K)
 Metaspace       used 13230K, committed 13376K, reserved 1114112K
  class space    used 914K, committed 1024K, reserved 1048576K
}
Event: 81.468 GC heap after
{Heap after GC invocations=88 (full 0):
 garbage-first heap   total 139264K, used 53719K [0x00000000c0000000, 0x0000000100000000)
  region size 1024K, 1 young (1024K), 1 survivors (1024K)
 Metaspace       used 13230K, committed 13376K, reserved 1114112K
  class space    used 914K, committed 1024K, reserved 1048576K
}

Dll operation events (14 events):
Event: 0.009 Loaded shared library C:\Program Files\Processing\app\resources\jdk-17.0.14+7\bin\java.dll
Event: 0.032 Loaded shared library C:\Program Files\Processing\app\resources\jdk-17.0.14+7\bin\jsvml.dll
Event: 0.072 Loaded shared library C:\Program Files\Processing\app\resources\jdk-17.0.14+7\bin\net.dll
Event: 0.073 Loaded shared library C:\Program Files\Processing\app\resources\jdk-17.0.14+7\bin\nio.dll
Event: 0.077 Loaded shared library C:\Program Files\Processing\app\resources\jdk-17.0.14+7\bin\zip.dll
Event: 0.133 Loaded shared library C:\Program Files\Processing\app\resources\jdk-17.0.14+7\bin\jimage.dll
Event: 0.138 Loaded shared library C:\Program Files\Processing\app\resources\jdk-17.0.14+7\bin\awt.dll
Event: 0.569 Loaded shared library C:\Users\danil\AppData\Local\Temp\jogamp_0000\file_cache\jln13802577621825830178\jln17427422529619859331\natives\windows-amd64\gluegen_rt.dll
Event: 0.577 Loaded shared library C:\Program Files\Processing\app\resources\jdk-17.0.14+7\bin\jawt.dll
Event: 0.591 Loaded shared library C:\Users\danil\AppData\Local\Temp\jogamp_0000\file_cache\jln13802577621825830178\jln17427422529619859331\natives\windows-amd64\nativewindow_awt.dll
Event: 0.624 Loaded shared library C:\Users\danil\AppData\Local\Temp\jogamp_0000\file_cache\jln13802577621825830178\jln17427422529619859331\natives\windows-amd64\nativewindow_win32.dll
Event: 0.743 Loaded shared library C:\Users\danil\AppData\Local\Temp\jogamp_0000\file_cache\jln13802577621825830178\jln17427422529619859331\natives\windows-amd64\jogl_desktop.dll
Event: 0.984 Loaded shared library C:\Users\danil\AppData\Local\Temp\jogamp_0000\file_cache\jln13802577621825830178\jln17427422529619859331\natives\windows-amd64\jogl_mobile.dll
Event: 1.889 Loaded shared library C:\Users\danil\AppData\Local\Temp\jogamp_0000\file_cache\jln13802577621825830178\jln17427422529619859331\natives\windows-amd64\newt_head.dll

Deoptimization events (20 events):
Event: 82.054 Thread 0x0000018e777e8a40 DEOPT PACKING pc=0x0000018e5cbc26c1 sp=0x0000000eb6efe6e0
Event: 82.054 Thread 0x0000018e777e8a40 DEOPT UNPACKING pc=0x0000018e63e7ace3 sp=0x0000000eb6efdbd0 mode 1
Event: 82.054 Thread 0x0000018e777e8a40 DEOPT PACKING pc=0x0000018e5cbbf2f4 sp=0x0000000eb6efe770
Event: 82.054 Thread 0x0000018e777e8a40 DEOPT UNPACKING pc=0x0000018e63e7ace3 sp=0x0000000eb6efdc18 mode 1
Event: 82.054 Thread 0x0000018e777e8a40 DEOPT PACKING pc=0x0000018e5cbc26c1 sp=0x0000000eb6efe770
Event: 82.055 Thread 0x0000018e777e8a40 DEOPT UNPACKING pc=0x0000018e63e7ace3 sp=0x0000000eb6efdc60 mode 1
Event: 82.055 Thread 0x0000018e777e8a40 DEOPT PACKING pc=0x0000018e5cbbf2f4 sp=0x0000000eb6efe800
Event: 82.055 Thread 0x0000018e777e8a40 DEOPT UNPACKING pc=0x0000018e63e7ace3 sp=0x0000000eb6efdca8 mode 1
Event: 82.095 Thread 0x0000018e777e8a40 DEOPT PACKING pc=0x0000018e5cbc26c1 sp=0x0000000eb6efe6e0
Event: 82.095 Thread 0x0000018e777e8a40 DEOPT UNPACKING pc=0x0000018e63e7ace3 sp=0x0000000eb6efdbd0 mode 1
Event: 82.095 Thread 0x0000018e777e8a40 DEOPT PACKING pc=0x0000018e5cbbf2f4 sp=0x0000000eb6efe770
Event: 82.095 Thread 0x0000018e777e8a40 DEOPT UNPACKING pc=0x0000018e63e7ace3 sp=0x0000000eb6efdc18 mode 1
Event: 82.095 Thread 0x0000018e777e8a40 DEOPT PACKING pc=0x0000018e5cbc26c1 sp=0x0000000eb6efe770
Event: 82.095 Thread 0x0000018e777e8a40 DEOPT UNPACKING pc=0x0000018e63e7ace3 sp=0x0000000eb6efdc60 mode 1
Event: 82.095 Thread 0x0000018e777e8a40 DEOPT PACKING pc=0x0000018e5cbbf2f4 sp=0x0000000eb6efe800
Event: 82.095 Thread 0x0000018e777e8a40 DEOPT UNPACKING pc=0x0000018e63e7ace3 sp=0x0000000eb6efdca8 mode 1
Event: 82.171 Thread 0x0000018e767f6410 Uncommon trap: trap_request=0xffffff45 fr.pc=0x0000018e644765f0 relative=0x00000000000000f0
Event: 82.171 Thread 0x0000018e767f6410 Uncommon trap: reason=unstable_if action=reinterpret pc=0x0000018e644765f0 method=com.jogamp.common.util.IntIntHashMap.put(II)I @ 21 c2
Event: 82.171 Thread 0x0000018e767f6410 DEOPT PACKING pc=0x0000018e644765f0 sp=0x0000000eb61ff2d0
Event: 82.171 Thread 0x0000018e767f6410 DEOPT UNPACKING pc=0x0000018e63e7a1a3 sp=0x0000000eb61ff238 mode 2

Classes loaded (20 events):
Event: 2.137 Loading class java/util/concurrent/Callable done
Event: 2.137 Loading class java/util/concurrent/Executors$RunnableAdapter done
Event: 2.137 Loading class java/util/concurrent/ThreadPoolExecutor$Worker
Event: 2.137 Loading class java/util/concurrent/ThreadPoolExecutor$Worker done
Event: 2.140 Loading class java/util/concurrent/locks/AbstractQueuedSynchronizer$SharedNode
Event: 2.140 Loading class java/util/concurrent/locks/AbstractQueuedSynchronizer$SharedNode done
Event: 2.244 Loading class sun/nio/cs/StreamDecoder
Event: 2.244 Loading class sun/nio/cs/StreamDecoder done
Event: 2.245 Loading class java/util/regex/Pattern$LookBehindEndNode
Event: 2.245 Loading class java/util/regex/Pattern$LookBehindEndNode done
Event: 2.245 Loading class java/util/regex/Pattern$NotBehind
Event: 2.245 Loading class java/util/regex/Pattern$NotBehind done
Event: 2.245 Loading class java/util/regex/Pattern$Neg
Event: 2.245 Loading class java/util/regex/Pattern$Neg done
Event: 2.246 Loading class java/util/regex/Pattern$Pos
Event: 2.246 Loading class java/util/regex/Pattern$Pos done
Event: 2.256 Loading class java/util/regex/Pattern$SliceS
Event: 2.256 Loading class java/util/regex/Pattern$SliceS done
Event: 82.136 Loading class java/nio/channels/ClosedChannelException
Event: 82.136 Loading class java/nio/channels/ClosedChannelException done

Classes unloaded (0 events):
No events

Classes redefined (0 events):
No events

Internal exceptions (20 events):
Event: 0.116 Thread 0x0000018e537ec0c0 Exception <a 'java/lang/NoSuchMethodError'{0x00000000c3ce8700}: 'void java.lang.invoke.DirectMethodHandle$Holder.invokeStatic(java.lang.Object, java.lang.Object, java.lang.Object)'> (0x00000000c3ce8700) 
thrown [s\src\hotspot\share\interpreter\linkResolver.cpp, line 759]
Event: 0.126 Thread 0x0000018e537ec0c0 Exception <a 'java/lang/ClassNotFoundException'{0x00000000c3b106f8}: sun/awt/resources/spi/awtProvider> (0x00000000c3b106f8) 
thrown [s\src\hotspot\share\classfile\systemDictionary.cpp, line 256]
Event: 0.148 Thread 0x0000018e537ec0c0 Exception <a 'java/io/FileNotFoundException'{0x00000000c3b66038}> (0x00000000c3b66038) 
thrown [s\src\hotspot\share\prims\jni.cpp, line 516]
Event: 0.154 Thread 0x0000018e537ec0c0 Exception <a 'java/io/FileNotFoundException'{0x00000000c3b93748}> (0x00000000c3b93748) 
thrown [s\src\hotspot\share\prims\jni.cpp, line 516]
Event: 0.202 Thread 0x0000018e537ec0c0 Exception <a 'java/lang/NoSuchMethodError'{0x00000000c3a40798}: 'java.lang.Object java.lang.invoke.DirectMethodHandle$Holder.invokeStaticInit(java.lang.Object)'> (0x00000000c3a40798) 
thrown [s\src\hotspot\share\interpreter\linkResolver.cpp, line 759]
Event: 0.314 Thread 0x0000018e537ec0c0 Exception <a 'java/lang/NoSuchMethodError'{0x00000000c364f258}: 'java.lang.Object java.lang.invoke.DirectMethodHandle$Holder.invokeStaticInit(java.lang.Object, int, int, int, int)'> (0x00000000c364f258) 
thrown [s\src\hotspot\share\interpreter\linkResolver.cpp, line 759]
Event: 0.364 Thread 0x0000018e537ec0c0 Exception <a 'java/lang/NoSuchMethodError'{0x00000000c3536bd0}: 'java.lang.Object java.lang.invoke.DirectMethodHandle$Holder.invokeStaticInit(java.lang.Object, java.lang.Object, int, int, int, int)'> (0x00000000c3536bd0) 
thrown [s\src\hotspot\share\interpreter\linkResolver.cpp, line 759]
Event: 0.418 Thread 0x0000018e537ec0c0 Exception <a 'java/lang/NoSuchMethodError'{0x00000000c3542270}: 'void java.lang.invoke.DirectMethodHandle$Holder.invokeStatic(java.lang.Object, long)'> (0x00000000c3542270) 
thrown [s\src\hotspot\share\interpreter\linkResolver.cpp, line 759]
Event: 0.419 Thread 0x0000018e537ec0c0 Exception <a 'java/lang/NoSuchMethodError'{0x00000000c3547850}: 'java.lang.Object java.lang.invoke.DirectMethodHandle$Holder.newInvokeSpecial(java.lang.Object, long)'> (0x00000000c3547850) 
thrown [s\src\hotspot\share\interpreter\linkResolver.cpp, line 759]
Event: 0.423 Thread 0x0000018e537ec0c0 Exception <a 'java/lang/NoSuchMethodError'{0x00000000c3552068}: 'java.lang.Object java.lang.invoke.DirectMethodHandle$Holder.invokeStaticInit(java.lang.Object, java.lang.Object, long, java.lang.Object)'> (0x00000000c3552068) 
thrown [s\src\hotspot\share\interpreter\linkResolver.cpp, line 759]
Event: 0.424 Thread 0x0000018e537ec0c0 Exception <a 'java/lang/NoSuchMethodError'{0x00000000c3558628}: 'java.lang.Object java.lang.invoke.DirectMethodHandle$Holder.newInvokeSpecial(java.lang.Object, java.lang.Object, long)'> (0x00000000c3558628) 
thrown [s\src\hotspot\share\interpreter\linkResolver.cpp, line 759]
Event: 0.424 Thread 0x0000018e537ec0c0 Exception <a 'java/lang/NoSuchMethodError'{0x00000000c355c198}: 'java.lang.Object java.lang.invoke.Invokers$Holder.linkToTargetMethod(java.lang.Object, long, java.lang.Object)'> (0x00000000c355c198) 
thrown [s\src\hotspot\share\interpreter\linkResolver.cpp, line 759]
Event: 0.603 Thread 0x0000018e537ec0c0 Exception <a 'java/lang/NoSuchMethodError'{0x00000000c34cc3f8}: 'java.lang.Object java.lang.invoke.DirectMethodHandle$Holder.invokeInterface(java.lang.Object, java.lang.Object)'> (0x00000000c34cc3f8) 
thrown [s\src\hotspot\share\interpreter\linkResolver.cpp, line 759]
Event: 0.604 Thread 0x0000018e537ec0c0 Exception <a 'java/lang/IncompatibleClassChangeError'{0x00000000c34cfd18}: Found class java.lang.Object, but interface was expected> (0x00000000c34cfd18) 
thrown [s\src\hotspot\share\interpreter\linkResolver.cpp, line 826]
Event: 2.003 Thread 0x0000018e537ec0c0 Exception <a 'java/lang/NoSuchMethodError'{0x00000000c33f5050}: 'void java.lang.invoke.DirectMethodHandle$Holder.invokeSpecial(java.lang.Object, java.lang.Object, java.lang.Object, java.lang.Object, java.lang.Object)'> (0x00000000c33f5050) 
thrown [s\src\hotspot\share\interpreter\linkResolver.cpp, line 759]
Event: 2.005 Thread 0x0000018e537ec0c0 Exception <a 'java/lang/NoSuchMethodError'{0x00000000c33fe010}: 'void java.lang.invoke.DirectMethodHandle$Holder.invokeSpecial(java.lang.Object, java.lang.Object, java.lang.Object)'> (0x00000000c33fe010) 
thrown [s\src\hotspot\share\interpreter\linkResolver.cpp, line 759]
Event: 2.005 Thread 0x0000018e537ec0c0 Exception <a 'java/lang/NoSuchMethodError'{0x00000000c32045a8}: 'void java.lang.invoke.DirectMethodHandle$Holder.invokeSpecial(java.lang.Object, java.lang.Object, int)'> (0x00000000c32045a8) 
thrown [s\src\hotspot\share\interpreter\linkResolver.cpp, line 759]
Event: 2.006 Thread 0x0000018e537ec0c0 Exception <a 'java/lang/NoSuchMethodError'{0x00000000c320a5c0}: 'java.lang.Object java.lang.invoke.DirectMethodHandle$Holder.newInvokeSpecial(java.lang.Object, java.lang.Object, int)'> (0x00000000c320a5c0) 
thrown [s\src\hotspot\share\interpreter\linkResolver.cpp, line 759]
Event: 82.135 Thread 0x0000018e777e8560 Exception <a 'java/lang/InterruptedException'{0x00000000c6380a70}> (0x00000000c6380a70) 
thrown [s\src\hotspot\share\runtime\objectMonitor.cpp, line 1658]
Event: 82.171 Thread 0x0000018e767f6410 Implicit null exception at 0x0000018e64476544 to 0x0000018e644765cc

VM Operations (20 events):
Event: 71.827 Executing VM operation: G1CollectForAllocation done
Event: 73.036 Executing VM operation: G1CollectForAllocation
Event: 73.037 Executing VM operation: G1CollectForAllocation done
Event: 74.231 Executing VM operation: G1CollectForAllocation
Event: 74.231 Executing VM operation: G1CollectForAllocation done
Event: 75.462 Executing VM operation: G1CollectForAllocation
Event: 75.463 Executing VM operation: G1CollectForAllocation done
Event: 76.640 Executing VM operation: G1CollectForAllocation
Event: 76.641 Executing VM operation: G1CollectForAllocation done
Event: 77.826 Executing VM operation: G1CollectForAllocation
Event: 77.827 Executing VM operation: G1CollectForAllocation done
Event: 78.828 Executing VM operation: Cleanup
Event: 78.828 Executing VM operation: Cleanup done
Event: 79.011 Executing VM operation: G1CollectForAllocation
Event: 79.012 Executing VM operation: G1CollectForAllocation done
Event: 80.283 Executing VM operation: G1CollectForAllocation
Event: 80.284 Executing VM operation: G1CollectForAllocation done
Event: 81.467 Executing VM operation: G1CollectForAllocation
Event: 81.468 Executing VM operation: G1CollectForAllocation done
Event: 82.237 Executing VM operation: Exit

Memory protections (0 events):
No events

Nmethod flushes (0 events):
No events

Events (20 events):
Event: 60.251 Thread 0x0000018e7197e360 Thread added: 0x0000018e4acea3d0
Event: 61.262 Thread 0x0000018e4acea3d0 Thread exited: 0x0000018e4acea3d0
Event: 67.440 Thread 0x0000018e7197e360 Thread added: 0x0000018e4ace99b0
Event: 68.446 Thread 0x0000018e4ace99b0 Thread exited: 0x0000018e4ace99b0
Event: 71.550 Thread 0x0000018e7197e360 Thread added: 0x0000018e4acea3d0
Event: 72.557 Thread 0x0000018e4acea3d0 Thread exited: 0x0000018e4acea3d0
Event: 79.771 Thread 0x0000018e7197e360 Thread added: 0x0000018e4ace6c20
Event: 80.777 Thread 0x0000018e4ace6c20 Thread exited: 0x0000018e4ace6c20
Event: 82.135 Thread 0x0000018e777e8a40 Thread added: 0x0000018e4ace99b0
Event: 82.135 Thread 0x0000018e777e8a40 Thread added: 0x0000018e4ace9ec0
Event: 82.135 Thread 0x0000018e777e8a40 Thread added: 0x0000018e4acea3d0
Event: 82.135 Thread 0x0000018e777e8560 Thread exited: 0x0000018e777e8560
Event: 82.136 Thread 0x0000018e7197e360 Thread added: 0x0000018e4ace7130
Event: 82.136 Thread 0x0000018e4acea3d0 Thread exited: 0x0000018e4acea3d0
Event: 82.137 Thread 0x0000018e777f6230 Thread exited: 0x0000018e777f6230
Event: 82.137 Thread 0x0000018e7197e360 Thread exited: 0x0000018e7197e360
Event: 82.173 Thread 0x0000018e767f6410 Thread exited: 0x0000018e767f6410
Event: 82.178 Thread 0x0000018e4ace99b0 Thread exited: 0x0000018e4ace99b0
Event: 82.237 Thread 0x0000018e4ace9ec0 Thread exited: 0x0000018e4ace9ec0
Event: 82.237 Thread 0x0000018e777e8a40 Before exit entered


Dynamic libraries:
0x00007ff76a320000 - 0x00007ff76a32e000 	C:\Program Files\Processing\app\resources\jdk-17.0.14+7\bin\java.exe
0x00007ffbfaf00000 - 0x00007ffbfb166000 	C:\WINDOWS\SYSTEM32\ntdll.dll
0x00007ffbf8fd0000 - 0x00007ffbf9099000 	C:\WINDOWS\System32\KERNEL32.DLL
0x00007ffbf87b0000 - 0x00007ffbf8baa000 	C:\WINDOWS\System32\KERNELBASE.dll
0x00007ffbf8190000 - 0x00007ffbf82dc000 	C:\WINDOWS\System32\ucrtbase.dll
0x00007ffbc8f90000 - 0x00007ffbc8fa7000 	C:\Program Files\Processing\app\resources\jdk-17.0.14+7\bin\jli.dll
0x00007ffbc8f70000 - 0x00007ffbc8f8e000 	C:\Program Files\Processing\app\resources\jdk-17.0.14+7\bin\VCRUNTIME140.dll
0x00007ffbfa250000 - 0x00007ffbfa417000 	C:\WINDOWS\System32\USER32.dll
0x00007ffbdf5a0000 - 0x00007ffbdf832000 	C:\WINDOWS\WinSxS\amd64_microsoft.windows.common-controls_6595b64144ccf1df_6.0.26100.8521_none_3e08b75ce33403b3\COMCTL32.dll
0x00007ffbf8370000 - 0x00007ffbf8397000 	C:\WINDOWS\System32\win32u.dll
0x00007ffbf91e0000 - 0x00007ffbf9289000 	C:\WINDOWS\System32\msvcrt.dll
0x00007ffbf8d50000 - 0x00007ffbf8d7b000 	C:\WINDOWS\System32\GDI32.dll
0x00007ffbf85d0000 - 0x00007ffbf86fb000 	C:\WINDOWS\System32\gdi32full.dll
0x00007ffbf8700000 - 0x00007ffbf87a3000 	C:\WINDOWS\System32\msvcp_win.dll
0x00007ffbf9c80000 - 0x00007ffbf9cb2000 	C:\WINDOWS\System32\IMM32.DLL
0x00007ffbf1800000 - 0x00007ffbf180c000 	C:\Program Files\Processing\app\resources\jdk-17.0.14+7\bin\vcruntime140_1.dll
0x00007ffbc8ee0000 - 0x00007ffbc8f6d000 	C:\Program Files\Processing\app\resources\jdk-17.0.14+7\bin\msvcp140.dll
0x00007ffb67bb0000 - 0x00007ffb6881b000 	C:\Program Files\Processing\app\resources\jdk-17.0.14+7\bin\server\jvm.dll
0x00007ffbf9d90000 - 0x00007ffbf9e46000 	C:\WINDOWS\System32\ADVAPI32.dll
0x00007ffbfa190000 - 0x00007ffbfa23a000 	C:\WINDOWS\System32\sechost.dll
0x00007ffbf9e50000 - 0x00007ffbf9f68000 	C:\WINDOWS\System32\RPCRT4.dll
0x00007ffbf90d0000 - 0x00007ffbf9150000 	C:\WINDOWS\System32\WS2_32.dll
0x00007ffbdb520000 - 0x00007ffbdb556000 	C:\WINDOWS\SYSTEM32\WINMM.dll
0x00007ffbf8010000 - 0x00007ffbf806e000 	C:\WINDOWS\SYSTEM32\POWRPROF.dll
0x00007ffbeda10000 - 0x00007ffbeda1b000 	C:\WINDOWS\SYSTEM32\VERSION.dll
0x00007ffbf7ff0000 - 0x00007ffbf8004000 	C:\WINDOWS\SYSTEM32\UMPDC.dll
0x00007ffbf6f00000 - 0x00007ffbf6f1b000 	C:\WINDOWS\SYSTEM32\kernel.appcore.dll
0x00007ffbcb370000 - 0x00007ffbcb37a000 	C:\Program Files\Processing\app\resources\jdk-17.0.14+7\bin\jimage.dll
0x00007ffbf2350000 - 0x00007ffbf2592000 	C:\WINDOWS\SYSTEM32\DBGHELP.DLL
0x00007ffbfa590000 - 0x00007ffbfa913000 	C:\WINDOWS\System32\combase.dll
0x00007ffbf9390000 - 0x00007ffbf9469000 	C:\WINDOWS\System32\OLEAUT32.dll
0x00007ffbf1a70000 - 0x00007ffbf1aab000 	C:\WINDOWS\SYSTEM32\dbgcore.DLL
0x00007ffbf83a0000 - 0x00007ffbf8448000 	C:\WINDOWS\System32\bcryptPrimitives.dll
0x00007ffbc8ea0000 - 0x00007ffbc8edb000 	C:\Program Files\Processing\app\resources\jdk-17.0.14+7\bin\jdwp.dll
0x00007ffbc8e70000 - 0x00007ffbc8e95000 	C:\Program Files\Processing\app\resources\jdk-17.0.14+7\bin\java.dll
0x00007ffbc8d90000 - 0x00007ffbc8e67000 	C:\Program Files\Processing\app\resources\jdk-17.0.14+7\bin\jsvml.dll
0x00007ffbf94f0000 - 0x00007ffbf9c74000 	C:\WINDOWS\System32\SHELL32.dll
0x00007ffbf5d20000 - 0x00007ffbf65a0000 	C:\WINDOWS\SYSTEM32\windows.storage.dll
0x00007ffbfa920000 - 0x00007ffbfaa16000 	C:\WINDOWS\System32\SHCORE.dll
0x00007ffbf8d80000 - 0x00007ffbf8de7000 	C:\WINDOWS\System32\shlwapi.dll
0x00007ffbf80b0000 - 0x00007ffbf80d9000 	C:\WINDOWS\SYSTEM32\profapi.dll
0x00007ffbc9c90000 - 0x00007ffbc9c9c000 	C:\Program Files\Processing\app\resources\jdk-17.0.14+7\bin\dt_socket.dll
0x00007ffbf68d0000 - 0x00007ffbf6903000 	C:\WINDOWS\SYSTEM32\IPHLPAPI.DLL
0x00007ffbf7490000 - 0x00007ffbf74fc000 	C:\WINDOWS\system32\mswsock.dll
0x00007ffbc8c00000 - 0x00007ffbc8c19000 	C:\Program Files\Processing\app\resources\jdk-17.0.14+7\bin\net.dll
0x00007ffbef7a0000 - 0x00007ffbef8c9000 	C:\WINDOWS\SYSTEM32\WINHTTP.dll
0x00007ffbc8be0000 - 0x00007ffbc8bf6000 	C:\Program Files\Processing\app\resources\jdk-17.0.14+7\bin\nio.dll
0x00007ffbc8bc0000 - 0x00007ffbc8bd8000 	C:\Program Files\Processing\app\resources\jdk-17.0.14+7\bin\zip.dll
0x00007ffbc7830000 - 0x00007ffbc79c0000 	C:\Program Files\Processing\app\resources\jdk-17.0.14+7\bin\awt.dll
0x00007ffbf4ba0000 - 0x00007ffbf4c40000 	C:\WINDOWS\SYSTEM32\apphelp.dll
0x00007ffbf5390000 - 0x00007ffbf543a000 	C:\WINDOWS\system32\uxtheme.dll
0x00007ffbfa430000 - 0x00007ffbfa58d000 	C:\WINDOWS\System32\MSCTF.dll
0x00007ffbf9f70000 - 0x00007ffbfa108000 	C:\WINDOWS\System32\ole32.dll
0x00007ffbf5640000 - 0x00007ffbf566f000 	C:\WINDOWS\system32\DWMAPI.DLL
0x00007ffbb6240000 - 0x00007ffbb634c000 	C:\WINDOWS\system32\opengl32.dll
0x00007ffbb94b0000 - 0x00007ffbb94dd000 	C:\WINDOWS\SYSTEM32\GLU32.dll
0x00007ffbf5490000 - 0x00007ffbf54d4000 	C:\WINDOWS\SYSTEM32\dxcore.dll
0x00007ffbf7770000 - 0x00007ffbf778b000 	C:\WINDOWS\SYSTEM32\CRYPTSP.dll
0x00007ffbf6e60000 - 0x00007ffbf6e99000 	C:\WINDOWS\system32\rsaenh.dll
0x00007ffbf7540000 - 0x00007ffbf7573000 	C:\WINDOWS\SYSTEM32\USERENV.dll
0x00007ffbf8080000 - 0x00007ffbf80aa000 	C:\WINDOWS\SYSTEM32\bcrypt.dll
0x00007ffbf7790000 - 0x00007ffbf779c000 	C:\WINDOWS\SYSTEM32\CRYPTBASE.dll
0x00007ffbfaa20000 - 0x00007ffbfaa2a000 	C:\WINDOWS\System32\NSI.dll
0x00007ffbef9e0000 - 0x00007ffbef9fd000 	C:\WINDOWS\SYSTEM32\dhcpcsvc6.DLL
0x00007ffbef9b0000 - 0x00007ffbef9d5000 	C:\WINDOWS\SYSTEM32\dhcpcsvc.DLL
0x00007ffbf6960000 - 0x00007ffbf6aaa000 	C:\WINDOWS\SYSTEM32\DNSAPI.dll
0x00007ffbf72b0000 - 0x00007ffbf72bd000 	C:\WINDOWS\SYSTEM32\DSPARSE.dll
0x00007ffbc8ba0000 - 0x00007ffbc8bb3000 	C:\Users\danil\AppData\Local\Temp\jogamp_0000\file_cache\jln13802577621825830178\jln17427422529619859331\natives\windows-amd64\gluegen_rt.dll
0x00007ffbc8b90000 - 0x00007ffbc8b97000 	C:\Program Files\Processing\app\resources\jdk-17.0.14+7\bin\jawt.dll
0x00007ffbc8b80000 - 0x00007ffbc8b8d000 	C:\Users\danil\AppData\Local\Temp\jogamp_0000\file_cache\jln13802577621825830178\jln17427422529619859331\natives\windows-amd64\nativewindow_awt.dll
0x00007ffbc8b60000 - 0x00007ffbc8b75000 	C:\Users\danil\AppData\Local\Temp\jogamp_0000\file_cache\jln13802577621825830178\jln17427422529619859331\natives\windows-amd64\nativewindow_win32.dll
0x00007ffbc77a0000 - 0x00007ffbc7823000 	C:\Users\danil\AppData\Local\Temp\jogamp_0000\file_cache\jln13802577621825830178\jln17427422529619859331\natives\windows-amd64\jogl_desktop.dll
0x00007ffbc7740000 - 0x00007ffbc7792000 	C:\Users\danil\AppData\Local\Temp\jogamp_0000\file_cache\jln13802577621825830178\jln17427422529619859331\natives\windows-amd64\jogl_mobile.dll
0x00007ffbf1730000 - 0x00007ffbf178f000 	C:\WINDOWS\SYSTEM32\directxdatabasehelper.dll
0x00007ffbf20d0000 - 0x00007ffbf20ed000 	C:\WINDOWS\SYSTEM32\windows.staterepositorycore.dll
0x00007ffb49a40000 - 0x00007ffb4aa13000 	C:\WINDOWS\System32\DriverStore\FileRepository\iigd_dch.inf_amd64_225f37aa3862fc3f\igxelpicd64.dll
0x00007ffbf54e0000 - 0x00007ffbf561a000 	C:\WINDOWS\system32\dxgi.dll
0x00007ffb67720000 - 0x00007ffb67ba7000 	C:\WINDOWS\System32\DriverStore\FileRepository\iigd_dch.inf_amd64_225f37aa3862fc3f\igdml64.dll
0x00007ffbf7d00000 - 0x00007ffbf7d51000 	C:\WINDOWS\SYSTEM32\cfgmgr32.dll
0x00007ffbedb30000 - 0x00007ffbedef1000 	C:\WINDOWS\System32\DriverStore\FileRepository\iigd_dch.inf_amd64_225f37aa3862fc3f\igdgmm64.dll
0x00007ffbea800000 - 0x00007ffbeda06000 	C:\WINDOWS\System32\DriverStore\FileRepository\iigd_dch.inf_amd64_225f37aa3862fc3f\igc64.dll
0x00007ffbc8b40000 - 0x00007ffbc8b59000 	C:\Users\danil\AppData\Local\Temp\jogamp_0000\file_cache\jln13802577621825830178\jln17427422529619859331\natives\windows-amd64\newt_head.dll
0x00007ffbe9ce0000 - 0x00007ffbe9d9f000 	C:\WINDOWS\SYSTEM32\mscms.dll
0x00007ffbb33b0000 - 0x00007ffbb33f9000 	C:\WINDOWS\SYSTEM32\icm32.dll
0x00007ffbfaa30000 - 0x00007ffbfaeb7000 	C:\WINDOWS\System32\setupapi.dll
0x00007ffbf7cd0000 - 0x00007ffbf7cfd000 	C:\WINDOWS\SYSTEM32\DEVOBJ.dll
0x00007ffbf82e0000 - 0x00007ffbf8363000 	C:\WINDOWS\System32\WINTRUST.dll
0x00007ffbf8450000 - 0x00007ffbf85c8000 	C:\WINDOWS\System32\CRYPT32.dll
0x00007ffbf78a0000 - 0x00007ffbf78b3000 	C:\WINDOWS\SYSTEM32\MSASN1.dll
0x00007ffbe01e0000 - 0x00007ffbe0328000 	C:\WINDOWS\SYSTEM32\textinputframework.dll
0x00007ffbf4780000 - 0x00007ffbf48a5000 	C:\WINDOWS\SYSTEM32\CoreMessaging.dll
0x00007ffbf0660000 - 0x00007ffbf0944000 	C:\WINDOWS\SYSTEM32\CoreUIComponents.dll
0x00007ffbf04f0000 - 0x00007ffbf065a000 	C:\WINDOWS\SYSTEM32\wintypes.dll

dbghelp: loaded successfully - version: 4.0.5 - missing functions: none
symbol engine: initialized successfully - sym options: 0x614 - pdb path: .;C:\Program Files\Processing\app\resources\jdk-17.0.14+7\bin;C:\WINDOWS\SYSTEM32;C:\WINDOWS\WinSxS\amd64_microsoft.windows.common-controls_6595b64144ccf1df_6.0.26100.8521_none_3e08b75ce33403b3;C:\Program Files\Processing\app\resources\jdk-17.0.14+7\bin\server;C:\Users\danil\AppData\Local\Temp\jogamp_0000\file_cache\jln13802577621825830178\jln17427422529619859331\natives\windows-amd64;C:\WINDOWS\System32\DriverStore\FileRepository\iigd_dch.inf_amd64_225f37aa3862fc3f

VM Arguments:
jvm_args: -agentlib:jdwp=transport=dt_socket,address=8764,server=y,suspend=y,quiet=y -Xms64m -Xmx1024m -Djna.nosys=true -Djava.library.path=;C:\Program Files\Processing\app\resources\core\library;C:\Program Files\Processing;C:\WINDOWS\system32;C:\WINDOWS;C:\Program Files\PlasticSCM5\server;C:\Program Files\PlasticSCM5\client;C:\Program Files\Common Files\Oracle\Java\javapath;C:\Program Files (x86)\Common Files\Oracle\Java\javapath;C:\Windows\System32\HWAudioDriverLibs;C:\Windows\system32;C:\Windows;C:\Windows\System32\Wbem;C:\Windows\System32\WindowsPowerShell\v1.0;C:\Windows\System32\OpenSSH;C:\Program Files\Microsoft SQL Server\150\Tools\Binn;C:\Program Files\Microsoft SQL Server\Client SDK\ODBC\170\Tools\Binn;C:\Program Files\dotnet;D:\Windows Kits\10\Windows Performance Toolkit;C:\Program Files\Java\jdk-23\bin;C:\WINDOWS\system32;C:\WINDOWS;C:\WINDOWS\System32\Wbem;C:\WINDOWS\System32\WindowsPowerShell\v1.0;C:\WINDOWS\System32\OpenSSH;C:\Program Files\nodejs;C:\Program Files\Docker\Docker\resources\bin;C:\Program Files\TortoiseGit\bin;C:\Program Files\Git\cmd;C:\Users\danil\Desktop\ffmpeg-8.1.2-essentials_build\ffmpeg-8.1.2-essentials_build\bin;C:\Users\danil\AppData\Local\Programs\Python\Python312\Scripts;C:\Users\danil\AppData\Local\Programs\Python\Python312;C:\Users\danil\AppData\Local\Microsoft\WindowsApps;C:\Users\danil\AppData\Local\Programs\Microsoft VS Code\bin;C:\Users\danil\AppData\Roaming\npm;D:\DataBase\18\bin;C:\Program Files\Processing\app;. -ea 
java_command: processing.core.PApplet --editor-location=-8,-8 --external --display=1 --sketch-path=C:\Users\danil\Desktop\Gravity_simul Gravity_simul
java_class_path (initial): C:\Users\danil\AppData\Local\Temp\processing\Gravity_simul14863155185096616059temp;C:\Program Files\Processing\app\resources\core\library\annotations-13.0.jar;C:\Program Files\Processing\app\resources\core\library\antlr-2.7.7.jar;C:\Program Files\Processing\app\resources\core\library\core-4.4.1.jar;C:\Program Files\Processing\app\resources\core\library\gluegen-rt-2.5.0-natives-android-aarch64.jar;C:\Program Files\Processing\app\resources\core\library\gluegen-rt-2.5.0-natives-linux-aarch64.jar;C:\Program Files\Processing\app\resources\core\library\gluegen-rt-2.5.0-natives-linux-amd64.jar;C:\Program Files\Processing\app\resources\core\library\gluegen-rt-2.5.0-natives-linux-armv6hf.jar;C:\Program Files\Processing\app\resources\core\library\gluegen-rt-2.5.0-natives-macosx-universal.jar;C:\Program Files\Processing\app\resources\core\library\gluegen-rt-2.5.0-natives-windows-amd64.jar;C:\Program Files\Processing\app\resources\core\library\gluegen-rt-2.5.0.jar;C:\Program Files\Processing\app\resources\core\library\gluegen-rt-main-2.5.0.jar;C:\Program Files\Processing\app\resources\core\library\jogl-all-2.5.0-natives-android-aarch64.jar;C:\Program Files\Processing\app\resources\core\library\jogl-all-2.5.0-natives-linux-aarch64.jar;C:\Program Files\Processing\app\resources\core\library\jogl-all-2.5.0-natives-linux-amd64.jar;C:\Program Files\Processing\app\resources\core\library\jogl-all-2.5.0-natives-linux-armv6hf.jar;C:\Program Files\Processing\app\resources\core\library\jogl-all-2.5.0-natives-macosx-universal.jar;C:\Program Files\Processing\app\resources\core\library\jogl-all-2.5.0-natives-windows-amd64.jar;C:\Program Files\Processing\app\resources\core\library\jogl-all-2.5.0.jar;C:\Program Files\Processing\app\resources\core\library\jogl-all-main-2.5.0.jar;C:\Program Files\Processing\app\resources\core\library\kotlin-stdlib-2.0.20.jar
Launcher Type: SUN_STANDARD

[Global flags]
     intx CICompilerCount                          = 4                                         {product} {ergonomic}
     uint ConcGCThreads                            = 2                                         {product} {ergonomic}
     uint G1ConcRefinementThreads                  = 8                                         {product} {ergonomic}
   size_t G1HeapRegionSize                         = 1048576                                   {product} {ergonomic}
    uintx GCDrainStackTargetSize                   = 64                                        {product} {ergonomic}
   size_t InitialHeapSize                          = 67108864                                  {product} {command line}
   size_t MarkStackSize                            = 4194304                                   {product} {ergonomic}
   size_t MaxHeapSize                              = 1073741824                                {product} {command line}
   size_t MaxNewSize                               = 643825664                                 {product} {ergonomic}
   size_t MinHeapDeltaBytes                        = 1048576                                   {product} {ergonomic}
   size_t MinHeapSize                              = 67108864                                  {product} {command line}
    uintx NonNMethodCodeHeapSize                   = 5839372                                {pd product} {ergonomic}
    uintx NonProfiledCodeHeapSize                  = 122909434                              {pd product} {ergonomic}
    uintx ProfiledCodeHeapSize                     = 122909434                              {pd product} {ergonomic}
    uintx ReservedCodeCacheSize                    = 251658240                              {pd product} {ergonomic}
     bool SegmentedCodeCache                       = true                                      {product} {ergonomic}
   size_t SoftMaxHeapSize                          = 1073741824                             {manageable} {ergonomic}
     bool UseCompressedClassPointers               = true                           {product lp64_product} {ergonomic}
     bool UseCompressedOops                        = true                           {product lp64_product} {ergonomic}
     bool UseG1GC                                  = true                                      {product} {ergonomic}
     bool UseLargePagesIndividualAllocation        = false                                  {pd product} {ergonomic}

Logging:
Log output configuration:
 #0: stdout all=off uptime,level,tags
 #1: stderr all=off uptime,level,tags

Environment Variables:
JAVA_HOME=C:\Program Files\Java\jdk-23
PATH=C:\Program Files\PlasticSCM5\server;C:\Program Files\PlasticSCM5\client;C:\Program Files\Common Files\Oracle\Java\javapath;C:\Program Files (x86)\Common Files\Oracle\Java\javapath;C:\Windows\System32\HWAudioDriverLibs;C:\Windows\system32;C:\Windows;C:\Windows\System32\Wbem;C:\Windows\System32\WindowsPowerShell\v1.0\;C:\Windows\System32\OpenSSH\;C:\Users\Administrator\AppData\Local\Microsoft\WindowsApps;C:\Program Files\Microsoft SQL Server\150\Tools\Binn\;C:\Program Files\Microsoft SQL Server\Client SDK\ODBC\170\Tools\Binn\;C:\Program Files\dotnet\;D:\Windows Kits\10\Windows Performance Toolkit\;C:\Program Files\Java\jdk-23\bin;C:\WINDOWS\system32;C:\WINDOWS;C:\WINDOWS\System32\Wbem;C:\WINDOWS\System32\WindowsPowerShell\v1.0\;C:\WINDOWS\System32\OpenSSH\;C:\Program Files\nodejs\;C:\Program Files\Docker\Docker\resources\bin;C:\Program Files\TortoiseGit\bin;C:\Program Files\Git\cmd;C:\Users\danil\Desktop\ffmpeg-8.1.2-essentials_build\ffmpeg-8.1.2-essentials_build\bin;C:\Users\danil\AppData\Local\Programs\Python\Python312\Scripts\;C:\Users\danil\AppData\Local\Programs\Python\Python312\;C:\Users\danil\AppData\Local\Microsoft\WindowsApps;C:\Users\danil\.dotnet\tools;C:\Users\danil\AppData\Local\Programs\Microsoft VS Code\bin;C:\Users\danil\AppData\Roaming\npm;D:\DataBase\18\bin;C:\Program Files\Processing\app
USERNAME=danil
OS=Windows_NT
PROCESSOR_IDENTIFIER=Intel64 Family 6 Model 140 Stepping 2, GenuineIntel
TMP=C:\Users\danil\AppData\Local\Temp
TEMP=C:\Users\danil\AppData\Local\Temp



Periodic native trim disabled


---------------  S Y S T E M  ---------------

OS:
 Windows 11 , 64 bit Build 26100 (10.0.26100.8521)
OS uptime: 0 days 0:14 hours
Hyper-V role detected

CPU: total 8 (initial active 8) (4 cores per cpu, 2 threads per core) family 6 model 140 stepping 2 microcode 0x16, cx8, cmov, fxsr, ht, mmx, 3dnowpref, sse, sse2, sse3, ssse3, sse4.1, sse4.2, popcnt, lzcnt, tsc, tscinvbit, avx, avx2, aes, erms, clmul, bmi1, bmi2, adx, avx512f, avx512dq, avx512cd, avx512bw, avx512vl, sha, fma, vzeroupper, avx512_vpopcntdq, avx512_vpclmulqdq, avx512_vaes, avx512_vnni, clflush, clflushopt, clwb, avx512_vbmi2, avx512_vbmi, hv
Processor Information for processor 0
  Max Mhz: 2496, Current Mhz: 2496, Mhz Limit: 2496
Processor Information for processor 1
  Max Mhz: 2496, Current Mhz: 998, Mhz Limit: 2496
Processor Information for processor 2
  Max Mhz: 2496, Current Mhz: 998, Mhz Limit: 2496
Processor Information for processor 3
  Max Mhz: 2496, Current Mhz: 2496, Mhz Limit: 2496
Processor Information for processor 4
  Max Mhz: 2496, Current Mhz: 2496, Mhz Limit: 2496
Processor Information for processor 5
  Max Mhz: 2496, Current Mhz: 2496, Mhz Limit: 2496
Processor Information for processor 6
  Max Mhz: 2496, Current Mhz: 2496, Mhz Limit: 2496
Processor Information for processor 7
  Max Mhz: 2496, Current Mhz: 2496, Mhz Limit: 2496

Memory: 4k page, system-wide physical 7975M (1109M free)
TotalPageFile size 17703M (AvailPageFile size 10289M)
current process WorkingSet (physical memory assigned to process): 508M, peak: 516M
current process commit charge ("private bytes"): 467M, peak: 478M

vm_info: OpenJDK 64-Bit Server VM (17.0.14+7) for windows-amd64 JRE (17.0.14+7), built on Jan 21 2025 23:40:15 by "admin" with MS VC++ 17.7 (VS2022)

END.
