#
# A fatal error has been detected by the Java Runtime Environment:
#
#  EXCEPTION_ACCESS_VIOLATION (0xc0000005) at pc=0x00007ffb6214b386, pid=5932, tid=7176
#
# JRE version: OpenJDK Runtime Environment Temurin-17.0.14+7 (17.0.14+7) (build 17.0.14+7)
# Java VM: OpenJDK 64-Bit Server VM Temurin-17.0.14+7 (17.0.14+7, mixed mode, sharing, tiered, compressed oops, compressed class ptrs, g1 gc, windows-amd64)
# Problematic frame:
# C  [igxelpicd64.dll+0x23b386]
#
# No core dump will be written. Minidumps are not enabled by default on client versions of Windows
#
# If you would like to submit a bug report, please visit:
#   https://github.com/adoptium/adoptium-support/issues
#

---------------  S U M M A R Y ------------

Command Line: -agentlib:jdwp=transport=dt_socket,address=8596,server=y,suspend=y,quiet=y -Xms64m -Xmx1024m -Djna.nosys=true -Djava.library.path=;C:\Program Files\Processing\app\resources\core\library;C:\Program Files\Processing;C:\WINDOWS\system32;C:\WINDOWS;C:\Program Files\PlasticSCM5\server;C:\Program Files\PlasticSCM5\client;C:\Program Files\Common Files\Oracle\Java\javapath;C:\Program Files (x86)\Common Files\Oracle\Java\javapath;C:\Windows\System32\HWAudioDriverLibs;C:\Windows\system32;C:\Windows;C:\Windows\System32\Wbem;C:\Windows\System32\WindowsPowerShell\v1.0;C:\Windows\System32\OpenSSH;C:\Program Files\Microsoft SQL Server\150\Tools\Binn;C:\Program Files\Microsoft SQL Server\Client SDK\ODBC\170\Tools\Binn;C:\Program Files\dotnet;D:\Windows Kits\10\Windows Performance Toolkit;C:\Program Files\Java\jdk-23\bin;C:\WINDOWS\system32;C:\WINDOWS;C:\WINDOWS\System32\Wbem;C:\WINDOWS\System32\WindowsPowerShell\v1.0;C:\WINDOWS\System32\OpenSSH;C:\Program Files\nodejs;C:\Program Files\Docker\Docker\resources\bin;C:\Program Files\TortoiseGit\bin;C:\Program Files\Git\cmd;C:\Users\danil\Desktop\ffmpeg-8.1.2-essentials_build\ffmpeg-8.1.2-essentials_build\bin;C:\Users\danil\AppData\Local\Programs\Python\Python312\Scripts;C:\Users\danil\AppData\Local\Programs\Python\Python312;C:\Users\danil\AppData\Local\Microsoft\WindowsApps;C:\Users\danil\AppData\Local\Programs\Microsoft VS Code\bin;C:\Users\danil\AppData\Roaming\npm;D:\DataBase\18\bin;C:\Program Files\Processing\app;. -ea processing.core.PApplet --editor-location=-8,-8 --external --display=1 --sketch-path=C:\Users\danil\Desktop\Gravity_simul Gravity_simul

Host: 11th Gen Intel(R) Core(TM) i5-1155G7 @ 2.50GHz, 8 cores, 7G,  Windows 11 , 64 bit Build 26100 (10.0.26100.8521)
Time: Sun Jun 28 23:30:09 2026 RTZ 3 (s 11 , 64 bit Build 26100 (10.0.26100.8521) elapsed time: 27.848061 seconds (0d 0h 0m 27s)

---------------  T H R E A D  ---------------

Current thread (0x000002319d1e2470):  VMThread "VM Thread" [stack: 0x0000003589500000,0x0000003589600000] [id=7176]

Stack: [0x0000003589500000,0x0000003589600000],  sp=0x00000035895fe090,  free space=1016k
Native frames: (J=compiled Java code, j=interpreted, Vv=VM code, C=native code)
C  [igxelpicd64.dll+0x23b386]


siginfo: EXCEPTION_ACCESS_VIOLATION (0xc0000005), reading address 0x0000000000035468


Registers:
RAX=0x00000231e4f16190, RBX=0x00000231e367bd10, RCX=0x0000000000000004, RDX=0x0000000000000000
RSP=0x00000035895fe090, RBP=0x0000000000000000, RSI=0x00000231e4f15f90, RDI=0x00000231e3117990
R8 =0x00000231e4f16090, R9 =0x0000003588a29000, R10=0x0000000000000000, R11=0x0000000000000246
R12=0x00000231e4f15f90, R13=0x0000000000000000, R14=0x00000231e4f164d8, R15=0x00000231e4f153f0
RIP=0x00007ffb6214b386, EFLAGS=0x0000000000010206


Register to memory mapping:

RIP=0x00007ffb6214b386 igxelpicd64.dll
RAX=0x00000231e4f16190 points into unknown readable memory: 0x00000000000553b6 | b6 53 05 00 00 00 00 00
RBX=0x00000231e367bd10 points into unknown readable memory: 0xffffffffffffffff | ff ff ff ff ff ff ff ff
RCX=0x0000000000000004 is an unknown value
RDX=0x0 is NULL
RSP=0x00000035895fe090 points into unknown readable memory: 0x00000231e367bd10 | 10 bd 67 e3 31 02 00 00
RBP=0x0 is NULL
RSI=0x00000231e4f15f90 points into unknown readable memory: 0x00000231e35a9280 | 80 92 5a e3 31 02 00 00
RDI=0x00000231e3117990 points into unknown readable memory: 0xffffffffffffff00 | 00 ff ff ff ff ff ff ff
R8 =0x00000231e4f16090 points into unknown readable memory: 0x0000000000000000 | 00 00 00 00 00 00 00 00
R9 =0x0000003588a29000 points into unknown readable memory: 0x0000000000000000 | 00 00 00 00 00 00 00 00
R10=0x0 is NULL
R11=0x0000000000000246 is an unknown value
R12=0x00000231e4f15f90 points into unknown readable memory: 0x00000231e35a9280 | 80 92 5a e3 31 02 00 00
R13=0x0 is NULL
R14=0x00000231e4f164d8 points into unknown readable memory: 0x00000231e4f153f0 | f0 53 f1 e4 31 02 00 00
R15=0x00000231e4f153f0 points into unknown readable memory: 0x00000231e35a9280 | 80 92 5a e3 31 02 00 00


Top of Stack: (sp=0x00000035895fe090)
0x00000035895fe090:   00000231e367bd10 00007ffb61f80ab4
0x00000035895fe0a0:   0000000000000000 00000231e4c913a0
0x00000035895fe0b0:   0000001600000000 0000000000000000
0x00000035895fe0c0:   0000023100000000 00000231e4c8d580
0x00000035895fe0d0:   00000231e367bd10 00000231e4c51000
0x00000035895fe0e0:   00000231e7320504 00000231e7206000
0x00000035895fe0f0:   0000000000000000 00000231e4c919a0
0x00000035895fe100:   0000000000000000 00007000115cf000
0x00000035895fe110:   0000000000000000 0000000000000000
0x00000035895fe120:   0000000000000000 0000000000000000
0x00000035895fe130:   0000000000000000 0000000000000000
0x00000035895fe140:   0000000000000000 0000000000000000
0x00000035895fe150:   0000000000000000 0000000000000000
0x00000035895fe160:   0000000000000000 0000000000000000
0x00000035895fe170:   0000000000000000 0000000000000000
0x00000035895fe180:   0000000000000000 0000000000000000
0x00000035895fe190:   00000035895fe330 00007ffbfa2a1259
0x00000035895fe1a0:   00000035895fe228 0000000000000000
0x00000035895fe1b0:   0000000000000054 00007ffbfa2fc710
0x00000035895fe1c0:   0000000000000000 00007ffbfb064094
0x00000035895fe1d0:   000000007a000004 00000000ffffffff
0x00000035895fe1e0:   000012595a8e91c8 001040007a000004
0x00000035895fe1f0:   00000231e4c85c38 00000000000557d0
0x00000035895fe200:   0000000000000000 0000000000000016
0x00000035895fe210:   0000000000000000 0000000000000000
0x00000035895fe220:   00000035895fe330 00007ffb621782ae
0x00000035895fe230:   00000231e3117990 0000000000000000
0x00000035895fe240:   00000231e3117990 000010027a000004
0x00000035895fe250:   0000003500000b68 0000740400810000
0x00000035895fe260:   0000000000000000 0000000000000000
0x00000035895fe270:   0000000000000000 000010027a000004
0x00000035895fe280:   0000000000000000 0000000000000000 

Instructions: (pc=0x00007ffb6214b386)
0x00007ffb6214b286:   00 90 4c 8b bf 80 02 00 00 48 8b 05 9a 85 bd 00
0x00007ffb6214b296:   8b 80 c8 0a 00 00 89 44 24 24 c6 44 24 20 00 48
0x00007ffb6214b2a6:   c7 87 80 02 00 00 00 00 00 00 c7 87 88 02 00 00
0x00007ffb6214b2b6:   00 00 00 00 48 c7 87 a0 02 00 00 00 00 00 00 48
0x00007ffb6214b2c6:   c7 87 90 02 00 00 00 00 00 00 48 85 ed 75 3d 8b
0x00007ffb6214b2d6:   35 0d 77 cd 00 65 48 8b 04 25 58 00 00 00 b9 14
0x00007ffb6214b2e6:   00 00 00 48 8b 04 f0 40 38 2c 01 0f 84 c9 e7 75
0x00007ffb6214b2f6:   00 65 48 8b 04 25 58 00 00 00 bd 20 00 00 00 48
0x00007ffb6214b306:   8b 04 f0 48 8b 2c 28 48 89 6c 24 28 48 3b 2d 07
0x00007ffb6214b316:   9b cd 00 0f 84 9b 10 00 00 4d 85 ff 0f 84 3a 01
0x00007ffb6214b326:   00 00 0f 1f 84 00 00 00 00 00 49 8b f7 4d 8b e7
0x00007ffb6214b336:   4d 8d b7 48 05 00 00 4d 8b 3e 45 84 ed 0f 85 d9
0x00007ffb6214b346:   0e 00 00 8b 8f d0 01 00 00 48 8b 05 da 84 bd 00
0x00007ffb6214b356:   83 b8 64 03 00 00 02 75 34 4d 8d 84 24 00 01 00
0x00007ffb6214b366:   00 83 f9 10 0f 83 3a 01 00 00 8b c1 48 c1 e0 06
0x00007ffb6214b376:   49 03 c0 48 85 c0 0f 84 9b 01 00 00 48 8b 50 08
0x00007ffb6214b386:   48 3b 95 68 54 03 00 0f 87 b6 0e 00 00 48 83 be
0x00007ffb6214b396:   c0 05 00 00 00 0f 85 50 e7 75 00 44 8b 8f d0 01
0x00007ffb6214b3a6:   00 00 48 8b 87 e8 01 00 00 4c 8b 00 8b 8f d0 01
0x00007ffb6214b3b6:   00 00 48 8d 9e 00 01 00 00 83 f9 10 0f 83 1e 01
0x00007ffb6214b3c6:   00 00 8b c1 48 c1 e0 06 48 03 c3 48 85 c0 0f 84
0x00007ffb6214b3d6:   4a 01 00 00 4c 39 40 08 0f 86 40 01 00 00 48 8b
0x00007ffb6214b3e6:   87 80 02 00 00 49 89 06 48 89 b7 80 02 00 00 ff
0x00007ffb6214b3f6:   87 88 02 00 00 48 8b 4e 08 48 8b 01 ba 01 00 00
0x00007ffb6214b406:   00 48 8b 80 e0 02 00 00 ff 15 f4 c1 88 00 0f b7
0x00007ffb6214b416:   c8 48 2b c1 48 05 00 00 01 00 48 01 87 90 02 00
0x00007ffb6214b426:   00 48 8b 4e 08 48 8b 01 ba 01 00 00 00 48 8b 80
0x00007ffb6214b436:   e0 02 00 00 ff 15 c8 c1 88 00 48 01 87 a0 02 00
0x00007ffb6214b446:   00 0f b6 54 24 20 4d 85 ff 0f 85 db fe ff ff 84
0x00007ffb6214b456:   d2 0f 85 37 0f 00 00 48 8b 5c 24 40 48 8b cf 80
0x00007ffb6214b466:   7c 24 22 00 0f 85 40 0f 00 00 e8 3b f9 ff ff 90
0x00007ffb6214b476:   48 8b cb ff 15 99 bc 88 00 48 8b 8c 24 50 01 00 


Stack slot to memory mapping:
stack at sp + 0 slots: 0x00000231e367bd10 points into unknown readable memory: 0xffffffffffffffff | ff ff ff ff ff ff ff ff
stack at sp + 1 slots: 0x00007ffb61f80ab4 igxelpicd64.dll
stack at sp + 2 slots: 0x0 is NULL
stack at sp + 3 slots: 0x00000231e4c913a0 points into unknown readable memory: 0x0000000000001383 | 83 13 00 00 00 00 00 00
stack at sp + 4 slots: 0x0000001600000000 is an unknown value
stack at sp + 5 slots: 0x0 is NULL
stack at sp + 6 slots: 0x0000023100000000 is an unknown value
stack at sp + 7 slots: 0x00000231e4c8d580 points into unknown readable memory: 0x00000231e4c8d590 | 90 d5 c8 e4 31 02 00 00

VM_Operation (0x000000358b7fe990): Exit, mode: safepoint, requested by thread 0x000002319d733330


---------------  P R O C E S S  ---------------

Threads class SMR info:
_java_thread_list=0x00000231e45f2bd0, length=36, elements={
0x000002319d1e5690, 0x000002319d1e6160, 0x000002319d1fdeb0, 0x000002319d1fe780,
0x000002319d1ff050, 0x000002319d205c80, 0x000002319d22de90, 0x000002319d398470,
0x000002319d4da040, 0x000002319d4e06d0, 0x000002319d4f44d0, 0x00000231e30b13b0,
0x00000231e45dc070, 0x000002319d733330, 0x00000231e422e5b0, 0x00000231e422f9f0,
0x00000231e422e0a0, 0x00000231e422eac0, 0x00000231e422efd0, 0x00000231e422f4e0,
0x00000231f6802100, 0x00000231f6804470, 0x00000231f68011d0, 0x00000231f6804980,
0x00000231f6804e90, 0x00000231f6803030, 0x00000231f6802b20, 0x00000231f6801bf0,
0x00000231f6802610, 0x00000231f6803540, 0x00000231f68016e0, 0x00000231f68053a0,
0x00000231f6806cf0, 0x00000231f6803f60, 0x00000231f68067e0, 0x00000231f6807710
}

Java Threads: ( => current thread )
  0x000002319d1e5690 JavaThread "Reference Handler" daemon [_thread_blocked, id=4012, stack(0x0000003589600000,0x0000003589700000)]
  0x000002319d1e6160 JavaThread "Finalizer" daemon [_thread_blocked, id=5228, stack(0x0000003589700000,0x0000003589800000)]
  0x000002319d1fdeb0 JavaThread "Attach Listener" daemon [_thread_blocked, id=9052, stack(0x0000003589900000,0x0000003589a00000)]
  0x000002319d1fe780 JavaThread "Service Thread" daemon [_thread_blocked, id=17784, stack(0x0000003589a00000,0x0000003589b00000)]
  0x000002319d1ff050 JavaThread "Monitor Deflation Thread" daemon [_thread_blocked, id=15640, stack(0x0000003589b00000,0x0000003589c00000)]
  0x000002319d205c80 JavaThread "C2 CompilerThread0" daemon [_thread_blocked, id=4336, stack(0x0000003589c00000,0x0000003589d00000)]
  0x000002319d22de90 JavaThread "C1 CompilerThread0" daemon [_thread_blocked, id=4380, stack(0x0000003589d00000,0x0000003589e00000)]
  0x000002319d398470 JavaThread "Sweeper thread" daemon [_thread_blocked, id=9676, stack(0x0000003589e00000,0x0000003589f00000)]
  0x000002319d4da040 JavaThread "JDWP Event Helper Thread" daemon [_thread_blocked, id=1252, stack(0x000000358a000000,0x000000358a100000)]
  0x000002319d4e06d0 JavaThread "Notification Thread" daemon [_thread_blocked, id=12624, stack(0x000000358a200000,0x000000358a300000)]
  0x000002319d4f44d0 JavaThread "Common-Cleaner" daemon [_thread_blocked, id=14352, stack(0x000000358a400000,0x000000358a500000)]
  0x00000231e30b13b0 JavaThread "Java2D Disposer" daemon [_thread_blocked, id=7780, stack(0x000000358a500000,0x000000358a600000)]
  0x00000231e45dc070 JavaThread "HighResTimerThread" daemon [_thread_blocked, id=12000, stack(0x000000358b500000,0x000000358b600000)]
  0x000002319d733330 JavaThread "main-FPSAWTAnimator#00-Timer0" [_thread_blocked, id=15872, stack(0x000000358b700000,0x000000358b800000)]
  0x00000231e422e5b0 JavaThread "DestroyJavaVM" [_thread_blocked, id=15688, stack(0x0000003588f00000,0x0000003589000000)]
  0x00000231e422f9f0 JavaThread "pool-1-thread-1" [_thread_blocked, id=13244, stack(0x000000358ba00000,0x000000358bb00000)]
  0x00000231e422e0a0 JavaThread "pool-1-thread-2" [_thread_blocked, id=10624, stack(0x000000358bb00000,0x000000358bc00000)]
  0x00000231e422eac0 JavaThread "pool-1-thread-3" [_thread_blocked, id=11036, stack(0x000000358bc00000,0x000000358bd00000)]
  0x00000231e422efd0 JavaThread "pool-1-thread-4" [_thread_blocked, id=13164, stack(0x000000358bd00000,0x000000358be00000)]
  0x00000231e422f4e0 JavaThread "pool-1-thread-5" [_thread_blocked, id=10852, stack(0x000000358be00000,0x000000358bf00000)]
  0x00000231f6802100 JavaThread "pool-1-thread-6" [_thread_blocked, id=11952, stack(0x000000358bf00000,0x000000358c000000)]
  0x00000231f6804470 JavaThread "pool-1-thread-7" [_thread_blocked, id=4976, stack(0x000000358c000000,0x000000358c100000)]
  0x00000231f68011d0 JavaThread "pool-1-thread-8" [_thread_blocked, id=11988, stack(0x000000358c100000,0x000000358c200000)]
  0x00000231f6804980 JavaThread "pool-1-thread-9" [_thread_blocked, id=18116, stack(0x000000358c200000,0x000000358c300000)]
  0x00000231f6804e90 JavaThread "pool-1-thread-10" [_thread_blocked, id=18112, stack(0x000000358c300000,0x000000358c400000)]
  0x00000231f6803030 JavaThread "pool-1-thread-11" [_thread_blocked, id=19452, stack(0x000000358c400000,0x000000358c500000)]
  0x00000231f6802b20 JavaThread "pool-1-thread-12" [_thread_blocked, id=14480, stack(0x000000358c500000,0x000000358c600000)]
  0x00000231f6801bf0 JavaThread "pool-1-thread-13" [_thread_blocked, id=1112, stack(0x000000358c600000,0x000000358c700000)]
  0x00000231f6802610 JavaThread "pool-1-thread-14" [_thread_blocked, id=11320, stack(0x000000358c700000,0x000000358c800000)]
  0x00000231f6803540 JavaThread "pool-1-thread-15" [_thread_blocked, id=11940, stack(0x000000358c800000,0x000000358c900000)]
  0x00000231f68016e0 JavaThread "pool-1-thread-16" [_thread_blocked, id=5628, stack(0x000000358c900000,0x000000358ca00000)]
  0x00000231f68053a0 JavaThread "pool-1-thread-17" [_thread_blocked, id=8028, stack(0x000000358ca00000,0x000000358cb00000)]
  0x00000231f6806cf0 JavaThread "pool-1-thread-18" [_thread_blocked, id=11404, stack(0x000000358cb00000,0x000000358cc00000)]
  0x00000231f6803f60 JavaThread "pool-1-thread-19" [_thread_blocked, id=11252, stack(0x000000358cc00000,0x000000358cd00000)]
  0x00000231f68067e0 JavaThread "pool-1-thread-20" [_thread_blocked, id=17976, stack(0x000000358cd00000,0x000000358ce00000)]
  0x00000231f6807710 JavaThread "AWT-Shutdown" [_thread_blocked, id=19428, stack(0x000000358b600000,0x000000358b700000)]

Other Threads:
=>0x000002319d1e2470 VMThread "VM Thread" [stack: 0x0000003589500000,0x0000003589600000] [id=7176]
  0x00000231ffe9b770 GCTaskThread "GC Thread#0" [stack: 0x0000003589000000,0x0000003589100000] [id=16416]
  0x00000231e3ff1dd0 GCTaskThread "GC Thread#1" [stack: 0x000000358ad00000,0x000000358ae00000] [id=19180]
  0x00000231e3ff2090 GCTaskThread "GC Thread#2" [stack: 0x000000358ae00000,0x000000358af00000] [id=18152]
  0x00000231e4329a40 GCTaskThread "GC Thread#3" [stack: 0x000000358af00000,0x000000358b000000] [id=17028]
  0x00000231e432bd10 GCTaskThread "GC Thread#4" [stack: 0x000000358b000000,0x000000358b100000] [id=14056]
  0x00000231e432bfd0 GCTaskThread "GC Thread#5" [stack: 0x000000358b100000,0x000000358b200000] [id=13812]
  0x00000231e4371ce0 GCTaskThread "GC Thread#6" [stack: 0x000000358b200000,0x000000358b300000] [id=18784]
  0x00000231e4371fa0 GCTaskThread "GC Thread#7" [stack: 0x000000358b300000,0x000000358b400000] [id=12908]
  0x00000231ffea45d0 ConcurrentGCThread "G1 Main Marker" terminated
  0x00000231ffea5bd0 ConcurrentGCThread "G1 Conc#0" [stack: 0x0000003589200000,0x0000003589300000] [id=10228]
  0x00000231f6a4f0c0 ConcurrentGCThread "G1 Conc#1" [stack: 0x000000358ce00000,0x000000358cf00000] [id=14456]
  0x000002319d0b3fe0 ConcurrentGCThread "G1 Refine#0" terminated
  0x000002319d0b47c0 ConcurrentGCThread "G1 Service" terminated

Threads with active compile tasks:

VM state: at safepoint (shutting down)

VM Mutex/Monitor currently owned by a thread:  ([mutex/lock_event])
[0x00000231ffe58290] Threads_lock - owner thread: 0x000002319d1e2470
[0x00000231ffe56dc0] Heap_lock - owner thread: 0x000002319d733330

Heap address: 0x00000000c0000000, size: 1024 MB, Compressed Oops mode: 32-bit

CDS archive(s) mapped at: [0x000002319e000000-0x000002319ebb0000-0x000002319ebb0000), size 12255232, SharedBaseAddress: 0x000002319e000000, ArchiveRelocationMode: 1.
Compressed class space mapped at: 0x000002319f000000-0x00000231df000000, reserved size: 1073741824
Narrow klass base: 0x000002319e000000, Narrow klass shift: 0, Narrow klass range: 0x100000000

GC Precious Log:
 CPUs: 8 total, 8 available
 Memory: 7975M
 Large Page Support: Disabled
 NUMA Support: Disabled
 Compressed Oops: Enabled (32-bit)
 Heap Region Size: 1M
 Heap Min Capacity: 64M
 Heap Initial Capacity: 64M
 Heap Max Capacity: 1G
 Pre-touch: Disabled
 Parallel Workers: 8
 Concurrent Workers: 2
 Concurrent Refinement Workers: 8
 Periodic GC: Disabled

Heap:
 garbage-first heap   total 140288K, used 85627K [0x00000000c0000000, 0x0000000100000000)
  region size 1024K, 33 young (33792K), 2 survivors (2048K)
 Metaspace       used 13252K, committed 13440K, reserved 1114112K
  class space    used 918K, committed 1024K, reserved 1048576K

Heap Regions: E=young(eden), S=young(survivor), O=old, HS=humongous(starts), HC=humongous(continues), CS=collection set, F=free, OA=open archive, CA=closed archive, TAMS=top-at-mark-start (previous, next)
|   0|0x00000000c0000000, 0x00000000c0100000, 0x00000000c0100000|100%| O|  |TAMS 0x00000000c0100000, 0x00000000c0000000| Untracked 
|   1|0x00000000c0100000, 0x00000000c0200000, 0x00000000c0200000|100%| O|  |TAMS 0x00000000c0200000, 0x00000000c0100000| Untracked 
|   2|0x00000000c0200000, 0x00000000c0300000, 0x00000000c0300000|100%|HS|  |TAMS 0x00000000c0300000, 0x00000000c0200000| Complete 
|   3|0x00000000c0300000, 0x00000000c0400000, 0x00000000c0400000|100%|HC|  |TAMS 0x00000000c0400000, 0x00000000c0300000| Complete 
|   4|0x00000000c0400000, 0x00000000c0500000, 0x00000000c0500000|100%|HC|  |TAMS 0x00000000c0500000, 0x00000000c0400000| Complete 
|   5|0x00000000c0500000, 0x00000000c0600000, 0x00000000c0600000|100%|HC|  |TAMS 0x00000000c0600000, 0x00000000c0500000| Complete 
|   6|0x00000000c0600000, 0x00000000c0700000, 0x00000000c0700000|100%|HC|  |TAMS 0x00000000c0700000, 0x00000000c0600000| Complete 
|   7|0x00000000c0700000, 0x00000000c0800000, 0x00000000c0800000|100%|HC|  |TAMS 0x00000000c0800000, 0x00000000c0700000| Complete 
|   8|0x00000000c0800000, 0x00000000c0900000, 0x00000000c0900000|100%|HC|  |TAMS 0x00000000c0900000, 0x00000000c0800000| Complete 
|   9|0x00000000c0900000, 0x00000000c0a00000, 0x00000000c0a00000|100%|HC|  |TAMS 0x00000000c0a00000, 0x00000000c0900000| Complete 
|  10|0x00000000c0a00000, 0x00000000c0b00000, 0x00000000c0b00000|100%|HC|  |TAMS 0x00000000c0b00000, 0x00000000c0a00000| Complete 
|  11|0x00000000c0b00000, 0x00000000c0c00000, 0x00000000c0c00000|100%|HS|  |TAMS 0x00000000c0c00000, 0x00000000c0b00000| Complete 
|  12|0x00000000c0c00000, 0x00000000c0d00000, 0x00000000c0d00000|100%|HC|  |TAMS 0x00000000c0d00000, 0x00000000c0c00000| Complete 
|  13|0x00000000c0d00000, 0x00000000c0e00000, 0x00000000c0e00000|100%|HC|  |TAMS 0x00000000c0e00000, 0x00000000c0d00000| Complete 
|  14|0x00000000c0e00000, 0x00000000c0f00000, 0x00000000c0f00000|100%| O|  |TAMS 0x00000000c0f00000, 0x00000000c0e00000| Untracked 
|  15|0x00000000c0f00000, 0x00000000c1000000, 0x00000000c1000000|100%| O|  |TAMS 0x00000000c1000000, 0x00000000c0f00000| Untracked 
|  16|0x00000000c1000000, 0x00000000c1100000, 0x00000000c1100000|100%| O|  |TAMS 0x00000000c1100000, 0x00000000c1000000| Untracked 
|  17|0x00000000c1100000, 0x00000000c1200000, 0x00000000c1200000|100%| O|  |TAMS 0x00000000c1200000, 0x00000000c1100000| Untracked 
|  18|0x00000000c1200000, 0x00000000c1300000, 0x00000000c1300000|100%| O|  |TAMS 0x00000000c1300000, 0x00000000c1200000| Untracked 
|  19|0x00000000c1300000, 0x00000000c1400000, 0x00000000c1400000|100%| O|  |TAMS 0x00000000c1400000, 0x00000000c1300000| Untracked 
|  20|0x00000000c1400000, 0x00000000c1400000, 0x00000000c1500000|  0%| F|  |TAMS 0x00000000c1400000, 0x00000000c1400000| Untracked 
|  21|0x00000000c1500000, 0x00000000c1600000, 0x00000000c1600000|100%| O|  |TAMS 0x00000000c1600000, 0x00000000c1500000| Untracked 
|  22|0x00000000c1600000, 0x00000000c1700000, 0x00000000c1700000|100%|HS|  |TAMS 0x00000000c1700000, 0x00000000c1600000| Complete 
|  23|0x00000000c1700000, 0x00000000c1800000, 0x00000000c1800000|100%|HC|  |TAMS 0x00000000c1800000, 0x00000000c1700000| Complete 
|  24|0x00000000c1800000, 0x00000000c1900000, 0x00000000c1900000|100%|HC|  |TAMS 0x00000000c1900000, 0x00000000c1800000| Complete 
|  25|0x00000000c1900000, 0x00000000c1a00000, 0x00000000c1a00000|100%|HC|  |TAMS 0x00000000c1a00000, 0x00000000c1900000| Complete 
|  26|0x00000000c1a00000, 0x00000000c1b00000, 0x00000000c1b00000|100%|HC|  |TAMS 0x00000000c1b00000, 0x00000000c1a00000| Complete 
|  27|0x00000000c1b00000, 0x00000000c1c00000, 0x00000000c1c00000|100%|HC|  |TAMS 0x00000000c1c00000, 0x00000000c1b00000| Complete 
|  28|0x00000000c1c00000, 0x00000000c1d00000, 0x00000000c1d00000|100%|HC|  |TAMS 0x00000000c1d00000, 0x00000000c1c00000| Complete 
|  29|0x00000000c1d00000, 0x00000000c1e00000, 0x00000000c1e00000|100%|HS|  |TAMS 0x00000000c1e00000, 0x00000000c1d00000| Complete 
|  30|0x00000000c1e00000, 0x00000000c1f00000, 0x00000000c1f00000|100%|HC|  |TAMS 0x00000000c1f00000, 0x00000000c1e00000| Complete 
|  31|0x00000000c1f00000, 0x00000000c2000000, 0x00000000c2000000|100%|HC|  |TAMS 0x00000000c2000000, 0x00000000c1f00000| Complete 
|  32|0x00000000c2000000, 0x00000000c201aa00, 0x00000000c2100000| 10%| O|  |TAMS 0x00000000c200f200, 0x00000000c2000000| Untracked 
|  33|0x00000000c2100000, 0x00000000c2200000, 0x00000000c2200000|100%| O|  |TAMS 0x00000000c2200000, 0x00000000c2100000| Untracked 
|  34|0x00000000c2200000, 0x00000000c2300000, 0x00000000c2300000|100%| O|  |TAMS 0x00000000c2300000, 0x00000000c2200000| Untracked 
|  35|0x00000000c2300000, 0x00000000c2400000, 0x00000000c2400000|100%|HS|  |TAMS 0x00000000c2400000, 0x00000000c2300000| Complete 
|  36|0x00000000c2400000, 0x00000000c2500000, 0x00000000c2500000|100%|HC|  |TAMS 0x00000000c2500000, 0x00000000c2400000| Complete 
|  37|0x00000000c2500000, 0x00000000c2600000, 0x00000000c2600000|100%|HC|  |TAMS 0x00000000c2600000, 0x00000000c2500000| Complete 
|  38|0x00000000c2600000, 0x00000000c2700000, 0x00000000c2700000|100%|HC|  |TAMS 0x00000000c2700000, 0x00000000c2600000| Complete 
|  39|0x00000000c2700000, 0x00000000c2800000, 0x00000000c2800000|100%|HC|  |TAMS 0x00000000c2800000, 0x00000000c2700000| Complete 
|  40|0x00000000c2800000, 0x00000000c2900000, 0x00000000c2900000|100%|HS|  |TAMS 0x00000000c2900000, 0x00000000c2800000| Complete 
|  41|0x00000000c2900000, 0x00000000c2a00000, 0x00000000c2a00000|100%|HC|  |TAMS 0x00000000c2a00000, 0x00000000c2900000| Complete 
|  42|0x00000000c2a00000, 0x00000000c2b00000, 0x00000000c2b00000|100%|HC|  |TAMS 0x00000000c2b00000, 0x00000000c2a00000| Complete 
|  43|0x00000000c2b00000, 0x00000000c2c00000, 0x00000000c2c00000|100%|HS|  |TAMS 0x00000000c2c00000, 0x00000000c2b00000| Complete 
|  44|0x00000000c2c00000, 0x00000000c2d00000, 0x00000000c2d00000|100%|HC|  |TAMS 0x00000000c2d00000, 0x00000000c2c00000| Complete 
|  45|0x00000000c2d00000, 0x00000000c2e00000, 0x00000000c2e00000|100%|HC|  |TAMS 0x00000000c2e00000, 0x00000000c2d00000| Complete 
|  46|0x00000000c2e00000, 0x00000000c2f00000, 0x00000000c2f00000|100%|HS|  |TAMS 0x00000000c2f00000, 0x00000000c2e00000| Complete 
|  47|0x00000000c2f00000, 0x00000000c3000000, 0x00000000c3000000|100%|HC|  |TAMS 0x00000000c3000000, 0x00000000c2f00000| Complete 
|  48|0x00000000c3000000, 0x00000000c3100000, 0x00000000c3100000|100%|HC|  |TAMS 0x00000000c3100000, 0x00000000c3000000| Complete 
|  49|0x00000000c3100000, 0x00000000c3200000, 0x00000000c3200000|100%|HS|  |TAMS 0x00000000c3200000, 0x00000000c3100000| Complete 
|  50|0x00000000c3200000, 0x00000000c3300000, 0x00000000c3300000|100%|HC|  |TAMS 0x00000000c3300000, 0x00000000c3200000| Complete 
|  51|0x00000000c3300000, 0x00000000c3400000, 0x00000000c3400000|100%|HC|  |TAMS 0x00000000c3400000, 0x00000000c3300000| Complete 
|  52|0x00000000c3400000, 0x00000000c3500000, 0x00000000c3500000|100%|HC|  |TAMS 0x00000000c3500000, 0x00000000c3400000| Complete 
|  53|0x00000000c3500000, 0x00000000c3600000, 0x00000000c3600000|100%|HC|  |TAMS 0x00000000c3600000, 0x00000000c3500000| Complete 
|  54|0x00000000c3600000, 0x00000000c3600000, 0x00000000c3700000|  0%| F|  |TAMS 0x00000000c3600000, 0x00000000c3600000| Untracked 
|  55|0x00000000c3700000, 0x00000000c3700000, 0x00000000c3800000|  0%| F|  |TAMS 0x00000000c3700000, 0x00000000c3700000| Untracked 
|  56|0x00000000c3800000, 0x00000000c3800000, 0x00000000c3900000|  0%| F|  |TAMS 0x00000000c3800000, 0x00000000c3800000| Untracked 
|  57|0x00000000c3900000, 0x00000000c3900000, 0x00000000c3a00000|  0%| F|  |TAMS 0x00000000c3900000, 0x00000000c3900000| Untracked 
|  58|0x00000000c3a00000, 0x00000000c3a00000, 0x00000000c3b00000|  0%| F|  |TAMS 0x00000000c3a00000, 0x00000000c3a00000| Untracked 
|  59|0x00000000c3b00000, 0x00000000c3b00000, 0x00000000c3c00000|  0%| F|  |TAMS 0x00000000c3b00000, 0x00000000c3b00000| Untracked 
|  60|0x00000000c3c00000, 0x00000000c3c00000, 0x00000000c3d00000|  0%| F|  |TAMS 0x00000000c3c00000, 0x00000000c3c00000| Untracked 
|  61|0x00000000c3d00000, 0x00000000c3d00000, 0x00000000c3e00000|  0%| F|  |TAMS 0x00000000c3d00000, 0x00000000c3d00000| Untracked 
|  62|0x00000000c3e00000, 0x00000000c3e00000, 0x00000000c3f00000|  0%| F|  |TAMS 0x00000000c3e00000, 0x00000000c3e00000| Untracked 
|  63|0x00000000c3f00000, 0x00000000c3f00000, 0x00000000c4000000|  0%| F|  |TAMS 0x00000000c3f00000, 0x00000000c3f00000| Untracked 
|  64|0x00000000c4000000, 0x00000000c4000000, 0x00000000c4100000|  0%| F|  |TAMS 0x00000000c4000000, 0x00000000c4000000| Untracked 
|  65|0x00000000c4100000, 0x00000000c4100000, 0x00000000c4200000|  0%| F|  |TAMS 0x00000000c4100000, 0x00000000c4100000| Untracked 
|  66|0x00000000c4200000, 0x00000000c4200000, 0x00000000c4300000|  0%| F|  |TAMS 0x00000000c4200000, 0x00000000c4200000| Untracked 
|  67|0x00000000c4300000, 0x00000000c4300000, 0x00000000c4400000|  0%| F|  |TAMS 0x00000000c4300000, 0x00000000c4300000| Untracked 
|  68|0x00000000c4400000, 0x00000000c44845d0, 0x00000000c4500000| 51%| S|CS|TAMS 0x00000000c4400000, 0x00000000c4400000| Complete 
|  69|0x00000000c4500000, 0x00000000c4600000, 0x00000000c4600000|100%| S|CS|TAMS 0x00000000c4500000, 0x00000000c4500000| Complete 
|  70|0x00000000c4600000, 0x00000000c4600000, 0x00000000c4700000|  0%| F|  |TAMS 0x00000000c4600000, 0x00000000c4600000| Untracked 
|  71|0x00000000c4700000, 0x00000000c4700000, 0x00000000c4800000|  0%| F|  |TAMS 0x00000000c4700000, 0x00000000c4700000| Untracked 
|  72|0x00000000c4800000, 0x00000000c4800000, 0x00000000c4900000|  0%| F|  |TAMS 0x00000000c4800000, 0x00000000c4800000| Untracked 
|  73|0x00000000c4900000, 0x00000000c4900000, 0x00000000c4a00000|  0%| F|  |TAMS 0x00000000c4900000, 0x00000000c4900000| Untracked 
|  74|0x00000000c4a00000, 0x00000000c4a00000, 0x00000000c4b00000|  0%| F|  |TAMS 0x00000000c4a00000, 0x00000000c4a00000| Untracked 
|  75|0x00000000c4b00000, 0x00000000c4b00000, 0x00000000c4c00000|  0%| F|  |TAMS 0x00000000c4b00000, 0x00000000c4b00000| Untracked 
|  76|0x00000000c4c00000, 0x00000000c4c00000, 0x00000000c4d00000|  0%| F|  |TAMS 0x00000000c4c00000, 0x00000000c4c00000| Untracked 
|  77|0x00000000c4d00000, 0x00000000c4d00000, 0x00000000c4e00000|  0%| F|  |TAMS 0x00000000c4d00000, 0x00000000c4d00000| Untracked 
|  78|0x00000000c4e00000, 0x00000000c4e00000, 0x00000000c4f00000|  0%| F|  |TAMS 0x00000000c4e00000, 0x00000000c4e00000| Untracked 
|  79|0x00000000c4f00000, 0x00000000c4f00000, 0x00000000c5000000|  0%| F|  |TAMS 0x00000000c4f00000, 0x00000000c4f00000| Untracked 
|  80|0x00000000c5000000, 0x00000000c5000000, 0x00000000c5100000|  0%| F|  |TAMS 0x00000000c5000000, 0x00000000c5000000| Untracked 
|  81|0x00000000c5100000, 0x00000000c5100000, 0x00000000c5200000|  0%| F|  |TAMS 0x00000000c5100000, 0x00000000c5100000| Untracked 
|  82|0x00000000c5200000, 0x00000000c5200000, 0x00000000c5300000|  0%| F|  |TAMS 0x00000000c5200000, 0x00000000c5200000| Untracked 
|  83|0x00000000c5300000, 0x00000000c5300000, 0x00000000c5400000|  0%| F|  |TAMS 0x00000000c5300000, 0x00000000c5300000| Untracked 
|  84|0x00000000c5400000, 0x00000000c5400000, 0x00000000c5500000|  0%| F|  |TAMS 0x00000000c5400000, 0x00000000c5400000| Untracked 
|  85|0x00000000c5500000, 0x00000000c5500000, 0x00000000c5600000|  0%| F|  |TAMS 0x00000000c5500000, 0x00000000c5500000| Untracked 
|  86|0x00000000c5600000, 0x00000000c5600000, 0x00000000c5700000|  0%| F|  |TAMS 0x00000000c5600000, 0x00000000c5600000| Untracked 
|  87|0x00000000c5700000, 0x00000000c5700000, 0x00000000c5800000|  0%| F|  |TAMS 0x00000000c5700000, 0x00000000c5700000| Untracked 
|  88|0x00000000c5800000, 0x00000000c5800000, 0x00000000c5900000|  0%| F|  |TAMS 0x00000000c5800000, 0x00000000c5800000| Untracked 
|  89|0x00000000c5900000, 0x00000000c5900000, 0x00000000c5a00000|  0%| F|  |TAMS 0x00000000c5900000, 0x00000000c5900000| Untracked 
|  90|0x00000000c5a00000, 0x00000000c5a00000, 0x00000000c5b00000|  0%| F|  |TAMS 0x00000000c5a00000, 0x00000000c5a00000| Untracked 
|  91|0x00000000c5b00000, 0x00000000c5b00000, 0x00000000c5c00000|  0%| F|  |TAMS 0x00000000c5b00000, 0x00000000c5b00000| Untracked 
|  92|0x00000000c5c00000, 0x00000000c5c00000, 0x00000000c5d00000|  0%| F|  |TAMS 0x00000000c5c00000, 0x00000000c5c00000| Untracked 
|  93|0x00000000c5d00000, 0x00000000c5d00000, 0x00000000c5e00000|  0%| F|  |TAMS 0x00000000c5d00000, 0x00000000c5d00000| Untracked 
|  94|0x00000000c5e00000, 0x00000000c5e00000, 0x00000000c5f00000|  0%| F|  |TAMS 0x00000000c5e00000, 0x00000000c5e00000| Untracked 
|  95|0x00000000c5f00000, 0x00000000c5f00000, 0x00000000c6000000|  0%| F|  |TAMS 0x00000000c5f00000, 0x00000000c5f00000| Untracked 
|  96|0x00000000c6000000, 0x00000000c6000000, 0x00000000c6100000|  0%| F|  |TAMS 0x00000000c6000000, 0x00000000c6000000| Untracked 
|  97|0x00000000c6100000, 0x00000000c6100000, 0x00000000c6200000|  0%| F|  |TAMS 0x00000000c6100000, 0x00000000c6100000| Untracked 
|  98|0x00000000c6200000, 0x00000000c6200000, 0x00000000c6300000|  0%| F|  |TAMS 0x00000000c6200000, 0x00000000c6200000| Untracked 
|  99|0x00000000c6300000, 0x00000000c6300000, 0x00000000c6400000|  0%| F|  |TAMS 0x00000000c6300000, 0x00000000c6300000| Untracked 
| 100|0x00000000c6400000, 0x00000000c6400000, 0x00000000c6500000|  0%| F|  |TAMS 0x00000000c6400000, 0x00000000c6400000| Untracked 
| 101|0x00000000c6500000, 0x00000000c6500000, 0x00000000c6600000|  0%| F|  |TAMS 0x00000000c6500000, 0x00000000c6500000| Untracked 
| 102|0x00000000c6600000, 0x00000000c6600000, 0x00000000c6700000|  0%| F|  |TAMS 0x00000000c6600000, 0x00000000c6600000| Untracked 
| 103|0x00000000c6700000, 0x00000000c6700000, 0x00000000c6800000|  0%| F|  |TAMS 0x00000000c6700000, 0x00000000c6700000| Untracked 
| 104|0x00000000c6800000, 0x00000000c6800000, 0x00000000c6900000|  0%| F|  |TAMS 0x00000000c6800000, 0x00000000c6800000| Untracked 
| 105|0x00000000c6900000, 0x00000000c6900000, 0x00000000c6a00000|  0%| F|  |TAMS 0x00000000c6900000, 0x00000000c6900000| Untracked 
| 106|0x00000000c6a00000, 0x00000000c6a17240, 0x00000000c6b00000|  9%| E|  |TAMS 0x00000000c6a00000, 0x00000000c6a00000| Complete 
| 107|0x00000000c6b00000, 0x00000000c6c00000, 0x00000000c6c00000|100%| E|CS|TAMS 0x00000000c6b00000, 0x00000000c6b00000| Complete 
| 108|0x00000000c6c00000, 0x00000000c6d00000, 0x00000000c6d00000|100%| E|CS|TAMS 0x00000000c6c00000, 0x00000000c6c00000| Complete 
| 109|0x00000000c6d00000, 0x00000000c6e00000, 0x00000000c6e00000|100%| E|CS|TAMS 0x00000000c6d00000, 0x00000000c6d00000| Complete 
| 110|0x00000000c6e00000, 0x00000000c6f00000, 0x00000000c6f00000|100%| E|CS|TAMS 0x00000000c6e00000, 0x00000000c6e00000| Complete 
| 111|0x00000000c6f00000, 0x00000000c7000000, 0x00000000c7000000|100%| E|CS|TAMS 0x00000000c6f00000, 0x00000000c6f00000| Complete 
| 112|0x00000000c7000000, 0x00000000c7100000, 0x00000000c7100000|100%| E|CS|TAMS 0x00000000c7000000, 0x00000000c7000000| Complete 
| 113|0x00000000c7100000, 0x00000000c7200000, 0x00000000c7200000|100%| E|CS|TAMS 0x00000000c7100000, 0x00000000c7100000| Complete 
| 114|0x00000000c7200000, 0x00000000c7300000, 0x00000000c7300000|100%| E|CS|TAMS 0x00000000c7200000, 0x00000000c7200000| Complete 
| 115|0x00000000c7300000, 0x00000000c7400000, 0x00000000c7400000|100%| E|CS|TAMS 0x00000000c7300000, 0x00000000c7300000| Complete 
| 116|0x00000000c7400000, 0x00000000c7500000, 0x00000000c7500000|100%| E|CS|TAMS 0x00000000c7400000, 0x00000000c7400000| Complete 
| 117|0x00000000c7500000, 0x00000000c7600000, 0x00000000c7600000|100%| E|CS|TAMS 0x00000000c7500000, 0x00000000c7500000| Complete 
| 118|0x00000000c7600000, 0x00000000c7700000, 0x00000000c7700000|100%| E|CS|TAMS 0x00000000c7600000, 0x00000000c7600000| Complete 
| 119|0x00000000c7700000, 0x00000000c7800000, 0x00000000c7800000|100%| E|CS|TAMS 0x00000000c7700000, 0x00000000c7700000| Complete 
| 120|0x00000000c7800000, 0x00000000c7900000, 0x00000000c7900000|100%| E|CS|TAMS 0x00000000c7800000, 0x00000000c7800000| Complete 
| 121|0x00000000c7900000, 0x00000000c7a00000, 0x00000000c7a00000|100%| E|CS|TAMS 0x00000000c7900000, 0x00000000c7900000| Complete 
| 122|0x00000000c7a00000, 0x00000000c7b00000, 0x00000000c7b00000|100%| E|CS|TAMS 0x00000000c7a00000, 0x00000000c7a00000| Complete 
| 123|0x00000000c7b00000, 0x00000000c7c00000, 0x00000000c7c00000|100%| E|CS|TAMS 0x00000000c7b00000, 0x00000000c7b00000| Complete 
| 124|0x00000000c7c00000, 0x00000000c7d00000, 0x00000000c7d00000|100%| E|CS|TAMS 0x00000000c7c00000, 0x00000000c7c00000| Complete 
| 125|0x00000000c7d00000, 0x00000000c7e00000, 0x00000000c7e00000|100%| E|CS|TAMS 0x00000000c7d00000, 0x00000000c7d00000| Complete 
| 126|0x00000000c7e00000, 0x00000000c7f00000, 0x00000000c7f00000|100%| E|CS|TAMS 0x00000000c7e00000, 0x00000000c7e00000| Complete 
| 127|0x00000000c7f00000, 0x00000000c8000000, 0x00000000c8000000|100%| E|CS|TAMS 0x00000000c7f00000, 0x00000000c7f00000| Complete 
| 128|0x00000000c8000000, 0x00000000c8100000, 0x00000000c8100000|100%| E|CS|TAMS 0x00000000c8000000, 0x00000000c8000000| Complete 
| 129|0x00000000c8100000, 0x00000000c8200000, 0x00000000c8200000|100%| E|CS|TAMS 0x00000000c8100000, 0x00000000c8100000| Complete 
| 130|0x00000000c8200000, 0x00000000c8300000, 0x00000000c8300000|100%| E|CS|TAMS 0x00000000c8200000, 0x00000000c8200000| Complete 
| 131|0x00000000c8300000, 0x00000000c8400000, 0x00000000c8400000|100%| E|CS|TAMS 0x00000000c8300000, 0x00000000c8300000| Complete 
| 132|0x00000000c8400000, 0x00000000c8500000, 0x00000000c8500000|100%| E|CS|TAMS 0x00000000c8400000, 0x00000000c8400000| Complete 
| 133|0x00000000c8500000, 0x00000000c8600000, 0x00000000c8600000|100%| E|CS|TAMS 0x00000000c8500000, 0x00000000c8500000| Complete 
| 134|0x00000000c8600000, 0x00000000c8700000, 0x00000000c8700000|100%| E|CS|TAMS 0x00000000c8600000, 0x00000000c8600000| Complete 
| 135|0x00000000c8700000, 0x00000000c8800000, 0x00000000c8800000|100%| E|CS|TAMS 0x00000000c8700000, 0x00000000c8700000| Complete 
| 136|0x00000000c8800000, 0x00000000c8900000, 0x00000000c8900000|100%| E|CS|TAMS 0x00000000c8800000, 0x00000000c8800000| Complete 

Card table byte_map: [0x00000231983c0000,0x00000231985c0000] _byte_map_base: 0x0000023197dc0000

Marking Bits (Prev, Next): (CMBitMap*) 0x00000231ffe9bce0, (CMBitMap*) 0x00000231ffe9bca0
 Prev Bits: [0x00000231997c0000, 0x000002319a7c0000)
 Next Bits: [0x00000231987c0000, 0x00000231997c0000)

Polling page: 0x00000231ff420000

Metaspace:

Usage:
  Non-class:     12.04 MB used.
      Class:    918.73 KB used.
       Both:     12.94 MB used.

Virtual space:
  Non-class space:       64.00 MB reserved,      12.12 MB ( 19%) committed,  1 nodes.
      Class space:        1.00 GB reserved,       1.00 MB ( <1%) committed,  1 nodes.
             Both:        1.06 GB reserved,      13.12 MB (  1%) committed. 

Chunk freelists:
   Non-Class:  3.59 MB
       Class:  14.91 MB
        Both:  18.50 MB

MaxMetaspaceSize: unlimited
CompressedClassSpaceSize: 1.00 GB
Initial GC threshold: 21.00 MB
Current GC threshold: 21.38 MB
CDS: on
MetaspaceReclaimPolicy: balanced
 - commit_granule_bytes: 65536.
 - commit_granule_words: 8192.
 - virtual_space_node_default_size: 8388608.
 - enlarge_chunks_in_place: 1.
 - new_chunks_are_fully_committed: 0.
 - uncommit_free_chunks: 1.
 - use_allocation_guard: 0.
 - handle_deallocations: 1.


Internal statistics:

num_allocs_failed_limit: 0.
num_arena_births: 106.
num_arena_deaths: 0.
num_vsnodes_births: 2.
num_vsnodes_deaths: 0.
num_space_committed: 206.
num_space_uncommitted: 0.
num_chunks_returned_to_freelist: 0.
num_chunks_taken_from_freelist: 394.
num_chunk_merges: 0.
num_chunk_splits: 309.
num_chunks_enlarged: 248.
num_inconsistent_stats: 0.

CodeHeap 'non-profiled nmethods': size=120000Kb used=852Kb max_used=852Kb free=119147Kb
 bounds [0x0000023190960000, 0x0000023190bd0000, 0x0000023197e90000]
CodeHeap 'profiled nmethods': size=120000Kb used=3695Kb max_used=3695Kb free=116304Kb
 bounds [0x0000023188e90000, 0x0000023189230000, 0x00000231903c0000]
CodeHeap 'non-nmethods': size=5760Kb used=1613Kb max_used=1646Kb free=4146Kb
 bounds [0x00000231903c0000, 0x0000023190630000, 0x0000023190960000]
 total_blobs=2754 nmethods=1815 adapters=852
 compilation: enabled
              stopped_count=0, restarted_count=0
 full_count=0

Compilation events (20 events):
Event: 24.590 Thread 0x000002319d22de90 1806       3       Gravity_simul$QuadTree::<init> (28 bytes)
Event: 24.590 Thread 0x000002319d22de90 nmethod 1806 0x0000023189227e90 code [0x0000023189228060, 0x0000023189228388]
Event: 24.616 Thread 0x000002319d22de90 1807       3       processing.opengl.PGraphicsOpenGL$TexCache::addTexture (85 bytes)
Event: 24.617 Thread 0x000002319d22de90 nmethod 1807 0x0000023189228490 code [0x0000023189228660, 0x0000023189228aa8]
Event: 24.617 Thread 0x000002319d22de90 1808       3       processing.opengl.PGraphicsOpenGL$TexCache::arrayCheck (45 bytes)
Event: 24.617 Thread 0x000002319d22de90 nmethod 1808 0x0000023189228d90 code [0x0000023189228f80, 0x0000023189229248]
Event: 24.628 Thread 0x000002319d22de90 1809       3       processing.opengl.PJOGL::uniformMatrix4fv (15 bytes)
Event: 24.629 Thread 0x000002319d22de90 nmethod 1809 0x0000023189229390 code [0x0000023189229540, 0x0000023189229748]
Event: 24.629 Thread 0x000002319d22de90 1810       3       jogamp.opengl.gl4.GL4bcImpl::glUniformMatrix4fv (91 bytes)
Event: 24.630 Thread 0x000002319d22de90 nmethod 1810 0x0000023189229810 code [0x0000023189229ae0, 0x000002318922a868]
Event: 25.545 Thread 0x000002319d205c80 1811       4       jogamp.opengl.gl4.GL4bcImpl::glGetError (43 bytes)
Event: 25.546 Thread 0x000002319d205c80 nmethod 1811 0x0000023190a34a90 code [0x0000023190a34c20, 0x0000023190a34d08]
Event: 25.920 Thread 0x000002319d205c80 1812       4       java.nio.Buffer::position (52 bytes)
Event: 25.921 Thread 0x000002319d205c80 nmethod 1812 0x0000023190a34e10 code [0x0000023190a34f80, 0x0000023190a35058]
Event: 27.728 Thread 0x000002319d22de90 1813       3       java.lang.AbstractStringBuilder::append (55 bytes)
Event: 27.729 Thread 0x000002319d22de90 nmethod 1813 0x000002318922ad90 code [0x000002318922af60, 0x000002318922b298]
Event: 27.780 Thread 0x000002319d22de90 1814       3       jdk.internal.misc.Unsafe::getAndAddLong (27 bytes)
Event: 27.780 Thread 0x000002319d22de90 nmethod 1814 0x000002318922b410 code [0x000002318922b5c0, 0x000002318922b808]
Event: 27.780 Thread 0x000002319d22de90 1815       3       jdk.internal.misc.Unsafe::weakCompareAndSetLong (11 bytes)
Event: 27.781 Thread 0x000002319d22de90 nmethod 1815 0x000002318922b910 code [0x000002318922baa0, 0x000002318922bbd8]

GC Heap History (20 events):
Event: 16.373 GC heap before
{Heap before GC invocations=31 (full 0):
 garbage-first heap   total 140288K, used 120466K [0x00000000c0000000, 0x0000000100000000)
  region size 1024K, 66 young (67584K), 2 survivors (2048K)
 Metaspace       used 13075K, committed 13248K, reserved 1114112K
  class space    used 913K, committed 1024K, reserved 1048576K
}
Event: 16.374 GC heap after
{Heap after GC invocations=32 (full 0):
 garbage-first heap   total 140288K, used 54090K [0x00000000c0000000, 0x0000000100000000)
  region size 1024K, 1 young (1024K), 1 survivors (1024K)
 Metaspace       used 13075K, committed 13248K, reserved 1114112K
  class space    used 913K, committed 1024K, reserved 1048576K
}
Event: 17.496 GC heap before
{Heap before GC invocations=32 (full 0):
 garbage-first heap   total 140288K, used 121674K [0x00000000c0000000, 0x0000000100000000)
  region size 1024K, 67 young (68608K), 1 survivors (1024K)
 Metaspace       used 13075K, committed 13248K, reserved 1114112K
  class space    used 913K, committed 1024K, reserved 1048576K
}
Event: 17.497 GC heap after
{Heap after GC invocations=33 (full 0):
 garbage-first heap   total 140288K, used 54551K [0x00000000c0000000, 0x0000000100000000)
  region size 1024K, 2 young (2048K), 2 survivors (2048K)
 Metaspace       used 13075K, committed 13248K, reserved 1114112K
  class space    used 913K, committed 1024K, reserved 1048576K
}
Event: 18.720 GC heap before
{Heap before GC invocations=33 (full 0):
 garbage-first heap   total 140288K, used 121111K [0x00000000c0000000, 0x0000000100000000)
  region size 1024K, 67 young (68608K), 2 survivors (2048K)
 Metaspace       used 13075K, committed 13248K, reserved 1114112K
  class space    used 913K, committed 1024K, reserved 1048576K
}
Event: 18.721 GC heap after
{Heap after GC invocations=34 (full 0):
 garbage-first heap   total 140288K, used 54488K [0x00000000c0000000, 0x0000000100000000)
  region size 1024K, 2 young (2048K), 2 survivors (2048K)
 Metaspace       used 13075K, committed 13248K, reserved 1114112K
  class space    used 913K, committed 1024K, reserved 1048576K
}
Event: 19.945 GC heap before
{Heap before GC invocations=34 (full 0):
 garbage-first heap   total 140288K, used 121048K [0x00000000c0000000, 0x0000000100000000)
  region size 1024K, 67 young (68608K), 2 survivors (2048K)
 Metaspace       used 13169K, committed 13376K, reserved 1114112K
  class space    used 913K, committed 1024K, reserved 1048576K
}
Event: 19.946 GC heap after
{Heap after GC invocations=35 (full 0):
 garbage-first heap   total 140288K, used 54574K [0x00000000c0000000, 0x0000000100000000)
  region size 1024K, 2 young (2048K), 2 survivors (2048K)
 Metaspace       used 13169K, committed 13376K, reserved 1114112K
  class space    used 913K, committed 1024K, reserved 1048576K
}
Event: 21.192 GC heap before
{Heap before GC invocations=35 (full 0):
 garbage-first heap   total 140288K, used 121134K [0x00000000c0000000, 0x0000000100000000)
  region size 1024K, 67 young (68608K), 2 survivors (2048K)
 Metaspace       used 13183K, committed 13376K, reserved 1114112K
  class space    used 913K, committed 1024K, reserved 1048576K
}
Event: 21.193 GC heap after
{Heap after GC invocations=36 (full 0):
 garbage-first heap   total 140288K, used 54308K [0x00000000c0000000, 0x0000000100000000)
  region size 1024K, 1 young (1024K), 1 survivors (1024K)
 Metaspace       used 13183K, committed 13376K, reserved 1114112K
  class space    used 913K, committed 1024K, reserved 1048576K
}
Event: 22.407 GC heap before
{Heap before GC invocations=36 (full 0):
 garbage-first heap   total 140288K, used 121892K [0x00000000c0000000, 0x0000000100000000)
  region size 1024K, 67 young (68608K), 1 survivors (1024K)
 Metaspace       used 13183K, committed 13376K, reserved 1114112K
  class space    used 913K, committed 1024K, reserved 1048576K
}
Event: 22.408 GC heap after
{Heap after GC invocations=37 (full 0):
 garbage-first heap   total 140288K, used 55048K [0x00000000c0000000, 0x0000000100000000)
  region size 1024K, 2 young (2048K), 2 survivors (2048K)
 Metaspace       used 13183K, committed 13376K, reserved 1114112K
  class space    used 913K, committed 1024K, reserved 1048576K
}
Event: 23.612 GC heap before
{Heap before GC invocations=37 (full 0):
 garbage-first heap   total 140288K, used 120584K [0x00000000c0000000, 0x0000000100000000)
  region size 1024K, 66 young (67584K), 2 survivors (2048K)
 Metaspace       used 13183K, committed 13376K, reserved 1114112K
  class space    used 913K, committed 1024K, reserved 1048576K
}
Event: 23.614 GC heap after
{Heap after GC invocations=38 (full 0):
 garbage-first heap   total 140288K, used 53902K [0x00000000c0000000, 0x0000000100000000)
  region size 1024K, 1 young (1024K), 1 survivors (1024K)
 Metaspace       used 13183K, committed 13376K, reserved 1114112K
  class space    used 913K, committed 1024K, reserved 1048576K
}
Event: 24.799 GC heap before
{Heap before GC invocations=38 (full 0):
 garbage-first heap   total 140288K, used 121486K [0x00000000c0000000, 0x0000000100000000)
  region size 1024K, 67 young (68608K), 1 survivors (1024K)
 Metaspace       used 13203K, committed 13376K, reserved 1114112K
  class space    used 913K, committed 1024K, reserved 1048576K
}
Event: 24.800 GC heap after
{Heap after GC invocations=39 (full 0):
 garbage-first heap   total 140288K, used 54575K [0x00000000c0000000, 0x0000000100000000)
  region size 1024K, 2 young (2048K), 2 survivors (2048K)
 Metaspace       used 13203K, committed 13376K, reserved 1114112K
  class space    used 913K, committed 1024K, reserved 1048576K
}
Event: 25.928 GC heap before
{Heap before GC invocations=39 (full 0):
 garbage-first heap   total 140288K, used 121135K [0x00000000c0000000, 0x0000000100000000)
  region size 1024K, 67 young (68608K), 2 survivors (2048K)
 Metaspace       used 13203K, committed 13376K, reserved 1114112K
  class space    used 913K, committed 1024K, reserved 1048576K
}
Event: 25.929 GC heap after
{Heap after GC invocations=40 (full 0):
 garbage-first heap   total 140288K, used 54667K [0x00000000c0000000, 0x0000000100000000)
  region size 1024K, 2 young (2048K), 2 survivors (2048K)
 Metaspace       used 13203K, committed 13376K, reserved 1114112K
  class space    used 913K, committed 1024K, reserved 1048576K
}
Event: 27.201 GC heap before
{Heap before GC invocations=40 (full 0):
 garbage-first heap   total 140288K, used 121227K [0x00000000c0000000, 0x0000000100000000)
  region size 1024K, 67 young (68608K), 2 survivors (2048K)
 Metaspace       used 13203K, committed 13376K, reserved 1114112K
  class space    used 913K, committed 1024K, reserved 1048576K
}
Event: 27.202 GC heap after
{Heap after GC invocations=41 (full 0):
 garbage-first heap   total 140288K, used 54907K [0x00000000c0000000, 0x0000000100000000)
  region size 1024K, 2 young (2048K), 2 survivors (2048K)
 Metaspace       used 13203K, committed 13376K, reserved 1114112K
  class space    used 913K, committed 1024K, reserved 1048576K
}

Dll operation events (14 events):
Event: 0.013 Loaded shared library C:\Program Files\Processing\app\resources\jdk-17.0.14+7\bin\java.dll
Event: 0.038 Loaded shared library C:\Program Files\Processing\app\resources\jdk-17.0.14+7\bin\jsvml.dll
Event: 0.185 Loaded shared library C:\Program Files\Processing\app\resources\jdk-17.0.14+7\bin\net.dll
Event: 0.187 Loaded shared library C:\Program Files\Processing\app\resources\jdk-17.0.14+7\bin\nio.dll
Event: 0.192 Loaded shared library C:\Program Files\Processing\app\resources\jdk-17.0.14+7\bin\zip.dll
Event: 0.285 Loaded shared library C:\Program Files\Processing\app\resources\jdk-17.0.14+7\bin\jimage.dll
Event: 0.295 Loaded shared library C:\Program Files\Processing\app\resources\jdk-17.0.14+7\bin\awt.dll
Event: 0.879 Loaded shared library C:\Users\danil\AppData\Local\Temp\jogamp_0000\file_cache\jln2268305982874653586\jln14417399564197758681\natives\windows-amd64\gluegen_rt.dll
Event: 0.888 Loaded shared library C:\Program Files\Processing\app\resources\jdk-17.0.14+7\bin\jawt.dll
Event: 0.903 Loaded shared library C:\Users\danil\AppData\Local\Temp\jogamp_0000\file_cache\jln2268305982874653586\jln14417399564197758681\natives\windows-amd64\nativewindow_awt.dll
Event: 0.947 Loaded shared library C:\Users\danil\AppData\Local\Temp\jogamp_0000\file_cache\jln2268305982874653586\jln14417399564197758681\natives\windows-amd64\nativewindow_win32.dll
Event: 1.098 Loaded shared library C:\Users\danil\AppData\Local\Temp\jogamp_0000\file_cache\jln2268305982874653586\jln14417399564197758681\natives\windows-amd64\jogl_desktop.dll
Event: 1.436 Loaded shared library C:\Users\danil\AppData\Local\Temp\jogamp_0000\file_cache\jln2268305982874653586\jln14417399564197758681\natives\windows-amd64\jogl_mobile.dll
Event: 2.655 Loaded shared library C:\Users\danil\AppData\Local\Temp\jogamp_0000\file_cache\jln2268305982874653586\jln14417399564197758681\natives\windows-amd64\newt_head.dll

Deoptimization events (20 events):
Event: 27.648 Thread 0x000002319d733330 DEOPT PACKING pc=0x000002318916ec41 sp=0x000000358b7fea10
Event: 27.648 Thread 0x000002319d733330 DEOPT UNPACKING pc=0x000002319041ace3 sp=0x000000358b7fdf00 mode 1
Event: 27.648 Thread 0x000002319d733330 DEOPT PACKING pc=0x000002318916b874 sp=0x000000358b7feaa0
Event: 27.648 Thread 0x000002319d733330 DEOPT UNPACKING pc=0x000002319041ace3 sp=0x000000358b7fdf48 mode 1
Event: 27.648 Thread 0x000002319d733330 DEOPT PACKING pc=0x000002318916ec41 sp=0x000000358b7feaa0
Event: 27.648 Thread 0x000002319d733330 DEOPT UNPACKING pc=0x000002319041ace3 sp=0x000000358b7fdf90 mode 1
Event: 27.648 Thread 0x000002319d733330 DEOPT PACKING pc=0x000002318916b874 sp=0x000000358b7feb30
Event: 27.648 Thread 0x000002319d733330 DEOPT UNPACKING pc=0x000002319041ace3 sp=0x000000358b7fdfd8 mode 1
Event: 27.689 Thread 0x000002319d733330 DEOPT PACKING pc=0x000002318916ec41 sp=0x000000358b7fea10
Event: 27.689 Thread 0x000002319d733330 DEOPT UNPACKING pc=0x000002319041ace3 sp=0x000000358b7fdf00 mode 1
Event: 27.690 Thread 0x000002319d733330 DEOPT PACKING pc=0x000002318916b874 sp=0x000000358b7feaa0
Event: 27.690 Thread 0x000002319d733330 DEOPT UNPACKING pc=0x000002319041ace3 sp=0x000000358b7fdf48 mode 1
Event: 27.690 Thread 0x000002319d733330 DEOPT PACKING pc=0x000002318916ec41 sp=0x000000358b7feaa0
Event: 27.690 Thread 0x000002319d733330 DEOPT UNPACKING pc=0x000002319041ace3 sp=0x000000358b7fdf90 mode 1
Event: 27.690 Thread 0x000002319d733330 DEOPT PACKING pc=0x000002318916b874 sp=0x000000358b7feb30
Event: 27.690 Thread 0x000002319d733330 DEOPT UNPACKING pc=0x000002319041ace3 sp=0x000000358b7fdfd8 mode 1
Event: 27.772 Thread 0x00000231e3539880 Uncommon trap: trap_request=0xffffff45 fr.pc=0x0000023190a12770 relative=0x00000000000000f0
Event: 27.772 Thread 0x00000231e3539880 Uncommon trap: reason=unstable_if action=reinterpret pc=0x0000023190a12770 method=com.jogamp.common.util.IntIntHashMap.put(II)I @ 21 c2
Event: 27.772 Thread 0x00000231e3539880 DEOPT PACKING pc=0x0000023190a12770 sp=0x000000358a8fedf0
Event: 27.772 Thread 0x00000231e3539880 DEOPT UNPACKING pc=0x000002319041a1a3 sp=0x000000358a8fed58 mode 2

Classes loaded (20 events):
Event: 2.997 Loading class java/util/concurrent/Callable done
Event: 2.997 Loading class java/util/concurrent/Executors$RunnableAdapter done
Event: 2.997 Loading class java/util/concurrent/ThreadPoolExecutor$Worker
Event: 2.997 Loading class java/util/concurrent/ThreadPoolExecutor$Worker done
Event: 2.999 Loading class java/util/concurrent/locks/AbstractQueuedSynchronizer$SharedNode
Event: 2.999 Loading class java/util/concurrent/locks/AbstractQueuedSynchronizer$SharedNode done
Event: 3.124 Loading class sun/nio/cs/StreamDecoder
Event: 3.125 Loading class sun/nio/cs/StreamDecoder done
Event: 3.126 Loading class java/util/regex/Pattern$LookBehindEndNode
Event: 3.126 Loading class java/util/regex/Pattern$LookBehindEndNode done
Event: 3.126 Loading class java/util/regex/Pattern$NotBehind
Event: 3.126 Loading class java/util/regex/Pattern$NotBehind done
Event: 3.127 Loading class java/util/regex/Pattern$Neg
Event: 3.127 Loading class java/util/regex/Pattern$Neg done
Event: 3.127 Loading class java/util/regex/Pattern$Pos
Event: 3.127 Loading class java/util/regex/Pattern$Pos done
Event: 3.135 Loading class java/util/regex/Pattern$SliceS
Event: 3.135 Loading class java/util/regex/Pattern$SliceS done
Event: 27.728 Loading class java/nio/channels/ClosedChannelException
Event: 27.728 Loading class java/nio/channels/ClosedChannelException done

Classes unloaded (0 events):
No events

Classes redefined (0 events):
No events

Internal exceptions (20 events):
Event: 0.258 Thread 0x00000231ffe5ad30 Exception <a 'java/lang/NoSuchMethodError'{0x00000000c3ce7b88}: 'void java.lang.invoke.DirectMethodHandle$Holder.invokeStatic(java.lang.Object, java.lang.Object, java.lang.Object)'> (0x00000000c3ce7b88) 
thrown [s\src\hotspot\share\interpreter\linkResolver.cpp, line 759]
Event: 0.273 Thread 0x00000231ffe5ad30 Exception <a 'java/lang/ClassNotFoundException'{0x00000000c3b106d8}: sun/awt/resources/spi/awtProvider> (0x00000000c3b106d8) 
thrown [s\src\hotspot\share\classfile\systemDictionary.cpp, line 256]
Event: 0.312 Thread 0x00000231ffe5ad30 Exception <a 'java/io/FileNotFoundException'{0x00000000c3b66018}> (0x00000000c3b66018) 
thrown [s\src\hotspot\share\prims\jni.cpp, line 516]
Event: 0.321 Thread 0x00000231ffe5ad30 Exception <a 'java/io/FileNotFoundException'{0x00000000c3b93748}> (0x00000000c3b93748) 
thrown [s\src\hotspot\share\prims\jni.cpp, line 516]
Event: 0.389 Thread 0x00000231ffe5ad30 Exception <a 'java/lang/NoSuchMethodError'{0x00000000c3a40820}: 'java.lang.Object java.lang.invoke.DirectMethodHandle$Holder.invokeStaticInit(java.lang.Object)'> (0x00000000c3a40820) 
thrown [s\src\hotspot\share\interpreter\linkResolver.cpp, line 759]
Event: 0.596 Thread 0x00000231ffe5ad30 Exception <a 'java/lang/NoSuchMethodError'{0x00000000c364def0}: 'java.lang.Object java.lang.invoke.DirectMethodHandle$Holder.invokeStaticInit(java.lang.Object, int, int, int, int)'> (0x00000000c364def0) 
thrown [s\src\hotspot\share\interpreter\linkResolver.cpp, line 759]
Event: 0.657 Thread 0x00000231ffe5ad30 Exception <a 'java/lang/NoSuchMethodError'{0x00000000c3535db0}: 'java.lang.Object java.lang.invoke.DirectMethodHandle$Holder.invokeStaticInit(java.lang.Object, java.lang.Object, int, int, int, int)'> (0x00000000c3535db0) 
thrown [s\src\hotspot\share\interpreter\linkResolver.cpp, line 759]
Event: 0.706 Thread 0x00000231ffe5ad30 Exception <a 'java/lang/NoSuchMethodError'{0x00000000c3541500}: 'void java.lang.invoke.DirectMethodHandle$Holder.invokeStatic(java.lang.Object, long)'> (0x00000000c3541500) 
thrown [s\src\hotspot\share\interpreter\linkResolver.cpp, line 759]
Event: 0.708 Thread 0x00000231ffe5ad30 Exception <a 'java/lang/NoSuchMethodError'{0x00000000c3546ae0}: 'java.lang.Object java.lang.invoke.DirectMethodHandle$Holder.newInvokeSpecial(java.lang.Object, long)'> (0x00000000c3546ae0) 
thrown [s\src\hotspot\share\interpreter\linkResolver.cpp, line 759]
Event: 0.710 Thread 0x00000231ffe5ad30 Exception <a 'java/lang/NoSuchMethodError'{0x00000000c35512f8}: 'java.lang.Object java.lang.invoke.DirectMethodHandle$Holder.invokeStaticInit(java.lang.Object, java.lang.Object, long, java.lang.Object)'> (0x00000000c35512f8) 
thrown [s\src\hotspot\share\interpreter\linkResolver.cpp, line 759]
Event: 0.711 Thread 0x00000231ffe5ad30 Exception <a 'java/lang/NoSuchMethodError'{0x00000000c35578b8}: 'java.lang.Object java.lang.invoke.DirectMethodHandle$Holder.newInvokeSpecial(java.lang.Object, java.lang.Object, long)'> (0x00000000c35578b8) 
thrown [s\src\hotspot\share\interpreter\linkResolver.cpp, line 759]
Event: 0.712 Thread 0x00000231ffe5ad30 Exception <a 'java/lang/NoSuchMethodError'{0x00000000c355b428}: 'java.lang.Object java.lang.invoke.Invokers$Holder.linkToTargetMethod(java.lang.Object, long, java.lang.Object)'> (0x00000000c355b428) 
thrown [s\src\hotspot\share\interpreter\linkResolver.cpp, line 759]
Event: 0.917 Thread 0x00000231ffe5ad30 Exception <a 'java/lang/NoSuchMethodError'{0x00000000c34cc130}: 'java.lang.Object java.lang.invoke.DirectMethodHandle$Holder.invokeInterface(java.lang.Object, java.lang.Object)'> (0x00000000c34cc130) 
thrown [s\src\hotspot\share\interpreter\linkResolver.cpp, line 759]
Event: 0.918 Thread 0x00000231ffe5ad30 Exception <a 'java/lang/IncompatibleClassChangeError'{0x00000000c34cfa50}: Found class java.lang.Object, but interface was expected> (0x00000000c34cfa50) 
thrown [s\src\hotspot\share\interpreter\linkResolver.cpp, line 826]
Event: 2.793 Thread 0x00000231ffe5ad30 Exception <a 'java/lang/NoSuchMethodError'{0x00000000c33f27c8}: 'void java.lang.invoke.DirectMethodHandle$Holder.invokeSpecial(java.lang.Object, java.lang.Object, java.lang.Object, java.lang.Object, java.lang.Object)'> (0x00000000c33f27c8) 
thrown [s\src\hotspot\share\interpreter\linkResolver.cpp, line 759]
Event: 2.795 Thread 0x00000231ffe5ad30 Exception <a 'java/lang/NoSuchMethodError'{0x00000000c33fb788}: 'void java.lang.invoke.DirectMethodHandle$Holder.invokeSpecial(java.lang.Object, java.lang.Object, java.lang.Object)'> (0x00000000c33fb788) 
thrown [s\src\hotspot\share\interpreter\linkResolver.cpp, line 759]
Event: 2.796 Thread 0x00000231ffe5ad30 Exception <a 'java/lang/NoSuchMethodError'{0x00000000c3201d50}: 'void java.lang.invoke.DirectMethodHandle$Holder.invokeSpecial(java.lang.Object, java.lang.Object, int)'> (0x00000000c3201d50) 
thrown [s\src\hotspot\share\interpreter\linkResolver.cpp, line 759]
Event: 2.796 Thread 0x00000231ffe5ad30 Exception <a 'java/lang/NoSuchMethodError'{0x00000000c3207d68}: 'java.lang.Object java.lang.invoke.DirectMethodHandle$Holder.newInvokeSpecial(java.lang.Object, java.lang.Object, int)'> (0x00000000c3207d68) 
thrown [s\src\hotspot\share\interpreter\linkResolver.cpp, line 759]
Event: 27.727 Thread 0x00000231e45bf170 Exception <a 'java/lang/InterruptedException'{0x00000000c6b1b0f0}> (0x00000000c6b1b0f0) 
thrown [s\src\hotspot\share\runtime\objectMonitor.cpp, line 1658]
Event: 27.772 Thread 0x00000231e3539880 Implicit null exception at 0x0000023190a126c4 to 0x0000023190a1274c

VM Operations (20 events):
Event: 17.497 Executing VM operation: G1CollectForAllocation done
Event: 18.720 Executing VM operation: G1CollectForAllocation
Event: 18.721 Executing VM operation: G1CollectForAllocation done
Event: 19.945 Executing VM operation: G1CollectForAllocation
Event: 19.946 Executing VM operation: G1CollectForAllocation done
Event: 21.192 Executing VM operation: G1CollectForAllocation
Event: 21.193 Executing VM operation: G1CollectForAllocation done
Event: 22.407 Executing VM operation: G1CollectForAllocation
Event: 22.408 Executing VM operation: G1CollectForAllocation done
Event: 23.612 Executing VM operation: G1CollectForAllocation
Event: 23.614 Executing VM operation: G1CollectForAllocation done
Event: 24.799 Executing VM operation: G1CollectForAllocation
Event: 24.800 Executing VM operation: G1CollectForAllocation done
Event: 25.800 Executing VM operation: Cleanup
Event: 25.800 Executing VM operation: Cleanup done
Event: 25.928 Executing VM operation: G1CollectForAllocation
Event: 25.929 Executing VM operation: G1CollectForAllocation done
Event: 27.201 Executing VM operation: G1CollectForAllocation
Event: 27.202 Executing VM operation: G1CollectForAllocation done
Event: 27.830 Executing VM operation: Exit

Memory protections (0 events):
No events

Nmethod flushes (0 events):
No events

Events (20 events):
Event: 3.572 Thread 0x000002319d580420 Thread exited: 0x000002319d580420
Event: 9.720 Thread 0x00000231e30b3d80 Thread added: 0x00000231f68058b0
Event: 10.727 Thread 0x00000231f68058b0 Thread exited: 0x00000231f68058b0
Event: 21.009 Thread 0x00000231e30b3d80 Thread added: 0x00000231f6807200
Event: 22.016 Thread 0x00000231f6807200 Thread exited: 0x00000231f6807200
Event: 27.727 Thread 0x000002319d733330 Thread added: 0x00000231f68058b0
Event: 27.727 Thread 0x00000231e45bf170 Thread exited: 0x00000231e45bf170
Event: 27.727 Thread 0x000002319d733330 Thread added: 0x00000231f6807200
Event: 27.727 Thread 0x000002319d733330 Thread added: 0x00000231f6803a50
Event: 27.728 Thread 0x00000231e30b3d80 Thread added: 0x00000231f6807710
Event: 27.728 Thread 0x00000231e45b1cc0 Thread exited: 0x00000231e45b1cc0
Event: 27.728 Thread 0x00000231f6803a50 Thread exited: 0x00000231f6803a50
Event: 27.729 Thread 0x00000231e30b3d80 Thread exited: 0x00000231e30b3d80
Event: 27.773 Thread 0x00000231e3539880 Thread exited: 0x00000231e3539880
Event: 27.781 Thread 0x00000231f68058b0 Thread exited: 0x00000231f68058b0
Event: 27.829 Thread 0x00000231f6807200 Thread exited: 0x00000231f6807200
Event: 27.829 Thread 0x000002319d733330 Before exit entered
Event: 27.830 Thread 0x000002319d4c9b80 Thread exited: 0x000002319d4c9b80
Event: 27.830 Thread 0x000002319d4ca270 Thread exited: 0x000002319d4ca270
Event: 27.830 Thread 0x000002319d1fd5e0 Thread exited: 0x000002319d1fd5e0


Dynamic libraries:
0x00007ff7c9930000 - 0x00007ff7c993e000 	C:\Program Files\Processing\app\resources\jdk-17.0.14+7\bin\java.exe
0x00007ffbfaf00000 - 0x00007ffbfb166000 	C:\WINDOWS\SYSTEM32\ntdll.dll
0x00007ffbf8fd0000 - 0x00007ffbf9099000 	C:\WINDOWS\System32\KERNEL32.DLL
0x00007ffbf87b0000 - 0x00007ffbf8baa000 	C:\WINDOWS\System32\KERNELBASE.dll
0x00007ffbf8190000 - 0x00007ffbf82dc000 	C:\WINDOWS\System32\ucrtbase.dll
0x00007ffbe79d0000 - 0x00007ffbe79e7000 	C:\Program Files\Processing\app\resources\jdk-17.0.14+7\bin\jli.dll
0x00007ffbe79f0000 - 0x00007ffbe7a0e000 	C:\Program Files\Processing\app\resources\jdk-17.0.14+7\bin\VCRUNTIME140.dll
0x00007ffbfa250000 - 0x00007ffbfa417000 	C:\WINDOWS\System32\USER32.dll
0x00007ffbf8370000 - 0x00007ffbf8397000 	C:\WINDOWS\System32\win32u.dll
0x00007ffbdf5a0000 - 0x00007ffbdf832000 	C:\WINDOWS\WinSxS\amd64_microsoft.windows.common-controls_6595b64144ccf1df_6.0.26100.8521_none_3e08b75ce33403b3\COMCTL32.dll
0x00007ffbf8d50000 - 0x00007ffbf8d7b000 	C:\WINDOWS\System32\GDI32.dll
0x00007ffbf85d0000 - 0x00007ffbf86fb000 	C:\WINDOWS\System32\gdi32full.dll
0x00007ffbf91e0000 - 0x00007ffbf9289000 	C:\WINDOWS\System32\msvcrt.dll
0x00007ffbf8700000 - 0x00007ffbf87a3000 	C:\WINDOWS\System32\msvcp_win.dll
0x00007ffbf9c80000 - 0x00007ffbf9cb2000 	C:\WINDOWS\System32\IMM32.DLL
0x00007ffbf17d0000 - 0x00007ffbf17dc000 	C:\Program Files\Processing\app\resources\jdk-17.0.14+7\bin\vcruntime140_1.dll
0x00007ffbd0320000 - 0x00007ffbd03ad000 	C:\Program Files\Processing\app\resources\jdk-17.0.14+7\bin\msvcp140.dll
0x00007ffb62ef0000 - 0x00007ffb63b5b000 	C:\Program Files\Processing\app\resources\jdk-17.0.14+7\bin\server\jvm.dll
0x00007ffbf9d90000 - 0x00007ffbf9e46000 	C:\WINDOWS\System32\ADVAPI32.dll
0x00007ffbfa190000 - 0x00007ffbfa23a000 	C:\WINDOWS\System32\sechost.dll
0x00007ffbf9e50000 - 0x00007ffbf9f68000 	C:\WINDOWS\System32\RPCRT4.dll
0x00007ffbf90d0000 - 0x00007ffbf9150000 	C:\WINDOWS\System32\WS2_32.dll
0x00007ffbf8010000 - 0x00007ffbf806e000 	C:\WINDOWS\SYSTEM32\POWRPROF.dll
0x00007ffbdb520000 - 0x00007ffbdb556000 	C:\WINDOWS\SYSTEM32\WINMM.dll
0x00007ffbeda10000 - 0x00007ffbeda1b000 	C:\WINDOWS\SYSTEM32\VERSION.dll
0x00007ffbf7ff0000 - 0x00007ffbf8004000 	C:\WINDOWS\SYSTEM32\UMPDC.dll
0x00007ffbf6f00000 - 0x00007ffbf6f1b000 	C:\WINDOWS\SYSTEM32\kernel.appcore.dll
0x00007ffbe7c60000 - 0x00007ffbe7c6a000 	C:\Program Files\Processing\app\resources\jdk-17.0.14+7\bin\jimage.dll
0x00007ffbf2350000 - 0x00007ffbf2592000 	C:\WINDOWS\SYSTEM32\DBGHELP.DLL
0x00007ffbfa590000 - 0x00007ffbfa913000 	C:\WINDOWS\System32\combase.dll
0x00007ffbf9390000 - 0x00007ffbf9469000 	C:\WINDOWS\System32\OLEAUT32.dll
0x00007ffbf1a70000 - 0x00007ffbf1aab000 	C:\WINDOWS\SYSTEM32\dbgcore.DLL
0x00007ffbf83a0000 - 0x00007ffbf8448000 	C:\WINDOWS\System32\bcryptPrimitives.dll
0x00007ffbd4850000 - 0x00007ffbd488b000 	C:\Program Files\Processing\app\resources\jdk-17.0.14+7\bin\jdwp.dll
0x00007ffbe6d10000 - 0x00007ffbe6d35000 	C:\Program Files\Processing\app\resources\jdk-17.0.14+7\bin\java.dll
0x00007ffbcff60000 - 0x00007ffbd0037000 	C:\Program Files\Processing\app\resources\jdk-17.0.14+7\bin\jsvml.dll
0x00007ffbf94f0000 - 0x00007ffbf9c74000 	C:\WINDOWS\System32\SHELL32.dll
0x00007ffbf5d20000 - 0x00007ffbf65a0000 	C:\WINDOWS\SYSTEM32\windows.storage.dll
0x00007ffbfa920000 - 0x00007ffbfaa16000 	C:\WINDOWS\System32\SHCORE.dll
0x00007ffbf8d80000 - 0x00007ffbf8de7000 	C:\WINDOWS\System32\shlwapi.dll
0x00007ffbf80b0000 - 0x00007ffbf80d9000 	C:\WINDOWS\SYSTEM32\profapi.dll
0x00007ffbdfbd0000 - 0x00007ffbdfbdc000 	C:\Program Files\Processing\app\resources\jdk-17.0.14+7\bin\dt_socket.dll
0x00007ffbf68d0000 - 0x00007ffbf6903000 	C:\WINDOWS\SYSTEM32\IPHLPAPI.DLL
0x00007ffbf7490000 - 0x00007ffbf74fc000 	C:\WINDOWS\system32\mswsock.dll
0x00007ffbdfbb0000 - 0x00007ffbdfbc9000 	C:\Program Files\Processing\app\resources\jdk-17.0.14+7\bin\net.dll
0x00007ffbef7a0000 - 0x00007ffbef8c9000 	C:\WINDOWS\SYSTEM32\WINHTTP.dll
0x00007ffbdf9d0000 - 0x00007ffbdf9e6000 	C:\Program Files\Processing\app\resources\jdk-17.0.14+7\bin\nio.dll
0x00007ffbd0300000 - 0x00007ffbd0318000 	C:\Program Files\Processing\app\resources\jdk-17.0.14+7\bin\zip.dll
0x00007ffbcfdd0000 - 0x00007ffbcff60000 	C:\Program Files\Processing\app\resources\jdk-17.0.14+7\bin\awt.dll
0x00007ffbf4ba0000 - 0x00007ffbf4c40000 	C:\WINDOWS\SYSTEM32\apphelp.dll
0x00007ffbf5390000 - 0x00007ffbf543a000 	C:\WINDOWS\system32\uxtheme.dll
0x00007ffbfa430000 - 0x00007ffbfa58d000 	C:\WINDOWS\System32\MSCTF.dll
0x00007ffbf9f70000 - 0x00007ffbfa108000 	C:\WINDOWS\System32\ole32.dll
0x00007ffbf5640000 - 0x00007ffbf566f000 	C:\WINDOWS\system32\DWMAPI.DLL
0x00007ffbb6240000 - 0x00007ffbb634c000 	C:\WINDOWS\system32\opengl32.dll
0x00007ffbb94b0000 - 0x00007ffbb94dd000 	C:\WINDOWS\SYSTEM32\GLU32.dll
0x00007ffbf5490000 - 0x00007ffbf54d4000 	C:\WINDOWS\SYSTEM32\dxcore.dll
0x00007ffbf7770000 - 0x00007ffbf778b000 	C:\WINDOWS\SYSTEM32\CRYPTSP.dll
0x00007ffbf6e60000 - 0x00007ffbf6e99000 	C:\WINDOWS\system32\rsaenh.dll
0x00007ffbf7540000 - 0x00007ffbf7573000 	C:\WINDOWS\SYSTEM32\USERENV.dll
0x00007ffbf8080000 - 0x00007ffbf80aa000 	C:\WINDOWS\SYSTEM32\bcrypt.dll
0x00007ffbf7790000 - 0x00007ffbf779c000 	C:\WINDOWS\SYSTEM32\CRYPTBASE.dll
0x00007ffbfaa20000 - 0x00007ffbfaa2a000 	C:\WINDOWS\System32\NSI.dll
0x00007ffbef9e0000 - 0x00007ffbef9fd000 	C:\WINDOWS\SYSTEM32\dhcpcsvc6.DLL
0x00007ffbef9b0000 - 0x00007ffbef9d5000 	C:\WINDOWS\SYSTEM32\dhcpcsvc.DLL
0x00007ffbf6960000 - 0x00007ffbf6aaa000 	C:\WINDOWS\SYSTEM32\DNSAPI.dll
0x00007ffbf72b0000 - 0x00007ffbf72bd000 	C:\WINDOWS\SYSTEM32\DSPARSE.dll
0x00007ffbd02e0000 - 0x00007ffbd02f3000 	C:\Users\danil\AppData\Local\Temp\jogamp_0000\file_cache\jln2268305982874653586\jln14417399564197758681\natives\windows-amd64\gluegen_rt.dll
0x00007ffbdf9c0000 - 0x00007ffbdf9c7000 	C:\Program Files\Processing\app\resources\jdk-17.0.14+7\bin\jawt.dll
0x00007ffbcfdc0000 - 0x00007ffbcfdcd000 	C:\Users\danil\AppData\Local\Temp\jogamp_0000\file_cache\jln2268305982874653586\jln14417399564197758681\natives\windows-amd64\nativewindow_awt.dll
0x00007ffbcfda0000 - 0x00007ffbcfdb5000 	C:\Users\danil\AppData\Local\Temp\jogamp_0000\file_cache\jln2268305982874653586\jln14417399564197758681\natives\windows-amd64\nativewindow_win32.dll
0x00007ffbcfd10000 - 0x00007ffbcfd93000 	C:\Users\danil\AppData\Local\Temp\jogamp_0000\file_cache\jln2268305982874653586\jln14417399564197758681\natives\windows-amd64\jogl_desktop.dll
0x00007ffbcfcb0000 - 0x00007ffbcfd02000 	C:\Users\danil\AppData\Local\Temp\jogamp_0000\file_cache\jln2268305982874653586\jln14417399564197758681\natives\windows-amd64\jogl_mobile.dll
0x00007ffbf1730000 - 0x00007ffbf178f000 	C:\WINDOWS\SYSTEM32\directxdatabasehelper.dll
0x00007ffbf20d0000 - 0x00007ffbf20ed000 	C:\WINDOWS\SYSTEM32\windows.staterepositorycore.dll
0x00007ffb61f10000 - 0x00007ffb62ee3000 	C:\WINDOWS\System32\DriverStore\FileRepository\iigd_dch.inf_amd64_225f37aa3862fc3f\igxelpicd64.dll
0x00007ffbf54e0000 - 0x00007ffbf561a000 	C:\WINDOWS\system32\dxgi.dll
0x00007ffb61a80000 - 0x00007ffb61f07000 	C:\WINDOWS\System32\DriverStore\FileRepository\iigd_dch.inf_amd64_225f37aa3862fc3f\igdml64.dll
0x00007ffbf7d00000 - 0x00007ffbf7d51000 	C:\WINDOWS\SYSTEM32\cfgmgr32.dll
0x00007ffbedb30000 - 0x00007ffbedef1000 	C:\WINDOWS\System32\DriverStore\FileRepository\iigd_dch.inf_amd64_225f37aa3862fc3f\igdgmm64.dll
0x00007ffbea800000 - 0x00007ffbeda06000 	C:\WINDOWS\System32\DriverStore\FileRepository\iigd_dch.inf_amd64_225f37aa3862fc3f\igc64.dll
0x00007ffbcfc90000 - 0x00007ffbcfca9000 	C:\Users\danil\AppData\Local\Temp\jogamp_0000\file_cache\jln2268305982874653586\jln14417399564197758681\natives\windows-amd64\newt_head.dll
0x00007ffbe9ce0000 - 0x00007ffbe9d9f000 	C:\WINDOWS\SYSTEM32\mscms.dll
0x00007ffbb33b0000 - 0x00007ffbb33f9000 	C:\WINDOWS\SYSTEM32\icm32.dll
0x00007ffbfaa30000 - 0x00007ffbfaeb7000 	C:\WINDOWS\System32\setupapi.dll
0x00007ffbf7cd0000 - 0x00007ffbf7cfd000 	C:\WINDOWS\SYSTEM32\DEVOBJ.dll
0x00007ffbf82e0000 - 0x00007ffbf8363000 	C:\WINDOWS\System32\WINTRUST.dll
0x00007ffbf8450000 - 0x00007ffbf85c8000 	C:\WINDOWS\System32\CRYPT32.dll
0x00007ffbf78a0000 - 0x00007ffbf78b3000 	C:\WINDOWS\SYSTEM32\MSASN1.dll
0x00007ffbe01e0000 - 0x00007ffbe0328000 	C:\WINDOWS\SYSTEM32\textinputframework.dll
0x00007ffbf4780000 - 0x00007ffbf48a5000 	C:\WINDOWS\SYSTEM32\CoreMessaging.dll
0x00007ffbf0660000 - 0x00007ffbf0944000 	C:\WINDOWS\SYSTEM32\CoreUIComponents.dll
0x00007ffbf04f0000 - 0x00007ffbf065a000 	C:\WINDOWS\SYSTEM32\wintypes.dll

dbghelp: loaded successfully - version: 4.0.5 - missing functions: none
symbol engine: initialized successfully - sym options: 0x614 - pdb path: .;C:\Program Files\Processing\app\resources\jdk-17.0.14+7\bin;C:\WINDOWS\SYSTEM32;C:\WINDOWS\WinSxS\amd64_microsoft.windows.common-controls_6595b64144ccf1df_6.0.26100.8521_none_3e08b75ce33403b3;C:\Program Files\Processing\app\resources\jdk-17.0.14+7\bin\server;C:\Users\danil\AppData\Local\Temp\jogamp_0000\file_cache\jln2268305982874653586\jln14417399564197758681\natives\windows-amd64;C:\WINDOWS\System32\DriverStore\FileRepository\iigd_dch.inf_amd64_225f37aa3862fc3f

VM Arguments:
jvm_args: -agentlib:jdwp=transport=dt_socket,address=8596,server=y,suspend=y,quiet=y -Xms64m -Xmx1024m -Djna.nosys=true -Djava.library.path=;C:\Program Files\Processing\app\resources\core\library;C:\Program Files\Processing;C:\WINDOWS\system32;C:\WINDOWS;C:\Program Files\PlasticSCM5\server;C:\Program Files\PlasticSCM5\client;C:\Program Files\Common Files\Oracle\Java\javapath;C:\Program Files (x86)\Common Files\Oracle\Java\javapath;C:\Windows\System32\HWAudioDriverLibs;C:\Windows\system32;C:\Windows;C:\Windows\System32\Wbem;C:\Windows\System32\WindowsPowerShell\v1.0;C:\Windows\System32\OpenSSH;C:\Program Files\Microsoft SQL Server\150\Tools\Binn;C:\Program Files\Microsoft SQL Server\Client SDK\ODBC\170\Tools\Binn;C:\Program Files\dotnet;D:\Windows Kits\10\Windows Performance Toolkit;C:\Program Files\Java\jdk-23\bin;C:\WINDOWS\system32;C:\WINDOWS;C:\WINDOWS\System32\Wbem;C:\WINDOWS\System32\WindowsPowerShell\v1.0;C:\WINDOWS\System32\OpenSSH;C:\Program Files\nodejs;C:\Program Files\Docker\Docker\resources\bin;C:\Program Files\TortoiseGit\bin;C:\Program Files\Git\cmd;C:\Users\danil\Desktop\ffmpeg-8.1.2-essentials_build\ffmpeg-8.1.2-essentials_build\bin;C:\Users\danil\AppData\Local\Programs\Python\Python312\Scripts;C:\Users\danil\AppData\Local\Programs\Python\Python312;C:\Users\danil\AppData\Local\Microsoft\WindowsApps;C:\Users\danil\AppData\Local\Programs\Microsoft VS Code\bin;C:\Users\danil\AppData\Roaming\npm;D:\DataBase\18\bin;C:\Program Files\Processing\app;. -ea 
java_command: processing.core.PApplet --editor-location=-8,-8 --external --display=1 --sketch-path=C:\Users\danil\Desktop\Gravity_simul Gravity_simul
java_class_path (initial): C:\Users\danil\AppData\Local\Temp\processing\Gravity_simul4852827284901642111temp;C:\Program Files\Processing\app\resources\core\library\annotations-13.0.jar;C:\Program Files\Processing\app\resources\core\library\antlr-2.7.7.jar;C:\Program Files\Processing\app\resources\core\library\core-4.4.1.jar;C:\Program Files\Processing\app\resources\core\library\gluegen-rt-2.5.0-natives-android-aarch64.jar;C:\Program Files\Processing\app\resources\core\library\gluegen-rt-2.5.0-natives-linux-aarch64.jar;C:\Program Files\Processing\app\resources\core\library\gluegen-rt-2.5.0-natives-linux-amd64.jar;C:\Program Files\Processing\app\resources\core\library\gluegen-rt-2.5.0-natives-linux-armv6hf.jar;C:\Program Files\Processing\app\resources\core\library\gluegen-rt-2.5.0-natives-macosx-universal.jar;C:\Program Files\Processing\app\resources\core\library\gluegen-rt-2.5.0-natives-windows-amd64.jar;C:\Program Files\Processing\app\resources\core\library\gluegen-rt-2.5.0.jar;C:\Program Files\Processing\app\resources\core\library\gluegen-rt-main-2.5.0.jar;C:\Program Files\Processing\app\resources\core\library\jogl-all-2.5.0-natives-android-aarch64.jar;C:\Program Files\Processing\app\resources\core\library\jogl-all-2.5.0-natives-linux-aarch64.jar;C:\Program Files\Processing\app\resources\core\library\jogl-all-2.5.0-natives-linux-amd64.jar;C:\Program Files\Processing\app\resources\core\library\jogl-all-2.5.0-natives-linux-armv6hf.jar;C:\Program Files\Processing\app\resources\core\library\jogl-all-2.5.0-natives-macosx-universal.jar;C:\Program Files\Processing\app\resources\core\library\jogl-all-2.5.0-natives-windows-amd64.jar;C:\Program Files\Processing\app\resources\core\library\jogl-all-2.5.0.jar;C:\Program Files\Processing\app\resources\core\library\jogl-all-main-2.5.0.jar;C:\Program Files\Processing\app\resources\core\library\kotlin-stdlib-2.0.20.jar
Launcher Type: SUN_STANDARD

[Global flags]
     intx CICompilerCount                          = 4                                         {product} {ergonomic}
     uint ConcGCThreads                            = 2                                         {product} {ergonomic}
     uint G1ConcRefinementThreads                  = 8                                         {product} {ergonomic}
   size_t G1HeapRegionSize                         = 1048576                                   {product} {ergonomic}
    uintx GCDrainStackTargetSize                   = 64                                        {product} {ergonomic}
   size_t InitialHeapSize                          = 67108864                                  {product} {command line}
   size_t MarkStackSize                            = 4194304                                   {product} {ergonomic}
   size_t MaxHeapSize                              = 1073741824                                {product} {command line}
   size_t MaxNewSize                               = 643825664                                 {product} {ergonomic}
   size_t MinHeapDeltaBytes                        = 1048576                                   {product} {ergonomic}
   size_t MinHeapSize                              = 67108864                                  {product} {command line}
    uintx NonNMethodCodeHeapSize                   = 5839372                                {pd product} {ergonomic}
    uintx NonProfiledCodeHeapSize                  = 122909434                              {pd product} {ergonomic}
    uintx ProfiledCodeHeapSize                     = 122909434                              {pd product} {ergonomic}
    uintx ReservedCodeCacheSize                    = 251658240                              {pd product} {ergonomic}
     bool SegmentedCodeCache                       = true                                      {product} {ergonomic}
   size_t SoftMaxHeapSize                          = 1073741824                             {manageable} {ergonomic}
     bool UseCompressedClassPointers               = true                           {product lp64_product} {ergonomic}
     bool UseCompressedOops                        = true                           {product lp64_product} {ergonomic}
     bool UseG1GC                                  = true                                      {product} {ergonomic}
     bool UseLargePagesIndividualAllocation        = false                                  {pd product} {ergonomic}

Logging:
Log output configuration:
 #0: stdout all=off uptime,level,tags
 #1: stderr all=off uptime,level,tags

Environment Variables:
JAVA_HOME=C:\Program Files\Java\jdk-23
PATH=C:\Program Files\PlasticSCM5\server;C:\Program Files\PlasticSCM5\client;C:\Program Files\Common Files\Oracle\Java\javapath;C:\Program Files (x86)\Common Files\Oracle\Java\javapath;C:\Windows\System32\HWAudioDriverLibs;C:\Windows\system32;C:\Windows;C:\Windows\System32\Wbem;C:\Windows\System32\WindowsPowerShell\v1.0\;C:\Windows\System32\OpenSSH\;C:\Users\Administrator\AppData\Local\Microsoft\WindowsApps;C:\Program Files\Microsoft SQL Server\150\Tools\Binn\;C:\Program Files\Microsoft SQL Server\Client SDK\ODBC\170\Tools\Binn\;C:\Program Files\dotnet\;D:\Windows Kits\10\Windows Performance Toolkit\;C:\Program Files\Java\jdk-23\bin;C:\WINDOWS\system32;C:\WINDOWS;C:\WINDOWS\System32\Wbem;C:\WINDOWS\System32\WindowsPowerShell\v1.0\;C:\WINDOWS\System32\OpenSSH\;C:\Program Files\nodejs\;C:\Program Files\Docker\Docker\resources\bin;C:\Program Files\TortoiseGit\bin;C:\Program Files\Git\cmd;C:\Users\danil\Desktop\ffmpeg-8.1.2-essentials_build\ffmpeg-8.1.2-essentials_build\bin;C:\Users\danil\AppData\Local\Programs\Python\Python312\Scripts\;C:\Users\danil\AppData\Local\Programs\Python\Python312\;C:\Users\danil\AppData\Local\Microsoft\WindowsApps;C:\Users\danil\.dotnet\tools;C:\Users\danil\AppData\Local\Programs\Microsoft VS Code\bin;C:\Users\danil\AppData\Roaming\npm;D:\DataBase\18\bin;C:\Program Files\Processing\app
USERNAME=danil
OS=Windows_NT
PROCESSOR_IDENTIFIER=Intel64 Family 6 Model 140 Stepping 2, GenuineIntel
TMP=C:\Users\danil\AppData\Local\Temp
TEMP=C:\Users\danil\AppData\Local\Temp



Periodic native trim disabled


---------------  S Y S T E M  ---------------

OS:
 Windows 11 , 64 bit Build 26100 (10.0.26100.8521)
OS uptime: 0 days 0:03 hours
Hyper-V role detected

CPU: total 8 (initial active 8) (4 cores per cpu, 2 threads per core) family 6 model 140 stepping 2 microcode 0x16, cx8, cmov, fxsr, ht, mmx, 3dnowpref, sse, sse2, sse3, ssse3, sse4.1, sse4.2, popcnt, lzcnt, tsc, tscinvbit, avx, avx2, aes, erms, clmul, bmi1, bmi2, adx, avx512f, avx512dq, avx512cd, avx512bw, avx512vl, sha, fma, vzeroupper, avx512_vpopcntdq, avx512_vpclmulqdq, avx512_vaes, avx512_vnni, clflush, clflushopt, clwb, avx512_vbmi2, avx512_vbmi, hv
Processor Information for processor 0
  Max Mhz: 2496, Current Mhz: 2496, Mhz Limit: 2496
Processor Information for processor 1
  Max Mhz: 2496, Current Mhz: 2496, Mhz Limit: 2496
Processor Information for processor 2
  Max Mhz: 2496, Current Mhz: 998, Mhz Limit: 2496
Processor Information for processor 3
  Max Mhz: 2496, Current Mhz: 998, Mhz Limit: 2496
Processor Information for processor 4
  Max Mhz: 2496, Current Mhz: 998, Mhz Limit: 2496
Processor Information for processor 5
  Max Mhz: 2496, Current Mhz: 998, Mhz Limit: 2496
Processor Information for processor 6
  Max Mhz: 2496, Current Mhz: 998, Mhz Limit: 2496
Processor Information for processor 7
  Max Mhz: 2496, Current Mhz: 2496, Mhz Limit: 2496

Memory: 4k page, system-wide physical 7975M (983M free)
TotalPageFile size 17703M (AvailPageFile size 10290M)
current process WorkingSet (physical memory assigned to process): 505M, peak: 514M
current process commit charge ("private bytes"): 469M, peak: 483M

vm_info: OpenJDK 64-Bit Server VM (17.0.14+7) for windows-amd64 JRE (17.0.14+7), built on Jan 21 2025 23:40:15 by "admin" with MS VC++ 17.7 (VS2022)

END.
