#
# A fatal error has been detected by the Java Runtime Environment:
#
#  EXCEPTION_ACCESS_VIOLATION (0xc0000005) at pc=0x00007ff9b069b386, pid=16632, tid=5064
#
# JRE version: OpenJDK Runtime Environment Temurin-17.0.14+7 (17.0.14+7) (build 17.0.14+7)
# Java VM: OpenJDK 64-Bit Server VM Temurin-17.0.14+7 (17.0.14+7, mixed mode, sharing, tiered, compressed oops, compressed class ptrs, g1 gc, windows-amd64)
# Problematic frame:
# C  [igxelpicd64.dll+0x23b386]
#
# No core dump will be written. Minidumps are not enabled by default on client versions of Windows
#
# If you would like to submit a bug report, please visit:
#   https://github.com/adoptium/adoptium-support/issues
#

---------------  S U M M A R Y ------------

Command Line: -agentlib:jdwp=transport=dt_socket,address=8288,server=y,suspend=y,quiet=y -Xms64m -Xmx1024m -Djna.nosys=true -Djava.library.path=;C:\Program Files\Processing\app\resources\core\library;C:\Program Files\Processing;C:\WINDOWS\system32;C:\WINDOWS;C:\Program Files\PlasticSCM5\server;C:\Program Files\PlasticSCM5\client;C:\Program Files\Common Files\Oracle\Java\javapath;C:\Program Files (x86)\Common Files\Oracle\Java\javapath;C:\Windows\System32\HWAudioDriverLibs;C:\Windows\system32;C:\Windows;C:\Windows\System32\Wbem;C:\Windows\System32\WindowsPowerShell\v1.0;C:\Windows\System32\OpenSSH;C:\Program Files\Microsoft SQL Server\150\Tools\Binn;C:\Program Files\Microsoft SQL Server\Client SDK\ODBC\170\Tools\Binn;C:\Program Files\dotnet;D:\Windows Kits\10\Windows Performance Toolkit;C:\Program Files\Java\jdk-23\bin;C:\WINDOWS\system32;C:\WINDOWS;C:\WINDOWS\System32\Wbem;C:\WINDOWS\System32\WindowsPowerShell\v1.0;C:\WINDOWS\System32\OpenSSH;C:\Program Files\nodejs;C:\Program Files\Docker\Docker\resources\bin;C:\Program Files\TortoiseGit\bin;C:\Program Files\Git\cmd;C:\Users\danil\AppData\Local\Programs\Python\Python312\Scripts;C:\Users\danil\AppData\Local\Programs\Python\Python312;C:\Users\danil\AppData\Local\Microsoft\WindowsApps;C:\Users\danil\AppData\Local\Programs\Microsoft VS Code\bin;C:\Users\danil\AppData\Roaming\npm;D:\DataBase\18\bin;C:\Program Files\Processing\app;. -ea processing.core.PApplet --editor-location=-7,-7 --external --display=1 --sketch-path=C:\Users\danil\Desktop\Gravity_simul Gravity_simul

Host: 11th Gen Intel(R) Core(TM) i5-1155G7 @ 2.50GHz, 8 cores, 7G,  Windows 11 , 64 bit Build 26100 (10.0.26100.8328)
Time: Sat Jun 27 23:53:40 2026 RTZ 3 (s 11 , 64 bit Build 26100 (10.0.26100.8328) elapsed time: 57.067952 seconds (0d 0h 0m 57s)

---------------  T H R E A D  ---------------

Current thread (0x000001bd7e942100):  VMThread "VM Thread" [stack: 0x0000001b2ec00000,0x0000001b2ed00000] [id=5064]

Stack: [0x0000001b2ec00000,0x0000001b2ed00000],  sp=0x0000001b2ecfe060,  free space=1016k
Native frames: (J=compiled Java code, j=interpreted, Vv=VM code, C=native code)
C  [igxelpicd64.dll+0x23b386]


siginfo: EXCEPTION_ACCESS_VIOLATION (0xc0000005), reading address 0x0000000000035468


Registers:
RAX=0x000001bd56101120, RBX=0x000001bd7f6ae500, RCX=0x0000000000000004, RDX=0x0000000000000000
RSP=0x0000001b2ecfe060, RBP=0x0000000000000000, RSI=0x000001bd56100f20, RDI=0x000001bd7f1195a0
R8 =0x000001bd56101020, R9 =0x0000001b2e08d000, R10=0x0000000000000000, R11=0x0000000000000246
R12=0x000001bd56100f20, R13=0x0000000000000000, R14=0x000001bd56101468, R15=0x000001bd561014f0
RIP=0x00007ff9b069b386, EFLAGS=0x0000000000010202


Register to memory mapping:

RIP=0x00007ff9b069b386 igxelpicd64.dll
RAX=0x000001bd56101120 points into unknown readable memory: 0x0000000000049932 | 32 99 04 00 00 00 00 00
RBX=0x000001bd7f6ae500 points into unknown readable memory: 0xffffffffffffffff | ff ff ff ff ff ff ff ff
RCX=0x0000000000000004 is an unknown value
RDX=0x0 is NULL
RSP=0x0000001b2ecfe060 points into unknown readable memory: 0x000001bd7f6ae500 | 00 e5 6a 7f bd 01 00 00
RBP=0x0 is NULL
RSI=0x000001bd56100f20 points into unknown readable memory: 0x000001bd7f711cf0 | f0 1c 71 7f bd 01 00 00
RDI=0x000001bd7f1195a0 points into unknown readable memory: 0x09660d9305640d00 | 00 0d 64 05 93 0d 66 09
R8 =0x000001bd56101020 points into unknown readable memory: 0x0000000000000000 | 00 00 00 00 00 00 00 00
R9 =0x0000001b2e08d000 points into unknown readable memory: 0x0000000000000000 | 00 00 00 00 00 00 00 00
R10=0x0 is NULL
R11=0x0000000000000246 is an unknown value
R12=0x000001bd56100f20 points into unknown readable memory: 0x000001bd7f711cf0 | f0 1c 71 7f bd 01 00 00
R13=0x0 is NULL
R14=0x000001bd56101468 points into unknown readable memory: 0x000001bd561014f0 | f0 14 10 56 bd 01 00 00
R15=0x000001bd561014f0 points into unknown readable memory: 0x000001bd7f711cf0 | f0 1c 71 7f bd 01 00 00


Top of Stack: (sp=0x0000001b2ecfe060)
0x0000001b2ecfe060:   000001bd7f6ae500 0255429d03862e9d
0x0000001b2ecfe070:   0391939f00929d9d 0250f39f03309c9f
0x0000001b2ecfe080:   0000001603000000 0000000000000000
0x0000001b2ecfe090:   032b66a303b02aa3 0365e2a3036987a3
0x0000001b2ecfe0a0:   000001bd7f6ae500 031d81a403732ea4
0x0000001b2ecfe0b0:   032a3ea502743ca5 02de81a503725aa5
0x0000001b2ecfe0c0:   02db39a602a81ca6 0353bba603a49ca6
0x0000001b2ecfe0d0:   00b3e9a603a7cba6 039039a700a836a7
0x0000001b2ecfe0e0:   0326f4a70133c2a7 031e5ea90399e2a8
0x0000001b2ecfe0f0:   036a28aa035e61a9 035b9aaa02fe53aa
0x0000001b2ecfe100:   022dceaa02eccdaa 02fe53ab02bf12ab
0x0000001b2ecfe110:   02b97dab02e266ab 036fedab021f82ab
0x0000001b2ecfe120:   03990eac01e702ac 02c01eac039d16ac
0x0000001b2ecfe130:   01d979ac034833ac 02db8cac03a986ac
0x0000001b2ecfe140:   036602ad03a4d0ac 00007ffa7dbc5b54
0x0000001b2ecfe150:   0000000000000000 0000000000000000
0x0000001b2ecfe160:   0000001b2ecfe300 00007ffa7be21259
0x0000001b2ecfe170:   0000001b2ecfe1f8 0000000000000000
0x0000001b2ecfe180:   0000000000000054 0000000000000000
0x0000001b2ecfe190:   032eb8b1029d98b1 00007ffa7dbc5cc4
0x0000001b2ecfe1a0:   039650b302c0ccb2 005273b3035461b3
0x0000001b2ecfe1b0:   0000c2e11b2e90cd 036c27b5039305b5
0x0000001b2ecfe1c0:   000001bd55e918f8 000000000004995a
0x0000001b2ecfe1d0:   0000000000000000 0000000000000016
0x0000001b2ecfe1e0:   0000000000000000 0000000000000000
0x0000001b2ecfe1f0:   0000001b2ecfe300 00007ff9b06c82ae
0x0000001b2ecfe200:   000001bd7f1195a0 0000000000000000
0x0000001b2ecfe210:   000001bd7f1195a0 0329a6bb033875bb
0x0000001b2ecfe220:   0000001b00000b94 0000740400890000
0x0000001b2ecfe230:   0000000000000000 033838be036430be
0x0000001b2ecfe240:   02aa5abe029d43be 03a6fcbe02eec1be
0x0000001b2ecfe250:   038ec2bf02f831bf 00ad46c00276c4bf 

Instructions: (pc=0x00007ff9b069b386)
0x00007ff9b069b286:   00 90 4c 8b bf 80 02 00 00 48 8b 05 9a 85 bd 00
0x00007ff9b069b296:   8b 80 c8 0a 00 00 89 44 24 24 c6 44 24 20 00 48
0x00007ff9b069b2a6:   c7 87 80 02 00 00 00 00 00 00 c7 87 88 02 00 00
0x00007ff9b069b2b6:   00 00 00 00 48 c7 87 a0 02 00 00 00 00 00 00 48
0x00007ff9b069b2c6:   c7 87 90 02 00 00 00 00 00 00 48 85 ed 75 3d 8b
0x00007ff9b069b2d6:   35 0d 77 cd 00 65 48 8b 04 25 58 00 00 00 b9 14
0x00007ff9b069b2e6:   00 00 00 48 8b 04 f0 40 38 2c 01 0f 84 c9 e7 75
0x00007ff9b069b2f6:   00 65 48 8b 04 25 58 00 00 00 bd 20 00 00 00 48
0x00007ff9b069b306:   8b 04 f0 48 8b 2c 28 48 89 6c 24 28 48 3b 2d 07
0x00007ff9b069b316:   9b cd 00 0f 84 9b 10 00 00 4d 85 ff 0f 84 3a 01
0x00007ff9b069b326:   00 00 0f 1f 84 00 00 00 00 00 49 8b f7 4d 8b e7
0x00007ff9b069b336:   4d 8d b7 48 05 00 00 4d 8b 3e 45 84 ed 0f 85 d9
0x00007ff9b069b346:   0e 00 00 8b 8f d0 01 00 00 48 8b 05 da 84 bd 00
0x00007ff9b069b356:   83 b8 64 03 00 00 02 75 34 4d 8d 84 24 00 01 00
0x00007ff9b069b366:   00 83 f9 10 0f 83 3a 01 00 00 8b c1 48 c1 e0 06
0x00007ff9b069b376:   49 03 c0 48 85 c0 0f 84 9b 01 00 00 48 8b 50 08
0x00007ff9b069b386:   48 3b 95 68 54 03 00 0f 87 b6 0e 00 00 48 83 be
0x00007ff9b069b396:   c0 05 00 00 00 0f 85 50 e7 75 00 44 8b 8f d0 01
0x00007ff9b069b3a6:   00 00 48 8b 87 e8 01 00 00 4c 8b 00 8b 8f d0 01
0x00007ff9b069b3b6:   00 00 48 8d 9e 00 01 00 00 83 f9 10 0f 83 1e 01
0x00007ff9b069b3c6:   00 00 8b c1 48 c1 e0 06 48 03 c3 48 85 c0 0f 84
0x00007ff9b069b3d6:   4a 01 00 00 4c 39 40 08 0f 86 40 01 00 00 48 8b
0x00007ff9b069b3e6:   87 80 02 00 00 49 89 06 48 89 b7 80 02 00 00 ff
0x00007ff9b069b3f6:   87 88 02 00 00 48 8b 4e 08 48 8b 01 ba 01 00 00
0x00007ff9b069b406:   00 48 8b 80 e0 02 00 00 ff 15 f4 c1 88 00 0f b7
0x00007ff9b069b416:   c8 48 2b c1 48 05 00 00 01 00 48 01 87 90 02 00
0x00007ff9b069b426:   00 48 8b 4e 08 48 8b 01 ba 01 00 00 00 48 8b 80
0x00007ff9b069b436:   e0 02 00 00 ff 15 c8 c1 88 00 48 01 87 a0 02 00
0x00007ff9b069b446:   00 0f b6 54 24 20 4d 85 ff 0f 85 db fe ff ff 84
0x00007ff9b069b456:   d2 0f 85 37 0f 00 00 48 8b 5c 24 40 48 8b cf 80
0x00007ff9b069b466:   7c 24 22 00 0f 85 40 0f 00 00 e8 3b f9 ff ff 90
0x00007ff9b069b476:   48 8b cb ff 15 99 bc 88 00 48 8b 8c 24 50 01 00 


Stack slot to memory mapping:
stack at sp + 0 slots: 0x000001bd7f6ae500 points into unknown readable memory: 0xffffffffffffffff | ff ff ff ff ff ff ff ff
stack at sp + 1 slots: 0x0255429d03862e9d is an unknown value
stack at sp + 2 slots: 0x0391939f00929d9d is an unknown value
stack at sp + 3 slots: 0x0250f39f03309c9f is an unknown value
stack at sp + 4 slots: 0x0000001603000000 is an unknown value
stack at sp + 5 slots: 0x0 is NULL
stack at sp + 6 slots: 0x032b66a303b02aa3 is an unknown value
stack at sp + 7 slots: 0x0365e2a3036987a3 is an unknown value

VM_Operation (0x0000001b310fe990): Exit, mode: safepoint, requested by thread 0x000001bd7f339000


---------------  P R O C E S S  ---------------

Threads class SMR info:
_java_thread_list=0x000001bd7f0c6190, length=23, elements={
0x000001bd7e948d90, 0x000001bd7e94b770, 0x000001bd7e961a50, 0x000001bd7e962320,
0x000001bd7e962bf0, 0x000001bd7e9634c0, 0x000001bd7e9660d0, 0x000001bd7e972ad0,
0x000001bd7e97dd50, 0x000001bd7ebf5ae0, 0x000001bd7ebf28f0, 0x000001bd7ec06520,
0x000001bd7ec06c10, 0x000001bd7ec17b80, 0x000001bd7f0dfe60, 0x000001bd5533e570,
0x000001bd7f339000, 0x000001bd7f33a950, 0x000001bd7f339a20, 0x000001bd7f33bd90,
0x000001bd7f339510, 0x000001bd7f33c2a0, 0x000001bd7f33b880
}

Java Threads: ( => current thread )
  0x000001bd7e948d90 JavaThread "Reference Handler" daemon [_thread_blocked, id=46524, stack(0x0000001b2ed00000,0x0000001b2ee00000)]
  0x000001bd7e94b770 JavaThread "Finalizer" daemon [_thread_blocked, id=41824, stack(0x0000001b2ee00000,0x0000001b2ef00000)]
  0x000001bd7e961a50 JavaThread "Signal Dispatcher" daemon [_thread_blocked, id=46720, stack(0x0000001b2ef00000,0x0000001b2f000000)]
  0x000001bd7e962320 JavaThread "Attach Listener" daemon [_thread_blocked, id=5904, stack(0x0000001b2f000000,0x0000001b2f100000)]
  0x000001bd7e962bf0 JavaThread "Service Thread" daemon [_thread_blocked, id=45164, stack(0x0000001b2f100000,0x0000001b2f200000)]
  0x000001bd7e9634c0 JavaThread "Monitor Deflation Thread" daemon [_thread_blocked, id=45168, stack(0x0000001b2f200000,0x0000001b2f300000)]
  0x000001bd7e9660d0 JavaThread "C2 CompilerThread0" daemon [_thread_blocked, id=46656, stack(0x0000001b2f300000,0x0000001b2f400000)]
  0x000001bd7e972ad0 JavaThread "C1 CompilerThread0" daemon [_thread_blocked, id=41636, stack(0x0000001b2f400000,0x0000001b2f500000)]
  0x000001bd7e97dd50 JavaThread "Sweeper thread" daemon [_thread_blocked, id=47860, stack(0x0000001b2f500000,0x0000001b2f600000)]
  0x000001bd7ebf5ae0 JavaThread "JDWP Transport Listener: dt_socket" daemon [_thread_blocked, id=36840, stack(0x0000001b2f600000,0x0000001b2f700000)]
  0x000001bd7ebf28f0 JavaThread "JDWP Event Helper Thread" daemon [_thread_blocked, id=47932, stack(0x0000001b2f700000,0x0000001b2f800000)]
  0x000001bd7ec06520 JavaThread "JDWP Command Reader" daemon [_thread_blocked, id=48500, stack(0x0000001b2f800000,0x0000001b2f900000)]
  0x000001bd7ec06c10 JavaThread "Notification Thread" daemon [_thread_blocked, id=14824, stack(0x0000001b2f900000,0x0000001b2fa00000)]
  0x000001bd7ec17b80 JavaThread "Common-Cleaner" daemon [_thread_blocked, id=48448, stack(0x0000001b2fb00000,0x0000001b2fc00000)]
  0x000001bd7f0dfe60 JavaThread "Java2D Disposer" daemon [_thread_blocked, id=42928, stack(0x0000001b2fc00000,0x0000001b2fd00000)]
  0x000001bd5533e570 JavaThread "HighResTimerThread" daemon [_thread_blocked, id=36684, stack(0x0000001b30e00000,0x0000001b30f00000)]
  0x000001bd7f339000 JavaThread "main-FPSAWTAnimator#00-Timer0" [_thread_blocked, id=34320, stack(0x0000001b31000000,0x0000001b31100000)]
  0x000001bd7f33a950 JavaThread "DestroyJavaVM" [_thread_blocked, id=48240, stack(0x0000001b2e600000,0x0000001b2e700000)]
  0x000001bd7f339a20 JavaThread "pool-1-thread-1" [_thread_blocked, id=13452, stack(0x0000001b30000000,0x0000001b30100000)]
  0x000001bd7f33bd90 JavaThread "pool-1-thread-2" [_thread_blocked, id=768, stack(0x0000001b31100000,0x0000001b31200000)]
  0x000001bd7f339510 JavaThread "pool-1-thread-3" [_thread_blocked, id=29564, stack(0x0000001b31200000,0x0000001b31300000)]
  0x000001bd7f33c2a0 JavaThread "pool-1-thread-4" [_thread_blocked, id=11276, stack(0x0000001b31300000,0x0000001b31400000)]
  0x000001bd7f33b880 JavaThread "AWT-Shutdown" [_thread_blocked, id=31476, stack(0x0000001b30f00000,0x0000001b31000000)]

Other Threads:
=>0x000001bd7e942100 VMThread "VM Thread" [stack: 0x0000001b2ec00000,0x0000001b2ed00000] [id=5064]
  0x000001bd6fb3f090 GCTaskThread "GC Thread#0" [stack: 0x0000001b2e700000,0x0000001b2e800000] [id=48360]
  0x000001bd7f0c9a90 GCTaskThread "GC Thread#1" [stack: 0x0000001b30500000,0x0000001b30600000] [id=30644]
  0x000001bd7f0c9510 GCTaskThread "GC Thread#2" [stack: 0x0000001b30600000,0x0000001b30700000] [id=16728]
  0x000001bd7f0ca2d0 GCTaskThread "GC Thread#3" [stack: 0x0000001b30700000,0x0000001b30800000] [id=42676]
  0x000001bd7f0c9d50 GCTaskThread "GC Thread#4" [stack: 0x0000001b30800000,0x0000001b30900000] [id=45140]
  0x000001bd7f0c97d0 GCTaskThread "GC Thread#5" [stack: 0x0000001b30900000,0x0000001b30a00000] [id=45128]
  0x000001bd7f0ca590 GCTaskThread "GC Thread#6" [stack: 0x0000001b30a00000,0x0000001b30b00000] [id=45156]
  0x000001bd7f0ca850 GCTaskThread "GC Thread#7" [stack: 0x0000001b30b00000,0x0000001b30c00000] [id=45136]
  0x000001bd6fb47ef0 ConcurrentGCThread "G1 Main Marker" terminated
  0x000001bd6fb494f0 ConcurrentGCThread "G1 Conc#0" [stack: 0x0000001b2e900000,0x0000001b2ea00000] [id=42920]
  0x000001bd66747d70 ConcurrentGCThread "G1 Conc#1" [stack: 0x0000001b31500000,0x0000001b31600000] [id=19128]
  0x000001bd7e809de0 ConcurrentGCThread "G1 Refine#0" terminated
  0x000001bd7e80a4c0 ConcurrentGCThread "G1 Service" terminated

Threads with active compile tasks:

VM state: at safepoint (shutting down)

VM Mutex/Monitor currently owned by a thread:  ([mutex/lock_event])
[0x000001bd6f90f1a0] Threads_lock - owner thread: 0x000001bd7e942100
[0x000001bd6fafa220] Heap_lock - owner thread: 0x000001bd7f339000

Heap address: 0x00000000c0000000, size: 1024 MB, Compressed Oops mode: 32-bit

CDS archive(s) mapped at: [0x000001bd0f000000-0x000001bd0fbb0000-0x000001bd0fbb0000), size 12255232, SharedBaseAddress: 0x000001bd0f000000, ArchiveRelocationMode: 1.
Compressed class space mapped at: 0x000001bd10000000-0x000001bd50000000, reserved size: 1073741824
Narrow klass base: 0x000001bd0f000000, Narrow klass shift: 0, Narrow klass range: 0x100000000

GC Precious Log:
 CPUs: 8 total, 8 available
 Memory: 7975M
 Large Page Support: Disabled
 NUMA Support: Disabled
 Compressed Oops: Enabled (32-bit)
 Heap Region Size: 1M
 Heap Min Capacity: 64M
 Heap Initial Capacity: 64M
 Heap Max Capacity: 1G
 Pre-touch: Disabled
 Parallel Workers: 8
 Concurrent Workers: 2
 Concurrent Refinement Workers: 8
 Periodic GC: Disabled

Heap:
 garbage-first heap   total 137216K, used 79983K [0x00000000c0000000, 0x0000000100000000)
  region size 1024K, 29 young (29696K), 2 survivors (2048K)
 Metaspace       used 13258K, committed 13504K, reserved 1114112K
  class space    used 918K, committed 1024K, reserved 1048576K

Heap Regions: E=young(eden), S=young(survivor), O=old, HS=humongous(starts), HC=humongous(continues), CS=collection set, F=free, OA=open archive, CA=closed archive, TAMS=top-at-mark-start (previous, next)
|   0|0x00000000c0000000, 0x00000000c0100000, 0x00000000c0100000|100%| O|  |TAMS 0x00000000c0100000, 0x00000000c0000000| Untracked 
|   1|0x00000000c0100000, 0x00000000c0200000, 0x00000000c0200000|100%| O|  |TAMS 0x00000000c0200000, 0x00000000c0100000| Untracked 
|   2|0x00000000c0200000, 0x00000000c0300000, 0x00000000c0300000|100%|HS|  |TAMS 0x00000000c0300000, 0x00000000c0200000| Complete 
|   3|0x00000000c0300000, 0x00000000c0400000, 0x00000000c0400000|100%|HC|  |TAMS 0x00000000c0400000, 0x00000000c0300000| Complete 
|   4|0x00000000c0400000, 0x00000000c0500000, 0x00000000c0500000|100%|HC|  |TAMS 0x00000000c0500000, 0x00000000c0400000| Complete 
|   5|0x00000000c0500000, 0x00000000c0600000, 0x00000000c0600000|100%|HC|  |TAMS 0x00000000c0600000, 0x00000000c0500000| Complete 
|   6|0x00000000c0600000, 0x00000000c0700000, 0x00000000c0700000|100%|HC|  |TAMS 0x00000000c0700000, 0x00000000c0600000| Complete 
|   7|0x00000000c0700000, 0x00000000c0800000, 0x00000000c0800000|100%|HC|  |TAMS 0x00000000c0800000, 0x00000000c0700000| Complete 
|   8|0x00000000c0800000, 0x00000000c0900000, 0x00000000c0900000|100%|HC|  |TAMS 0x00000000c0900000, 0x00000000c0800000| Complete 
|   9|0x00000000c0900000, 0x00000000c0a00000, 0x00000000c0a00000|100%|HC|  |TAMS 0x00000000c0a00000, 0x00000000c0900000| Complete 
|  10|0x00000000c0a00000, 0x00000000c0b00000, 0x00000000c0b00000|100%|HC|  |TAMS 0x00000000c0b00000, 0x00000000c0a00000| Complete 
|  11|0x00000000c0b00000, 0x00000000c0c00000, 0x00000000c0c00000|100%|HS|  |TAMS 0x00000000c0c00000, 0x00000000c0b00000| Complete 
|  12|0x00000000c0c00000, 0x00000000c0d00000, 0x00000000c0d00000|100%|HC|  |TAMS 0x00000000c0d00000, 0x00000000c0c00000| Complete 
|  13|0x00000000c0d00000, 0x00000000c0e00000, 0x00000000c0e00000|100%|HC|  |TAMS 0x00000000c0e00000, 0x00000000c0d00000| Complete 
|  14|0x00000000c0e00000, 0x00000000c0f00000, 0x00000000c0f00000|100%|HS|  |TAMS 0x00000000c0f00000, 0x00000000c0e00000| Complete 
|  15|0x00000000c0f00000, 0x00000000c1000000, 0x00000000c1000000|100%|HC|  |TAMS 0x00000000c1000000, 0x00000000c0f00000| Complete 
|  16|0x00000000c1000000, 0x00000000c1100000, 0x00000000c1100000|100%|HC|  |TAMS 0x00000000c1100000, 0x00000000c1000000| Complete 
|  17|0x00000000c1100000, 0x00000000c1200000, 0x00000000c1200000|100%|HC|  |TAMS 0x00000000c1200000, 0x00000000c1100000| Complete 
|  18|0x00000000c1200000, 0x00000000c1300000, 0x00000000c1300000|100%|HC|  |TAMS 0x00000000c1300000, 0x00000000c1200000| Complete 
|  19|0x00000000c1300000, 0x00000000c1400000, 0x00000000c1400000|100%|HC|  |TAMS 0x00000000c1400000, 0x00000000c1300000| Complete 
|  20|0x00000000c1400000, 0x00000000c1500000, 0x00000000c1500000|100%|HC|  |TAMS 0x00000000c1500000, 0x00000000c1400000| Complete 
|  21|0x00000000c1500000, 0x00000000c1600000, 0x00000000c1600000|100%| O|  |TAMS 0x00000000c1600000, 0x00000000c1500000| Untracked 
|  22|0x00000000c1600000, 0x00000000c1700000, 0x00000000c1700000|100%| O|  |TAMS 0x00000000c1700000, 0x00000000c1600000| Untracked 
|  23|0x00000000c1700000, 0x00000000c1800000, 0x00000000c1800000|100%| O|  |TAMS 0x00000000c1800000, 0x00000000c1700000| Untracked 
|  24|0x00000000c1800000, 0x00000000c1900000, 0x00000000c1900000|100%| O|  |TAMS 0x00000000c1900000, 0x00000000c1800000| Untracked 
|  25|0x00000000c1900000, 0x00000000c1a00000, 0x00000000c1a00000|100%| O|  |TAMS 0x00000000c1a00000, 0x00000000c1900000| Untracked 
|  26|0x00000000c1a00000, 0x00000000c1a00000, 0x00000000c1b00000|  0%| F|  |TAMS 0x00000000c1a00000, 0x00000000c1a00000| Untracked 
|  27|0x00000000c1b00000, 0x00000000c1c00000, 0x00000000c1c00000|100%| O|  |TAMS 0x00000000c1c00000, 0x00000000c1b00000| Untracked 
|  28|0x00000000c1c00000, 0x00000000c1d00000, 0x00000000c1d00000|100%| O|  |TAMS 0x00000000c1d00000, 0x00000000c1c00000| Untracked 
|  29|0x00000000c1d00000, 0x00000000c1dc1600, 0x00000000c1e00000| 75%| O|  |TAMS 0x00000000c1d9be00, 0x00000000c1d00000| Untracked 
|  30|0x00000000c1e00000, 0x00000000c1f00000, 0x00000000c1f00000|100%|HS|  |TAMS 0x00000000c1f00000, 0x00000000c1e00000| Complete 
|  31|0x00000000c1f00000, 0x00000000c2000000, 0x00000000c2000000|100%|HC|  |TAMS 0x00000000c2000000, 0x00000000c1f00000| Complete 
|  32|0x00000000c2000000, 0x00000000c2100000, 0x00000000c2100000|100%|HC|  |TAMS 0x00000000c2100000, 0x00000000c2000000| Complete 
|  33|0x00000000c2100000, 0x00000000c2200000, 0x00000000c2200000|100%|HS|  |TAMS 0x00000000c2200000, 0x00000000c2100000| Complete 
|  34|0x00000000c2200000, 0x00000000c2300000, 0x00000000c2300000|100%|HC|  |TAMS 0x00000000c2300000, 0x00000000c2200000| Complete 
|  35|0x00000000c2300000, 0x00000000c2400000, 0x00000000c2400000|100%|HC|  |TAMS 0x00000000c2400000, 0x00000000c2300000| Complete 
|  36|0x00000000c2400000, 0x00000000c2500000, 0x00000000c2500000|100%|HS|  |TAMS 0x00000000c2500000, 0x00000000c2400000| Complete 
|  37|0x00000000c2500000, 0x00000000c2600000, 0x00000000c2600000|100%|HC|  |TAMS 0x00000000c2600000, 0x00000000c2500000| Complete 
|  38|0x00000000c2600000, 0x00000000c2700000, 0x00000000c2700000|100%|HC|  |TAMS 0x00000000c2700000, 0x00000000c2600000| Complete 
|  39|0x00000000c2700000, 0x00000000c2800000, 0x00000000c2800000|100%|HC|  |TAMS 0x00000000c2800000, 0x00000000c2700000| Complete 
|  40|0x00000000c2800000, 0x00000000c2900000, 0x00000000c2900000|100%|HC|  |TAMS 0x00000000c2900000, 0x00000000c2800000| Complete 
|  41|0x00000000c2900000, 0x00000000c2a00000, 0x00000000c2a00000|100%|HS|  |TAMS 0x00000000c2a00000, 0x00000000c2900000| Complete 
|  42|0x00000000c2a00000, 0x00000000c2b00000, 0x00000000c2b00000|100%|HC|  |TAMS 0x00000000c2b00000, 0x00000000c2a00000| Complete 
|  43|0x00000000c2b00000, 0x00000000c2c00000, 0x00000000c2c00000|100%|HC|  |TAMS 0x00000000c2c00000, 0x00000000c2b00000| Complete 
|  44|0x00000000c2c00000, 0x00000000c2d00000, 0x00000000c2d00000|100%|HS|  |TAMS 0x00000000c2d00000, 0x00000000c2c00000| Complete 
|  45|0x00000000c2d00000, 0x00000000c2e00000, 0x00000000c2e00000|100%|HC|  |TAMS 0x00000000c2e00000, 0x00000000c2d00000| Complete 
|  46|0x00000000c2e00000, 0x00000000c2f00000, 0x00000000c2f00000|100%|HC|  |TAMS 0x00000000c2f00000, 0x00000000c2e00000| Complete 
|  47|0x00000000c2f00000, 0x00000000c3000000, 0x00000000c3000000|100%|HS|  |TAMS 0x00000000c3000000, 0x00000000c2f00000| Complete 
|  48|0x00000000c3000000, 0x00000000c3100000, 0x00000000c3100000|100%|HC|  |TAMS 0x00000000c3100000, 0x00000000c3000000| Complete 
|  49|0x00000000c3100000, 0x00000000c3200000, 0x00000000c3200000|100%|HC|  |TAMS 0x00000000c3200000, 0x00000000c3100000| Complete 
|  50|0x00000000c3200000, 0x00000000c3300000, 0x00000000c3300000|100%|HC|  |TAMS 0x00000000c3300000, 0x00000000c3200000| Complete 
|  51|0x00000000c3300000, 0x00000000c3400000, 0x00000000c3400000|100%|HC|  |TAMS 0x00000000c3400000, 0x00000000c3300000| Complete 
|  52|0x00000000c3400000, 0x00000000c3400000, 0x00000000c3500000|  0%| F|  |TAMS 0x00000000c3400000, 0x00000000c3400000| Untracked 
|  53|0x00000000c3500000, 0x00000000c3500000, 0x00000000c3600000|  0%| F|  |TAMS 0x00000000c3500000, 0x00000000c3500000| Untracked 
|  54|0x00000000c3600000, 0x00000000c3600000, 0x00000000c3700000|  0%| F|  |TAMS 0x00000000c3600000, 0x00000000c3600000| Untracked 
|  55|0x00000000c3700000, 0x00000000c3700000, 0x00000000c3800000|  0%| F|  |TAMS 0x00000000c3700000, 0x00000000c3700000| Untracked 
|  56|0x00000000c3800000, 0x00000000c3800000, 0x00000000c3900000|  0%| F|  |TAMS 0x00000000c3800000, 0x00000000c3800000| Untracked 
|  57|0x00000000c3900000, 0x00000000c3900000, 0x00000000c3a00000|  0%| F|  |TAMS 0x00000000c3900000, 0x00000000c3900000| Untracked 
|  58|0x00000000c3a00000, 0x00000000c3a00000, 0x00000000c3b00000|  0%| F|  |TAMS 0x00000000c3a00000, 0x00000000c3a00000| Untracked 
|  59|0x00000000c3b00000, 0x00000000c3b00000, 0x00000000c3c00000|  0%| F|  |TAMS 0x00000000c3b00000, 0x00000000c3b00000| Untracked 
|  60|0x00000000c3c00000, 0x00000000c3c00000, 0x00000000c3d00000|  0%| F|  |TAMS 0x00000000c3c00000, 0x00000000c3c00000| Untracked 
|  61|0x00000000c3d00000, 0x00000000c3d00000, 0x00000000c3e00000|  0%| F|  |TAMS 0x00000000c3d00000, 0x00000000c3d00000| Untracked 
|  62|0x00000000c3e00000, 0x00000000c3e00000, 0x00000000c3f00000|  0%| F|  |TAMS 0x00000000c3e00000, 0x00000000c3e00000| Untracked 
|  63|0x00000000c3f00000, 0x00000000c3f00000, 0x00000000c4000000|  0%| F|  |TAMS 0x00000000c3f00000, 0x00000000c3f00000| Untracked 
|  64|0x00000000c4000000, 0x00000000c4000000, 0x00000000c4100000|  0%| F|  |TAMS 0x00000000c4000000, 0x00000000c4000000| Untracked 
|  65|0x00000000c4100000, 0x00000000c4100000, 0x00000000c4200000|  0%| F|  |TAMS 0x00000000c4100000, 0x00000000c4100000| Untracked 
|  66|0x00000000c4200000, 0x00000000c425a780, 0x00000000c4300000| 35%| S|CS|TAMS 0x00000000c4200000, 0x00000000c4200000| Complete 
|  67|0x00000000c4300000, 0x00000000c4300000, 0x00000000c4400000|  0%| F|  |TAMS 0x00000000c4300000, 0x00000000c4300000| Untracked 
|  68|0x00000000c4400000, 0x00000000c4500000, 0x00000000c4500000|100%| S|CS|TAMS 0x00000000c4400000, 0x00000000c4400000| Complete 
|  69|0x00000000c4500000, 0x00000000c4500000, 0x00000000c4600000|  0%| F|  |TAMS 0x00000000c4500000, 0x00000000c4500000| Untracked 
|  70|0x00000000c4600000, 0x00000000c4600000, 0x00000000c4700000|  0%| F|  |TAMS 0x00000000c4600000, 0x00000000c4600000| Untracked 
|  71|0x00000000c4700000, 0x00000000c4700000, 0x00000000c4800000|  0%| F|  |TAMS 0x00000000c4700000, 0x00000000c4700000| Untracked 
|  72|0x00000000c4800000, 0x00000000c4800000, 0x00000000c4900000|  0%| F|  |TAMS 0x00000000c4800000, 0x00000000c4800000| Untracked 
|  73|0x00000000c4900000, 0x00000000c4900000, 0x00000000c4a00000|  0%| F|  |TAMS 0x00000000c4900000, 0x00000000c4900000| Untracked 
|  74|0x00000000c4a00000, 0x00000000c4a00000, 0x00000000c4b00000|  0%| F|  |TAMS 0x00000000c4a00000, 0x00000000c4a00000| Untracked 
|  75|0x00000000c4b00000, 0x00000000c4b00000, 0x00000000c4c00000|  0%| F|  |TAMS 0x00000000c4b00000, 0x00000000c4b00000| Untracked 
|  76|0x00000000c4c00000, 0x00000000c4c00000, 0x00000000c4d00000|  0%| F|  |TAMS 0x00000000c4c00000, 0x00000000c4c00000| Untracked 
|  77|0x00000000c4d00000, 0x00000000c4d00000, 0x00000000c4e00000|  0%| F|  |TAMS 0x00000000c4d00000, 0x00000000c4d00000| Untracked 
|  78|0x00000000c4e00000, 0x00000000c4e00000, 0x00000000c4f00000|  0%| F|  |TAMS 0x00000000c4e00000, 0x00000000c4e00000| Untracked 
|  79|0x00000000c4f00000, 0x00000000c4f00000, 0x00000000c5000000|  0%| F|  |TAMS 0x00000000c4f00000, 0x00000000c4f00000| Untracked 
|  80|0x00000000c5000000, 0x00000000c5000000, 0x00000000c5100000|  0%| F|  |TAMS 0x00000000c5000000, 0x00000000c5000000| Untracked 
|  81|0x00000000c5100000, 0x00000000c5100000, 0x00000000c5200000|  0%| F|  |TAMS 0x00000000c5100000, 0x00000000c5100000| Untracked 
|  82|0x00000000c5200000, 0x00000000c5200000, 0x00000000c5300000|  0%| F|  |TAMS 0x00000000c5200000, 0x00000000c5200000| Untracked 
|  83|0x00000000c5300000, 0x00000000c5300000, 0x00000000c5400000|  0%| F|  |TAMS 0x00000000c5300000, 0x00000000c5300000| Untracked 
|  84|0x00000000c5400000, 0x00000000c5400000, 0x00000000c5500000|  0%| F|  |TAMS 0x00000000c5400000, 0x00000000c5400000| Untracked 
|  85|0x00000000c5500000, 0x00000000c5500000, 0x00000000c5600000|  0%| F|  |TAMS 0x00000000c5500000, 0x00000000c5500000| Untracked 
|  86|0x00000000c5600000, 0x00000000c5600000, 0x00000000c5700000|  0%| F|  |TAMS 0x00000000c5600000, 0x00000000c5600000| Untracked 
|  87|0x00000000c5700000, 0x00000000c5700000, 0x00000000c5800000|  0%| F|  |TAMS 0x00000000c5700000, 0x00000000c5700000| Untracked 
|  88|0x00000000c5800000, 0x00000000c5800000, 0x00000000c5900000|  0%| F|  |TAMS 0x00000000c5800000, 0x00000000c5800000| Untracked 
|  89|0x00000000c5900000, 0x00000000c5900000, 0x00000000c5a00000|  0%| F|  |TAMS 0x00000000c5900000, 0x00000000c5900000| Untracked 
|  90|0x00000000c5a00000, 0x00000000c5a00000, 0x00000000c5b00000|  0%| F|  |TAMS 0x00000000c5a00000, 0x00000000c5a00000| Untracked 
|  91|0x00000000c5b00000, 0x00000000c5b00000, 0x00000000c5c00000|  0%| F|  |TAMS 0x00000000c5b00000, 0x00000000c5b00000| Untracked 
|  92|0x00000000c5c00000, 0x00000000c5c00000, 0x00000000c5d00000|  0%| F|  |TAMS 0x00000000c5c00000, 0x00000000c5c00000| Untracked 
|  93|0x00000000c5d00000, 0x00000000c5d00000, 0x00000000c5e00000|  0%| F|  |TAMS 0x00000000c5d00000, 0x00000000c5d00000| Untracked 
|  94|0x00000000c5e00000, 0x00000000c5e00000, 0x00000000c5f00000|  0%| F|  |TAMS 0x00000000c5e00000, 0x00000000c5e00000| Untracked 
|  95|0x00000000c5f00000, 0x00000000c5f00000, 0x00000000c6000000|  0%| F|  |TAMS 0x00000000c5f00000, 0x00000000c5f00000| Untracked 
|  96|0x00000000c6000000, 0x00000000c6000000, 0x00000000c6100000|  0%| F|  |TAMS 0x00000000c6000000, 0x00000000c6000000| Untracked 
|  97|0x00000000c6100000, 0x00000000c6100000, 0x00000000c6200000|  0%| F|  |TAMS 0x00000000c6100000, 0x00000000c6100000| Untracked 
|  98|0x00000000c6200000, 0x00000000c6200000, 0x00000000c6300000|  0%| F|  |TAMS 0x00000000c6200000, 0x00000000c6200000| Untracked 
|  99|0x00000000c6300000, 0x00000000c6300000, 0x00000000c6400000|  0%| F|  |TAMS 0x00000000c6300000, 0x00000000c6300000| Untracked 
| 100|0x00000000c6400000, 0x00000000c6400000, 0x00000000c6500000|  0%| F|  |TAMS 0x00000000c6400000, 0x00000000c6400000| Untracked 
| 101|0x00000000c6500000, 0x00000000c6500000, 0x00000000c6600000|  0%| F|  |TAMS 0x00000000c6500000, 0x00000000c6500000| Untracked 
| 102|0x00000000c6600000, 0x00000000c6600000, 0x00000000c6700000|  0%| F|  |TAMS 0x00000000c6600000, 0x00000000c6600000| Untracked 
| 103|0x00000000c6700000, 0x00000000c6700000, 0x00000000c6800000|  0%| F|  |TAMS 0x00000000c6700000, 0x00000000c6700000| Untracked 
| 104|0x00000000c6800000, 0x00000000c6800000, 0x00000000c6900000|  0%| F|  |TAMS 0x00000000c6800000, 0x00000000c6800000| Untracked 
| 105|0x00000000c6900000, 0x00000000c6900000, 0x00000000c6a00000|  0%| F|  |TAMS 0x00000000c6900000, 0x00000000c6900000| Untracked 
| 106|0x00000000c6a00000, 0x00000000c6a00000, 0x00000000c6b00000|  0%| F|  |TAMS 0x00000000c6a00000, 0x00000000c6a00000| Untracked 
| 107|0x00000000c6b00000, 0x00000000c6b80000, 0x00000000c6c00000| 50%| E|  |TAMS 0x00000000c6b00000, 0x00000000c6b00000| Complete 
| 108|0x00000000c6c00000, 0x00000000c6d00000, 0x00000000c6d00000|100%| E|CS|TAMS 0x00000000c6c00000, 0x00000000c6c00000| Complete 
| 109|0x00000000c6d00000, 0x00000000c6e00000, 0x00000000c6e00000|100%| E|CS|TAMS 0x00000000c6d00000, 0x00000000c6d00000| Complete 
| 110|0x00000000c6e00000, 0x00000000c6f00000, 0x00000000c6f00000|100%| E|CS|TAMS 0x00000000c6e00000, 0x00000000c6e00000| Complete 
| 111|0x00000000c6f00000, 0x00000000c7000000, 0x00000000c7000000|100%| E|CS|TAMS 0x00000000c6f00000, 0x00000000c6f00000| Complete 
| 112|0x00000000c7000000, 0x00000000c7100000, 0x00000000c7100000|100%| E|CS|TAMS 0x00000000c7000000, 0x00000000c7000000| Complete 
| 113|0x00000000c7100000, 0x00000000c7200000, 0x00000000c7200000|100%| E|CS|TAMS 0x00000000c7100000, 0x00000000c7100000| Complete 
| 114|0x00000000c7200000, 0x00000000c7300000, 0x00000000c7300000|100%| E|CS|TAMS 0x00000000c7200000, 0x00000000c7200000| Complete 
| 115|0x00000000c7300000, 0x00000000c7400000, 0x00000000c7400000|100%| E|CS|TAMS 0x00000000c7300000, 0x00000000c7300000| Complete 
| 116|0x00000000c7400000, 0x00000000c7500000, 0x00000000c7500000|100%| E|CS|TAMS 0x00000000c7400000, 0x00000000c7400000| Complete 
| 117|0x00000000c7500000, 0x00000000c7600000, 0x00000000c7600000|100%| E|CS|TAMS 0x00000000c7500000, 0x00000000c7500000| Complete 
| 118|0x00000000c7600000, 0x00000000c7700000, 0x00000000c7700000|100%| E|CS|TAMS 0x00000000c7600000, 0x00000000c7600000| Complete 
| 119|0x00000000c7700000, 0x00000000c7800000, 0x00000000c7800000|100%| E|CS|TAMS 0x00000000c7700000, 0x00000000c7700000| Complete 
| 120|0x00000000c7800000, 0x00000000c7900000, 0x00000000c7900000|100%| E|CS|TAMS 0x00000000c7800000, 0x00000000c7800000| Complete 
| 121|0x00000000c7900000, 0x00000000c7a00000, 0x00000000c7a00000|100%| E|CS|TAMS 0x00000000c7900000, 0x00000000c7900000| Complete 
| 122|0x00000000c7a00000, 0x00000000c7b00000, 0x00000000c7b00000|100%| E|CS|TAMS 0x00000000c7a00000, 0x00000000c7a00000| Complete 
| 123|0x00000000c7b00000, 0x00000000c7c00000, 0x00000000c7c00000|100%| E|CS|TAMS 0x00000000c7b00000, 0x00000000c7b00000| Complete 
| 124|0x00000000c7c00000, 0x00000000c7d00000, 0x00000000c7d00000|100%| E|CS|TAMS 0x00000000c7c00000, 0x00000000c7c00000| Complete 
| 125|0x00000000c7d00000, 0x00000000c7e00000, 0x00000000c7e00000|100%| E|CS|TAMS 0x00000000c7d00000, 0x00000000c7d00000| Complete 
| 126|0x00000000c7e00000, 0x00000000c7f00000, 0x00000000c7f00000|100%| E|CS|TAMS 0x00000000c7e00000, 0x00000000c7e00000| Complete 
| 127|0x00000000c7f00000, 0x00000000c8000000, 0x00000000c8000000|100%| E|CS|TAMS 0x00000000c7f00000, 0x00000000c7f00000| Complete 
| 128|0x00000000c8000000, 0x00000000c8100000, 0x00000000c8100000|100%| E|CS|TAMS 0x00000000c8000000, 0x00000000c8000000| Complete 
| 129|0x00000000c8100000, 0x00000000c8200000, 0x00000000c8200000|100%| E|CS|TAMS 0x00000000c8100000, 0x00000000c8100000| Complete 
| 130|0x00000000c8200000, 0x00000000c8300000, 0x00000000c8300000|100%| E|CS|TAMS 0x00000000c8200000, 0x00000000c8200000| Complete 
| 131|0x00000000c8300000, 0x00000000c8400000, 0x00000000c8400000|100%| E|CS|TAMS 0x00000000c8300000, 0x00000000c8300000| Complete 
| 132|0x00000000c8400000, 0x00000000c8500000, 0x00000000c8500000|100%| E|CS|TAMS 0x00000000c8400000, 0x00000000c8400000| Complete 
| 133|0x00000000c8500000, 0x00000000c8600000, 0x00000000c8600000|100%| E|CS|TAMS 0x00000000c8500000, 0x00000000c8500000| Complete 

Card table byte_map: [0x000001bd79b50000,0x000001bd79d50000] _byte_map_base: 0x000001bd79550000

Marking Bits (Prev, Next): (CMBitMap*) 0x000001bd6fb3f5c0, (CMBitMap*) 0x000001bd6fb3f600
 Prev Bits: [0x000001bd79f50000, 0x000001bd7af50000)
 Next Bits: [0x000001bd7af50000, 0x000001bd7bf50000)

Polling page: 0x000001bd6f8b0000

Metaspace:

Usage:
  Non-class:     12.05 MB used.
      Class:    918.72 KB used.
       Both:     12.95 MB used.

Virtual space:
  Non-class space:       64.00 MB reserved,      12.19 MB ( 19%) committed,  1 nodes.
      Class space:        1.00 GB reserved,       1.00 MB ( <1%) committed,  1 nodes.
             Both:        1.06 GB reserved,      13.19 MB (  1%) committed. 

Chunk freelists:
   Non-Class:  3.59 MB
       Class:  14.91 MB
        Both:  18.50 MB

MaxMetaspaceSize: unlimited
CompressedClassSpaceSize: 1.00 GB
Initial GC threshold: 21.00 MB
Current GC threshold: 21.38 MB
CDS: on
MetaspaceReclaimPolicy: balanced
 - commit_granule_bytes: 65536.
 - commit_granule_words: 8192.
 - virtual_space_node_default_size: 8388608.
 - enlarge_chunks_in_place: 1.
 - new_chunks_are_fully_committed: 0.
 - uncommit_free_chunks: 1.
 - use_allocation_guard: 0.
 - handle_deallocations: 1.


Internal statistics:

num_allocs_failed_limit: 0.
num_arena_births: 106.
num_arena_deaths: 0.
num_vsnodes_births: 2.
num_vsnodes_deaths: 0.
num_space_committed: 207.
num_space_uncommitted: 0.
num_chunks_returned_to_freelist: 0.
num_chunks_taken_from_freelist: 394.
num_chunk_merges: 0.
num_chunk_splits: 311.
num_chunks_enlarged: 250.
num_inconsistent_stats: 0.

CodeHeap 'non-profiled nmethods': size=120000Kb used=929Kb max_used=929Kb free=119070Kb
 bounds [0x000001bd07ad0000, 0x000001bd07d40000, 0x000001bd0f000000]
CodeHeap 'profiled nmethods': size=120000Kb used=3664Kb max_used=3664Kb free=116335Kb
 bounds [0x000001bd00000000, 0x000001bd003a0000, 0x000001bd07530000]
CodeHeap 'non-nmethods': size=5760Kb used=1611Kb max_used=1645Kb free=4148Kb
 bounds [0x000001bd07530000, 0x000001bd077a0000, 0x000001bd07ad0000]
 total_blobs=2778 nmethods=1840 adapters=851
 compilation: enabled
              stopped_count=0, restarted_count=0
 full_count=0

Compilation events (20 events):
Event: 53.277 Thread 0x000001bd7e9660d0 1830   !   4       java.util.concurrent.locks.AbstractQueuedSynchronizer$ConditionObject::await (183 bytes)
Event: 53.287 Thread 0x000001bd7e9660d0 nmethod 1830 0x000001bd07bafc90 code [0x000001bd07bafe80, 0x000001bd07bb08a8]
Event: 53.287 Thread 0x000001bd7e9660d0 1831       4       java.util.concurrent.locks.AbstractQueuedSynchronizer$ConditionObject::enableWait (84 bytes)
Event: 53.290 Thread 0x000001bd7e9660d0 nmethod 1831 0x000001bd07bb1110 code [0x000001bd07bb12a0, 0x000001bd07bb18c8]
Event: 53.328 Thread 0x000001bd7e9660d0 1832       4       java.util.concurrent.FutureTask::finishCompletion (71 bytes)
Event: 53.328 Thread 0x000001bd7e9660d0 nmethod 1832 0x000001bd07bb1c10 code [0x000001bd07bb1d80, 0x000001bd07bb1e58]
Event: 53.370 Thread 0x000001bd7e9660d0 1833       4       java.util.concurrent.ThreadPoolExecutor$Worker::unlock (7 bytes)
Event: 53.371 Thread 0x000001bd7e9660d0 nmethod 1833 0x000001bd07bb1f10 code [0x000001bd07bb20a0, 0x000001bd07bb2228]
Event: 53.414 Thread 0x000001bd7e9660d0 1834   !   4       java.util.concurrent.ThreadPoolExecutor::getTask (177 bytes)
Event: 53.438 Thread 0x000001bd7e9660d0 nmethod 1834 0x000001bd07bb2390 code [0x000001bd07bb2600, 0x000001bd07bb4730]
Event: 54.581 Thread 0x000001bd7e9660d0 1835       4       java.util.concurrent.AbstractExecutorService::submit (26 bytes)
Event: 54.583 Thread 0x000001bd7e9660d0 nmethod 1835 0x000001bd07bb5a10 code [0x000001bd07bb5bc0, 0x000001bd07bb5fe8]
Event: 54.583 Thread 0x000001bd7e9660d0 1836       4       java.util.concurrent.ThreadPoolExecutor$Worker::lock (6 bytes)
Event: 54.584 Thread 0x000001bd7e9660d0 nmethod 1836 0x000001bd07bb6410 code [0x000001bd07bb6580, 0x000001bd07bb66f8]
Event: 55.849 Thread 0x000001bd7e9660d0 1837   !   4       java.util.concurrent.FutureTask::run (123 bytes)
Event: 55.866 Thread 0x000001bd7e9660d0 nmethod 1837 0x000001bd07bb6b10 code [0x000001bd07bb6d20, 0x000001bd07bb7a40]
Event: 56.975 Thread 0x000001bd7e972ad0 1839       3       jdk.internal.misc.Unsafe::getAndAddLong (27 bytes)
Event: 56.976 Thread 0x000001bd7e972ad0 nmethod 1839 0x000001bd00393810 code [0x000001bd003939c0, 0x000001bd00393c08]
Event: 56.976 Thread 0x000001bd7e972ad0 1840       3       jdk.internal.misc.Unsafe::weakCompareAndSetLong (11 bytes)
Event: 56.976 Thread 0x000001bd7e972ad0 nmethod 1840 0x000001bd00393d10 code [0x000001bd00393ea0, 0x000001bd00393fd8]

GC Heap History (20 events):
Event: 45.594 GC heap before
{Heap before GC invocations=57 (full 0):
 garbage-first heap   total 137216K, used 118649K [0x00000000c0000000, 0x0000000100000000)
  region size 1024K, 66 young (67584K), 2 survivors (2048K)
 Metaspace       used 13214K, committed 13376K, reserved 1114112K
  class space    used 914K, committed 1024K, reserved 1048576K
}
Event: 45.594 GC heap after
{Heap after GC invocations=58 (full 0):
 garbage-first heap   total 137216K, used 52528K [0x00000000c0000000, 0x0000000100000000)
  region size 1024K, 1 young (1024K), 1 survivors (1024K)
 Metaspace       used 13214K, committed 13376K, reserved 1114112K
  class space    used 914K, committed 1024K, reserved 1048576K
}
Event: 46.781 GC heap before
{Heap before GC invocations=58 (full 0):
 garbage-first heap   total 137216K, used 119088K [0x00000000c0000000, 0x0000000100000000)
  region size 1024K, 66 young (67584K), 1 survivors (1024K)
 Metaspace       used 13214K, committed 13376K, reserved 1114112K
  class space    used 914K, committed 1024K, reserved 1048576K
}
Event: 46.781 GC heap after
{Heap after GC invocations=59 (full 0):
 garbage-first heap   total 137216K, used 52962K [0x00000000c0000000, 0x0000000100000000)
  region size 1024K, 1 young (1024K), 1 survivors (1024K)
 Metaspace       used 13214K, committed 13376K, reserved 1114112K
  class space    used 914K, committed 1024K, reserved 1048576K
}
Event: 48.014 GC heap before
{Heap before GC invocations=59 (full 0):
 garbage-first heap   total 137216K, used 119522K [0x00000000c0000000, 0x0000000100000000)
  region size 1024K, 66 young (67584K), 1 survivors (1024K)
 Metaspace       used 13214K, committed 13376K, reserved 1114112K
  class space    used 914K, committed 1024K, reserved 1048576K
}
Event: 48.015 GC heap after
{Heap after GC invocations=60 (full 0):
 garbage-first heap   total 137216K, used 53227K [0x00000000c0000000, 0x0000000100000000)
  region size 1024K, 2 young (2048K), 2 survivors (2048K)
 Metaspace       used 13214K, committed 13376K, reserved 1114112K
  class space    used 914K, committed 1024K, reserved 1048576K
}
Event: 49.237 GC heap before
{Heap before GC invocations=60 (full 0):
 garbage-first heap   total 137216K, used 118763K [0x00000000c0000000, 0x0000000100000000)
  region size 1024K, 66 young (67584K), 2 survivors (2048K)
 Metaspace       used 13214K, committed 13376K, reserved 1114112K
  class space    used 914K, committed 1024K, reserved 1048576K
}
Event: 49.238 GC heap after
{Heap after GC invocations=61 (full 0):
 garbage-first heap   total 137216K, used 52593K [0x00000000c0000000, 0x0000000100000000)
  region size 1024K, 1 young (1024K), 1 survivors (1024K)
 Metaspace       used 13214K, committed 13376K, reserved 1114112K
  class space    used 914K, committed 1024K, reserved 1048576K
}
Event: 50.431 GC heap before
{Heap before GC invocations=61 (full 0):
 garbage-first heap   total 137216K, used 119153K [0x00000000c0000000, 0x0000000100000000)
  region size 1024K, 66 young (67584K), 1 survivors (1024K)
 Metaspace       used 13214K, committed 13376K, reserved 1114112K
  class space    used 914K, committed 1024K, reserved 1048576K
}
Event: 50.432 GC heap after
{Heap after GC invocations=62 (full 0):
 garbage-first heap   total 137216K, used 53074K [0x00000000c0000000, 0x0000000100000000)
  region size 1024K, 2 young (2048K), 2 survivors (2048K)
 Metaspace       used 13214K, committed 13376K, reserved 1114112K
  class space    used 914K, committed 1024K, reserved 1048576K
}
Event: 51.632 GC heap before
{Heap before GC invocations=62 (full 0):
 garbage-first heap   total 137216K, used 118610K [0x00000000c0000000, 0x0000000100000000)
  region size 1024K, 66 young (67584K), 2 survivors (2048K)
 Metaspace       used 13214K, committed 13376K, reserved 1114112K
  class space    used 914K, committed 1024K, reserved 1048576K
}
Event: 51.632 GC heap after
{Heap after GC invocations=63 (full 0):
 garbage-first heap   total 137216K, used 52293K [0x00000000c0000000, 0x0000000100000000)
  region size 1024K, 1 young (1024K), 1 survivors (1024K)
 Metaspace       used 13214K, committed 13376K, reserved 1114112K
  class space    used 914K, committed 1024K, reserved 1048576K
}
Event: 52.852 GC heap before
{Heap before GC invocations=63 (full 0):
 garbage-first heap   total 137216K, used 119877K [0x00000000c0000000, 0x0000000100000000)
  region size 1024K, 67 young (68608K), 1 survivors (1024K)
 Metaspace       used 13214K, committed 13376K, reserved 1114112K
  class space    used 914K, committed 1024K, reserved 1048576K
}
Event: 52.853 GC heap after
{Heap after GC invocations=64 (full 0):
 garbage-first heap   total 137216K, used 53320K [0x00000000c0000000, 0x0000000100000000)
  region size 1024K, 2 young (2048K), 2 survivors (2048K)
 Metaspace       used 13214K, committed 13376K, reserved 1114112K
  class space    used 914K, committed 1024K, reserved 1048576K
}
Event: 54.061 GC heap before
{Heap before GC invocations=64 (full 0):
 garbage-first heap   total 137216K, used 118856K [0x00000000c0000000, 0x0000000100000000)
  region size 1024K, 66 young (67584K), 2 survivors (2048K)
 Metaspace       used 13214K, committed 13376K, reserved 1114112K
  class space    used 914K, committed 1024K, reserved 1048576K
}
Event: 54.062 GC heap after
{Heap after GC invocations=65 (full 0):
 garbage-first heap   total 137216K, used 52702K [0x00000000c0000000, 0x0000000100000000)
  region size 1024K, 1 young (1024K), 1 survivors (1024K)
 Metaspace       used 13214K, committed 13376K, reserved 1114112K
  class space    used 914K, committed 1024K, reserved 1048576K
}
Event: 55.267 GC heap before
{Heap before GC invocations=65 (full 0):
 garbage-first heap   total 137216K, used 119262K [0x00000000c0000000, 0x0000000100000000)
  region size 1024K, 66 young (67584K), 1 survivors (1024K)
 Metaspace       used 13214K, committed 13376K, reserved 1114112K
  class space    used 914K, committed 1024K, reserved 1048576K
}
Event: 55.268 GC heap after
{Heap after GC invocations=66 (full 0):
 garbage-first heap   total 137216K, used 52979K [0x00000000c0000000, 0x0000000100000000)
  region size 1024K, 1 young (1024K), 1 survivors (1024K)
 Metaspace       used 13214K, committed 13376K, reserved 1114112K
  class space    used 914K, committed 1024K, reserved 1048576K
}
Event: 56.476 GC heap before
{Heap before GC invocations=66 (full 0):
 garbage-first heap   total 137216K, used 119539K [0x00000000c0000000, 0x0000000100000000)
  region size 1024K, 66 young (67584K), 1 survivors (1024K)
 Metaspace       used 13214K, committed 13376K, reserved 1114112K
  class space    used 914K, committed 1024K, reserved 1048576K
}
Event: 56.477 GC heap after
{Heap after GC invocations=67 (full 0):
 garbage-first heap   total 137216K, used 53359K [0x00000000c0000000, 0x0000000100000000)
  region size 1024K, 2 young (2048K), 2 survivors (2048K)
 Metaspace       used 13214K, committed 13376K, reserved 1114112K
  class space    used 914K, committed 1024K, reserved 1048576K
}

Dll operation events (14 events):
Event: 0.006 Loaded shared library C:\Program Files\Processing\app\resources\jdk-17.0.14+7\bin\java.dll
Event: 0.017 Loaded shared library C:\Program Files\Processing\app\resources\jdk-17.0.14+7\bin\jsvml.dll
Event: 0.089 Loaded shared library C:\Program Files\Processing\app\resources\jdk-17.0.14+7\bin\net.dll
Event: 0.090 Loaded shared library C:\Program Files\Processing\app\resources\jdk-17.0.14+7\bin\nio.dll
Event: 0.093 Loaded shared library C:\Program Files\Processing\app\resources\jdk-17.0.14+7\bin\zip.dll
Event: 0.132 Loaded shared library C:\Program Files\Processing\app\resources\jdk-17.0.14+7\bin\jimage.dll
Event: 0.134 Loaded shared library C:\Program Files\Processing\app\resources\jdk-17.0.14+7\bin\awt.dll
Event: 0.384 Loaded shared library C:\Users\danil\AppData\Local\Temp\jogamp_0000\file_cache\jln2661149717365456415\jln4643592344925348744\natives\windows-amd64\gluegen_rt.dll
Event: 0.391 Loaded shared library C:\Program Files\Processing\app\resources\jdk-17.0.14+7\bin\jawt.dll
Event: 0.401 Loaded shared library C:\Users\danil\AppData\Local\Temp\jogamp_0000\file_cache\jln2661149717365456415\jln4643592344925348744\natives\windows-amd64\nativewindow_awt.dll
Event: 0.425 Loaded shared library C:\Users\danil\AppData\Local\Temp\jogamp_0000\file_cache\jln2661149717365456415\jln4643592344925348744\natives\windows-amd64\nativewindow_win32.dll
Event: 0.500 Loaded shared library C:\Users\danil\AppData\Local\Temp\jogamp_0000\file_cache\jln2661149717365456415\jln4643592344925348744\natives\windows-amd64\jogl_desktop.dll
Event: 0.660 Loaded shared library C:\Users\danil\AppData\Local\Temp\jogamp_0000\file_cache\jln2661149717365456415\jln4643592344925348744\natives\windows-amd64\jogl_mobile.dll
Event: 1.347 Loaded shared library C:\Users\danil\AppData\Local\Temp\jogamp_0000\file_cache\jln2661149717365456415\jln4643592344925348744\natives\windows-amd64\newt_head.dll

Deoptimization events (20 events):
Event: 56.872 Thread 0x000001bd7f339000 DEOPT PACKING pc=0x000001bd002d23c1 sp=0x0000001b310feaa0
Event: 56.872 Thread 0x000001bd7f339000 DEOPT UNPACKING pc=0x000001bd0758ace3 sp=0x0000001b310fdf90 mode 1
Event: 56.872 Thread 0x000001bd7f339000 DEOPT PACKING pc=0x000001bd002cfd74 sp=0x0000001b310feb30
Event: 56.872 Thread 0x000001bd7f339000 DEOPT UNPACKING pc=0x000001bd0758ace3 sp=0x0000001b310fdfd8 mode 1
Event: 56.912 Thread 0x000001bd7f339000 DEOPT PACKING pc=0x000001bd002d23c1 sp=0x0000001b310fea10
Event: 56.912 Thread 0x000001bd7f339000 DEOPT UNPACKING pc=0x000001bd0758ace3 sp=0x0000001b310fdf00 mode 1
Event: 56.912 Thread 0x000001bd7f339000 DEOPT PACKING pc=0x000001bd002cfd74 sp=0x0000001b310feaa0
Event: 56.912 Thread 0x000001bd7f339000 DEOPT UNPACKING pc=0x000001bd0758ace3 sp=0x0000001b310fdf48 mode 1
Event: 56.912 Thread 0x000001bd7f339000 DEOPT PACKING pc=0x000001bd002d23c1 sp=0x0000001b310feaa0
Event: 56.912 Thread 0x000001bd7f339000 DEOPT UNPACKING pc=0x000001bd0758ace3 sp=0x0000001b310fdf90 mode 1
Event: 56.912 Thread 0x000001bd7f339000 DEOPT PACKING pc=0x000001bd002cfd74 sp=0x0000001b310feb30
Event: 56.912 Thread 0x000001bd7f339000 DEOPT UNPACKING pc=0x000001bd0758ace3 sp=0x0000001b310fdfd8 mode 1
Event: 56.969 Thread 0x000001bd7f7cc060 Uncommon trap: trap_request=0xffffff45 fr.pc=0x000001bd07b96d80 relative=0x00000000000000e0
Event: 56.969 Thread 0x000001bd7f7cc060 Uncommon trap: reason=unstable_if action=reinterpret pc=0x000001bd07b96d80 method=java.util.HashMap$HashIterator.<init>(Ljava/util/HashMap;)V @ 38 c2
Event: 56.969 Thread 0x000001bd7f7cc060 DEOPT PACKING pc=0x000001bd07b96d80 sp=0x0000001b301ff490
Event: 56.969 Thread 0x000001bd7f7cc060 DEOPT UNPACKING pc=0x000001bd0758a1a3 sp=0x0000001b301ff370 mode 2
Event: 56.972 Thread 0x000001bd7f7cc060 Uncommon trap: trap_request=0xffffff45 fr.pc=0x000001bd07b86370 relative=0x00000000000000f0
Event: 56.972 Thread 0x000001bd7f7cc060 Uncommon trap: reason=unstable_if action=reinterpret pc=0x000001bd07b86370 method=com.jogamp.common.util.IntIntHashMap.put(II)I @ 21 c2
Event: 56.972 Thread 0x000001bd7f7cc060 DEOPT PACKING pc=0x000001bd07b86370 sp=0x0000001b301ff1a0
Event: 56.972 Thread 0x000001bd7f7cc060 DEOPT UNPACKING pc=0x000001bd0758a1a3 sp=0x0000001b301ff108 mode 2

Classes loaded (20 events):
Event: 1.484 Loading class java/util/concurrent/Callable done
Event: 1.484 Loading class java/util/concurrent/Executors$RunnableAdapter done
Event: 1.484 Loading class java/util/concurrent/ThreadPoolExecutor$Worker
Event: 1.484 Loading class java/util/concurrent/ThreadPoolExecutor$Worker done
Event: 1.485 Loading class java/util/concurrent/locks/AbstractQueuedSynchronizer$SharedNode
Event: 1.485 Loading class java/util/concurrent/locks/AbstractQueuedSynchronizer$SharedNode done
Event: 1.567 Loading class sun/nio/cs/StreamDecoder
Event: 1.568 Loading class sun/nio/cs/StreamDecoder done
Event: 1.568 Loading class java/util/regex/Pattern$LookBehindEndNode
Event: 1.568 Loading class java/util/regex/Pattern$LookBehindEndNode done
Event: 1.568 Loading class java/util/regex/Pattern$NotBehind
Event: 1.568 Loading class java/util/regex/Pattern$NotBehind done
Event: 1.568 Loading class java/util/regex/Pattern$Neg
Event: 1.568 Loading class java/util/regex/Pattern$Neg done
Event: 1.568 Loading class java/util/regex/Pattern$Pos
Event: 1.569 Loading class java/util/regex/Pattern$Pos done
Event: 1.575 Loading class java/util/regex/Pattern$SliceS
Event: 1.575 Loading class java/util/regex/Pattern$SliceS done
Event: 56.947 Loading class java/nio/channels/ClosedChannelException
Event: 56.948 Loading class java/nio/channels/ClosedChannelException done

Classes unloaded (0 events):
No events

Classes redefined (0 events):
No events

Internal exceptions (20 events):
Event: 0.121 Thread 0x000001bd6fafd590 Exception <a 'java/lang/NoSuchMethodError'{0x00000000c3ce6028}: 'void java.lang.invoke.DirectMethodHandle$Holder.invokeStatic(java.lang.Object, java.lang.Object, java.lang.Object)'> (0x00000000c3ce6028) 
thrown [s\src\hotspot\share\interpreter\linkResolver.cpp, line 759]
Event: 0.127 Thread 0x000001bd6fafd590 Exception <a 'java/lang/ClassNotFoundException'{0x00000000c3b0d1f0}: sun/awt/resources/spi/awtProvider> (0x00000000c3b0d1f0) 
thrown [s\src\hotspot\share\classfile\systemDictionary.cpp, line 256]
Event: 0.141 Thread 0x000001bd6fafd590 Exception <a 'java/io/FileNotFoundException'{0x00000000c3b62b30}> (0x00000000c3b62b30) 
thrown [s\src\hotspot\share\prims\jni.cpp, line 516]
Event: 0.145 Thread 0x000001bd6fafd590 Exception <a 'java/io/FileNotFoundException'{0x00000000c3b901e8}> (0x00000000c3b901e8) 
thrown [s\src\hotspot\share\prims\jni.cpp, line 516]
Event: 0.171 Thread 0x000001bd6fafd590 Exception <a 'java/lang/NoSuchMethodError'{0x00000000c3a3d440}: 'java.lang.Object java.lang.invoke.DirectMethodHandle$Holder.invokeStaticInit(java.lang.Object)'> (0x00000000c3a3d440) 
thrown [s\src\hotspot\share\interpreter\linkResolver.cpp, line 759]
Event: 0.252 Thread 0x000001bd6fafd590 Exception <a 'java/lang/NoSuchMethodError'{0x00000000c364c2b0}: 'java.lang.Object java.lang.invoke.DirectMethodHandle$Holder.invokeStaticInit(java.lang.Object, int, int, int, int)'> (0x00000000c364c2b0) 
thrown [s\src\hotspot\share\interpreter\linkResolver.cpp, line 759]
Event: 0.285 Thread 0x000001bd6fafd590 Exception <a 'java/lang/NoSuchMethodError'{0x00000000c3534f38}: 'java.lang.Object java.lang.invoke.DirectMethodHandle$Holder.invokeStaticInit(java.lang.Object, java.lang.Object, int, int, int, int)'> (0x00000000c3534f38) 
thrown [s\src\hotspot\share\interpreter\linkResolver.cpp, line 759]
Event: 0.305 Thread 0x000001bd6fafd590 Exception <a 'java/lang/NoSuchMethodError'{0x00000000c3540740}: 'void java.lang.invoke.DirectMethodHandle$Holder.invokeStatic(java.lang.Object, long)'> (0x00000000c3540740) 
thrown [s\src\hotspot\share\interpreter\linkResolver.cpp, line 759]
Event: 0.305 Thread 0x000001bd6fafd590 Exception <a 'java/lang/NoSuchMethodError'{0x00000000c3545d20}: 'java.lang.Object java.lang.invoke.DirectMethodHandle$Holder.newInvokeSpecial(java.lang.Object, long)'> (0x00000000c3545d20) 
thrown [s\src\hotspot\share\interpreter\linkResolver.cpp, line 759]
Event: 0.307 Thread 0x000001bd6fafd590 Exception <a 'java/lang/NoSuchMethodError'{0x00000000c3550538}: 'java.lang.Object java.lang.invoke.DirectMethodHandle$Holder.invokeStaticInit(java.lang.Object, java.lang.Object, long, java.lang.Object)'> (0x00000000c3550538) 
thrown [s\src\hotspot\share\interpreter\linkResolver.cpp, line 759]
Event: 0.308 Thread 0x000001bd6fafd590 Exception <a 'java/lang/NoSuchMethodError'{0x00000000c3556af8}: 'java.lang.Object java.lang.invoke.DirectMethodHandle$Holder.newInvokeSpecial(java.lang.Object, java.lang.Object, long)'> (0x00000000c3556af8) 
thrown [s\src\hotspot\share\interpreter\linkResolver.cpp, line 759]
Event: 0.308 Thread 0x000001bd6fafd590 Exception <a 'java/lang/NoSuchMethodError'{0x00000000c355a668}: 'java.lang.Object java.lang.invoke.Invokers$Holder.linkToTargetMethod(java.lang.Object, long, java.lang.Object)'> (0x00000000c355a668) 
thrown [s\src\hotspot\share\interpreter\linkResolver.cpp, line 759]
Event: 0.410 Thread 0x000001bd6fafd590 Exception <a 'java/lang/NoSuchMethodError'{0x00000000c34c9f50}: 'java.lang.Object java.lang.invoke.DirectMethodHandle$Holder.invokeInterface(java.lang.Object, java.lang.Object)'> (0x00000000c34c9f50) 
thrown [s\src\hotspot\share\interpreter\linkResolver.cpp, line 759]
Event: 0.410 Thread 0x000001bd6fafd590 Exception <a 'java/lang/IncompatibleClassChangeError'{0x00000000c34cd870}: Found class java.lang.Object, but interface was expected> (0x00000000c34cd870) 
thrown [s\src\hotspot\share\interpreter\linkResolver.cpp, line 826]
Event: 1.412 Thread 0x000001bd6fafd590 Exception <a 'java/lang/NoSuchMethodError'{0x00000000c334aa70}: 'void java.lang.invoke.DirectMethodHandle$Holder.invokeSpecial(java.lang.Object, java.lang.Object, java.lang.Object, java.lang.Object, java.lang.Object)'> (0x00000000c334aa70) 
thrown [s\src\hotspot\share\interpreter\linkResolver.cpp, line 759]
Event: 1.413 Thread 0x000001bd6fafd590 Exception <a 'java/lang/NoSuchMethodError'{0x00000000c3353a00}: 'void java.lang.invoke.DirectMethodHandle$Holder.invokeSpecial(java.lang.Object, java.lang.Object, java.lang.Object)'> (0x00000000c3353a00) 
thrown [s\src\hotspot\share\interpreter\linkResolver.cpp, line 759]
Event: 1.413 Thread 0x000001bd6fafd590 Exception <a 'java/lang/NoSuchMethodError'{0x00000000c3359d30}: 'void java.lang.invoke.DirectMethodHandle$Holder.invokeSpecial(java.lang.Object, java.lang.Object, int)'> (0x00000000c3359d30) 
thrown [s\src\hotspot\share\interpreter\linkResolver.cpp, line 759]
Event: 1.414 Thread 0x000001bd6fafd590 Exception <a 'java/lang/NoSuchMethodError'{0x00000000c335fd48}: 'java.lang.Object java.lang.invoke.DirectMethodHandle$Holder.newInvokeSpecial(java.lang.Object, java.lang.Object, int)'> (0x00000000c335fd48) 
thrown [s\src\hotspot\share\interpreter\linkResolver.cpp, line 759]
Event: 56.947 Thread 0x000001bd7f33c7b0 Exception <a 'java/lang/InterruptedException'{0x00000000c6d80000}> (0x00000000c6d80000) 
thrown [s\src\hotspot\share\runtime\objectMonitor.cpp, line 1658]
Event: 56.972 Thread 0x000001bd7f7cc060 Implicit null exception at 0x000001bd07b862c4 to 0x000001bd07b8634c

VM Operations (20 events):
Event: 46.781 Executing VM operation: G1CollectForAllocation done
Event: 48.014 Executing VM operation: G1CollectForAllocation
Event: 48.015 Executing VM operation: G1CollectForAllocation done
Event: 49.237 Executing VM operation: G1CollectForAllocation
Event: 49.238 Executing VM operation: G1CollectForAllocation done
Event: 50.431 Executing VM operation: G1CollectForAllocation
Event: 50.432 Executing VM operation: G1CollectForAllocation done
Event: 51.632 Executing VM operation: G1CollectForAllocation
Event: 51.632 Executing VM operation: G1CollectForAllocation done
Event: 52.633 Executing VM operation: Cleanup
Event: 52.633 Executing VM operation: Cleanup done
Event: 52.852 Executing VM operation: G1CollectForAllocation
Event: 52.853 Executing VM operation: G1CollectForAllocation done
Event: 54.061 Executing VM operation: G1CollectForAllocation
Event: 54.062 Executing VM operation: G1CollectForAllocation done
Event: 55.267 Executing VM operation: G1CollectForAllocation
Event: 55.268 Executing VM operation: G1CollectForAllocation done
Event: 56.476 Executing VM operation: G1CollectForAllocation
Event: 56.477 Executing VM operation: G1CollectForAllocation done
Event: 57.049 Executing VM operation: Exit

Memory protections (0 events):
No events

Nmethod flushes (0 events):
No events

Events (20 events):
Event: 1.424 Thread 0x000001bd7f2adce0 Thread exited: 0x000001bd7f2adce0
Event: 1.485 Thread 0x000001bd7f339000 Thread added: 0x000001bd7f339a20
Event: 1.485 Thread 0x000001bd7f339000 Thread added: 0x000001bd7f33bd90
Event: 1.485 Thread 0x000001bd7f339000 Thread added: 0x000001bd7f339510
Event: 1.485 Thread 0x000001bd7f339000 Thread added: 0x000001bd7f33c2a0
Event: 1.486 Thread 0x000001bd7e972ad0 Thread added: 0x000001bd7ecd8360
Event: 1.904 Thread 0x000001bd7ecd8360 Thread exited: 0x000001bd7ecd8360
Event: 1.935 Thread 0x000001bd7ecd7e10 Thread exited: 0x000001bd7ecd7e10
Event: 56.947 Thread 0x000001bd7f339000 Thread added: 0x000001bd7f339f30
Event: 56.947 Thread 0x000001bd7f339000 Thread added: 0x000001bd7f33a440
Event: 56.947 Thread 0x000001bd7f339000 Thread added: 0x000001bd7f33b370
Event: 56.947 Thread 0x000001bd7f33c7b0 Thread exited: 0x000001bd7f33c7b0
Event: 56.948 Thread 0x000001bd7f0e5c30 Thread added: 0x000001bd7f33b880
Event: 56.948 Thread 0x000001bd7f33b370 Thread exited: 0x000001bd7f33b370
Event: 56.948 Thread 0x000001bd55d6ef20 Thread exited: 0x000001bd55d6ef20
Event: 56.949 Thread 0x000001bd7f0e5c30 Thread exited: 0x000001bd7f0e5c30
Event: 56.973 Thread 0x000001bd7f7cc060 Thread exited: 0x000001bd7f7cc060
Event: 56.976 Thread 0x000001bd7f339f30 Thread exited: 0x000001bd7f339f30
Event: 57.048 Thread 0x000001bd7f33a440 Thread exited: 0x000001bd7f33a440
Event: 57.049 Thread 0x000001bd7f339000 Before exit entered


Dynamic libraries:
0x00007ff7c9de0000 - 0x00007ff7c9dee000 	C:\Program Files\Processing\app\resources\jdk-17.0.14+7\bin\java.exe
0x00007ffa7da60000 - 0x00007ffa7dcc7000 	C:\WINDOWS\SYSTEM32\ntdll.dll
0x00007ffa7c020000 - 0x00007ffa7c0e9000 	C:\WINDOWS\System32\KERNEL32.DLL
0x00007ffa7a540000 - 0x00007ffa7a937000 	C:\WINDOWS\System32\KERNELBASE.dll
0x00007ffa7ab20000 - 0x00007ffa7ac6b000 	C:\WINDOWS\System32\ucrtbase.dll
0x00007ffa4d920000 - 0x00007ffa4d937000 	C:\Program Files\Processing\app\resources\jdk-17.0.14+7\bin\jli.dll
0x00007ffa4d900000 - 0x00007ffa4d91e000 	C:\Program Files\Processing\app\resources\jdk-17.0.14+7\bin\VCRUNTIME140.dll
0x00007ffa7bdd0000 - 0x00007ffa7bf96000 	C:\WINDOWS\System32\USER32.dll
0x00007ffa61590000 - 0x00007ffa61822000 	C:\WINDOWS\WinSxS\amd64_microsoft.windows.common-controls_6595b64144ccf1df_6.0.26100.8457_none_3e0b2faee331e92d\COMCTL32.dll
0x00007ffa7b630000 - 0x00007ffa7b657000 	C:\WINDOWS\System32\win32u.dll
0x00007ffa7b7e0000 - 0x00007ffa7b889000 	C:\WINDOWS\System32\msvcrt.dll
0x00007ffa7cc40000 - 0x00007ffa7cc6b000 	C:\WINDOWS\System32\GDI32.dll
0x00007ffa7a940000 - 0x00007ffa7aa6c000 	C:\WINDOWS\System32\gdi32full.dll
0x00007ffa7a490000 - 0x00007ffa7a533000 	C:\WINDOWS\System32\msvcp_win.dll
0x00007ffa7ba00000 - 0x00007ffa7ba32000 	C:\WINDOWS\System32\IMM32.DLL
0x00007ffa73680000 - 0x00007ffa7368c000 	C:\Program Files\Processing\app\resources\jdk-17.0.14+7\bin\vcruntime140_1.dll
0x00007ffa457d0000 - 0x00007ffa4585d000 	C:\Program Files\Processing\app\resources\jdk-17.0.14+7\bin\msvcp140.dll
0x00007ff9b1440000 - 0x00007ff9b20ab000 	C:\Program Files\Processing\app\resources\jdk-17.0.14+7\bin\server\jvm.dll
0x00007ffa7d380000 - 0x00007ffa7d436000 	C:\WINDOWS\System32\ADVAPI32.dll
0x00007ffa7d450000 - 0x00007ffa7d4f7000 	C:\WINDOWS\System32\sechost.dll
0x00007ffa7d610000 - 0x00007ffa7d728000 	C:\WINDOWS\System32\RPCRT4.dll
0x00007ffa7d500000 - 0x00007ffa7d580000 	C:\WINDOWS\System32\WS2_32.dll
0x00007ffa7a310000 - 0x00007ffa7a36e000 	C:\WINDOWS\SYSTEM32\POWRPROF.dll
0x00007ffa704a0000 - 0x00007ffa704ab000 	C:\WINDOWS\SYSTEM32\VERSION.dll
0x00007ffa61e60000 - 0x00007ffa61e96000 	C:\WINDOWS\SYSTEM32\WINMM.dll
0x00007ffa7a2f0000 - 0x00007ffa7a304000 	C:\WINDOWS\SYSTEM32\UMPDC.dll
0x00007ffa79220000 - 0x00007ffa7923b000 	C:\WINDOWS\SYSTEM32\kernel.appcore.dll
0x00007ffa6a5b0000 - 0x00007ffa6a5ba000 	C:\Program Files\Processing\app\resources\jdk-17.0.14+7\bin\jimage.dll
0x00007ffa72470000 - 0x00007ffa726b2000 	C:\WINDOWS\SYSTEM32\DBGHELP.DLL
0x00007ffa7c870000 - 0x00007ffa7cbf3000 	C:\WINDOWS\System32\combase.dll
0x00007ffa7bc30000 - 0x00007ffa7bd09000 	C:\WINDOWS\System32\OLEAUT32.dll
0x00007ffa410a0000 - 0x00007ffa410db000 	C:\WINDOWS\SYSTEM32\dbgcore.DLL
0x00007ffa7aa70000 - 0x00007ffa7ab18000 	C:\WINDOWS\System32\bcryptPrimitives.dll
0x00007ffa478a0000 - 0x00007ffa478db000 	C:\Program Files\Processing\app\resources\jdk-17.0.14+7\bin\jdwp.dll
0x00007ffa4c330000 - 0x00007ffa4c355000 	C:\Program Files\Processing\app\resources\jdk-17.0.14+7\bin\java.dll
0x00007ffa41a00000 - 0x00007ffa41ad7000 	C:\Program Files\Processing\app\resources\jdk-17.0.14+7\bin\jsvml.dll
0x00007ffa7c0f0000 - 0x00007ffa7c85e000 	C:\WINDOWS\System32\SHELL32.dll
0x00007ffa7ac70000 - 0x00007ffa7b4dc000 	C:\WINDOWS\System32\windows.storage.dll
0x00007ffa7d730000 - 0x00007ffa7d826000 	C:\WINDOWS\System32\SHCORE.dll
0x00007ffa7d210000 - 0x00007ffa7d276000 	C:\WINDOWS\System32\shlwapi.dll
0x00007ffa7a3b0000 - 0x00007ffa7a3d9000 	C:\WINDOWS\SYSTEM32\profapi.dll
0x00007ffa4d410000 - 0x00007ffa4d41c000 	C:\Program Files\Processing\app\resources\jdk-17.0.14+7\bin\dt_socket.dll
0x00007ffa78c30000 - 0x00007ffa78c62000 	C:\WINDOWS\SYSTEM32\IPHLPAPI.DLL
0x00007ffa79790000 - 0x00007ffa797fc000 	C:\WINDOWS\system32\mswsock.dll
0x00007ffa4ce10000 - 0x00007ffa4ce29000 	C:\Program Files\Processing\app\resources\jdk-17.0.14+7\bin\net.dll
0x00007ffa775b0000 - 0x00007ffa776d9000 	C:\WINDOWS\SYSTEM32\WINHTTP.dll
0x00007ffa4cd70000 - 0x00007ffa4cd86000 	C:\Program Files\Processing\app\resources\jdk-17.0.14+7\bin\nio.dll
0x00007ffa47880000 - 0x00007ffa47898000 	C:\Program Files\Processing\app\resources\jdk-17.0.14+7\bin\zip.dll
0x00007ff9ec9a0000 - 0x00007ff9ecb30000 	C:\Program Files\Processing\app\resources\jdk-17.0.14+7\bin\awt.dll
0x00007ffa76060000 - 0x00007ffa76100000 	C:\WINDOWS\SYSTEM32\apphelp.dll
0x00007ffa77ee0000 - 0x00007ffa77f8a000 	C:\WINDOWS\system32\uxtheme.dll
0x00007ffa7b890000 - 0x00007ffa7b9ec000 	C:\WINDOWS\System32\MSCTF.dll
0x00007ffa7ba40000 - 0x00007ffa7bbd7000 	C:\WINDOWS\System32\ole32.dll
0x00007ffa781d0000 - 0x00007ffa781ff000 	C:\WINDOWS\system32\DWMAPI.DLL
0x00007ffa33d40000 - 0x00007ffa33e4f000 	C:\WINDOWS\system32\opengl32.dll
0x00007ffa36620000 - 0x00007ffa3664d000 	C:\WINDOWS\SYSTEM32\GLU32.dll
0x00007ffa77ff0000 - 0x00007ffa78035000 	C:\WINDOWS\SYSTEM32\dxcore.dll
0x00007ffa79a70000 - 0x00007ffa79a8b000 	C:\WINDOWS\SYSTEM32\CRYPTSP.dll
0x00007ffa79180000 - 0x00007ffa791b9000 	C:\WINDOWS\system32\rsaenh.dll
0x00007ffa79840000 - 0x00007ffa79873000 	C:\WINDOWS\SYSTEM32\USERENV.dll
0x00007ffa7a380000 - 0x00007ffa7a3aa000 	C:\WINDOWS\SYSTEM32\bcrypt.dll
0x00007ffa79a90000 - 0x00007ffa79a9c000 	C:\WINDOWS\SYSTEM32\CRYPTBASE.dll
0x00007ffa7cc00000 - 0x00007ffa7cc0a000 	C:\WINDOWS\System32\NSI.dll
0x00007ffa77800000 - 0x00007ffa7781d000 	C:\WINDOWS\SYSTEM32\dhcpcsvc6.DLL
0x00007ffa77750000 - 0x00007ffa77775000 	C:\WINDOWS\SYSTEM32\dhcpcsvc.DLL
0x00007ffa78ce0000 - 0x00007ffa78e12000 	C:\WINDOWS\SYSTEM32\DNSAPI.dll
0x00007ffa44850000 - 0x00007ffa44863000 	C:\Users\danil\AppData\Local\Temp\jogamp_0000\file_cache\jln2661149717365456415\jln4643592344925348744\natives\windows-amd64\gluegen_rt.dll
0x00007ffa4d400000 - 0x00007ffa4d407000 	C:\Program Files\Processing\app\resources\jdk-17.0.14+7\bin\jawt.dll
0x00007ffa4cd50000 - 0x00007ffa4cd5d000 	C:\Users\danil\AppData\Local\Temp\jogamp_0000\file_cache\jln2661149717365456415\jln4643592344925348744\natives\windows-amd64\nativewindow_awt.dll
0x00007ffa419e0000 - 0x00007ffa419f5000 	C:\Users\danil\AppData\Local\Temp\jogamp_0000\file_cache\jln2661149717365456415\jln4643592344925348744\natives\windows-amd64\nativewindow_win32.dll
0x00007ffa3fac0000 - 0x00007ffa3fb43000 	C:\Users\danil\AppData\Local\Temp\jogamp_0000\file_cache\jln2661149717365456415\jln4643592344925348744\natives\windows-amd64\jogl_desktop.dll
0x00007ffa24380000 - 0x00007ffa243d2000 	C:\Users\danil\AppData\Local\Temp\jogamp_0000\file_cache\jln2661149717365456415\jln4643592344925348744\natives\windows-amd64\jogl_mobile.dll
0x00007ffa73470000 - 0x00007ffa734d1000 	C:\WINDOWS\SYSTEM32\directxdatabasehelper.dll
0x00007ffa665e0000 - 0x00007ffa665fd000 	C:\WINDOWS\SYSTEM32\windows.staterepositorycore.dll
0x00007ff9b0460000 - 0x00007ff9b1433000 	C:\WINDOWS\System32\DriverStore\FileRepository\iigd_dch.inf_amd64_225f37aa3862fc3f\igxelpicd64.dll
0x00007ffa78040000 - 0x00007ffa7817e000 	C:\WINDOWS\system32\dxgi.dll
0x00007ff9d3b70000 - 0x00007ff9d3ff7000 	C:\WINDOWS\System32\DriverStore\FileRepository\iigd_dch.inf_amd64_225f37aa3862fc3f\igdml64.dll
0x00007ffa7a000000 - 0x00007ffa7a051000 	C:\WINDOWS\SYSTEM32\cfgmgr32.dll
0x00007ffa704b0000 - 0x00007ffa70871000 	C:\WINDOWS\System32\DriverStore\FileRepository\iigd_dch.inf_amd64_225f37aa3862fc3f\igdgmm64.dll
0x00007ffa6d290000 - 0x00007ffa70496000 	C:\WINDOWS\System32\DriverStore\FileRepository\iigd_dch.inf_amd64_225f37aa3862fc3f\igc64.dll
0x00007ffa41800000 - 0x00007ffa41819000 	C:\Users\danil\AppData\Local\Temp\jogamp_0000\file_cache\jln2661149717365456415\jln4643592344925348744\natives\windows-amd64\newt_head.dll
0x00007ffa6bce0000 - 0x00007ffa6bd9f000 	C:\WINDOWS\SYSTEM32\mscms.dll
0x00007ffa111b0000 - 0x00007ffa111f9000 	C:\WINDOWS\SYSTEM32\icm32.dll
0x00007ffa7cc70000 - 0x00007ffa7d0f7000 	C:\WINDOWS\System32\setupapi.dll
0x00007ffa79fd0000 - 0x00007ffa79ffd000 	C:\WINDOWS\SYSTEM32\DEVOBJ.dll
0x00007ffa7b4e0000 - 0x00007ffa7b562000 	C:\WINDOWS\System32\WINTRUST.dll
0x00007ffa7b660000 - 0x00007ffa7b7d8000 	C:\WINDOWS\System32\CRYPT32.dll
0x00007ffa79ba0000 - 0x00007ffa79bb3000 	C:\WINDOWS\SYSTEM32\MSASN1.dll
0x00007ffa4d4c0000 - 0x00007ffa4d606000 	C:\WINDOWS\SYSTEM32\textinputframework.dll
0x00007ffa76ea0000 - 0x00007ffa76fc7000 	C:\WINDOWS\SYSTEM32\CoreMessaging.dll
0x00007ffa726c0000 - 0x00007ffa729a2000 	C:\WINDOWS\SYSTEM32\CoreUIComponents.dll
0x00007ffa737b0000 - 0x00007ffa7391a000 	C:\WINDOWS\SYSTEM32\wintypes.dll

dbghelp: loaded successfully - version: 4.0.5 - missing functions: none
symbol engine: initialized successfully - sym options: 0x614 - pdb path: .;C:\Program Files\Processing\app\resources\jdk-17.0.14+7\bin;C:\WINDOWS\SYSTEM32;C:\WINDOWS\WinSxS\amd64_microsoft.windows.common-controls_6595b64144ccf1df_6.0.26100.8457_none_3e0b2faee331e92d;C:\Program Files\Processing\app\resources\jdk-17.0.14+7\bin\server;C:\Users\danil\AppData\Local\Temp\jogamp_0000\file_cache\jln2661149717365456415\jln4643592344925348744\natives\windows-amd64;C:\WINDOWS\System32\DriverStore\FileRepository\iigd_dch.inf_amd64_225f37aa3862fc3f

VM Arguments:
jvm_args: -agentlib:jdwp=transport=dt_socket,address=8288,server=y,suspend=y,quiet=y -Xms64m -Xmx1024m -Djna.nosys=true -Djava.library.path=;C:\Program Files\Processing\app\resources\core\library;C:\Program Files\Processing;C:\WINDOWS\system32;C:\WINDOWS;C:\Program Files\PlasticSCM5\server;C:\Program Files\PlasticSCM5\client;C:\Program Files\Common Files\Oracle\Java\javapath;C:\Program Files (x86)\Common Files\Oracle\Java\javapath;C:\Windows\System32\HWAudioDriverLibs;C:\Windows\system32;C:\Windows;C:\Windows\System32\Wbem;C:\Windows\System32\WindowsPowerShell\v1.0;C:\Windows\System32\OpenSSH;C:\Program Files\Microsoft SQL Server\150\Tools\Binn;C:\Program Files\Microsoft SQL Server\Client SDK\ODBC\170\Tools\Binn;C:\Program Files\dotnet;D:\Windows Kits\10\Windows Performance Toolkit;C:\Program Files\Java\jdk-23\bin;C:\WINDOWS\system32;C:\WINDOWS;C:\WINDOWS\System32\Wbem;C:\WINDOWS\System32\WindowsPowerShell\v1.0;C:\WINDOWS\System32\OpenSSH;C:\Program Files\nodejs;C:\Program Files\Docker\Docker\resources\bin;C:\Program Files\TortoiseGit\bin;C:\Program Files\Git\cmd;C:\Users\danil\AppData\Local\Programs\Python\Python312\Scripts;C:\Users\danil\AppData\Local\Programs\Python\Python312;C:\Users\danil\AppData\Local\Microsoft\WindowsApps;C:\Users\danil\AppData\Local\Programs\Microsoft VS Code\bin;C:\Users\danil\AppData\Roaming\npm;D:\DataBase\18\bin;C:\Program Files\Processing\app;. -ea 
java_command: processing.core.PApplet --editor-location=-7,-7 --external --display=1 --sketch-path=C:\Users\danil\Desktop\Gravity_simul Gravity_simul
java_class_path (initial): C:\Users\danil\AppData\Local\Temp\processing\Gravity_simul3912534228404455874temp;C:\Program Files\Processing\app\resources\core\library\annotations-13.0.jar;C:\Program Files\Processing\app\resources\core\library\antlr-2.7.7.jar;C:\Program Files\Processing\app\resources\core\library\core-4.4.1.jar;C:\Program Files\Processing\app\resources\core\library\gluegen-rt-2.5.0-natives-android-aarch64.jar;C:\Program Files\Processing\app\resources\core\library\gluegen-rt-2.5.0-natives-linux-aarch64.jar;C:\Program Files\Processing\app\resources\core\library\gluegen-rt-2.5.0-natives-linux-amd64.jar;C:\Program Files\Processing\app\resources\core\library\gluegen-rt-2.5.0-natives-linux-armv6hf.jar;C:\Program Files\Processing\app\resources\core\library\gluegen-rt-2.5.0-natives-macosx-universal.jar;C:\Program Files\Processing\app\resources\core\library\gluegen-rt-2.5.0-natives-windows-amd64.jar;C:\Program Files\Processing\app\resources\core\library\gluegen-rt-2.5.0.jar;C:\Program Files\Processing\app\resources\core\library\gluegen-rt-main-2.5.0.jar;C:\Program Files\Processing\app\resources\core\library\jogl-all-2.5.0-natives-android-aarch64.jar;C:\Program Files\Processing\app\resources\core\library\jogl-all-2.5.0-natives-linux-aarch64.jar;C:\Program Files\Processing\app\resources\core\library\jogl-all-2.5.0-natives-linux-amd64.jar;C:\Program Files\Processing\app\resources\core\library\jogl-all-2.5.0-natives-linux-armv6hf.jar;C:\Program Files\Processing\app\resources\core\library\jogl-all-2.5.0-natives-macosx-universal.jar;C:\Program Files\Processing\app\resources\core\library\jogl-all-2.5.0-natives-windows-amd64.jar;C:\Program Files\Processing\app\resources\core\library\jogl-all-2.5.0.jar;C:\Program Files\Processing\app\resources\core\library\jogl-all-main-2.5.0.jar;C:\Program Files\Processing\app\resources\core\library\kotlin-stdlib-2.0.20.jar
Launcher Type: SUN_STANDARD

[Global flags]
     intx CICompilerCount                          = 4                                         {product} {ergonomic}
     uint ConcGCThreads                            = 2                                         {product} {ergonomic}
     uint G1ConcRefinementThreads                  = 8                                         {product} {ergonomic}
   size_t G1HeapRegionSize                         = 1048576                                   {product} {ergonomic}
    uintx GCDrainStackTargetSize                   = 64                                        {product} {ergonomic}
   size_t InitialHeapSize                          = 67108864                                  {product} {command line}
   size_t MarkStackSize                            = 4194304                                   {product} {ergonomic}
   size_t MaxHeapSize                              = 1073741824                                {product} {command line}
   size_t MaxNewSize                               = 643825664                                 {product} {ergonomic}
   size_t MinHeapDeltaBytes                        = 1048576                                   {product} {ergonomic}
   size_t MinHeapSize                              = 67108864                                  {product} {command line}
    uintx NonNMethodCodeHeapSize                   = 5839372                                {pd product} {ergonomic}
    uintx NonProfiledCodeHeapSize                  = 122909434                              {pd product} {ergonomic}
    uintx ProfiledCodeHeapSize                     = 122909434                              {pd product} {ergonomic}
    uintx ReservedCodeCacheSize                    = 251658240                              {pd product} {ergonomic}
     bool SegmentedCodeCache                       = true                                      {product} {ergonomic}
   size_t SoftMaxHeapSize                          = 1073741824                             {manageable} {ergonomic}
     bool UseCompressedClassPointers               = true                           {product lp64_product} {ergonomic}
     bool UseCompressedOops                        = true                           {product lp64_product} {ergonomic}
     bool UseG1GC                                  = true                                      {product} {ergonomic}
     bool UseLargePagesIndividualAllocation        = false                                  {pd product} {ergonomic}

Logging:
Log output configuration:
 #0: stdout all=off uptime,level,tags
 #1: stderr all=off uptime,level,tags

Environment Variables:
JAVA_HOME=C:\Program Files\Java\jdk-23
PATH=C:\Program Files\PlasticSCM5\server;C:\Program Files\PlasticSCM5\client;C:\Program Files\Common Files\Oracle\Java\javapath;C:\Program Files (x86)\Common Files\Oracle\Java\javapath;C:\Windows\System32\HWAudioDriverLibs;C:\Windows\system32;C:\Windows;C:\Windows\System32\Wbem;C:\Windows\System32\WindowsPowerShell\v1.0\;C:\Windows\System32\OpenSSH\;C:\Users\Administrator\AppData\Local\Microsoft\WindowsApps;C:\Program Files\Microsoft SQL Server\150\Tools\Binn\;C:\Program Files\Microsoft SQL Server\Client SDK\ODBC\170\Tools\Binn\;C:\Program Files\dotnet\;D:\Windows Kits\10\Windows Performance Toolkit\;C:\Program Files\Java\jdk-23\bin;C:\WINDOWS\system32;C:\WINDOWS;C:\WINDOWS\System32\Wbem;C:\WINDOWS\System32\WindowsPowerShell\v1.0\;C:\WINDOWS\System32\OpenSSH\;C:\Program Files\nodejs\;C:\Program Files\Docker\Docker\resources\bin;C:\Program Files\TortoiseGit\bin;C:\Program Files\Git\cmd;C:\Users\danil\AppData\Local\Programs\Python\Python312\Scripts\;C:\Users\danil\AppData\Local\Programs\Python\Python312\;C:\Users\danil\AppData\Local\Microsoft\WindowsApps;C:\Users\danil\.dotnet\tools;C:\Users\danil\AppData\Local\Programs\Microsoft VS Code\bin;C:\Users\danil\AppData\Roaming\npm;D:\DataBase\18\bin;C:\Program Files\Processing\app
USERNAME=danil
OS=Windows_NT
PROCESSOR_IDENTIFIER=Intel64 Family 6 Model 140 Stepping 2, GenuineIntel
TMP=C:\Users\danil\AppData\Local\Temp
TEMP=C:\Users\danil\AppData\Local\Temp



Periodic native trim disabled


---------------  S Y S T E M  ---------------

OS:
 Windows 11 , 64 bit Build 26100 (10.0.26100.8328)
OS uptime: 0 days 4:28 hours
Hyper-V role detected

CPU: total 8 (initial active 8) (4 cores per cpu, 2 threads per core) family 6 model 140 stepping 2 microcode 0x16, cx8, cmov, fxsr, ht, mmx, 3dnowpref, sse, sse2, sse3, ssse3, sse4.1, sse4.2, popcnt, lzcnt, tsc, tscinvbit, avx, avx2, aes, erms, clmul, bmi1, bmi2, adx, avx512f, avx512dq, avx512cd, avx512bw, avx512vl, sha, fma, vzeroupper, avx512_vpopcntdq, avx512_vpclmulqdq, avx512_vaes, avx512_vnni, clflush, clflushopt, clwb, avx512_vbmi2, avx512_vbmi, hv
Processor Information for all 8 processors :
  Max Mhz: 2496, Current Mhz: 2496, Mhz Limit: 2496

Memory: 4k page, system-wide physical 7975M (2413M free)
TotalPageFile size 17703M (AvailPageFile size 8318M)
current process WorkingSet (physical memory assigned to process): 493M, peak: 500M
current process commit charge ("private bytes"): 467M, peak: 476M

vm_info: OpenJDK 64-Bit Server VM (17.0.14+7) for windows-amd64 JRE (17.0.14+7), built on Jan 21 2025 23:40:15 by "admin" with MS VC++ 17.7 (VS2022)

END.
