#
# A fatal error has been detected by the Java Runtime Environment:
#
#  EXCEPTION_ACCESS_VIOLATION (0xc0000005) at pc=0x00007ffdb1a1b386, pid=5132, tid=17872
#
# JRE version: OpenJDK Runtime Environment Temurin-17.0.14+7 (17.0.14+7) (build 17.0.14+7)
# Java VM: OpenJDK 64-Bit Server VM Temurin-17.0.14+7 (17.0.14+7, mixed mode, sharing, tiered, compressed oops, compressed class ptrs, g1 gc, windows-amd64)
# Problematic frame:
# C  [igxelpicd64.dll+0x23b386]
#
# No core dump will be written. Minidumps are not enabled by default on client versions of Windows
#
# If you would like to submit a bug report, please visit:
#   https://github.com/adoptium/adoptium-support/issues
#

---------------  S U M M A R Y ------------

Command Line: -agentlib:jdwp=transport=dt_socket,address=8977,server=y,suspend=y,quiet=y -Xms64m -Xmx1024m -Djna.nosys=true -Djava.library.path=;C:\Program Files\Processing\app\resources\core\library;C:\Program Files\Processing;C:\WINDOWS\system32;C:\WINDOWS;C:\Program Files\PlasticSCM5\server;C:\Program Files\PlasticSCM5\client;C:\Program Files\Common Files\Oracle\Java\javapath;C:\Program Files (x86)\Common Files\Oracle\Java\javapath;C:\Windows\System32\HWAudioDriverLibs;C:\Windows\system32;C:\Windows;C:\Windows\System32\Wbem;C:\Windows\System32\WindowsPowerShell\v1.0;C:\Windows\System32\OpenSSH;C:\Program Files\Microsoft SQL Server\150\Tools\Binn;C:\Program Files\Microsoft SQL Server\Client SDK\ODBC\170\Tools\Binn;C:\Program Files\dotnet;D:\Windows Kits\10\Windows Performance Toolkit;C:\Program Files\Java\jdk-23\bin;C:\WINDOWS\system32;C:\WINDOWS;C:\WINDOWS\System32\Wbem;C:\WINDOWS\System32\WindowsPowerShell\v1.0;C:\WINDOWS\System32\OpenSSH;C:\Program Files\nodejs;C:\Program Files\Docker\Docker\resources\bin;C:\Program Files\TortoiseGit\bin;C:\Program Files\Git\cmd;C:\Users\danil\AppData\Local\Programs\Python\Python312\Scripts;C:\Users\danil\AppData\Local\Programs\Python\Python312;C:\Users\danil\AppData\Local\Microsoft\WindowsApps;C:\Users\danil\AppData\Local\Programs\Microsoft VS Code\bin;C:\Users\danil\AppData\Roaming\npm;D:\DataBase\18\bin;C:\Program Files\Processing\app;. -ea processing.core.PApplet --location=647,369 --external --display=1 --sketch-path=C:\Users\danil\Desktop\Gravity_simul Gravity_simul

Host: 11th Gen Intel(R) Core(TM) i5-1155G7 @ 2.50GHz, 8 cores, 7G,  Windows 11 , 64 bit Build 26100 (10.0.26100.8328)
Time: Sun Jun 28 19:25:51 2026 RTZ 3 (s 11 , 64 bit Build 26100 (10.0.26100.8328) elapsed time: 1473.451251 seconds (0d 0h 24m 33s)

---------------  T H R E A D  ---------------

Current thread (0x00000179ec9bcbf0):  VMThread "VM Thread" [stack: 0x000000639c400000,0x000000639c500000] [id=17872]

Stack: [0x000000639c400000,0x000000639c500000],  sp=0x000000639c4fdf50,  free space=1015k
Native frames: (J=compiled Java code, j=interpreted, Vv=VM code, C=native code)
C  [igxelpicd64.dll+0x23b386]


siginfo: EXCEPTION_ACCESS_VIOLATION (0xc0000005), reading address 0x0000000000035468


Registers:
RAX=0x00000179c62cdaa0, RBX=0x00000179f19541e0, RCX=0x0000000000000004, RDX=0x0000000000000000
RSP=0x000000639c4fdf50, RBP=0x0000000000000000, RSI=0x00000179c62cd8a0, RDI=0x00000179f1234370
R8 =0x00000179c62cd9a0, R9 =0x000000639b86c000, R10=0x0000000000000000, R11=0x0000000000000246
R12=0x00000179c62cd8a0, R13=0x0000000000000000, R14=0x00000179c62cdde8, R15=0x00000179c62cefe0
RIP=0x00007ffdb1a1b386, EFLAGS=0x0000000000010206


Register to memory mapping:

RIP=0x00007ffdb1a1b386 igxelpicd64.dll
RAX=0x00000179c62cdaa0 points into unknown readable memory: 0x000000000006ecc1 | c1 ec 06 00 00 00 00 00
RBX=0x00000179f19541e0 points into unknown readable memory: 0xffffffffffffffff | ff ff ff ff ff ff ff ff
RCX=0x0000000000000004 is an unknown value
RDX=0x0 is NULL
RSP=0x000000639c4fdf50 points into unknown readable memory: 0x00000179f19541e0 | e0 41 95 f1 79 01 00 00
RBP=0x0 is NULL
RSI=0x00000179c62cd8a0 points into unknown readable memory: 0x00000179ecda1cb0 | b0 1c da ec 79 01 00 00
RDI=0x00000179f1234370 points into unknown readable memory: 0x34000000bebafe00 | 00 fe ba be 00 00 00 34
R8 =0x00000179c62cd9a0 points into unknown readable memory: 0x0000000000000000 | 00 00 00 00 00 00 00 00
R9 =0x000000639b86c000 points into unknown readable memory: 0x0000000000000000 | 00 00 00 00 00 00 00 00
R10=0x0 is NULL
R11=0x0000000000000246 is an unknown value
R12=0x00000179c62cd8a0 points into unknown readable memory: 0x00000179ecda1cb0 | b0 1c da ec 79 01 00 00
R13=0x0 is NULL
R14=0x00000179c62cdde8 points into unknown readable memory: 0x00000179c62cefe0 | e0 ef 2c c6 79 01 00 00
R15=0x00000179c62cefe0 points into unknown readable memory: 0x00000179ecda1cb0 | b0 1c da ec 79 01 00 00


Top of Stack: (sp=0x000000639c4fdf50)
0x000000639c4fdf50:   00000179f19541e0 0000000000000000
0x000000639c4fdf60:   0000000000000000 0000000000000000
0x000000639c4fdf70:   0000001600000000 0000000000000000
0x000000639c4fdf80:   0000000000000000 0000000000000000
0x000000639c4fdf90:   00000179f19541e0 0000000000000000
0x000000639c4fdfa0:   0000000000000000 0000000000000000
0x000000639c4fdfb0:   0000000000000000 0000000000000000
0x000000639c4fdfc0:   0000000000000000 0000000000000000
0x000000639c4fdfd0:   0000000000000000 0000000000000000
0x000000639c4fdfe0:   0000000000000000 0000000000000000
0x000000639c4fdff0:   0000000000000000 0000000000000000
0x000000639c4fe000:   0000000000000000 0000000000000000
0x000000639c4fe010:   0000000000000000 0000000000000000
0x000000639c4fe020:   0000000000000000 0000000000000000
0x000000639c4fe030:   0000000000000000 00007ffe8d905b54
0x000000639c4fe040:   0000000000000000 0000000000000000
0x000000639c4fe050:   000000639c4fe1f0 00007ffe8b771259
0x000000639c4fe060:   000000639c4fe0e8 0000000000000000
0x000000639c4fe070:   0000000000000054 0000000000000000
0x000000639c4fe080:   000000639c4fe2ff 00007ffe8d905cc4
0x000000639c4fe090:   000000639c4fe2ff 00000000ffffffff
0x000000639c4fe0a0:   0000a8194fd22a5a 0000000000000000
0x000000639c4fe0b0:   00000179f3431bb8 000000000006ecf1
0x000000639c4fe0c0:   0000000000000000 0000000000000016
0x000000639c4fe0d0:   0000000000000000 0000000000000000
0x000000639c4fe0e0:   000000639c4fe1f0 00007ffdb1a482ae
0x000000639c4fe0f0:   00000179f1234370 0000000000000000
0x000000639c4fe100:   00000179f1234370 0000000000000000
0x000000639c4fe110:   0000006300000bd4 0000740400880000
0x000000639c4fe120:   0000000000000000 0000000000000000
0x000000639c4fe130:   0000000000000000 0000000000000000
0x000000639c4fe140:   0000000000000000 0000000000000000 

Instructions: (pc=0x00007ffdb1a1b386)
0x00007ffdb1a1b286:   00 90 4c 8b bf 80 02 00 00 48 8b 05 9a 85 bd 00
0x00007ffdb1a1b296:   8b 80 c8 0a 00 00 89 44 24 24 c6 44 24 20 00 48
0x00007ffdb1a1b2a6:   c7 87 80 02 00 00 00 00 00 00 c7 87 88 02 00 00
0x00007ffdb1a1b2b6:   00 00 00 00 48 c7 87 a0 02 00 00 00 00 00 00 48
0x00007ffdb1a1b2c6:   c7 87 90 02 00 00 00 00 00 00 48 85 ed 75 3d 8b
0x00007ffdb1a1b2d6:   35 0d 77 cd 00 65 48 8b 04 25 58 00 00 00 b9 14
0x00007ffdb1a1b2e6:   00 00 00 48 8b 04 f0 40 38 2c 01 0f 84 c9 e7 75
0x00007ffdb1a1b2f6:   00 65 48 8b 04 25 58 00 00 00 bd 20 00 00 00 48
0x00007ffdb1a1b306:   8b 04 f0 48 8b 2c 28 48 89 6c 24 28 48 3b 2d 07
0x00007ffdb1a1b316:   9b cd 00 0f 84 9b 10 00 00 4d 85 ff 0f 84 3a 01
0x00007ffdb1a1b326:   00 00 0f 1f 84 00 00 00 00 00 49 8b f7 4d 8b e7
0x00007ffdb1a1b336:   4d 8d b7 48 05 00 00 4d 8b 3e 45 84 ed 0f 85 d9
0x00007ffdb1a1b346:   0e 00 00 8b 8f d0 01 00 00 48 8b 05 da 84 bd 00
0x00007ffdb1a1b356:   83 b8 64 03 00 00 02 75 34 4d 8d 84 24 00 01 00
0x00007ffdb1a1b366:   00 83 f9 10 0f 83 3a 01 00 00 8b c1 48 c1 e0 06
0x00007ffdb1a1b376:   49 03 c0 48 85 c0 0f 84 9b 01 00 00 48 8b 50 08
0x00007ffdb1a1b386:   48 3b 95 68 54 03 00 0f 87 b6 0e 00 00 48 83 be
0x00007ffdb1a1b396:   c0 05 00 00 00 0f 85 50 e7 75 00 44 8b 8f d0 01
0x00007ffdb1a1b3a6:   00 00 48 8b 87 e8 01 00 00 4c 8b 00 8b 8f d0 01
0x00007ffdb1a1b3b6:   00 00 48 8d 9e 00 01 00 00 83 f9 10 0f 83 1e 01
0x00007ffdb1a1b3c6:   00 00 8b c1 48 c1 e0 06 48 03 c3 48 85 c0 0f 84
0x00007ffdb1a1b3d6:   4a 01 00 00 4c 39 40 08 0f 86 40 01 00 00 48 8b
0x00007ffdb1a1b3e6:   87 80 02 00 00 49 89 06 48 89 b7 80 02 00 00 ff
0x00007ffdb1a1b3f6:   87 88 02 00 00 48 8b 4e 08 48 8b 01 ba 01 00 00
0x00007ffdb1a1b406:   00 48 8b 80 e0 02 00 00 ff 15 f4 c1 88 00 0f b7
0x00007ffdb1a1b416:   c8 48 2b c1 48 05 00 00 01 00 48 01 87 90 02 00
0x00007ffdb1a1b426:   00 48 8b 4e 08 48 8b 01 ba 01 00 00 00 48 8b 80
0x00007ffdb1a1b436:   e0 02 00 00 ff 15 c8 c1 88 00 48 01 87 a0 02 00
0x00007ffdb1a1b446:   00 0f b6 54 24 20 4d 85 ff 0f 85 db fe ff ff 84
0x00007ffdb1a1b456:   d2 0f 85 37 0f 00 00 48 8b 5c 24 40 48 8b cf 80
0x00007ffdb1a1b466:   7c 24 22 00 0f 85 40 0f 00 00 e8 3b f9 ff ff 90
0x00007ffdb1a1b476:   48 8b cb ff 15 99 bc 88 00 48 8b 8c 24 50 01 00 


Stack slot to memory mapping:
stack at sp + 0 slots: 0x00000179f19541e0 points into unknown readable memory: 0xffffffffffffffff | ff ff ff ff ff ff ff ff
stack at sp + 1 slots: 0x0 is NULL
stack at sp + 2 slots: 0x0 is NULL
stack at sp + 3 slots: 0x0 is NULL
stack at sp + 4 slots: 0x0000001600000000 is an unknown value
stack at sp + 5 slots: 0x0 is NULL
stack at sp + 6 slots: 0x0 is NULL
stack at sp + 7 slots: 0x0 is NULL

VM_Operation (0x000000639e6fec10): Exit, mode: safepoint, requested by thread 0x00000179f3177da0


---------------  P R O C E S S  ---------------

Threads class SMR info:
_java_thread_list=0x00000179c6218e50, length=39, elements={
0x00000179ec9c07d0, 0x00000179ec9c22b0, 0x00000179ec9db3e0, 0x00000179ec9dbcb0,
0x00000179ec9dc580, 0x00000179ec9dce50, 0x00000179ec9e1210, 0x00000179ec9e5ef0,
0x00000179ec9fe690, 0x00000179ecc8b530, 0x00000179ecc9e660, 0x00000179ecca0d60,
0x00000179ecca7580, 0x00000179eccb20d0, 0x00000179f11afa10, 0x00000179f3166860,
0x00000179f3177da0, 0x00000179d0b6b260, 0x00000179f2f66a90, 0x00000179c65775f0,
0x00000179f12c8080, 0x00000179f12c8aa0, 0x00000179f12c9ee0, 0x00000179f12cb320,
0x00000179f12ca3f0, 0x00000179f12ca900, 0x00000179f12cae10, 0x00000179f12cb830,
0x00000179c6507560, 0x00000179c65093c0, 0x00000179c6507050, 0x00000179c6507a70,
0x00000179c65098d0, 0x00000179c65089a0, 0x00000179c6509de0, 0x00000179c650a2f0,
0x00000179c6508eb0, 0x00000179c6506b40, 0x00000179c6bbf560
}

Java Threads: ( => current thread )
  0x00000179ec9c07d0 JavaThread "Reference Handler" daemon [_thread_blocked, id=18412, stack(0x000000639c500000,0x000000639c600000)]
  0x00000179ec9c22b0 JavaThread "Finalizer" daemon [_thread_blocked, id=1252, stack(0x000000639c600000,0x000000639c700000)]
  0x00000179ec9db3e0 JavaThread "Signal Dispatcher" daemon [_thread_blocked, id=18852, stack(0x000000639c700000,0x000000639c800000)]
  0x00000179ec9dbcb0 JavaThread "Attach Listener" daemon [_thread_blocked, id=3548, stack(0x000000639c800000,0x000000639c900000)]
  0x00000179ec9dc580 JavaThread "Service Thread" daemon [_thread_blocked, id=13808, stack(0x000000639c900000,0x000000639ca00000)]
  0x00000179ec9dce50 JavaThread "Monitor Deflation Thread" daemon [_thread_blocked, id=7984, stack(0x000000639ca00000,0x000000639cb00000)]
  0x00000179ec9e1210 JavaThread "C2 CompilerThread0" daemon [_thread_blocked, id=1792, stack(0x000000639cb00000,0x000000639cc00000)]
  0x00000179ec9e5ef0 JavaThread "C1 CompilerThread0" daemon [_thread_blocked, id=2284, stack(0x000000639cc00000,0x000000639cd00000)]
  0x00000179ec9fe690 JavaThread "Sweeper thread" daemon [_thread_blocked, id=4164, stack(0x000000639cd00000,0x000000639ce00000)]
  0x00000179ecc8b530 JavaThread "JDWP Transport Listener: dt_socket" daemon [_thread_blocked, id=15808, stack(0x000000639ce00000,0x000000639cf00000)]
  0x00000179ecc9e660 JavaThread "JDWP Event Helper Thread" daemon [_thread_blocked, id=16732, stack(0x000000639cf00000,0x000000639d000000)]
  0x00000179ecca0d60 JavaThread "JDWP Command Reader" daemon [_thread_blocked, id=10136, stack(0x000000639d000000,0x000000639d100000)]
  0x00000179ecca7580 JavaThread "Notification Thread" daemon [_thread_blocked, id=3772, stack(0x000000639d100000,0x000000639d200000)]
  0x00000179eccb20d0 JavaThread "Common-Cleaner" daemon [_thread_blocked, id=13776, stack(0x000000639d300000,0x000000639d400000)]
  0x00000179f11afa10 JavaThread "Java2D Disposer" daemon [_thread_blocked, id=2976, stack(0x000000639d400000,0x000000639d500000)]
  0x00000179f3166860 JavaThread "HighResTimerThread" daemon [_thread_blocked, id=17704, stack(0x000000639e400000,0x000000639e500000)]
  0x00000179f3177da0 JavaThread "main-FPSAWTAnimator#00-Timer0" [_thread_blocked, id=17688, stack(0x000000639e600000,0x000000639e700000)]
  0x00000179d0b6b260 JavaThread "DestroyJavaVM" [_thread_blocked, id=7220, stack(0x000000639be00000,0x000000639bf00000)]
  0x00000179f2f66a90 JavaThread "pool-1-thread-1" [_thread_blocked, id=12832, stack(0x000000639e800000,0x000000639e900000)]
  0x00000179c65775f0 JavaThread "pool-1-thread-2" [_thread_blocked, id=12952, stack(0x000000639e900000,0x000000639ea00000)]
  0x00000179f12c8080 JavaThread "pool-1-thread-3" [_thread_blocked, id=13480, stack(0x000000639ea00000,0x000000639eb00000)]
  0x00000179f12c8aa0 JavaThread "pool-1-thread-4" [_thread_blocked, id=14480, stack(0x000000639eb00000,0x000000639ec00000)]
  0x00000179f12c9ee0 JavaThread "pool-1-thread-5" [_thread_blocked, id=18788, stack(0x000000639ec00000,0x000000639ed00000)]
  0x00000179f12cb320 JavaThread "pool-1-thread-6" [_thread_blocked, id=9908, stack(0x000000639ed00000,0x000000639ee00000)]
  0x00000179f12ca3f0 JavaThread "pool-1-thread-7" [_thread_blocked, id=3096, stack(0x000000639ee00000,0x000000639ef00000)]
  0x00000179f12ca900 JavaThread "pool-1-thread-8" [_thread_blocked, id=16472, stack(0x000000639ef00000,0x000000639f000000)]
  0x00000179f12cae10 JavaThread "pool-1-thread-9" [_thread_blocked, id=8412, stack(0x000000639f000000,0x000000639f100000)]
  0x00000179f12cb830 JavaThread "pool-1-thread-10" [_thread_blocked, id=10072, stack(0x000000639f100000,0x000000639f200000)]
  0x00000179c6507560 JavaThread "pool-1-thread-11" [_thread_blocked, id=3640, stack(0x000000639f200000,0x000000639f300000)]
  0x00000179c65093c0 JavaThread "pool-1-thread-12" [_thread_blocked, id=16012, stack(0x000000639f400000,0x000000639f500000)]
  0x00000179c6507050 JavaThread "pool-1-thread-13" [_thread_blocked, id=17864, stack(0x000000639f500000,0x000000639f600000)]
  0x00000179c6507a70 JavaThread "pool-1-thread-14" [_thread_blocked, id=10492, stack(0x000000639f600000,0x000000639f700000)]
  0x00000179c65098d0 JavaThread "pool-1-thread-15" [_thread_blocked, id=7040, stack(0x000000639f700000,0x000000639f800000)]
  0x00000179c65089a0 JavaThread "pool-1-thread-16" [_thread_blocked, id=11280, stack(0x000000639f800000,0x000000639f900000)]
  0x00000179c6509de0 JavaThread "pool-1-thread-17" [_thread_blocked, id=15792, stack(0x000000639f900000,0x000000639fa00000)]
  0x00000179c650a2f0 JavaThread "pool-1-thread-18" [_thread_blocked, id=7524, stack(0x000000639fa00000,0x000000639fb00000)]
  0x00000179c6508eb0 JavaThread "pool-1-thread-19" [_thread_blocked, id=10272, stack(0x000000639fb00000,0x000000639fc00000)]
  0x00000179c6506b40 JavaThread "pool-1-thread-20" [_thread_blocked, id=4732, stack(0x000000639fc00000,0x000000639fd00000)]
  0x00000179c6bbf560 JavaThread "AWT-Shutdown" [_thread_blocked, id=7896, stack(0x000000639e500000,0x000000639e600000)]

Other Threads:
=>0x00000179ec9bcbf0 VMThread "VM Thread" [stack: 0x000000639c400000,0x000000639c500000] [id=17872]
  0x00000179d0bac9f0 GCTaskThread "GC Thread#0" [stack: 0x000000639bf00000,0x000000639c000000] [id=2424]
  0x00000179f2a8d710 GCTaskThread "GC Thread#1" [stack: 0x000000639dc00000,0x000000639dd00000] [id=9976]
  0x00000179f2a8d9d0 GCTaskThread "GC Thread#2" [stack: 0x000000639dd00000,0x000000639de00000] [id=6728]
  0x00000179f2a8dc90 GCTaskThread "GC Thread#3" [stack: 0x000000639de00000,0x000000639df00000] [id=336]
  0x00000179f2a8df50 GCTaskThread "GC Thread#4" [stack: 0x000000639df00000,0x000000639e000000] [id=6608]
  0x00000179f2a8e210 GCTaskThread "GC Thread#5" [stack: 0x000000639e000000,0x000000639e100000] [id=12544]
  0x00000179f2ac0610 GCTaskThread "GC Thread#6" [stack: 0x000000639e100000,0x000000639e200000] [id=10140]
  0x00000179f2ac08d0 GCTaskThread "GC Thread#7" [stack: 0x000000639e200000,0x000000639e300000] [id=10408]
  0x00000179d0bb7530 ConcurrentGCThread "G1 Main Marker" terminated
  0x00000179d0bb7e60 ConcurrentGCThread "G1 Conc#0" [stack: 0x000000639c100000,0x000000639c200000] [id=17428]
  0x00000179c6772df0 ConcurrentGCThread "G1 Conc#1" [stack: 0x000000639fd00000,0x000000639fe00000] [id=16892]
  0x00000179d0c1ec60 ConcurrentGCThread "G1 Refine#0" terminated
  0x00000179ec8795e0 ConcurrentGCThread "G1 Service" terminated

Threads with active compile tasks:

VM state: at safepoint (shutting down)

VM Mutex/Monitor currently owned by a thread:  ([mutex/lock_event])
[0x00000179d0b675c0] Threads_lock - owner thread: 0x00000179ec9bcbf0
[0x00000179d0b66cc0] Heap_lock - owner thread: 0x00000179f3177da0

Heap address: 0x00000000c0000000, size: 1024 MB, Compressed Oops mode: 32-bit

CDS archive(s) mapped at: [0x0000017980000000-0x0000017980bb0000-0x0000017980bb0000), size 12255232, SharedBaseAddress: 0x0000017980000000, ArchiveRelocationMode: 1.
Compressed class space mapped at: 0x0000017981000000-0x00000179c1000000, reserved size: 1073741824
Narrow klass base: 0x0000017980000000, Narrow klass shift: 0, Narrow klass range: 0x100000000

GC Precious Log:
 CPUs: 8 total, 8 available
 Memory: 7975M
 Large Page Support: Disabled
 NUMA Support: Disabled
 Compressed Oops: Enabled (32-bit)
 Heap Region Size: 1M
 Heap Min Capacity: 64M
 Heap Initial Capacity: 64M
 Heap Max Capacity: 1G
 Pre-touch: Disabled
 Parallel Workers: 8
 Concurrent Workers: 2
 Concurrent Refinement Workers: 8
 Periodic GC: Disabled

Heap:
 garbage-first heap   total 162816K, used 95736K [0x00000000c0000000, 0x0000000100000000)
  region size 1024K, 26 young (26624K), 3 survivors (3072K)
 Metaspace       used 14687K, committed 14848K, reserved 1114112K
  class space    used 1016K, committed 1088K, reserved 1048576K

Heap Regions: E=young(eden), S=young(survivor), O=old, HS=humongous(starts), HC=humongous(continues), CS=collection set, F=free, OA=open archive, CA=closed archive, TAMS=top-at-mark-start (previous, next)
|   0|0x00000000c0000000, 0x00000000c0100000, 0x00000000c0100000|100%| O|  |TAMS 0x00000000c0100000, 0x00000000c0100000| Untracked 
|   1|0x00000000c0100000, 0x00000000c0200000, 0x00000000c0200000|100%| O|  |TAMS 0x00000000c0100000, 0x00000000c0200000| Untracked 
|   2|0x00000000c0200000, 0x00000000c0300000, 0x00000000c0300000|100%|HS|  |TAMS 0x00000000c0300000, 0x00000000c0300000| Complete 
|   3|0x00000000c0300000, 0x00000000c0400000, 0x00000000c0400000|100%|HC|  |TAMS 0x00000000c0400000, 0x00000000c0400000| Complete 
|   4|0x00000000c0400000, 0x00000000c0500000, 0x00000000c0500000|100%|HC|  |TAMS 0x00000000c0500000, 0x00000000c0500000| Complete 
|   5|0x00000000c0500000, 0x00000000c0600000, 0x00000000c0600000|100%|HC|  |TAMS 0x00000000c0600000, 0x00000000c0600000| Complete 
|   6|0x00000000c0600000, 0x00000000c0700000, 0x00000000c0700000|100%|HC|  |TAMS 0x00000000c0700000, 0x00000000c0700000| Complete 
|   7|0x00000000c0700000, 0x00000000c0800000, 0x00000000c0800000|100%|HC|  |TAMS 0x00000000c0800000, 0x00000000c0800000| Complete 
|   8|0x00000000c0800000, 0x00000000c0900000, 0x00000000c0900000|100%|HC|  |TAMS 0x00000000c0900000, 0x00000000c0900000| Complete 
|   9|0x00000000c0900000, 0x00000000c0a00000, 0x00000000c0a00000|100%|HC|  |TAMS 0x00000000c0a00000, 0x00000000c0a00000| Complete 
|  10|0x00000000c0a00000, 0x00000000c0b00000, 0x00000000c0b00000|100%|HC|  |TAMS 0x00000000c0b00000, 0x00000000c0b00000| Complete 
|  11|0x00000000c0b00000, 0x00000000c0c00000, 0x00000000c0c00000|100%|HS|  |TAMS 0x00000000c0c00000, 0x00000000c0c00000| Complete 
|  12|0x00000000c0c00000, 0x00000000c0d00000, 0x00000000c0d00000|100%|HC|  |TAMS 0x00000000c0d00000, 0x00000000c0d00000| Complete 
|  13|0x00000000c0d00000, 0x00000000c0e00000, 0x00000000c0e00000|100%|HC|  |TAMS 0x00000000c0e00000, 0x00000000c0e00000| Complete 
|  14|0x00000000c0e00000, 0x00000000c0f00000, 0x00000000c0f00000|100%| O|  |TAMS 0x00000000c0f00000, 0x00000000c0f00000| Untracked 
|  15|0x00000000c0f00000, 0x00000000c1000000, 0x00000000c1000000|100%| O|  |TAMS 0x00000000c1000000, 0x00000000c1000000| Untracked 
|  16|0x00000000c1000000, 0x00000000c1100000, 0x00000000c1100000|100%| O|  |TAMS 0x00000000c1100000, 0x00000000c1100000| Untracked 
|  17|0x00000000c1100000, 0x00000000c1200000, 0x00000000c1200000|100%| O|  |TAMS 0x00000000c1200000, 0x00000000c1200000| Untracked 
|  18|0x00000000c1200000, 0x00000000c1300000, 0x00000000c1300000|100%| O|  |TAMS 0x00000000c1300000, 0x00000000c1300000| Untracked 
|  19|0x00000000c1300000, 0x00000000c1400000, 0x00000000c1400000|100%| O|  |TAMS 0x00000000c1300000, 0x00000000c1400000| Untracked 
|  20|0x00000000c1400000, 0x00000000c1500000, 0x00000000c1500000|100%| O|  |TAMS 0x00000000c1400000, 0x00000000c1500000| Untracked 
|  21|0x00000000c1500000, 0x00000000c1600000, 0x00000000c1600000|100%| O|  |TAMS 0x00000000c1600000, 0x00000000c1600000| Untracked 
|  22|0x00000000c1600000, 0x00000000c1700000, 0x00000000c1700000|100%|HS|  |TAMS 0x00000000c1700000, 0x00000000c1700000| Complete 
|  23|0x00000000c1700000, 0x00000000c1800000, 0x00000000c1800000|100%|HC|  |TAMS 0x00000000c1800000, 0x00000000c1800000| Complete 
|  24|0x00000000c1800000, 0x00000000c1900000, 0x00000000c1900000|100%|HC|  |TAMS 0x00000000c1900000, 0x00000000c1900000| Complete 
|  25|0x00000000c1900000, 0x00000000c1a00000, 0x00000000c1a00000|100%|HC|  |TAMS 0x00000000c1a00000, 0x00000000c1a00000| Complete 
|  26|0x00000000c1a00000, 0x00000000c1b00000, 0x00000000c1b00000|100%|HC|  |TAMS 0x00000000c1b00000, 0x00000000c1b00000| Complete 
|  27|0x00000000c1b00000, 0x00000000c1c00000, 0x00000000c1c00000|100%|HC|  |TAMS 0x00000000c1c00000, 0x00000000c1c00000| Complete 
|  28|0x00000000c1c00000, 0x00000000c1d00000, 0x00000000c1d00000|100%|HC|  |TAMS 0x00000000c1d00000, 0x00000000c1d00000| Complete 
|  29|0x00000000c1d00000, 0x00000000c1e00000, 0x00000000c1e00000|100%|HS|  |TAMS 0x00000000c1e00000, 0x00000000c1e00000| Complete 
|  30|0x00000000c1e00000, 0x00000000c1f00000, 0x00000000c1f00000|100%|HC|  |TAMS 0x00000000c1f00000, 0x00000000c1f00000| Complete 
|  31|0x00000000c1f00000, 0x00000000c2000000, 0x00000000c2000000|100%|HC|  |TAMS 0x00000000c2000000, 0x00000000c2000000| Complete 
|  32|0x00000000c2000000, 0x00000000c2100000, 0x00000000c2100000|100%| O|  |TAMS 0x00000000c20d8800, 0x00000000c2100000| Untracked 
|  33|0x00000000c2100000, 0x00000000c2200000, 0x00000000c2200000|100%| O|  |TAMS 0x00000000c2200000, 0x00000000c2200000| Untracked 
|  34|0x00000000c2200000, 0x00000000c2257a00, 0x00000000c2300000| 34%| O|  |TAMS 0x00000000c2200000, 0x00000000c2257a00| Untracked 
|  35|0x00000000c2300000, 0x00000000c2400000, 0x00000000c2400000|100%|HS|  |TAMS 0x00000000c2400000, 0x00000000c2400000| Complete 
|  36|0x00000000c2400000, 0x00000000c2500000, 0x00000000c2500000|100%|HC|  |TAMS 0x00000000c2500000, 0x00000000c2500000| Complete 
|  37|0x00000000c2500000, 0x00000000c2600000, 0x00000000c2600000|100%|HC|  |TAMS 0x00000000c2600000, 0x00000000c2600000| Complete 
|  38|0x00000000c2600000, 0x00000000c2700000, 0x00000000c2700000|100%|HC|  |TAMS 0x00000000c2700000, 0x00000000c2700000| Complete 
|  39|0x00000000c2700000, 0x00000000c2800000, 0x00000000c2800000|100%|HC|  |TAMS 0x00000000c2800000, 0x00000000c2800000| Complete 
|  40|0x00000000c2800000, 0x00000000c2900000, 0x00000000c2900000|100%|HS|  |TAMS 0x00000000c2900000, 0x00000000c2900000| Complete 
|  41|0x00000000c2900000, 0x00000000c2a00000, 0x00000000c2a00000|100%|HC|  |TAMS 0x00000000c2a00000, 0x00000000c2a00000| Complete 
|  42|0x00000000c2a00000, 0x00000000c2b00000, 0x00000000c2b00000|100%|HC|  |TAMS 0x00000000c2b00000, 0x00000000c2b00000| Complete 
|  43|0x00000000c2b00000, 0x00000000c2c00000, 0x00000000c2c00000|100%|HS|  |TAMS 0x00000000c2c00000, 0x00000000c2c00000| Complete 
|  44|0x00000000c2c00000, 0x00000000c2d00000, 0x00000000c2d00000|100%|HC|  |TAMS 0x00000000c2d00000, 0x00000000c2d00000| Complete 
|  45|0x00000000c2d00000, 0x00000000c2e00000, 0x00000000c2e00000|100%|HC|  |TAMS 0x00000000c2e00000, 0x00000000c2e00000| Complete 
|  46|0x00000000c2e00000, 0x00000000c2f00000, 0x00000000c2f00000|100%|HS|  |TAMS 0x00000000c2f00000, 0x00000000c2f00000| Complete 
|  47|0x00000000c2f00000, 0x00000000c3000000, 0x00000000c3000000|100%|HC|  |TAMS 0x00000000c3000000, 0x00000000c3000000| Complete 
|  48|0x00000000c3000000, 0x00000000c3100000, 0x00000000c3100000|100%|HC|  |TAMS 0x00000000c3100000, 0x00000000c3100000| Complete 
|  49|0x00000000c3100000, 0x00000000c3200000, 0x00000000c3200000|100%|HS|  |TAMS 0x00000000c3200000, 0x00000000c3200000| Complete 
|  50|0x00000000c3200000, 0x00000000c3300000, 0x00000000c3300000|100%|HC|  |TAMS 0x00000000c3300000, 0x00000000c3300000| Complete 
|  51|0x00000000c3300000, 0x00000000c3400000, 0x00000000c3400000|100%|HC|  |TAMS 0x00000000c3400000, 0x00000000c3400000| Complete 
|  52|0x00000000c3400000, 0x00000000c3500000, 0x00000000c3500000|100%|HC|  |TAMS 0x00000000c3500000, 0x00000000c3500000| Complete 
|  53|0x00000000c3500000, 0x00000000c3600000, 0x00000000c3600000|100%|HC|  |TAMS 0x00000000c3600000, 0x00000000c3600000| Complete 
|  54|0x00000000c3600000, 0x00000000c3700000, 0x00000000c3700000|100%|HS|  |TAMS 0x00000000c3700000, 0x00000000c3700000| Complete 
|  55|0x00000000c3700000, 0x00000000c3800000, 0x00000000c3800000|100%|HC|  |TAMS 0x00000000c3800000, 0x00000000c3800000| Complete 
|  56|0x00000000c3800000, 0x00000000c3900000, 0x00000000c3900000|100%|HC|  |TAMS 0x00000000c3900000, 0x00000000c3900000| Complete 
|  57|0x00000000c3900000, 0x00000000c3a00000, 0x00000000c3a00000|100%|HC|  |TAMS 0x00000000c3a00000, 0x00000000c3a00000| Complete 
|  58|0x00000000c3a00000, 0x00000000c3b00000, 0x00000000c3b00000|100%|HC|  |TAMS 0x00000000c3b00000, 0x00000000c3b00000| Complete 
|  59|0x00000000c3b00000, 0x00000000c3c00000, 0x00000000c3c00000|100%|HC|  |TAMS 0x00000000c3c00000, 0x00000000c3c00000| Complete 
|  60|0x00000000c3c00000, 0x00000000c3d00000, 0x00000000c3d00000|100%|HC|  |TAMS 0x00000000c3d00000, 0x00000000c3d00000| Complete 
|  61|0x00000000c3d00000, 0x00000000c3e00000, 0x00000000c3e00000|100%|HC|  |TAMS 0x00000000c3e00000, 0x00000000c3e00000| Complete 
|  62|0x00000000c3e00000, 0x00000000c3f00000, 0x00000000c3f00000|100%|HS|  |TAMS 0x00000000c3e00000, 0x00000000c3e00000| Complete 
|  63|0x00000000c3f00000, 0x00000000c4000000, 0x00000000c4000000|100%|HC|  |TAMS 0x00000000c3f00000, 0x00000000c3f00000| Complete 
|  64|0x00000000c4000000, 0x00000000c4100000, 0x00000000c4100000|100%|HC|  |TAMS 0x00000000c4000000, 0x00000000c4000000| Complete 
|  65|0x00000000c4100000, 0x00000000c4200000, 0x00000000c4200000|100%|HC|  |TAMS 0x00000000c4100000, 0x00000000c4100000| Complete 
|  66|0x00000000c4200000, 0x00000000c4300000, 0x00000000c4300000|100%|HC|  |TAMS 0x00000000c4200000, 0x00000000c4200000| Complete 
|  67|0x00000000c4300000, 0x00000000c4400000, 0x00000000c4400000|100%|HC|  |TAMS 0x00000000c4300000, 0x00000000c4300000| Complete 
|  68|0x00000000c4400000, 0x00000000c4500000, 0x00000000c4500000|100%|HC|  |TAMS 0x00000000c4400000, 0x00000000c4400000| Complete 
|  69|0x00000000c4500000, 0x00000000c4600000, 0x00000000c4600000|100%|HC|  |TAMS 0x00000000c4500000, 0x00000000c4500000| Complete 
|  70|0x00000000c4600000, 0x00000000c4600000, 0x00000000c4700000|  0%| F|  |TAMS 0x00000000c4600000, 0x00000000c4600000| Untracked 
|  71|0x00000000c4700000, 0x00000000c4700000, 0x00000000c4800000|  0%| F|  |TAMS 0x00000000c4700000, 0x00000000c4700000| Untracked 
|  72|0x00000000c4800000, 0x00000000c4800000, 0x00000000c4900000|  0%| F|  |TAMS 0x00000000c4800000, 0x00000000c4800000| Untracked 
|  73|0x00000000c4900000, 0x00000000c4900000, 0x00000000c4a00000|  0%| F|  |TAMS 0x00000000c4900000, 0x00000000c4900000| Untracked 
|  74|0x00000000c4a00000, 0x00000000c4a00000, 0x00000000c4b00000|  0%| F|  |TAMS 0x00000000c4a00000, 0x00000000c4a00000| Untracked 
|  75|0x00000000c4b00000, 0x00000000c4b00000, 0x00000000c4c00000|  0%| F|  |TAMS 0x00000000c4b00000, 0x00000000c4b00000| Untracked 
|  76|0x00000000c4c00000, 0x00000000c4c00000, 0x00000000c4d00000|  0%| F|  |TAMS 0x00000000c4c00000, 0x00000000c4c00000| Untracked 
|  77|0x00000000c4d00000, 0x00000000c4d00000, 0x00000000c4e00000|  0%| F|  |TAMS 0x00000000c4d00000, 0x00000000c4d00000| Untracked 
|  78|0x00000000c4e00000, 0x00000000c4e00000, 0x00000000c4f00000|  0%| F|  |TAMS 0x00000000c4e00000, 0x00000000c4e00000| Untracked 
|  79|0x00000000c4f00000, 0x00000000c4f00000, 0x00000000c5000000|  0%| F|  |TAMS 0x00000000c4f00000, 0x00000000c4f00000| Untracked 
|  80|0x00000000c5000000, 0x00000000c5000000, 0x00000000c5100000|  0%| F|  |TAMS 0x00000000c5000000, 0x00000000c5000000| Untracked 
|  81|0x00000000c5100000, 0x00000000c5100000, 0x00000000c5200000|  0%| F|  |TAMS 0x00000000c5100000, 0x00000000c5100000| Untracked 
|  82|0x00000000c5200000, 0x00000000c5200000, 0x00000000c5300000|  0%| F|  |TAMS 0x00000000c5200000, 0x00000000c5200000| Untracked 
|  83|0x00000000c5300000, 0x00000000c5300000, 0x00000000c5400000|  0%| F|  |TAMS 0x00000000c5300000, 0x00000000c5300000| Untracked 
|  84|0x00000000c5400000, 0x00000000c5400000, 0x00000000c5500000|  0%| F|  |TAMS 0x00000000c5400000, 0x00000000c5400000| Untracked 
|  85|0x00000000c5500000, 0x00000000c5500000, 0x00000000c5600000|  0%| F|  |TAMS 0x00000000c5500000, 0x00000000c5500000| Untracked 
|  86|0x00000000c5600000, 0x00000000c5600000, 0x00000000c5700000|  0%| F|  |TAMS 0x00000000c5600000, 0x00000000c5600000| Untracked 
|  87|0x00000000c5700000, 0x00000000c5700000, 0x00000000c5800000|  0%| F|  |TAMS 0x00000000c5700000, 0x00000000c5700000| Untracked 
|  88|0x00000000c5800000, 0x00000000c5800000, 0x00000000c5900000|  0%| F|  |TAMS 0x00000000c5800000, 0x00000000c5800000| Untracked 
|  89|0x00000000c5900000, 0x00000000c5900000, 0x00000000c5a00000|  0%| F|  |TAMS 0x00000000c5900000, 0x00000000c5900000| Untracked 
|  90|0x00000000c5a00000, 0x00000000c5a00000, 0x00000000c5b00000|  0%| F|  |TAMS 0x00000000c5a00000, 0x00000000c5a00000| Untracked 
|  91|0x00000000c5b00000, 0x00000000c5b00000, 0x00000000c5c00000|  0%| F|  |TAMS 0x00000000c5b00000, 0x00000000c5b00000| Untracked 
|  92|0x00000000c5c00000, 0x00000000c5c00000, 0x00000000c5d00000|  0%| F|  |TAMS 0x00000000c5c00000, 0x00000000c5c00000| Untracked 
|  93|0x00000000c5d00000, 0x00000000c5d00000, 0x00000000c5e00000|  0%| F|  |TAMS 0x00000000c5d00000, 0x00000000c5d00000| Untracked 
|  94|0x00000000c5e00000, 0x00000000c5e00000, 0x00000000c5f00000|  0%| F|  |TAMS 0x00000000c5e00000, 0x00000000c5e00000| Untracked 
|  95|0x00000000c5f00000, 0x00000000c5f00000, 0x00000000c6000000|  0%| F|  |TAMS 0x00000000c5f00000, 0x00000000c5f00000| Untracked 
|  96|0x00000000c6000000, 0x00000000c6000000, 0x00000000c6100000|  0%| F|  |TAMS 0x00000000c6000000, 0x00000000c6000000| Untracked 
|  97|0x00000000c6100000, 0x00000000c6100000, 0x00000000c6200000|  0%| F|  |TAMS 0x00000000c6100000, 0x00000000c6100000| Untracked 
|  98|0x00000000c6200000, 0x00000000c6200000, 0x00000000c6300000|  0%| F|  |TAMS 0x00000000c6200000, 0x00000000c6200000| Untracked 
|  99|0x00000000c6300000, 0x00000000c6300000, 0x00000000c6400000|  0%| F|  |TAMS 0x00000000c6300000, 0x00000000c6300000| Untracked 
| 100|0x00000000c6400000, 0x00000000c6400000, 0x00000000c6500000|  0%| F|  |TAMS 0x00000000c6400000, 0x00000000c6400000| Untracked 
| 101|0x00000000c6500000, 0x00000000c6500000, 0x00000000c6600000|  0%| F|  |TAMS 0x00000000c6500000, 0x00000000c6500000| Untracked 
| 102|0x00000000c6600000, 0x00000000c6600000, 0x00000000c6700000|  0%| F|  |TAMS 0x00000000c6600000, 0x00000000c6600000| Untracked 
| 103|0x00000000c6700000, 0x00000000c6700000, 0x00000000c6800000|  0%| F|  |TAMS 0x00000000c6700000, 0x00000000c6700000| Untracked 
| 104|0x00000000c6800000, 0x00000000c6800000, 0x00000000c6900000|  0%| F|  |TAMS 0x00000000c6800000, 0x00000000c6800000| Untracked 
| 105|0x00000000c6900000, 0x00000000c6900000, 0x00000000c6a00000|  0%| F|  |TAMS 0x00000000c6900000, 0x00000000c6900000| Untracked 
| 106|0x00000000c6a00000, 0x00000000c6a00000, 0x00000000c6b00000|  0%| F|  |TAMS 0x00000000c6a00000, 0x00000000c6a00000| Untracked 
| 107|0x00000000c6b00000, 0x00000000c6b00000, 0x00000000c6c00000|  0%| F|  |TAMS 0x00000000c6b00000, 0x00000000c6b00000| Untracked 
| 108|0x00000000c6c00000, 0x00000000c6c00000, 0x00000000c6d00000|  0%| F|  |TAMS 0x00000000c6c00000, 0x00000000c6c00000| Untracked 
| 109|0x00000000c6d00000, 0x00000000c6d00000, 0x00000000c6e00000|  0%| F|  |TAMS 0x00000000c6d00000, 0x00000000c6d00000| Untracked 
| 110|0x00000000c6e00000, 0x00000000c6e00000, 0x00000000c6f00000|  0%| F|  |TAMS 0x00000000c6e00000, 0x00000000c6e00000| Untracked 
| 111|0x00000000c6f00000, 0x00000000c6f00000, 0x00000000c7000000|  0%| F|  |TAMS 0x00000000c6f00000, 0x00000000c6f00000| Untracked 
| 112|0x00000000c7000000, 0x00000000c7000000, 0x00000000c7100000|  0%| F|  |TAMS 0x00000000c7000000, 0x00000000c7000000| Untracked 
| 113|0x00000000c7100000, 0x00000000c7100000, 0x00000000c7200000|  0%| F|  |TAMS 0x00000000c7100000, 0x00000000c7100000| Untracked 
| 114|0x00000000c7200000, 0x00000000c7200000, 0x00000000c7300000|  0%| F|  |TAMS 0x00000000c7200000, 0x00000000c7200000| Untracked 
| 115|0x00000000c7300000, 0x00000000c7300000, 0x00000000c7400000|  0%| F|  |TAMS 0x00000000c7300000, 0x00000000c7300000| Untracked 
| 116|0x00000000c7400000, 0x00000000c7400000, 0x00000000c7500000|  0%| F|  |TAMS 0x00000000c7400000, 0x00000000c7400000| Untracked 
| 117|0x00000000c7500000, 0x00000000c7500000, 0x00000000c7600000|  0%| F|  |TAMS 0x00000000c7500000, 0x00000000c7500000| Untracked 
| 118|0x00000000c7600000, 0x00000000c7600000, 0x00000000c7700000|  0%| F|  |TAMS 0x00000000c7600000, 0x00000000c7600000| Untracked 
| 119|0x00000000c7700000, 0x00000000c7700000, 0x00000000c7800000|  0%| F|  |TAMS 0x00000000c7700000, 0x00000000c7700000| Untracked 
| 120|0x00000000c7800000, 0x00000000c7800000, 0x00000000c7900000|  0%| F|  |TAMS 0x00000000c7800000, 0x00000000c7800000| Untracked 
| 121|0x00000000c7900000, 0x00000000c7900000, 0x00000000c7a00000|  0%| F|  |TAMS 0x00000000c7900000, 0x00000000c7900000| Untracked 
| 122|0x00000000c7a00000, 0x00000000c7a00000, 0x00000000c7b00000|  0%| F|  |TAMS 0x00000000c7a00000, 0x00000000c7a00000| Untracked 
| 123|0x00000000c7b00000, 0x00000000c7b00000, 0x00000000c7c00000|  0%| F|  |TAMS 0x00000000c7b00000, 0x00000000c7b00000| Untracked 
| 124|0x00000000c7c00000, 0x00000000c7c00000, 0x00000000c7d00000|  0%| F|  |TAMS 0x00000000c7c00000, 0x00000000c7c00000| Untracked 
| 125|0x00000000c7d00000, 0x00000000c7d00000, 0x00000000c7e00000|  0%| F|  |TAMS 0x00000000c7d00000, 0x00000000c7d00000| Untracked 
| 126|0x00000000c7e00000, 0x00000000c7e00000, 0x00000000c7f00000|  0%| F|  |TAMS 0x00000000c7e00000, 0x00000000c7e00000| Untracked 
| 127|0x00000000c7f00000, 0x00000000c7f00000, 0x00000000c8000000|  0%| F|  |TAMS 0x00000000c7f00000, 0x00000000c7f00000| Untracked 
| 128|0x00000000c8000000, 0x00000000c8000000, 0x00000000c8100000|  0%| F|  |TAMS 0x00000000c8000000, 0x00000000c8000000| Untracked 
| 129|0x00000000c8100000, 0x00000000c8100000, 0x00000000c8200000|  0%| F|  |TAMS 0x00000000c8100000, 0x00000000c8100000| Untracked 
| 130|0x00000000c8200000, 0x00000000c8200000, 0x00000000c8300000|  0%| F|  |TAMS 0x00000000c8200000, 0x00000000c8200000| Untracked 
| 131|0x00000000c8300000, 0x00000000c8300000, 0x00000000c8400000|  0%| F|  |TAMS 0x00000000c8300000, 0x00000000c8300000| Untracked 
| 132|0x00000000c8400000, 0x00000000c84266e8, 0x00000000c8500000| 15%| S|CS|TAMS 0x00000000c8400000, 0x00000000c8400000| Complete 
| 133|0x00000000c8500000, 0x00000000c8600000, 0x00000000c8600000|100%| S|CS|TAMS 0x00000000c8500000, 0x00000000c8500000| Complete 
| 134|0x00000000c8600000, 0x00000000c8700000, 0x00000000c8700000|100%| S|CS|TAMS 0x00000000c8600000, 0x00000000c8600000| Complete 
| 135|0x00000000c8700000, 0x00000000c8700000, 0x00000000c8800000|  0%| F|  |TAMS 0x00000000c8700000, 0x00000000c8700000| Untracked 
| 136|0x00000000c8800000, 0x00000000c8815720, 0x00000000c8900000|  8%| E|  |TAMS 0x00000000c8800000, 0x00000000c8800000| Complete 
| 137|0x00000000c8900000, 0x00000000c8a00000, 0x00000000c8a00000|100%| E|CS|TAMS 0x00000000c8900000, 0x00000000c8900000| Complete 
| 138|0x00000000c8a00000, 0x00000000c8b00000, 0x00000000c8b00000|100%| E|CS|TAMS 0x00000000c8a00000, 0x00000000c8a00000| Complete 
| 139|0x00000000c8b00000, 0x00000000c8c00000, 0x00000000c8c00000|100%| E|CS|TAMS 0x00000000c8b00000, 0x00000000c8b00000| Complete 
| 140|0x00000000c8c00000, 0x00000000c8d00000, 0x00000000c8d00000|100%| E|CS|TAMS 0x00000000c8c00000, 0x00000000c8c00000| Complete 
| 141|0x00000000c8d00000, 0x00000000c8e00000, 0x00000000c8e00000|100%| E|CS|TAMS 0x00000000c8d00000, 0x00000000c8d00000| Complete 
| 142|0x00000000c8e00000, 0x00000000c8f00000, 0x00000000c8f00000|100%| E|CS|TAMS 0x00000000c8e00000, 0x00000000c8e00000| Complete 
| 143|0x00000000c8f00000, 0x00000000c9000000, 0x00000000c9000000|100%| E|CS|TAMS 0x00000000c8f00000, 0x00000000c8f00000| Complete 
| 144|0x00000000c9000000, 0x00000000c9100000, 0x00000000c9100000|100%| E|CS|TAMS 0x00000000c9000000, 0x00000000c9000000| Complete 
| 145|0x00000000c9100000, 0x00000000c9200000, 0x00000000c9200000|100%| E|CS|TAMS 0x00000000c9100000, 0x00000000c9100000| Complete 
| 146|0x00000000c9200000, 0x00000000c9300000, 0x00000000c9300000|100%| E|CS|TAMS 0x00000000c9200000, 0x00000000c9200000| Complete 
| 147|0x00000000c9300000, 0x00000000c9400000, 0x00000000c9400000|100%| E|CS|TAMS 0x00000000c9300000, 0x00000000c9300000| Complete 
| 148|0x00000000c9400000, 0x00000000c9500000, 0x00000000c9500000|100%| E|CS|TAMS 0x00000000c9400000, 0x00000000c9400000| Complete 
| 149|0x00000000c9500000, 0x00000000c9600000, 0x00000000c9600000|100%| E|CS|TAMS 0x00000000c9500000, 0x00000000c9500000| Complete 
| 150|0x00000000c9600000, 0x00000000c9700000, 0x00000000c9700000|100%| E|CS|TAMS 0x00000000c9600000, 0x00000000c9600000| Complete 
| 151|0x00000000c9700000, 0x00000000c9800000, 0x00000000c9800000|100%| E|CS|TAMS 0x00000000c9700000, 0x00000000c9700000| Complete 
| 152|0x00000000c9800000, 0x00000000c9900000, 0x00000000c9900000|100%| E|CS|TAMS 0x00000000c9800000, 0x00000000c9800000| Complete 
| 153|0x00000000c9900000, 0x00000000c9a00000, 0x00000000c9a00000|100%| E|CS|TAMS 0x00000000c9900000, 0x00000000c9900000| Complete 
| 154|0x00000000c9a00000, 0x00000000c9b00000, 0x00000000c9b00000|100%| E|CS|TAMS 0x00000000c9a00000, 0x00000000c9a00000| Complete 
| 155|0x00000000c9b00000, 0x00000000c9c00000, 0x00000000c9c00000|100%| E|CS|TAMS 0x00000000c9b00000, 0x00000000c9b00000| Complete 
| 156|0x00000000c9c00000, 0x00000000c9d00000, 0x00000000c9d00000|100%| E|CS|TAMS 0x00000000c9c00000, 0x00000000c9c00000| Complete 
| 157|0x00000000c9d00000, 0x00000000c9e00000, 0x00000000c9e00000|100%| E|CS|TAMS 0x00000000c9d00000, 0x00000000c9d00000| Complete 
| 158|0x00000000c9e00000, 0x00000000c9f00000, 0x00000000c9f00000|100%| E|CS|TAMS 0x00000000c9e00000, 0x00000000c9e00000| Complete 

Card table byte_map: [0x00000179e7bd0000,0x00000179e7dd0000] _byte_map_base: 0x00000179e75d0000

Marking Bits (Prev, Next): (CMBitMap*) 0x00000179d0badf70, (CMBitMap*) 0x00000179d0badf30
 Prev Bits: [0x00000179e8fd0000, 0x00000179e9fd0000)
 Next Bits: [0x00000179e7fd0000, 0x00000179e8fd0000)

Polling page: 0x00000179cea90000

Metaspace:

Usage:
  Non-class:     13.35 MB used.
      Class:   1016.95 KB used.
       Both:     14.34 MB used.

Virtual space:
  Non-class space:       64.00 MB reserved,      13.44 MB ( 21%) committed,  1 nodes.
      Class space:        1.00 GB reserved,       1.06 MB ( <1%) committed,  1 nodes.
             Both:        1.06 GB reserved,      14.50 MB (  1%) committed. 

Chunk freelists:
   Non-Class:  2.19 MB
       Class:  14.91 MB
        Both:  17.09 MB

MaxMetaspaceSize: unlimited
CompressedClassSpaceSize: 1.00 GB
Initial GC threshold: 21.00 MB
Current GC threshold: 22.31 MB
CDS: on
MetaspaceReclaimPolicy: balanced
 - commit_granule_bytes: 65536.
 - commit_granule_words: 8192.
 - virtual_space_node_default_size: 8388608.
 - enlarge_chunks_in_place: 1.
 - new_chunks_are_fully_committed: 0.
 - uncommit_free_chunks: 1.
 - use_allocation_guard: 0.
 - handle_deallocations: 1.


Internal statistics:

num_allocs_failed_limit: 0.
num_arena_births: 112.
num_arena_deaths: 0.
num_vsnodes_births: 2.
num_vsnodes_deaths: 0.
num_space_committed: 228.
num_space_uncommitted: 0.
num_chunks_returned_to_freelist: 0.
num_chunks_taken_from_freelist: 412.
num_chunk_merges: 0.
num_chunk_splits: 319.
num_chunks_enlarged: 251.
num_inconsistent_stats: 0.

CodeHeap 'non-profiled nmethods': size=120000Kb used=2548Kb max_used=2548Kb free=117451Kb
 bounds [0x00000179e0170000, 0x00000179e03f0000, 0x00000179e76a0000]
CodeHeap 'profiled nmethods': size=120000Kb used=5609Kb max_used=5609Kb free=114390Kb
 bounds [0x00000179d86a0000, 0x00000179d8c20000, 0x00000179dfbd0000]
CodeHeap 'non-nmethods': size=5760Kb used=1633Kb max_used=1674Kb free=4126Kb
 bounds [0x00000179dfbd0000, 0x00000179dfe40000, 0x00000179e0170000]
 total_blobs=3829 nmethods=2866 adapters=876
 compilation: enabled
              stopped_count=0, restarted_count=0
 full_count=0

Compilation events (20 events):
Event: 1003.869 Thread 0x00000179ec9e1210 2857       4       processing.core.PApplet::handleDraw (371 bytes)
Event: 1003.915 Thread 0x00000179ec9e1210 nmethod 2857 0x00000179e03d9d90 code [0x00000179e03da120, 0x00000179e03dd2b0]
Event: 1003.916 Thread 0x00000179ec9e1210 2858       4       processing.core.PApplet::dequeueWindowEvents (87 bytes)
Event: 1003.927 Thread 0x00000179ec9e1210 nmethod 2858 0x00000179e03df110 code [0x00000179e03df300, 0x00000179e03dff78]
Event: 1021.500 Thread 0x00000179ec9e1210 2859   !   4       com.sun.imageio.plugins.png.PNGImageWriter::write (791 bytes)
Event: 1021.677 Thread 0x00000179ec9e1210 nmethod 2859 0x00000179e03e0610 code [0x00000179e03e0ae0, 0x00000179e03e5b10]
Event: 1021.677 Thread 0x00000179ec9e1210 2860       4       com.sun.imageio.plugins.png.PNGImageWriter::write_gAMA (40 bytes)
Event: 1021.678 Thread 0x00000179ec9e1210 nmethod 2860 0x00000179e03e9210 code [0x00000179e03e9380, 0x00000179e03e9438]
Event: 1021.678 Thread 0x00000179ec9e1210 2861       4       com.sun.imageio.plugins.png.PNGImageWriter::write_iCCP (92 bytes)
Event: 1021.678 Thread 0x00000179ec9e1210 nmethod 2861 0x00000179e03e9510 code [0x00000179e03e9680, 0x00000179e03e9738]
Event: 1086.234 Thread 0x00000179ec9e1210 2862 % !   4       jogamp.newt.DefaultEDTUtil$NEDT::run @ 53 (1112 bytes)
Event: 1086.238 Thread 0x00000179ec9e1210 nmethod 2862% 0x00000179e03e9810 code [0x00000179e03e99e0, 0x00000179e03e9fb8]
Event: 1467.105 Thread 0x00000179ec9e1210 2863   !   4       java.util.concurrent.LinkedBlockingQueue::offer (131 bytes)
Event: 1467.136 Thread 0x00000179ec9e1210 nmethod 2863 0x00000179e03ea610 code [0x00000179e03ea820, 0x00000179e03ec4d8]
Event: 1473.348 Thread 0x00000179ec9e5ef0 2864       3       com.jogamp.nativewindow.DefaultGraphicsDevice::lock (10 bytes)
Event: 1473.349 Thread 0x00000179ec9e5ef0 nmethod 2864 0x00000179d8c19a10 code [0x00000179d8c19bc0, 0x00000179d8c19da8]
Event: 1473.363 Thread 0x00000179ec9e5ef0 2865       3       jdk.internal.misc.Unsafe::getAndAddLong (27 bytes)
Event: 1473.364 Thread 0x00000179ec9e5ef0 nmethod 2865 0x00000179d8c19e90 code [0x00000179d8c1a040, 0x00000179d8c1a288]
Event: 1473.364 Thread 0x00000179ec9e5ef0 2866       3       jdk.internal.misc.Unsafe::weakCompareAndSetLong (11 bytes)
Event: 1473.364 Thread 0x00000179ec9e5ef0 nmethod 2866 0x00000179d8c1a390 code [0x00000179d8c1a520, 0x00000179d8c1a658]

GC Heap History (20 events):
Event: 1471.906 GC heap before
{Heap before GC invocations=10800 (full 0):
 garbage-first heap   total 162816K, used 93688K [0x00000000c0000000, 0x0000000100000000)
  region size 1024K, 24 young (24576K), 3 survivors (3072K)
 Metaspace       used 14635K, committed 14848K, reserved 1114112K
  class space    used 1011K, committed 1088K, reserved 1048576K
}
Event: 1471.908 GC heap after
{Heap after GC invocations=10801 (full 0):
 garbage-first heap   total 162816K, used 65016K [0x00000000c0000000, 0x0000000100000000)
  region size 1024K, 3 young (3072K), 3 survivors (3072K)
 Metaspace       used 14635K, committed 14848K, reserved 1114112K
  class space    used 1011K, committed 1088K, reserved 1048576K
}
Event: 1472.047 GC heap before
{Heap before GC invocations=10801 (full 0):
 garbage-first heap   total 162816K, used 93688K [0x00000000c0000000, 0x0000000100000000)
  region size 1024K, 24 young (24576K), 3 survivors (3072K)
 Metaspace       used 14635K, committed 14848K, reserved 1114112K
  class space    used 1011K, committed 1088K, reserved 1048576K
}
Event: 1472.049 GC heap after
{Heap after GC invocations=10802 (full 0):
 garbage-first heap   total 162816K, used 65067K [0x00000000c0000000, 0x0000000100000000)
  region size 1024K, 3 young (3072K), 3 survivors (3072K)
 Metaspace       used 14635K, committed 14848K, reserved 1114112K
  class space    used 1011K, committed 1088K, reserved 1048576K
}
Event: 1472.186 GC heap before
{Heap before GC invocations=10802 (full 0):
 garbage-first heap   total 162816K, used 93739K [0x00000000c0000000, 0x0000000100000000)
  region size 1024K, 24 young (24576K), 3 survivors (3072K)
 Metaspace       used 14635K, committed 14848K, reserved 1114112K
  class space    used 1011K, committed 1088K, reserved 1048576K
}
Event: 1472.188 GC heap after
{Heap after GC invocations=10803 (full 0):
 garbage-first heap   total 162816K, used 65032K [0x00000000c0000000, 0x0000000100000000)
  region size 1024K, 3 young (3072K), 3 survivors (3072K)
 Metaspace       used 14635K, committed 14848K, reserved 1114112K
  class space    used 1011K, committed 1088K, reserved 1048576K
}
Event: 1472.317 GC heap before
{Heap before GC invocations=10803 (full 0):
 garbage-first heap   total 162816K, used 93704K [0x00000000c0000000, 0x0000000100000000)
  region size 1024K, 24 young (24576K), 3 survivors (3072K)
 Metaspace       used 14635K, committed 14848K, reserved 1114112K
  class space    used 1011K, committed 1088K, reserved 1048576K
}
Event: 1472.319 GC heap after
{Heap after GC invocations=10804 (full 0):
 garbage-first heap   total 162816K, used 65024K [0x00000000c0000000, 0x0000000100000000)
  region size 1024K, 3 young (3072K), 3 survivors (3072K)
 Metaspace       used 14635K, committed 14848K, reserved 1114112K
  class space    used 1011K, committed 1088K, reserved 1048576K
}
Event: 1472.462 GC heap before
{Heap before GC invocations=10804 (full 0):
 garbage-first heap   total 162816K, used 93696K [0x00000000c0000000, 0x0000000100000000)
  region size 1024K, 24 young (24576K), 3 survivors (3072K)
 Metaspace       used 14635K, committed 14848K, reserved 1114112K
  class space    used 1011K, committed 1088K, reserved 1048576K
}
Event: 1472.463 GC heap after
{Heap after GC invocations=10805 (full 0):
 garbage-first heap   total 162816K, used 65066K [0x00000000c0000000, 0x0000000100000000)
  region size 1024K, 3 young (3072K), 3 survivors (3072K)
 Metaspace       used 14635K, committed 14848K, reserved 1114112K
  class space    used 1011K, committed 1088K, reserved 1048576K
}
Event: 1472.596 GC heap before
{Heap before GC invocations=10805 (full 0):
 garbage-first heap   total 162816K, used 93738K [0x00000000c0000000, 0x0000000100000000)
  region size 1024K, 24 young (24576K), 3 survivors (3072K)
 Metaspace       used 14635K, committed 14848K, reserved 1114112K
  class space    used 1011K, committed 1088K, reserved 1048576K
}
Event: 1472.598 GC heap after
{Heap after GC invocations=10806 (full 0):
 garbage-first heap   total 162816K, used 65016K [0x00000000c0000000, 0x0000000100000000)
  region size 1024K, 3 young (3072K), 3 survivors (3072K)
 Metaspace       used 14635K, committed 14848K, reserved 1114112K
  class space    used 1011K, committed 1088K, reserved 1048576K
}
Event: 1472.732 GC heap before
{Heap before GC invocations=10806 (full 0):
 garbage-first heap   total 162816K, used 93688K [0x00000000c0000000, 0x0000000100000000)
  region size 1024K, 24 young (24576K), 3 survivors (3072K)
 Metaspace       used 14635K, committed 14848K, reserved 1114112K
  class space    used 1011K, committed 1088K, reserved 1048576K
}
Event: 1472.735 GC heap after
{Heap after GC invocations=10807 (full 0):
 garbage-first heap   total 162816K, used 65015K [0x00000000c0000000, 0x0000000100000000)
  region size 1024K, 3 young (3072K), 3 survivors (3072K)
 Metaspace       used 14635K, committed 14848K, reserved 1114112K
  class space    used 1011K, committed 1088K, reserved 1048576K
}
Event: 1472.896 GC heap before
{Heap before GC invocations=10807 (full 0):
 garbage-first heap   total 162816K, used 93687K [0x00000000c0000000, 0x0000000100000000)
  region size 1024K, 24 young (24576K), 3 survivors (3072K)
 Metaspace       used 14635K, committed 14848K, reserved 1114112K
  class space    used 1011K, committed 1088K, reserved 1048576K
}
Event: 1472.897 GC heap after
{Heap after GC invocations=10808 (full 0):
 garbage-first heap   total 162816K, used 65067K [0x00000000c0000000, 0x0000000100000000)
  region size 1024K, 3 young (3072K), 3 survivors (3072K)
 Metaspace       used 14635K, committed 14848K, reserved 1114112K
  class space    used 1011K, committed 1088K, reserved 1048576K
}
Event: 1473.043 GC heap before
{Heap before GC invocations=10808 (full 0):
 garbage-first heap   total 162816K, used 93739K [0x00000000c0000000, 0x0000000100000000)
  region size 1024K, 24 young (24576K), 3 survivors (3072K)
 Metaspace       used 14635K, committed 14848K, reserved 1114112K
  class space    used 1011K, committed 1088K, reserved 1048576K
}
Event: 1473.044 GC heap after
{Heap after GC invocations=10809 (full 0):
 garbage-first heap   total 162816K, used 65066K [0x00000000c0000000, 0x0000000100000000)
  region size 1024K, 3 young (3072K), 3 survivors (3072K)
 Metaspace       used 14635K, committed 14848K, reserved 1114112K
  class space    used 1011K, committed 1088K, reserved 1048576K
}
Event: 1473.181 GC heap before
{Heap before GC invocations=10809 (full 0):
 garbage-first heap   total 162816K, used 93738K [0x00000000c0000000, 0x0000000100000000)
  region size 1024K, 24 young (24576K), 3 survivors (3072K)
 Metaspace       used 14635K, committed 14848K, reserved 1114112K
  class space    used 1011K, committed 1088K, reserved 1048576K
}
Event: 1473.182 GC heap after
{Heap after GC invocations=10810 (full 0):
 garbage-first heap   total 162816K, used 65016K [0x00000000c0000000, 0x0000000100000000)
  region size 1024K, 3 young (3072K), 3 survivors (3072K)
 Metaspace       used 14635K, committed 14848K, reserved 1114112K
  class space    used 1011K, committed 1088K, reserved 1048576K
}

Dll operation events (14 events):
Event: 0.006 Loaded shared library C:\Program Files\Processing\app\resources\jdk-17.0.14+7\bin\java.dll
Event: 0.018 Loaded shared library C:\Program Files\Processing\app\resources\jdk-17.0.14+7\bin\jsvml.dll
Event: 0.052 Loaded shared library C:\Program Files\Processing\app\resources\jdk-17.0.14+7\bin\net.dll
Event: 0.053 Loaded shared library C:\Program Files\Processing\app\resources\jdk-17.0.14+7\bin\nio.dll
Event: 0.055 Loaded shared library C:\Program Files\Processing\app\resources\jdk-17.0.14+7\bin\zip.dll
Event: 0.094 Loaded shared library C:\Program Files\Processing\app\resources\jdk-17.0.14+7\bin\jimage.dll
Event: 0.096 Loaded shared library C:\Program Files\Processing\app\resources\jdk-17.0.14+7\bin\awt.dll
Event: 0.365 Loaded shared library C:\Users\danil\AppData\Local\Temp\jogamp_0000\file_cache\jln13951436364670397195\jln14921057894010542968\natives\windows-amd64\gluegen_rt.dll
Event: 0.370 Loaded shared library C:\Program Files\Processing\app\resources\jdk-17.0.14+7\bin\jawt.dll
Event: 0.379 Loaded shared library C:\Users\danil\AppData\Local\Temp\jogamp_0000\file_cache\jln13951436364670397195\jln14921057894010542968\natives\windows-amd64\nativewindow_awt.dll
Event: 0.403 Loaded shared library C:\Users\danil\AppData\Local\Temp\jogamp_0000\file_cache\jln13951436364670397195\jln14921057894010542968\natives\windows-amd64\nativewindow_win32.dll
Event: 0.480 Loaded shared library C:\Users\danil\AppData\Local\Temp\jogamp_0000\file_cache\jln13951436364670397195\jln14921057894010542968\natives\windows-amd64\jogl_desktop.dll
Event: 0.653 Loaded shared library C:\Users\danil\AppData\Local\Temp\jogamp_0000\file_cache\jln13951436364670397195\jln14921057894010542968\natives\windows-amd64\jogl_mobile.dll
Event: 1.403 Loaded shared library C:\Users\danil\AppData\Local\Temp\jogamp_0000\file_cache\jln13951436364670397195\jln14921057894010542968\natives\windows-amd64\newt_head.dll

Deoptimization events (20 events):
Event: 1473.364 Thread 0x00000179c6bbe120 Uncommon trap: trap_request=0xffffffde fr.pc=0x00000179e033c278 relative=0x00000000000001d8
Event: 1473.364 Thread 0x00000179c6bbe120 Uncommon trap: reason=class_check action=maybe_recompile pc=0x00000179e033c278 method=java.nio.Buffer.<init>(IIIILjdk/internal/access/foreign/MemorySegmentProxy;)V @ 39 c2
Event: 1473.364 Thread 0x00000179c6bbe120 DEOPT PACKING pc=0x00000179e033c278 sp=0x000000639bbfe0f0
Event: 1473.364 Thread 0x00000179c6bbe120 DEOPT UNPACKING pc=0x00000179dfc2a1a3 sp=0x000000639bbfe0e8 mode 2
Event: 1473.364 Thread 0x00000179c6bbe120 Uncommon trap: trap_request=0xffffffde fr.pc=0x00000179e033c278 relative=0x00000000000001d8
Event: 1473.364 Thread 0x00000179c6bbe120 Uncommon trap: reason=class_check action=maybe_recompile pc=0x00000179e033c278 method=java.nio.Buffer.<init>(IIIILjdk/internal/access/foreign/MemorySegmentProxy;)V @ 39 c2
Event: 1473.364 Thread 0x00000179c6bbe120 DEOPT PACKING pc=0x00000179e033c278 sp=0x000000639bbfe020
Event: 1473.364 Thread 0x00000179c6bbe120 DEOPT UNPACKING pc=0x00000179dfc2a1a3 sp=0x000000639bbfe018 mode 2
Event: 1473.364 Thread 0x00000179c6bbe120 Uncommon trap: trap_request=0xffffffde fr.pc=0x00000179e033c278 relative=0x00000000000001d8
Event: 1473.364 Thread 0x00000179c6bbe120 Uncommon trap: reason=class_check action=maybe_recompile pc=0x00000179e033c278 method=java.nio.Buffer.<init>(IIIILjdk/internal/access/foreign/MemorySegmentProxy;)V @ 39 c2
Event: 1473.364 Thread 0x00000179c6bbe120 DEOPT PACKING pc=0x00000179e033c278 sp=0x000000639bbfe0f0
Event: 1473.364 Thread 0x00000179c6bbe120 DEOPT UNPACKING pc=0x00000179dfc2a1a3 sp=0x000000639bbfe0e8 mode 2
Event: 1473.365 Thread 0x00000179c6bbe120 Uncommon trap: trap_request=0xffffff45 fr.pc=0x00000179e02c7894 relative=0x00000000000000f4
Event: 1473.365 Thread 0x00000179c6bbe120 Uncommon trap: reason=unstable_if action=reinterpret pc=0x00000179e02c7894 method=java.lang.reflect.AccessibleObject.verifyAccess(Ljava/lang/Class;Ljava/lang/Class;Ljava/lang/Class;I)Z @ 8 c2
Event: 1473.365 Thread 0x00000179c6bbe120 DEOPT PACKING pc=0x00000179e02c7894 sp=0x000000639bbfee80
Event: 1473.365 Thread 0x00000179c6bbe120 DEOPT UNPACKING pc=0x00000179dfc2a1a3 sp=0x000000639bbfedc0 mode 2
Event: 1473.365 Thread 0x00000179c6bbe120 Uncommon trap: trap_request=0xffffffde fr.pc=0x00000179e02c7eb4 relative=0x0000000000000194
Event: 1473.365 Thread 0x00000179c6bbe120 Uncommon trap: reason=class_check action=maybe_recompile pc=0x00000179e02c7eb4 method=jdk.internal.reflect.DelegatingMethodAccessorImpl.invoke(Ljava/lang/Object;[Ljava/lang/Object;)Ljava/lang/Object; @ 6 c2
Event: 1473.365 Thread 0x00000179c6bbe120 DEOPT PACKING pc=0x00000179e02c7eb4 sp=0x000000639bbfee70
Event: 1473.365 Thread 0x00000179c6bbe120 DEOPT UNPACKING pc=0x00000179dfc2a1a3 sp=0x000000639bbfee48 mode 2

Classes loaded (20 events):
Event: 2.148 Loading class jdk/internal/reflect/UTF8
Event: 2.148 Loading class jdk/internal/reflect/UTF8 done
Event: 2.148 Loading class jdk/internal/reflect/Label
Event: 2.149 Loading class jdk/internal/reflect/Label done
Event: 2.149 Loading class jdk/internal/reflect/Label$PatchInfo
Event: 2.149 Loading class jdk/internal/reflect/Label$PatchInfo done
Event: 2.149 Loading class jdk/internal/reflect/MethodAccessorGenerator$1
Event: 2.149 Loading class jdk/internal/reflect/MethodAccessorGenerator$1 done
Event: 2.149 Loading class jdk/internal/reflect/ClassDefiner
Event: 2.149 Loading class jdk/internal/reflect/ClassDefiner done
Event: 2.149 Loading class jdk/internal/reflect/ClassDefiner$1
Event: 2.149 Loading class jdk/internal/reflect/ClassDefiner$1 done
Event: 701.924 Loading class jdk/internal/access/foreign/MemorySegmentProxy
Event: 701.924 Loading class jdk/internal/access/foreign/MemorySegmentProxy done
Event: 1473.318 Loading class java/util/WeakHashMap$KeyIterator
Event: 1473.318 Loading class java/nio/channels/ClosedChannelException
Event: 1473.319 Loading class java/util/WeakHashMap$HashIterator
Event: 1473.319 Loading class java/nio/channels/ClosedChannelException done
Event: 1473.319 Loading class java/util/WeakHashMap$HashIterator done
Event: 1473.319 Loading class java/util/WeakHashMap$KeyIterator done

Classes unloaded (0 events):
No events

Classes redefined (0 events):
No events

Internal exceptions (20 events):
Event: 0.089 Thread 0x00000179d0b6b260 Exception <a 'java/lang/ClassNotFoundException'{0x00000000c3b0de00}: sun/awt/resources/spi/awtProvider> (0x00000000c3b0de00) 
thrown [s\src\hotspot\share\classfile\systemDictionary.cpp, line 256]
Event: 0.103 Thread 0x00000179d0b6b260 Exception <a 'java/io/FileNotFoundException'{0x00000000c3b63740}> (0x00000000c3b63740) 
thrown [s\src\hotspot\share\prims\jni.cpp, line 516]
Event: 0.107 Thread 0x00000179d0b6b260 Exception <a 'java/io/FileNotFoundException'{0x00000000c3b90b88}> (0x00000000c3b90b88) 
thrown [s\src\hotspot\share\prims\jni.cpp, line 516]
Event: 0.135 Thread 0x00000179d0b6b260 Exception <a 'java/lang/NoSuchMethodError'{0x00000000c3a3e218}: 'java.lang.Object java.lang.invoke.DirectMethodHandle$Holder.invokeStaticInit(java.lang.Object)'> (0x00000000c3a3e218) 
thrown [s\src\hotspot\share\interpreter\linkResolver.cpp, line 759]
Event: 0.222 Thread 0x00000179d0b6b260 Exception <a 'java/lang/NoSuchMethodError'{0x00000000c364c1c8}: 'java.lang.Object java.lang.invoke.DirectMethodHandle$Holder.invokeStaticInit(java.lang.Object, int, int, int, int)'> (0x00000000c364c1c8) 
thrown [s\src\hotspot\share\interpreter\linkResolver.cpp, line 759]
Event: 0.257 Thread 0x00000179d0b6b260 Exception <a 'java/lang/NoSuchMethodError'{0x00000000c35346e8}: 'java.lang.Object java.lang.invoke.DirectMethodHandle$Holder.invokeStaticInit(java.lang.Object, java.lang.Object, int, int, int, int)'> (0x00000000c35346e8) 
thrown [s\src\hotspot\share\interpreter\linkResolver.cpp, line 759]
Event: 0.281 Thread 0x00000179d0b6b260 Exception <a 'java/lang/NoSuchMethodError'{0x00000000c353fe38}: 'void java.lang.invoke.DirectMethodHandle$Holder.invokeStatic(java.lang.Object, long)'> (0x00000000c353fe38) 
thrown [s\src\hotspot\share\interpreter\linkResolver.cpp, line 759]
Event: 0.282 Thread 0x00000179d0b6b260 Exception <a 'java/lang/NoSuchMethodError'{0x00000000c3545418}: 'java.lang.Object java.lang.invoke.DirectMethodHandle$Holder.newInvokeSpecial(java.lang.Object, long)'> (0x00000000c3545418) 
thrown [s\src\hotspot\share\interpreter\linkResolver.cpp, line 759]
Event: 0.284 Thread 0x00000179d0b6b260 Exception <a 'java/lang/NoSuchMethodError'{0x00000000c354fc30}: 'java.lang.Object java.lang.invoke.DirectMethodHandle$Holder.invokeStaticInit(java.lang.Object, java.lang.Object, long, java.lang.Object)'> (0x00000000c354fc30) 
thrown [s\src\hotspot\share\interpreter\linkResolver.cpp, line 759]
Event: 0.284 Thread 0x00000179d0b6b260 Exception <a 'java/lang/NoSuchMethodError'{0x00000000c35561f0}: 'java.lang.Object java.lang.invoke.DirectMethodHandle$Holder.newInvokeSpecial(java.lang.Object, java.lang.Object, long)'> (0x00000000c35561f0) 
thrown [s\src\hotspot\share\interpreter\linkResolver.cpp, line 759]
Event: 0.285 Thread 0x00000179d0b6b260 Exception <a 'java/lang/NoSuchMethodError'{0x00000000c3559d60}: 'java.lang.Object java.lang.invoke.Invokers$Holder.linkToTargetMethod(java.lang.Object, long, java.lang.Object)'> (0x00000000c3559d60) 
thrown [s\src\hotspot\share\interpreter\linkResolver.cpp, line 759]
Event: 0.388 Thread 0x00000179d0b6b260 Exception <a 'java/lang/NoSuchMethodError'{0x00000000c34ca000}: 'java.lang.Object java.lang.invoke.DirectMethodHandle$Holder.invokeInterface(java.lang.Object, java.lang.Object)'> (0x00000000c34ca000) 
thrown [s\src\hotspot\share\interpreter\linkResolver.cpp, line 759]
Event: 0.388 Thread 0x00000179d0b6b260 Exception <a 'java/lang/IncompatibleClassChangeError'{0x00000000c34cd920}: Found class java.lang.Object, but interface was expected> (0x00000000c34cd920) 
thrown [s\src\hotspot\share\interpreter\linkResolver.cpp, line 826]
Event: 1.473 Thread 0x00000179d0b6b260 Exception <a 'java/lang/NoSuchMethodError'{0x00000000c339e978}: 'void java.lang.invoke.DirectMethodHandle$Holder.invokeSpecial(java.lang.Object, java.lang.Object, java.lang.Object, java.lang.Object, java.lang.Object)'> (0x00000000c339e978) 
thrown [s\src\hotspot\share\interpreter\linkResolver.cpp, line 759]
Event: 1.474 Thread 0x00000179d0b6b260 Exception <a 'java/lang/NoSuchMethodError'{0x00000000c33a7938}: 'void java.lang.invoke.DirectMethodHandle$Holder.invokeSpecial(java.lang.Object, java.lang.Object, java.lang.Object)'> (0x00000000c33a7938) 
thrown [s\src\hotspot\share\interpreter\linkResolver.cpp, line 759]
Event: 1.474 Thread 0x00000179d0b6b260 Exception <a 'java/lang/NoSuchMethodError'{0x00000000c33adc68}: 'void java.lang.invoke.DirectMethodHandle$Holder.invokeSpecial(java.lang.Object, java.lang.Object, int)'> (0x00000000c33adc68) 
thrown [s\src\hotspot\share\interpreter\linkResolver.cpp, line 759]
Event: 1.474 Thread 0x00000179d0b6b260 Exception <a 'java/lang/NoSuchMethodError'{0x00000000c33b3c80}: 'java.lang.Object java.lang.invoke.DirectMethodHandle$Holder.newInvokeSpecial(java.lang.Object, java.lang.Object, int)'> (0x00000000c33b3c80) 
thrown [s\src\hotspot\share\interpreter\linkResolver.cpp, line 759]
Event: 1.975 Thread 0x00000179f3177da0 Implicit null exception at 0x00000179e02148fa to 0x00000179e0214cc0
Event: 1473.318 Thread 0x00000179f2d68320 Exception <a 'java/lang/InterruptedException'{0x00000000c8af9aa8}> (0x00000000c8af9aa8) 
thrown [s\src\hotspot\share\runtime\objectMonitor.cpp, line 1658]
Event: 1473.348 Thread 0x00000179f18ee530 Implicit null exception at 0x00000179e02767c4 to 0x00000179e027684c

VM Operations (20 events):
Event: 1471.908 Executing VM operation: G1TryInitiateConcMark done
Event: 1472.047 Executing VM operation: G1TryInitiateConcMark
Event: 1472.049 Executing VM operation: G1TryInitiateConcMark done
Event: 1472.186 Executing VM operation: G1TryInitiateConcMark
Event: 1472.188 Executing VM operation: G1TryInitiateConcMark done
Event: 1472.317 Executing VM operation: G1TryInitiateConcMark
Event: 1472.319 Executing VM operation: G1TryInitiateConcMark done
Event: 1472.462 Executing VM operation: G1TryInitiateConcMark
Event: 1472.464 Executing VM operation: G1TryInitiateConcMark done
Event: 1472.596 Executing VM operation: G1TryInitiateConcMark
Event: 1472.598 Executing VM operation: G1TryInitiateConcMark done
Event: 1472.732 Executing VM operation: G1TryInitiateConcMark
Event: 1472.735 Executing VM operation: G1TryInitiateConcMark done
Event: 1472.896 Executing VM operation: G1TryInitiateConcMark
Event: 1472.897 Executing VM operation: G1TryInitiateConcMark done
Event: 1473.043 Executing VM operation: G1TryInitiateConcMark
Event: 1473.044 Executing VM operation: G1TryInitiateConcMark done
Event: 1473.181 Executing VM operation: G1TryInitiateConcMark
Event: 1473.182 Executing VM operation: G1TryInitiateConcMark done
Event: 1473.421 Executing VM operation: Exit

Memory protections (0 events):
No events

Nmethod flushes (0 events):
No events

Events (20 events):
Event: 1.587 Thread 0x00000179f3177da0 Thread added: 0x00000179c6509de0
Event: 1.587 Thread 0x00000179f3177da0 Thread added: 0x00000179c650a2f0
Event: 1.587 Thread 0x00000179f3177da0 Thread added: 0x00000179c6508eb0
Event: 1.587 Thread 0x00000179f3177da0 Thread added: 0x00000179c6506b40
Event: 2.148 Thread 0x00000179c65ff280 Thread exited: 0x00000179c65ff280
Event: 2.334 Thread 0x00000179f2f33df0 Thread exited: 0x00000179f2f33df0
Event: 1473.318 Thread 0x00000179f3177da0 Thread added: 0x00000179c6bbe120
Event: 1473.318 Thread 0x00000179f3177da0 Thread added: 0x00000179c6bbf050
Event: 1473.318 Thread 0x00000179f3177da0 Thread added: 0x00000179c6bbd1f0
Event: 1473.318 Thread 0x00000179f3177da0 Thread added: 0x00000179c6bbe630
Event: 1473.318 Thread 0x00000179f2d68320 Thread exited: 0x00000179f2d68320
Event: 1473.319 Thread 0x00000179f11b1300 Thread exited: 0x00000179f11b1300
Event: 1473.319 Thread 0x00000179f12057d0 Thread added: 0x00000179c6bbf560
Event: 1473.319 Thread 0x00000179c6bbd1f0 Thread exited: 0x00000179c6bbd1f0
Event: 1473.321 Thread 0x00000179c6bbe630 Thread exited: 0x00000179c6bbe630
Event: 1473.323 Thread 0x00000179f12057d0 Thread exited: 0x00000179f12057d0
Event: 1473.354 Thread 0x00000179f18ee530 Thread exited: 0x00000179f18ee530
Event: 1473.365 Thread 0x00000179c6bbe120 Thread exited: 0x00000179c6bbe120
Event: 1473.420 Thread 0x00000179c6bbf050 Thread exited: 0x00000179c6bbf050
Event: 1473.420 Thread 0x00000179f3177da0 Before exit entered


Dynamic libraries:
0x00007ff6d1fa0000 - 0x00007ff6d1fae000 	C:\Program Files\Processing\app\resources\jdk-17.0.14+7\bin\java.exe
0x00007ffe8d7a0000 - 0x00007ffe8da07000 	C:\WINDOWS\SYSTEM32\ntdll.dll
0x00007ffe8bad0000 - 0x00007ffe8bb99000 	C:\WINDOWS\System32\KERNEL32.DLL
0x00007ffe8afe0000 - 0x00007ffe8b3d7000 	C:\WINDOWS\System32\KERNELBASE.dll
0x00007ffe8ac60000 - 0x00007ffe8adab000 	C:\WINDOWS\System32\ucrtbase.dll
0x00007ffe7a300000 - 0x00007ffe7a317000 	C:\Program Files\Processing\app\resources\jdk-17.0.14+7\bin\jli.dll
0x00007ffe6d8b0000 - 0x00007ffe6d8ce000 	C:\Program Files\Processing\app\resources\jdk-17.0.14+7\bin\VCRUNTIME140.dll
0x00007ffe8b720000 - 0x00007ffe8b8e6000 	C:\WINDOWS\System32\USER32.dll
0x00007ffe73250000 - 0x00007ffe734e2000 	C:\WINDOWS\WinSxS\amd64_microsoft.windows.common-controls_6595b64144ccf1df_6.0.26100.8457_none_3e0b2faee331e92d\COMCTL32.dll
0x00007ffe8a290000 - 0x00007ffe8a2b7000 	C:\WINDOWS\System32\win32u.dll
0x00007ffe8b960000 - 0x00007ffe8ba09000 	C:\WINDOWS\System32\msvcrt.dll
0x00007ffe8d080000 - 0x00007ffe8d0ab000 	C:\WINDOWS\System32\GDI32.dll
0x00007ffe8a2c0000 - 0x00007ffe8a3ec000 	C:\WINDOWS\System32\gdi32full.dll
0x00007ffe8b470000 - 0x00007ffe8b513000 	C:\WINDOWS\System32\msvcp_win.dll
0x00007ffe8d720000 - 0x00007ffe8d752000 	C:\WINDOWS\System32\IMM32.DLL
0x00007ffe85b10000 - 0x00007ffe85b1c000 	C:\Program Files\Processing\app\resources\jdk-17.0.14+7\bin\vcruntime140_1.dll
0x00007ffe5ee50000 - 0x00007ffe5eedd000 	C:\Program Files\Processing\app\resources\jdk-17.0.14+7\bin\msvcp140.dll
0x00007ffdda400000 - 0x00007ffddb06b000 	C:\Program Files\Processing\app\resources\jdk-17.0.14+7\bin\server\jvm.dll
0x00007ffe8ba10000 - 0x00007ffe8bac6000 	C:\WINDOWS\System32\ADVAPI32.dll
0x00007ffe8d0f0000 - 0x00007ffe8d197000 	C:\WINDOWS\System32\sechost.dll
0x00007ffe8b520000 - 0x00007ffe8b638000 	C:\WINDOWS\System32\RPCRT4.dll
0x00007ffe8b640000 - 0x00007ffe8b6c0000 	C:\WINDOWS\System32\WS2_32.dll
0x00007ffe8a030000 - 0x00007ffe8a08e000 	C:\WINDOWS\SYSTEM32\POWRPROF.dll
0x00007ffe810b0000 - 0x00007ffe810bb000 	C:\WINDOWS\SYSTEM32\VERSION.dll
0x00007ffe73640000 - 0x00007ffe73676000 	C:\WINDOWS\SYSTEM32\WINMM.dll
0x00007ffe8a010000 - 0x00007ffe8a024000 	C:\WINDOWS\SYSTEM32\UMPDC.dll
0x00007ffe88f60000 - 0x00007ffe88f7b000 	C:\WINDOWS\SYSTEM32\kernel.appcore.dll
0x00007ffe7bea0000 - 0x00007ffe7beaa000 	C:\Program Files\Processing\app\resources\jdk-17.0.14+7\bin\jimage.dll
0x00007ffe74060000 - 0x00007ffe742a2000 	C:\WINDOWS\SYSTEM32\DBGHELP.DLL
0x00007ffe8d390000 - 0x00007ffe8d713000 	C:\WINDOWS\System32\combase.dll
0x00007ffe8c8d0000 - 0x00007ffe8c9a9000 	C:\WINDOWS\System32\OLEAUT32.dll
0x00007ffe7b860000 - 0x00007ffe7b89b000 	C:\WINDOWS\SYSTEM32\dbgcore.DLL
0x00007ffe8adb0000 - 0x00007ffe8ae58000 	C:\WINDOWS\System32\bcryptPrimitives.dll
0x00007ffe63ce0000 - 0x00007ffe63d1b000 	C:\Program Files\Processing\app\resources\jdk-17.0.14+7\bin\jdwp.dll
0x00007ffe5dfb0000 - 0x00007ffe5dfd5000 	C:\Program Files\Processing\app\resources\jdk-17.0.14+7\bin\java.dll
0x00007ffe30ba0000 - 0x00007ffe30c77000 	C:\Program Files\Processing\app\resources\jdk-17.0.14+7\bin\jsvml.dll
0x00007ffe8bca0000 - 0x00007ffe8c40e000 	C:\WINDOWS\System32\SHELL32.dll
0x00007ffe8a3f0000 - 0x00007ffe8ac5c000 	C:\WINDOWS\System32\windows.storage.dll
0x00007ffe8bba0000 - 0x00007ffe8bc96000 	C:\WINDOWS\System32\SHCORE.dll
0x00007ffe8b8f0000 - 0x00007ffe8b956000 	C:\WINDOWS\System32\shlwapi.dll
0x00007ffe8a0f0000 - 0x00007ffe8a119000 	C:\WINDOWS\SYSTEM32\profapi.dll
0x00007ffe7be20000 - 0x00007ffe7be2c000 	C:\Program Files\Processing\app\resources\jdk-17.0.14+7\bin\dt_socket.dll
0x00007ffe889a0000 - 0x00007ffe889d2000 	C:\WINDOWS\SYSTEM32\IPHLPAPI.DLL
0x00007ffe894d0000 - 0x00007ffe8953c000 	C:\WINDOWS\system32\mswsock.dll
0x00007ffe64910000 - 0x00007ffe64929000 	C:\Program Files\Processing\app\resources\jdk-17.0.14+7\bin\net.dll
0x00007ffe843f0000 - 0x00007ffe84519000 	C:\WINDOWS\SYSTEM32\WINHTTP.dll
0x00007ffe5b4b0000 - 0x00007ffe5b4c6000 	C:\Program Files\Processing\app\resources\jdk-17.0.14+7\bin\nio.dll
0x00007ffe5b490000 - 0x00007ffe5b4a8000 	C:\Program Files\Processing\app\resources\jdk-17.0.14+7\bin\zip.dll
0x00007ffdf8000000 - 0x00007ffdf8190000 	C:\Program Files\Processing\app\resources\jdk-17.0.14+7\bin\awt.dll
0x00007ffe87a00000 - 0x00007ffe87aa0000 	C:\WINDOWS\SYSTEM32\apphelp.dll
0x00007ffe87d80000 - 0x00007ffe87e2a000 	C:\WINDOWS\system32\uxtheme.dll
0x00007ffe8d1a0000 - 0x00007ffe8d2fc000 	C:\WINDOWS\System32\MSCTF.dll
0x00007ffe8c430000 - 0x00007ffe8c5c7000 	C:\WINDOWS\System32\ole32.dll
0x00007ffe87f20000 - 0x00007ffe87f4f000 	C:\WINDOWS\system32\DWMAPI.DLL
0x00007ffe40100000 - 0x00007ffe4020f000 	C:\WINDOWS\system32\opengl32.dll
0x00007ffe429d0000 - 0x00007ffe429fd000 	C:\WINDOWS\SYSTEM32\GLU32.dll
0x00007ffe87eb0000 - 0x00007ffe87ef5000 	C:\WINDOWS\SYSTEM32\dxcore.dll
0x00007ffe897b0000 - 0x00007ffe897cb000 	C:\WINDOWS\SYSTEM32\CRYPTSP.dll
0x00007ffe88ec0000 - 0x00007ffe88ef9000 	C:\WINDOWS\system32\rsaenh.dll
0x00007ffe89580000 - 0x00007ffe895b3000 	C:\WINDOWS\SYSTEM32\USERENV.dll
0x00007ffe8a0c0000 - 0x00007ffe8a0ea000 	C:\WINDOWS\SYSTEM32\bcrypt.dll
0x00007ffe897d0000 - 0x00007ffe897dc000 	C:\WINDOWS\SYSTEM32\CRYPTBASE.dll
0x00007ffe8c8c0000 - 0x00007ffe8c8ca000 	C:\WINDOWS\System32\NSI.dll
0x00007ffe84550000 - 0x00007ffe8456d000 	C:\WINDOWS\SYSTEM32\dhcpcsvc6.DLL
0x00007ffe84520000 - 0x00007ffe84545000 	C:\WINDOWS\SYSTEM32\dhcpcsvc.DLL
0x00007ffe88a40000 - 0x00007ffe88b72000 	C:\WINDOWS\SYSTEM32\DNSAPI.dll
0x00007ffe5e5d0000 - 0x00007ffe5e5e3000 	C:\Users\danil\AppData\Local\Temp\jogamp_0000\file_cache\jln13951436364670397195\jln14921057894010542968\natives\windows-amd64\gluegen_rt.dll
0x00007ffe7bc00000 - 0x00007ffe7bc07000 	C:\Program Files\Processing\app\resources\jdk-17.0.14+7\bin\jawt.dll
0x00007ffe7b7c0000 - 0x00007ffe7b7cd000 	C:\Users\danil\AppData\Local\Temp\jogamp_0000\file_cache\jln13951436364670397195\jln14921057894010542968\natives\windows-amd64\nativewindow_awt.dll
0x00007ffe5e5b0000 - 0x00007ffe5e5c5000 	C:\Users\danil\AppData\Local\Temp\jogamp_0000\file_cache\jln13951436364670397195\jln14921057894010542968\natives\windows-amd64\nativewindow_win32.dll
0x00007ffe5e520000 - 0x00007ffe5e5a3000 	C:\Users\danil\AppData\Local\Temp\jogamp_0000\file_cache\jln13951436364670397195\jln14921057894010542968\natives\windows-amd64\jogl_desktop.dll
0x00007ffe5b3d0000 - 0x00007ffe5b422000 	C:\Users\danil\AppData\Local\Temp\jogamp_0000\file_cache\jln13951436364670397195\jln14921057894010542968\natives\windows-amd64\jogl_mobile.dll
0x00007ffe841f0000 - 0x00007ffe84251000 	C:\WINDOWS\SYSTEM32\directxdatabasehelper.dll
0x00007ffe7b700000 - 0x00007ffe7b71d000 	C:\WINDOWS\SYSTEM32\windows.staterepositorycore.dll
0x00007ffdb17e0000 - 0x00007ffdb27b3000 	C:\WINDOWS\System32\DriverStore\FileRepository\iigd_dch.inf_amd64_225f37aa3862fc3f\igxelpicd64.dll
0x00007ffe87bd0000 - 0x00007ffe87d0e000 	C:\WINDOWS\system32\dxgi.dll
0x00007ffdd9f70000 - 0x00007ffdda3f7000 	C:\WINDOWS\System32\DriverStore\FileRepository\iigd_dch.inf_amd64_225f37aa3862fc3f\igdml64.dll
0x00007ffe89d40000 - 0x00007ffe89d91000 	C:\WINDOWS\SYSTEM32\cfgmgr32.dll
0x00007ffe80b00000 - 0x00007ffe80ec1000 	C:\WINDOWS\System32\DriverStore\FileRepository\iigd_dch.inf_amd64_225f37aa3862fc3f\igdgmm64.dll
0x00007ffe7d5d0000 - 0x00007ffe807d6000 	C:\WINDOWS\System32\DriverStore\FileRepository\iigd_dch.inf_amd64_225f37aa3862fc3f\igc64.dll
0x00007ffe5e500000 - 0x00007ffe5e519000 	C:\Users\danil\AppData\Local\Temp\jogamp_0000\file_cache\jln13951436364670397195\jln14921057894010542968\natives\windows-amd64\newt_head.dll
0x00007ffe5e8e0000 - 0x00007ffe5e99f000 	C:\WINDOWS\SYSTEM32\mscms.dll
0x00007ffe1cd10000 - 0x00007ffe1cd59000 	C:\WINDOWS\SYSTEM32\icm32.dll
0x00007ffe8cbf0000 - 0x00007ffe8d077000 	C:\WINDOWS\System32\setupapi.dll
0x00007ffe89d10000 - 0x00007ffe89d3d000 	C:\WINDOWS\SYSTEM32\DEVOBJ.dll
0x00007ffe8b3e0000 - 0x00007ffe8b462000 	C:\WINDOWS\System32\WINTRUST.dll
0x00007ffe8ae60000 - 0x00007ffe8afd8000 	C:\WINDOWS\System32\CRYPT32.dll
0x00007ffe898e0000 - 0x00007ffe898f3000 	C:\WINDOWS\SYSTEM32\MSASN1.dll
0x00007ffe580f0000 - 0x00007ffe58236000 	C:\WINDOWS\SYSTEM32\textinputframework.dll
0x00007ffe87560000 - 0x00007ffe87687000 	C:\WINDOWS\SYSTEM32\CoreMessaging.dll
0x00007ffe83270000 - 0x00007ffe83552000 	C:\WINDOWS\SYSTEM32\CoreUIComponents.dll
0x00007ffe84e00000 - 0x00007ffe84f6a000 	C:\WINDOWS\SYSTEM32\wintypes.dll

dbghelp: loaded successfully - version: 4.0.5 - missing functions: none
symbol engine: initialized successfully - sym options: 0x614 - pdb path: .;C:\Program Files\Processing\app\resources\jdk-17.0.14+7\bin;C:\WINDOWS\SYSTEM32;C:\WINDOWS\WinSxS\amd64_microsoft.windows.common-controls_6595b64144ccf1df_6.0.26100.8457_none_3e0b2faee331e92d;C:\Program Files\Processing\app\resources\jdk-17.0.14+7\bin\server;C:\Users\danil\AppData\Local\Temp\jogamp_0000\file_cache\jln13951436364670397195\jln14921057894010542968\natives\windows-amd64;C:\WINDOWS\System32\DriverStore\FileRepository\iigd_dch.inf_amd64_225f37aa3862fc3f

VM Arguments:
jvm_args: -agentlib:jdwp=transport=dt_socket,address=8977,server=y,suspend=y,quiet=y -Xms64m -Xmx1024m -Djna.nosys=true -Djava.library.path=;C:\Program Files\Processing\app\resources\core\library;C:\Program Files\Processing;C:\WINDOWS\system32;C:\WINDOWS;C:\Program Files\PlasticSCM5\server;C:\Program Files\PlasticSCM5\client;C:\Program Files\Common Files\Oracle\Java\javapath;C:\Program Files (x86)\Common Files\Oracle\Java\javapath;C:\Windows\System32\HWAudioDriverLibs;C:\Windows\system32;C:\Windows;C:\Windows\System32\Wbem;C:\Windows\System32\WindowsPowerShell\v1.0;C:\Windows\System32\OpenSSH;C:\Program Files\Microsoft SQL Server\150\Tools\Binn;C:\Program Files\Microsoft SQL Server\Client SDK\ODBC\170\Tools\Binn;C:\Program Files\dotnet;D:\Windows Kits\10\Windows Performance Toolkit;C:\Program Files\Java\jdk-23\bin;C:\WINDOWS\system32;C:\WINDOWS;C:\WINDOWS\System32\Wbem;C:\WINDOWS\System32\WindowsPowerShell\v1.0;C:\WINDOWS\System32\OpenSSH;C:\Program Files\nodejs;C:\Program Files\Docker\Docker\resources\bin;C:\Program Files\TortoiseGit\bin;C:\Program Files\Git\cmd;C:\Users\danil\AppData\Local\Programs\Python\Python312\Scripts;C:\Users\danil\AppData\Local\Programs\Python\Python312;C:\Users\danil\AppData\Local\Microsoft\WindowsApps;C:\Users\danil\AppData\Local\Programs\Microsoft VS Code\bin;C:\Users\danil\AppData\Roaming\npm;D:\DataBase\18\bin;C:\Program Files\Processing\app;. -ea 
java_command: processing.core.PApplet --location=647,369 --external --display=1 --sketch-path=C:\Users\danil\Desktop\Gravity_simul Gravity_simul
java_class_path (initial): C:\Users\danil\AppData\Local\Temp\processing\Gravity_simul44006064857121695temp;C:\Program Files\Processing\app\resources\core\library\annotations-13.0.jar;C:\Program Files\Processing\app\resources\core\library\antlr-2.7.7.jar;C:\Program Files\Processing\app\resources\core\library\core-4.4.1.jar;C:\Program Files\Processing\app\resources\core\library\gluegen-rt-2.5.0-natives-android-aarch64.jar;C:\Program Files\Processing\app\resources\core\library\gluegen-rt-2.5.0-natives-linux-aarch64.jar;C:\Program Files\Processing\app\resources\core\library\gluegen-rt-2.5.0-natives-linux-amd64.jar;C:\Program Files\Processing\app\resources\core\library\gluegen-rt-2.5.0-natives-linux-armv6hf.jar;C:\Program Files\Processing\app\resources\core\library\gluegen-rt-2.5.0-natives-macosx-universal.jar;C:\Program Files\Processing\app\resources\core\library\gluegen-rt-2.5.0-natives-windows-amd64.jar;C:\Program Files\Processing\app\resources\core\library\gluegen-rt-2.5.0.jar;C:\Program Files\Processing\app\resources\core\library\gluegen-rt-main-2.5.0.jar;C:\Program Files\Processing\app\resources\core\library\jogl-all-2.5.0-natives-android-aarch64.jar;C:\Program Files\Processing\app\resources\core\library\jogl-all-2.5.0-natives-linux-aarch64.jar;C:\Program Files\Processing\app\resources\core\library\jogl-all-2.5.0-natives-linux-amd64.jar;C:\Program Files\Processing\app\resources\core\library\jogl-all-2.5.0-natives-linux-armv6hf.jar;C:\Program Files\Processing\app\resources\core\library\jogl-all-2.5.0-natives-macosx-universal.jar;C:\Program Files\Processing\app\resources\core\library\jogl-all-2.5.0-natives-windows-amd64.jar;C:\Program Files\Processing\app\resources\core\library\jogl-all-2.5.0.jar;C:\Program Files\Processing\app\resources\core\library\jogl-all-main-2.5.0.jar;C:\Program Files\Processing\app\resources\core\library\kotlin-stdlib-2.0.20.jar
Launcher Type: SUN_STANDARD

[Global flags]
     intx CICompilerCount                          = 4                                         {product} {ergonomic}
     uint ConcGCThreads                            = 2                                         {product} {ergonomic}
     uint G1ConcRefinementThreads                  = 8                                         {product} {ergonomic}
   size_t G1HeapRegionSize                         = 1048576                                   {product} {ergonomic}
    uintx GCDrainStackTargetSize                   = 64                                        {product} {ergonomic}
   size_t InitialHeapSize                          = 67108864                                  {product} {command line}
   size_t MarkStackSize                            = 4194304                                   {product} {ergonomic}
   size_t MaxHeapSize                              = 1073741824                                {product} {command line}
   size_t MaxNewSize                               = 643825664                                 {product} {ergonomic}
   size_t MinHeapDeltaBytes                        = 1048576                                   {product} {ergonomic}
   size_t MinHeapSize                              = 67108864                                  {product} {command line}
    uintx NonNMethodCodeHeapSize                   = 5839372                                {pd product} {ergonomic}
    uintx NonProfiledCodeHeapSize                  = 122909434                              {pd product} {ergonomic}
    uintx ProfiledCodeHeapSize                     = 122909434                              {pd product} {ergonomic}
    uintx ReservedCodeCacheSize                    = 251658240                              {pd product} {ergonomic}
     bool SegmentedCodeCache                       = true                                      {product} {ergonomic}
   size_t SoftMaxHeapSize                          = 1073741824                             {manageable} {ergonomic}
     bool UseCompressedClassPointers               = true                           {product lp64_product} {ergonomic}
     bool UseCompressedOops                        = true                           {product lp64_product} {ergonomic}
     bool UseG1GC                                  = true                                      {product} {ergonomic}
     bool UseLargePagesIndividualAllocation        = false                                  {pd product} {ergonomic}

Logging:
Log output configuration:
 #0: stdout all=off uptime,level,tags
 #1: stderr all=off uptime,level,tags

Environment Variables:
JAVA_HOME=C:\Program Files\Java\jdk-23
PATH=C:\Program Files\PlasticSCM5\server;C:\Program Files\PlasticSCM5\client;C:\Program Files\Common Files\Oracle\Java\javapath;C:\Program Files (x86)\Common Files\Oracle\Java\javapath;C:\Windows\System32\HWAudioDriverLibs;C:\Windows\system32;C:\Windows;C:\Windows\System32\Wbem;C:\Windows\System32\WindowsPowerShell\v1.0\;C:\Windows\System32\OpenSSH\;C:\Users\Administrator\AppData\Local\Microsoft\WindowsApps;C:\Program Files\Microsoft SQL Server\150\Tools\Binn\;C:\Program Files\Microsoft SQL Server\Client SDK\ODBC\170\Tools\Binn\;C:\Program Files\dotnet\;D:\Windows Kits\10\Windows Performance Toolkit\;C:\Program Files\Java\jdk-23\bin;C:\WINDOWS\system32;C:\WINDOWS;C:\WINDOWS\System32\Wbem;C:\WINDOWS\System32\WindowsPowerShell\v1.0\;C:\WINDOWS\System32\OpenSSH\;C:\Program Files\nodejs\;C:\Program Files\Docker\Docker\resources\bin;C:\Program Files\TortoiseGit\bin;C:\Program Files\Git\cmd;C:\Users\danil\AppData\Local\Programs\Python\Python312\Scripts\;C:\Users\danil\AppData\Local\Programs\Python\Python312\;C:\Users\danil\AppData\Local\Microsoft\WindowsApps;C:\Users\danil\.dotnet\tools;C:\Users\danil\AppData\Local\Programs\Microsoft VS Code\bin;C:\Users\danil\AppData\Roaming\npm;D:\DataBase\18\bin;C:\Program Files\Processing\app
USERNAME=danil
OS=Windows_NT
PROCESSOR_IDENTIFIER=Intel64 Family 6 Model 140 Stepping 2, GenuineIntel
TMP=C:\Users\danil\AppData\Local\Temp
TEMP=C:\Users\danil\AppData\Local\Temp



Periodic native trim disabled


---------------  S Y S T E M  ---------------

OS:
 Windows 11 , 64 bit Build 26100 (10.0.26100.8328)
OS uptime: 0 days 6:15 hours
Hyper-V role detected

CPU: total 8 (initial active 8) (4 cores per cpu, 2 threads per core) family 6 model 140 stepping 2 microcode 0x16, cx8, cmov, fxsr, ht, mmx, 3dnowpref, sse, sse2, sse3, ssse3, sse4.1, sse4.2, popcnt, lzcnt, tsc, tscinvbit, avx, avx2, aes, erms, clmul, bmi1, bmi2, adx, avx512f, avx512dq, avx512cd, avx512bw, avx512vl, sha, fma, vzeroupper, avx512_vpopcntdq, avx512_vpclmulqdq, avx512_vaes, avx512_vnni, clflush, clflushopt, clwb, avx512_vbmi2, avx512_vbmi, hv
Processor Information for all 8 processors :
  Max Mhz: 2496, Current Mhz: 2496, Mhz Limit: 2496

Memory: 4k page, system-wide physical 7975M (1543M free)
TotalPageFile size 17703M (AvailPageFile size 6406M)
current process WorkingSet (physical memory assigned to process): 541M, peak: 564M
current process commit charge ("private bytes"): 520M, peak: 545M

vm_info: OpenJDK 64-Bit Server VM (17.0.14+7) for windows-amd64 JRE (17.0.14+7), built on Jan 21 2025 23:40:15 by "admin" with MS VC++ 17.7 (VS2022)

END.
