#
# A fatal error has been detected by the Java Runtime Environment:
#
#  EXCEPTION_ACCESS_VIOLATION (0xc0000005) at pc=0x00007ffb4900b386, pid=8652, tid=15464
#
# JRE version: OpenJDK Runtime Environment Temurin-17.0.14+7 (17.0.14+7) (build 17.0.14+7)
# Java VM: OpenJDK 64-Bit Server VM Temurin-17.0.14+7 (17.0.14+7, mixed mode, sharing, tiered, compressed oops, compressed class ptrs, g1 gc, windows-amd64)
# Problematic frame:
# C  [igxelpicd64.dll+0x23b386]
#
# No core dump will be written. Minidumps are not enabled by default on client versions of Windows
#
# If you would like to submit a bug report, please visit:
#   https://github.com/adoptium/adoptium-support/issues
#

---------------  S U M M A R Y ------------

Command Line: -agentlib:jdwp=transport=dt_socket,address=8280,server=y,suspend=y,quiet=y -Xms64m -Xmx1024m -Djna.nosys=true -Djava.library.path=;C:\Program Files\Processing\app\resources\core\library;C:\Program Files\Processing;C:\WINDOWS\system32;C:\WINDOWS;C:\Program Files\PlasticSCM5\server;C:\Program Files\PlasticSCM5\client;C:\Program Files\Common Files\Oracle\Java\javapath;C:\Program Files (x86)\Common Files\Oracle\Java\javapath;C:\Windows\System32\HWAudioDriverLibs;C:\Windows\system32;C:\Windows;C:\Windows\System32\Wbem;C:\Windows\System32\WindowsPowerShell\v1.0;C:\Windows\System32\OpenSSH;C:\Program Files\Microsoft SQL Server\150\Tools\Binn;C:\Program Files\Microsoft SQL Server\Client SDK\ODBC\170\Tools\Binn;C:\Program Files\dotnet;D:\Windows Kits\10\Windows Performance Toolkit;C:\Program Files\Java\jdk-23\bin;C:\WINDOWS\system32;C:\WINDOWS;C:\WINDOWS\System32\Wbem;C:\WINDOWS\System32\WindowsPowerShell\v1.0;C:\WINDOWS\System32\OpenSSH;C:\Program Files\nodejs;C:\Program Files\Docker\Docker\resources\bin;C:\Program Files\TortoiseGit\bin;C:\Program Files\Git\cmd;C:\Users\danil\Desktop\ffmpeg-8.1.2-essentials_build\ffmpeg-8.1.2-essentials_build\bin;C:\Users\danil\AppData\Local\Programs\Python\Python312\Scripts;C:\Users\danil\AppData\Local\Programs\Python\Python312;C:\Users\danil\AppData\Local\Microsoft\WindowsApps;C:\Users\danil\AppData\Local\Programs\Microsoft VS Code\bin;C:\Users\danil\AppData\Roaming\npm;D:\DataBase\18\bin;C:\Program Files\Processing\app;. -ea processing.core.PApplet --editor-location=-8,-8 --external --display=1 --sketch-path=C:\Users\danil\Desktop\Gravity_simul Gravity_simul

Host: 11th Gen Intel(R) Core(TM) i5-1155G7 @ 2.50GHz, 8 cores, 7G,  Windows 11 , 64 bit Build 26100 (10.0.26100.8521)
Time: Sun Jun 28 23:36:00 2026 RTZ 3 (s 11 , 64 bit Build 26100 (10.0.26100.8521) elapsed time: 13.722384 seconds (0d 0h 0m 13s)

---------------  T H R E A D  ---------------

Current thread (0x000001639b139a80):  VMThread "VM Thread" [stack: 0x0000005042600000,0x0000005042700000] [id=15464]

Stack: [0x0000005042600000,0x0000005042700000],  sp=0x00000050426fe240,  free space=1016k
Native frames: (J=compiled Java code, j=interpreted, Vv=VM code, C=native code)
C  [igxelpicd64.dll+0x23b386]


siginfo: EXCEPTION_ACCESS_VIOLATION (0xc0000005), reading address 0x0000000000035468


Registers:
RAX=0x00000163f4f9b890, RBX=0x00000163e1638340, RCX=0x0000000000000004, RDX=0x0000000000000000
RSP=0x00000050426fe240, RBP=0x0000000000000000, RSI=0x00000163f4f9b690, RDI=0x00000163e2110410
R8 =0x00000163f4f9b790, R9 =0x0000005041bdb000, R10=0x0000000000000000, R11=0x0000000000000246
R12=0x00000163f4f9b690, R13=0x0000000000000000, R14=0x00000163f4f9bbd8, R15=0x00000163f4f98810
RIP=0x00007ffb4900b386, EFLAGS=0x0000000000010206


Register to memory mapping:

RIP=0x00007ffb4900b386 igxelpicd64.dll
RAX=0x00000163f4f9b890 points into unknown readable memory: 0x0000000000045435 | 35 54 04 00 00 00 00 00
RBX=0x00000163e1638340 points into unknown readable memory: 0xffffffffffffffff | ff ff ff ff ff ff ff ff
RCX=0x0000000000000004 is an unknown value
RDX=0x0 is NULL
RSP=0x00000050426fe240 points into unknown readable memory: 0x00000163e1638340 | 40 83 63 e1 63 01 00 00
RBP=0x0 is NULL
RSI=0x00000163f4f9b690 points into unknown readable memory: 0x00000163e1615de0 | e0 5d 61 e1 63 01 00 00
RDI=0x00000163e2110410 points into unknown readable memory: 0x0000000000000000 | 00 00 00 00 00 00 00 00
R8 =0x00000163f4f9b790 points into unknown readable memory: 0x0000000000000000 | 00 00 00 00 00 00 00 00
R9 =0x0000005041bdb000 points into unknown readable memory: 0x0000000000000000 | 00 00 00 00 00 00 00 00
R10=0x0 is NULL
R11=0x0000000000000246 is an unknown value
R12=0x00000163f4f9b690 points into unknown readable memory: 0x00000163e1615de0 | e0 5d 61 e1 63 01 00 00
R13=0x0 is NULL
R14=0x00000163f4f9bbd8 points into unknown readable memory: 0x00000163f4f98810 | 10 88 f9 f4 63 01 00 00
R15=0x00000163f4f98810 points into unknown readable memory: 0x00000163e1615de0 | e0 5d 61 e1 63 01 00 00


Top of Stack: (sp=0x00000050426fe240)
0x00000050426fe240:   00000163e1638340 00007ffb48e40ab4
0x00000050426fe250:   0000000000000000 00000163e2c8d3a0
0x00000050426fe260:   0000001600000000 0000000000000000
0x00000050426fe270:   0000016300000000 00000163e2c89580
0x00000050426fe280:   00000163e1638340 00000163e2c4d000
0x00000050426fe290:   00000163e53c0504 00000163e5060000
0x00000050426fe2a0:   f5c80399dec60300 00000163e2c8d9a0
0x00000050426fe2b0:   f3cc02d101cc0141 00007000115cf000
0x00000050426fe2c0:   ead60344ded503a2 33d7035d0bd70383
0x00000050426fe2d0:   2bdb03ac00000000 0bdd03772edb039c
0x00000050426fe2e0:   7adf03a856dd0141 bde30394b5e102f4
0x00000050426fe2f0:   48e5035f47e5037e b9e603ad3ae602ff
0x00000050426fe300:   ebe7037699e7012b 19ea035e0ae80140
0x00000050426fe310:   0000000000000000 0000000000000000
0x00000050426fe320:   b1ec030000000000 0000000000000000
0x00000050426fe330:   0000000000000000 0000000000000000
0x00000050426fe340:   00000050426fe4e0 00007ffbfa2a1259
0x00000050426fe350:   00000050426fe3d8 0000000000000000
0x00000050426fe360:   0000000000000054 00007ffbfa2fc710
0x00000050426fe370:   0000000000000000 00007ffbfb064094
0x00000050426fe380:   000000007a000004 00000000ffffffff
0x00000050426fe390:   00004389df6aeda3 001040007a000004
0x00000050426fe3a0:   00000163e2c81c38 000000000004584f
0x00000050426fe3b0:   0000000000000000 0000000000000016
0x00000050426fe3c0:   0000000000000000 0000000000000000
0x00000050426fe3d0:   00000050426fe4e0 00007ffb490382ae
0x00000050426fe3e0:   00000163e2110410 0000000000000000
0x00000050426fe3f0:   00000163e2110410 000010027a000004
0x00000050426fe400:   0000005000000b68 0000740400860000
0x00000050426fe410:   0000000000000000 0000000000000000
0x00000050426fe420:   0000000000000000 000010027a000004
0x00000050426fe430:   0000000000000000 0000000000000000 

Instructions: (pc=0x00007ffb4900b386)
0x00007ffb4900b286:   00 90 4c 8b bf 80 02 00 00 48 8b 05 9a 85 bd 00
0x00007ffb4900b296:   8b 80 c8 0a 00 00 89 44 24 24 c6 44 24 20 00 48
0x00007ffb4900b2a6:   c7 87 80 02 00 00 00 00 00 00 c7 87 88 02 00 00
0x00007ffb4900b2b6:   00 00 00 00 48 c7 87 a0 02 00 00 00 00 00 00 48
0x00007ffb4900b2c6:   c7 87 90 02 00 00 00 00 00 00 48 85 ed 75 3d 8b
0x00007ffb4900b2d6:   35 0d 77 cd 00 65 48 8b 04 25 58 00 00 00 b9 14
0x00007ffb4900b2e6:   00 00 00 48 8b 04 f0 40 38 2c 01 0f 84 c9 e7 75
0x00007ffb4900b2f6:   00 65 48 8b 04 25 58 00 00 00 bd 20 00 00 00 48
0x00007ffb4900b306:   8b 04 f0 48 8b 2c 28 48 89 6c 24 28 48 3b 2d 07
0x00007ffb4900b316:   9b cd 00 0f 84 9b 10 00 00 4d 85 ff 0f 84 3a 01
0x00007ffb4900b326:   00 00 0f 1f 84 00 00 00 00 00 49 8b f7 4d 8b e7
0x00007ffb4900b336:   4d 8d b7 48 05 00 00 4d 8b 3e 45 84 ed 0f 85 d9
0x00007ffb4900b346:   0e 00 00 8b 8f d0 01 00 00 48 8b 05 da 84 bd 00
0x00007ffb4900b356:   83 b8 64 03 00 00 02 75 34 4d 8d 84 24 00 01 00
0x00007ffb4900b366:   00 83 f9 10 0f 83 3a 01 00 00 8b c1 48 c1 e0 06
0x00007ffb4900b376:   49 03 c0 48 85 c0 0f 84 9b 01 00 00 48 8b 50 08
0x00007ffb4900b386:   48 3b 95 68 54 03 00 0f 87 b6 0e 00 00 48 83 be
0x00007ffb4900b396:   c0 05 00 00 00 0f 85 50 e7 75 00 44 8b 8f d0 01
0x00007ffb4900b3a6:   00 00 48 8b 87 e8 01 00 00 4c 8b 00 8b 8f d0 01
0x00007ffb4900b3b6:   00 00 48 8d 9e 00 01 00 00 83 f9 10 0f 83 1e 01
0x00007ffb4900b3c6:   00 00 8b c1 48 c1 e0 06 48 03 c3 48 85 c0 0f 84
0x00007ffb4900b3d6:   4a 01 00 00 4c 39 40 08 0f 86 40 01 00 00 48 8b
0x00007ffb4900b3e6:   87 80 02 00 00 49 89 06 48 89 b7 80 02 00 00 ff
0x00007ffb4900b3f6:   87 88 02 00 00 48 8b 4e 08 48 8b 01 ba 01 00 00
0x00007ffb4900b406:   00 48 8b 80 e0 02 00 00 ff 15 f4 c1 88 00 0f b7
0x00007ffb4900b416:   c8 48 2b c1 48 05 00 00 01 00 48 01 87 90 02 00
0x00007ffb4900b426:   00 48 8b 4e 08 48 8b 01 ba 01 00 00 00 48 8b 80
0x00007ffb4900b436:   e0 02 00 00 ff 15 c8 c1 88 00 48 01 87 a0 02 00
0x00007ffb4900b446:   00 0f b6 54 24 20 4d 85 ff 0f 85 db fe ff ff 84
0x00007ffb4900b456:   d2 0f 85 37 0f 00 00 48 8b 5c 24 40 48 8b cf 80
0x00007ffb4900b466:   7c 24 22 00 0f 85 40 0f 00 00 e8 3b f9 ff ff 90
0x00007ffb4900b476:   48 8b cb ff 15 99 bc 88 00 48 8b 8c 24 50 01 00 


Stack slot to memory mapping:
stack at sp + 0 slots: 0x00000163e1638340 points into unknown readable memory: 0xffffffffffffffff | ff ff ff ff ff ff ff ff
stack at sp + 1 slots: 0x00007ffb48e40ab4 igxelpicd64.dll
stack at sp + 2 slots: 0x0 is NULL
stack at sp + 3 slots: 0x00000163e2c8d3a0 points into unknown readable memory: 0x000000000000102c | 2c 10 00 00 00 00 00 00
stack at sp + 4 slots: 0x0000001600000000 is an unknown value
stack at sp + 5 slots: 0x0 is NULL
stack at sp + 6 slots: 0x0000016300000000 is an unknown value
stack at sp + 7 slots: 0x00000163e2c89580 points into unknown readable memory: 0x00000163e2c895f0 | f0 95 c8 e2 63 01 00 00

VM_Operation (0x00000050448fee30): Exit, mode: safepoint, requested by thread 0x000001639b413810


---------------  P R O C E S S  ---------------

Threads class SMR info:
_java_thread_list=0x00000163e2eda1e0, length=39, elements={
0x000001639b13edd0, 0x000001639b1408b0, 0x000001639b154a30, 0x000001639b155300,
0x000001639b155bd0, 0x000001639b15a4c0, 0x000001639b165190, 0x000001639b167b60,
0x000001639b16b970, 0x000001639b409040, 0x000001639b40bb20, 0x000001639b40c210,
0x000001639b413300, 0x000001639b4119b0, 0x000001639b413d20, 0x000001639b414230,
0x000001639b413810, 0x000001639b410f90, 0x000001639b410a80, 0x000001639b4114a0,
0x00000163f46234d0, 0x00000163f4621160, 0x00000163f4621b80, 0x00000163f46239e0,
0x00000163f46225a0, 0x00000163f4622ab0, 0x00000163f4622fc0, 0x00000163f4621670,
0x00000163f4620230, 0x00000163f4623ef0, 0x00000163f4620740, 0x00000163f4622090,
0x00000163f4624400, 0x00000163f4620c50, 0x00000163f4625330, 0x00000163f4624e20,
0x00000163f4625840, 0x00000163f4626c80, 0x00000163f4627bb0
}

Java Threads: ( => current thread )
  0x000001639b13edd0 JavaThread "Reference Handler" daemon [_thread_blocked, id=18096, stack(0x0000005042700000,0x0000005042800000)]
  0x000001639b1408b0 JavaThread "Finalizer" daemon [_thread_blocked, id=13828, stack(0x0000005042800000,0x0000005042900000)]
  0x000001639b154a30 JavaThread "Signal Dispatcher" daemon [_thread_blocked, id=1252, stack(0x0000005042900000,0x0000005042a00000)]
  0x000001639b155300 JavaThread "Attach Listener" daemon [_thread_blocked, id=8212, stack(0x0000005042a00000,0x0000005042b00000)]
  0x000001639b155bd0 JavaThread "Service Thread" daemon [_thread_blocked, id=17432, stack(0x0000005042b00000,0x0000005042c00000)]
  0x000001639b15a4c0 JavaThread "Monitor Deflation Thread" daemon [_thread_blocked, id=5212, stack(0x0000005042c00000,0x0000005042d00000)]
  0x000001639b165190 JavaThread "C2 CompilerThread0" daemon [_thread_blocked, id=18260, stack(0x0000005042d00000,0x0000005042e00000)]
  0x000001639b167b60 JavaThread "C1 CompilerThread0" daemon [_thread_blocked, id=11252, stack(0x0000005042e00000,0x0000005042f00000)]
  0x000001639b16b970 JavaThread "Sweeper thread" daemon [_thread_blocked, id=6792, stack(0x0000005042f00000,0x0000005043000000)]
  0x000001639b409040 JavaThread "JDWP Transport Listener: dt_socket" daemon [_thread_blocked, id=9160, stack(0x0000005043000000,0x0000005043100000)]
  0x000001639b40bb20 JavaThread "JDWP Event Helper Thread" daemon [_thread_blocked, id=17888, stack(0x0000005043100000,0x0000005043200000)]
  0x000001639b40c210 JavaThread "JDWP Command Reader" daemon [_thread_blocked, id=15928, stack(0x0000005043200000,0x0000005043300000)]
  0x000001639b413300 JavaThread "Notification Thread" daemon [_thread_blocked, id=8740, stack(0x0000005043300000,0x0000005043400000)]
  0x000001639b4119b0 JavaThread "Common-Cleaner" daemon [_thread_blocked, id=14528, stack(0x0000005043500000,0x0000005043600000)]
  0x000001639b413d20 JavaThread "Java2D Disposer" daemon [_thread_blocked, id=8620, stack(0x0000005043600000,0x0000005043700000)]
  0x000001639b414230 JavaThread "HighResTimerThread" daemon [_thread_blocked, id=5044, stack(0x0000005044600000,0x0000005044700000)]
  0x000001639b413810 JavaThread "main-FPSAWTAnimator#00-Timer0" [_thread_blocked, id=18568, stack(0x0000005044800000,0x0000005044900000)]
  0x000001639b410f90 JavaThread "DestroyJavaVM" [_thread_blocked, id=8820, stack(0x0000005042000000,0x0000005042100000)]
  0x000001639b410a80 JavaThread "pool-1-thread-1" [_thread_blocked, id=14576, stack(0x0000005044a00000,0x0000005044b00000)]
  0x000001639b4114a0 JavaThread "pool-1-thread-2" [_thread_blocked, id=15740, stack(0x0000005044b00000,0x0000005044c00000)]
  0x00000163f46234d0 JavaThread "pool-1-thread-3" [_thread_blocked, id=4236, stack(0x0000005044c00000,0x0000005044d00000)]
  0x00000163f4621160 JavaThread "pool-1-thread-4" [_thread_blocked, id=13272, stack(0x0000005044d00000,0x0000005044e00000)]
  0x00000163f4621b80 JavaThread "pool-1-thread-5" [_thread_blocked, id=2396, stack(0x0000005044e00000,0x0000005044f00000)]
  0x00000163f46239e0 JavaThread "pool-1-thread-6" [_thread_blocked, id=4360, stack(0x0000005044f00000,0x0000005045000000)]
  0x00000163f46225a0 JavaThread "pool-1-thread-7" [_thread_blocked, id=11292, stack(0x0000005045000000,0x0000005045100000)]
  0x00000163f4622ab0 JavaThread "pool-1-thread-8" [_thread_blocked, id=9640, stack(0x0000005045100000,0x0000005045200000)]
  0x00000163f4622fc0 JavaThread "pool-1-thread-9" [_thread_blocked, id=17296, stack(0x0000005045200000,0x0000005045300000)]
  0x00000163f4621670 JavaThread "pool-1-thread-10" [_thread_blocked, id=16256, stack(0x0000005045300000,0x0000005045400000)]
  0x00000163f4620230 JavaThread "pool-1-thread-11" [_thread_blocked, id=13916, stack(0x0000005045400000,0x0000005045500000)]
  0x00000163f4623ef0 JavaThread "pool-1-thread-12" [_thread_blocked, id=16888, stack(0x0000005045500000,0x0000005045600000)]
  0x00000163f4620740 JavaThread "pool-1-thread-13" [_thread_blocked, id=3632, stack(0x0000005045600000,0x0000005045700000)]
  0x00000163f4622090 JavaThread "pool-1-thread-14" [_thread_blocked, id=14800, stack(0x0000005045700000,0x0000005045800000)]
  0x00000163f4624400 JavaThread "pool-1-thread-15" [_thread_blocked, id=3216, stack(0x0000005045800000,0x0000005045900000)]
  0x00000163f4620c50 JavaThread "pool-1-thread-16" [_thread_blocked, id=18956, stack(0x0000005045900000,0x0000005045a00000)]
  0x00000163f4625330 JavaThread "pool-1-thread-17" [_thread_blocked, id=5112, stack(0x0000005045a00000,0x0000005045b00000)]
  0x00000163f4624e20 JavaThread "pool-1-thread-18" [_thread_blocked, id=14732, stack(0x0000005045b00000,0x0000005045c00000)]
  0x00000163f4625840 JavaThread "pool-1-thread-19" [_thread_blocked, id=10868, stack(0x0000005045c00000,0x0000005045d00000)]
  0x00000163f4626c80 JavaThread "pool-1-thread-20" [_thread_blocked, id=6672, stack(0x0000005045d00000,0x0000005045e00000)]
  0x00000163f4627bb0 JavaThread "AWT-Shutdown" [_thread_blocked, id=2824, stack(0x0000005044700000,0x0000005044800000)]

Other Threads:
=>0x000001639b139a80 VMThread "VM Thread" [stack: 0x0000005042600000,0x0000005042700000] [id=15464]
  0x00000163ff2dd1a0 GCTaskThread "GC Thread#0" [stack: 0x0000005042100000,0x0000005042200000] [id=17420]
  0x00000163e23361e0 GCTaskThread "GC Thread#1" [stack: 0x0000005043e00000,0x0000005043f00000] [id=4676]
  0x00000163e23364a0 GCTaskThread "GC Thread#2" [stack: 0x0000005043f00000,0x0000005044000000] [id=18380]
  0x00000163e2336760 GCTaskThread "GC Thread#3" [stack: 0x0000005044000000,0x0000005044100000] [id=18184]
  0x00000163e2336a20 GCTaskThread "GC Thread#4" [stack: 0x0000005044100000,0x0000005044200000] [id=6284]
  0x00000163e2336ce0 GCTaskThread "GC Thread#5" [stack: 0x0000005044200000,0x0000005044300000] [id=7136]
  0x00000163e23695f0 GCTaskThread "GC Thread#6" [stack: 0x0000005044300000,0x0000005044400000] [id=12852]
  0x00000163e23698b0 GCTaskThread "GC Thread#7" [stack: 0x0000005044400000,0x0000005044500000] [id=6192]
  0x00000163ff2e7010 ConcurrentGCThread "G1 Main Marker" terminated
  0x00000163ff2e7940 ConcurrentGCThread "G1 Conc#0" [stack: 0x0000005042300000,0x0000005042400000] [id=2368]
  0x00000163f4896450 ConcurrentGCThread "G1 Conc#1" [stack: 0x0000005045f00000,0x0000005046000000] [id=18416]
  0x00000163ff34eb80 ConcurrentGCThread "G1 Refine#0" terminated
  0x000001639affd4d0 ConcurrentGCThread "G1 Service" terminated

Threads with active compile tasks:

VM state: at safepoint (shutting down)

VM Mutex/Monitor currently owned by a thread:  ([mutex/lock_event])
[0x00000163fd09f390] Threads_lock - owner thread: 0x000001639b139a80
[0x00000163fd149f90] Heap_lock - owner thread: 0x000001639b413810

Heap address: 0x00000000c0000000, size: 1024 MB, Compressed Oops mode: 32-bit

CDS archive(s) mapped at: [0x000001639c000000-0x000001639cbb0000-0x000001639cbb0000), size 12255232, SharedBaseAddress: 0x000001639c000000, ArchiveRelocationMode: 1.
Compressed class space mapped at: 0x000001639d000000-0x00000163dd000000, reserved size: 1073741824
Narrow klass base: 0x000001639c000000, Narrow klass shift: 0, Narrow klass range: 0x100000000

GC Precious Log:
 CPUs: 8 total, 8 available
 Memory: 7975M
 Large Page Support: Disabled
 NUMA Support: Disabled
 Compressed Oops: Enabled (32-bit)
 Heap Region Size: 1M
 Heap Min Capacity: 64M
 Heap Initial Capacity: 64M
 Heap Max Capacity: 1G
 Pre-touch: Disabled
 Parallel Workers: 8
 Concurrent Workers: 2
 Concurrent Refinement Workers: 8
 Periodic GC: Disabled

Heap:
 garbage-first heap   total 137216K, used 93951K [0x00000000c0000000, 0x0000000100000000)
  region size 1024K, 42 young (43008K), 1 survivors (1024K)
 Metaspace       used 13128K, committed 13312K, reserved 1114112K
  class space    used 918K, committed 1024K, reserved 1048576K

Heap Regions: E=young(eden), S=young(survivor), O=old, HS=humongous(starts), HC=humongous(continues), CS=collection set, F=free, OA=open archive, CA=closed archive, TAMS=top-at-mark-start (previous, next)
|   0|0x00000000c0000000, 0x00000000c0100000, 0x00000000c0100000|100%| O|  |TAMS 0x00000000c0100000, 0x00000000c0000000| Untracked 
|   1|0x00000000c0100000, 0x00000000c0200000, 0x00000000c0200000|100%| O|  |TAMS 0x00000000c0200000, 0x00000000c0100000| Untracked 
|   2|0x00000000c0200000, 0x00000000c0300000, 0x00000000c0300000|100%|HS|  |TAMS 0x00000000c0300000, 0x00000000c0200000| Complete 
|   3|0x00000000c0300000, 0x00000000c0400000, 0x00000000c0400000|100%|HC|  |TAMS 0x00000000c0400000, 0x00000000c0300000| Complete 
|   4|0x00000000c0400000, 0x00000000c0500000, 0x00000000c0500000|100%|HC|  |TAMS 0x00000000c0500000, 0x00000000c0400000| Complete 
|   5|0x00000000c0500000, 0x00000000c0600000, 0x00000000c0600000|100%|HC|  |TAMS 0x00000000c0600000, 0x00000000c0500000| Complete 
|   6|0x00000000c0600000, 0x00000000c0700000, 0x00000000c0700000|100%|HC|  |TAMS 0x00000000c0700000, 0x00000000c0600000| Complete 
|   7|0x00000000c0700000, 0x00000000c0800000, 0x00000000c0800000|100%|HC|  |TAMS 0x00000000c0800000, 0x00000000c0700000| Complete 
|   8|0x00000000c0800000, 0x00000000c0900000, 0x00000000c0900000|100%|HC|  |TAMS 0x00000000c0900000, 0x00000000c0800000| Complete 
|   9|0x00000000c0900000, 0x00000000c0a00000, 0x00000000c0a00000|100%|HC|  |TAMS 0x00000000c0a00000, 0x00000000c0900000| Complete 
|  10|0x00000000c0a00000, 0x00000000c0b00000, 0x00000000c0b00000|100%|HC|  |TAMS 0x00000000c0b00000, 0x00000000c0a00000| Complete 
|  11|0x00000000c0b00000, 0x00000000c0c00000, 0x00000000c0c00000|100%|HS|  |TAMS 0x00000000c0c00000, 0x00000000c0b00000| Complete 
|  12|0x00000000c0c00000, 0x00000000c0d00000, 0x00000000c0d00000|100%|HC|  |TAMS 0x00000000c0d00000, 0x00000000c0c00000| Complete 
|  13|0x00000000c0d00000, 0x00000000c0e00000, 0x00000000c0e00000|100%|HC|  |TAMS 0x00000000c0e00000, 0x00000000c0d00000| Complete 
|  14|0x00000000c0e00000, 0x00000000c0f00000, 0x00000000c0f00000|100%| O|  |TAMS 0x00000000c0f00000, 0x00000000c0e00000| Untracked 
|  15|0x00000000c0f00000, 0x00000000c1000000, 0x00000000c1000000|100%| O|  |TAMS 0x00000000c1000000, 0x00000000c0f00000| Untracked 
|  16|0x00000000c1000000, 0x00000000c1100000, 0x00000000c1100000|100%| O|  |TAMS 0x00000000c1100000, 0x00000000c1000000| Untracked 
|  17|0x00000000c1100000, 0x00000000c1200000, 0x00000000c1200000|100%| O|  |TAMS 0x00000000c1200000, 0x00000000c1100000| Untracked 
|  18|0x00000000c1200000, 0x00000000c1300000, 0x00000000c1300000|100%| O|  |TAMS 0x00000000c1300000, 0x00000000c1200000| Untracked 
|  19|0x00000000c1300000, 0x00000000c1400000, 0x00000000c1400000|100%| O|  |TAMS 0x00000000c1400000, 0x00000000c1300000| Untracked 
|  20|0x00000000c1400000, 0x00000000c1400000, 0x00000000c1500000|  0%| F|  |TAMS 0x00000000c1400000, 0x00000000c1400000| Untracked 
|  21|0x00000000c1500000, 0x00000000c1600000, 0x00000000c1600000|100%| O|  |TAMS 0x00000000c1600000, 0x00000000c1500000| Untracked 
|  22|0x00000000c1600000, 0x00000000c1700000, 0x00000000c1700000|100%|HS|  |TAMS 0x00000000c1700000, 0x00000000c1600000| Complete 
|  23|0x00000000c1700000, 0x00000000c1800000, 0x00000000c1800000|100%|HC|  |TAMS 0x00000000c1800000, 0x00000000c1700000| Complete 
|  24|0x00000000c1800000, 0x00000000c1900000, 0x00000000c1900000|100%|HC|  |TAMS 0x00000000c1900000, 0x00000000c1800000| Complete 
|  25|0x00000000c1900000, 0x00000000c1a00000, 0x00000000c1a00000|100%|HC|  |TAMS 0x00000000c1a00000, 0x00000000c1900000| Complete 
|  26|0x00000000c1a00000, 0x00000000c1b00000, 0x00000000c1b00000|100%|HC|  |TAMS 0x00000000c1b00000, 0x00000000c1a00000| Complete 
|  27|0x00000000c1b00000, 0x00000000c1c00000, 0x00000000c1c00000|100%|HC|  |TAMS 0x00000000c1c00000, 0x00000000c1b00000| Complete 
|  28|0x00000000c1c00000, 0x00000000c1d00000, 0x00000000c1d00000|100%|HC|  |TAMS 0x00000000c1d00000, 0x00000000c1c00000| Complete 
|  29|0x00000000c1d00000, 0x00000000c1e00000, 0x00000000c1e00000|100%|HS|  |TAMS 0x00000000c1e00000, 0x00000000c1d00000| Complete 
|  30|0x00000000c1e00000, 0x00000000c1f00000, 0x00000000c1f00000|100%|HC|  |TAMS 0x00000000c1f00000, 0x00000000c1e00000| Complete 
|  31|0x00000000c1f00000, 0x00000000c2000000, 0x00000000c2000000|100%|HC|  |TAMS 0x00000000c2000000, 0x00000000c1f00000| Complete 
|  32|0x00000000c2000000, 0x00000000c2000000, 0x00000000c2100000|  0%| F|  |TAMS 0x00000000c2000000, 0x00000000c2000000| Untracked 
|  33|0x00000000c2100000, 0x00000000c2200000, 0x00000000c2200000|100%| O|  |TAMS 0x00000000c2200000, 0x00000000c2100000| Untracked 
|  34|0x00000000c2200000, 0x00000000c226be00, 0x00000000c2300000| 42%| O|  |TAMS 0x00000000c226be00, 0x00000000c2200000| Untracked 
|  35|0x00000000c2300000, 0x00000000c2400000, 0x00000000c2400000|100%|HS|  |TAMS 0x00000000c2400000, 0x00000000c2300000| Complete 
|  36|0x00000000c2400000, 0x00000000c2500000, 0x00000000c2500000|100%|HC|  |TAMS 0x00000000c2500000, 0x00000000c2400000| Complete 
|  37|0x00000000c2500000, 0x00000000c2600000, 0x00000000c2600000|100%|HC|  |TAMS 0x00000000c2600000, 0x00000000c2500000| Complete 
|  38|0x00000000c2600000, 0x00000000c2700000, 0x00000000c2700000|100%|HC|  |TAMS 0x00000000c2700000, 0x00000000c2600000| Complete 
|  39|0x00000000c2700000, 0x00000000c2800000, 0x00000000c2800000|100%|HC|  |TAMS 0x00000000c2800000, 0x00000000c2700000| Complete 
|  40|0x00000000c2800000, 0x00000000c2900000, 0x00000000c2900000|100%|HS|  |TAMS 0x00000000c2900000, 0x00000000c2800000| Complete 
|  41|0x00000000c2900000, 0x00000000c2a00000, 0x00000000c2a00000|100%|HC|  |TAMS 0x00000000c2a00000, 0x00000000c2900000| Complete 
|  42|0x00000000c2a00000, 0x00000000c2b00000, 0x00000000c2b00000|100%|HC|  |TAMS 0x00000000c2b00000, 0x00000000c2a00000| Complete 
|  43|0x00000000c2b00000, 0x00000000c2c00000, 0x00000000c2c00000|100%|HS|  |TAMS 0x00000000c2c00000, 0x00000000c2b00000| Complete 
|  44|0x00000000c2c00000, 0x00000000c2d00000, 0x00000000c2d00000|100%|HC|  |TAMS 0x00000000c2d00000, 0x00000000c2c00000| Complete 
|  45|0x00000000c2d00000, 0x00000000c2e00000, 0x00000000c2e00000|100%|HC|  |TAMS 0x00000000c2e00000, 0x00000000c2d00000| Complete 
|  46|0x00000000c2e00000, 0x00000000c2f00000, 0x00000000c2f00000|100%|HS|  |TAMS 0x00000000c2f00000, 0x00000000c2e00000| Complete 
|  47|0x00000000c2f00000, 0x00000000c3000000, 0x00000000c3000000|100%|HC|  |TAMS 0x00000000c3000000, 0x00000000c2f00000| Complete 
|  48|0x00000000c3000000, 0x00000000c3100000, 0x00000000c3100000|100%|HC|  |TAMS 0x00000000c3100000, 0x00000000c3000000| Complete 
|  49|0x00000000c3100000, 0x00000000c3200000, 0x00000000c3200000|100%|HS|  |TAMS 0x00000000c3200000, 0x00000000c3100000| Complete 
|  50|0x00000000c3200000, 0x00000000c3300000, 0x00000000c3300000|100%|HC|  |TAMS 0x00000000c3300000, 0x00000000c3200000| Complete 
|  51|0x00000000c3300000, 0x00000000c3400000, 0x00000000c3400000|100%|HC|  |TAMS 0x00000000c3400000, 0x00000000c3300000| Complete 
|  52|0x00000000c3400000, 0x00000000c3500000, 0x00000000c3500000|100%|HC|  |TAMS 0x00000000c3500000, 0x00000000c3400000| Complete 
|  53|0x00000000c3500000, 0x00000000c3600000, 0x00000000c3600000|100%|HC|  |TAMS 0x00000000c3600000, 0x00000000c3500000| Complete 
|  54|0x00000000c3600000, 0x00000000c3600000, 0x00000000c3700000|  0%| F|  |TAMS 0x00000000c3600000, 0x00000000c3600000| Untracked 
|  55|0x00000000c3700000, 0x00000000c3700000, 0x00000000c3800000|  0%| F|  |TAMS 0x00000000c3700000, 0x00000000c3700000| Untracked 
|  56|0x00000000c3800000, 0x00000000c3800000, 0x00000000c3900000|  0%| F|  |TAMS 0x00000000c3800000, 0x00000000c3800000| Untracked 
|  57|0x00000000c3900000, 0x00000000c3900000, 0x00000000c3a00000|  0%| F|  |TAMS 0x00000000c3900000, 0x00000000c3900000| Untracked 
|  58|0x00000000c3a00000, 0x00000000c3a00000, 0x00000000c3b00000|  0%| F|  |TAMS 0x00000000c3a00000, 0x00000000c3a00000| Untracked 
|  59|0x00000000c3b00000, 0x00000000c3b00000, 0x00000000c3c00000|  0%| F|  |TAMS 0x00000000c3b00000, 0x00000000c3b00000| Untracked 
|  60|0x00000000c3c00000, 0x00000000c3c00000, 0x00000000c3d00000|  0%| F|  |TAMS 0x00000000c3c00000, 0x00000000c3c00000| Untracked 
|  61|0x00000000c3d00000, 0x00000000c3d00000, 0x00000000c3e00000|  0%| F|  |TAMS 0x00000000c3d00000, 0x00000000c3d00000| Untracked 
|  62|0x00000000c3e00000, 0x00000000c3e00000, 0x00000000c3f00000|  0%| F|  |TAMS 0x00000000c3e00000, 0x00000000c3e00000| Untracked 
|  63|0x00000000c3f00000, 0x00000000c3f00000, 0x00000000c4000000|  0%| F|  |TAMS 0x00000000c3f00000, 0x00000000c3f00000| Untracked 
|  64|0x00000000c4000000, 0x00000000c4000000, 0x00000000c4100000|  0%| F|  |TAMS 0x00000000c4000000, 0x00000000c4000000| Untracked 
|  65|0x00000000c4100000, 0x00000000c4100000, 0x00000000c4200000|  0%| F|  |TAMS 0x00000000c4100000, 0x00000000c4100000| Untracked 
|  66|0x00000000c4200000, 0x00000000c4200000, 0x00000000c4300000|  0%| F|  |TAMS 0x00000000c4200000, 0x00000000c4200000| Untracked 
|  67|0x00000000c4300000, 0x00000000c4300000, 0x00000000c4400000|  0%| F|  |TAMS 0x00000000c4300000, 0x00000000c4300000| Untracked 
|  68|0x00000000c4400000, 0x00000000c4400000, 0x00000000c4500000|  0%| F|  |TAMS 0x00000000c4400000, 0x00000000c4400000| Untracked 
|  69|0x00000000c4500000, 0x00000000c4554100, 0x00000000c4600000| 32%| S|CS|TAMS 0x00000000c4500000, 0x00000000c4500000| Complete 
|  70|0x00000000c4600000, 0x00000000c4600000, 0x00000000c4700000|  0%| F|  |TAMS 0x00000000c4600000, 0x00000000c4600000| Untracked 
|  71|0x00000000c4700000, 0x00000000c4700000, 0x00000000c4800000|  0%| F|  |TAMS 0x00000000c4700000, 0x00000000c4700000| Untracked 
|  72|0x00000000c4800000, 0x00000000c4800000, 0x00000000c4900000|  0%| F|  |TAMS 0x00000000c4800000, 0x00000000c4800000| Untracked 
|  73|0x00000000c4900000, 0x00000000c4900000, 0x00000000c4a00000|  0%| F|  |TAMS 0x00000000c4900000, 0x00000000c4900000| Untracked 
|  74|0x00000000c4a00000, 0x00000000c4a00000, 0x00000000c4b00000|  0%| F|  |TAMS 0x00000000c4a00000, 0x00000000c4a00000| Untracked 
|  75|0x00000000c4b00000, 0x00000000c4b00000, 0x00000000c4c00000|  0%| F|  |TAMS 0x00000000c4b00000, 0x00000000c4b00000| Untracked 
|  76|0x00000000c4c00000, 0x00000000c4c00000, 0x00000000c4d00000|  0%| F|  |TAMS 0x00000000c4c00000, 0x00000000c4c00000| Untracked 
|  77|0x00000000c4d00000, 0x00000000c4d00000, 0x00000000c4e00000|  0%| F|  |TAMS 0x00000000c4d00000, 0x00000000c4d00000| Untracked 
|  78|0x00000000c4e00000, 0x00000000c4e00000, 0x00000000c4f00000|  0%| F|  |TAMS 0x00000000c4e00000, 0x00000000c4e00000| Untracked 
|  79|0x00000000c4f00000, 0x00000000c4f00000, 0x00000000c5000000|  0%| F|  |TAMS 0x00000000c4f00000, 0x00000000c4f00000| Untracked 
|  80|0x00000000c5000000, 0x00000000c5000000, 0x00000000c5100000|  0%| F|  |TAMS 0x00000000c5000000, 0x00000000c5000000| Untracked 
|  81|0x00000000c5100000, 0x00000000c5100000, 0x00000000c5200000|  0%| F|  |TAMS 0x00000000c5100000, 0x00000000c5100000| Untracked 
|  82|0x00000000c5200000, 0x00000000c5200000, 0x00000000c5300000|  0%| F|  |TAMS 0x00000000c5200000, 0x00000000c5200000| Untracked 
|  83|0x00000000c5300000, 0x00000000c5300000, 0x00000000c5400000|  0%| F|  |TAMS 0x00000000c5300000, 0x00000000c5300000| Untracked 
|  84|0x00000000c5400000, 0x00000000c5400000, 0x00000000c5500000|  0%| F|  |TAMS 0x00000000c5400000, 0x00000000c5400000| Untracked 
|  85|0x00000000c5500000, 0x00000000c5500000, 0x00000000c5600000|  0%| F|  |TAMS 0x00000000c5500000, 0x00000000c5500000| Untracked 
|  86|0x00000000c5600000, 0x00000000c5600000, 0x00000000c5700000|  0%| F|  |TAMS 0x00000000c5600000, 0x00000000c5600000| Untracked 
|  87|0x00000000c5700000, 0x00000000c5700000, 0x00000000c5800000|  0%| F|  |TAMS 0x00000000c5700000, 0x00000000c5700000| Untracked 
|  88|0x00000000c5800000, 0x00000000c5800000, 0x00000000c5900000|  0%| F|  |TAMS 0x00000000c5800000, 0x00000000c5800000| Untracked 
|  89|0x00000000c5900000, 0x00000000c5900000, 0x00000000c5a00000|  0%| F|  |TAMS 0x00000000c5900000, 0x00000000c5900000| Untracked 
|  90|0x00000000c5a00000, 0x00000000c5a00000, 0x00000000c5b00000|  0%| F|  |TAMS 0x00000000c5a00000, 0x00000000c5a00000| Untracked 
|  91|0x00000000c5b00000, 0x00000000c5b00000, 0x00000000c5c00000|  0%| F|  |TAMS 0x00000000c5b00000, 0x00000000c5b00000| Untracked 
|  92|0x00000000c5c00000, 0x00000000c5c00000, 0x00000000c5d00000|  0%| F|  |TAMS 0x00000000c5c00000, 0x00000000c5c00000| Untracked 
|  93|0x00000000c5d00000, 0x00000000c5d21888, 0x00000000c5e00000| 13%| E|  |TAMS 0x00000000c5d00000, 0x00000000c5d00000| Complete 
|  94|0x00000000c5e00000, 0x00000000c5f00000, 0x00000000c5f00000|100%| E|CS|TAMS 0x00000000c5e00000, 0x00000000c5e00000| Complete 
|  95|0x00000000c5f00000, 0x00000000c6000000, 0x00000000c6000000|100%| E|CS|TAMS 0x00000000c5f00000, 0x00000000c5f00000| Complete 
|  96|0x00000000c6000000, 0x00000000c6100000, 0x00000000c6100000|100%| E|CS|TAMS 0x00000000c6000000, 0x00000000c6000000| Complete 
|  97|0x00000000c6100000, 0x00000000c6200000, 0x00000000c6200000|100%| E|CS|TAMS 0x00000000c6100000, 0x00000000c6100000| Complete 
|  98|0x00000000c6200000, 0x00000000c6300000, 0x00000000c6300000|100%| E|CS|TAMS 0x00000000c6200000, 0x00000000c6200000| Complete 
|  99|0x00000000c6300000, 0x00000000c6400000, 0x00000000c6400000|100%| E|CS|TAMS 0x00000000c6300000, 0x00000000c6300000| Complete 
| 100|0x00000000c6400000, 0x00000000c6500000, 0x00000000c6500000|100%| E|CS|TAMS 0x00000000c6400000, 0x00000000c6400000| Complete 
| 101|0x00000000c6500000, 0x00000000c6600000, 0x00000000c6600000|100%| E|CS|TAMS 0x00000000c6500000, 0x00000000c6500000| Complete 
| 102|0x00000000c6600000, 0x00000000c6700000, 0x00000000c6700000|100%| E|CS|TAMS 0x00000000c6600000, 0x00000000c6600000| Complete 
| 103|0x00000000c6700000, 0x00000000c6800000, 0x00000000c6800000|100%| E|CS|TAMS 0x00000000c6700000, 0x00000000c6700000| Complete 
| 104|0x00000000c6800000, 0x00000000c6900000, 0x00000000c6900000|100%| E|CS|TAMS 0x00000000c6800000, 0x00000000c6800000| Complete 
| 105|0x00000000c6900000, 0x00000000c6a00000, 0x00000000c6a00000|100%| E|CS|TAMS 0x00000000c6900000, 0x00000000c6900000| Complete 
| 106|0x00000000c6a00000, 0x00000000c6b00000, 0x00000000c6b00000|100%| E|CS|TAMS 0x00000000c6a00000, 0x00000000c6a00000| Complete 
| 107|0x00000000c6b00000, 0x00000000c6c00000, 0x00000000c6c00000|100%| E|CS|TAMS 0x00000000c6b00000, 0x00000000c6b00000| Complete 
| 108|0x00000000c6c00000, 0x00000000c6d00000, 0x00000000c6d00000|100%| E|CS|TAMS 0x00000000c6c00000, 0x00000000c6c00000| Complete 
| 109|0x00000000c6d00000, 0x00000000c6e00000, 0x00000000c6e00000|100%| E|CS|TAMS 0x00000000c6d00000, 0x00000000c6d00000| Complete 
| 110|0x00000000c6e00000, 0x00000000c6f00000, 0x00000000c6f00000|100%| E|CS|TAMS 0x00000000c6e00000, 0x00000000c6e00000| Complete 
| 111|0x00000000c6f00000, 0x00000000c7000000, 0x00000000c7000000|100%| E|CS|TAMS 0x00000000c6f00000, 0x00000000c6f00000| Complete 
| 112|0x00000000c7000000, 0x00000000c7100000, 0x00000000c7100000|100%| E|CS|TAMS 0x00000000c7000000, 0x00000000c7000000| Complete 
| 113|0x00000000c7100000, 0x00000000c7200000, 0x00000000c7200000|100%| E|CS|TAMS 0x00000000c7100000, 0x00000000c7100000| Complete 
| 114|0x00000000c7200000, 0x00000000c7300000, 0x00000000c7300000|100%| E|CS|TAMS 0x00000000c7200000, 0x00000000c7200000| Complete 
| 115|0x00000000c7300000, 0x00000000c7400000, 0x00000000c7400000|100%| E|CS|TAMS 0x00000000c7300000, 0x00000000c7300000| Complete 
| 116|0x00000000c7400000, 0x00000000c7500000, 0x00000000c7500000|100%| E|CS|TAMS 0x00000000c7400000, 0x00000000c7400000| Complete 
| 117|0x00000000c7500000, 0x00000000c7600000, 0x00000000c7600000|100%| E|CS|TAMS 0x00000000c7500000, 0x00000000c7500000| Complete 
| 118|0x00000000c7600000, 0x00000000c7700000, 0x00000000c7700000|100%| E|CS|TAMS 0x00000000c7600000, 0x00000000c7600000| Complete 
| 119|0x00000000c7700000, 0x00000000c7800000, 0x00000000c7800000|100%| E|CS|TAMS 0x00000000c7700000, 0x00000000c7700000| Complete 
| 120|0x00000000c7800000, 0x00000000c7900000, 0x00000000c7900000|100%| E|CS|TAMS 0x00000000c7800000, 0x00000000c7800000| Complete 
| 121|0x00000000c7900000, 0x00000000c7a00000, 0x00000000c7a00000|100%| E|CS|TAMS 0x00000000c7900000, 0x00000000c7900000| Complete 
| 122|0x00000000c7a00000, 0x00000000c7b00000, 0x00000000c7b00000|100%| E|CS|TAMS 0x00000000c7a00000, 0x00000000c7a00000| Complete 
| 123|0x00000000c7b00000, 0x00000000c7c00000, 0x00000000c7c00000|100%| E|CS|TAMS 0x00000000c7b00000, 0x00000000c7b00000| Complete 
| 124|0x00000000c7c00000, 0x00000000c7d00000, 0x00000000c7d00000|100%| E|CS|TAMS 0x00000000c7c00000, 0x00000000c7c00000| Complete 
| 125|0x00000000c7d00000, 0x00000000c7e00000, 0x00000000c7e00000|100%| E|CS|TAMS 0x00000000c7d00000, 0x00000000c7d00000| Complete 
| 126|0x00000000c7e00000, 0x00000000c7f00000, 0x00000000c7f00000|100%| E|CS|TAMS 0x00000000c7e00000, 0x00000000c7e00000| Complete 
| 127|0x00000000c7f00000, 0x00000000c8000000, 0x00000000c8000000|100%| E|CS|TAMS 0x00000000c7f00000, 0x00000000c7f00000| Complete 
| 128|0x00000000c8000000, 0x00000000c8100000, 0x00000000c8100000|100%| E|CS|TAMS 0x00000000c8000000, 0x00000000c8000000| Complete 
| 129|0x00000000c8100000, 0x00000000c8200000, 0x00000000c8200000|100%| E|CS|TAMS 0x00000000c8100000, 0x00000000c8100000| Complete 
| 130|0x00000000c8200000, 0x00000000c8300000, 0x00000000c8300000|100%| E|CS|TAMS 0x00000000c8200000, 0x00000000c8200000| Complete 
| 131|0x00000000c8300000, 0x00000000c8400000, 0x00000000c8400000|100%| E|CS|TAMS 0x00000000c8300000, 0x00000000c8300000| Complete 
| 132|0x00000000c8400000, 0x00000000c8500000, 0x00000000c8500000|100%| E|CS|TAMS 0x00000000c8400000, 0x00000000c8400000| Complete 
| 133|0x00000000c8500000, 0x00000000c8600000, 0x00000000c8600000|100%| E|CS|TAMS 0x00000000c8500000, 0x00000000c8500000| Complete 

Card table byte_map: [0x00000163ff890000,0x00000163ffa90000] _byte_map_base: 0x00000163ff290000

Marking Bits (Prev, Next): (CMBitMap*) 0x00000163ff2de6e0, (CMBitMap*) 0x00000163ff2de720
 Prev Bits: [0x0000016396a80000, 0x0000016397a80000)
 Next Bits: [0x0000016397a80000, 0x0000016398a80000)

Polling page: 0x00000163fd240000

Metaspace:

Usage:
  Non-class:     11.92 MB used.
      Class:    918.73 KB used.
       Both:     12.82 MB used.

Virtual space:
  Non-class space:       64.00 MB reserved,      12.00 MB ( 19%) committed,  1 nodes.
      Class space:        1.00 GB reserved,       1.00 MB ( <1%) committed,  1 nodes.
             Both:        1.06 GB reserved,      13.00 MB (  1%) committed. 

Chunk freelists:
   Non-Class:  3.72 MB
       Class:  14.91 MB
        Both:  18.63 MB

MaxMetaspaceSize: unlimited
CompressedClassSpaceSize: 1.00 GB
Initial GC threshold: 21.00 MB
Current GC threshold: 21.38 MB
CDS: on
MetaspaceReclaimPolicy: balanced
 - commit_granule_bytes: 65536.
 - commit_granule_words: 8192.
 - virtual_space_node_default_size: 8388608.
 - enlarge_chunks_in_place: 1.
 - new_chunks_are_fully_committed: 0.
 - uncommit_free_chunks: 1.
 - use_allocation_guard: 0.
 - handle_deallocations: 1.


Internal statistics:

num_allocs_failed_limit: 0.
num_arena_births: 106.
num_arena_deaths: 0.
num_vsnodes_births: 2.
num_vsnodes_deaths: 0.
num_space_committed: 204.
num_space_uncommitted: 0.
num_chunks_returned_to_freelist: 0.
num_chunks_taken_from_freelist: 390.
num_chunk_merges: 0.
num_chunk_splits: 304.
num_chunks_enlarged: 244.
num_inconsistent_stats: 0.

CodeHeap 'non-profiled nmethods': size=120000Kb used=878Kb max_used=878Kb free=119121Kb
 bounds [0x000001638f550000, 0x000001638f7c0000, 0x0000016396a80000]
CodeHeap 'profiled nmethods': size=120000Kb used=3234Kb max_used=3234Kb free=116765Kb
 bounds [0x0000016387a80000, 0x0000016387db0000, 0x000001638efb0000]
CodeHeap 'non-nmethods': size=5760Kb used=1616Kb max_used=1650Kb free=4143Kb
 bounds [0x000001638efb0000, 0x000001638f220000, 0x000001638f550000]
 total_blobs=2662 nmethods=1723 adapters=852
 compilation: enabled
              stopped_count=0, restarted_count=0
 full_count=0

Compilation events (20 events):
Event: 13.404 Thread 0x000001639b165190 1714   !   4       java.util.concurrent.ThreadPoolExecutor::getTask (177 bytes)
Event: 13.437 Thread 0x000001639b165190 nmethod 1714 0x000001638f624d10 code [0x000001638f624f80, 0x000001638f6270d0]
Event: 13.437 Thread 0x000001639b165190 1715   !   4       java.util.concurrent.LinkedBlockingQueue::take (91 bytes)
Event: 13.464 Thread 0x000001639b165190 nmethod 1715 0x000001638f628590 code [0x000001638f6287e0, 0x000001638f62a330]
Event: 13.534 Thread 0x000001639b167b60 1716       3       processing.opengl.PGraphicsOpenGL::updatePolyBuffers (355 bytes)
Event: 13.536 Thread 0x000001639b167b60 nmethod 1716 0x0000016387d9ff10 code [0x0000016387da0360, 0x0000016387da24e8]
Event: 13.537 Thread 0x000001639b167b60 1717       3       processing.opengl.PGraphicsOpenGL::getPolyShader (448 bytes)
Event: 13.539 Thread 0x000001639b167b60 nmethod 1717 0x0000016387da3290 code [0x0000016387da37a0, 0x0000016387da5c58]
Event: 13.539 Thread 0x000001639b167b60 1718       3       processing.opengl.PShader::bind (47 bytes)
Event: 13.539 Thread 0x000001639b167b60 nmethod 1718 0x0000016387da6a90 code [0x0000016387da6c80, 0x0000016387da7128]
Event: 13.539 Thread 0x000001639b167b60 1719       3       processing.opengl.PShader::unbind (36 bytes)
Event: 13.540 Thread 0x000001639b167b60 nmethod 1719 0x0000016387da7310 code [0x0000016387da74e0, 0x0000016387da7908]
Event: 13.610 Thread 0x000001639b167b60 1720       3       java.lang.AbstractStringBuilder::append (55 bytes)
Event: 13.611 Thread 0x000001639b167b60 nmethod 1720 0x0000016387da7a90 code [0x0000016387da7c60, 0x0000016387da7f98]
Event: 13.648 Thread 0x000001639b167b60 1721       3       jdk.internal.misc.Unsafe::getAndAddLong (27 bytes)
Event: 13.648 Thread 0x000001639b165190 1723 %     4       java.lang.StringCoding::hasNegatives @ 2 (25 bytes)
Event: 13.648 Thread 0x000001639b167b60 nmethod 1721 0x0000016387da8110 code [0x0000016387da82c0, 0x0000016387da8508]
Event: 13.648 Thread 0x000001639b167b60 1722       3       jdk.internal.misc.Unsafe::weakCompareAndSetLong (11 bytes)
Event: 13.648 Thread 0x000001639b167b60 nmethod 1722 0x0000016387da8610 code [0x0000016387da87a0, 0x0000016387da88d8]
Event: 13.652 Thread 0x000001639b165190 nmethod 1723% 0x000001638f62b590 code [0x000001638f62b720, 0x000001638f62b938]

GC Heap History (20 events):
Event: 5.987 GC heap before
{Heap before GC invocations=14 (full 0):
 garbage-first heap   total 113664K, used 94327K [0x00000000c0000000, 0x0000000100000000)
  region size 1024K, 41 young (41984K), 2 survivors (2048K)
 Metaspace       used 12849K, committed 13056K, reserved 1114112K
  class space    used 913K, committed 1024K, reserved 1048576K
}
Event: 5.988 GC heap after
{Heap after GC invocations=15 (full 0):
 garbage-first heap   total 113664K, used 54493K [0x00000000c0000000, 0x0000000100000000)
  region size 1024K, 2 young (2048K), 2 survivors (2048K)
 Metaspace       used 12849K, committed 13056K, reserved 1114112K
  class space    used 913K, committed 1024K, reserved 1048576K
}
Event: 6.670 GC heap before
{Heap before GC invocations=16 (full 0):
 garbage-first heap   total 113664K, used 94429K [0x00000000c0000000, 0x0000000100000000)
  region size 1024K, 41 young (41984K), 2 survivors (2048K)
 Metaspace       used 12849K, committed 13056K, reserved 1114112K
  class space    used 913K, committed 1024K, reserved 1048576K
}
Event: 6.671 GC heap after
{Heap after GC invocations=17 (full 0):
 garbage-first heap   total 113664K, used 54442K [0x00000000c0000000, 0x0000000100000000)
  region size 1024K, 2 young (2048K), 2 survivors (2048K)
 Metaspace       used 12849K, committed 13056K, reserved 1114112K
  class space    used 913K, committed 1024K, reserved 1048576K
}
Event: 7.344 GC heap before
{Heap before GC invocations=17 (full 0):
 garbage-first heap   total 113664K, used 94378K [0x00000000c0000000, 0x0000000100000000)
  region size 1024K, 41 young (41984K), 2 survivors (2048K)
 Metaspace       used 12853K, committed 13056K, reserved 1114112K
  class space    used 913K, committed 1024K, reserved 1048576K
}
Event: 7.345 GC heap after
{Heap after GC invocations=18 (full 0):
 garbage-first heap   total 113664K, used 54192K [0x00000000c0000000, 0x0000000100000000)
  region size 1024K, 2 young (2048K), 2 survivors (2048K)
 Metaspace       used 12853K, committed 13056K, reserved 1114112K
  class space    used 913K, committed 1024K, reserved 1048576K
}
Event: 8.045 GC heap before
{Heap before GC invocations=19 (full 0):
 garbage-first heap   total 113664K, used 95152K [0x00000000c0000000, 0x0000000100000000)
  region size 1024K, 42 young (43008K), 2 survivors (2048K)
 Metaspace       used 12881K, committed 13056K, reserved 1114112K
  class space    used 913K, committed 1024K, reserved 1048576K
}
Event: 8.046 GC heap after
{Heap after GC invocations=20 (full 0):
 garbage-first heap   total 113664K, used 53159K [0x00000000c0000000, 0x0000000100000000)
  region size 1024K, 1 young (1024K), 1 survivors (1024K)
 Metaspace       used 12881K, committed 13056K, reserved 1114112K
  class space    used 913K, committed 1024K, reserved 1048576K
}
Event: 8.788 GC heap before
{Heap before GC invocations=20 (full 0):
 garbage-first heap   total 113664K, used 95143K [0x00000000c0000000, 0x0000000100000000)
  region size 1024K, 42 young (43008K), 1 survivors (1024K)
 Metaspace       used 12893K, committed 13120K, reserved 1114112K
  class space    used 913K, committed 1024K, reserved 1048576K
}
Event: 8.789 GC heap after
{Heap after GC invocations=21 (full 0):
 garbage-first heap   total 113664K, used 53098K [0x00000000c0000000, 0x0000000100000000)
  region size 1024K, 1 young (1024K), 1 survivors (1024K)
 Metaspace       used 12893K, committed 13120K, reserved 1114112K
  class space    used 913K, committed 1024K, reserved 1048576K
}
Event: 9.485 GC heap before
{Heap before GC invocations=22 (full 0):
 garbage-first heap   total 113664K, used 96106K [0x00000000c0000000, 0x0000000100000000)
  region size 1024K, 43 young (44032K), 1 survivors (1024K)
 Metaspace       used 12893K, committed 13120K, reserved 1114112K
  class space    used 913K, committed 1024K, reserved 1048576K
}
Event: 9.486 GC heap after
{Heap after GC invocations=23 (full 0):
 garbage-first heap   total 113664K, used 53674K [0x00000000c0000000, 0x0000000100000000)
  region size 1024K, 1 young (1024K), 1 survivors (1024K)
 Metaspace       used 12893K, committed 13120K, reserved 1114112K
  class space    used 913K, committed 1024K, reserved 1048576K
}
Event: 10.186 GC heap before
{Heap before GC invocations=23 (full 0):
 garbage-first heap   total 113664K, used 96682K [0x00000000c0000000, 0x0000000100000000)
  region size 1024K, 43 young (44032K), 1 survivors (1024K)
 Metaspace       used 12908K, committed 13120K, reserved 1114112K
  class space    used 913K, committed 1024K, reserved 1048576K
}
Event: 10.188 GC heap after
{Heap after GC invocations=24 (full 0):
 garbage-first heap   total 113664K, used 54229K [0x00000000c0000000, 0x0000000100000000)
  region size 1024K, 2 young (2048K), 2 survivors (2048K)
 Metaspace       used 12908K, committed 13120K, reserved 1114112K
  class space    used 913K, committed 1024K, reserved 1048576K
}
Event: 10.863 GC heap before
{Heap before GC invocations=25 (full 0):
 garbage-first heap   total 113664K, used 96213K [0x00000000c0000000, 0x0000000100000000)
  region size 1024K, 43 young (44032K), 2 survivors (2048K)
 Metaspace       used 12908K, committed 13120K, reserved 1114112K
  class space    used 913K, committed 1024K, reserved 1048576K
}
Event: 10.864 GC heap after
{Heap after GC invocations=26 (full 0):
 garbage-first heap   total 137216K, used 54086K [0x00000000c0000000, 0x0000000100000000)
  region size 1024K, 2 young (2048K), 2 survivors (2048K)
 Metaspace       used 12908K, committed 13120K, reserved 1114112K
  class space    used 913K, committed 1024K, reserved 1048576K
}
Event: 11.887 GC heap before
{Heap before GC invocations=26 (full 0):
 garbage-first heap   total 137216K, used 117574K [0x00000000c0000000, 0x0000000100000000)
  region size 1024K, 64 young (65536K), 2 survivors (2048K)
 Metaspace       used 12921K, committed 13120K, reserved 1114112K
  class space    used 914K, committed 1024K, reserved 1048576K
}
Event: 11.889 GC heap after
{Heap after GC invocations=27 (full 0):
 garbage-first heap   total 137216K, used 54513K [0x00000000c0000000, 0x0000000100000000)
  region size 1024K, 2 young (2048K), 2 survivors (2048K)
 Metaspace       used 12921K, committed 13120K, reserved 1114112K
  class space    used 914K, committed 1024K, reserved 1048576K
}
Event: 12.975 GC heap before
{Heap before GC invocations=27 (full 0):
 garbage-first heap   total 137216K, used 118001K [0x00000000c0000000, 0x0000000100000000)
  region size 1024K, 64 young (65536K), 2 survivors (2048K)
 Metaspace       used 13058K, committed 13248K, reserved 1114112K
  class space    used 914K, committed 1024K, reserved 1048576K
}
Event: 12.976 GC heap after
{Heap after GC invocations=28 (full 0):
 garbage-first heap   total 137216K, used 52991K [0x00000000c0000000, 0x0000000100000000)
  region size 1024K, 1 young (1024K), 1 survivors (1024K)
 Metaspace       used 13058K, committed 13248K, reserved 1114112K
  class space    used 914K, committed 1024K, reserved 1048576K
}

Dll operation events (14 events):
Event: 0.009 Loaded shared library C:\Program Files\Processing\app\resources\jdk-17.0.14+7\bin\java.dll
Event: 0.023 Loaded shared library C:\Program Files\Processing\app\resources\jdk-17.0.14+7\bin\jsvml.dll
Event: 0.075 Loaded shared library C:\Program Files\Processing\app\resources\jdk-17.0.14+7\bin\net.dll
Event: 0.076 Loaded shared library C:\Program Files\Processing\app\resources\jdk-17.0.14+7\bin\nio.dll
Event: 0.080 Loaded shared library C:\Program Files\Processing\app\resources\jdk-17.0.14+7\bin\zip.dll
Event: 0.141 Loaded shared library C:\Program Files\Processing\app\resources\jdk-17.0.14+7\bin\jimage.dll
Event: 0.145 Loaded shared library C:\Program Files\Processing\app\resources\jdk-17.0.14+7\bin\awt.dll
Event: 0.571 Loaded shared library C:\Users\danil\AppData\Local\Temp\jogamp_0000\file_cache\jln2778991478415833237\jln17338227273249099665\natives\windows-amd64\gluegen_rt.dll
Event: 0.580 Loaded shared library C:\Program Files\Processing\app\resources\jdk-17.0.14+7\bin\jawt.dll
Event: 0.595 Loaded shared library C:\Users\danil\AppData\Local\Temp\jogamp_0000\file_cache\jln2778991478415833237\jln17338227273249099665\natives\windows-amd64\nativewindow_awt.dll
Event: 0.637 Loaded shared library C:\Users\danil\AppData\Local\Temp\jogamp_0000\file_cache\jln2778991478415833237\jln17338227273249099665\natives\windows-amd64\nativewindow_win32.dll
Event: 0.753 Loaded shared library C:\Users\danil\AppData\Local\Temp\jogamp_0000\file_cache\jln2778991478415833237\jln17338227273249099665\natives\windows-amd64\jogl_desktop.dll
Event: 0.987 Loaded shared library C:\Users\danil\AppData\Local\Temp\jogamp_0000\file_cache\jln2778991478415833237\jln17338227273249099665\natives\windows-amd64\jogl_mobile.dll
Event: 1.892 Loaded shared library C:\Users\danil\AppData\Local\Temp\jogamp_0000\file_cache\jln2778991478415833237\jln17338227273249099665\natives\windows-amd64\newt_head.dll

Deoptimization events (20 events):
Event: 13.538 Thread 0x000001639b413810 DEOPT PACKING pc=0x0000016387d579c1 sp=0x00000050448ff050
Event: 13.538 Thread 0x000001639b413810 DEOPT UNPACKING pc=0x000001638f00ace3 sp=0x00000050448fe540 mode 1
Event: 13.538 Thread 0x000001639b413810 DEOPT PACKING pc=0x0000016387d55374 sp=0x00000050448ff0e0
Event: 13.538 Thread 0x000001639b413810 DEOPT UNPACKING pc=0x000001638f00ace3 sp=0x00000050448fe598 mode 1
Event: 13.575 Thread 0x000001639b413810 DEOPT PACKING pc=0x0000016387d579c1 sp=0x00000050448ff000
Event: 13.575 Thread 0x000001639b413810 DEOPT UNPACKING pc=0x000001638f00ace3 sp=0x00000050448fe4f0 mode 1
Event: 13.575 Thread 0x000001639b413810 DEOPT PACKING pc=0x0000016387d55374 sp=0x00000050448ff090
Event: 13.575 Thread 0x000001639b413810 DEOPT UNPACKING pc=0x000001638f00ace3 sp=0x00000050448fe548 mode 1
Event: 13.575 Thread 0x000001639b413810 DEOPT PACKING pc=0x0000016387d579c1 sp=0x00000050448ff050
Event: 13.575 Thread 0x000001639b413810 DEOPT UNPACKING pc=0x000001638f00ace3 sp=0x00000050448fe540 mode 1
Event: 13.575 Thread 0x000001639b413810 DEOPT PACKING pc=0x0000016387d55374 sp=0x00000050448ff0e0
Event: 13.575 Thread 0x000001639b413810 DEOPT UNPACKING pc=0x000001638f00ace3 sp=0x00000050448fe598 mode 1
Event: 13.633 Thread 0x000001639b411ec0 Uncommon trap: trap_request=0xffffff45 fr.pc=0x000001638f5c92e8 relative=0x00000000000001e8
Event: 13.633 Thread 0x000001639b411ec0 Uncommon trap: reason=unstable_if action=reinterpret pc=0x000001638f5c92e8 method=java.util.HashMap$HashIterator.<init>(Ljava/util/HashMap;)V @ 38 c2
Event: 13.633 Thread 0x000001639b411ec0 DEOPT PACKING pc=0x000001638f5c92e8 sp=0x0000005043bff330
Event: 13.633 Thread 0x000001639b411ec0 DEOPT UNPACKING pc=0x000001638f00a1a3 sp=0x0000005043bff2d8 mode 2
Event: 13.643 Thread 0x000001639b411ec0 Uncommon trap: trap_request=0xffffff45 fr.pc=0x000001638f60a770 relative=0x00000000000000f0
Event: 13.643 Thread 0x000001639b411ec0 Uncommon trap: reason=unstable_if action=reinterpret pc=0x000001638f60a770 method=com.jogamp.common.util.IntIntHashMap.put(II)I @ 21 c2
Event: 13.643 Thread 0x000001639b411ec0 DEOPT PACKING pc=0x000001638f60a770 sp=0x0000005043bff0b0
Event: 13.643 Thread 0x000001639b411ec0 DEOPT UNPACKING pc=0x000001638f00a1a3 sp=0x0000005043bff018 mode 2

Classes loaded (20 events):
Event: 2.127 Loading class java/util/concurrent/Callable done
Event: 2.127 Loading class java/util/concurrent/Executors$RunnableAdapter done
Event: 2.127 Loading class java/util/concurrent/ThreadPoolExecutor$Worker
Event: 2.127 Loading class java/util/concurrent/ThreadPoolExecutor$Worker done
Event: 2.128 Loading class java/util/concurrent/locks/AbstractQueuedSynchronizer$SharedNode
Event: 2.129 Loading class java/util/concurrent/locks/AbstractQueuedSynchronizer$SharedNode done
Event: 2.288 Loading class sun/nio/cs/StreamDecoder
Event: 2.288 Loading class sun/nio/cs/StreamDecoder done
Event: 2.289 Loading class java/util/regex/Pattern$LookBehindEndNode
Event: 2.289 Loading class java/util/regex/Pattern$LookBehindEndNode done
Event: 2.289 Loading class java/util/regex/Pattern$NotBehind
Event: 2.289 Loading class java/util/regex/Pattern$NotBehind done
Event: 2.289 Loading class java/util/regex/Pattern$Neg
Event: 2.289 Loading class java/util/regex/Pattern$Neg done
Event: 2.289 Loading class java/util/regex/Pattern$Pos
Event: 2.289 Loading class java/util/regex/Pattern$Pos done
Event: 2.300 Loading class java/util/regex/Pattern$SliceS
Event: 2.300 Loading class java/util/regex/Pattern$SliceS done
Event: 13.610 Loading class java/nio/channels/ClosedChannelException
Event: 13.610 Loading class java/nio/channels/ClosedChannelException done

Classes unloaded (0 events):
No events

Classes redefined (0 events):
No events

Internal exceptions (20 events):
Event: 0.122 Thread 0x00000163ff29e860 Exception <a 'java/lang/NoSuchMethodError'{0x00000000c3ce64c0}: 'void java.lang.invoke.DirectMethodHandle$Holder.invokeStatic(java.lang.Object, java.lang.Object, java.lang.Object)'> (0x00000000c3ce64c0) 
thrown [s\src\hotspot\share\interpreter\linkResolver.cpp, line 759]
Event: 0.133 Thread 0x00000163ff29e860 Exception <a 'java/lang/ClassNotFoundException'{0x00000000c3b0d918}: sun/awt/resources/spi/awtProvider> (0x00000000c3b0d918) 
thrown [s\src\hotspot\share\classfile\systemDictionary.cpp, line 256]
Event: 0.156 Thread 0x00000163ff29e860 Exception <a 'java/io/FileNotFoundException'{0x00000000c3b63258}> (0x00000000c3b63258) 
thrown [s\src\hotspot\share\prims\jni.cpp, line 516]
Event: 0.164 Thread 0x00000163ff29e860 Exception <a 'java/io/FileNotFoundException'{0x00000000c3b906d8}> (0x00000000c3b906d8) 
thrown [s\src\hotspot\share\prims\jni.cpp, line 516]
Event: 0.206 Thread 0x00000163ff29e860 Exception <a 'java/lang/NoSuchMethodError'{0x00000000c3a3e218}: 'java.lang.Object java.lang.invoke.DirectMethodHandle$Holder.invokeStaticInit(java.lang.Object)'> (0x00000000c3a3e218) 
thrown [s\src\hotspot\share\interpreter\linkResolver.cpp, line 759]
Event: 0.319 Thread 0x00000163ff29e860 Exception <a 'java/lang/NoSuchMethodError'{0x00000000c364c318}: 'java.lang.Object java.lang.invoke.DirectMethodHandle$Holder.invokeStaticInit(java.lang.Object, int, int, int, int)'> (0x00000000c364c318) 
thrown [s\src\hotspot\share\interpreter\linkResolver.cpp, line 759]
Event: 0.368 Thread 0x00000163ff29e860 Exception <a 'java/lang/NoSuchMethodError'{0x00000000c3535af0}: 'java.lang.Object java.lang.invoke.DirectMethodHandle$Holder.invokeStaticInit(java.lang.Object, java.lang.Object, int, int, int, int)'> (0x00000000c3535af0) 
thrown [s\src\hotspot\share\interpreter\linkResolver.cpp, line 759]
Event: 0.419 Thread 0x00000163ff29e860 Exception <a 'java/lang/NoSuchMethodError'{0x00000000c3541240}: 'void java.lang.invoke.DirectMethodHandle$Holder.invokeStatic(java.lang.Object, long)'> (0x00000000c3541240) 
thrown [s\src\hotspot\share\interpreter\linkResolver.cpp, line 759]
Event: 0.420 Thread 0x00000163ff29e860 Exception <a 'java/lang/NoSuchMethodError'{0x00000000c3546820}: 'java.lang.Object java.lang.invoke.DirectMethodHandle$Holder.newInvokeSpecial(java.lang.Object, long)'> (0x00000000c3546820) 
thrown [s\src\hotspot\share\interpreter\linkResolver.cpp, line 759]
Event: 0.423 Thread 0x00000163ff29e860 Exception <a 'java/lang/NoSuchMethodError'{0x00000000c3551038}: 'java.lang.Object java.lang.invoke.DirectMethodHandle$Holder.invokeStaticInit(java.lang.Object, java.lang.Object, long, java.lang.Object)'> (0x00000000c3551038) 
thrown [s\src\hotspot\share\interpreter\linkResolver.cpp, line 759]
Event: 0.424 Thread 0x00000163ff29e860 Exception <a 'java/lang/NoSuchMethodError'{0x00000000c35575f8}: 'java.lang.Object java.lang.invoke.DirectMethodHandle$Holder.newInvokeSpecial(java.lang.Object, java.lang.Object, long)'> (0x00000000c35575f8) 
thrown [s\src\hotspot\share\interpreter\linkResolver.cpp, line 759]
Event: 0.424 Thread 0x00000163ff29e860 Exception <a 'java/lang/NoSuchMethodError'{0x00000000c355b168}: 'java.lang.Object java.lang.invoke.Invokers$Holder.linkToTargetMethod(java.lang.Object, long, java.lang.Object)'> (0x00000000c355b168) 
thrown [s\src\hotspot\share\interpreter\linkResolver.cpp, line 759]
Event: 0.608 Thread 0x00000163ff29e860 Exception <a 'java/lang/NoSuchMethodError'{0x00000000c34cc138}: 'java.lang.Object java.lang.invoke.DirectMethodHandle$Holder.invokeInterface(java.lang.Object, java.lang.Object)'> (0x00000000c34cc138) 
thrown [s\src\hotspot\share\interpreter\linkResolver.cpp, line 759]
Event: 0.609 Thread 0x00000163ff29e860 Exception <a 'java/lang/IncompatibleClassChangeError'{0x00000000c34cfa58}: Found class java.lang.Object, but interface was expected> (0x00000000c34cfa58) 
thrown [s\src\hotspot\share\interpreter\linkResolver.cpp, line 826]
Event: 1.991 Thread 0x00000163ff29e860 Exception <a 'java/lang/NoSuchMethodError'{0x00000000c33f5100}: 'void java.lang.invoke.DirectMethodHandle$Holder.invokeSpecial(java.lang.Object, java.lang.Object, java.lang.Object, java.lang.Object, java.lang.Object)'> (0x00000000c33f5100) 
thrown [s\src\hotspot\share\interpreter\linkResolver.cpp, line 759]
Event: 1.992 Thread 0x00000163ff29e860 Exception <a 'java/lang/NoSuchMethodError'{0x00000000c33fe0c0}: 'void java.lang.invoke.DirectMethodHandle$Holder.invokeSpecial(java.lang.Object, java.lang.Object, java.lang.Object)'> (0x00000000c33fe0c0) 
thrown [s\src\hotspot\share\interpreter\linkResolver.cpp, line 759]
Event: 1.993 Thread 0x00000163ff29e860 Exception <a 'java/lang/NoSuchMethodError'{0x00000000c3204650}: 'void java.lang.invoke.DirectMethodHandle$Holder.invokeSpecial(java.lang.Object, java.lang.Object, int)'> (0x00000000c3204650) 
thrown [s\src\hotspot\share\interpreter\linkResolver.cpp, line 759]
Event: 1.994 Thread 0x00000163ff29e860 Exception <a 'java/lang/NoSuchMethodError'{0x00000000c320a668}: 'java.lang.Object java.lang.invoke.DirectMethodHandle$Holder.newInvokeSpecial(java.lang.Object, java.lang.Object, int)'> (0x00000000c320a668) 
thrown [s\src\hotspot\share\interpreter\linkResolver.cpp, line 759]
Event: 13.609 Thread 0x000001639b412df0 Exception <a 'java/lang/InterruptedException'{0x00000000c5e00000}> (0x00000000c5e00000) 
thrown [s\src\hotspot\share\runtime\objectMonitor.cpp, line 1658]
Event: 13.642 Thread 0x000001639b411ec0 Implicit null exception at 0x000001638f60a6c4 to 0x000001638f60a74c

VM Operations (20 events):
Event: 8.789 Executing VM operation: G1CollectForAllocation done
Event: 8.797 Executing VM operation: G1PauseRemark
Event: 8.798 Executing VM operation: G1PauseRemark done
Event: 8.800 Executing VM operation: G1PauseCleanup
Event: 8.801 Executing VM operation: G1PauseCleanup done
Event: 9.485 Executing VM operation: G1CollectForAllocation
Event: 9.486 Executing VM operation: G1CollectForAllocation done
Event: 10.186 Executing VM operation: G1CollectForAllocation
Event: 10.188 Executing VM operation: G1CollectForAllocation done
Event: 10.196 Executing VM operation: G1PauseRemark
Event: 10.196 Executing VM operation: G1PauseRemark done
Event: 10.199 Executing VM operation: G1PauseCleanup
Event: 10.199 Executing VM operation: G1PauseCleanup done
Event: 10.863 Executing VM operation: G1CollectForAllocation
Event: 10.864 Executing VM operation: G1CollectForAllocation done
Event: 11.887 Executing VM operation: G1CollectForAllocation
Event: 11.889 Executing VM operation: G1CollectForAllocation done
Event: 12.975 Executing VM operation: G1CollectForAllocation
Event: 12.976 Executing VM operation: G1CollectForAllocation done
Event: 13.711 Executing VM operation: Exit

Memory protections (0 events):
No events

Nmethod flushes (0 events):
No events

Events (20 events):
Event: 2.128 Thread 0x000001639b413810 Thread added: 0x00000163f4624e20
Event: 2.128 Thread 0x000001639b413810 Thread added: 0x00000163f4625840
Event: 2.128 Thread 0x000001639b413810 Thread added: 0x00000163f4626c80
Event: 2.131 Thread 0x000001639b165190 Thread added: 0x00000163f4747a00
Event: 2.577 Thread 0x00000163f4747a00 Thread exited: 0x00000163f4747a00
Event: 2.705 Thread 0x00000163e286bee0 Thread exited: 0x00000163e286bee0
Event: 6.818 Thread 0x000001639b4123d0 Thread added: 0x00000163f4627bb0
Event: 7.831 Thread 0x00000163f4627bb0 Thread exited: 0x00000163f4627bb0
Event: 13.609 Thread 0x000001639b413810 Thread added: 0x00000163f4627190
Event: 13.609 Thread 0x000001639b413810 Thread added: 0x00000163f4626770
Event: 13.609 Thread 0x000001639b413810 Thread added: 0x00000163f4626260
Event: 13.609 Thread 0x000001639b412df0 Thread exited: 0x000001639b412df0
Event: 13.610 Thread 0x000001639b4123d0 Thread added: 0x00000163f4627bb0
Event: 13.610 Thread 0x00000163f4626260 Thread exited: 0x00000163f4626260
Event: 13.610 Thread 0x000001639b4128e0 Thread exited: 0x000001639b4128e0
Event: 13.612 Thread 0x000001639b4123d0 Thread exited: 0x000001639b4123d0
Event: 13.644 Thread 0x000001639b411ec0 Thread exited: 0x000001639b411ec0
Event: 13.648 Thread 0x00000163f4627190 Thread exited: 0x00000163f4627190
Event: 13.711 Thread 0x00000163f4626770 Thread exited: 0x00000163f4626770
Event: 13.711 Thread 0x000001639b413810 Before exit entered


Dynamic libraries:
0x00007ff76a320000 - 0x00007ff76a32e000 	C:\Program Files\Processing\app\resources\jdk-17.0.14+7\bin\java.exe
0x00007ffbfaf00000 - 0x00007ffbfb166000 	C:\WINDOWS\SYSTEM32\ntdll.dll
0x00007ffbf8fd0000 - 0x00007ffbf9099000 	C:\WINDOWS\System32\KERNEL32.DLL
0x00007ffbf87b0000 - 0x00007ffbf8baa000 	C:\WINDOWS\System32\KERNELBASE.dll
0x00007ffbf8190000 - 0x00007ffbf82dc000 	C:\WINDOWS\System32\ucrtbase.dll
0x00007ffbc3790000 - 0x00007ffbc37a7000 	C:\Program Files\Processing\app\resources\jdk-17.0.14+7\bin\jli.dll
0x00007ffbc2c50000 - 0x00007ffbc2c6e000 	C:\Program Files\Processing\app\resources\jdk-17.0.14+7\bin\VCRUNTIME140.dll
0x00007ffbfa250000 - 0x00007ffbfa417000 	C:\WINDOWS\System32\USER32.dll
0x00007ffbf8370000 - 0x00007ffbf8397000 	C:\WINDOWS\System32\win32u.dll
0x00007ffbdf5a0000 - 0x00007ffbdf832000 	C:\WINDOWS\WinSxS\amd64_microsoft.windows.common-controls_6595b64144ccf1df_6.0.26100.8521_none_3e08b75ce33403b3\COMCTL32.dll
0x00007ffbf8d50000 - 0x00007ffbf8d7b000 	C:\WINDOWS\System32\GDI32.dll
0x00007ffbf91e0000 - 0x00007ffbf9289000 	C:\WINDOWS\System32\msvcrt.dll
0x00007ffbf85d0000 - 0x00007ffbf86fb000 	C:\WINDOWS\System32\gdi32full.dll
0x00007ffbf8700000 - 0x00007ffbf87a3000 	C:\WINDOWS\System32\msvcp_win.dll
0x00007ffbf9c80000 - 0x00007ffbf9cb2000 	C:\WINDOWS\System32\IMM32.DLL
0x00007ffbcb370000 - 0x00007ffbcb37c000 	C:\Program Files\Processing\app\resources\jdk-17.0.14+7\bin\vcruntime140_1.dll
0x00007ffb9c8e0000 - 0x00007ffb9c96d000 	C:\Program Files\Processing\app\resources\jdk-17.0.14+7\bin\msvcp140.dll
0x00007ffb49db0000 - 0x00007ffb4aa1b000 	C:\Program Files\Processing\app\resources\jdk-17.0.14+7\bin\server\jvm.dll
0x00007ffbf9d90000 - 0x00007ffbf9e46000 	C:\WINDOWS\System32\ADVAPI32.dll
0x00007ffbfa190000 - 0x00007ffbfa23a000 	C:\WINDOWS\System32\sechost.dll
0x00007ffbf9e50000 - 0x00007ffbf9f68000 	C:\WINDOWS\System32\RPCRT4.dll
0x00007ffbf90d0000 - 0x00007ffbf9150000 	C:\WINDOWS\System32\WS2_32.dll
0x00007ffbf8010000 - 0x00007ffbf806e000 	C:\WINDOWS\SYSTEM32\POWRPROF.dll
0x00007ffbdb520000 - 0x00007ffbdb556000 	C:\WINDOWS\SYSTEM32\WINMM.dll
0x00007ffbeda10000 - 0x00007ffbeda1b000 	C:\WINDOWS\SYSTEM32\VERSION.dll
0x00007ffbf7ff0000 - 0x00007ffbf8004000 	C:\WINDOWS\SYSTEM32\UMPDC.dll
0x00007ffbf6f00000 - 0x00007ffbf6f1b000 	C:\WINDOWS\SYSTEM32\kernel.appcore.dll
0x00007ffbc9c90000 - 0x00007ffbc9c9a000 	C:\Program Files\Processing\app\resources\jdk-17.0.14+7\bin\jimage.dll
0x00007ffbf2350000 - 0x00007ffbf2592000 	C:\WINDOWS\SYSTEM32\DBGHELP.DLL
0x00007ffbfa590000 - 0x00007ffbfa913000 	C:\WINDOWS\System32\combase.dll
0x00007ffbf9390000 - 0x00007ffbf9469000 	C:\WINDOWS\System32\OLEAUT32.dll
0x00007ffbf1a70000 - 0x00007ffbf1aab000 	C:\WINDOWS\SYSTEM32\dbgcore.DLL
0x00007ffbf83a0000 - 0x00007ffbf8448000 	C:\WINDOWS\System32\bcryptPrimitives.dll
0x00007ffba27a0000 - 0x00007ffba27db000 	C:\Program Files\Processing\app\resources\jdk-17.0.14+7\bin\jdwp.dll
0x00007ffbb01b0000 - 0x00007ffbb01d5000 	C:\Program Files\Processing\app\resources\jdk-17.0.14+7\bin\java.dll
0x00007ffb9c020000 - 0x00007ffb9c0f7000 	C:\Program Files\Processing\app\resources\jdk-17.0.14+7\bin\jsvml.dll
0x00007ffbf94f0000 - 0x00007ffbf9c74000 	C:\WINDOWS\System32\SHELL32.dll
0x00007ffbf5d20000 - 0x00007ffbf65a0000 	C:\WINDOWS\SYSTEM32\windows.storage.dll
0x00007ffbfa920000 - 0x00007ffbfaa16000 	C:\WINDOWS\System32\SHCORE.dll
0x00007ffbf8d80000 - 0x00007ffbf8de7000 	C:\WINDOWS\System32\shlwapi.dll
0x00007ffbf80b0000 - 0x00007ffbf80d9000 	C:\WINDOWS\SYSTEM32\profapi.dll
0x00007ffbb9260000 - 0x00007ffbb926c000 	C:\Program Files\Processing\app\resources\jdk-17.0.14+7\bin\dt_socket.dll
0x00007ffbf68d0000 - 0x00007ffbf6903000 	C:\WINDOWS\SYSTEM32\IPHLPAPI.DLL
0x00007ffbf7490000 - 0x00007ffbf74fc000 	C:\WINDOWS\system32\mswsock.dll
0x00007ffbb0150000 - 0x00007ffbb0169000 	C:\Program Files\Processing\app\resources\jdk-17.0.14+7\bin\net.dll
0x00007ffbef7a0000 - 0x00007ffbef8c9000 	C:\WINDOWS\SYSTEM32\WINHTTP.dll
0x00007ffbad4e0000 - 0x00007ffbad4f6000 	C:\Program Files\Processing\app\resources\jdk-17.0.14+7\bin\nio.dll
0x00007ffbad400000 - 0x00007ffbad418000 	C:\Program Files\Processing\app\resources\jdk-17.0.14+7\bin\zip.dll
0x00007ffb8dd10000 - 0x00007ffb8dea0000 	C:\Program Files\Processing\app\resources\jdk-17.0.14+7\bin\awt.dll
0x00007ffbf4ba0000 - 0x00007ffbf4c40000 	C:\WINDOWS\SYSTEM32\apphelp.dll
0x00007ffbf5390000 - 0x00007ffbf543a000 	C:\WINDOWS\system32\uxtheme.dll
0x00007ffbfa430000 - 0x00007ffbfa58d000 	C:\WINDOWS\System32\MSCTF.dll
0x00007ffbf9f70000 - 0x00007ffbfa108000 	C:\WINDOWS\System32\ole32.dll
0x00007ffbf5640000 - 0x00007ffbf566f000 	C:\WINDOWS\system32\DWMAPI.DLL
0x00007ffbb6240000 - 0x00007ffbb634c000 	C:\WINDOWS\system32\opengl32.dll
0x00007ffbb94b0000 - 0x00007ffbb94dd000 	C:\WINDOWS\SYSTEM32\GLU32.dll
0x00007ffbf5490000 - 0x00007ffbf54d4000 	C:\WINDOWS\SYSTEM32\dxcore.dll
0x00007ffbf7770000 - 0x00007ffbf778b000 	C:\WINDOWS\SYSTEM32\CRYPTSP.dll
0x00007ffbf6e60000 - 0x00007ffbf6e99000 	C:\WINDOWS\system32\rsaenh.dll
0x00007ffbf7540000 - 0x00007ffbf7573000 	C:\WINDOWS\SYSTEM32\USERENV.dll
0x00007ffbf8080000 - 0x00007ffbf80aa000 	C:\WINDOWS\SYSTEM32\bcrypt.dll
0x00007ffbf7790000 - 0x00007ffbf779c000 	C:\WINDOWS\SYSTEM32\CRYPTBASE.dll
0x00007ffbfaa20000 - 0x00007ffbfaa2a000 	C:\WINDOWS\System32\NSI.dll
0x00007ffbef9e0000 - 0x00007ffbef9fd000 	C:\WINDOWS\SYSTEM32\dhcpcsvc6.DLL
0x00007ffbef9b0000 - 0x00007ffbef9d5000 	C:\WINDOWS\SYSTEM32\dhcpcsvc.DLL
0x00007ffbf6960000 - 0x00007ffbf6aaa000 	C:\WINDOWS\SYSTEM32\DNSAPI.dll
0x00007ffbf72b0000 - 0x00007ffbf72bd000 	C:\WINDOWS\SYSTEM32\DSPARSE.dll
0x00007ffbad3b0000 - 0x00007ffbad3c3000 	C:\Users\danil\AppData\Local\Temp\jogamp_0000\file_cache\jln2778991478415833237\jln17338227273249099665\natives\windows-amd64\gluegen_rt.dll
0x00007ffbb9250000 - 0x00007ffbb9257000 	C:\Program Files\Processing\app\resources\jdk-17.0.14+7\bin\jawt.dll
0x00007ffbb91b0000 - 0x00007ffbb91bd000 	C:\Users\danil\AppData\Local\Temp\jogamp_0000\file_cache\jln2778991478415833237\jln17338227273249099665\natives\windows-amd64\nativewindow_awt.dll
0x00007ffbaabc0000 - 0x00007ffbaabd5000 	C:\Users\danil\AppData\Local\Temp\jogamp_0000\file_cache\jln2778991478415833237\jln17338227273249099665\natives\windows-amd64\nativewindow_win32.dll
0x00007ffb9be70000 - 0x00007ffb9bef3000 	C:\Users\danil\AppData\Local\Temp\jogamp_0000\file_cache\jln2778991478415833237\jln17338227273249099665\natives\windows-amd64\jogl_desktop.dll
0x00007ffba2600000 - 0x00007ffba2652000 	C:\Users\danil\AppData\Local\Temp\jogamp_0000\file_cache\jln2778991478415833237\jln17338227273249099665\natives\windows-amd64\jogl_mobile.dll
0x00007ffbf1730000 - 0x00007ffbf178f000 	C:\WINDOWS\SYSTEM32\directxdatabasehelper.dll
0x00007ffbf20d0000 - 0x00007ffbf20ed000 	C:\WINDOWS\SYSTEM32\windows.staterepositorycore.dll
0x00007ffb48dd0000 - 0x00007ffb49da3000 	C:\WINDOWS\System32\DriverStore\FileRepository\iigd_dch.inf_amd64_225f37aa3862fc3f\igxelpicd64.dll
0x00007ffbf54e0000 - 0x00007ffbf561a000 	C:\WINDOWS\system32\dxgi.dll
0x00007ffb48940000 - 0x00007ffb48dc7000 	C:\WINDOWS\System32\DriverStore\FileRepository\iigd_dch.inf_amd64_225f37aa3862fc3f\igdml64.dll
0x00007ffbf7d00000 - 0x00007ffbf7d51000 	C:\WINDOWS\SYSTEM32\cfgmgr32.dll
0x00007ffbedb30000 - 0x00007ffbedef1000 	C:\WINDOWS\System32\DriverStore\FileRepository\iigd_dch.inf_amd64_225f37aa3862fc3f\igdgmm64.dll
0x00007ffbea800000 - 0x00007ffbeda06000 	C:\WINDOWS\System32\DriverStore\FileRepository\iigd_dch.inf_amd64_225f37aa3862fc3f\igc64.dll
0x00007ffba7d60000 - 0x00007ffba7d79000 	C:\Users\danil\AppData\Local\Temp\jogamp_0000\file_cache\jln2778991478415833237\jln17338227273249099665\natives\windows-amd64\newt_head.dll
0x00007ffbe9ce0000 - 0x00007ffbe9d9f000 	C:\WINDOWS\SYSTEM32\mscms.dll
0x00007ffbb33b0000 - 0x00007ffbb33f9000 	C:\WINDOWS\SYSTEM32\icm32.dll
0x00007ffbfaa30000 - 0x00007ffbfaeb7000 	C:\WINDOWS\System32\setupapi.dll
0x00007ffbf7cd0000 - 0x00007ffbf7cfd000 	C:\WINDOWS\SYSTEM32\DEVOBJ.dll
0x00007ffbf82e0000 - 0x00007ffbf8363000 	C:\WINDOWS\System32\WINTRUST.dll
0x00007ffbf8450000 - 0x00007ffbf85c8000 	C:\WINDOWS\System32\CRYPT32.dll
0x00007ffbf78a0000 - 0x00007ffbf78b3000 	C:\WINDOWS\SYSTEM32\MSASN1.dll
0x00007ffbe01e0000 - 0x00007ffbe0328000 	C:\WINDOWS\SYSTEM32\textinputframework.dll
0x00007ffbf4780000 - 0x00007ffbf48a5000 	C:\WINDOWS\SYSTEM32\CoreMessaging.dll
0x00007ffbf0660000 - 0x00007ffbf0944000 	C:\WINDOWS\SYSTEM32\CoreUIComponents.dll
0x00007ffbf04f0000 - 0x00007ffbf065a000 	C:\WINDOWS\SYSTEM32\wintypes.dll

dbghelp: loaded successfully - version: 4.0.5 - missing functions: none
symbol engine: initialized successfully - sym options: 0x614 - pdb path: .;C:\Program Files\Processing\app\resources\jdk-17.0.14+7\bin;C:\WINDOWS\SYSTEM32;C:\WINDOWS\WinSxS\amd64_microsoft.windows.common-controls_6595b64144ccf1df_6.0.26100.8521_none_3e08b75ce33403b3;C:\Program Files\Processing\app\resources\jdk-17.0.14+7\bin\server;C:\Users\danil\AppData\Local\Temp\jogamp_0000\file_cache\jln2778991478415833237\jln17338227273249099665\natives\windows-amd64;C:\WINDOWS\System32\DriverStore\FileRepository\iigd_dch.inf_amd64_225f37aa3862fc3f

VM Arguments:
jvm_args: -agentlib:jdwp=transport=dt_socket,address=8280,server=y,suspend=y,quiet=y -Xms64m -Xmx1024m -Djna.nosys=true -Djava.library.path=;C:\Program Files\Processing\app\resources\core\library;C:\Program Files\Processing;C:\WINDOWS\system32;C:\WINDOWS;C:\Program Files\PlasticSCM5\server;C:\Program Files\PlasticSCM5\client;C:\Program Files\Common Files\Oracle\Java\javapath;C:\Program Files (x86)\Common Files\Oracle\Java\javapath;C:\Windows\System32\HWAudioDriverLibs;C:\Windows\system32;C:\Windows;C:\Windows\System32\Wbem;C:\Windows\System32\WindowsPowerShell\v1.0;C:\Windows\System32\OpenSSH;C:\Program Files\Microsoft SQL Server\150\Tools\Binn;C:\Program Files\Microsoft SQL Server\Client SDK\ODBC\170\Tools\Binn;C:\Program Files\dotnet;D:\Windows Kits\10\Windows Performance Toolkit;C:\Program Files\Java\jdk-23\bin;C:\WINDOWS\system32;C:\WINDOWS;C:\WINDOWS\System32\Wbem;C:\WINDOWS\System32\WindowsPowerShell\v1.0;C:\WINDOWS\System32\OpenSSH;C:\Program Files\nodejs;C:\Program Files\Docker\Docker\resources\bin;C:\Program Files\TortoiseGit\bin;C:\Program Files\Git\cmd;C:\Users\danil\Desktop\ffmpeg-8.1.2-essentials_build\ffmpeg-8.1.2-essentials_build\bin;C:\Users\danil\AppData\Local\Programs\Python\Python312\Scripts;C:\Users\danil\AppData\Local\Programs\Python\Python312;C:\Users\danil\AppData\Local\Microsoft\WindowsApps;C:\Users\danil\AppData\Local\Programs\Microsoft VS Code\bin;C:\Users\danil\AppData\Roaming\npm;D:\DataBase\18\bin;C:\Program Files\Processing\app;. -ea 
java_command: processing.core.PApplet --editor-location=-8,-8 --external --display=1 --sketch-path=C:\Users\danil\Desktop\Gravity_simul Gravity_simul
java_class_path (initial): C:\Users\danil\AppData\Local\Temp\processing\Gravity_simul17094029345129230626temp;C:\Program Files\Processing\app\resources\core\library\annotations-13.0.jar;C:\Program Files\Processing\app\resources\core\library\antlr-2.7.7.jar;C:\Program Files\Processing\app\resources\core\library\core-4.4.1.jar;C:\Program Files\Processing\app\resources\core\library\gluegen-rt-2.5.0-natives-android-aarch64.jar;C:\Program Files\Processing\app\resources\core\library\gluegen-rt-2.5.0-natives-linux-aarch64.jar;C:\Program Files\Processing\app\resources\core\library\gluegen-rt-2.5.0-natives-linux-amd64.jar;C:\Program Files\Processing\app\resources\core\library\gluegen-rt-2.5.0-natives-linux-armv6hf.jar;C:\Program Files\Processing\app\resources\core\library\gluegen-rt-2.5.0-natives-macosx-universal.jar;C:\Program Files\Processing\app\resources\core\library\gluegen-rt-2.5.0-natives-windows-amd64.jar;C:\Program Files\Processing\app\resources\core\library\gluegen-rt-2.5.0.jar;C:\Program Files\Processing\app\resources\core\library\gluegen-rt-main-2.5.0.jar;C:\Program Files\Processing\app\resources\core\library\jogl-all-2.5.0-natives-android-aarch64.jar;C:\Program Files\Processing\app\resources\core\library\jogl-all-2.5.0-natives-linux-aarch64.jar;C:\Program Files\Processing\app\resources\core\library\jogl-all-2.5.0-natives-linux-amd64.jar;C:\Program Files\Processing\app\resources\core\library\jogl-all-2.5.0-natives-linux-armv6hf.jar;C:\Program Files\Processing\app\resources\core\library\jogl-all-2.5.0-natives-macosx-universal.jar;C:\Program Files\Processing\app\resources\core\library\jogl-all-2.5.0-natives-windows-amd64.jar;C:\Program Files\Processing\app\resources\core\library\jogl-all-2.5.0.jar;C:\Program Files\Processing\app\resources\core\library\jogl-all-main-2.5.0.jar;C:\Program Files\Processing\app\resources\core\library\kotlin-stdlib-2.0.20.jar
Launcher Type: SUN_STANDARD

[Global flags]
     intx CICompilerCount                          = 4                                         {product} {ergonomic}
     uint ConcGCThreads                            = 2                                         {product} {ergonomic}
     uint G1ConcRefinementThreads                  = 8                                         {product} {ergonomic}
   size_t G1HeapRegionSize                         = 1048576                                   {product} {ergonomic}
    uintx GCDrainStackTargetSize                   = 64                                        {product} {ergonomic}
   size_t InitialHeapSize                          = 67108864                                  {product} {command line}
   size_t MarkStackSize                            = 4194304                                   {product} {ergonomic}
   size_t MaxHeapSize                              = 1073741824                                {product} {command line}
   size_t MaxNewSize                               = 643825664                                 {product} {ergonomic}
   size_t MinHeapDeltaBytes                        = 1048576                                   {product} {ergonomic}
   size_t MinHeapSize                              = 67108864                                  {product} {command line}
    uintx NonNMethodCodeHeapSize                   = 5839372                                {pd product} {ergonomic}
    uintx NonProfiledCodeHeapSize                  = 122909434                              {pd product} {ergonomic}
    uintx ProfiledCodeHeapSize                     = 122909434                              {pd product} {ergonomic}
    uintx ReservedCodeCacheSize                    = 251658240                              {pd product} {ergonomic}
     bool SegmentedCodeCache                       = true                                      {product} {ergonomic}
   size_t SoftMaxHeapSize                          = 1073741824                             {manageable} {ergonomic}
     bool UseCompressedClassPointers               = true                           {product lp64_product} {ergonomic}
     bool UseCompressedOops                        = true                           {product lp64_product} {ergonomic}
     bool UseG1GC                                  = true                                      {product} {ergonomic}
     bool UseLargePagesIndividualAllocation        = false                                  {pd product} {ergonomic}

Logging:
Log output configuration:
 #0: stdout all=off uptime,level,tags
 #1: stderr all=off uptime,level,tags

Environment Variables:
JAVA_HOME=C:\Program Files\Java\jdk-23
PATH=C:\Program Files\PlasticSCM5\server;C:\Program Files\PlasticSCM5\client;C:\Program Files\Common Files\Oracle\Java\javapath;C:\Program Files (x86)\Common Files\Oracle\Java\javapath;C:\Windows\System32\HWAudioDriverLibs;C:\Windows\system32;C:\Windows;C:\Windows\System32\Wbem;C:\Windows\System32\WindowsPowerShell\v1.0\;C:\Windows\System32\OpenSSH\;C:\Users\Administrator\AppData\Local\Microsoft\WindowsApps;C:\Program Files\Microsoft SQL Server\150\Tools\Binn\;C:\Program Files\Microsoft SQL Server\Client SDK\ODBC\170\Tools\Binn\;C:\Program Files\dotnet\;D:\Windows Kits\10\Windows Performance Toolkit\;C:\Program Files\Java\jdk-23\bin;C:\WINDOWS\system32;C:\WINDOWS;C:\WINDOWS\System32\Wbem;C:\WINDOWS\System32\WindowsPowerShell\v1.0\;C:\WINDOWS\System32\OpenSSH\;C:\Program Files\nodejs\;C:\Program Files\Docker\Docker\resources\bin;C:\Program Files\TortoiseGit\bin;C:\Program Files\Git\cmd;C:\Users\danil\Desktop\ffmpeg-8.1.2-essentials_build\ffmpeg-8.1.2-essentials_build\bin;C:\Users\danil\AppData\Local\Programs\Python\Python312\Scripts\;C:\Users\danil\AppData\Local\Programs\Python\Python312\;C:\Users\danil\AppData\Local\Microsoft\WindowsApps;C:\Users\danil\.dotnet\tools;C:\Users\danil\AppData\Local\Programs\Microsoft VS Code\bin;C:\Users\danil\AppData\Roaming\npm;D:\DataBase\18\bin;C:\Program Files\Processing\app
USERNAME=danil
OS=Windows_NT
PROCESSOR_IDENTIFIER=Intel64 Family 6 Model 140 Stepping 2, GenuineIntel
TMP=C:\Users\danil\AppData\Local\Temp
TEMP=C:\Users\danil\AppData\Local\Temp



Periodic native trim disabled


---------------  S Y S T E M  ---------------

OS:
 Windows 11 , 64 bit Build 26100 (10.0.26100.8521)
OS uptime: 0 days 0:09 hours
Hyper-V role detected

CPU: total 8 (initial active 8) (4 cores per cpu, 2 threads per core) family 6 model 140 stepping 2 microcode 0x16, cx8, cmov, fxsr, ht, mmx, 3dnowpref, sse, sse2, sse3, ssse3, sse4.1, sse4.2, popcnt, lzcnt, tsc, tscinvbit, avx, avx2, aes, erms, clmul, bmi1, bmi2, adx, avx512f, avx512dq, avx512cd, avx512bw, avx512vl, sha, fma, vzeroupper, avx512_vpopcntdq, avx512_vpclmulqdq, avx512_vaes, avx512_vnni, clflush, clflushopt, clwb, avx512_vbmi2, avx512_vbmi, hv
Processor Information for processor 0
  Max Mhz: 2496, Current Mhz: 998, Mhz Limit: 2496
Processor Information for processor 1
  Max Mhz: 2496, Current Mhz: 2496, Mhz Limit: 2496
Processor Information for processor 2
  Max Mhz: 2496, Current Mhz: 998, Mhz Limit: 2496
Processor Information for processor 3
  Max Mhz: 2496, Current Mhz: 2496, Mhz Limit: 2496
Processor Information for processor 4
  Max Mhz: 2496, Current Mhz: 2496, Mhz Limit: 2496
Processor Information for processor 5
  Max Mhz: 2496, Current Mhz: 2496, Mhz Limit: 2496
Processor Information for processor 6
  Max Mhz: 2496, Current Mhz: 998, Mhz Limit: 2496
Processor Information for processor 7
  Max Mhz: 2496, Current Mhz: 2496, Mhz Limit: 2496

Memory: 4k page, system-wide physical 7975M (902M free)
TotalPageFile size 17703M (AvailPageFile size 10350M)
current process WorkingSet (physical memory assigned to process): 506M, peak: 521M
current process commit charge ("private bytes"): 470M, peak: 481M

vm_info: OpenJDK 64-Bit Server VM (17.0.14+7) for windows-amd64 JRE (17.0.14+7), built on Jan 21 2025 23:40:15 by "admin" with MS VC++ 17.7 (VS2022)

END.
