#
# A fatal error has been detected by the Java Runtime Environment:
#
#  EXCEPTION_ACCESS_VIOLATION (0xc0000005) at pc=0x00007ffdd8d0b386, pid=6980, tid=6760
#
# JRE version: OpenJDK Runtime Environment Temurin-17.0.14+7 (17.0.14+7) (build 17.0.14+7)
# Java VM: OpenJDK 64-Bit Server VM Temurin-17.0.14+7 (17.0.14+7, mixed mode, sharing, tiered, compressed oops, compressed class ptrs, g1 gc, windows-amd64)
# Problematic frame:
# C  [igxelpicd64.dll+0x23b386]
#
# No core dump will be written. Minidumps are not enabled by default on client versions of Windows
#
# If you would like to submit a bug report, please visit:
#   https://github.com/adoptium/adoptium-support/issues
#

---------------  S U M M A R Y ------------

Command Line: -agentlib:jdwp=transport=dt_socket,address=8022,server=y,suspend=y,quiet=y -Xms64m -Xmx1024m -Djna.nosys=true -Djava.library.path=;C:\Program Files\Processing\app\resources\core\library;C:\Program Files\Processing;C:\WINDOWS\system32;C:\WINDOWS;C:\Program Files\PlasticSCM5\server;C:\Program Files\PlasticSCM5\client;C:\Program Files\Common Files\Oracle\Java\javapath;C:\Program Files (x86)\Common Files\Oracle\Java\javapath;C:\Windows\System32\HWAudioDriverLibs;C:\Windows\system32;C:\Windows;C:\Windows\System32\Wbem;C:\Windows\System32\WindowsPowerShell\v1.0;C:\Windows\System32\OpenSSH;C:\Program Files\Microsoft SQL Server\150\Tools\Binn;C:\Program Files\Microsoft SQL Server\Client SDK\ODBC\170\Tools\Binn;C:\Program Files\dotnet;D:\Windows Kits\10\Windows Performance Toolkit;C:\Program Files\Java\jdk-23\bin;C:\WINDOWS\system32;C:\WINDOWS;C:\WINDOWS\System32\Wbem;C:\WINDOWS\System32\WindowsPowerShell\v1.0;C:\WINDOWS\System32\OpenSSH;C:\Program Files\nodejs;C:\Program Files\Docker\Docker\resources\bin;C:\Program Files\TortoiseGit\bin;C:\Program Files\Git\cmd;C:\Users\danil\AppData\Local\Programs\Python\Python312\Scripts;C:\Users\danil\AppData\Local\Programs\Python\Python312;C:\Users\danil\AppData\Local\Microsoft\WindowsApps;C:\Users\danil\AppData\Local\Programs\Microsoft VS Code\bin;C:\Users\danil\AppData\Roaming\npm;D:\DataBase\18\bin;C:\Program Files\Processing\app;. -ea processing.core.PApplet --editor-location=-7,-7 --external --display=1 --sketch-path=C:\Users\danil\Desktop\Gravity_simul Gravity_simul

Host: 11th Gen Intel(R) Core(TM) i5-1155G7 @ 2.50GHz, 8 cores, 7G,  Windows 11 , 64 bit Build 26100 (10.0.26100.8328)
Time: Sun Jun 28 13:26:28 2026 RTZ 3 (s 11 , 64 bit Build 26100 (10.0.26100.8328) elapsed time: 23.103079 seconds (0d 0h 0m 23s)

---------------  T H R E A D  ---------------

Current thread (0x0000017c67379b50):  VMThread "VM Thread" [stack: 0x0000005400600000,0x0000005400700000] [id=6760]

Stack: [0x0000005400600000,0x0000005400700000],  sp=0x00000054006fe0e0,  free space=1016k
Native frames: (J=compiled Java code, j=interpreted, Vv=VM code, C=native code)
C  [igxelpicd64.dll+0x23b386]


siginfo: EXCEPTION_ACCESS_VIOLATION (0xc0000005), reading address 0x0000000000035468


Registers:
RAX=0x0000017c6dee1fb0, RBX=0x0000017c6c628e70, RCX=0x0000000000000004, RDX=0x0000000000000000
RSP=0x00000054006fe0e0, RBP=0x0000000000000000, RSI=0x0000017c6dee1db0, RDI=0x0000017c6c0c9120
R8 =0x0000017c6dee1eb0, R9 =0x000000547fbbf000, R10=0x0000000000000000, R11=0x0000000000000246
R12=0x0000017c6dee1db0, R13=0x0000000000000000, R14=0x0000017c6dee22f8, R15=0x0000017c6dee4090
RIP=0x00007ffdd8d0b386, EFLAGS=0x0000000000010202


Register to memory mapping:

RIP=0x00007ffdd8d0b386 igxelpicd64.dll
RAX=0x0000017c6dee1fb0 points into unknown readable memory: 0x00000000000049ab | ab 49 00 00 00 00 00 00
RBX=0x0000017c6c628e70 points into unknown readable memory: 0xffffffffffffffff | ff ff ff ff ff ff ff ff
RCX=0x0000000000000004 is an unknown value
RDX=0x0 is NULL
RSP=0x00000054006fe0e0 points into unknown readable memory: 0x0000017c6c628e70 | 70 8e 62 6c 7c 01 00 00
RBP=0x0 is NULL
RSI=0x0000017c6dee1db0 points into unknown readable memory: 0x0000017c6c68d890 | 90 d8 68 6c 7c 01 00 00
RDI=0x0000017c6c0c9120 points into unknown readable memory: 0x0000000000000000 | 00 00 00 00 00 00 00 00
R8 =0x0000017c6dee1eb0 points into unknown readable memory: 0x0000000000000000 | 00 00 00 00 00 00 00 00
R9 =0x000000547fbbf000 points into unknown readable memory: 0x0000000000000000 | 00 00 00 00 00 00 00 00
R10=0x0 is NULL
R11=0x0000000000000246 is an unknown value
R12=0x0000017c6dee1db0 points into unknown readable memory: 0x0000017c6c68d890 | 90 d8 68 6c 7c 01 00 00
R13=0x0 is NULL
R14=0x0000017c6dee22f8 points into unknown readable memory: 0x0000017c6dee4090 | 90 40 ee 6d 7c 01 00 00
R15=0x0000017c6dee4090 points into unknown readable memory: 0x0000017c6c68d890 | 90 d8 68 6c 7c 01 00 00


Top of Stack: (sp=0x00000054006fe0e0)
0x00000054006fe0e0:   0000017c6c628e70 02908ec3034d7cc3
0x00000054006fe0f0:   039807c400f399c3 02c88ec502330ac5
0x00000054006fe100:   0000001603000000 0000000000000000
0x00000054006fe110:   02c41aca033fe8c9 039f35ca00b723ca
0x00000054006fe120:   0000017c6c628e70 024d47cb033837cb
0x00000054006fe130:   005649cc0385f7cb 039807cd037086cc
0x00000054006fe140:   0165f3cf036711cd 036f30d001ba0ad0
0x00000054006fe150:   036ac6d0039189d0 037086d101e4f6d0
0x00000054006fe160:   038d2bd20347fdd1 0377c8d20364afd2
0x00000054006fe170:   038469d3039f30d3 014b83d3006182d3
0x00000054006fe180:   026672d4032a08d4 034f3dd50374a3d4
0x00000054006fe190:   02ff65d5027662d5 0357b2d5031484d5
0x00000054006fe1a0:   039eb8d6031902d6 0391c5d70258efd6
0x00000054006fe1b0:   0398f2d70375dad7 038067d80366fdd7
0x00000054006fe1c0:   019ce7d8037086d8 00007ffe8d905b54
0x00000054006fe1d0:   0000000000000000 0000000000000000
0x00000054006fe1e0:   00000054006fe380 00007ffe8b771259
0x00000054006fe1f0:   00000054006fe278 0000000000000000
0x00000054006fe200:   0000000000000054 0000000000000000
0x00000054006fe210:   02bc24e50379e0e4 00007ffe8d905cc4
0x00000054006fe220:   038f48e602e52ee6 02ec1be7033c73e6
0x00000054006fe230:   00003d6f96b66103 033a74e7038065e7
0x00000054006fe240:   0000017c6dd640f8 00000000000049e1
0x00000054006fe250:   0000000000000000 0000000000000016
0x00000054006fe260:   0000000000000000 0000000000000000
0x00000054006fe270:   00000054006fe380 00007ffdd8d382ae
0x00000054006fe280:   0000017c6c0c9120 0000000000000000
0x00000054006fe290:   0000017c6c0c9120 00b6e0f0039c40f0
0x00000054006fe2a0:   0000005400000d54 0000740400840000
0x00000054006fe2b0:   0000000000000000 00db08f301e634f2
0x00000054006fe2c0:   02bf90f3035c44f3 02b457f402b0a2f3
0x00000054006fe2d0:   03399cf6027374f4 027dcef7005e12f7 

Instructions: (pc=0x00007ffdd8d0b386)
0x00007ffdd8d0b286:   00 90 4c 8b bf 80 02 00 00 48 8b 05 9a 85 bd 00
0x00007ffdd8d0b296:   8b 80 c8 0a 00 00 89 44 24 24 c6 44 24 20 00 48
0x00007ffdd8d0b2a6:   c7 87 80 02 00 00 00 00 00 00 c7 87 88 02 00 00
0x00007ffdd8d0b2b6:   00 00 00 00 48 c7 87 a0 02 00 00 00 00 00 00 48
0x00007ffdd8d0b2c6:   c7 87 90 02 00 00 00 00 00 00 48 85 ed 75 3d 8b
0x00007ffdd8d0b2d6:   35 0d 77 cd 00 65 48 8b 04 25 58 00 00 00 b9 14
0x00007ffdd8d0b2e6:   00 00 00 48 8b 04 f0 40 38 2c 01 0f 84 c9 e7 75
0x00007ffdd8d0b2f6:   00 65 48 8b 04 25 58 00 00 00 bd 20 00 00 00 48
0x00007ffdd8d0b306:   8b 04 f0 48 8b 2c 28 48 89 6c 24 28 48 3b 2d 07
0x00007ffdd8d0b316:   9b cd 00 0f 84 9b 10 00 00 4d 85 ff 0f 84 3a 01
0x00007ffdd8d0b326:   00 00 0f 1f 84 00 00 00 00 00 49 8b f7 4d 8b e7
0x00007ffdd8d0b336:   4d 8d b7 48 05 00 00 4d 8b 3e 45 84 ed 0f 85 d9
0x00007ffdd8d0b346:   0e 00 00 8b 8f d0 01 00 00 48 8b 05 da 84 bd 00
0x00007ffdd8d0b356:   83 b8 64 03 00 00 02 75 34 4d 8d 84 24 00 01 00
0x00007ffdd8d0b366:   00 83 f9 10 0f 83 3a 01 00 00 8b c1 48 c1 e0 06
0x00007ffdd8d0b376:   49 03 c0 48 85 c0 0f 84 9b 01 00 00 48 8b 50 08
0x00007ffdd8d0b386:   48 3b 95 68 54 03 00 0f 87 b6 0e 00 00 48 83 be
0x00007ffdd8d0b396:   c0 05 00 00 00 0f 85 50 e7 75 00 44 8b 8f d0 01
0x00007ffdd8d0b3a6:   00 00 48 8b 87 e8 01 00 00 4c 8b 00 8b 8f d0 01
0x00007ffdd8d0b3b6:   00 00 48 8d 9e 00 01 00 00 83 f9 10 0f 83 1e 01
0x00007ffdd8d0b3c6:   00 00 8b c1 48 c1 e0 06 48 03 c3 48 85 c0 0f 84
0x00007ffdd8d0b3d6:   4a 01 00 00 4c 39 40 08 0f 86 40 01 00 00 48 8b
0x00007ffdd8d0b3e6:   87 80 02 00 00 49 89 06 48 89 b7 80 02 00 00 ff
0x00007ffdd8d0b3f6:   87 88 02 00 00 48 8b 4e 08 48 8b 01 ba 01 00 00
0x00007ffdd8d0b406:   00 48 8b 80 e0 02 00 00 ff 15 f4 c1 88 00 0f b7
0x00007ffdd8d0b416:   c8 48 2b c1 48 05 00 00 01 00 48 01 87 90 02 00
0x00007ffdd8d0b426:   00 48 8b 4e 08 48 8b 01 ba 01 00 00 00 48 8b 80
0x00007ffdd8d0b436:   e0 02 00 00 ff 15 c8 c1 88 00 48 01 87 a0 02 00
0x00007ffdd8d0b446:   00 0f b6 54 24 20 4d 85 ff 0f 85 db fe ff ff 84
0x00007ffdd8d0b456:   d2 0f 85 37 0f 00 00 48 8b 5c 24 40 48 8b cf 80
0x00007ffdd8d0b466:   7c 24 22 00 0f 85 40 0f 00 00 e8 3b f9 ff ff 90
0x00007ffdd8d0b476:   48 8b cb ff 15 99 bc 88 00 48 8b 8c 24 50 01 00 


Stack slot to memory mapping:
stack at sp + 0 slots: 0x0000017c6c628e70 points into unknown readable memory: 0xffffffffffffffff | ff ff ff ff ff ff ff ff
stack at sp + 1 slots: 0x02908ec3034d7cc3 is an unknown value
stack at sp + 2 slots: 0x039807c400f399c3 is an unknown value
stack at sp + 3 slots: 0x02c88ec502330ac5 is an unknown value
stack at sp + 4 slots: 0x0000001603000000 is an unknown value
stack at sp + 5 slots: 0x0 is NULL
stack at sp + 6 slots: 0x02c41aca033fe8c9 is an unknown value
stack at sp + 7 slots: 0x039f35ca00b723ca is an unknown value

VM_Operation (0x00000054028febd0): Exit, mode: safepoint, requested by thread 0x0000017c6dc49160


---------------  P R O C E S S  ---------------

Threads class SMR info:
_java_thread_list=0x0000017c6c37ddd0, length=38, elements={
0x0000017c6737db00, 0x0000017c67382060, 0x0000017c6739e660, 0x0000017c673a1ab0,
0x0000017c673a2ef0, 0x0000017c673a51d0, 0x0000017c673adc20, 0x0000017c673b8550,
0x0000017c67621fc0, 0x0000017c67622cc0, 0x0000017c676231c0, 0x0000017c67643720,
0x0000017c67649d20, 0x0000017c6c062b60, 0x0000017c6d979b30, 0x0000017c6dc49160,
0x0000017c6c138940, 0x0000017c6c137500, 0x0000017c6c139870, 0x0000017c6c137f20,
0x0000017c6c138430, 0x0000017c6c138e50, 0x0000017c6c139d80, 0x0000017c6c139360,
0x0000017c7e3b3ba0, 0x0000017c7e3b0900, 0x0000017c7e3b1830, 0x0000017c7e3b03f0,
0x0000017c7e3b2760, 0x0000017c7e3b3690, 0x0000017c7e3b1d40, 0x0000017c7e3b45c0,
0x0000017c7e3b0e10, 0x0000017c7e3b3180, 0x0000017c7e3b40b0, 0x0000017c7e3b4ad0,
0x0000017c7e3b1320, 0x0000017c7e3b7350
}

Java Threads: ( => current thread )
  0x0000017c6737db00 JavaThread "Reference Handler" daemon [_thread_blocked, id=7216, stack(0x0000005400700000,0x0000005400800000)]
  0x0000017c67382060 JavaThread "Finalizer" daemon [_thread_blocked, id=7220, stack(0x0000005400800000,0x0000005400900000)]
  0x0000017c6739e660 JavaThread "Attach Listener" daemon [_thread_blocked, id=6896, stack(0x0000005400a00000,0x0000005400b00000)]
  0x0000017c673a1ab0 JavaThread "Service Thread" daemon [_thread_blocked, id=16172, stack(0x0000005400b00000,0x0000005400c00000)]
  0x0000017c673a2ef0 JavaThread "Monitor Deflation Thread" daemon [_thread_blocked, id=7252, stack(0x0000005400c00000,0x0000005400d00000)]
  0x0000017c673a51d0 JavaThread "C2 CompilerThread0" daemon [_thread_blocked, id=7060, stack(0x0000005400d00000,0x0000005400e00000)]
  0x0000017c673adc20 JavaThread "C1 CompilerThread0" daemon [_thread_blocked, id=11488, stack(0x0000005400e00000,0x0000005400f00000)]
  0x0000017c673b8550 JavaThread "Sweeper thread" daemon [_thread_blocked, id=1520, stack(0x0000005400f00000,0x0000005401000000)]
  0x0000017c67621fc0 JavaThread "JDWP Transport Listener: dt_socket" daemon [_thread_blocked, id=6948, stack(0x0000005401000000,0x0000005401100000)]
  0x0000017c67622cc0 JavaThread "JDWP Event Helper Thread" daemon [_thread_blocked, id=6904, stack(0x0000005401100000,0x0000005401200000)]
  0x0000017c676231c0 JavaThread "JDWP Command Reader" daemon [_thread_blocked, id=10352, stack(0x0000005401200000,0x0000005401300000)]
  0x0000017c67643720 JavaThread "Notification Thread" daemon [_thread_blocked, id=3840, stack(0x0000005401300000,0x0000005401400000)]
  0x0000017c67649d20 JavaThread "Common-Cleaner" daemon [_thread_blocked, id=2736, stack(0x0000005401500000,0x0000005401600000)]
  0x0000017c6c062b60 JavaThread "Java2D Disposer" daemon [_thread_blocked, id=19436, stack(0x0000005401600000,0x0000005401700000)]
  0x0000017c6d979b30 JavaThread "HighResTimerThread" daemon [_thread_blocked, id=19196, stack(0x0000005402600000,0x0000005402700000)]
  0x0000017c6dc49160 JavaThread "main-FPSAWTAnimator#00-Timer0" [_thread_blocked, id=8672, stack(0x0000005402800000,0x0000005402900000)]
  0x0000017c6c138940 JavaThread "DestroyJavaVM" [_thread_blocked, id=5836, stack(0x0000005400000000,0x0000005400100000)]
  0x0000017c6c137500 JavaThread "pool-1-thread-1" [_thread_blocked, id=15196, stack(0x0000005402a00000,0x0000005402b00000)]
  0x0000017c6c139870 JavaThread "pool-1-thread-2" [_thread_blocked, id=14828, stack(0x0000005402b00000,0x0000005402c00000)]
  0x0000017c6c137f20 JavaThread "pool-1-thread-3" [_thread_blocked, id=6220, stack(0x0000005402c00000,0x0000005402d00000)]
  0x0000017c6c138430 JavaThread "pool-1-thread-4" [_thread_blocked, id=12884, stack(0x0000005402d00000,0x0000005402e00000)]
  0x0000017c6c138e50 JavaThread "pool-1-thread-5" [_thread_blocked, id=12280, stack(0x0000005402e00000,0x0000005402f00000)]
  0x0000017c6c139d80 JavaThread "pool-1-thread-6" [_thread_blocked, id=15436, stack(0x0000005402f00000,0x0000005403000000)]
  0x0000017c6c139360 JavaThread "pool-1-thread-7" [_thread_blocked, id=2376, stack(0x0000005403000000,0x0000005403100000)]
  0x0000017c7e3b3ba0 JavaThread "pool-1-thread-8" [_thread_blocked, id=18300, stack(0x0000005403100000,0x0000005403200000)]
  0x0000017c7e3b0900 JavaThread "pool-1-thread-9" [_thread_blocked, id=14288, stack(0x0000005403200000,0x0000005403300000)]
  0x0000017c7e3b1830 JavaThread "pool-1-thread-10" [_thread_blocked, id=17632, stack(0x0000005403300000,0x0000005403400000)]
  0x0000017c7e3b03f0 JavaThread "pool-1-thread-11" [_thread_blocked, id=13108, stack(0x0000005403400000,0x0000005403500000)]
  0x0000017c7e3b2760 JavaThread "pool-1-thread-12" [_thread_blocked, id=6096, stack(0x0000005403500000,0x0000005403600000)]
  0x0000017c7e3b3690 JavaThread "pool-1-thread-13" [_thread_blocked, id=17988, stack(0x0000005403600000,0x0000005403700000)]
  0x0000017c7e3b1d40 JavaThread "pool-1-thread-14" [_thread_blocked, id=18124, stack(0x0000005403700000,0x0000005403800000)]
  0x0000017c7e3b45c0 JavaThread "pool-1-thread-15" [_thread_blocked, id=6116, stack(0x0000005403800000,0x0000005403900000)]
  0x0000017c7e3b0e10 JavaThread "pool-1-thread-16" [_thread_blocked, id=18424, stack(0x0000005403900000,0x0000005403a00000)]
  0x0000017c7e3b3180 JavaThread "pool-1-thread-17" [_thread_blocked, id=11720, stack(0x0000005403a00000,0x0000005403b00000)]
  0x0000017c7e3b40b0 JavaThread "pool-1-thread-18" [_thread_blocked, id=13308, stack(0x0000005403b00000,0x0000005403c00000)]
  0x0000017c7e3b4ad0 JavaThread "pool-1-thread-19" [_thread_blocked, id=10040, stack(0x0000005403c00000,0x0000005403d00000)]
  0x0000017c7e3b1320 JavaThread "pool-1-thread-20" [_thread_blocked, id=12576, stack(0x0000005403d00000,0x0000005403e00000)]
  0x0000017c7e3b7350 JavaThread "AWT-Shutdown" [_thread_blocked, id=18628, stack(0x0000005402700000,0x0000005402800000)]

Other Threads:
=>0x0000017c67379b50 VMThread "VM Thread" [stack: 0x0000005400600000,0x0000005400700000] [id=6760]
  0x0000017c4b545b40 GCTaskThread "GC Thread#0" [stack: 0x0000005400100000,0x0000005400200000] [id=6100]
  0x0000017c6d411ad0 GCTaskThread "GC Thread#1" [stack: 0x0000005401e00000,0x0000005401f00000] [id=7364]
  0x0000017c6d411d90 GCTaskThread "GC Thread#2" [stack: 0x0000005401f00000,0x0000005402000000] [id=6664]
  0x0000017c6d412050 GCTaskThread "GC Thread#3" [stack: 0x0000005402000000,0x0000005402100000] [id=18960]
  0x0000017c6d412310 GCTaskThread "GC Thread#4" [stack: 0x0000005402100000,0x0000005402200000] [id=2452]
  0x0000017c6d4125d0 GCTaskThread "GC Thread#5" [stack: 0x0000005402200000,0x0000005402300000] [id=6644]
  0x0000017c6d44ad40 GCTaskThread "GC Thread#6" [stack: 0x0000005402300000,0x0000005402400000] [id=19048]
  0x0000017c6d44f010 GCTaskThread "GC Thread#7" [stack: 0x0000005402400000,0x0000005402500000] [id=11100]
  0x0000017c4b54f9b0 ConcurrentGCThread "G1 Main Marker" terminated
  0x0000017c4b550fb0 ConcurrentGCThread "G1 Conc#0" [stack: 0x0000005400300000,0x0000005400400000] [id=17004]
  0x0000017c7e678620 ConcurrentGCThread "G1 Conc#1" [stack: 0x0000005404200000,0x0000005404300000] [id=18276]
  0x0000017c672420b0 ConcurrentGCThread "G1 Refine#0" terminated
  0x0000017c7e128770 ConcurrentGCThread "G1 Refine#1" terminated
  0x0000017c7e0ad3a0 ConcurrentGCThread "G1 Refine#2" terminated
  0x0000017c7e99a870 ConcurrentGCThread "G1 Refine#3" terminated
  0x0000017c67242890 ConcurrentGCThread "G1 Service" terminated

Threads with active compile tasks:

VM state: at safepoint (shutting down)

VM Mutex/Monitor currently owned by a thread:  ([mutex/lock_event])
[0x0000017c4916c900] Threads_lock - owner thread: 0x0000017c67379b50
[0x0000017c4b4f9990] Heap_lock - owner thread: 0x0000017c6dc49160

Heap address: 0x00000000c0000000, size: 1024 MB, Compressed Oops mode: 32-bit

CDS archive(s) mapped at: [0x0000017c00000000-0x0000017c00bb0000-0x0000017c00bb0000), size 12255232, SharedBaseAddress: 0x0000017c00000000, ArchiveRelocationMode: 1.
Compressed class space mapped at: 0x0000017c01000000-0x0000017c41000000, reserved size: 1073741824
Narrow klass base: 0x0000017c00000000, Narrow klass shift: 0, Narrow klass range: 0x100000000

GC Precious Log:
 CPUs: 8 total, 8 available
 Memory: 7975M
 Large Page Support: Disabled
 NUMA Support: Disabled
 Compressed Oops: Enabled (32-bit)
 Heap Region Size: 1M
 Heap Min Capacity: 64M
 Heap Initial Capacity: 64M
 Heap Max Capacity: 1G
 Pre-touch: Disabled
 Parallel Workers: 8
 Concurrent Workers: 2
 Concurrent Refinement Workers: 8
 Periodic GC: Disabled

Heap:
 garbage-first heap   total 177152K, used 107851K [0x00000000c0000000, 0x0000000100000000)
  region size 1024K, 25 young (25600K), 1 survivors (1024K)
 Metaspace       used 13127K, committed 13312K, reserved 1114112K
  class space    used 918K, committed 1024K, reserved 1048576K

Heap Regions: E=young(eden), S=young(survivor), O=old, HS=humongous(starts), HC=humongous(continues), CS=collection set, F=free, OA=open archive, CA=closed archive, TAMS=top-at-mark-start (previous, next)
|   0|0x00000000c0000000, 0x00000000c0100000, 0x00000000c0100000|100%| O|  |TAMS 0x00000000c0100000, 0x00000000c0000000| Untracked 
|   1|0x00000000c0100000, 0x00000000c0200000, 0x00000000c0200000|100%| O|  |TAMS 0x00000000c0200000, 0x00000000c0100000| Untracked 
|   2|0x00000000c0200000, 0x00000000c0300000, 0x00000000c0300000|100%| O|  |TAMS 0x00000000c0300000, 0x00000000c0200000| Untracked 
|   3|0x00000000c0300000, 0x00000000c0400000, 0x00000000c0400000|100%| O|  |TAMS 0x00000000c0400000, 0x00000000c0300000| Untracked 
|   4|0x00000000c0400000, 0x00000000c0500000, 0x00000000c0500000|100%| O|  |TAMS 0x00000000c0500000, 0x00000000c0400000| Untracked 
|   5|0x00000000c0500000, 0x00000000c0600000, 0x00000000c0600000|100%| O|  |TAMS 0x00000000c0600000, 0x00000000c0500000| Untracked 
|   6|0x00000000c0600000, 0x00000000c0700000, 0x00000000c0700000|100%| O|  |TAMS 0x00000000c0700000, 0x00000000c0600000| Untracked 
|   7|0x00000000c0700000, 0x00000000c0800000, 0x00000000c0800000|100%| O|  |TAMS 0x00000000c0800000, 0x00000000c0700000| Untracked 
|   8|0x00000000c0800000, 0x00000000c0800000, 0x00000000c0900000|  0%| F|  |TAMS 0x00000000c0800000, 0x00000000c0800000| Untracked 
|   9|0x00000000c0900000, 0x00000000c0a00000, 0x00000000c0a00000|100%| O|  |TAMS 0x00000000c0a00000, 0x00000000c0900000| Untracked 
|  10|0x00000000c0a00000, 0x00000000c0b00000, 0x00000000c0b00000|100%|HS|  |TAMS 0x00000000c0b00000, 0x00000000c0a00000| Complete 
|  11|0x00000000c0b00000, 0x00000000c0c00000, 0x00000000c0c00000|100%|HC|  |TAMS 0x00000000c0c00000, 0x00000000c0b00000| Complete 
|  12|0x00000000c0c00000, 0x00000000c0d00000, 0x00000000c0d00000|100%|HC|  |TAMS 0x00000000c0d00000, 0x00000000c0c00000| Complete 
|  13|0x00000000c0d00000, 0x00000000c0e00000, 0x00000000c0e00000|100%|HC|  |TAMS 0x00000000c0e00000, 0x00000000c0d00000| Complete 
|  14|0x00000000c0e00000, 0x00000000c0f00000, 0x00000000c0f00000|100%|HC|  |TAMS 0x00000000c0f00000, 0x00000000c0e00000| Complete 
|  15|0x00000000c0f00000, 0x00000000c1000000, 0x00000000c1000000|100%|HC|  |TAMS 0x00000000c1000000, 0x00000000c0f00000| Complete 
|  16|0x00000000c1000000, 0x00000000c1100000, 0x00000000c1100000|100%|HC|  |TAMS 0x00000000c1100000, 0x00000000c1000000| Complete 
|  17|0x00000000c1100000, 0x00000000c1200000, 0x00000000c1200000|100%|HC|  |TAMS 0x00000000c1200000, 0x00000000c1100000| Complete 
|  18|0x00000000c1200000, 0x00000000c1300000, 0x00000000c1300000|100%|HC|  |TAMS 0x00000000c1300000, 0x00000000c1200000| Complete 
|  19|0x00000000c1300000, 0x00000000c1400000, 0x00000000c1400000|100%|HC|  |TAMS 0x00000000c1400000, 0x00000000c1300000| Complete 
|  20|0x00000000c1400000, 0x00000000c1500000, 0x00000000c1500000|100%|HC|  |TAMS 0x00000000c1500000, 0x00000000c1400000| Complete 
|  21|0x00000000c1500000, 0x00000000c1600000, 0x00000000c1600000|100%|HC|  |TAMS 0x00000000c1600000, 0x00000000c1500000| Complete 
|  22|0x00000000c1600000, 0x00000000c1700000, 0x00000000c1700000|100%|HC|  |TAMS 0x00000000c1700000, 0x00000000c1600000| Complete 
|  23|0x00000000c1700000, 0x00000000c1800000, 0x00000000c1800000|100%|HC|  |TAMS 0x00000000c1800000, 0x00000000c1700000| Complete 
|  24|0x00000000c1800000, 0x00000000c1900000, 0x00000000c1900000|100%|HC|  |TAMS 0x00000000c1900000, 0x00000000c1800000| Complete 
|  25|0x00000000c1900000, 0x00000000c1a00000, 0x00000000c1a00000|100%|HC|  |TAMS 0x00000000c1a00000, 0x00000000c1900000| Complete 
|  26|0x00000000c1a00000, 0x00000000c1b00000, 0x00000000c1b00000|100%|HC|  |TAMS 0x00000000c1b00000, 0x00000000c1a00000| Complete 
|  27|0x00000000c1b00000, 0x00000000c1b00000, 0x00000000c1c00000|  0%| F|  |TAMS 0x00000000c1b00000, 0x00000000c1b00000| Untracked 
|  28|0x00000000c1c00000, 0x00000000c1d00000, 0x00000000c1d00000|100%|HS|  |TAMS 0x00000000c1d00000, 0x00000000c1c00000| Complete 
|  29|0x00000000c1d00000, 0x00000000c1e00000, 0x00000000c1e00000|100%|HC|  |TAMS 0x00000000c1e00000, 0x00000000c1d00000| Complete 
|  30|0x00000000c1e00000, 0x00000000c1f00000, 0x00000000c1f00000|100%|HC|  |TAMS 0x00000000c1f00000, 0x00000000c1e00000| Complete 
|  31|0x00000000c1f00000, 0x00000000c2000000, 0x00000000c2000000|100%|HC|  |TAMS 0x00000000c2000000, 0x00000000c1f00000| Complete 
|  32|0x00000000c2000000, 0x00000000c2100000, 0x00000000c2100000|100%|HC|  |TAMS 0x00000000c2100000, 0x00000000c2000000| Complete 
|  33|0x00000000c2100000, 0x00000000c2200000, 0x00000000c2200000|100%| O|  |TAMS 0x00000000c2200000, 0x00000000c2100000| Untracked 
|  34|0x00000000c2200000, 0x00000000c2300000, 0x00000000c2300000|100%| O|  |TAMS 0x00000000c2300000, 0x00000000c2200000| Untracked 
|  35|0x00000000c2300000, 0x00000000c2400000, 0x00000000c2400000|100%| O|  |TAMS 0x00000000c2400000, 0x00000000c2300000| Untracked 
|  36|0x00000000c2400000, 0x00000000c2500000, 0x00000000c2500000|100%|HS|  |TAMS 0x00000000c2500000, 0x00000000c2400000| Complete 
|  37|0x00000000c2500000, 0x00000000c2600000, 0x00000000c2600000|100%|HC|  |TAMS 0x00000000c2600000, 0x00000000c2500000| Complete 
|  38|0x00000000c2600000, 0x00000000c2700000, 0x00000000c2700000|100%|HC|  |TAMS 0x00000000c2700000, 0x00000000c2600000| Complete 
|  39|0x00000000c2700000, 0x00000000c2800000, 0x00000000c2800000|100%|HC|  |TAMS 0x00000000c2800000, 0x00000000c2700000| Complete 
|  40|0x00000000c2800000, 0x00000000c2900000, 0x00000000c2900000|100%|HC|  |TAMS 0x00000000c2900000, 0x00000000c2800000| Complete 
|  41|0x00000000c2900000, 0x00000000c2a00000, 0x00000000c2a00000|100%|HC|  |TAMS 0x00000000c2a00000, 0x00000000c2900000| Complete 
|  42|0x00000000c2a00000, 0x00000000c2b00000, 0x00000000c2b00000|100%|HC|  |TAMS 0x00000000c2b00000, 0x00000000c2a00000| Complete 
|  43|0x00000000c2b00000, 0x00000000c2c00000, 0x00000000c2c00000|100%|HC|  |TAMS 0x00000000c2c00000, 0x00000000c2b00000| Complete 
|  44|0x00000000c2c00000, 0x00000000c2d00000, 0x00000000c2d00000|100%|HC|  |TAMS 0x00000000c2d00000, 0x00000000c2c00000| Complete 
|  45|0x00000000c2d00000, 0x00000000c2e00000, 0x00000000c2e00000|100%|HC|  |TAMS 0x00000000c2e00000, 0x00000000c2d00000| Complete 
|  46|0x00000000c2e00000, 0x00000000c2f00000, 0x00000000c2f00000|100%|HC|  |TAMS 0x00000000c2f00000, 0x00000000c2e00000| Complete 
|  47|0x00000000c2f00000, 0x00000000c3000000, 0x00000000c3000000|100%|HC|  |TAMS 0x00000000c3000000, 0x00000000c2f00000| Complete 
|  48|0x00000000c3000000, 0x00000000c3100000, 0x00000000c3100000|100%|HC|  |TAMS 0x00000000c3100000, 0x00000000c3000000| Complete 
|  49|0x00000000c3100000, 0x00000000c3200000, 0x00000000c3200000|100%|HS|  |TAMS 0x00000000c3200000, 0x00000000c3100000| Complete 
|  50|0x00000000c3200000, 0x00000000c3300000, 0x00000000c3300000|100%|HC|  |TAMS 0x00000000c3300000, 0x00000000c3200000| Complete 
|  51|0x00000000c3300000, 0x00000000c3400000, 0x00000000c3400000|100%|HC|  |TAMS 0x00000000c3400000, 0x00000000c3300000| Complete 
|  52|0x00000000c3400000, 0x00000000c3500000, 0x00000000c3500000|100%|HC|  |TAMS 0x00000000c3500000, 0x00000000c3400000| Complete 
|  53|0x00000000c3500000, 0x00000000c3600000, 0x00000000c3600000|100%|HC|  |TAMS 0x00000000c3600000, 0x00000000c3500000| Complete 
|  54|0x00000000c3600000, 0x00000000c3700000, 0x00000000c3700000|100%|HC|  |TAMS 0x00000000c3700000, 0x00000000c3600000| Complete 
|  55|0x00000000c3700000, 0x00000000c3800000, 0x00000000c3800000|100%|HC|  |TAMS 0x00000000c3800000, 0x00000000c3700000| Complete 
|  56|0x00000000c3800000, 0x00000000c3900000, 0x00000000c3900000|100%|HC|  |TAMS 0x00000000c3900000, 0x00000000c3800000| Complete 
|  57|0x00000000c3900000, 0x00000000c3a00000, 0x00000000c3a00000|100%|HC|  |TAMS 0x00000000c3a00000, 0x00000000c3900000| Complete 
|  58|0x00000000c3a00000, 0x00000000c3aae400, 0x00000000c3b00000| 68%| O|  |TAMS 0x00000000c3aab800, 0x00000000c3a00000| Untracked 
|  59|0x00000000c3b00000, 0x00000000c3b00000, 0x00000000c3c00000|  0%| F|  |TAMS 0x00000000c3b00000, 0x00000000c3b00000| Untracked 
|  60|0x00000000c3c00000, 0x00000000c3c00000, 0x00000000c3d00000|  0%| F|  |TAMS 0x00000000c3c00000, 0x00000000c3c00000| Untracked 
|  61|0x00000000c3d00000, 0x00000000c3d00000, 0x00000000c3e00000|  0%| F|  |TAMS 0x00000000c3d00000, 0x00000000c3d00000| Untracked 
|  62|0x00000000c3e00000, 0x00000000c3e00000, 0x00000000c3f00000|  0%| F|  |TAMS 0x00000000c3e00000, 0x00000000c3e00000| Untracked 
|  63|0x00000000c3f00000, 0x00000000c3f00000, 0x00000000c4000000|  0%| F|  |TAMS 0x00000000c3f00000, 0x00000000c3f00000| Untracked 
|  64|0x00000000c4000000, 0x00000000c4100000, 0x00000000c4100000|100%|HS|  |TAMS 0x00000000c4100000, 0x00000000c4000000| Complete 
|  65|0x00000000c4100000, 0x00000000c4200000, 0x00000000c4200000|100%|HC|  |TAMS 0x00000000c4200000, 0x00000000c4100000| Complete 
|  66|0x00000000c4200000, 0x00000000c4300000, 0x00000000c4300000|100%|HC|  |TAMS 0x00000000c4300000, 0x00000000c4200000| Complete 
|  67|0x00000000c4300000, 0x00000000c4400000, 0x00000000c4400000|100%|HC|  |TAMS 0x00000000c4400000, 0x00000000c4300000| Complete 
|  68|0x00000000c4400000, 0x00000000c4500000, 0x00000000c4500000|100%|HC|  |TAMS 0x00000000c4500000, 0x00000000c4400000| Complete 
|  69|0x00000000c4500000, 0x00000000c4600000, 0x00000000c4600000|100%|HS|  |TAMS 0x00000000c4600000, 0x00000000c4500000| Complete 
|  70|0x00000000c4600000, 0x00000000c4700000, 0x00000000c4700000|100%|HC|  |TAMS 0x00000000c4700000, 0x00000000c4600000| Complete 
|  71|0x00000000c4700000, 0x00000000c4800000, 0x00000000c4800000|100%|HC|  |TAMS 0x00000000c4800000, 0x00000000c4700000| Complete 
|  72|0x00000000c4800000, 0x00000000c4900000, 0x00000000c4900000|100%|HC|  |TAMS 0x00000000c4900000, 0x00000000c4800000| Complete 
|  73|0x00000000c4900000, 0x00000000c4a00000, 0x00000000c4a00000|100%|HC|  |TAMS 0x00000000c4a00000, 0x00000000c4900000| Complete 
|  74|0x00000000c4a00000, 0x00000000c4b00000, 0x00000000c4b00000|100%|HS|  |TAMS 0x00000000c4b00000, 0x00000000c4a00000| Complete 
|  75|0x00000000c4b00000, 0x00000000c4c00000, 0x00000000c4c00000|100%|HC|  |TAMS 0x00000000c4c00000, 0x00000000c4b00000| Complete 
|  76|0x00000000c4c00000, 0x00000000c4d00000, 0x00000000c4d00000|100%|HC|  |TAMS 0x00000000c4d00000, 0x00000000c4c00000| Complete 
|  77|0x00000000c4d00000, 0x00000000c4e00000, 0x00000000c4e00000|100%|HC|  |TAMS 0x00000000c4e00000, 0x00000000c4d00000| Complete 
|  78|0x00000000c4e00000, 0x00000000c4f00000, 0x00000000c4f00000|100%|HC|  |TAMS 0x00000000c4f00000, 0x00000000c4e00000| Complete 
|  79|0x00000000c4f00000, 0x00000000c5000000, 0x00000000c5000000|100%|HS|  |TAMS 0x00000000c5000000, 0x00000000c4f00000| Complete 
|  80|0x00000000c5000000, 0x00000000c5100000, 0x00000000c5100000|100%|HC|  |TAMS 0x00000000c5100000, 0x00000000c5000000| Complete 
|  81|0x00000000c5100000, 0x00000000c5200000, 0x00000000c5200000|100%|HC|  |TAMS 0x00000000c5200000, 0x00000000c5100000| Complete 
|  82|0x00000000c5200000, 0x00000000c5300000, 0x00000000c5300000|100%|HC|  |TAMS 0x00000000c5300000, 0x00000000c5200000| Complete 
|  83|0x00000000c5300000, 0x00000000c5400000, 0x00000000c5400000|100%|HC|  |TAMS 0x00000000c5400000, 0x00000000c5300000| Complete 
|  84|0x00000000c5400000, 0x00000000c5500000, 0x00000000c5500000|100%|HS|  |TAMS 0x00000000c5500000, 0x00000000c5400000| Complete 
|  85|0x00000000c5500000, 0x00000000c5600000, 0x00000000c5600000|100%|HC|  |TAMS 0x00000000c5600000, 0x00000000c5500000| Complete 
|  86|0x00000000c5600000, 0x00000000c5700000, 0x00000000c5700000|100%|HC|  |TAMS 0x00000000c5700000, 0x00000000c5600000| Complete 
|  87|0x00000000c5700000, 0x00000000c5800000, 0x00000000c5800000|100%|HC|  |TAMS 0x00000000c5800000, 0x00000000c5700000| Complete 
|  88|0x00000000c5800000, 0x00000000c5900000, 0x00000000c5900000|100%|HC|  |TAMS 0x00000000c5900000, 0x00000000c5800000| Complete 
|  89|0x00000000c5900000, 0x00000000c5900000, 0x00000000c5a00000|  0%| F|  |TAMS 0x00000000c5900000, 0x00000000c5900000| Untracked 
|  90|0x00000000c5a00000, 0x00000000c5a00000, 0x00000000c5b00000|  0%| F|  |TAMS 0x00000000c5a00000, 0x00000000c5a00000| Untracked 
|  91|0x00000000c5b00000, 0x00000000c5b00000, 0x00000000c5c00000|  0%| F|  |TAMS 0x00000000c5b00000, 0x00000000c5b00000| Untracked 
|  92|0x00000000c5c00000, 0x00000000c5c00000, 0x00000000c5d00000|  0%| F|  |TAMS 0x00000000c5c00000, 0x00000000c5c00000| Untracked 
|  93|0x00000000c5d00000, 0x00000000c5d00000, 0x00000000c5e00000|  0%| F|  |TAMS 0x00000000c5d00000, 0x00000000c5d00000| Untracked 
|  94|0x00000000c5e00000, 0x00000000c5e00000, 0x00000000c5f00000|  0%| F|  |TAMS 0x00000000c5e00000, 0x00000000c5e00000| Untracked 
|  95|0x00000000c5f00000, 0x00000000c5f00000, 0x00000000c6000000|  0%| F|  |TAMS 0x00000000c5f00000, 0x00000000c5f00000| Untracked 
|  96|0x00000000c6000000, 0x00000000c6000000, 0x00000000c6100000|  0%| F|  |TAMS 0x00000000c6000000, 0x00000000c6000000| Untracked 
|  97|0x00000000c6100000, 0x00000000c6100000, 0x00000000c6200000|  0%| F|  |TAMS 0x00000000c6100000, 0x00000000c6100000| Untracked 
|  98|0x00000000c6200000, 0x00000000c6200000, 0x00000000c6300000|  0%| F|  |TAMS 0x00000000c6200000, 0x00000000c6200000| Untracked 
|  99|0x00000000c6300000, 0x00000000c6300000, 0x00000000c6400000|  0%| F|  |TAMS 0x00000000c6300000, 0x00000000c6300000| Untracked 
| 100|0x00000000c6400000, 0x00000000c6400000, 0x00000000c6500000|  0%| F|  |TAMS 0x00000000c6400000, 0x00000000c6400000| Untracked 
| 101|0x00000000c6500000, 0x00000000c6500000, 0x00000000c6600000|  0%| F|  |TAMS 0x00000000c6500000, 0x00000000c6500000| Untracked 
| 102|0x00000000c6600000, 0x00000000c6600000, 0x00000000c6700000|  0%| F|  |TAMS 0x00000000c6600000, 0x00000000c6600000| Untracked 
| 103|0x00000000c6700000, 0x00000000c6700000, 0x00000000c6800000|  0%| F|  |TAMS 0x00000000c6700000, 0x00000000c6700000| Untracked 
| 104|0x00000000c6800000, 0x00000000c6800000, 0x00000000c6900000|  0%| F|  |TAMS 0x00000000c6800000, 0x00000000c6800000| Untracked 
| 105|0x00000000c6900000, 0x00000000c6900000, 0x00000000c6a00000|  0%| F|  |TAMS 0x00000000c6900000, 0x00000000c6900000| Untracked 
| 106|0x00000000c6a00000, 0x00000000c6a00000, 0x00000000c6b00000|  0%| F|  |TAMS 0x00000000c6a00000, 0x00000000c6a00000| Untracked 
| 107|0x00000000c6b00000, 0x00000000c6ba4be0, 0x00000000c6c00000| 64%| S|CS|TAMS 0x00000000c6b00000, 0x00000000c6b00000| Complete 
| 108|0x00000000c6c00000, 0x00000000c6c00000, 0x00000000c6d00000|  0%| F|  |TAMS 0x00000000c6c00000, 0x00000000c6c00000| Untracked 
| 109|0x00000000c6d00000, 0x00000000c6d00000, 0x00000000c6e00000|  0%| F|  |TAMS 0x00000000c6d00000, 0x00000000c6d00000| Untracked 
| 110|0x00000000c6e00000, 0x00000000c6e00000, 0x00000000c6f00000|  0%| F|  |TAMS 0x00000000c6e00000, 0x00000000c6e00000| Untracked 
| 111|0x00000000c6f00000, 0x00000000c6f00000, 0x00000000c7000000|  0%| F|  |TAMS 0x00000000c6f00000, 0x00000000c6f00000| Untracked 
| 112|0x00000000c7000000, 0x00000000c7000000, 0x00000000c7100000|  0%| F|  |TAMS 0x00000000c7000000, 0x00000000c7000000| Untracked 
| 113|0x00000000c7100000, 0x00000000c7100000, 0x00000000c7200000|  0%| F|  |TAMS 0x00000000c7100000, 0x00000000c7100000| Untracked 
| 114|0x00000000c7200000, 0x00000000c7200000, 0x00000000c7300000|  0%| F|  |TAMS 0x00000000c7200000, 0x00000000c7200000| Untracked 
| 115|0x00000000c7300000, 0x00000000c7300000, 0x00000000c7400000|  0%| F|  |TAMS 0x00000000c7300000, 0x00000000c7300000| Untracked 
| 116|0x00000000c7400000, 0x00000000c7400000, 0x00000000c7500000|  0%| F|  |TAMS 0x00000000c7400000, 0x00000000c7400000| Untracked 
| 117|0x00000000c7500000, 0x00000000c7500000, 0x00000000c7600000|  0%| F|  |TAMS 0x00000000c7500000, 0x00000000c7500000| Untracked 
| 118|0x00000000c7600000, 0x00000000c7600000, 0x00000000c7700000|  0%| F|  |TAMS 0x00000000c7600000, 0x00000000c7600000| Untracked 
| 119|0x00000000c7700000, 0x00000000c7700000, 0x00000000c7800000|  0%| F|  |TAMS 0x00000000c7700000, 0x00000000c7700000| Untracked 
| 120|0x00000000c7800000, 0x00000000c7800000, 0x00000000c7900000|  0%| F|  |TAMS 0x00000000c7800000, 0x00000000c7800000| Untracked 
| 121|0x00000000c7900000, 0x00000000c7900000, 0x00000000c7a00000|  0%| F|  |TAMS 0x00000000c7900000, 0x00000000c7900000| Untracked 
| 122|0x00000000c7a00000, 0x00000000c7a00000, 0x00000000c7b00000|  0%| F|  |TAMS 0x00000000c7a00000, 0x00000000c7a00000| Untracked 
| 123|0x00000000c7b00000, 0x00000000c7b00000, 0x00000000c7c00000|  0%| F|  |TAMS 0x00000000c7b00000, 0x00000000c7b00000| Untracked 
| 124|0x00000000c7c00000, 0x00000000c7c00000, 0x00000000c7d00000|  0%| F|  |TAMS 0x00000000c7c00000, 0x00000000c7c00000| Untracked 
| 125|0x00000000c7d00000, 0x00000000c7d00000, 0x00000000c7e00000|  0%| F|  |TAMS 0x00000000c7d00000, 0x00000000c7d00000| Untracked 
| 126|0x00000000c7e00000, 0x00000000c7e00000, 0x00000000c7f00000|  0%| F|  |TAMS 0x00000000c7e00000, 0x00000000c7e00000| Untracked 
| 127|0x00000000c7f00000, 0x00000000c7f00000, 0x00000000c8000000|  0%| F|  |TAMS 0x00000000c7f00000, 0x00000000c7f00000| Untracked 
| 128|0x00000000c8000000, 0x00000000c8000000, 0x00000000c8100000|  0%| F|  |TAMS 0x00000000c8000000, 0x00000000c8000000| Untracked 
| 129|0x00000000c8100000, 0x00000000c8100000, 0x00000000c8200000|  0%| F|  |TAMS 0x00000000c8100000, 0x00000000c8100000| Untracked 
| 130|0x00000000c8200000, 0x00000000c8200000, 0x00000000c8300000|  0%| F|  |TAMS 0x00000000c8200000, 0x00000000c8200000| Untracked 
| 131|0x00000000c8300000, 0x00000000c8300000, 0x00000000c8400000|  0%| F|  |TAMS 0x00000000c8300000, 0x00000000c8300000| Untracked 
| 132|0x00000000c8400000, 0x00000000c8400000, 0x00000000c8500000|  0%| F|  |TAMS 0x00000000c8400000, 0x00000000c8400000| Untracked 
| 133|0x00000000c8500000, 0x00000000c8500000, 0x00000000c8600000|  0%| F|  |TAMS 0x00000000c8500000, 0x00000000c8500000| Untracked 
| 134|0x00000000c8600000, 0x00000000c8600000, 0x00000000c8700000|  0%| F|  |TAMS 0x00000000c8600000, 0x00000000c8600000| Untracked 
| 135|0x00000000c8700000, 0x00000000c8700000, 0x00000000c8800000|  0%| F|  |TAMS 0x00000000c8700000, 0x00000000c8700000| Untracked 
| 136|0x00000000c8800000, 0x00000000c8800000, 0x00000000c8900000|  0%| F|  |TAMS 0x00000000c8800000, 0x00000000c8800000| Untracked 
| 137|0x00000000c8900000, 0x00000000c8900000, 0x00000000c8a00000|  0%| F|  |TAMS 0x00000000c8900000, 0x00000000c8900000| Untracked 
| 138|0x00000000c8a00000, 0x00000000c8a00000, 0x00000000c8b00000|  0%| F|  |TAMS 0x00000000c8a00000, 0x00000000c8a00000| Untracked 
| 139|0x00000000c8b00000, 0x00000000c8b00000, 0x00000000c8c00000|  0%| F|  |TAMS 0x00000000c8b00000, 0x00000000c8b00000| Untracked 
| 140|0x00000000c8c00000, 0x00000000c8c00000, 0x00000000c8d00000|  0%| F|  |TAMS 0x00000000c8c00000, 0x00000000c8c00000| Untracked 
| 141|0x00000000c8d00000, 0x00000000c8d00000, 0x00000000c8e00000|  0%| F|  |TAMS 0x00000000c8d00000, 0x00000000c8d00000| Untracked 
| 142|0x00000000c8e00000, 0x00000000c8e00000, 0x00000000c8f00000|  0%| F|  |TAMS 0x00000000c8e00000, 0x00000000c8e00000| Untracked 
| 143|0x00000000c8f00000, 0x00000000c8f00000, 0x00000000c9000000|  0%| F|  |TAMS 0x00000000c8f00000, 0x00000000c8f00000| Untracked 
| 144|0x00000000c9000000, 0x00000000c9000000, 0x00000000c9100000|  0%| F|  |TAMS 0x00000000c9000000, 0x00000000c9000000| Untracked 
| 145|0x00000000c9100000, 0x00000000c9100000, 0x00000000c9200000|  0%| F|  |TAMS 0x00000000c9100000, 0x00000000c9100000| Untracked 
| 146|0x00000000c9200000, 0x00000000c9200000, 0x00000000c9300000|  0%| F|  |TAMS 0x00000000c9200000, 0x00000000c9200000| Untracked 
| 147|0x00000000c9300000, 0x00000000c9300000, 0x00000000c9400000|  0%| F|  |TAMS 0x00000000c9300000, 0x00000000c9300000| Untracked 
| 148|0x00000000c9400000, 0x00000000c9400000, 0x00000000c9500000|  0%| F|  |TAMS 0x00000000c9400000, 0x00000000c9400000| Untracked 
| 149|0x00000000c9500000, 0x00000000c9515b28, 0x00000000c9600000|  8%| E|  |TAMS 0x00000000c9500000, 0x00000000c9500000| Complete 
| 150|0x00000000c9600000, 0x00000000c9700000, 0x00000000c9700000|100%| E|CS|TAMS 0x00000000c9600000, 0x00000000c9600000| Complete 
| 151|0x00000000c9700000, 0x00000000c9800000, 0x00000000c9800000|100%| E|CS|TAMS 0x00000000c9700000, 0x00000000c9700000| Complete 
| 152|0x00000000c9800000, 0x00000000c9900000, 0x00000000c9900000|100%| E|CS|TAMS 0x00000000c9800000, 0x00000000c9800000| Complete 
| 153|0x00000000c9900000, 0x00000000c9a00000, 0x00000000c9a00000|100%| E|CS|TAMS 0x00000000c9900000, 0x00000000c9900000| Complete 
| 154|0x00000000c9a00000, 0x00000000c9b00000, 0x00000000c9b00000|100%| E|CS|TAMS 0x00000000c9a00000, 0x00000000c9a00000| Complete 
| 155|0x00000000c9b00000, 0x00000000c9c00000, 0x00000000c9c00000|100%| E|CS|TAMS 0x00000000c9b00000, 0x00000000c9b00000| Complete 
| 156|0x00000000c9c00000, 0x00000000c9d00000, 0x00000000c9d00000|100%| E|CS|TAMS 0x00000000c9c00000, 0x00000000c9c00000| Complete 
| 157|0x00000000c9d00000, 0x00000000c9e00000, 0x00000000c9e00000|100%| E|CS|TAMS 0x00000000c9d00000, 0x00000000c9d00000| Complete 
| 158|0x00000000c9e00000, 0x00000000c9f00000, 0x00000000c9f00000|100%| E|CS|TAMS 0x00000000c9e00000, 0x00000000c9e00000| Complete 
| 159|0x00000000c9f00000, 0x00000000ca000000, 0x00000000ca000000|100%| E|CS|TAMS 0x00000000c9f00000, 0x00000000c9f00000| Complete 
| 160|0x00000000ca000000, 0x00000000ca100000, 0x00000000ca100000|100%| E|CS|TAMS 0x00000000ca000000, 0x00000000ca000000| Complete 
| 161|0x00000000ca100000, 0x00000000ca200000, 0x00000000ca200000|100%| E|CS|TAMS 0x00000000ca100000, 0x00000000ca100000| Complete 
| 162|0x00000000ca200000, 0x00000000ca300000, 0x00000000ca300000|100%| E|CS|TAMS 0x00000000ca200000, 0x00000000ca200000| Complete 
| 163|0x00000000ca300000, 0x00000000ca400000, 0x00000000ca400000|100%| E|CS|TAMS 0x00000000ca300000, 0x00000000ca300000| Complete 
| 164|0x00000000ca400000, 0x00000000ca500000, 0x00000000ca500000|100%| E|CS|TAMS 0x00000000ca400000, 0x00000000ca400000| Complete 
| 165|0x00000000ca500000, 0x00000000ca600000, 0x00000000ca600000|100%| E|CS|TAMS 0x00000000ca500000, 0x00000000ca500000| Complete 
| 166|0x00000000ca600000, 0x00000000ca700000, 0x00000000ca700000|100%| E|CS|TAMS 0x00000000ca600000, 0x00000000ca600000| Complete 
| 167|0x00000000ca700000, 0x00000000ca800000, 0x00000000ca800000|100%| E|CS|TAMS 0x00000000ca700000, 0x00000000ca700000| Complete 
| 168|0x00000000ca800000, 0x00000000ca900000, 0x00000000ca900000|100%| E|CS|TAMS 0x00000000ca800000, 0x00000000ca800000| Complete 
| 169|0x00000000ca900000, 0x00000000caa00000, 0x00000000caa00000|100%| E|CS|TAMS 0x00000000ca900000, 0x00000000ca900000| Complete 
| 170|0x00000000caa00000, 0x00000000cab00000, 0x00000000cab00000|100%| E|CS|TAMS 0x00000000caa00000, 0x00000000caa00000| Complete 
| 171|0x00000000cab00000, 0x00000000cac00000, 0x00000000cac00000|100%| E|CS|TAMS 0x00000000cab00000, 0x00000000cab00000| Complete 
| 172|0x00000000cac00000, 0x00000000cad00000, 0x00000000cad00000|100%| E|CS|TAMS 0x00000000cac00000, 0x00000000cac00000| Complete 

Card table byte_map: [0x0000017c62570000,0x0000017c62770000] _byte_map_base: 0x0000017c61f70000

Marking Bits (Prev, Next): (CMBitMap*) 0x0000017c4b5470c0, (CMBitMap*) 0x0000017c4b547080
 Prev Bits: [0x0000017c63970000, 0x0000017c64970000)
 Next Bits: [0x0000017c62970000, 0x0000017c63970000)

Polling page: 0x0000017c49410000

Metaspace:

Usage:
  Non-class:     11.92 MB used.
      Class:    918.72 KB used.
       Both:     12.82 MB used.

Virtual space:
  Non-class space:       64.00 MB reserved,      12.00 MB ( 19%) committed,  1 nodes.
      Class space:        1.00 GB reserved,       1.00 MB ( <1%) committed,  1 nodes.
             Both:        1.06 GB reserved,      13.00 MB (  1%) committed. 

Chunk freelists:
   Non-Class:  3.72 MB
       Class:  14.91 MB
        Both:  18.63 MB

MaxMetaspaceSize: unlimited
CompressedClassSpaceSize: 1.00 GB
Initial GC threshold: 21.00 MB
Current GC threshold: 21.38 MB
CDS: on
MetaspaceReclaimPolicy: balanced
 - commit_granule_bytes: 65536.
 - commit_granule_words: 8192.
 - virtual_space_node_default_size: 8388608.
 - enlarge_chunks_in_place: 1.
 - new_chunks_are_fully_committed: 0.
 - uncommit_free_chunks: 1.
 - use_allocation_guard: 0.
 - handle_deallocations: 1.


Internal statistics:

num_allocs_failed_limit: 0.
num_arena_births: 106.
num_arena_deaths: 0.
num_vsnodes_births: 2.
num_vsnodes_deaths: 0.
num_space_committed: 204.
num_space_uncommitted: 0.
num_chunks_returned_to_freelist: 0.
num_chunks_taken_from_freelist: 390.
num_chunk_merges: 0.
num_chunk_splits: 307.
num_chunks_enlarged: 246.
num_inconsistent_stats: 0.

CodeHeap 'non-profiled nmethods': size=120000Kb used=902Kb max_used=902Kb free=119097Kb
 bounds [0x0000017c5ab00000, 0x0000017c5ad70000, 0x0000017c62030000]
CodeHeap 'profiled nmethods': size=120000Kb used=3220Kb max_used=3220Kb free=116779Kb
 bounds [0x0000017c53030000, 0x0000017c53360000, 0x0000017c5a560000]
CodeHeap 'non-nmethods': size=5760Kb used=1613Kb max_used=1646Kb free=4146Kb
 bounds [0x0000017c5a560000, 0x0000017c5a7d0000, 0x0000017c5ab00000]
 total_blobs=2678 nmethods=1740 adapters=851
 compilation: enabled
              stopped_count=0, restarted_count=0
 full_count=0

Compilation events (20 events):
Event: 20.715 Thread 0x0000017c673a51d0 1731       4       java.util.concurrent.ThreadPoolExecutor$Worker::unlock (7 bytes)
Event: 20.717 Thread 0x0000017c673a51d0 nmethod 1731 0x0000017c5abdd290 code [0x0000017c5abdd420, 0x0000017c5abdd5c8]
Event: 21.234 Thread 0x0000017c673a51d0 1732       4       processing.opengl.PShader::draw (42 bytes)
Event: 21.245 Thread 0x0000017c673a51d0 nmethod 1732 0x0000017c5abdd790 code [0x0000017c5abdd9a0, 0x0000017c5abde768]
Event: 21.245 Thread 0x0000017c673a51d0 1733       4       processing.opengl.PGL::drawElements (20 bytes)
Event: 21.250 Thread 0x0000017c673a51d0 nmethod 1733 0x0000017c5abdf510 code [0x0000017c5abdf6c0, 0x0000017c5abdfae8]
Event: 21.250 Thread 0x0000017c673a51d0 1734       4       processing.opengl.PJOGL::drawElementsImpl (16 bytes)
Event: 21.256 Thread 0x0000017c673a51d0 nmethod 1734 0x0000017c5abe0090 code [0x0000017c5abe0240, 0x0000017c5abe0608]
Event: 21.257 Thread 0x0000017c673a51d0 1735       4       jogamp.opengl.gl4.GL4bcImpl::glDrawElements (57 bytes)
Event: 21.259 Thread 0x0000017c673a51d0 nmethod 1735 0x0000017c5abe0b10 code [0x0000017c5abe0ca0, 0x0000017c5abe1048]
Event: 21.412 Thread 0x0000017c673adc20 1736       1       processing.event.Event::getFlavor (5 bytes)
Event: 21.412 Thread 0x0000017c673adc20 nmethod 1736 0x0000017c5abe1410 code [0x0000017c5abe15a0, 0x0000017c5abe1678]
Event: 21.865 Thread 0x0000017c673a51d0 1737       4       jogamp.common.util.locks.RecursiveLockImpl01Unfairish$SingleThreadSync::decrHoldCount (11 bytes)
Event: 21.866 Thread 0x0000017c673a51d0 nmethod 1737 0x0000017c5abe1710 code [0x0000017c5abe1880, 0x0000017c5abe18f8]
Event: 22.988 Thread 0x0000017c673adc20 1738       3       java.lang.AbstractStringBuilder::append (55 bytes)
Event: 22.989 Thread 0x0000017c673adc20 nmethod 1738 0x0000017c53354490 code [0x0000017c53354660, 0x0000017c53354998]
Event: 23.027 Thread 0x0000017c673adc20 1739       3       jdk.internal.misc.Unsafe::getAndAddLong (27 bytes)
Event: 23.027 Thread 0x0000017c673adc20 nmethod 1739 0x0000017c53354b10 code [0x0000017c53354cc0, 0x0000017c53354f08]
Event: 23.027 Thread 0x0000017c673adc20 1740       3       jdk.internal.misc.Unsafe::weakCompareAndSetLong (11 bytes)
Event: 23.027 Thread 0x0000017c673adc20 nmethod 1740 0x0000017c53355010 code [0x0000017c533551a0, 0x0000017c533552d8]

GC Heap History (20 events):
Event: 14.353 GC heap before
{Heap before GC invocations=34 (full 0):
 garbage-first heap   total 147456K, used 126344K [0x00000000c0000000, 0x0000000100000000)
  region size 1024K, 42 young (43008K), 2 survivors (2048K)
 Metaspace       used 12914K, committed 13120K, reserved 1114112K
  class space    used 914K, committed 1024K, reserved 1048576K
}
Event: 14.355 GC heap after
{Heap after GC invocations=35 (full 0):
 garbage-first heap   total 147456K, used 86676K [0x00000000c0000000, 0x0000000100000000)
  region size 1024K, 3 young (3072K), 3 survivors (3072K)
 Metaspace       used 12914K, committed 13120K, reserved 1114112K
  class space    used 914K, committed 1024K, reserved 1048576K
}
Event: 15.025 GC heap before
{Heap before GC invocations=36 (full 0):
 garbage-first heap   total 147456K, used 125588K [0x00000000c0000000, 0x0000000100000000)
  region size 1024K, 41 young (41984K), 3 survivors (3072K)
 Metaspace       used 12921K, committed 13120K, reserved 1114112K
  class space    used 914K, committed 1024K, reserved 1048576K
}
Event: 15.027 GC heap after
{Heap after GC invocations=37 (full 0):
 garbage-first heap   total 147456K, used 86041K [0x00000000c0000000, 0x0000000100000000)
  region size 1024K, 3 young (3072K), 3 survivors (3072K)
 Metaspace       used 12921K, committed 13120K, reserved 1114112K
  class space    used 914K, committed 1024K, reserved 1048576K
}
Event: 15.744 GC heap before
{Heap before GC invocations=37 (full 0):
 garbage-first heap   total 147456K, used 124953K [0x00000000c0000000, 0x0000000100000000)
  region size 1024K, 41 young (41984K), 3 survivors (3072K)
 Metaspace       used 12921K, committed 13120K, reserved 1114112K
  class space    used 914K, committed 1024K, reserved 1048576K
}
Event: 15.745 GC heap after
{Heap after GC invocations=38 (full 0):
 garbage-first heap   total 147456K, used 85456K [0x00000000c0000000, 0x0000000100000000)
  region size 1024K, 2 young (2048K), 2 survivors (2048K)
 Metaspace       used 12921K, committed 13120K, reserved 1114112K
  class space    used 914K, committed 1024K, reserved 1048576K
}
Event: 16.425 GC heap before
{Heap before GC invocations=39 (full 0):
 garbage-first heap   total 147456K, used 125392K [0x00000000c0000000, 0x0000000100000000)
  region size 1024K, 41 young (41984K), 2 survivors (2048K)
 Metaspace       used 12928K, committed 13120K, reserved 1114112K
  class space    used 914K, committed 1024K, reserved 1048576K
}
Event: 16.427 GC heap after
{Heap after GC invocations=40 (full 0):
 garbage-first heap   total 147456K, used 85765K [0x00000000c0000000, 0x0000000100000000)
  region size 1024K, 3 young (3072K), 3 survivors (3072K)
 Metaspace       used 12928K, committed 13120K, reserved 1114112K
  class space    used 914K, committed 1024K, reserved 1048576K
}
Event: 17.103 GC heap before
{Heap before GC invocations=40 (full 0):
 garbage-first heap   total 147456K, used 125701K [0x00000000c0000000, 0x0000000100000000)
  region size 1024K, 42 young (43008K), 3 survivors (3072K)
 Metaspace       used 13054K, committed 13248K, reserved 1114112K
  class space    used 914K, committed 1024K, reserved 1048576K
}
Event: 17.105 GC heap after
{Heap after GC invocations=41 (full 0):
 garbage-first heap   total 147456K, used 86064K [0x00000000c0000000, 0x0000000100000000)
  region size 1024K, 3 young (3072K), 3 survivors (3072K)
 Metaspace       used 13054K, committed 13248K, reserved 1114112K
  class space    used 914K, committed 1024K, reserved 1048576K
}
Event: 17.772 GC heap before
{Heap before GC invocations=42 (full 0):
 garbage-first heap   total 147456K, used 124976K [0x00000000c0000000, 0x0000000100000000)
  region size 1024K, 41 young (41984K), 3 survivors (3072K)
 Metaspace       used 13081K, committed 13248K, reserved 1114112K
  class space    used 914K, committed 1024K, reserved 1048576K
}
Event: 17.773 GC heap after
{Heap after GC invocations=43 (full 0):
 garbage-first heap   total 177152K, used 85612K [0x00000000c0000000, 0x0000000100000000)
  region size 1024K, 2 young (2048K), 2 survivors (2048K)
 Metaspace       used 13081K, committed 13248K, reserved 1114112K
  class space    used 914K, committed 1024K, reserved 1048576K
}
Event: 18.948 GC heap before
{Heap before GC invocations=43 (full 0):
 garbage-first heap   total 177152K, used 153196K [0x00000000c0000000, 0x0000000100000000)
  region size 1024K, 68 young (69632K), 2 survivors (2048K)
 Metaspace       used 13082K, committed 13248K, reserved 1114112K
  class space    used 914K, committed 1024K, reserved 1048576K
}
Event: 18.949 GC heap after
{Heap after GC invocations=44 (full 0):
 garbage-first heap   total 177152K, used 84162K [0x00000000c0000000, 0x0000000100000000)
  region size 1024K, 1 young (1024K), 1 survivors (1024K)
 Metaspace       used 13082K, committed 13248K, reserved 1114112K
  class space    used 914K, committed 1024K, reserved 1048576K
}
Event: 20.122 GC heap before
{Heap before GC invocations=45 (full 0):
 garbage-first heap   total 177152K, used 152770K [0x00000000c0000000, 0x0000000100000000)
  region size 1024K, 68 young (69632K), 1 survivors (1024K)
 Metaspace       used 13082K, committed 13248K, reserved 1114112K
  class space    used 914K, committed 1024K, reserved 1048576K
}
Event: 20.123 GC heap after
{Heap after GC invocations=46 (full 0):
 garbage-first heap   total 177152K, used 83799K [0x00000000c0000000, 0x0000000100000000)
  region size 1024K, 1 young (1024K), 1 survivors (1024K)
 Metaspace       used 13082K, committed 13248K, reserved 1114112K
  class space    used 914K, committed 1024K, reserved 1048576K
}
Event: 21.424 GC heap before
{Heap before GC invocations=46 (full 0):
 garbage-first heap   total 177152K, used 153431K [0x00000000c0000000, 0x0000000100000000)
  region size 1024K, 69 young (70656K), 1 survivors (1024K)
 Metaspace       used 13082K, committed 13248K, reserved 1114112K
  class space    used 914K, committed 1024K, reserved 1048576K
}
Event: 21.426 GC heap after
{Heap after GC invocations=47 (full 0):
 garbage-first heap   total 177152K, used 86520K [0x00000000c0000000, 0x0000000100000000)
  region size 1024K, 3 young (3072K), 3 survivors (3072K)
 Metaspace       used 13082K, committed 13248K, reserved 1114112K
  class space    used 914K, committed 1024K, reserved 1048576K
}
Event: 22.594 GC heap before
{Heap before GC invocations=48 (full 0):
 garbage-first heap   total 177152K, used 153080K [0x00000000c0000000, 0x0000000100000000)
  region size 1024K, 68 young (69632K), 3 survivors (3072K)
 Metaspace       used 13082K, committed 13248K, reserved 1114112K
  class space    used 914K, committed 1024K, reserved 1048576K
}
Event: 22.595 GC heap after
{Heap after GC invocations=49 (full 0):
 garbage-first heap   total 177152K, used 84299K [0x00000000c0000000, 0x0000000100000000)
  region size 1024K, 1 young (1024K), 1 survivors (1024K)
 Metaspace       used 13082K, committed 13248K, reserved 1114112K
  class space    used 914K, committed 1024K, reserved 1048576K
}

Dll operation events (14 events):
Event: 0.014 Loaded shared library C:\Program Files\Processing\app\resources\jdk-17.0.14+7\bin\java.dll
Event: 0.031 Loaded shared library C:\Program Files\Processing\app\resources\jdk-17.0.14+7\bin\jsvml.dll
Event: 0.191 Loaded shared library C:\Program Files\Processing\app\resources\jdk-17.0.14+7\bin\net.dll
Event: 0.193 Loaded shared library C:\Program Files\Processing\app\resources\jdk-17.0.14+7\bin\nio.dll
Event: 0.202 Loaded shared library C:\Program Files\Processing\app\resources\jdk-17.0.14+7\bin\zip.dll
Event: 0.268 Loaded shared library C:\Program Files\Processing\app\resources\jdk-17.0.14+7\bin\jimage.dll
Event: 0.272 Loaded shared library C:\Program Files\Processing\app\resources\jdk-17.0.14+7\bin\awt.dll
Event: 0.704 Loaded shared library C:\Users\danil\AppData\Local\Temp\jogamp_0000\file_cache\jln14974281413017705512\jln10278917700798117696\natives\windows-amd64\gluegen_rt.dll
Event: 0.712 Loaded shared library C:\Program Files\Processing\app\resources\jdk-17.0.14+7\bin\jawt.dll
Event: 0.726 Loaded shared library C:\Users\danil\AppData\Local\Temp\jogamp_0000\file_cache\jln14974281413017705512\jln10278917700798117696\natives\windows-amd64\nativewindow_awt.dll
Event: 0.768 Loaded shared library C:\Users\danil\AppData\Local\Temp\jogamp_0000\file_cache\jln14974281413017705512\jln10278917700798117696\natives\windows-amd64\nativewindow_win32.dll
Event: 0.888 Loaded shared library C:\Users\danil\AppData\Local\Temp\jogamp_0000\file_cache\jln14974281413017705512\jln10278917700798117696\natives\windows-amd64\jogl_desktop.dll
Event: 1.147 Loaded shared library C:\Users\danil\AppData\Local\Temp\jogamp_0000\file_cache\jln14974281413017705512\jln10278917700798117696\natives\windows-amd64\jogl_mobile.dll
Event: 2.048 Loaded shared library C:\Users\danil\AppData\Local\Temp\jogamp_0000\file_cache\jln14974281413017705512\jln10278917700798117696\natives\windows-amd64\newt_head.dll

Deoptimization events (20 events):
Event: 22.878 Thread 0x0000017c6dc49160 DEOPT PACKING pc=0x0000017c5330a3c1 sp=0x00000054028fed70
Event: 22.878 Thread 0x0000017c6dc49160 DEOPT UNPACKING pc=0x0000017c5a5bace3 sp=0x00000054028fe260 mode 1
Event: 22.879 Thread 0x0000017c6dc49160 DEOPT PACKING pc=0x0000017c53307d74 sp=0x00000054028fee00
Event: 22.879 Thread 0x0000017c6dc49160 DEOPT UNPACKING pc=0x0000017c5a5bace3 sp=0x00000054028fe2a8 mode 1
Event: 22.879 Thread 0x0000017c6dc49160 DEOPT PACKING pc=0x0000017c5330a3c1 sp=0x00000054028fedf0
Event: 22.879 Thread 0x0000017c6dc49160 DEOPT UNPACKING pc=0x0000017c5a5bace3 sp=0x00000054028fe2e0 mode 1
Event: 22.879 Thread 0x0000017c6dc49160 DEOPT PACKING pc=0x0000017c53307d74 sp=0x00000054028fee80
Event: 22.879 Thread 0x0000017c6dc49160 DEOPT UNPACKING pc=0x0000017c5a5bace3 sp=0x00000054028fe338 mode 1
Event: 22.933 Thread 0x0000017c6dc49160 DEOPT PACKING pc=0x0000017c5330a3c1 sp=0x00000054028fed70
Event: 22.933 Thread 0x0000017c6dc49160 DEOPT UNPACKING pc=0x0000017c5a5bace3 sp=0x00000054028fe260 mode 1
Event: 22.933 Thread 0x0000017c6dc49160 DEOPT PACKING pc=0x0000017c53307d74 sp=0x00000054028fee00
Event: 22.933 Thread 0x0000017c6dc49160 DEOPT UNPACKING pc=0x0000017c5a5bace3 sp=0x00000054028fe2a8 mode 1
Event: 22.933 Thread 0x0000017c6dc49160 DEOPT PACKING pc=0x0000017c5330a3c1 sp=0x00000054028fedf0
Event: 22.933 Thread 0x0000017c6dc49160 DEOPT UNPACKING pc=0x0000017c5a5bace3 sp=0x00000054028fe2e0 mode 1
Event: 22.933 Thread 0x0000017c6dc49160 DEOPT PACKING pc=0x0000017c53307d74 sp=0x00000054028fee80
Event: 22.933 Thread 0x0000017c6dc49160 DEOPT UNPACKING pc=0x0000017c5a5bace3 sp=0x00000054028fe338 mode 1
Event: 23.022 Thread 0x0000017c6c73b250 Uncommon trap: trap_request=0xffffff45 fr.pc=0x0000017c5abb6cf0 relative=0x00000000000000f0
Event: 23.022 Thread 0x0000017c6c73b250 Uncommon trap: reason=unstable_if action=reinterpret pc=0x0000017c5abb6cf0 method=com.jogamp.common.util.IntIntHashMap.put(II)I @ 21 c2
Event: 23.022 Thread 0x0000017c6c73b250 DEOPT PACKING pc=0x0000017c5abb6cf0 sp=0x0000005401bfee70
Event: 23.022 Thread 0x0000017c6c73b250 DEOPT UNPACKING pc=0x0000017c5a5ba1a3 sp=0x0000005401bfedd8 mode 2

Classes loaded (20 events):
Event: 2.305 Loading class java/util/concurrent/Callable done
Event: 2.305 Loading class java/util/concurrent/Executors$RunnableAdapter done
Event: 2.305 Loading class java/util/concurrent/ThreadPoolExecutor$Worker
Event: 2.305 Loading class java/util/concurrent/ThreadPoolExecutor$Worker done
Event: 2.307 Loading class java/util/concurrent/locks/AbstractQueuedSynchronizer$SharedNode
Event: 2.307 Loading class java/util/concurrent/locks/AbstractQueuedSynchronizer$SharedNode done
Event: 2.468 Loading class sun/nio/cs/StreamDecoder
Event: 2.468 Loading class sun/nio/cs/StreamDecoder done
Event: 2.469 Loading class java/util/regex/Pattern$LookBehindEndNode
Event: 2.469 Loading class java/util/regex/Pattern$LookBehindEndNode done
Event: 2.469 Loading class java/util/regex/Pattern$NotBehind
Event: 2.469 Loading class java/util/regex/Pattern$NotBehind done
Event: 2.469 Loading class java/util/regex/Pattern$Neg
Event: 2.469 Loading class java/util/regex/Pattern$Neg done
Event: 2.470 Loading class java/util/regex/Pattern$Pos
Event: 2.470 Loading class java/util/regex/Pattern$Pos done
Event: 2.480 Loading class java/util/regex/Pattern$SliceS
Event: 2.480 Loading class java/util/regex/Pattern$SliceS done
Event: 22.988 Loading class java/nio/channels/ClosedChannelException
Event: 22.988 Loading class java/nio/channels/ClosedChannelException done

Classes unloaded (0 events):
No events

Classes redefined (0 events):
No events

Internal exceptions (20 events):
Event: 0.253 Thread 0x0000017c4b4faea0 Exception <a 'java/lang/NoSuchMethodError'{0x00000000c3ce7da8}: 'void java.lang.invoke.DirectMethodHandle$Holder.invokeStatic(java.lang.Object, java.lang.Object, java.lang.Object)'> (0x00000000c3ce7da8) 
thrown [s\src\hotspot\share\interpreter\linkResolver.cpp, line 759]
Event: 0.261 Thread 0x0000017c4b4faea0 Exception <a 'java/lang/ClassNotFoundException'{0x00000000c3b106f8}: sun/awt/resources/spi/awtProvider> (0x00000000c3b106f8) 
thrown [s\src\hotspot\share\classfile\systemDictionary.cpp, line 256]
Event: 0.283 Thread 0x0000017c4b4faea0 Exception <a 'java/io/FileNotFoundException'{0x00000000c3b66038}> (0x00000000c3b66038) 
thrown [s\src\hotspot\share\prims\jni.cpp, line 516]
Event: 0.290 Thread 0x0000017c4b4faea0 Exception <a 'java/io/FileNotFoundException'{0x00000000c3b93748}> (0x00000000c3b93748) 
thrown [s\src\hotspot\share\prims\jni.cpp, line 516]
Event: 0.334 Thread 0x0000017c4b4faea0 Exception <a 'java/lang/NoSuchMethodError'{0x00000000c3a40798}: 'java.lang.Object java.lang.invoke.DirectMethodHandle$Holder.invokeStaticInit(java.lang.Object)'> (0x00000000c3a40798) 
thrown [s\src\hotspot\share\interpreter\linkResolver.cpp, line 759]
Event: 0.453 Thread 0x0000017c4b4faea0 Exception <a 'java/lang/NoSuchMethodError'{0x00000000c364ddf0}: 'java.lang.Object java.lang.invoke.DirectMethodHandle$Holder.invokeStaticInit(java.lang.Object, int, int, int, int)'> (0x00000000c364ddf0) 
thrown [s\src\hotspot\share\interpreter\linkResolver.cpp, line 759]
Event: 0.503 Thread 0x0000017c4b4faea0 Exception <a 'java/lang/NoSuchMethodError'{0x00000000c3537200}: 'java.lang.Object java.lang.invoke.DirectMethodHandle$Holder.invokeStaticInit(java.lang.Object, java.lang.Object, int, int, int, int)'> (0x00000000c3537200) 
thrown [s\src\hotspot\share\interpreter\linkResolver.cpp, line 759]
Event: 0.553 Thread 0x0000017c4b4faea0 Exception <a 'java/lang/NoSuchMethodError'{0x00000000c3542950}: 'void java.lang.invoke.DirectMethodHandle$Holder.invokeStatic(java.lang.Object, long)'> (0x00000000c3542950) 
thrown [s\src\hotspot\share\interpreter\linkResolver.cpp, line 759]
Event: 0.554 Thread 0x0000017c4b4faea0 Exception <a 'java/lang/NoSuchMethodError'{0x00000000c3547f30}: 'java.lang.Object java.lang.invoke.DirectMethodHandle$Holder.newInvokeSpecial(java.lang.Object, long)'> (0x00000000c3547f30) 
thrown [s\src\hotspot\share\interpreter\linkResolver.cpp, line 759]
Event: 0.557 Thread 0x0000017c4b4faea0 Exception <a 'java/lang/NoSuchMethodError'{0x00000000c3552748}: 'java.lang.Object java.lang.invoke.DirectMethodHandle$Holder.invokeStaticInit(java.lang.Object, java.lang.Object, long, java.lang.Object)'> (0x00000000c3552748) 
thrown [s\src\hotspot\share\interpreter\linkResolver.cpp, line 759]
Event: 0.558 Thread 0x0000017c4b4faea0 Exception <a 'java/lang/NoSuchMethodError'{0x00000000c3558d08}: 'java.lang.Object java.lang.invoke.DirectMethodHandle$Holder.newInvokeSpecial(java.lang.Object, java.lang.Object, long)'> (0x00000000c3558d08) 
thrown [s\src\hotspot\share\interpreter\linkResolver.cpp, line 759]
Event: 0.559 Thread 0x0000017c4b4faea0 Exception <a 'java/lang/NoSuchMethodError'{0x00000000c355c878}: 'java.lang.Object java.lang.invoke.Invokers$Holder.linkToTargetMethod(java.lang.Object, long, java.lang.Object)'> (0x00000000c355c878) 
thrown [s\src\hotspot\share\interpreter\linkResolver.cpp, line 759]
Event: 0.740 Thread 0x0000017c4b4faea0 Exception <a 'java/lang/NoSuchMethodError'{0x00000000c34cdf20}: 'java.lang.Object java.lang.invoke.DirectMethodHandle$Holder.invokeInterface(java.lang.Object, java.lang.Object)'> (0x00000000c34cdf20) 
thrown [s\src\hotspot\share\interpreter\linkResolver.cpp, line 759]
Event: 0.740 Thread 0x0000017c4b4faea0 Exception <a 'java/lang/IncompatibleClassChangeError'{0x00000000c34d1840}: Found class java.lang.Object, but interface was expected> (0x00000000c34d1840) 
thrown [s\src\hotspot\share\interpreter\linkResolver.cpp, line 826]
Event: 2.156 Thread 0x0000017c4b4faea0 Exception <a 'java/lang/NoSuchMethodError'{0x00000000c33f5030}: 'void java.lang.invoke.DirectMethodHandle$Holder.invokeSpecial(java.lang.Object, java.lang.Object, java.lang.Object, java.lang.Object, java.lang.Object)'> (0x00000000c33f5030) 
thrown [s\src\hotspot\share\interpreter\linkResolver.cpp, line 759]
Event: 2.157 Thread 0x0000017c4b4faea0 Exception <a 'java/lang/NoSuchMethodError'{0x00000000c33fdff0}: 'void java.lang.invoke.DirectMethodHandle$Holder.invokeSpecial(java.lang.Object, java.lang.Object, java.lang.Object)'> (0x00000000c33fdff0) 
thrown [s\src\hotspot\share\interpreter\linkResolver.cpp, line 759]
Event: 2.158 Thread 0x0000017c4b4faea0 Exception <a 'java/lang/NoSuchMethodError'{0x00000000c3204570}: 'void java.lang.invoke.DirectMethodHandle$Holder.invokeSpecial(java.lang.Object, java.lang.Object, int)'> (0x00000000c3204570) 
thrown [s\src\hotspot\share\interpreter\linkResolver.cpp, line 759]
Event: 2.159 Thread 0x0000017c4b4faea0 Exception <a 'java/lang/NoSuchMethodError'{0x00000000c320a588}: 'java.lang.Object java.lang.invoke.DirectMethodHandle$Holder.newInvokeSpecial(java.lang.Object, java.lang.Object, int)'> (0x00000000c320a588) 
thrown [s\src\hotspot\share\interpreter\linkResolver.cpp, line 759]
Event: 22.987 Thread 0x0000017c6d681ad0 Exception <a 'java/lang/InterruptedException'{0x00000000c9600e70}> (0x00000000c9600e70) 
thrown [s\src\hotspot\share\runtime\objectMonitor.cpp, line 1658]
Event: 23.022 Thread 0x0000017c6c73b250 Implicit null exception at 0x0000017c5abb6c44 to 0x0000017c5abb6ccc

VM Operations (20 events):
Event: 17.119 Executing VM operation: G1PauseCleanup done
Event: 17.772 Executing VM operation: G1CollectForAllocation
Event: 17.773 Executing VM operation: G1CollectForAllocation done
Event: 18.948 Executing VM operation: G1CollectForAllocation
Event: 18.949 Executing VM operation: G1CollectForAllocation done
Event: 18.959 Executing VM operation: G1PauseRemark
Event: 18.960 Executing VM operation: G1PauseRemark done
Event: 18.962 Executing VM operation: G1PauseCleanup
Event: 18.963 Executing VM operation: G1PauseCleanup done
Event: 20.122 Executing VM operation: G1CollectForAllocation
Event: 20.123 Executing VM operation: G1CollectForAllocation done
Event: 21.424 Executing VM operation: G1CollectForAllocation
Event: 21.426 Executing VM operation: G1CollectForAllocation done
Event: 21.435 Executing VM operation: G1PauseRemark
Event: 21.436 Executing VM operation: G1PauseRemark done
Event: 21.440 Executing VM operation: G1PauseCleanup
Event: 21.440 Executing VM operation: G1PauseCleanup done
Event: 22.594 Executing VM operation: G1CollectForAllocation
Event: 22.595 Executing VM operation: G1CollectForAllocation done
Event: 23.090 Executing VM operation: Exit

Memory protections (0 events):
No events

Nmethod flushes (0 events):
No events

Events (20 events):
Event: 2.915 Thread 0x0000017c6dc7f250 Thread exited: 0x0000017c6dc7f250
Event: 3.705 Thread 0x0000017c6c065530 Thread added: 0x0000017c7e3b4fe0
Event: 4.721 Thread 0x0000017c7e3b4fe0 Thread exited: 0x0000017c7e3b4fe0
Event: 11.922 Thread 0x0000017c6c065530 Thread added: 0x0000017c7e3b4fe0
Event: 12.929 Thread 0x0000017c7e3b4fe0 Thread exited: 0x0000017c7e3b4fe0
Event: 20.141 Thread 0x0000017c6c065530 Thread added: 0x0000017c7e3b4fe0
Event: 21.148 Thread 0x0000017c7e3b4fe0 Thread exited: 0x0000017c7e3b4fe0
Event: 22.987 Thread 0x0000017c6dc49160 Thread added: 0x0000017c7e3b4fe0
Event: 22.987 Thread 0x0000017c6dc49160 Thread added: 0x0000017c7e3b54f0
Event: 22.987 Thread 0x0000017c6d681ad0 Thread exited: 0x0000017c6d681ad0
Event: 22.987 Thread 0x0000017c6dc49160 Thread added: 0x0000017c7e3b2250
Event: 22.988 Thread 0x0000017c6c065530 Thread added: 0x0000017c7e3b7350
Event: 22.989 Thread 0x0000017c6d979650 Thread exited: 0x0000017c6d979650
Event: 22.989 Thread 0x0000017c7e3b2250 Thread exited: 0x0000017c7e3b2250
Event: 22.991 Thread 0x0000017c6c065530 Thread exited: 0x0000017c6c065530
Event: 23.023 Thread 0x0000017c6c73b250 Thread exited: 0x0000017c6c73b250
Event: 23.027 Thread 0x0000017c7e3b4fe0 Thread exited: 0x0000017c7e3b4fe0
Event: 23.089 Thread 0x0000017c7e3b54f0 Thread exited: 0x0000017c7e3b54f0
Event: 23.089 Thread 0x0000017c6dc49160 Before exit entered
Event: 23.090 Thread 0x0000017c6739dd90 Thread exited: 0x0000017c6739dd90


Dynamic libraries:
0x00007ff705240000 - 0x00007ff70524e000 	C:\Program Files\Processing\app\resources\jdk-17.0.14+7\bin\java.exe
0x00007ffe8d7a0000 - 0x00007ffe8da07000 	C:\WINDOWS\SYSTEM32\ntdll.dll
0x00007ffe8bad0000 - 0x00007ffe8bb99000 	C:\WINDOWS\System32\KERNEL32.DLL
0x00007ffe8afe0000 - 0x00007ffe8b3d7000 	C:\WINDOWS\System32\KERNELBASE.dll
0x00007ffe8ac60000 - 0x00007ffe8adab000 	C:\WINDOWS\System32\ucrtbase.dll
0x00007ffe85b00000 - 0x00007ffe85b17000 	C:\Program Files\Processing\app\resources\jdk-17.0.14+7\bin\jli.dll
0x00007ffe85b20000 - 0x00007ffe85b3e000 	C:\Program Files\Processing\app\resources\jdk-17.0.14+7\bin\VCRUNTIME140.dll
0x00007ffe8b720000 - 0x00007ffe8b8e6000 	C:\WINDOWS\System32\USER32.dll
0x00007ffe73250000 - 0x00007ffe734e2000 	C:\WINDOWS\WinSxS\amd64_microsoft.windows.common-controls_6595b64144ccf1df_6.0.26100.8457_none_3e0b2faee331e92d\COMCTL32.dll
0x00007ffe8a290000 - 0x00007ffe8a2b7000 	C:\WINDOWS\System32\win32u.dll
0x00007ffe8b960000 - 0x00007ffe8ba09000 	C:\WINDOWS\System32\msvcrt.dll
0x00007ffe8d080000 - 0x00007ffe8d0ab000 	C:\WINDOWS\System32\GDI32.dll
0x00007ffe8a2c0000 - 0x00007ffe8a3ec000 	C:\WINDOWS\System32\gdi32full.dll
0x00007ffe8b470000 - 0x00007ffe8b513000 	C:\WINDOWS\System32\msvcp_win.dll
0x00007ffe8d720000 - 0x00007ffe8d752000 	C:\WINDOWS\System32\IMM32.DLL
0x00007ffe85af0000 - 0x00007ffe85afc000 	C:\Program Files\Processing\app\resources\jdk-17.0.14+7\bin\vcruntime140_1.dll
0x00007ffe5df60000 - 0x00007ffe5dfed000 	C:\Program Files\Processing\app\resources\jdk-17.0.14+7\bin\msvcp140.dll
0x00007ffdd9cd0000 - 0x00007ffdda93b000 	C:\Program Files\Processing\app\resources\jdk-17.0.14+7\bin\server\jvm.dll
0x00007ffe8ba10000 - 0x00007ffe8bac6000 	C:\WINDOWS\System32\ADVAPI32.dll
0x00007ffe8d0f0000 - 0x00007ffe8d197000 	C:\WINDOWS\System32\sechost.dll
0x00007ffe8b520000 - 0x00007ffe8b638000 	C:\WINDOWS\System32\RPCRT4.dll
0x00007ffe8b640000 - 0x00007ffe8b6c0000 	C:\WINDOWS\System32\WS2_32.dll
0x00007ffe810b0000 - 0x00007ffe810bb000 	C:\WINDOWS\SYSTEM32\VERSION.dll
0x00007ffe8a030000 - 0x00007ffe8a08e000 	C:\WINDOWS\SYSTEM32\POWRPROF.dll
0x00007ffe73640000 - 0x00007ffe73676000 	C:\WINDOWS\SYSTEM32\WINMM.dll
0x00007ffe8a010000 - 0x00007ffe8a024000 	C:\WINDOWS\SYSTEM32\UMPDC.dll
0x00007ffe88f60000 - 0x00007ffe88f7b000 	C:\WINDOWS\SYSTEM32\kernel.appcore.dll
0x00007ffe85ae0000 - 0x00007ffe85aea000 	C:\Program Files\Processing\app\resources\jdk-17.0.14+7\bin\jimage.dll
0x00007ffe74060000 - 0x00007ffe742a2000 	C:\WINDOWS\SYSTEM32\DBGHELP.DLL
0x00007ffe8d390000 - 0x00007ffe8d713000 	C:\WINDOWS\System32\combase.dll
0x00007ffe8c8d0000 - 0x00007ffe8c9a9000 	C:\WINDOWS\System32\OLEAUT32.dll
0x00007ffe7b860000 - 0x00007ffe7b89b000 	C:\WINDOWS\SYSTEM32\dbgcore.DLL
0x00007ffe8adb0000 - 0x00007ffe8ae58000 	C:\WINDOWS\System32\bcryptPrimitives.dll
0x00007ffe5e4e0000 - 0x00007ffe5e51b000 	C:\Program Files\Processing\app\resources\jdk-17.0.14+7\bin\jdwp.dll
0x00007ffe79240000 - 0x00007ffe79265000 	C:\Program Files\Processing\app\resources\jdk-17.0.14+7\bin\java.dll
0x00007ffe59bc0000 - 0x00007ffe59c97000 	C:\Program Files\Processing\app\resources\jdk-17.0.14+7\bin\jsvml.dll
0x00007ffe8bca0000 - 0x00007ffe8c40e000 	C:\WINDOWS\System32\SHELL32.dll
0x00007ffe8a3f0000 - 0x00007ffe8ac5c000 	C:\WINDOWS\System32\windows.storage.dll
0x00007ffe8bba0000 - 0x00007ffe8bc96000 	C:\WINDOWS\System32\SHCORE.dll
0x00007ffe8b8f0000 - 0x00007ffe8b956000 	C:\WINDOWS\System32\shlwapi.dll
0x00007ffe8a0f0000 - 0x00007ffe8a119000 	C:\WINDOWS\SYSTEM32\profapi.dll
0x00007ffe85ad0000 - 0x00007ffe85adc000 	C:\Program Files\Processing\app\resources\jdk-17.0.14+7\bin\dt_socket.dll
0x00007ffe889a0000 - 0x00007ffe889d2000 	C:\WINDOWS\SYSTEM32\IPHLPAPI.DLL
0x00007ffe894d0000 - 0x00007ffe8953c000 	C:\WINDOWS\system32\mswsock.dll
0x00007ffe5e390000 - 0x00007ffe5e3a9000 	C:\Program Files\Processing\app\resources\jdk-17.0.14+7\bin\net.dll
0x00007ffe843f0000 - 0x00007ffe84519000 	C:\WINDOWS\SYSTEM32\WINHTTP.dll
0x00007ffe5df40000 - 0x00007ffe5df56000 	C:\Program Files\Processing\app\resources\jdk-17.0.14+7\bin\nio.dll
0x00007ffe5df20000 - 0x00007ffe5df38000 	C:\Program Files\Processing\app\resources\jdk-17.0.14+7\bin\zip.dll
0x00007ffdf7c50000 - 0x00007ffdf7de0000 	C:\Program Files\Processing\app\resources\jdk-17.0.14+7\bin\awt.dll
0x00007ffe87a00000 - 0x00007ffe87aa0000 	C:\WINDOWS\SYSTEM32\apphelp.dll
0x00007ffe87d80000 - 0x00007ffe87e2a000 	C:\WINDOWS\system32\uxtheme.dll
0x00007ffe8d1a0000 - 0x00007ffe8d2fc000 	C:\WINDOWS\System32\MSCTF.dll
0x00007ffe8c430000 - 0x00007ffe8c5c7000 	C:\WINDOWS\System32\ole32.dll
0x00007ffe87f20000 - 0x00007ffe87f4f000 	C:\WINDOWS\system32\DWMAPI.DLL
0x00007ffe40100000 - 0x00007ffe4020f000 	C:\WINDOWS\system32\opengl32.dll
0x00007ffe429d0000 - 0x00007ffe429fd000 	C:\WINDOWS\SYSTEM32\GLU32.dll
0x00007ffe87eb0000 - 0x00007ffe87ef5000 	C:\WINDOWS\SYSTEM32\dxcore.dll
0x00007ffe897b0000 - 0x00007ffe897cb000 	C:\WINDOWS\SYSTEM32\CRYPTSP.dll
0x00007ffe88ec0000 - 0x00007ffe88ef9000 	C:\WINDOWS\system32\rsaenh.dll
0x00007ffe89580000 - 0x00007ffe895b3000 	C:\WINDOWS\SYSTEM32\USERENV.dll
0x00007ffe8a0c0000 - 0x00007ffe8a0ea000 	C:\WINDOWS\SYSTEM32\bcrypt.dll
0x00007ffe897d0000 - 0x00007ffe897dc000 	C:\WINDOWS\SYSTEM32\CRYPTBASE.dll
0x00007ffe8c8c0000 - 0x00007ffe8c8ca000 	C:\WINDOWS\System32\NSI.dll
0x00007ffe84550000 - 0x00007ffe8456d000 	C:\WINDOWS\SYSTEM32\dhcpcsvc6.DLL
0x00007ffe84520000 - 0x00007ffe84545000 	C:\WINDOWS\SYSTEM32\dhcpcsvc.DLL
0x00007ffe88a40000 - 0x00007ffe88b72000 	C:\WINDOWS\SYSTEM32\DNSAPI.dll
0x00007ffe5df00000 - 0x00007ffe5df13000 	C:\Users\danil\AppData\Local\Temp\jogamp_0000\file_cache\jln14974281413017705512\jln10278917700798117696\natives\windows-amd64\gluegen_rt.dll
0x00007ffe7a300000 - 0x00007ffe7a307000 	C:\Program Files\Processing\app\resources\jdk-17.0.14+7\bin\jawt.dll
0x00007ffe6b5b0000 - 0x00007ffe6b5bd000 	C:\Users\danil\AppData\Local\Temp\jogamp_0000\file_cache\jln14974281413017705512\jln10278917700798117696\natives\windows-amd64\nativewindow_awt.dll
0x00007ffe5dee0000 - 0x00007ffe5def5000 	C:\Users\danil\AppData\Local\Temp\jogamp_0000\file_cache\jln14974281413017705512\jln10278917700798117696\natives\windows-amd64\nativewindow_win32.dll
0x00007ffe59b30000 - 0x00007ffe59bb3000 	C:\Users\danil\AppData\Local\Temp\jogamp_0000\file_cache\jln14974281413017705512\jln10278917700798117696\natives\windows-amd64\jogl_desktop.dll
0x00007ffe59ad0000 - 0x00007ffe59b22000 	C:\Users\danil\AppData\Local\Temp\jogamp_0000\file_cache\jln14974281413017705512\jln10278917700798117696\natives\windows-amd64\jogl_mobile.dll
0x00007ffe841f0000 - 0x00007ffe84251000 	C:\WINDOWS\SYSTEM32\directxdatabasehelper.dll
0x00007ffe7b700000 - 0x00007ffe7b71d000 	C:\WINDOWS\SYSTEM32\windows.staterepositorycore.dll
0x00007ffdd8ad0000 - 0x00007ffdd9aa3000 	C:\WINDOWS\System32\DriverStore\FileRepository\iigd_dch.inf_amd64_225f37aa3862fc3f\igxelpicd64.dll
0x00007ffe87bd0000 - 0x00007ffe87d0e000 	C:\WINDOWS\system32\dxgi.dll
0x00007ffdf3960000 - 0x00007ffdf3de7000 	C:\WINDOWS\System32\DriverStore\FileRepository\iigd_dch.inf_amd64_225f37aa3862fc3f\igdml64.dll
0x00007ffe89d40000 - 0x00007ffe89d91000 	C:\WINDOWS\SYSTEM32\cfgmgr32.dll
0x00007ffe80b00000 - 0x00007ffe80ec1000 	C:\WINDOWS\System32\DriverStore\FileRepository\iigd_dch.inf_amd64_225f37aa3862fc3f\igdgmm64.dll
0x00007ffe7d5d0000 - 0x00007ffe807d6000 	C:\WINDOWS\System32\DriverStore\FileRepository\iigd_dch.inf_amd64_225f37aa3862fc3f\igc64.dll
0x00007ffe63d00000 - 0x00007ffe63d19000 	C:\Users\danil\AppData\Local\Temp\jogamp_0000\file_cache\jln14974281413017705512\jln10278917700798117696\natives\windows-amd64\newt_head.dll
0x00007ffe5e8e0000 - 0x00007ffe5e99f000 	C:\WINDOWS\SYSTEM32\mscms.dll
0x00007ffe1cd10000 - 0x00007ffe1cd59000 	C:\WINDOWS\SYSTEM32\icm32.dll
0x00007ffe8cbf0000 - 0x00007ffe8d077000 	C:\WINDOWS\System32\setupapi.dll
0x00007ffe89d10000 - 0x00007ffe89d3d000 	C:\WINDOWS\SYSTEM32\DEVOBJ.dll
0x00007ffe8b3e0000 - 0x00007ffe8b462000 	C:\WINDOWS\System32\WINTRUST.dll
0x00007ffe8ae60000 - 0x00007ffe8afd8000 	C:\WINDOWS\System32\CRYPT32.dll
0x00007ffe898e0000 - 0x00007ffe898f3000 	C:\WINDOWS\SYSTEM32\MSASN1.dll
0x00007ffe580f0000 - 0x00007ffe58236000 	C:\WINDOWS\SYSTEM32\textinputframework.dll
0x00007ffe87560000 - 0x00007ffe87687000 	C:\WINDOWS\SYSTEM32\CoreMessaging.dll
0x00007ffe83270000 - 0x00007ffe83552000 	C:\WINDOWS\SYSTEM32\CoreUIComponents.dll
0x00007ffe84e00000 - 0x00007ffe84f6a000 	C:\WINDOWS\SYSTEM32\wintypes.dll

dbghelp: loaded successfully - version: 4.0.5 - missing functions: none
symbol engine: initialized successfully - sym options: 0x614 - pdb path: .;C:\Program Files\Processing\app\resources\jdk-17.0.14+7\bin;C:\WINDOWS\SYSTEM32;C:\WINDOWS\WinSxS\amd64_microsoft.windows.common-controls_6595b64144ccf1df_6.0.26100.8457_none_3e0b2faee331e92d;C:\Program Files\Processing\app\resources\jdk-17.0.14+7\bin\server;C:\Users\danil\AppData\Local\Temp\jogamp_0000\file_cache\jln14974281413017705512\jln10278917700798117696\natives\windows-amd64;C:\WINDOWS\System32\DriverStore\FileRepository\iigd_dch.inf_amd64_225f37aa3862fc3f

VM Arguments:
jvm_args: -agentlib:jdwp=transport=dt_socket,address=8022,server=y,suspend=y,quiet=y -Xms64m -Xmx1024m -Djna.nosys=true -Djava.library.path=;C:\Program Files\Processing\app\resources\core\library;C:\Program Files\Processing;C:\WINDOWS\system32;C:\WINDOWS;C:\Program Files\PlasticSCM5\server;C:\Program Files\PlasticSCM5\client;C:\Program Files\Common Files\Oracle\Java\javapath;C:\Program Files (x86)\Common Files\Oracle\Java\javapath;C:\Windows\System32\HWAudioDriverLibs;C:\Windows\system32;C:\Windows;C:\Windows\System32\Wbem;C:\Windows\System32\WindowsPowerShell\v1.0;C:\Windows\System32\OpenSSH;C:\Program Files\Microsoft SQL Server\150\Tools\Binn;C:\Program Files\Microsoft SQL Server\Client SDK\ODBC\170\Tools\Binn;C:\Program Files\dotnet;D:\Windows Kits\10\Windows Performance Toolkit;C:\Program Files\Java\jdk-23\bin;C:\WINDOWS\system32;C:\WINDOWS;C:\WINDOWS\System32\Wbem;C:\WINDOWS\System32\WindowsPowerShell\v1.0;C:\WINDOWS\System32\OpenSSH;C:\Program Files\nodejs;C:\Program Files\Docker\Docker\resources\bin;C:\Program Files\TortoiseGit\bin;C:\Program Files\Git\cmd;C:\Users\danil\AppData\Local\Programs\Python\Python312\Scripts;C:\Users\danil\AppData\Local\Programs\Python\Python312;C:\Users\danil\AppData\Local\Microsoft\WindowsApps;C:\Users\danil\AppData\Local\Programs\Microsoft VS Code\bin;C:\Users\danil\AppData\Roaming\npm;D:\DataBase\18\bin;C:\Program Files\Processing\app;. -ea 
java_command: processing.core.PApplet --editor-location=-7,-7 --external --display=1 --sketch-path=C:\Users\danil\Desktop\Gravity_simul Gravity_simul
java_class_path (initial): C:\Users\danil\AppData\Local\Temp\processing\Gravity_simul16966387246400679617temp;C:\Program Files\Processing\app\resources\core\library\annotations-13.0.jar;C:\Program Files\Processing\app\resources\core\library\antlr-2.7.7.jar;C:\Program Files\Processing\app\resources\core\library\core-4.4.1.jar;C:\Program Files\Processing\app\resources\core\library\gluegen-rt-2.5.0-natives-android-aarch64.jar;C:\Program Files\Processing\app\resources\core\library\gluegen-rt-2.5.0-natives-linux-aarch64.jar;C:\Program Files\Processing\app\resources\core\library\gluegen-rt-2.5.0-natives-linux-amd64.jar;C:\Program Files\Processing\app\resources\core\library\gluegen-rt-2.5.0-natives-linux-armv6hf.jar;C:\Program Files\Processing\app\resources\core\library\gluegen-rt-2.5.0-natives-macosx-universal.jar;C:\Program Files\Processing\app\resources\core\library\gluegen-rt-2.5.0-natives-windows-amd64.jar;C:\Program Files\Processing\app\resources\core\library\gluegen-rt-2.5.0.jar;C:\Program Files\Processing\app\resources\core\library\gluegen-rt-main-2.5.0.jar;C:\Program Files\Processing\app\resources\core\library\jogl-all-2.5.0-natives-android-aarch64.jar;C:\Program Files\Processing\app\resources\core\library\jogl-all-2.5.0-natives-linux-aarch64.jar;C:\Program Files\Processing\app\resources\core\library\jogl-all-2.5.0-natives-linux-amd64.jar;C:\Program Files\Processing\app\resources\core\library\jogl-all-2.5.0-natives-linux-armv6hf.jar;C:\Program Files\Processing\app\resources\core\library\jogl-all-2.5.0-natives-macosx-universal.jar;C:\Program Files\Processing\app\resources\core\library\jogl-all-2.5.0-natives-windows-amd64.jar;C:\Program Files\Processing\app\resources\core\library\jogl-all-2.5.0.jar;C:\Program Files\Processing\app\resources\core\library\jogl-all-main-2.5.0.jar;C:\Program Files\Processing\app\resources\core\library\kotlin-stdlib-2.0.20.jar
Launcher Type: SUN_STANDARD

[Global flags]
     intx CICompilerCount                          = 4                                         {product} {ergonomic}
     uint ConcGCThreads                            = 2                                         {product} {ergonomic}
     uint G1ConcRefinementThreads                  = 8                                         {product} {ergonomic}
   size_t G1HeapRegionSize                         = 1048576                                   {product} {ergonomic}
    uintx GCDrainStackTargetSize                   = 64                                        {product} {ergonomic}
   size_t InitialHeapSize                          = 67108864                                  {product} {command line}
   size_t MarkStackSize                            = 4194304                                   {product} {ergonomic}
   size_t MaxHeapSize                              = 1073741824                                {product} {command line}
   size_t MaxNewSize                               = 643825664                                 {product} {ergonomic}
   size_t MinHeapDeltaBytes                        = 1048576                                   {product} {ergonomic}
   size_t MinHeapSize                              = 67108864                                  {product} {command line}
    uintx NonNMethodCodeHeapSize                   = 5839372                                {pd product} {ergonomic}
    uintx NonProfiledCodeHeapSize                  = 122909434                              {pd product} {ergonomic}
    uintx ProfiledCodeHeapSize                     = 122909434                              {pd product} {ergonomic}
    uintx ReservedCodeCacheSize                    = 251658240                              {pd product} {ergonomic}
     bool SegmentedCodeCache                       = true                                      {product} {ergonomic}
   size_t SoftMaxHeapSize                          = 1073741824                             {manageable} {ergonomic}
     bool UseCompressedClassPointers               = true                           {product lp64_product} {ergonomic}
     bool UseCompressedOops                        = true                           {product lp64_product} {ergonomic}
     bool UseG1GC                                  = true                                      {product} {ergonomic}
     bool UseLargePagesIndividualAllocation        = false                                  {pd product} {ergonomic}

Logging:
Log output configuration:
 #0: stdout all=off uptime,level,tags
 #1: stderr all=off uptime,level,tags

Environment Variables:
JAVA_HOME=C:\Program Files\Java\jdk-23
PATH=C:\Program Files\PlasticSCM5\server;C:\Program Files\PlasticSCM5\client;C:\Program Files\Common Files\Oracle\Java\javapath;C:\Program Files (x86)\Common Files\Oracle\Java\javapath;C:\Windows\System32\HWAudioDriverLibs;C:\Windows\system32;C:\Windows;C:\Windows\System32\Wbem;C:\Windows\System32\WindowsPowerShell\v1.0\;C:\Windows\System32\OpenSSH\;C:\Users\Administrator\AppData\Local\Microsoft\WindowsApps;C:\Program Files\Microsoft SQL Server\150\Tools\Binn\;C:\Program Files\Microsoft SQL Server\Client SDK\ODBC\170\Tools\Binn\;C:\Program Files\dotnet\;D:\Windows Kits\10\Windows Performance Toolkit\;C:\Program Files\Java\jdk-23\bin;C:\WINDOWS\system32;C:\WINDOWS;C:\WINDOWS\System32\Wbem;C:\WINDOWS\System32\WindowsPowerShell\v1.0\;C:\WINDOWS\System32\OpenSSH\;C:\Program Files\nodejs\;C:\Program Files\Docker\Docker\resources\bin;C:\Program Files\TortoiseGit\bin;C:\Program Files\Git\cmd;C:\Users\danil\AppData\Local\Programs\Python\Python312\Scripts\;C:\Users\danil\AppData\Local\Programs\Python\Python312\;C:\Users\danil\AppData\Local\Microsoft\WindowsApps;C:\Users\danil\.dotnet\tools;C:\Users\danil\AppData\Local\Programs\Microsoft VS Code\bin;C:\Users\danil\AppData\Roaming\npm;D:\DataBase\18\bin;C:\Program Files\Processing\app
USERNAME=danil
OS=Windows_NT
PROCESSOR_IDENTIFIER=Intel64 Family 6 Model 140 Stepping 2, GenuineIntel
TMP=C:\Users\danil\AppData\Local\Temp
TEMP=C:\Users\danil\AppData\Local\Temp



Periodic native trim disabled


---------------  S Y S T E M  ---------------

OS:
 Windows 11 , 64 bit Build 26100 (10.0.26100.8328)
OS uptime: 0 days 0:16 hours
Hyper-V role detected

CPU: total 8 (initial active 8) (4 cores per cpu, 2 threads per core) family 6 model 140 stepping 2 microcode 0x16, cx8, cmov, fxsr, ht, mmx, 3dnowpref, sse, sse2, sse3, ssse3, sse4.1, sse4.2, popcnt, lzcnt, tsc, tscinvbit, avx, avx2, aes, erms, clmul, bmi1, bmi2, adx, avx512f, avx512dq, avx512cd, avx512bw, avx512vl, sha, fma, vzeroupper, avx512_vpopcntdq, avx512_vpclmulqdq, avx512_vaes, avx512_vnni, clflush, clflushopt, clwb, avx512_vbmi2, avx512_vbmi, hv
Processor Information for processor 0
  Max Mhz: 2496, Current Mhz: 2496, Mhz Limit: 2496
Processor Information for processor 1
  Max Mhz: 2496, Current Mhz: 998, Mhz Limit: 2496
Processor Information for processor 2
  Max Mhz: 2496, Current Mhz: 2496, Mhz Limit: 2496
Processor Information for processor 3
  Max Mhz: 2496, Current Mhz: 998, Mhz Limit: 2496
Processor Information for processor 4
  Max Mhz: 2496, Current Mhz: 998, Mhz Limit: 2496
Processor Information for processor 5
  Max Mhz: 2496, Current Mhz: 2496, Mhz Limit: 2496
Processor Information for processor 6
  Max Mhz: 2496, Current Mhz: 998, Mhz Limit: 2496
Processor Information for processor 7
  Max Mhz: 2496, Current Mhz: 2496, Mhz Limit: 2496

Memory: 4k page, system-wide physical 7975M (1295M free)
TotalPageFile size 17703M (AvailPageFile size 8603M)
current process WorkingSet (physical memory assigned to process): 558M, peak: 565M
current process commit charge ("private bytes"): 547M, peak: 559M

vm_info: OpenJDK 64-Bit Server VM (17.0.14+7) for windows-amd64 JRE (17.0.14+7), built on Jan 21 2025 23:40:15 by "admin" with MS VC++ 17.7 (VS2022)

END.
