#
# A fatal error has been detected by the Java Runtime Environment:
#
#  EXCEPTION_ACCESS_VIOLATION (0xc0000005) at pc=0x00007ffb49c7b386, pid=19244, tid=12560
#
# JRE version: OpenJDK Runtime Environment Temurin-17.0.14+7 (17.0.14+7) (build 17.0.14+7)
# Java VM: OpenJDK 64-Bit Server VM Temurin-17.0.14+7 (17.0.14+7, mixed mode, sharing, tiered, compressed oops, compressed class ptrs, g1 gc, windows-amd64)
# Problematic frame:
# C  [igxelpicd64.dll+0x23b386]
#
# No core dump will be written. Minidumps are not enabled by default on client versions of Windows
#
# If you would like to submit a bug report, please visit:
#   https://github.com/adoptium/adoptium-support/issues
#

---------------  S U M M A R Y ------------

Command Line: -agentlib:jdwp=transport=dt_socket,address=8875,server=y,suspend=y,quiet=y -Xms64m -Xmx1024m -Djna.nosys=true -Djava.library.path=;C:\Program Files\Processing\app\resources\core\library;C:\Program Files\Processing;C:\WINDOWS\system32;C:\WINDOWS;C:\Program Files\PlasticSCM5\server;C:\Program Files\PlasticSCM5\client;C:\Program Files\Common Files\Oracle\Java\javapath;C:\Program Files (x86)\Common Files\Oracle\Java\javapath;C:\Windows\System32\HWAudioDriverLibs;C:\Windows\system32;C:\Windows;C:\Windows\System32\Wbem;C:\Windows\System32\WindowsPowerShell\v1.0;C:\Windows\System32\OpenSSH;C:\Program Files\Microsoft SQL Server\150\Tools\Binn;C:\Program Files\Microsoft SQL Server\Client SDK\ODBC\170\Tools\Binn;C:\Program Files\dotnet;D:\Windows Kits\10\Windows Performance Toolkit;C:\Program Files\Java\jdk-23\bin;C:\WINDOWS\system32;C:\WINDOWS;C:\WINDOWS\System32\Wbem;C:\WINDOWS\System32\WindowsPowerShell\v1.0;C:\WINDOWS\System32\OpenSSH;C:\Program Files\nodejs;C:\Program Files\Docker\Docker\resources\bin;C:\Program Files\TortoiseGit\bin;C:\Program Files\Git\cmd;C:\Users\danil\Desktop\ffmpeg-8.1.2-essentials_build\ffmpeg-8.1.2-essentials_build\bin;C:\Users\danil\AppData\Local\Programs\Python\Python312\Scripts;C:\Users\danil\AppData\Local\Programs\Python\Python312;C:\Users\danil\AppData\Local\Microsoft\WindowsApps;C:\Users\danil\AppData\Local\Programs\Microsoft VS Code\bin;C:\Users\danil\AppData\Roaming\npm;D:\DataBase\18\bin;C:\Program Files\Processing\app;. -ea processing.core.PApplet --editor-location=-8,-8 --external --display=1 --sketch-path=C:\Users\danil\Desktop\Gravity_simul Gravity_simul

Host: 11th Gen Intel(R) Core(TM) i5-1155G7 @ 2.50GHz, 8 cores, 7G,  Windows 11 , 64 bit Build 26100 (10.0.26100.8521)
Time: Sun Jun 28 23:41:22 2026 RTZ 3 (s 11 , 64 bit Build 26100 (10.0.26100.8521) elapsed time: 10.957077 seconds (0d 0h 0m 10s)

---------------  T H R E A D  ---------------

Current thread (0x000001e75bad7040):  VMThread "VM Thread" [stack: 0x0000009e8f900000,0x0000009e8fa00000] [id=12560]

Stack: [0x0000009e8f900000,0x0000009e8fa00000],  sp=0x0000009e8f9fe3a0,  free space=1016k
Native frames: (J=compiled Java code, j=interpreted, Vv=VM code, C=native code)
C  [igxelpicd64.dll+0x23b386]


siginfo: EXCEPTION_ACCESS_VIOLATION (0xc0000005), reading address 0x0000000000035468


Registers:
RAX=0x000001e7a35ff820, RBX=0x000001e7a19fef90, RCX=0x0000000000000004, RDX=0x0000000000000000
RSP=0x0000009e8f9fe3a0, RBP=0x0000000000000000, RSI=0x000001e7a35ff620, RDI=0x000001e7a352f360
R8 =0x000001e7a35ff720, R9 =0x0000009e8efbf000, R10=0x0000000000000000, R11=0x0000000000000246
R12=0x000001e7a35ff620, R13=0x0000000000000000, R14=0x000001e7a35ffb68, R15=0x000001e7a35fb630
RIP=0x00007ffb49c7b386, EFLAGS=0x0000000000010202


Register to memory mapping:

RIP=0x00007ffb49c7b386 igxelpicd64.dll
RAX=0x000001e7a35ff820 points into unknown readable memory: 0x0000000000035224 | 24 52 03 00 00 00 00 00
RBX=0x000001e7a19fef90 points into unknown readable memory: 0xffffffffffffffff | ff ff ff ff ff ff ff ff
RCX=0x0000000000000004 is an unknown value
RDX=0x0 is NULL
RSP=0x0000009e8f9fe3a0 points into unknown readable memory: 0x000001e7a19fef90 | 90 ef 9f a1 e7 01 00 00
RBP=0x0 is NULL
RSI=0x000001e7a35ff620 points into unknown readable memory: 0x000001e7a1a64f10 | 10 4f a6 a1 e7 01 00 00
RDI=0x000001e7a352f360 points into unknown readable memory: 0x6172676f72705c00 | 00 5c 70 72 6f 67 72 61
R8 =0x000001e7a35ff720 points into unknown readable memory: 0x0000000000000000 | 00 00 00 00 00 00 00 00
R9 =0x0000009e8efbf000 points into unknown readable memory: 0x0000000000000000 | 00 00 00 00 00 00 00 00
R10=0x0 is NULL
R11=0x0000000000000246 is an unknown value
R12=0x000001e7a35ff620 points into unknown readable memory: 0x000001e7a1a64f10 | 10 4f a6 a1 e7 01 00 00
R13=0x0 is NULL
R14=0x000001e7a35ffb68 points into unknown readable memory: 0x000001e7a35fb630 | 30 b6 5f a3 e7 01 00 00
R15=0x000001e7a35fb630 points into unknown readable memory: 0x000001e7a1a64f10 | 10 4f a6 a1 e7 01 00 00


Top of Stack: (sp=0x0000009e8f9fe3a0)
0x0000009e8f9fe3a0:   000001e7a19fef90 00007ffb49ab0ab4
0x0000009e8f9fe3b0:   0000000000000000 000001e7a34cad20
0x0000009e8f9fe3c0:   0000001600000000 0000000000000000
0x0000009e8f9fe3d0:   000001e700000000 000001e7a34c6f00
0x0000009e8f9fe3e0:   000001e7a19fef90 000001e7a348a980
0x0000009e8f9fe3f0:   000001e7a5c20504 000001e7a58d5000
0x0000009e8f9fe400:   9f1903a448170300 000001e7a34cb320
0x0000009e8f9fe410:   691d03a15a1d013a 00007000115cf000
0x0000009e8f9fe420:   9a1f03537b1f035a ad22039b282203a9
0x0000009e8f9fe430:   1c2803a100000000 892b03a0262a03a8
0x0000009e8f9fe440:   202d0388b92b038e bf2d03a55a2d03a3
0x0000009e8f9fe450:   8b2f03a2c12e0355 d13003a163300357
0x0000009e8f9fe460:   6f33038fee3102ed 993303ac7433036b
0x0000009e8f9fe470:   0000000000000000 0000000000000000
0x0000009e8f9fe480:   4f37030000000000 0000000000000000
0x0000009e8f9fe490:   0000000000000000 0000000000000000
0x0000009e8f9fe4a0:   0000009e8f9fe640 00007ffbfa2a1259
0x0000009e8f9fe4b0:   0000009e8f9fe538 0000000000000000
0x0000009e8f9fe4c0:   0000000000000054 00007ffbfa2fc710
0x0000009e8f9fe4d0:   0000000000000000 00007ffbfb064094
0x0000009e8f9fe4e0:   000000007a000004 d94d03af904d039e
0x0000009e8f9fe4f0:   0000e3251f92e21f 001040007a000004
0x0000009e8f9fe500:   000001e7a34bf5b8 000000000003563e
0x0000009e8f9fe510:   0000000000000000 0000000000000016
0x0000009e8f9fe520:   0000000000000000 0000000000000000
0x0000009e8f9fe530:   0000009e8f9fe640 00007ffb49ca82ae
0x0000009e8f9fe540:   000001e7a352f360 0000000000000000
0x0000009e8f9fe550:   000001e7a352f360 000010027a000004
0x0000009e8f9fe560:   0000009e00000b68 0000740400860000
0x0000009e8f9fe570:   0000000000000000 aa69039c2667037d
0x0000009e8f9fe580:   0000000000000000 000010027a000004
0x0000009e8f9fe590:   256e039da16c01da 0000000000000000 

Instructions: (pc=0x00007ffb49c7b386)
0x00007ffb49c7b286:   00 90 4c 8b bf 80 02 00 00 48 8b 05 9a 85 bd 00
0x00007ffb49c7b296:   8b 80 c8 0a 00 00 89 44 24 24 c6 44 24 20 00 48
0x00007ffb49c7b2a6:   c7 87 80 02 00 00 00 00 00 00 c7 87 88 02 00 00
0x00007ffb49c7b2b6:   00 00 00 00 48 c7 87 a0 02 00 00 00 00 00 00 48
0x00007ffb49c7b2c6:   c7 87 90 02 00 00 00 00 00 00 48 85 ed 75 3d 8b
0x00007ffb49c7b2d6:   35 0d 77 cd 00 65 48 8b 04 25 58 00 00 00 b9 14
0x00007ffb49c7b2e6:   00 00 00 48 8b 04 f0 40 38 2c 01 0f 84 c9 e7 75
0x00007ffb49c7b2f6:   00 65 48 8b 04 25 58 00 00 00 bd 20 00 00 00 48
0x00007ffb49c7b306:   8b 04 f0 48 8b 2c 28 48 89 6c 24 28 48 3b 2d 07
0x00007ffb49c7b316:   9b cd 00 0f 84 9b 10 00 00 4d 85 ff 0f 84 3a 01
0x00007ffb49c7b326:   00 00 0f 1f 84 00 00 00 00 00 49 8b f7 4d 8b e7
0x00007ffb49c7b336:   4d 8d b7 48 05 00 00 4d 8b 3e 45 84 ed 0f 85 d9
0x00007ffb49c7b346:   0e 00 00 8b 8f d0 01 00 00 48 8b 05 da 84 bd 00
0x00007ffb49c7b356:   83 b8 64 03 00 00 02 75 34 4d 8d 84 24 00 01 00
0x00007ffb49c7b366:   00 83 f9 10 0f 83 3a 01 00 00 8b c1 48 c1 e0 06
0x00007ffb49c7b376:   49 03 c0 48 85 c0 0f 84 9b 01 00 00 48 8b 50 08
0x00007ffb49c7b386:   48 3b 95 68 54 03 00 0f 87 b6 0e 00 00 48 83 be
0x00007ffb49c7b396:   c0 05 00 00 00 0f 85 50 e7 75 00 44 8b 8f d0 01
0x00007ffb49c7b3a6:   00 00 48 8b 87 e8 01 00 00 4c 8b 00 8b 8f d0 01
0x00007ffb49c7b3b6:   00 00 48 8d 9e 00 01 00 00 83 f9 10 0f 83 1e 01
0x00007ffb49c7b3c6:   00 00 8b c1 48 c1 e0 06 48 03 c3 48 85 c0 0f 84
0x00007ffb49c7b3d6:   4a 01 00 00 4c 39 40 08 0f 86 40 01 00 00 48 8b
0x00007ffb49c7b3e6:   87 80 02 00 00 49 89 06 48 89 b7 80 02 00 00 ff
0x00007ffb49c7b3f6:   87 88 02 00 00 48 8b 4e 08 48 8b 01 ba 01 00 00
0x00007ffb49c7b406:   00 48 8b 80 e0 02 00 00 ff 15 f4 c1 88 00 0f b7
0x00007ffb49c7b416:   c8 48 2b c1 48 05 00 00 01 00 48 01 87 90 02 00
0x00007ffb49c7b426:   00 48 8b 4e 08 48 8b 01 ba 01 00 00 00 48 8b 80
0x00007ffb49c7b436:   e0 02 00 00 ff 15 c8 c1 88 00 48 01 87 a0 02 00
0x00007ffb49c7b446:   00 0f b6 54 24 20 4d 85 ff 0f 85 db fe ff ff 84
0x00007ffb49c7b456:   d2 0f 85 37 0f 00 00 48 8b 5c 24 40 48 8b cf 80
0x00007ffb49c7b466:   7c 24 22 00 0f 85 40 0f 00 00 e8 3b f9 ff ff 90
0x00007ffb49c7b476:   48 8b cb ff 15 99 bc 88 00 48 8b 8c 24 50 01 00 


Stack slot to memory mapping:
stack at sp + 0 slots: 0x000001e7a19fef90 points into unknown readable memory: 0xffffffffffffffff | ff ff ff ff ff ff ff ff
stack at sp + 1 slots: 0x00007ffb49ab0ab4 igxelpicd64.dll
stack at sp + 2 slots: 0x0 is NULL
stack at sp + 3 slots: 0x000001e7a34cad20 points into unknown readable memory: 0x0000000000000c6c | 6c 0c 00 00 00 00 00 00
stack at sp + 4 slots: 0x0000001600000000 is an unknown value
stack at sp + 5 slots: 0x0 is NULL
stack at sp + 6 slots: 0x000001e700000000 is an unknown value
stack at sp + 7 slots: 0x000001e7a34c6f00 points into unknown readable memory: 0x000001e7a34c6f70 | 70 6f 4c a3 e7 01 00 00

VM_Operation (0x0000009e91bfea20): Exit, mode: safepoint, requested by thread 0x000001e7a3067d40


---------------  P R O C E S S  ---------------

Threads class SMR info:
_java_thread_list=0x000001e7b5841120, length=39, elements={
0x000001e75badc690, 0x000001e75badd160, 0x000001e75baf5770, 0x000001e75baf6040,
0x000001e75baf6910, 0x000001e75baf71e0, 0x000001e75baf7e90, 0x000001e75bb02880,
0x000001e75bb175c0, 0x000001e7a10d61c0, 0x000001e7a1104e90, 0x000001e7a1107590,
0x000001e7a110d1c0, 0x000001e7a1120750, 0x000001e7a146a480, 0x000001e7a28be5a0,
0x000001e7a3067d40, 0x000001e7a307ee20, 0x000001e7a307f840, 0x000001e7a307f330,
0x000001e7a307fd50, 0x000001e7a307e400, 0x000001e7a307e910, 0x000001e7b4e43920,
0x000001e7b4e40170, 0x000001e7b4e410a0, 0x000001e7b4e41ac0, 0x000001e7b4e43e30,
0x000001e7b4e41fd0, 0x000001e7b4e424e0, 0x000001e7b4e429f0, 0x000001e7b4e42f00,
0x000001e7b4e43410, 0x000001e7b4e40680, 0x000001e7b4e415b0, 0x000001e7b4e44340,
0x000001e7b4e40b90, 0x000001e7b4e47af0, 0x000001e7b4e45270
}

Java Threads: ( => current thread )
  0x000001e75badc690 JavaThread "Reference Handler" daemon [_thread_blocked, id=3184, stack(0x0000009e8fa00000,0x0000009e8fb00000)]
  0x000001e75badd160 JavaThread "Finalizer" daemon [_thread_blocked, id=2588, stack(0x0000009e8fb00000,0x0000009e8fc00000)]
  0x000001e75baf5770 JavaThread "Signal Dispatcher" daemon [_thread_blocked, id=13976, stack(0x0000009e8fc00000,0x0000009e8fd00000)]
  0x000001e75baf6040 JavaThread "Attach Listener" daemon [_thread_blocked, id=1688, stack(0x0000009e8fd00000,0x0000009e8fe00000)]
  0x000001e75baf6910 JavaThread "Service Thread" daemon [_thread_blocked, id=4924, stack(0x0000009e8fe00000,0x0000009e8ff00000)]
  0x000001e75baf71e0 JavaThread "Monitor Deflation Thread" daemon [_thread_blocked, id=11432, stack(0x0000009e8ff00000,0x0000009e90000000)]
  0x000001e75baf7e90 JavaThread "C2 CompilerThread0" daemon [_thread_blocked, id=11704, stack(0x0000009e90000000,0x0000009e90100000)]
  0x000001e75bb02880 JavaThread "C1 CompilerThread0" daemon [_thread_blocked, id=4844, stack(0x0000009e90100000,0x0000009e90200000)]
  0x000001e75bb175c0 JavaThread "Sweeper thread" daemon [_thread_blocked, id=5640, stack(0x0000009e90200000,0x0000009e90300000)]
  0x000001e7a10d61c0 JavaThread "JDWP Transport Listener: dt_socket" daemon [_thread_blocked, id=17736, stack(0x0000009e90300000,0x0000009e90400000)]
  0x000001e7a1104e90 JavaThread "JDWP Event Helper Thread" daemon [_thread_blocked, id=9380, stack(0x0000009e90400000,0x0000009e90500000)]
  0x000001e7a1107590 JavaThread "JDWP Command Reader" daemon [_thread_blocked, id=16924, stack(0x0000009e90500000,0x0000009e90600000)]
  0x000001e7a110d1c0 JavaThread "Notification Thread" daemon [_thread_blocked, id=12412, stack(0x0000009e90600000,0x0000009e90700000)]
  0x000001e7a1120750 JavaThread "Common-Cleaner" daemon [_thread_blocked, id=4264, stack(0x0000009e90800000,0x0000009e90900000)]
  0x000001e7a146a480 JavaThread "Java2D Disposer" daemon [_thread_blocked, id=6036, stack(0x0000009e90900000,0x0000009e90a00000)]
  0x000001e7a28be5a0 JavaThread "HighResTimerThread" daemon [_thread_blocked, id=12792, stack(0x0000009e91900000,0x0000009e91a00000)]
  0x000001e7a3067d40 JavaThread "main-FPSAWTAnimator#00-Timer0" [_thread_blocked, id=10868, stack(0x0000009e91b00000,0x0000009e91c00000)]
  0x000001e7a307ee20 JavaThread "DestroyJavaVM" [_thread_blocked, id=9612, stack(0x0000009e8f300000,0x0000009e8f400000)]
  0x000001e7a307f840 JavaThread "pool-1-thread-1" [_thread_blocked, id=18764, stack(0x0000009e91d00000,0x0000009e91e00000)]
  0x000001e7a307f330 JavaThread "pool-1-thread-2" [_thread_blocked, id=17292, stack(0x0000009e91e00000,0x0000009e91f00000)]
  0x000001e7a307fd50 JavaThread "pool-1-thread-3" [_thread_blocked, id=16300, stack(0x0000009e91f00000,0x0000009e92000000)]
  0x000001e7a307e400 JavaThread "pool-1-thread-4" [_thread_blocked, id=18956, stack(0x0000009e92000000,0x0000009e92100000)]
  0x000001e7a307e910 JavaThread "pool-1-thread-5" [_thread_blocked, id=13804, stack(0x0000009e92100000,0x0000009e92200000)]
  0x000001e7b4e43920 JavaThread "pool-1-thread-6" [_thread_blocked, id=15160, stack(0x0000009e92200000,0x0000009e92300000)]
  0x000001e7b4e40170 JavaThread "pool-1-thread-7" [_thread_blocked, id=4512, stack(0x0000009e92300000,0x0000009e92400000)]
  0x000001e7b4e410a0 JavaThread "pool-1-thread-8" [_thread_blocked, id=7856, stack(0x0000009e92400000,0x0000009e92500000)]
  0x000001e7b4e41ac0 JavaThread "pool-1-thread-9" [_thread_blocked, id=3020, stack(0x0000009e92500000,0x0000009e92600000)]
  0x000001e7b4e43e30 JavaThread "pool-1-thread-10" [_thread_blocked, id=13832, stack(0x0000009e92600000,0x0000009e92700000)]
  0x000001e7b4e41fd0 JavaThread "pool-1-thread-11" [_thread_blocked, id=4360, stack(0x0000009e92700000,0x0000009e92800000)]
  0x000001e7b4e424e0 JavaThread "pool-1-thread-12" [_thread_blocked, id=16120, stack(0x0000009e92800000,0x0000009e92900000)]
  0x000001e7b4e429f0 JavaThread "pool-1-thread-13" [_thread_blocked, id=15080, stack(0x0000009e92900000,0x0000009e92a00000)]
  0x000001e7b4e42f00 JavaThread "pool-1-thread-14" [_thread_blocked, id=3632, stack(0x0000009e92a00000,0x0000009e92b00000)]
  0x000001e7b4e43410 JavaThread "pool-1-thread-15" [_thread_blocked, id=3216, stack(0x0000009e92b00000,0x0000009e92c00000)]
  0x000001e7b4e40680 JavaThread "pool-1-thread-16" [_thread_blocked, id=19192, stack(0x0000009e92c00000,0x0000009e92d00000)]
  0x000001e7b4e415b0 JavaThread "pool-1-thread-17" [_thread_blocked, id=1808, stack(0x0000009e92d00000,0x0000009e92e00000)]
  0x000001e7b4e44340 JavaThread "pool-1-thread-18" [_thread_blocked, id=5936, stack(0x0000009e92e00000,0x0000009e92f00000)]
  0x000001e7b4e40b90 JavaThread "pool-1-thread-19" [_thread_blocked, id=13828, stack(0x0000009e92f00000,0x0000009e93000000)]
  0x000001e7b4e47af0 JavaThread "pool-1-thread-20" [_thread_blocked, id=14488, stack(0x0000009e93000000,0x0000009e93100000)]
  0x000001e7b4e45270 JavaThread "AWT-Shutdown" [_thread_blocked, id=18056, stack(0x0000009e91a00000,0x0000009e91b00000)]

Other Threads:
=>0x000001e75bad7040 VMThread "VM Thread" [stack: 0x0000009e8f900000,0x0000009e8fa00000] [id=12560]
  0x000001e73fcca420 GCTaskThread "GC Thread#0" [stack: 0x0000009e8f400000,0x0000009e8f500000] [id=3708]
  0x000001e7a2b23810 GCTaskThread "GC Thread#1" [stack: 0x0000009e91100000,0x0000009e91200000] [id=15948]
  0x000001e7a2b27ee0 GCTaskThread "GC Thread#2" [stack: 0x0000009e91200000,0x0000009e91300000] [id=18392]
  0x000001e7a2b281a0 GCTaskThread "GC Thread#3" [stack: 0x0000009e91300000,0x0000009e91400000] [id=9320]
  0x000001e7a2b28460 GCTaskThread "GC Thread#4" [stack: 0x0000009e91400000,0x0000009e91500000] [id=8400]
  0x000001e7a2b28720 GCTaskThread "GC Thread#5" [stack: 0x0000009e91500000,0x0000009e91600000] [id=16688]
  0x000001e7a2b67560 GCTaskThread "GC Thread#6" [stack: 0x0000009e91600000,0x0000009e91700000] [id=14300]
  0x000001e7a2b67820 GCTaskThread "GC Thread#7" [stack: 0x0000009e91700000,0x0000009e91800000] [id=15668]
  0x000001e73fcd3280 ConcurrentGCThread "G1 Main Marker" terminated
  0x000001e73fcd3bb0 ConcurrentGCThread "G1 Conc#0" [stack: 0x0000009e8f600000,0x0000009e8f700000] [id=8632]
  0x000001e7b527f0a0 ConcurrentGCThread "G1 Conc#1" [stack: 0x0000009e93200000,0x0000009e93300000] [id=1252]
  0x000001e73fd342b0 ConcurrentGCThread "G1 Refine#0" terminated
  0x000001e73fd34bf0 ConcurrentGCThread "G1 Service" terminated

Threads with active compile tasks:

VM state: at safepoint (shutting down)

VM Mutex/Monitor currently owned by a thread:  ([mutex/lock_event])
[0x000001e73d92a490] Threads_lock - owner thread: 0x000001e75bad7040
[0x000001e73fc881c0] Heap_lock - owner thread: 0x000001e7a3067d40

Heap address: 0x00000000c0000000, size: 1024 MB, Compressed Oops mode: 32-bit

CDS archive(s) mapped at: [0x000001e75c000000-0x000001e75cbb0000-0x000001e75cbb0000), size 12255232, SharedBaseAddress: 0x000001e75c000000, ArchiveRelocationMode: 1.
Compressed class space mapped at: 0x000001e75d000000-0x000001e79d000000, reserved size: 1073741824
Narrow klass base: 0x000001e75c000000, Narrow klass shift: 0, Narrow klass range: 0x100000000

GC Precious Log:
 CPUs: 8 total, 8 available
 Memory: 7975M
 Large Page Support: Disabled
 NUMA Support: Disabled
 Compressed Oops: Enabled (32-bit)
 Heap Region Size: 1M
 Heap Min Capacity: 64M
 Heap Initial Capacity: 64M
 Heap Max Capacity: 1G
 Pre-touch: Disabled
 Parallel Workers: 8
 Concurrent Workers: 2
 Concurrent Refinement Workers: 8
 Periodic GC: Disabled

Heap:
 garbage-first heap   total 116736K, used 57181K [0x00000000c0000000, 0x0000000100000000)
  region size 1024K, 5 young (5120K), 2 survivors (2048K)
 Metaspace       used 12961K, committed 13120K, reserved 1114112K
  class space    used 918K, committed 1024K, reserved 1048576K

Heap Regions: E=young(eden), S=young(survivor), O=old, HS=humongous(starts), HC=humongous(continues), CS=collection set, F=free, OA=open archive, CA=closed archive, TAMS=top-at-mark-start (previous, next)
|   0|0x00000000c0000000, 0x00000000c0100000, 0x00000000c0100000|100%| O|  |TAMS 0x00000000c0100000, 0x00000000c0000000| Untracked 
|   1|0x00000000c0100000, 0x00000000c0200000, 0x00000000c0200000|100%| O|  |TAMS 0x00000000c0200000, 0x00000000c0100000| Untracked 
|   2|0x00000000c0200000, 0x00000000c0300000, 0x00000000c0300000|100%|HS|  |TAMS 0x00000000c0300000, 0x00000000c0200000| Complete 
|   3|0x00000000c0300000, 0x00000000c0400000, 0x00000000c0400000|100%|HC|  |TAMS 0x00000000c0400000, 0x00000000c0300000| Complete 
|   4|0x00000000c0400000, 0x00000000c0500000, 0x00000000c0500000|100%|HC|  |TAMS 0x00000000c0500000, 0x00000000c0400000| Complete 
|   5|0x00000000c0500000, 0x00000000c0600000, 0x00000000c0600000|100%|HC|  |TAMS 0x00000000c0600000, 0x00000000c0500000| Complete 
|   6|0x00000000c0600000, 0x00000000c0700000, 0x00000000c0700000|100%|HC|  |TAMS 0x00000000c0700000, 0x00000000c0600000| Complete 
|   7|0x00000000c0700000, 0x00000000c0800000, 0x00000000c0800000|100%|HC|  |TAMS 0x00000000c0800000, 0x00000000c0700000| Complete 
|   8|0x00000000c0800000, 0x00000000c0900000, 0x00000000c0900000|100%|HC|  |TAMS 0x00000000c0900000, 0x00000000c0800000| Complete 
|   9|0x00000000c0900000, 0x00000000c0a00000, 0x00000000c0a00000|100%|HC|  |TAMS 0x00000000c0a00000, 0x00000000c0900000| Complete 
|  10|0x00000000c0a00000, 0x00000000c0b00000, 0x00000000c0b00000|100%|HC|  |TAMS 0x00000000c0b00000, 0x00000000c0a00000| Complete 
|  11|0x00000000c0b00000, 0x00000000c0c00000, 0x00000000c0c00000|100%|HS|  |TAMS 0x00000000c0c00000, 0x00000000c0b00000| Complete 
|  12|0x00000000c0c00000, 0x00000000c0d00000, 0x00000000c0d00000|100%|HC|  |TAMS 0x00000000c0d00000, 0x00000000c0c00000| Complete 
|  13|0x00000000c0d00000, 0x00000000c0e00000, 0x00000000c0e00000|100%|HC|  |TAMS 0x00000000c0e00000, 0x00000000c0d00000| Complete 
|  14|0x00000000c0e00000, 0x00000000c0f00000, 0x00000000c0f00000|100%| O|  |TAMS 0x00000000c0f00000, 0x00000000c0e00000| Untracked 
|  15|0x00000000c0f00000, 0x00000000c1000000, 0x00000000c1000000|100%| O|  |TAMS 0x00000000c1000000, 0x00000000c0f00000| Untracked 
|  16|0x00000000c1000000, 0x00000000c1100000, 0x00000000c1100000|100%| O|  |TAMS 0x00000000c1100000, 0x00000000c1000000| Untracked 
|  17|0x00000000c1100000, 0x00000000c1200000, 0x00000000c1200000|100%| O|  |TAMS 0x00000000c1200000, 0x00000000c1100000| Untracked 
|  18|0x00000000c1200000, 0x00000000c1300000, 0x00000000c1300000|100%| O|  |TAMS 0x00000000c1300000, 0x00000000c1200000| Untracked 
|  19|0x00000000c1300000, 0x00000000c1400000, 0x00000000c1400000|100%| O|  |TAMS 0x00000000c1400000, 0x00000000c1300000| Untracked 
|  20|0x00000000c1400000, 0x00000000c1500000, 0x00000000c1500000|100%| O|  |TAMS 0x00000000c1500000, 0x00000000c1400000| Untracked 
|  21|0x00000000c1500000, 0x00000000c1600000, 0x00000000c1600000|100%|HS|  |TAMS 0x00000000c1600000, 0x00000000c1500000| Complete 
|  22|0x00000000c1600000, 0x00000000c1700000, 0x00000000c1700000|100%|HC|  |TAMS 0x00000000c1700000, 0x00000000c1600000| Complete 
|  23|0x00000000c1700000, 0x00000000c1800000, 0x00000000c1800000|100%|HC|  |TAMS 0x00000000c1800000, 0x00000000c1700000| Complete 
|  24|0x00000000c1800000, 0x00000000c1900000, 0x00000000c1900000|100%|HC|  |TAMS 0x00000000c1900000, 0x00000000c1800000| Complete 
|  25|0x00000000c1900000, 0x00000000c1a00000, 0x00000000c1a00000|100%|HC|  |TAMS 0x00000000c1a00000, 0x00000000c1900000| Complete 
|  26|0x00000000c1a00000, 0x00000000c1b00000, 0x00000000c1b00000|100%|HC|  |TAMS 0x00000000c1b00000, 0x00000000c1a00000| Complete 
|  27|0x00000000c1b00000, 0x00000000c1c00000, 0x00000000c1c00000|100%|HC|  |TAMS 0x00000000c1c00000, 0x00000000c1b00000| Complete 
|  28|0x00000000c1c00000, 0x00000000c1d00000, 0x00000000c1d00000|100%| O|  |TAMS 0x00000000c1d00000, 0x00000000c1c00000| Untracked 
|  29|0x00000000c1d00000, 0x00000000c1e00000, 0x00000000c1e00000|100%|HS|  |TAMS 0x00000000c1e00000, 0x00000000c1d00000| Complete 
|  30|0x00000000c1e00000, 0x00000000c1f00000, 0x00000000c1f00000|100%|HC|  |TAMS 0x00000000c1f00000, 0x00000000c1e00000| Complete 
|  31|0x00000000c1f00000, 0x00000000c2000000, 0x00000000c2000000|100%|HC|  |TAMS 0x00000000c2000000, 0x00000000c1f00000| Complete 
|  32|0x00000000c2000000, 0x00000000c2000000, 0x00000000c2100000|  0%| F|  |TAMS 0x00000000c2000000, 0x00000000c2000000| Untracked 
|  33|0x00000000c2100000, 0x00000000c2200000, 0x00000000c2200000|100%| O|  |TAMS 0x00000000c2200000, 0x00000000c2100000| Untracked 
|  34|0x00000000c2200000, 0x00000000c224fa00, 0x00000000c2300000| 31%| O|  |TAMS 0x00000000c224fa00, 0x00000000c2200000| Untracked 
|  35|0x00000000c2300000, 0x00000000c2400000, 0x00000000c2400000|100%|HS|  |TAMS 0x00000000c2400000, 0x00000000c2300000| Complete 
|  36|0x00000000c2400000, 0x00000000c2500000, 0x00000000c2500000|100%|HC|  |TAMS 0x00000000c2500000, 0x00000000c2400000| Complete 
|  37|0x00000000c2500000, 0x00000000c2600000, 0x00000000c2600000|100%|HC|  |TAMS 0x00000000c2600000, 0x00000000c2500000| Complete 
|  38|0x00000000c2600000, 0x00000000c2700000, 0x00000000c2700000|100%|HC|  |TAMS 0x00000000c2700000, 0x00000000c2600000| Complete 
|  39|0x00000000c2700000, 0x00000000c2800000, 0x00000000c2800000|100%|HC|  |TAMS 0x00000000c2800000, 0x00000000c2700000| Complete 
|  40|0x00000000c2800000, 0x00000000c2900000, 0x00000000c2900000|100%|HS|  |TAMS 0x00000000c2900000, 0x00000000c2800000| Complete 
|  41|0x00000000c2900000, 0x00000000c2a00000, 0x00000000c2a00000|100%|HC|  |TAMS 0x00000000c2a00000, 0x00000000c2900000| Complete 
|  42|0x00000000c2a00000, 0x00000000c2b00000, 0x00000000c2b00000|100%|HC|  |TAMS 0x00000000c2b00000, 0x00000000c2a00000| Complete 
|  43|0x00000000c2b00000, 0x00000000c2c00000, 0x00000000c2c00000|100%|HS|  |TAMS 0x00000000c2c00000, 0x00000000c2b00000| Complete 
|  44|0x00000000c2c00000, 0x00000000c2d00000, 0x00000000c2d00000|100%|HC|  |TAMS 0x00000000c2d00000, 0x00000000c2c00000| Complete 
|  45|0x00000000c2d00000, 0x00000000c2e00000, 0x00000000c2e00000|100%|HC|  |TAMS 0x00000000c2e00000, 0x00000000c2d00000| Complete 
|  46|0x00000000c2e00000, 0x00000000c2f00000, 0x00000000c2f00000|100%|HS|  |TAMS 0x00000000c2f00000, 0x00000000c2e00000| Complete 
|  47|0x00000000c2f00000, 0x00000000c3000000, 0x00000000c3000000|100%|HC|  |TAMS 0x00000000c3000000, 0x00000000c2f00000| Complete 
|  48|0x00000000c3000000, 0x00000000c3100000, 0x00000000c3100000|100%|HC|  |TAMS 0x00000000c3100000, 0x00000000c3000000| Complete 
|  49|0x00000000c3100000, 0x00000000c3200000, 0x00000000c3200000|100%|HS|  |TAMS 0x00000000c3200000, 0x00000000c3100000| Complete 
|  50|0x00000000c3200000, 0x00000000c3300000, 0x00000000c3300000|100%|HC|  |TAMS 0x00000000c3300000, 0x00000000c3200000| Complete 
|  51|0x00000000c3300000, 0x00000000c3400000, 0x00000000c3400000|100%|HC|  |TAMS 0x00000000c3400000, 0x00000000c3300000| Complete 
|  52|0x00000000c3400000, 0x00000000c3500000, 0x00000000c3500000|100%|HC|  |TAMS 0x00000000c3500000, 0x00000000c3400000| Complete 
|  53|0x00000000c3500000, 0x00000000c3600000, 0x00000000c3600000|100%|HC|  |TAMS 0x00000000c3600000, 0x00000000c3500000| Complete 
|  54|0x00000000c3600000, 0x00000000c3600000, 0x00000000c3700000|  0%| F|  |TAMS 0x00000000c3600000, 0x00000000c3600000| Untracked 
|  55|0x00000000c3700000, 0x00000000c3700000, 0x00000000c3800000|  0%| F|  |TAMS 0x00000000c3700000, 0x00000000c3700000| Untracked 
|  56|0x00000000c3800000, 0x00000000c3800000, 0x00000000c3900000|  0%| F|  |TAMS 0x00000000c3800000, 0x00000000c3800000| Untracked 
|  57|0x00000000c3900000, 0x00000000c3900000, 0x00000000c3a00000|  0%| F|  |TAMS 0x00000000c3900000, 0x00000000c3900000| Untracked 
|  58|0x00000000c3a00000, 0x00000000c3a00000, 0x00000000c3b00000|  0%| F|  |TAMS 0x00000000c3a00000, 0x00000000c3a00000| Untracked 
|  59|0x00000000c3b00000, 0x00000000c3b00000, 0x00000000c3c00000|  0%| F|  |TAMS 0x00000000c3b00000, 0x00000000c3b00000| Untracked 
|  60|0x00000000c3c00000, 0x00000000c3c00000, 0x00000000c3d00000|  0%| F|  |TAMS 0x00000000c3c00000, 0x00000000c3c00000| Untracked 
|  61|0x00000000c3d00000, 0x00000000c3d00000, 0x00000000c3e00000|  0%| F|  |TAMS 0x00000000c3d00000, 0x00000000c3d00000| Untracked 
|  62|0x00000000c3e00000, 0x00000000c3e00000, 0x00000000c3f00000|  0%| F|  |TAMS 0x00000000c3e00000, 0x00000000c3e00000| Untracked 
|  63|0x00000000c3f00000, 0x00000000c3f00000, 0x00000000c4000000|  0%| F|  |TAMS 0x00000000c3f00000, 0x00000000c3f00000| Untracked 
|  64|0x00000000c4000000, 0x00000000c4000000, 0x00000000c4100000|  0%| F|  |TAMS 0x00000000c4000000, 0x00000000c4000000| Untracked 
|  65|0x00000000c4100000, 0x00000000c4100000, 0x00000000c4200000|  0%| F|  |TAMS 0x00000000c4100000, 0x00000000c4100000| Untracked 
|  66|0x00000000c4200000, 0x00000000c4287b70, 0x00000000c4300000| 53%| S|CS|TAMS 0x00000000c4200000, 0x00000000c4200000| Complete 
|  67|0x00000000c4300000, 0x00000000c4300000, 0x00000000c4400000|  0%| F|  |TAMS 0x00000000c4300000, 0x00000000c4300000| Untracked 
|  68|0x00000000c4400000, 0x00000000c4500000, 0x00000000c4500000|100%| S|CS|TAMS 0x00000000c4400000, 0x00000000c4400000| Complete 
|  69|0x00000000c4500000, 0x00000000c4500000, 0x00000000c4600000|  0%| F|  |TAMS 0x00000000c4500000, 0x00000000c4500000| Untracked 
|  70|0x00000000c4600000, 0x00000000c4600000, 0x00000000c4700000|  0%| F|  |TAMS 0x00000000c4600000, 0x00000000c4600000| Untracked 
|  71|0x00000000c4700000, 0x00000000c4700000, 0x00000000c4800000|  0%| F|  |TAMS 0x00000000c4700000, 0x00000000c4700000| Untracked 
|  72|0x00000000c4800000, 0x00000000c4800000, 0x00000000c4900000|  0%| F|  |TAMS 0x00000000c4800000, 0x00000000c4800000| Untracked 
|  73|0x00000000c4900000, 0x00000000c4900000, 0x00000000c4a00000|  0%| F|  |TAMS 0x00000000c4900000, 0x00000000c4900000| Untracked 
|  74|0x00000000c4a00000, 0x00000000c4a00000, 0x00000000c4b00000|  0%| F|  |TAMS 0x00000000c4a00000, 0x00000000c4a00000| Untracked 
|  75|0x00000000c4b00000, 0x00000000c4b00000, 0x00000000c4c00000|  0%| F|  |TAMS 0x00000000c4b00000, 0x00000000c4b00000| Untracked 
|  76|0x00000000c4c00000, 0x00000000c4c00000, 0x00000000c4d00000|  0%| F|  |TAMS 0x00000000c4c00000, 0x00000000c4c00000| Untracked 
|  77|0x00000000c4d00000, 0x00000000c4d00000, 0x00000000c4e00000|  0%| F|  |TAMS 0x00000000c4d00000, 0x00000000c4d00000| Untracked 
|  78|0x00000000c4e00000, 0x00000000c4e00000, 0x00000000c4f00000|  0%| F|  |TAMS 0x00000000c4e00000, 0x00000000c4e00000| Untracked 
|  79|0x00000000c4f00000, 0x00000000c4f00000, 0x00000000c5000000|  0%| F|  |TAMS 0x00000000c4f00000, 0x00000000c4f00000| Untracked 
|  80|0x00000000c5000000, 0x00000000c5000000, 0x00000000c5100000|  0%| F|  |TAMS 0x00000000c5000000, 0x00000000c5000000| Untracked 
|  81|0x00000000c5100000, 0x00000000c5100000, 0x00000000c5200000|  0%| F|  |TAMS 0x00000000c5100000, 0x00000000c5100000| Untracked 
|  82|0x00000000c5200000, 0x00000000c5200000, 0x00000000c5300000|  0%| F|  |TAMS 0x00000000c5200000, 0x00000000c5200000| Untracked 
|  83|0x00000000c5300000, 0x00000000c5300000, 0x00000000c5400000|  0%| F|  |TAMS 0x00000000c5300000, 0x00000000c5300000| Untracked 
|  84|0x00000000c5400000, 0x00000000c5400000, 0x00000000c5500000|  0%| F|  |TAMS 0x00000000c5400000, 0x00000000c5400000| Untracked 
|  85|0x00000000c5500000, 0x00000000c5500000, 0x00000000c5600000|  0%| F|  |TAMS 0x00000000c5500000, 0x00000000c5500000| Untracked 
|  86|0x00000000c5600000, 0x00000000c5600000, 0x00000000c5700000|  0%| F|  |TAMS 0x00000000c5600000, 0x00000000c5600000| Untracked 
|  87|0x00000000c5700000, 0x00000000c5700000, 0x00000000c5800000|  0%| F|  |TAMS 0x00000000c5700000, 0x00000000c5700000| Untracked 
|  88|0x00000000c5800000, 0x00000000c5800000, 0x00000000c5900000|  0%| F|  |TAMS 0x00000000c5800000, 0x00000000c5800000| Untracked 
|  89|0x00000000c5900000, 0x00000000c5900000, 0x00000000c5a00000|  0%| F|  |TAMS 0x00000000c5900000, 0x00000000c5900000| Untracked 
|  90|0x00000000c5a00000, 0x00000000c5a00000, 0x00000000c5b00000|  0%| F|  |TAMS 0x00000000c5a00000, 0x00000000c5a00000| Untracked 
|  91|0x00000000c5b00000, 0x00000000c5b00000, 0x00000000c5c00000|  0%| F|  |TAMS 0x00000000c5b00000, 0x00000000c5b00000| Untracked 
|  92|0x00000000c5c00000, 0x00000000c5c00000, 0x00000000c5d00000|  0%| F|  |TAMS 0x00000000c5c00000, 0x00000000c5c00000| Untracked 
|  93|0x00000000c5d00000, 0x00000000c5d00000, 0x00000000c5e00000|  0%| F|  |TAMS 0x00000000c5d00000, 0x00000000c5d00000| Untracked 
|  94|0x00000000c5e00000, 0x00000000c5e00000, 0x00000000c5f00000|  0%| F|  |TAMS 0x00000000c5e00000, 0x00000000c5e00000| Untracked 
|  95|0x00000000c5f00000, 0x00000000c5f00000, 0x00000000c6000000|  0%| F|  |TAMS 0x00000000c5f00000, 0x00000000c5f00000| Untracked 
|  96|0x00000000c6000000, 0x00000000c6000000, 0x00000000c6100000|  0%| F|  |TAMS 0x00000000c6000000, 0x00000000c6000000| Untracked 
|  97|0x00000000c6100000, 0x00000000c6100000, 0x00000000c6200000|  0%| F|  |TAMS 0x00000000c6100000, 0x00000000c6100000| Untracked 
|  98|0x00000000c6200000, 0x00000000c6200000, 0x00000000c6300000|  0%| F|  |TAMS 0x00000000c6200000, 0x00000000c6200000| Untracked 
|  99|0x00000000c6300000, 0x00000000c6300000, 0x00000000c6400000|  0%| F|  |TAMS 0x00000000c6300000, 0x00000000c6300000| Untracked 
| 100|0x00000000c6400000, 0x00000000c6400000, 0x00000000c6500000|  0%| F|  |TAMS 0x00000000c6400000, 0x00000000c6400000| Untracked 
| 101|0x00000000c6500000, 0x00000000c6500000, 0x00000000c6600000|  0%| F|  |TAMS 0x00000000c6500000, 0x00000000c6500000| Untracked 
| 102|0x00000000c6600000, 0x00000000c6600000, 0x00000000c6700000|  0%| F|  |TAMS 0x00000000c6600000, 0x00000000c6600000| Untracked 
| 103|0x00000000c6700000, 0x00000000c6700000, 0x00000000c6800000|  0%| F|  |TAMS 0x00000000c6700000, 0x00000000c6700000| Untracked 
| 104|0x00000000c6800000, 0x00000000c6800000, 0x00000000c6900000|  0%| F|  |TAMS 0x00000000c6800000, 0x00000000c6800000| Untracked 
| 105|0x00000000c6900000, 0x00000000c6900000, 0x00000000c6a00000|  0%| F|  |TAMS 0x00000000c6900000, 0x00000000c6900000| Untracked 
| 106|0x00000000c6a00000, 0x00000000c6a00000, 0x00000000c6b00000|  0%| F|  |TAMS 0x00000000c6a00000, 0x00000000c6a00000| Untracked 
| 107|0x00000000c6b00000, 0x00000000c6b00000, 0x00000000c6c00000|  0%| F|  |TAMS 0x00000000c6b00000, 0x00000000c6b00000| Untracked 
| 108|0x00000000c6c00000, 0x00000000c6c00000, 0x00000000c6d00000|  0%| F|  |TAMS 0x00000000c6c00000, 0x00000000c6c00000| Untracked 
| 109|0x00000000c6d00000, 0x00000000c6d00000, 0x00000000c6e00000|  0%| F|  |TAMS 0x00000000c6d00000, 0x00000000c6d00000| Untracked 
| 110|0x00000000c6e00000, 0x00000000c6e00000, 0x00000000c6f00000|  0%| F|  |TAMS 0x00000000c6e00000, 0x00000000c6e00000| Untracked 
| 111|0x00000000c6f00000, 0x00000000c6f20938, 0x00000000c7000000| 12%| E|  |TAMS 0x00000000c6f00000, 0x00000000c6f00000| Complete 
| 112|0x00000000c7000000, 0x00000000c7100000, 0x00000000c7100000|100%| E|CS|TAMS 0x00000000c7000000, 0x00000000c7000000| Complete 
| 113|0x00000000c7100000, 0x00000000c7200000, 0x00000000c7200000|100%| E|CS|TAMS 0x00000000c7100000, 0x00000000c7100000| Complete 

Card table byte_map: [0x000001e756cf0000,0x000001e756ef0000] _byte_map_base: 0x000001e7566f0000

Marking Bits (Prev, Next): (CMBitMap*) 0x000001e73fcca950, (CMBitMap*) 0x000001e73fcca990
 Prev Bits: [0x000001e7570f0000, 0x000001e7580f0000)
 Next Bits: [0x000001e7580f0000, 0x000001e7590f0000)

Polling page: 0x000001e73dbf0000

Metaspace:

Usage:
  Non-class:     11.76 MB used.
      Class:    918.72 KB used.
       Both:     12.66 MB used.

Virtual space:
  Non-class space:       64.00 MB reserved,      11.81 MB ( 18%) committed,  1 nodes.
      Class space:        1.00 GB reserved,       1.00 MB ( <1%) committed,  1 nodes.
             Both:        1.06 GB reserved,      12.81 MB (  1%) committed. 

Chunk freelists:
   Non-Class:  3.88 MB
       Class:  14.91 MB
        Both:  18.79 MB

MaxMetaspaceSize: unlimited
CompressedClassSpaceSize: 1.00 GB
Initial GC threshold: 21.00 MB
Current GC threshold: 21.38 MB
CDS: on
MetaspaceReclaimPolicy: balanced
 - commit_granule_bytes: 65536.
 - commit_granule_words: 8192.
 - virtual_space_node_default_size: 8388608.
 - enlarge_chunks_in_place: 1.
 - new_chunks_are_fully_committed: 0.
 - uncommit_free_chunks: 1.
 - use_allocation_guard: 0.
 - handle_deallocations: 1.


Internal statistics:

num_allocs_failed_limit: 0.
num_arena_births: 106.
num_arena_deaths: 0.
num_vsnodes_births: 2.
num_vsnodes_deaths: 0.
num_space_committed: 201.
num_space_uncommitted: 0.
num_chunks_returned_to_freelist: 0.
num_chunks_taken_from_freelist: 385.
num_chunk_merges: 0.
num_chunk_splits: 302.
num_chunks_enlarged: 241.
num_inconsistent_stats: 0.

CodeHeap 'non-profiled nmethods': size=120000Kb used=801Kb max_used=801Kb free=119198Kb
 bounds [0x000001e74f290000, 0x000001e74f500000, 0x000001e7567c0000]
CodeHeap 'profiled nmethods': size=120000Kb used=2943Kb max_used=2943Kb free=117056Kb
 bounds [0x000001e7477c0000, 0x000001e747aa0000, 0x000001e74ecf0000]
CodeHeap 'non-nmethods': size=5760Kb used=1615Kb max_used=1647Kb free=4144Kb
 bounds [0x000001e74ecf0000, 0x000001e74ef60000, 0x000001e74f290000]
 total_blobs=2563 nmethods=1624 adapters=852
 compilation: enabled
              stopped_count=0, restarted_count=0
 full_count=0

Compilation events (20 events):
Event: 9.978 Thread 0x000001e75bb02880 1615       3       jogamp.opengl.gl4.GL4bcImpl::glDisableVertexAttribArray (44 bytes)
Event: 9.979 Thread 0x000001e75bb02880 nmethod 1615 0x000001e747a9ba10 code [0x000001e747a9bca0, 0x000001e747a9c868]
Event: 9.979 Thread 0x000001e75bb02880 1616       3       processing.opengl.PJOGL::useProgram (11 bytes)
Event: 9.979 Thread 0x000001e75bb02880 nmethod 1616 0x000001e747a9cc90 code [0x000001e747a9ce40, 0x000001e747a9d028]
Event: 9.979 Thread 0x000001e75bb02880 1617       3       jogamp.opengl.gl4.GL4bcImpl::glUseProgram (44 bytes)
Event: 9.980 Thread 0x000001e75bb02880 nmethod 1617 0x000001e747a9d110 code [0x000001e747a9d3a0, 0x000001e747a9df68]
Event: 9.998 Thread 0x000001e75baf7e90 1618       4       java.util.concurrent.locks.AbstractQueuedSynchronizer$Node::getAndUnsetStatus (14 bytes)
Event: 9.999 Thread 0x000001e75baf7e90 nmethod 1618 0x000001e74f356d90 code [0x000001e74f356f00, 0x000001e74f356fd8]
Event: 10.017 Thread 0x000001e75baf7e90 1619       4       processing.opengl.PShader::setAttributeVBO (34 bytes)
Event: 10.024 Thread 0x000001e75baf7e90 nmethod 1619 0x000001e74f357090 code [0x000001e74f357260, 0x000001e74f357d98]
Event: 10.170 Thread 0x000001e75bb02880 1620       3       java.util.AbstractCollection::isEmpty (13 bytes)
Event: 10.170 Thread 0x000001e75bb02880 nmethod 1620 0x000001e747a9e390 code [0x000001e747a9e540, 0x000001e747a9e768]
Event: 10.170 Thread 0x000001e75bb02880 1621       3       java.util.concurrent.LinkedBlockingQueue::size (8 bytes)
Event: 10.170 Thread 0x000001e75bb02880 nmethod 1621 0x000001e747a9e810 code [0x000001e747a9e9a0, 0x000001e747a9ead8]
Event: 10.838 Thread 0x000001e75bb02880 1622       3       java.lang.AbstractStringBuilder::append (55 bytes)
Event: 10.839 Thread 0x000001e75bb02880 nmethod 1622 0x000001e747a9eb90 code [0x000001e747a9ed60, 0x000001e747a9f098]
Event: 10.873 Thread 0x000001e75bb02880 1623       3       java.util.ArrayList::clear (43 bytes)
Event: 10.874 Thread 0x000001e75bb02880 nmethod 1623 0x000001e747a9f210 code [0x000001e747a9f3c0, 0x000001e747a9f738]
Event: 10.880 Thread 0x000001e75bb02880 1624       3       jdk.internal.misc.Unsafe::getAndAddLong (27 bytes)
Event: 10.880 Thread 0x000001e75bb02880 nmethod 1624 0x000001e747a9f890 code [0x000001e747a9fa40, 0x000001e747a9fc88]

GC Heap History (20 events):
Event: 4.427 GC heap before
{Heap before GC invocations=11 (full 0):
 garbage-first heap   total 97280K, used 78187K [0x00000000c0000000, 0x0000000100000000)
  region size 1024K, 25 young (25600K), 2 survivors (2048K)
 Metaspace       used 12792K, committed 12992K, reserved 1114112K
  class space    used 913K, committed 1024K, reserved 1048576K
}
Event: 4.428 GC heap after
{Heap after GC invocations=12 (full 0):
 garbage-first heap   total 97280K, used 54584K [0x00000000c0000000, 0x0000000100000000)
  region size 1024K, 1 young (1024K), 1 survivors (1024K)
 Metaspace       used 12792K, committed 12992K, reserved 1114112K
  class space    used 913K, committed 1024K, reserved 1048576K
}
Event: 4.859 GC heap before
{Heap before GC invocations=13 (full 0):
 garbage-first heap   total 97280K, used 80184K [0x00000000c0000000, 0x0000000100000000)
  region size 1024K, 26 young (26624K), 1 survivors (1024K)
 Metaspace       used 12804K, committed 12992K, reserved 1114112K
  class space    used 913K, committed 1024K, reserved 1048576K
}
Event: 4.860 GC heap after
{Heap after GC invocations=14 (full 0):
 garbage-first heap   total 116736K, used 54362K [0x00000000c0000000, 0x0000000100000000)
  region size 1024K, 1 young (1024K), 1 survivors (1024K)
 Metaspace       used 12804K, committed 12992K, reserved 1114112K
  class space    used 913K, committed 1024K, reserved 1048576K
}
Event: 5.621 GC heap before
{Heap before GC invocations=14 (full 0):
 garbage-first heap   total 116736K, used 98394K [0x00000000c0000000, 0x0000000100000000)
  region size 1024K, 44 young (45056K), 1 survivors (1024K)
 Metaspace       used 12816K, committed 12992K, reserved 1114112K
  class space    used 913K, committed 1024K, reserved 1048576K
}
Event: 5.622 GC heap after
{Heap after GC invocations=15 (full 0):
 garbage-first heap   total 116736K, used 53679K [0x00000000c0000000, 0x0000000100000000)
  region size 1024K, 1 young (1024K), 1 survivors (1024K)
 Metaspace       used 12816K, committed 12992K, reserved 1114112K
  class space    used 913K, committed 1024K, reserved 1048576K
}
Event: 6.373 GC heap before
{Heap before GC invocations=16 (full 0):
 garbage-first heap   total 116736K, used 98735K [0x00000000c0000000, 0x0000000100000000)
  region size 1024K, 45 young (46080K), 1 survivors (1024K)
 Metaspace       used 12855K, committed 13056K, reserved 1114112K
  class space    used 914K, committed 1024K, reserved 1048576K
}
Event: 6.374 GC heap after
{Heap after GC invocations=17 (full 0):
 garbage-first heap   total 116736K, used 54030K [0x00000000c0000000, 0x0000000100000000)
  region size 1024K, 1 young (1024K), 1 survivors (1024K)
 Metaspace       used 12855K, committed 13056K, reserved 1114112K
  class space    used 914K, committed 1024K, reserved 1048576K
}
Event: 7.138 GC heap before
{Heap before GC invocations=17 (full 0):
 garbage-first heap   total 116736K, used 99086K [0x00000000c0000000, 0x0000000100000000)
  region size 1024K, 45 young (46080K), 1 survivors (1024K)
 Metaspace       used 12858K, committed 13056K, reserved 1114112K
  class space    used 914K, committed 1024K, reserved 1048576K
}
Event: 7.139 GC heap after
{Heap after GC invocations=18 (full 0):
 garbage-first heap   total 116736K, used 54657K [0x00000000c0000000, 0x0000000100000000)
  region size 1024K, 2 young (2048K), 2 survivors (2048K)
 Metaspace       used 12858K, committed 13056K, reserved 1114112K
  class space    used 914K, committed 1024K, reserved 1048576K
}
Event: 7.907 GC heap before
{Heap before GC invocations=19 (full 0):
 garbage-first heap   total 116736K, used 98689K [0x00000000c0000000, 0x0000000100000000)
  region size 1024K, 45 young (46080K), 2 survivors (2048K)
 Metaspace       used 12888K, committed 13056K, reserved 1114112K
  class space    used 914K, committed 1024K, reserved 1048576K
}
Event: 7.908 GC heap after
{Heap after GC invocations=20 (full 0):
 garbage-first heap   total 116736K, used 53832K [0x00000000c0000000, 0x0000000100000000)
  region size 1024K, 1 young (1024K), 1 survivors (1024K)
 Metaspace       used 12888K, committed 13056K, reserved 1114112K
  class space    used 914K, committed 1024K, reserved 1048576K
}
Event: 8.626 GC heap before
{Heap before GC invocations=20 (full 0):
 garbage-first heap   total 116736K, used 99912K [0x00000000c0000000, 0x0000000100000000)
  region size 1024K, 46 young (47104K), 1 survivors (1024K)
 Metaspace       used 12901K, committed 13120K, reserved 1114112K
  class space    used 914K, committed 1024K, reserved 1048576K
}
Event: 8.628 GC heap after
{Heap after GC invocations=21 (full 0):
 garbage-first heap   total 116736K, used 54923K [0x00000000c0000000, 0x0000000100000000)
  region size 1024K, 2 young (2048K), 2 survivors (2048K)
 Metaspace       used 12901K, committed 13120K, reserved 1114112K
  class space    used 914K, committed 1024K, reserved 1048576K
}
Event: 9.339 GC heap before
{Heap before GC invocations=22 (full 0):
 garbage-first heap   total 116736K, used 98955K [0x00000000c0000000, 0x0000000100000000)
  region size 1024K, 45 young (46080K), 2 survivors (2048K)
 Metaspace       used 12901K, committed 13120K, reserved 1114112K
  class space    used 914K, committed 1024K, reserved 1048576K
}
Event: 9.340 GC heap after
{Heap after GC invocations=23 (full 0):
 garbage-first heap   total 116736K, used 54537K [0x00000000c0000000, 0x0000000100000000)
  region size 1024K, 1 young (1024K), 1 survivors (1024K)
 Metaspace       used 12901K, committed 13120K, reserved 1114112K
  class space    used 914K, committed 1024K, reserved 1048576K
}
Event: 10.091 GC heap before
{Heap before GC invocations=23 (full 0):
 garbage-first heap   total 116736K, used 100617K [0x00000000c0000000, 0x0000000100000000)
  region size 1024K, 46 young (47104K), 1 survivors (1024K)
 Metaspace       used 12914K, committed 13120K, reserved 1114112K
  class space    used 914K, committed 1024K, reserved 1048576K
}
Event: 10.091 GC heap after
{Heap after GC invocations=24 (full 0):
 garbage-first heap   total 116736K, used 53721K [0x00000000c0000000, 0x0000000100000000)
  region size 1024K, 1 young (1024K), 1 survivors (1024K)
 Metaspace       used 12914K, committed 13120K, reserved 1114112K
  class space    used 914K, committed 1024K, reserved 1048576K
}
Event: 10.807 GC heap before
{Heap before GC invocations=25 (full 0):
 garbage-first heap   total 116736K, used 99801K [0x00000000c0000000, 0x0000000100000000)
  region size 1024K, 46 young (47104K), 1 survivors (1024K)
 Metaspace       used 12915K, committed 13120K, reserved 1114112K
  class space    used 914K, committed 1024K, reserved 1048576K
}
Event: 10.808 GC heap after
{Heap after GC invocations=26 (full 0):
 garbage-first heap   total 116736K, used 55133K [0x00000000c0000000, 0x0000000100000000)
  region size 1024K, 2 young (2048K), 2 survivors (2048K)
 Metaspace       used 12915K, committed 13120K, reserved 1114112K
  class space    used 914K, committed 1024K, reserved 1048576K
}

Dll operation events (14 events):
Event: 0.008 Loaded shared library C:\Program Files\Processing\app\resources\jdk-17.0.14+7\bin\java.dll
Event: 0.021 Loaded shared library C:\Program Files\Processing\app\resources\jdk-17.0.14+7\bin\jsvml.dll
Event: 0.078 Loaded shared library C:\Program Files\Processing\app\resources\jdk-17.0.14+7\bin\net.dll
Event: 0.079 Loaded shared library C:\Program Files\Processing\app\resources\jdk-17.0.14+7\bin\nio.dll
Event: 0.083 Loaded shared library C:\Program Files\Processing\app\resources\jdk-17.0.14+7\bin\zip.dll
Event: 0.140 Loaded shared library C:\Program Files\Processing\app\resources\jdk-17.0.14+7\bin\jimage.dll
Event: 0.144 Loaded shared library C:\Program Files\Processing\app\resources\jdk-17.0.14+7\bin\awt.dll
Event: 0.574 Loaded shared library C:\Users\danil\AppData\Local\Temp\jogamp_0000\file_cache\jln15506850679930464001\jln11003205565705904\natives\windows-amd64\gluegen_rt.dll
Event: 0.583 Loaded shared library C:\Program Files\Processing\app\resources\jdk-17.0.14+7\bin\jawt.dll
Event: 0.596 Loaded shared library C:\Users\danil\AppData\Local\Temp\jogamp_0000\file_cache\jln15506850679930464001\jln11003205565705904\natives\windows-amd64\nativewindow_awt.dll
Event: 0.634 Loaded shared library C:\Users\danil\AppData\Local\Temp\jogamp_0000\file_cache\jln15506850679930464001\jln11003205565705904\natives\windows-amd64\nativewindow_win32.dll
Event: 0.758 Loaded shared library C:\Users\danil\AppData\Local\Temp\jogamp_0000\file_cache\jln15506850679930464001\jln11003205565705904\natives\windows-amd64\jogl_desktop.dll
Event: 1.024 Loaded shared library C:\Users\danil\AppData\Local\Temp\jogamp_0000\file_cache\jln15506850679930464001\jln11003205565705904\natives\windows-amd64\jogl_mobile.dll
Event: 2.009 Loaded shared library C:\Users\danil\AppData\Local\Temp\jogamp_0000\file_cache\jln15506850679930464001\jln11003205565705904\natives\windows-amd64\newt_head.dll

Deoptimization events (20 events):
Event: 10.760 Thread 0x000001e7a3067d40 DEOPT PACKING pc=0x000001e747a96641 sp=0x0000009e91bfec40
Event: 10.760 Thread 0x000001e7a3067d40 DEOPT UNPACKING pc=0x000001e74ed4ace3 sp=0x0000009e91bfe130 mode 1
Event: 10.760 Thread 0x000001e7a3067d40 DEOPT PACKING pc=0x000001e747a93274 sp=0x0000009e91bfecd0
Event: 10.760 Thread 0x000001e7a3067d40 DEOPT UNPACKING pc=0x000001e74ed4ace3 sp=0x0000009e91bfe188 mode 1
Event: 10.799 Thread 0x000001e7a3067d40 DEOPT PACKING pc=0x000001e747a96641 sp=0x0000009e91bfebf0
Event: 10.799 Thread 0x000001e7a3067d40 DEOPT UNPACKING pc=0x000001e74ed4ace3 sp=0x0000009e91bfe0e0 mode 1
Event: 10.799 Thread 0x000001e7a3067d40 DEOPT PACKING pc=0x000001e747a93274 sp=0x0000009e91bfec80
Event: 10.799 Thread 0x000001e7a3067d40 DEOPT UNPACKING pc=0x000001e74ed4ace3 sp=0x0000009e91bfe138 mode 1
Event: 10.799 Thread 0x000001e7a3067d40 DEOPT PACKING pc=0x000001e747a96641 sp=0x0000009e91bfec40
Event: 10.799 Thread 0x000001e7a3067d40 DEOPT UNPACKING pc=0x000001e74ed4ace3 sp=0x0000009e91bfe130 mode 1
Event: 10.799 Thread 0x000001e7a3067d40 DEOPT PACKING pc=0x000001e747a93274 sp=0x0000009e91bfecd0
Event: 10.799 Thread 0x000001e7a3067d40 DEOPT UNPACKING pc=0x000001e74ed4ace3 sp=0x0000009e91bfe188 mode 1
Event: 10.859 Thread 0x000001e7a19bba30 Uncommon trap: trap_request=0xffffff45 fr.pc=0x000001e74f309768 relative=0x00000000000001e8
Event: 10.859 Thread 0x000001e7a19bba30 Uncommon trap: reason=unstable_if action=reinterpret pc=0x000001e74f309768 method=java.util.HashMap$HashIterator.<init>(Ljava/util/HashMap;)V @ 38 c2
Event: 10.859 Thread 0x000001e7a19bba30 DEOPT PACKING pc=0x000001e74f309768 sp=0x0000009e90dff360
Event: 10.859 Thread 0x000001e7a19bba30 DEOPT UNPACKING pc=0x000001e74ed4a1a3 sp=0x0000009e90dff308 mode 2
Event: 10.872 Thread 0x000001e7a19bba30 Uncommon trap: trap_request=0xffffff45 fr.pc=0x000001e74f349870 relative=0x00000000000000f0
Event: 10.872 Thread 0x000001e7a19bba30 Uncommon trap: reason=unstable_if action=reinterpret pc=0x000001e74f349870 method=com.jogamp.common.util.IntIntHashMap.put(II)I @ 21 c2
Event: 10.872 Thread 0x000001e7a19bba30 DEOPT PACKING pc=0x000001e74f349870 sp=0x0000009e90dff0e0
Event: 10.872 Thread 0x000001e7a19bba30 DEOPT UNPACKING pc=0x000001e74ed4a1a3 sp=0x0000009e90dff048 mode 2

Classes loaded (20 events):
Event: 2.237 Loading class java/util/concurrent/Callable done
Event: 2.237 Loading class java/util/concurrent/Executors$RunnableAdapter done
Event: 2.237 Loading class java/util/concurrent/ThreadPoolExecutor$Worker
Event: 2.237 Loading class java/util/concurrent/ThreadPoolExecutor$Worker done
Event: 2.238 Loading class java/util/concurrent/locks/AbstractQueuedSynchronizer$SharedNode
Event: 2.238 Loading class java/util/concurrent/locks/AbstractQueuedSynchronizer$SharedNode done
Event: 2.351 Loading class sun/nio/cs/StreamDecoder
Event: 2.351 Loading class sun/nio/cs/StreamDecoder done
Event: 2.352 Loading class java/util/regex/Pattern$LookBehindEndNode
Event: 2.352 Loading class java/util/regex/Pattern$LookBehindEndNode done
Event: 2.352 Loading class java/util/regex/Pattern$NotBehind
Event: 2.352 Loading class java/util/regex/Pattern$NotBehind done
Event: 2.352 Loading class java/util/regex/Pattern$Neg
Event: 2.353 Loading class java/util/regex/Pattern$Neg done
Event: 2.353 Loading class java/util/regex/Pattern$Pos
Event: 2.353 Loading class java/util/regex/Pattern$Pos done
Event: 2.366 Loading class java/util/regex/Pattern$SliceS
Event: 2.367 Loading class java/util/regex/Pattern$SliceS done
Event: 10.838 Loading class java/nio/channels/ClosedChannelException
Event: 10.838 Loading class java/nio/channels/ClosedChannelException done

Classes unloaded (0 events):
No events

Classes redefined (0 events):
No events

Internal exceptions (20 events):
Event: 0.122 Thread 0x000001e73fc8a6c0 Exception <a 'java/lang/NoSuchMethodError'{0x00000000c3ce7218}: 'void java.lang.invoke.DirectMethodHandle$Holder.invokeStatic(java.lang.Object, java.lang.Object, java.lang.Object)'> (0x00000000c3ce7218) 
thrown [s\src\hotspot\share\interpreter\linkResolver.cpp, line 759]
Event: 0.132 Thread 0x000001e73fc8a6c0 Exception <a 'java/lang/ClassNotFoundException'{0x00000000c3b0f428}: sun/awt/resources/spi/awtProvider> (0x00000000c3b0f428) 
thrown [s\src\hotspot\share\classfile\systemDictionary.cpp, line 256]
Event: 0.156 Thread 0x000001e73fc8a6c0 Exception <a 'java/io/FileNotFoundException'{0x00000000c3b64d68}> (0x00000000c3b64d68) 
thrown [s\src\hotspot\share\prims\jni.cpp, line 516]
Event: 0.164 Thread 0x000001e73fc8a6c0 Exception <a 'java/io/FileNotFoundException'{0x00000000c3b921b0}> (0x00000000c3b921b0) 
thrown [s\src\hotspot\share\prims\jni.cpp, line 516]
Event: 0.215 Thread 0x000001e73fc8a6c0 Exception <a 'java/lang/NoSuchMethodError'{0x00000000c3a3f200}: 'java.lang.Object java.lang.invoke.DirectMethodHandle$Holder.invokeStaticInit(java.lang.Object)'> (0x00000000c3a3f200) 
thrown [s\src\hotspot\share\interpreter\linkResolver.cpp, line 759]
Event: 0.327 Thread 0x000001e73fc8a6c0 Exception <a 'java/lang/NoSuchMethodError'{0x00000000c364f258}: 'java.lang.Object java.lang.invoke.DirectMethodHandle$Holder.invokeStaticInit(java.lang.Object, int, int, int, int)'> (0x00000000c364f258) 
thrown [s\src\hotspot\share\interpreter\linkResolver.cpp, line 759]
Event: 0.376 Thread 0x000001e73fc8a6c0 Exception <a 'java/lang/NoSuchMethodError'{0x00000000c3537eb8}: 'java.lang.Object java.lang.invoke.DirectMethodHandle$Holder.invokeStaticInit(java.lang.Object, java.lang.Object, int, int, int, int)'> (0x00000000c3537eb8) 
thrown [s\src\hotspot\share\interpreter\linkResolver.cpp, line 759]
Event: 0.421 Thread 0x000001e73fc8a6c0 Exception <a 'java/lang/NoSuchMethodError'{0x00000000c3543608}: 'void java.lang.invoke.DirectMethodHandle$Holder.invokeStatic(java.lang.Object, long)'> (0x00000000c3543608) 
thrown [s\src\hotspot\share\interpreter\linkResolver.cpp, line 759]
Event: 0.422 Thread 0x000001e73fc8a6c0 Exception <a 'java/lang/NoSuchMethodError'{0x00000000c3548be8}: 'java.lang.Object java.lang.invoke.DirectMethodHandle$Holder.newInvokeSpecial(java.lang.Object, long)'> (0x00000000c3548be8) 
thrown [s\src\hotspot\share\interpreter\linkResolver.cpp, line 759]
Event: 0.424 Thread 0x000001e73fc8a6c0 Exception <a 'java/lang/NoSuchMethodError'{0x00000000c3553400}: 'java.lang.Object java.lang.invoke.DirectMethodHandle$Holder.invokeStaticInit(java.lang.Object, java.lang.Object, long, java.lang.Object)'> (0x00000000c3553400) 
thrown [s\src\hotspot\share\interpreter\linkResolver.cpp, line 759]
Event: 0.425 Thread 0x000001e73fc8a6c0 Exception <a 'java/lang/NoSuchMethodError'{0x00000000c35599c0}: 'java.lang.Object java.lang.invoke.DirectMethodHandle$Holder.newInvokeSpecial(java.lang.Object, java.lang.Object, long)'> (0x00000000c35599c0) 
thrown [s\src\hotspot\share\interpreter\linkResolver.cpp, line 759]
Event: 0.425 Thread 0x000001e73fc8a6c0 Exception <a 'java/lang/NoSuchMethodError'{0x00000000c355d530}: 'java.lang.Object java.lang.invoke.Invokers$Holder.linkToTargetMethod(java.lang.Object, long, java.lang.Object)'> (0x00000000c355d530) 
thrown [s\src\hotspot\share\interpreter\linkResolver.cpp, line 759]
Event: 0.609 Thread 0x000001e73fc8a6c0 Exception <a 'java/lang/NoSuchMethodError'{0x00000000c34cdf10}: 'java.lang.Object java.lang.invoke.DirectMethodHandle$Holder.invokeInterface(java.lang.Object, java.lang.Object)'> (0x00000000c34cdf10) 
thrown [s\src\hotspot\share\interpreter\linkResolver.cpp, line 759]
Event: 0.610 Thread 0x000001e73fc8a6c0 Exception <a 'java/lang/IncompatibleClassChangeError'{0x00000000c34d1830}: Found class java.lang.Object, but interface was expected> (0x00000000c34d1830) 
thrown [s\src\hotspot\share\interpreter\linkResolver.cpp, line 826]
Event: 2.110 Thread 0x000001e73fc8a6c0 Exception <a 'java/lang/NoSuchMethodError'{0x00000000c33f5038}: 'void java.lang.invoke.DirectMethodHandle$Holder.invokeSpecial(java.lang.Object, java.lang.Object, java.lang.Object, java.lang.Object, java.lang.Object)'> (0x00000000c33f5038) 
thrown [s\src\hotspot\share\interpreter\linkResolver.cpp, line 759]
Event: 2.112 Thread 0x000001e73fc8a6c0 Exception <a 'java/lang/NoSuchMethodError'{0x00000000c33fdff8}: 'void java.lang.invoke.DirectMethodHandle$Holder.invokeSpecial(java.lang.Object, java.lang.Object, java.lang.Object)'> (0x00000000c33fdff8) 
thrown [s\src\hotspot\share\interpreter\linkResolver.cpp, line 759]
Event: 2.112 Thread 0x000001e73fc8a6c0 Exception <a 'java/lang/NoSuchMethodError'{0x00000000c3204570}: 'void java.lang.invoke.DirectMethodHandle$Holder.invokeSpecial(java.lang.Object, java.lang.Object, int)'> (0x00000000c3204570) 
thrown [s\src\hotspot\share\interpreter\linkResolver.cpp, line 759]
Event: 2.113 Thread 0x000001e73fc8a6c0 Exception <a 'java/lang/NoSuchMethodError'{0x00000000c320a588}: 'java.lang.Object java.lang.invoke.DirectMethodHandle$Holder.newInvokeSpecial(java.lang.Object, java.lang.Object, int)'> (0x00000000c320a588) 
thrown [s\src\hotspot\share\interpreter\linkResolver.cpp, line 759]
Event: 10.837 Thread 0x000001e7a3067860 Exception <a 'java/lang/InterruptedException'{0x00000000c700e5e0}> (0x00000000c700e5e0) 
thrown [s\src\hotspot\share\runtime\objectMonitor.cpp, line 1658]
Event: 10.872 Thread 0x000001e7a19bba30 Implicit null exception at 0x000001e74f3497c4 to 0x000001e74f34984c

VM Operations (20 events):
Event: 7.149 Executing VM operation: G1PauseCleanup done
Event: 7.907 Executing VM operation: G1CollectForAllocation
Event: 7.908 Executing VM operation: G1CollectForAllocation done
Event: 8.626 Executing VM operation: G1CollectForAllocation
Event: 8.628 Executing VM operation: G1CollectForAllocation done
Event: 8.635 Executing VM operation: G1PauseRemark
Event: 8.636 Executing VM operation: G1PauseRemark done
Event: 8.639 Executing VM operation: G1PauseCleanup
Event: 8.639 Executing VM operation: G1PauseCleanup done
Event: 9.339 Executing VM operation: G1CollectForAllocation
Event: 9.340 Executing VM operation: G1CollectForAllocation done
Event: 10.090 Executing VM operation: G1CollectForAllocation
Event: 10.091 Executing VM operation: G1CollectForAllocation done
Event: 10.097 Executing VM operation: G1PauseRemark
Event: 10.098 Executing VM operation: G1PauseRemark done
Event: 10.100 Executing VM operation: G1PauseCleanup
Event: 10.100 Executing VM operation: G1PauseCleanup done
Event: 10.807 Executing VM operation: G1CollectForAllocation
Event: 10.808 Executing VM operation: G1CollectForAllocation done
Event: 10.940 Executing VM operation: Exit

Memory protections (0 events):
No events

Nmethod flushes (0 events):
No events

Events (20 events):
Event: 2.238 Thread 0x000001e7a3067d40 Thread added: 0x000001e7b4e44340
Event: 2.238 Thread 0x000001e7a3067d40 Thread added: 0x000001e7b4e40b90
Event: 2.238 Thread 0x000001e7a3067d40 Thread added: 0x000001e7b4e47af0
Event: 2.239 Thread 0x000001e75bb02880 Thread added: 0x000001e7b4fbc730
Event: 2.623 Thread 0x000001e7b4fbc730 Thread exited: 0x000001e7b4fbc730
Event: 2.771 Thread 0x000001e7a3387110 Thread exited: 0x000001e7a3387110
Event: 7.597 Thread 0x000001e7a146e890 Thread added: 0x000001e7b4e461a0
Event: 8.606 Thread 0x000001e7b4e461a0 Thread exited: 0x000001e7b4e461a0
Event: 10.837 Thread 0x000001e7a3067d40 Thread added: 0x000001e7b4e44850
Event: 10.837 Thread 0x000001e7a3067d40 Thread added: 0x000001e7b4e46bc0
Event: 10.837 Thread 0x000001e7a3067d40 Thread added: 0x000001e7b4e44d60
Event: 10.837 Thread 0x000001e7a3067860 Thread exited: 0x000001e7a3067860
Event: 10.838 Thread 0x000001e7a146e890 Thread added: 0x000001e7b4e45270
Event: 10.838 Thread 0x000001e7b4e44d60 Thread exited: 0x000001e7b4e44d60
Event: 10.838 Thread 0x000001e7a28be0c0 Thread exited: 0x000001e7a28be0c0
Event: 10.840 Thread 0x000001e7a146e890 Thread exited: 0x000001e7a146e890
Event: 10.875 Thread 0x000001e7a19bba30 Thread exited: 0x000001e7a19bba30
Event: 10.881 Thread 0x000001e7b4e44850 Thread exited: 0x000001e7b4e44850
Event: 10.939 Thread 0x000001e7b4e46bc0 Thread exited: 0x000001e7b4e46bc0
Event: 10.940 Thread 0x000001e7a3067d40 Before exit entered


Dynamic libraries:
0x00007ff76a320000 - 0x00007ff76a32e000 	C:\Program Files\Processing\app\resources\jdk-17.0.14+7\bin\java.exe
0x00007ffbfaf00000 - 0x00007ffbfb166000 	C:\WINDOWS\SYSTEM32\ntdll.dll
0x00007ffbf8fd0000 - 0x00007ffbf9099000 	C:\WINDOWS\System32\KERNEL32.DLL
0x00007ffbf87b0000 - 0x00007ffbf8baa000 	C:\WINDOWS\System32\KERNELBASE.dll
0x00007ffbf8190000 - 0x00007ffbf82dc000 	C:\WINDOWS\System32\ucrtbase.dll
0x00007ffbc8f70000 - 0x00007ffbc8f87000 	C:\Program Files\Processing\app\resources\jdk-17.0.14+7\bin\jli.dll
0x00007ffbc8f90000 - 0x00007ffbc8fae000 	C:\Program Files\Processing\app\resources\jdk-17.0.14+7\bin\VCRUNTIME140.dll
0x00007ffbfa250000 - 0x00007ffbfa417000 	C:\WINDOWS\System32\USER32.dll
0x00007ffbf8370000 - 0x00007ffbf8397000 	C:\WINDOWS\System32\win32u.dll
0x00007ffbdf5a0000 - 0x00007ffbdf832000 	C:\WINDOWS\WinSxS\amd64_microsoft.windows.common-controls_6595b64144ccf1df_6.0.26100.8521_none_3e08b75ce33403b3\COMCTL32.dll
0x00007ffbf8d50000 - 0x00007ffbf8d7b000 	C:\WINDOWS\System32\GDI32.dll
0x00007ffbf91e0000 - 0x00007ffbf9289000 	C:\WINDOWS\System32\msvcrt.dll
0x00007ffbf85d0000 - 0x00007ffbf86fb000 	C:\WINDOWS\System32\gdi32full.dll
0x00007ffbf8700000 - 0x00007ffbf87a3000 	C:\WINDOWS\System32\msvcp_win.dll
0x00007ffbf9c80000 - 0x00007ffbf9cb2000 	C:\WINDOWS\System32\IMM32.DLL
0x00007ffbf1800000 - 0x00007ffbf180c000 	C:\Program Files\Processing\app\resources\jdk-17.0.14+7\bin\vcruntime140_1.dll
0x00007ffbc8ee0000 - 0x00007ffbc8f6d000 	C:\Program Files\Processing\app\resources\jdk-17.0.14+7\bin\msvcp140.dll
0x00007ffb67bb0000 - 0x00007ffb6881b000 	C:\Program Files\Processing\app\resources\jdk-17.0.14+7\bin\server\jvm.dll
0x00007ffbf9d90000 - 0x00007ffbf9e46000 	C:\WINDOWS\System32\ADVAPI32.dll
0x00007ffbfa190000 - 0x00007ffbfa23a000 	C:\WINDOWS\System32\sechost.dll
0x00007ffbf9e50000 - 0x00007ffbf9f68000 	C:\WINDOWS\System32\RPCRT4.dll
0x00007ffbf90d0000 - 0x00007ffbf9150000 	C:\WINDOWS\System32\WS2_32.dll
0x00007ffbf8010000 - 0x00007ffbf806e000 	C:\WINDOWS\SYSTEM32\POWRPROF.dll
0x00007ffbdb520000 - 0x00007ffbdb556000 	C:\WINDOWS\SYSTEM32\WINMM.dll
0x00007ffbeda10000 - 0x00007ffbeda1b000 	C:\WINDOWS\SYSTEM32\VERSION.dll
0x00007ffbf7ff0000 - 0x00007ffbf8004000 	C:\WINDOWS\SYSTEM32\UMPDC.dll
0x00007ffbf6f00000 - 0x00007ffbf6f1b000 	C:\WINDOWS\SYSTEM32\kernel.appcore.dll
0x00007ffbcb370000 - 0x00007ffbcb37a000 	C:\Program Files\Processing\app\resources\jdk-17.0.14+7\bin\jimage.dll
0x00007ffbf2350000 - 0x00007ffbf2592000 	C:\WINDOWS\SYSTEM32\DBGHELP.DLL
0x00007ffbfa590000 - 0x00007ffbfa913000 	C:\WINDOWS\System32\combase.dll
0x00007ffbf9390000 - 0x00007ffbf9469000 	C:\WINDOWS\System32\OLEAUT32.dll
0x00007ffbf1a70000 - 0x00007ffbf1aab000 	C:\WINDOWS\SYSTEM32\dbgcore.DLL
0x00007ffbf83a0000 - 0x00007ffbf8448000 	C:\WINDOWS\System32\bcryptPrimitives.dll
0x00007ffbc8ea0000 - 0x00007ffbc8edb000 	C:\Program Files\Processing\app\resources\jdk-17.0.14+7\bin\jdwp.dll
0x00007ffbc8e70000 - 0x00007ffbc8e95000 	C:\Program Files\Processing\app\resources\jdk-17.0.14+7\bin\java.dll
0x00007ffbc8d90000 - 0x00007ffbc8e67000 	C:\Program Files\Processing\app\resources\jdk-17.0.14+7\bin\jsvml.dll
0x00007ffbf94f0000 - 0x00007ffbf9c74000 	C:\WINDOWS\System32\SHELL32.dll
0x00007ffbf5d20000 - 0x00007ffbf65a0000 	C:\WINDOWS\SYSTEM32\windows.storage.dll
0x00007ffbfa920000 - 0x00007ffbfaa16000 	C:\WINDOWS\System32\SHCORE.dll
0x00007ffbf8d80000 - 0x00007ffbf8de7000 	C:\WINDOWS\System32\shlwapi.dll
0x00007ffbf80b0000 - 0x00007ffbf80d9000 	C:\WINDOWS\SYSTEM32\profapi.dll
0x00007ffbc9c90000 - 0x00007ffbc9c9c000 	C:\Program Files\Processing\app\resources\jdk-17.0.14+7\bin\dt_socket.dll
0x00007ffbf68d0000 - 0x00007ffbf6903000 	C:\WINDOWS\SYSTEM32\IPHLPAPI.DLL
0x00007ffbf7490000 - 0x00007ffbf74fc000 	C:\WINDOWS\system32\mswsock.dll
0x00007ffbc8c00000 - 0x00007ffbc8c19000 	C:\Program Files\Processing\app\resources\jdk-17.0.14+7\bin\net.dll
0x00007ffbef7a0000 - 0x00007ffbef8c9000 	C:\WINDOWS\SYSTEM32\WINHTTP.dll
0x00007ffbc8be0000 - 0x00007ffbc8bf6000 	C:\Program Files\Processing\app\resources\jdk-17.0.14+7\bin\nio.dll
0x00007ffbc8bc0000 - 0x00007ffbc8bd8000 	C:\Program Files\Processing\app\resources\jdk-17.0.14+7\bin\zip.dll
0x00007ffbc7830000 - 0x00007ffbc79c0000 	C:\Program Files\Processing\app\resources\jdk-17.0.14+7\bin\awt.dll
0x00007ffbf4ba0000 - 0x00007ffbf4c40000 	C:\WINDOWS\SYSTEM32\apphelp.dll
0x00007ffbf5390000 - 0x00007ffbf543a000 	C:\WINDOWS\system32\uxtheme.dll
0x00007ffbfa430000 - 0x00007ffbfa58d000 	C:\WINDOWS\System32\MSCTF.dll
0x00007ffbf9f70000 - 0x00007ffbfa108000 	C:\WINDOWS\System32\ole32.dll
0x00007ffbf5640000 - 0x00007ffbf566f000 	C:\WINDOWS\system32\DWMAPI.DLL
0x00007ffbb6240000 - 0x00007ffbb634c000 	C:\WINDOWS\system32\opengl32.dll
0x00007ffbb94b0000 - 0x00007ffbb94dd000 	C:\WINDOWS\SYSTEM32\GLU32.dll
0x00007ffbf5490000 - 0x00007ffbf54d4000 	C:\WINDOWS\SYSTEM32\dxcore.dll
0x00007ffbf7770000 - 0x00007ffbf778b000 	C:\WINDOWS\SYSTEM32\CRYPTSP.dll
0x00007ffbf6e60000 - 0x00007ffbf6e99000 	C:\WINDOWS\system32\rsaenh.dll
0x00007ffbf7540000 - 0x00007ffbf7573000 	C:\WINDOWS\SYSTEM32\USERENV.dll
0x00007ffbf8080000 - 0x00007ffbf80aa000 	C:\WINDOWS\SYSTEM32\bcrypt.dll
0x00007ffbf7790000 - 0x00007ffbf779c000 	C:\WINDOWS\SYSTEM32\CRYPTBASE.dll
0x00007ffbfaa20000 - 0x00007ffbfaa2a000 	C:\WINDOWS\System32\NSI.dll
0x00007ffbef9e0000 - 0x00007ffbef9fd000 	C:\WINDOWS\SYSTEM32\dhcpcsvc6.DLL
0x00007ffbef9b0000 - 0x00007ffbef9d5000 	C:\WINDOWS\SYSTEM32\dhcpcsvc.DLL
0x00007ffbf6960000 - 0x00007ffbf6aaa000 	C:\WINDOWS\SYSTEM32\DNSAPI.dll
0x00007ffbf72b0000 - 0x00007ffbf72bd000 	C:\WINDOWS\SYSTEM32\DSPARSE.dll
0x00007ffbc8ba0000 - 0x00007ffbc8bb3000 	C:\Users\danil\AppData\Local\Temp\jogamp_0000\file_cache\jln15506850679930464001\jln11003205565705904\natives\windows-amd64\gluegen_rt.dll
0x00007ffbc8b90000 - 0x00007ffbc8b97000 	C:\Program Files\Processing\app\resources\jdk-17.0.14+7\bin\jawt.dll
0x00007ffbc8b80000 - 0x00007ffbc8b8d000 	C:\Users\danil\AppData\Local\Temp\jogamp_0000\file_cache\jln15506850679930464001\jln11003205565705904\natives\windows-amd64\nativewindow_awt.dll
0x00007ffbc8b60000 - 0x00007ffbc8b75000 	C:\Users\danil\AppData\Local\Temp\jogamp_0000\file_cache\jln15506850679930464001\jln11003205565705904\natives\windows-amd64\nativewindow_win32.dll
0x00007ffbc77a0000 - 0x00007ffbc7823000 	C:\Users\danil\AppData\Local\Temp\jogamp_0000\file_cache\jln15506850679930464001\jln11003205565705904\natives\windows-amd64\jogl_desktop.dll
0x00007ffbc7740000 - 0x00007ffbc7792000 	C:\Users\danil\AppData\Local\Temp\jogamp_0000\file_cache\jln15506850679930464001\jln11003205565705904\natives\windows-amd64\jogl_mobile.dll
0x00007ffbf1730000 - 0x00007ffbf178f000 	C:\WINDOWS\SYSTEM32\directxdatabasehelper.dll
0x00007ffbf20d0000 - 0x00007ffbf20ed000 	C:\WINDOWS\SYSTEM32\windows.staterepositorycore.dll
0x00007ffb49a40000 - 0x00007ffb4aa13000 	C:\WINDOWS\System32\DriverStore\FileRepository\iigd_dch.inf_amd64_225f37aa3862fc3f\igxelpicd64.dll
0x00007ffbf54e0000 - 0x00007ffbf561a000 	C:\WINDOWS\system32\dxgi.dll
0x00007ffb67720000 - 0x00007ffb67ba7000 	C:\WINDOWS\System32\DriverStore\FileRepository\iigd_dch.inf_amd64_225f37aa3862fc3f\igdml64.dll
0x00007ffbf7d00000 - 0x00007ffbf7d51000 	C:\WINDOWS\SYSTEM32\cfgmgr32.dll
0x00007ffbedb30000 - 0x00007ffbedef1000 	C:\WINDOWS\System32\DriverStore\FileRepository\iigd_dch.inf_amd64_225f37aa3862fc3f\igdgmm64.dll
0x00007ffbea800000 - 0x00007ffbeda06000 	C:\WINDOWS\System32\DriverStore\FileRepository\iigd_dch.inf_amd64_225f37aa3862fc3f\igc64.dll
0x00007ffbc8b40000 - 0x00007ffbc8b59000 	C:\Users\danil\AppData\Local\Temp\jogamp_0000\file_cache\jln15506850679930464001\jln11003205565705904\natives\windows-amd64\newt_head.dll
0x00007ffbe9ce0000 - 0x00007ffbe9d9f000 	C:\WINDOWS\SYSTEM32\mscms.dll
0x00007ffbb33b0000 - 0x00007ffbb33f9000 	C:\WINDOWS\SYSTEM32\icm32.dll
0x00007ffbfaa30000 - 0x00007ffbfaeb7000 	C:\WINDOWS\System32\setupapi.dll
0x00007ffbf7cd0000 - 0x00007ffbf7cfd000 	C:\WINDOWS\SYSTEM32\DEVOBJ.dll
0x00007ffbf82e0000 - 0x00007ffbf8363000 	C:\WINDOWS\System32\WINTRUST.dll
0x00007ffbf8450000 - 0x00007ffbf85c8000 	C:\WINDOWS\System32\CRYPT32.dll
0x00007ffbf78a0000 - 0x00007ffbf78b3000 	C:\WINDOWS\SYSTEM32\MSASN1.dll
0x00007ffbe01e0000 - 0x00007ffbe0328000 	C:\WINDOWS\SYSTEM32\textinputframework.dll
0x00007ffbf4780000 - 0x00007ffbf48a5000 	C:\WINDOWS\SYSTEM32\CoreMessaging.dll
0x00007ffbf0660000 - 0x00007ffbf0944000 	C:\WINDOWS\SYSTEM32\CoreUIComponents.dll
0x00007ffbf04f0000 - 0x00007ffbf065a000 	C:\WINDOWS\SYSTEM32\wintypes.dll

dbghelp: loaded successfully - version: 4.0.5 - missing functions: none
symbol engine: initialized successfully - sym options: 0x614 - pdb path: .;C:\Program Files\Processing\app\resources\jdk-17.0.14+7\bin;C:\WINDOWS\SYSTEM32;C:\WINDOWS\WinSxS\amd64_microsoft.windows.common-controls_6595b64144ccf1df_6.0.26100.8521_none_3e08b75ce33403b3;C:\Program Files\Processing\app\resources\jdk-17.0.14+7\bin\server;C:\Users\danil\AppData\Local\Temp\jogamp_0000\file_cache\jln15506850679930464001\jln11003205565705904\natives\windows-amd64;C:\WINDOWS\System32\DriverStore\FileRepository\iigd_dch.inf_amd64_225f37aa3862fc3f

VM Arguments:
jvm_args: -agentlib:jdwp=transport=dt_socket,address=8875,server=y,suspend=y,quiet=y -Xms64m -Xmx1024m -Djna.nosys=true -Djava.library.path=;C:\Program Files\Processing\app\resources\core\library;C:\Program Files\Processing;C:\WINDOWS\system32;C:\WINDOWS;C:\Program Files\PlasticSCM5\server;C:\Program Files\PlasticSCM5\client;C:\Program Files\Common Files\Oracle\Java\javapath;C:\Program Files (x86)\Common Files\Oracle\Java\javapath;C:\Windows\System32\HWAudioDriverLibs;C:\Windows\system32;C:\Windows;C:\Windows\System32\Wbem;C:\Windows\System32\WindowsPowerShell\v1.0;C:\Windows\System32\OpenSSH;C:\Program Files\Microsoft SQL Server\150\Tools\Binn;C:\Program Files\Microsoft SQL Server\Client SDK\ODBC\170\Tools\Binn;C:\Program Files\dotnet;D:\Windows Kits\10\Windows Performance Toolkit;C:\Program Files\Java\jdk-23\bin;C:\WINDOWS\system32;C:\WINDOWS;C:\WINDOWS\System32\Wbem;C:\WINDOWS\System32\WindowsPowerShell\v1.0;C:\WINDOWS\System32\OpenSSH;C:\Program Files\nodejs;C:\Program Files\Docker\Docker\resources\bin;C:\Program Files\TortoiseGit\bin;C:\Program Files\Git\cmd;C:\Users\danil\Desktop\ffmpeg-8.1.2-essentials_build\ffmpeg-8.1.2-essentials_build\bin;C:\Users\danil\AppData\Local\Programs\Python\Python312\Scripts;C:\Users\danil\AppData\Local\Programs\Python\Python312;C:\Users\danil\AppData\Local\Microsoft\WindowsApps;C:\Users\danil\AppData\Local\Programs\Microsoft VS Code\bin;C:\Users\danil\AppData\Roaming\npm;D:\DataBase\18\bin;C:\Program Files\Processing\app;. -ea 
java_command: processing.core.PApplet --editor-location=-8,-8 --external --display=1 --sketch-path=C:\Users\danil\Desktop\Gravity_simul Gravity_simul
java_class_path (initial): C:\Users\danil\AppData\Local\Temp\processing\Gravity_simul15085894509732514545temp;C:\Program Files\Processing\app\resources\core\library\annotations-13.0.jar;C:\Program Files\Processing\app\resources\core\library\antlr-2.7.7.jar;C:\Program Files\Processing\app\resources\core\library\core-4.4.1.jar;C:\Program Files\Processing\app\resources\core\library\gluegen-rt-2.5.0-natives-android-aarch64.jar;C:\Program Files\Processing\app\resources\core\library\gluegen-rt-2.5.0-natives-linux-aarch64.jar;C:\Program Files\Processing\app\resources\core\library\gluegen-rt-2.5.0-natives-linux-amd64.jar;C:\Program Files\Processing\app\resources\core\library\gluegen-rt-2.5.0-natives-linux-armv6hf.jar;C:\Program Files\Processing\app\resources\core\library\gluegen-rt-2.5.0-natives-macosx-universal.jar;C:\Program Files\Processing\app\resources\core\library\gluegen-rt-2.5.0-natives-windows-amd64.jar;C:\Program Files\Processing\app\resources\core\library\gluegen-rt-2.5.0.jar;C:\Program Files\Processing\app\resources\core\library\gluegen-rt-main-2.5.0.jar;C:\Program Files\Processing\app\resources\core\library\jogl-all-2.5.0-natives-android-aarch64.jar;C:\Program Files\Processing\app\resources\core\library\jogl-all-2.5.0-natives-linux-aarch64.jar;C:\Program Files\Processing\app\resources\core\library\jogl-all-2.5.0-natives-linux-amd64.jar;C:\Program Files\Processing\app\resources\core\library\jogl-all-2.5.0-natives-linux-armv6hf.jar;C:\Program Files\Processing\app\resources\core\library\jogl-all-2.5.0-natives-macosx-universal.jar;C:\Program Files\Processing\app\resources\core\library\jogl-all-2.5.0-natives-windows-amd64.jar;C:\Program Files\Processing\app\resources\core\library\jogl-all-2.5.0.jar;C:\Program Files\Processing\app\resources\core\library\jogl-all-main-2.5.0.jar;C:\Program Files\Processing\app\resources\core\library\kotlin-stdlib-2.0.20.jar
Launcher Type: SUN_STANDARD

[Global flags]
     intx CICompilerCount                          = 4                                         {product} {ergonomic}
     uint ConcGCThreads                            = 2                                         {product} {ergonomic}
     uint G1ConcRefinementThreads                  = 8                                         {product} {ergonomic}
   size_t G1HeapRegionSize                         = 1048576                                   {product} {ergonomic}
    uintx GCDrainStackTargetSize                   = 64                                        {product} {ergonomic}
   size_t InitialHeapSize                          = 67108864                                  {product} {command line}
   size_t MarkStackSize                            = 4194304                                   {product} {ergonomic}
   size_t MaxHeapSize                              = 1073741824                                {product} {command line}
   size_t MaxNewSize                               = 643825664                                 {product} {ergonomic}
   size_t MinHeapDeltaBytes                        = 1048576                                   {product} {ergonomic}
   size_t MinHeapSize                              = 67108864                                  {product} {command line}
    uintx NonNMethodCodeHeapSize                   = 5839372                                {pd product} {ergonomic}
    uintx NonProfiledCodeHeapSize                  = 122909434                              {pd product} {ergonomic}
    uintx ProfiledCodeHeapSize                     = 122909434                              {pd product} {ergonomic}
    uintx ReservedCodeCacheSize                    = 251658240                              {pd product} {ergonomic}
     bool SegmentedCodeCache                       = true                                      {product} {ergonomic}
   size_t SoftMaxHeapSize                          = 1073741824                             {manageable} {ergonomic}
     bool UseCompressedClassPointers               = true                           {product lp64_product} {ergonomic}
     bool UseCompressedOops                        = true                           {product lp64_product} {ergonomic}
     bool UseG1GC                                  = true                                      {product} {ergonomic}
     bool UseLargePagesIndividualAllocation        = false                                  {pd product} {ergonomic}

Logging:
Log output configuration:
 #0: stdout all=off uptime,level,tags
 #1: stderr all=off uptime,level,tags

Environment Variables:
JAVA_HOME=C:\Program Files\Java\jdk-23
PATH=C:\Program Files\PlasticSCM5\server;C:\Program Files\PlasticSCM5\client;C:\Program Files\Common Files\Oracle\Java\javapath;C:\Program Files (x86)\Common Files\Oracle\Java\javapath;C:\Windows\System32\HWAudioDriverLibs;C:\Windows\system32;C:\Windows;C:\Windows\System32\Wbem;C:\Windows\System32\WindowsPowerShell\v1.0\;C:\Windows\System32\OpenSSH\;C:\Users\Administrator\AppData\Local\Microsoft\WindowsApps;C:\Program Files\Microsoft SQL Server\150\Tools\Binn\;C:\Program Files\Microsoft SQL Server\Client SDK\ODBC\170\Tools\Binn\;C:\Program Files\dotnet\;D:\Windows Kits\10\Windows Performance Toolkit\;C:\Program Files\Java\jdk-23\bin;C:\WINDOWS\system32;C:\WINDOWS;C:\WINDOWS\System32\Wbem;C:\WINDOWS\System32\WindowsPowerShell\v1.0\;C:\WINDOWS\System32\OpenSSH\;C:\Program Files\nodejs\;C:\Program Files\Docker\Docker\resources\bin;C:\Program Files\TortoiseGit\bin;C:\Program Files\Git\cmd;C:\Users\danil\Desktop\ffmpeg-8.1.2-essentials_build\ffmpeg-8.1.2-essentials_build\bin;C:\Users\danil\AppData\Local\Programs\Python\Python312\Scripts\;C:\Users\danil\AppData\Local\Programs\Python\Python312\;C:\Users\danil\AppData\Local\Microsoft\WindowsApps;C:\Users\danil\.dotnet\tools;C:\Users\danil\AppData\Local\Programs\Microsoft VS Code\bin;C:\Users\danil\AppData\Roaming\npm;D:\DataBase\18\bin;C:\Program Files\Processing\app
USERNAME=danil
OS=Windows_NT
PROCESSOR_IDENTIFIER=Intel64 Family 6 Model 140 Stepping 2, GenuineIntel
TMP=C:\Users\danil\AppData\Local\Temp
TEMP=C:\Users\danil\AppData\Local\Temp



Periodic native trim disabled


---------------  S Y S T E M  ---------------

OS:
 Windows 11 , 64 bit Build 26100 (10.0.26100.8521)
OS uptime: 0 days 0:14 hours
Hyper-V role detected

CPU: total 8 (initial active 8) (4 cores per cpu, 2 threads per core) family 6 model 140 stepping 2 microcode 0x16, cx8, cmov, fxsr, ht, mmx, 3dnowpref, sse, sse2, sse3, ssse3, sse4.1, sse4.2, popcnt, lzcnt, tsc, tscinvbit, avx, avx2, aes, erms, clmul, bmi1, bmi2, adx, avx512f, avx512dq, avx512cd, avx512bw, avx512vl, sha, fma, vzeroupper, avx512_vpopcntdq, avx512_vpclmulqdq, avx512_vaes, avx512_vnni, clflush, clflushopt, clwb, avx512_vbmi2, avx512_vbmi, hv
Processor Information for processor 0
  Max Mhz: 2496, Current Mhz: 2496, Mhz Limit: 2496
Processor Information for processor 1
  Max Mhz: 2496, Current Mhz: 998, Mhz Limit: 2496
Processor Information for processor 2
  Max Mhz: 2496, Current Mhz: 2496, Mhz Limit: 2496
Processor Information for processor 3
  Max Mhz: 2496, Current Mhz: 998, Mhz Limit: 2496
Processor Information for processor 4
  Max Mhz: 2496, Current Mhz: 2496, Mhz Limit: 2496
Processor Information for processor 5
  Max Mhz: 2496, Current Mhz: 2496, Mhz Limit: 2496
Processor Information for processor 6
  Max Mhz: 2496, Current Mhz: 998, Mhz Limit: 2496
Processor Information for processor 7
  Max Mhz: 2496, Current Mhz: 998, Mhz Limit: 2496

Memory: 4k page, system-wide physical 7975M (1088M free)
TotalPageFile size 17703M (AvailPageFile size 10280M)
current process WorkingSet (physical memory assigned to process): 481M, peak: 495M
current process commit charge ("private bytes"): 445M, peak: 468M

vm_info: OpenJDK 64-Bit Server VM (17.0.14+7) for windows-amd64 JRE (17.0.14+7), built on Jan 21 2025 23:40:15 by "admin" with MS VC++ 17.7 (VS2022)

END.
