#
# A fatal error has been detected by the Java Runtime Environment:
#
#  EXCEPTION_ACCESS_VIOLATION (0xc0000005) at pc=0x00007ff9b069b386, pid=9272, tid=20296
#
# JRE version: OpenJDK Runtime Environment Temurin-17.0.14+7 (17.0.14+7) (build 17.0.14+7)
# Java VM: OpenJDK 64-Bit Server VM Temurin-17.0.14+7 (17.0.14+7, mixed mode, sharing, tiered, compressed oops, compressed class ptrs, g1 gc, windows-amd64)
# Problematic frame:
# C  [igxelpicd64.dll+0x23b386]
#
# No core dump will be written. Minidumps are not enabled by default on client versions of Windows
#
# If you would like to submit a bug report, please visit:
#   https://github.com/adoptium/adoptium-support/issues
#

---------------  S U M M A R Y ------------

Command Line: -agentlib:jdwp=transport=dt_socket,address=8715,server=y,suspend=y,quiet=y -Xms64m -Xmx1024m -Djna.nosys=true -Djava.library.path=;C:\Program Files\Processing\app\resources\core\library;C:\Program Files\Processing;C:\WINDOWS\system32;C:\WINDOWS;C:\Program Files\PlasticSCM5\server;C:\Program Files\PlasticSCM5\client;C:\Program Files\Common Files\Oracle\Java\javapath;C:\Program Files (x86)\Common Files\Oracle\Java\javapath;C:\Windows\System32\HWAudioDriverLibs;C:\Windows\system32;C:\Windows;C:\Windows\System32\Wbem;C:\Windows\System32\WindowsPowerShell\v1.0;C:\Windows\System32\OpenSSH;C:\Program Files\Microsoft SQL Server\150\Tools\Binn;C:\Program Files\Microsoft SQL Server\Client SDK\ODBC\170\Tools\Binn;C:\Program Files\dotnet;D:\Windows Kits\10\Windows Performance Toolkit;C:\Program Files\Java\jdk-23\bin;C:\WINDOWS\system32;C:\WINDOWS;C:\WINDOWS\System32\Wbem;C:\WINDOWS\System32\WindowsPowerShell\v1.0;C:\WINDOWS\System32\OpenSSH;C:\Program Files\nodejs;C:\Program Files\Docker\Docker\resources\bin;C:\Program Files\TortoiseGit\bin;C:\Program Files\Git\cmd;C:\Users\danil\AppData\Local\Programs\Python\Python312\Scripts;C:\Users\danil\AppData\Local\Programs\Python\Python312;C:\Users\danil\AppData\Local\Microsoft\WindowsApps;C:\Users\danil\AppData\Local\Programs\Microsoft VS Code\bin;C:\Users\danil\AppData\Roaming\npm;D:\DataBase\18\bin;C:\Program Files\Processing\app;. -ea processing.core.PApplet --editor-location=-7,-7 --external --display=1 --sketch-path=C:\Users\danil\Desktop\Gravity_simul Gravity_simul

Host: 11th Gen Intel(R) Core(TM) i5-1155G7 @ 2.50GHz, 8 cores, 7G,  Windows 11 , 64 bit Build 26100 (10.0.26100.8328)
Time: Sat Jun 27 23:01:07 2026 RTZ 3 (s 11 , 64 bit Build 26100 (10.0.26100.8328) elapsed time: 3.748505 seconds (0d 0h 0m 3s)

---------------  T H R E A D  ---------------

Current thread (0x0000018ef9497ca0):  VMThread "VM Thread" [stack: 0x0000002fb7a00000,0x0000002fb7b00000] [id=20296]

Stack: [0x0000002fb7a00000,0x0000002fb7b00000],  sp=0x0000002fb7afe550,  free space=1017k
Native frames: (J=compiled Java code, j=interpreted, Vv=VM code, C=native code)
C  [igxelpicd64.dll+0x23b386]


siginfo: EXCEPTION_ACCESS_VIOLATION (0xc0000005), reading address 0x0000000000035468


Registers:
RAX=0x0000018eceda9e60, RBX=0x0000018efe624bf0, RCX=0x0000000000000004, RDX=0x0000000000000000
RSP=0x0000002fb7afe550, RBP=0x0000000000000000, RSI=0x0000018eceda9c60, RDI=0x0000018efe0eb7b0
R8 =0x0000018eceda9d60, R9 =0x0000002fb6e2e000, R10=0x0000000000000000, R11=0x0000000000000246
R12=0x0000018eceda9c60, R13=0x0000000000000000, R14=0x0000018ecedaa1a8, R15=0x0000018eceda7f50
RIP=0x00007ff9b069b386, EFLAGS=0x0000000000010206


Register to memory mapping:

RIP=0x00007ff9b069b386 igxelpicd64.dll
RAX=0x0000018eceda9e60 points into unknown readable memory: 0x0000000000004d67 | 67 4d 00 00 00 00 00 00
RBX=0x0000018efe624bf0 points into unknown readable memory: 0xffffffffffffffff | ff ff ff ff ff ff ff ff
RCX=0x0000000000000004 is an unknown value
RDX=0x0 is NULL
RSP=0x0000002fb7afe550 points into unknown readable memory: 0x0000018efe624bf0 | f0 4b 62 fe 8e 01 00 00
RBP=0x0 is NULL
RSI=0x0000018eceda9c60 points into unknown readable memory: 0x0000018efe61c740 | 40 c7 61 fe 8e 01 00 00
RDI=0x0000018efe0eb7b0 points into unknown readable memory: 0x0055005c003a0000 | 00 00 3a 00 5c 00 55 00
R8 =0x0000018eceda9d60 points into unknown readable memory: 0x0000000000000000 | 00 00 00 00 00 00 00 00
R9 =0x0000002fb6e2e000 points into unknown readable memory: 0x0000000000000000 | 00 00 00 00 00 00 00 00
R10=0x0 is NULL
R11=0x0000000000000246 is an unknown value
R12=0x0000018eceda9c60 points into unknown readable memory: 0x0000018efe61c740 | 40 c7 61 fe 8e 01 00 00
R13=0x0 is NULL
R14=0x0000018ecedaa1a8 points into unknown readable memory: 0x0000018eceda7f50 | 50 7f da ce 8e 01 00 00
R15=0x0000018eceda7f50 points into unknown readable memory: 0x0000018efe61c740 | 40 c7 61 fe 8e 01 00 00


Top of Stack: (sp=0x0000002fb7afe550)
0x0000002fb7afe550:   0000018efe624bf0 00007ff9b04d0ab4
0x0000002fb7afe560:   0000000000000000 0000018ec1e90720
0x0000002fb7afe570:   0000001600000000 0000000000000000
0x0000002fb7afe580:   0000018e00000000 0000018ec1e8c900
0x0000002fb7afe590:   0000018efe624bf0 0000018ec1e50380
0x0000002fb7afe5a0:   0000018ec4400504 0000018ec41a4000
0x0000002fb7afe5b0:   02db39a602a81c00 0000018ec1e90d20
0x0000002fb7afe5c0:   00b3e9a603a7cba6 00007000196fe000
0x0000002fb7afe5d0:   0326f4a70133c2a7 031e5ea90399e2a8
0x0000002fb7afe5e0:   036a28aa00000000 035b9aaa02fe53aa
0x0000002fb7afe5f0:   022dceaa02eccdaa 02fe53ab02bf12ab
0x0000002fb7afe600:   02b97dab02e266ab 036fedab021f82ab
0x0000002fb7afe610:   03990eac01e702ac 02c01eac039d16ac
0x0000002fb7afe620:   0000000000000000 0000000000000000
0x0000002fb7afe630:   0366020000000000 00007ffa7dbc5b54
0x0000002fb7afe640:   0000000000000000 0000000000000000
0x0000002fb7afe650:   0000002fb7afe7f0 00007ffa7be21259
0x0000002fb7afe660:   0000002fb7afe6e8 0000000000000000
0x0000002fb7afe670:   0000000000000054 0000000000000000
0x0000002fb7afe680:   0000000000000000 00007ffa7dbc5cc4
0x0000002fb7afe690:   000000007a000004 005273b3035461b3
0x0000002fb7afe6a0:   0000df029d063eb2 001040007a000004
0x0000002fb7afe6b0:   0000018ec1e84fb8 000000000000518d
0x0000002fb7afe6c0:   0000000000000000 0000000000000016
0x0000002fb7afe6d0:   0000000000000000 0000000000000000
0x0000002fb7afe6e0:   0000002fb7afe7f0 00007ff9b06c82ae
0x0000002fb7afe6f0:   0000018efe0eb7b0 0000000000000000
0x0000002fb7afe700:   0000018efe0eb7b0 000010027a000004
0x0000002fb7afe710:   0000002f000009e8 0000740400870000
0x0000002fb7afe720:   0000000000000000 033838be036430be
0x0000002fb7afe730:   0000000000000000 000010027a000004
0x0000002fb7afe740:   038ec2bf02f831bf 0000000000000000 

Instructions: (pc=0x00007ff9b069b386)
0x00007ff9b069b286:   00 90 4c 8b bf 80 02 00 00 48 8b 05 9a 85 bd 00
0x00007ff9b069b296:   8b 80 c8 0a 00 00 89 44 24 24 c6 44 24 20 00 48
0x00007ff9b069b2a6:   c7 87 80 02 00 00 00 00 00 00 c7 87 88 02 00 00
0x00007ff9b069b2b6:   00 00 00 00 48 c7 87 a0 02 00 00 00 00 00 00 48
0x00007ff9b069b2c6:   c7 87 90 02 00 00 00 00 00 00 48 85 ed 75 3d 8b
0x00007ff9b069b2d6:   35 0d 77 cd 00 65 48 8b 04 25 58 00 00 00 b9 14
0x00007ff9b069b2e6:   00 00 00 48 8b 04 f0 40 38 2c 01 0f 84 c9 e7 75
0x00007ff9b069b2f6:   00 65 48 8b 04 25 58 00 00 00 bd 20 00 00 00 48
0x00007ff9b069b306:   8b 04 f0 48 8b 2c 28 48 89 6c 24 28 48 3b 2d 07
0x00007ff9b069b316:   9b cd 00 0f 84 9b 10 00 00 4d 85 ff 0f 84 3a 01
0x00007ff9b069b326:   00 00 0f 1f 84 00 00 00 00 00 49 8b f7 4d 8b e7
0x00007ff9b069b336:   4d 8d b7 48 05 00 00 4d 8b 3e 45 84 ed 0f 85 d9
0x00007ff9b069b346:   0e 00 00 8b 8f d0 01 00 00 48 8b 05 da 84 bd 00
0x00007ff9b069b356:   83 b8 64 03 00 00 02 75 34 4d 8d 84 24 00 01 00
0x00007ff9b069b366:   00 83 f9 10 0f 83 3a 01 00 00 8b c1 48 c1 e0 06
0x00007ff9b069b376:   49 03 c0 48 85 c0 0f 84 9b 01 00 00 48 8b 50 08
0x00007ff9b069b386:   48 3b 95 68 54 03 00 0f 87 b6 0e 00 00 48 83 be
0x00007ff9b069b396:   c0 05 00 00 00 0f 85 50 e7 75 00 44 8b 8f d0 01
0x00007ff9b069b3a6:   00 00 48 8b 87 e8 01 00 00 4c 8b 00 8b 8f d0 01
0x00007ff9b069b3b6:   00 00 48 8d 9e 00 01 00 00 83 f9 10 0f 83 1e 01
0x00007ff9b069b3c6:   00 00 8b c1 48 c1 e0 06 48 03 c3 48 85 c0 0f 84
0x00007ff9b069b3d6:   4a 01 00 00 4c 39 40 08 0f 86 40 01 00 00 48 8b
0x00007ff9b069b3e6:   87 80 02 00 00 49 89 06 48 89 b7 80 02 00 00 ff
0x00007ff9b069b3f6:   87 88 02 00 00 48 8b 4e 08 48 8b 01 ba 01 00 00
0x00007ff9b069b406:   00 48 8b 80 e0 02 00 00 ff 15 f4 c1 88 00 0f b7
0x00007ff9b069b416:   c8 48 2b c1 48 05 00 00 01 00 48 01 87 90 02 00
0x00007ff9b069b426:   00 48 8b 4e 08 48 8b 01 ba 01 00 00 00 48 8b 80
0x00007ff9b069b436:   e0 02 00 00 ff 15 c8 c1 88 00 48 01 87 a0 02 00
0x00007ff9b069b446:   00 0f b6 54 24 20 4d 85 ff 0f 85 db fe ff ff 84
0x00007ff9b069b456:   d2 0f 85 37 0f 00 00 48 8b 5c 24 40 48 8b cf 80
0x00007ff9b069b466:   7c 24 22 00 0f 85 40 0f 00 00 e8 3b f9 ff ff 90
0x00007ff9b069b476:   48 8b cb ff 15 99 bc 88 00 48 8b 8c 24 50 01 00 


Stack slot to memory mapping:
stack at sp + 0 slots: 0x0000018efe624bf0 points into unknown readable memory: 0xffffffffffffffff | ff ff ff ff ff ff ff ff
stack at sp + 1 slots: 0x00007ff9b04d0ab4 igxelpicd64.dll
stack at sp + 2 slots: 0x0 is NULL
stack at sp + 3 slots: 0x0000018ec1e90720 points into unknown readable memory: 0x00000000000001a4 | a4 01 00 00 00 00 00 00
stack at sp + 4 slots: 0x0000001600000000 is an unknown value
stack at sp + 5 slots: 0x0 is NULL
stack at sp + 6 slots: 0x0000018e00000000 is an unknown value
stack at sp + 7 slots: 0x0000018ec1e8c900 points into unknown readable memory: 0x0000018ec1e8c970 | 70 c9 e8 c1 8e 01 00 00

VM_Operation (0x0000002fb9bfeaa0): Exit, mode: safepoint, requested by thread 0x0000018ec18356c0


---------------  P R O C E S S  ---------------

Threads class SMR info:
_java_thread_list=0x0000018ec19e3280, length=20, elements={
0x0000018ef94a08b0, 0x0000018ef94a3290, 0x0000018ef94b6730, 0x0000018ef94b7000,
0x0000018ef94b78d0, 0x0000018ef94bc1b0, 0x0000018ef94c3580, 0x0000018ef94c8360,
0x0000018ef94ceca0, 0x0000018ef9748420, 0x0000018ef977d4e0, 0x0000018ef977e3f0,
0x0000018ef9789840, 0x0000018ef978e460, 0x0000018efe062030, 0x0000018efe062510,
0x0000018ec18356c0, 0x0000018ec1a7eb80, 0x0000018ec1a7bdf0, 0x0000018ec1a7dc50
}

Java Threads: ( => current thread )
  0x0000018ef94a08b0 JavaThread "Reference Handler" daemon [_thread_blocked, id=2964, stack(0x0000002fb7b00000,0x0000002fb7c00000)]
  0x0000018ef94a3290 JavaThread "Finalizer" daemon [_thread_blocked, id=7896, stack(0x0000002fb7c00000,0x0000002fb7d00000)]
  0x0000018ef94b6730 JavaThread "Signal Dispatcher" daemon [_thread_blocked, id=19156, stack(0x0000002fb7d00000,0x0000002fb7e00000)]
  0x0000018ef94b7000 JavaThread "Attach Listener" daemon [_thread_blocked, id=18476, stack(0x0000002fb7e00000,0x0000002fb7f00000)]
  0x0000018ef94b78d0 JavaThread "Service Thread" daemon [_thread_blocked, id=7176, stack(0x0000002fb7f00000,0x0000002fb8000000)]
  0x0000018ef94bc1b0 JavaThread "Monitor Deflation Thread" daemon [_thread_blocked, id=15000, stack(0x0000002fb8000000,0x0000002fb8100000)]
  0x0000018ef94c3580 JavaThread "C2 CompilerThread0" daemon [_thread_blocked, id=16704, stack(0x0000002fb8100000,0x0000002fb8200000)]
  0x0000018ef94c8360 JavaThread "C1 CompilerThread0" daemon [_thread_blocked, id=19900, stack(0x0000002fb8200000,0x0000002fb8300000)]
  0x0000018ef94ceca0 JavaThread "Sweeper thread" daemon [_thread_blocked, id=14456, stack(0x0000002fb8300000,0x0000002fb8400000)]
  0x0000018ef9748420 JavaThread "JDWP Transport Listener: dt_socket" daemon [_thread_blocked, id=18140, stack(0x0000002fb8400000,0x0000002fb8500000)]
  0x0000018ef977d4e0 JavaThread "JDWP Event Helper Thread" daemon [_thread_blocked, id=5548, stack(0x0000002fb8500000,0x0000002fb8600000)]
  0x0000018ef977e3f0 JavaThread "JDWP Command Reader" daemon [_thread_blocked, id=19084, stack(0x0000002fb8600000,0x0000002fb8700000)]
  0x0000018ef9789840 JavaThread "Notification Thread" daemon [_thread_blocked, id=19384, stack(0x0000002fb8700000,0x0000002fb8800000)]
  0x0000018ef978e460 JavaThread "Common-Cleaner" daemon [_thread_blocked, id=11136, stack(0x0000002fb8900000,0x0000002fb8a00000)]
  0x0000018efe062030 JavaThread "Java2D Disposer" daemon [_thread_blocked, id=7808, stack(0x0000002fb8a00000,0x0000002fb8b00000)]
  0x0000018efe062510 JavaThread "HighResTimerThread" daemon [_thread_blocked, id=12352, stack(0x0000002fb8e00000,0x0000002fb8f00000)]
  0x0000018ec18356c0 JavaThread "main-FPSAWTAnimator#00-Timer0" [_thread_blocked, id=8532, stack(0x0000002fb9b00000,0x0000002fb9c00000)]
  0x0000018ec1a7eb80 JavaThread "DestroyJavaVM" [_thread_blocked, id=18820, stack(0x0000002fb7400000,0x0000002fb7500000)]
  0x0000018ec1a7bdf0 JavaThread "pool-1-thread-1" [_thread_blocked, id=8108, stack(0x0000002fb9f00000,0x0000002fba000000)]
  0x0000018ec1a7dc50 JavaThread "AWT-Shutdown" [_thread_blocked, id=18008, stack(0x0000002fb9a00000,0x0000002fb9b00000)]

Other Threads:
=>0x0000018ef9497ca0 VMThread "VM Thread" [stack: 0x0000002fb7a00000,0x0000002fb7b00000] [id=20296]
  0x0000018edb6ce110 GCTaskThread "GC Thread#0" [stack: 0x0000002fb7500000,0x0000002fb7600000] [id=11108]
  0x0000018efe6b0980 GCTaskThread "GC Thread#1" [stack: 0x0000002fb9200000,0x0000002fb9300000] [id=12192]
  0x0000018efe6b0c40 GCTaskThread "GC Thread#2" [stack: 0x0000002fb9300000,0x0000002fb9400000] [id=2992]
  0x0000018efe6b0f00 GCTaskThread "GC Thread#3" [stack: 0x0000002fb9400000,0x0000002fb9500000] [id=12588]
  0x0000018ec1327030 GCTaskThread "GC Thread#4" [stack: 0x0000002fb9500000,0x0000002fb9600000] [id=20020]
  0x0000018ec13272f0 GCTaskThread "GC Thread#5" [stack: 0x0000002fb9600000,0x0000002fb9700000] [id=10444]
  0x0000018ec135fa50 GCTaskThread "GC Thread#6" [stack: 0x0000002fb9700000,0x0000002fb9800000] [id=19392]
  0x0000018ec1363d20 GCTaskThread "GC Thread#7" [stack: 0x0000002fb9800000,0x0000002fb9900000] [id=2240]
  0x0000018edb6d6f70 ConcurrentGCThread "G1 Main Marker" terminated
  0x0000018edb6d78a0 ConcurrentGCThread "G1 Conc#0" [stack: 0x0000002fb7700000,0x0000002fb7800000] [id=19804]
  0x0000018ec1b04d60 ConcurrentGCThread "G1 Conc#1" [stack: 0x0000002fba100000,0x0000002fba200000] [id=18548]
  0x0000018edb73eab0 ConcurrentGCThread "G1 Refine#0" terminated
  0x0000018ec1c38f40 ConcurrentGCThread "G1 Refine#1" terminated
  0x0000018ef93574d0 ConcurrentGCThread "G1 Service" terminated

Threads with active compile tasks:

VM state: at safepoint (shutting down)

VM Mutex/Monitor currently owned by a thread:  ([mutex/lock_event])
[0x0000018edb3d07b0] Threads_lock - owner thread: 0x0000018ef9497ca0
[0x0000018edb68a770] Heap_lock - owner thread: 0x0000018ec18356c0

Heap address: 0x00000000c0000000, size: 1024 MB, Compressed Oops mode: 32-bit

CDS archive(s) mapped at: [0x0000018e80000000-0x0000018e80bb0000-0x0000018e80bb0000), size 12255232, SharedBaseAddress: 0x0000018e80000000, ArchiveRelocationMode: 1.
Compressed class space mapped at: 0x0000018e81000000-0x0000018ec1000000, reserved size: 1073741824
Narrow klass base: 0x0000018e80000000, Narrow klass shift: 0, Narrow klass range: 0x100000000

GC Precious Log:
 CPUs: 8 total, 8 available
 Memory: 7975M
 Large Page Support: Disabled
 NUMA Support: Disabled
 Compressed Oops: Enabled (32-bit)
 Heap Region Size: 1M
 Heap Min Capacity: 64M
 Heap Initial Capacity: 64M
 Heap Max Capacity: 1G
 Pre-touch: Disabled
 Parallel Workers: 8
 Concurrent Workers: 2
 Concurrent Refinement Workers: 8
 Periodic GC: Disabled

Heap:
 garbage-first heap   total 145408K, used 109732K [0x00000000c0000000, 0x0000000100000000)
  region size 1024K, 28 young (28672K), 1 survivors (1024K)
 Metaspace       used 12758K, committed 12992K, reserved 1114112K
  class space    used 918K, committed 1024K, reserved 1048576K

Heap Regions: E=young(eden), S=young(survivor), O=old, HS=humongous(starts), HC=humongous(continues), CS=collection set, F=free, OA=open archive, CA=closed archive, TAMS=top-at-mark-start (previous, next)
|   0|0x00000000c0000000, 0x00000000c0100000, 0x00000000c0100000|100%| O|  |TAMS 0x00000000c0100000, 0x00000000c0000000| Untracked 
|   1|0x00000000c0100000, 0x00000000c0200000, 0x00000000c0200000|100%| O|  |TAMS 0x00000000c0200000, 0x00000000c0100000| Untracked 
|   2|0x00000000c0200000, 0x00000000c0300000, 0x00000000c0300000|100%|HS|  |TAMS 0x00000000c0300000, 0x00000000c0200000| Complete 
|   3|0x00000000c0300000, 0x00000000c0400000, 0x00000000c0400000|100%|HC|  |TAMS 0x00000000c0400000, 0x00000000c0300000| Complete 
|   4|0x00000000c0400000, 0x00000000c0500000, 0x00000000c0500000|100%|HC|  |TAMS 0x00000000c0500000, 0x00000000c0400000| Complete 
|   5|0x00000000c0500000, 0x00000000c0600000, 0x00000000c0600000|100%|HC|  |TAMS 0x00000000c0600000, 0x00000000c0500000| Complete 
|   6|0x00000000c0600000, 0x00000000c0700000, 0x00000000c0700000|100%|HC|  |TAMS 0x00000000c0700000, 0x00000000c0600000| Complete 
|   7|0x00000000c0700000, 0x00000000c0800000, 0x00000000c0800000|100%|HC|  |TAMS 0x00000000c0800000, 0x00000000c0700000| Complete 
|   8|0x00000000c0800000, 0x00000000c0900000, 0x00000000c0900000|100%|HC|  |TAMS 0x00000000c0900000, 0x00000000c0800000| Complete 
|   9|0x00000000c0900000, 0x00000000c0a00000, 0x00000000c0a00000|100%|HC|  |TAMS 0x00000000c0a00000, 0x00000000c0900000| Complete 
|  10|0x00000000c0a00000, 0x00000000c0b00000, 0x00000000c0b00000|100%|HC|  |TAMS 0x00000000c0b00000, 0x00000000c0a00000| Complete 
|  11|0x00000000c0b00000, 0x00000000c0c00000, 0x00000000c0c00000|100%|HC|  |TAMS 0x00000000c0c00000, 0x00000000c0b00000| Complete 
|  12|0x00000000c0c00000, 0x00000000c0d00000, 0x00000000c0d00000|100%|HC|  |TAMS 0x00000000c0d00000, 0x00000000c0c00000| Complete 
|  13|0x00000000c0d00000, 0x00000000c0e00000, 0x00000000c0e00000|100%|HC|  |TAMS 0x00000000c0e00000, 0x00000000c0d00000| Complete 
|  14|0x00000000c0e00000, 0x00000000c0f00000, 0x00000000c0f00000|100%|HC|  |TAMS 0x00000000c0f00000, 0x00000000c0e00000| Complete 
|  15|0x00000000c0f00000, 0x00000000c1000000, 0x00000000c1000000|100%|HC|  |TAMS 0x00000000c1000000, 0x00000000c0f00000| Complete 
|  16|0x00000000c1000000, 0x00000000c1100000, 0x00000000c1100000|100%|HC|  |TAMS 0x00000000c1100000, 0x00000000c1000000| Complete 
|  17|0x00000000c1100000, 0x00000000c1200000, 0x00000000c1200000|100%|HC|  |TAMS 0x00000000c1200000, 0x00000000c1100000| Complete 
|  18|0x00000000c1200000, 0x00000000c1300000, 0x00000000c1300000|100%|HC|  |TAMS 0x00000000c1300000, 0x00000000c1200000| Complete 
|  19|0x00000000c1300000, 0x00000000c1400000, 0x00000000c1400000|100%| O|  |TAMS 0x00000000c1400000, 0x00000000c1300000| Untracked 
|  20|0x00000000c1400000, 0x00000000c1500000, 0x00000000c1500000|100%| O|  |TAMS 0x00000000c1500000, 0x00000000c1400000| Untracked 
|  21|0x00000000c1500000, 0x00000000c1600000, 0x00000000c1600000|100%| O|  |TAMS 0x00000000c1600000, 0x00000000c1500000| Untracked 
|  22|0x00000000c1600000, 0x00000000c1700000, 0x00000000c1700000|100%| O|  |TAMS 0x00000000c1700000, 0x00000000c1600000| Untracked 
|  23|0x00000000c1700000, 0x00000000c1800000, 0x00000000c1800000|100%| O|  |TAMS 0x00000000c1800000, 0x00000000c1700000| Untracked 
|  24|0x00000000c1800000, 0x00000000c1900000, 0x00000000c1900000|100%| O|  |TAMS 0x00000000c1900000, 0x00000000c1800000| Untracked 
|  25|0x00000000c1900000, 0x00000000c1900000, 0x00000000c1a00000|  0%| F|  |TAMS 0x00000000c1900000, 0x00000000c1900000| Untracked 
|  26|0x00000000c1a00000, 0x00000000c1a00000, 0x00000000c1b00000|  0%| F|  |TAMS 0x00000000c1a00000, 0x00000000c1a00000| Untracked 
|  27|0x00000000c1b00000, 0x00000000c1c00000, 0x00000000c1c00000|100%| O|  |TAMS 0x00000000c1c00000, 0x00000000c1b00000| Untracked 
|  28|0x00000000c1c00000, 0x00000000c1d00000, 0x00000000c1d00000|100%| O|  |TAMS 0x00000000c1d00000, 0x00000000c1c00000| Untracked 
|  29|0x00000000c1d00000, 0x00000000c1d00000, 0x00000000c1e00000|  0%| F|  |TAMS 0x00000000c1d00000, 0x00000000c1d00000| Untracked 
|  30|0x00000000c1e00000, 0x00000000c1e00000, 0x00000000c1f00000|  0%| F|  |TAMS 0x00000000c1e00000, 0x00000000c1e00000| Untracked 
|  31|0x00000000c1f00000, 0x00000000c1f00000, 0x00000000c2000000|  0%| F|  |TAMS 0x00000000c1f00000, 0x00000000c1f00000| Untracked 
|  32|0x00000000c2000000, 0x00000000c2000000, 0x00000000c2100000|  0%| F|  |TAMS 0x00000000c2000000, 0x00000000c2000000| Untracked 
|  33|0x00000000c2100000, 0x00000000c2200000, 0x00000000c2200000|100%|HS|  |TAMS 0x00000000c2200000, 0x00000000c2100000| Complete 
|  34|0x00000000c2200000, 0x00000000c2300000, 0x00000000c2300000|100%|HC|  |TAMS 0x00000000c2300000, 0x00000000c2200000| Complete 
|  35|0x00000000c2300000, 0x00000000c2400000, 0x00000000c2400000|100%|HC|  |TAMS 0x00000000c2400000, 0x00000000c2300000| Complete 
|  36|0x00000000c2400000, 0x00000000c2500000, 0x00000000c2500000|100%|HC|  |TAMS 0x00000000c2500000, 0x00000000c2400000| Complete 
|  37|0x00000000c2500000, 0x00000000c2600000, 0x00000000c2600000|100%|HC|  |TAMS 0x00000000c2600000, 0x00000000c2500000| Complete 
|  38|0x00000000c2600000, 0x00000000c2700000, 0x00000000c2700000|100%| O|  |TAMS 0x00000000c2700000, 0x00000000c2600000| Untracked 
|  39|0x00000000c2700000, 0x00000000c2770600, 0x00000000c2800000| 43%| O|  |TAMS 0x00000000c2770600, 0x00000000c2700000| Untracked 
|  40|0x00000000c2800000, 0x00000000c2900000, 0x00000000c2900000|100%|HS|  |TAMS 0x00000000c2900000, 0x00000000c2800000| Complete 
|  41|0x00000000c2900000, 0x00000000c2a00000, 0x00000000c2a00000|100%|HC|  |TAMS 0x00000000c2a00000, 0x00000000c2900000| Complete 
|  42|0x00000000c2a00000, 0x00000000c2b00000, 0x00000000c2b00000|100%|HC|  |TAMS 0x00000000c2b00000, 0x00000000c2a00000| Complete 
|  43|0x00000000c2b00000, 0x00000000c2c00000, 0x00000000c2c00000|100%|HC|  |TAMS 0x00000000c2c00000, 0x00000000c2b00000| Complete 
|  44|0x00000000c2c00000, 0x00000000c2d00000, 0x00000000c2d00000|100%|HC|  |TAMS 0x00000000c2d00000, 0x00000000c2c00000| Complete 
|  45|0x00000000c2d00000, 0x00000000c2e00000, 0x00000000c2e00000|100%|HC|  |TAMS 0x00000000c2e00000, 0x00000000c2d00000| Complete 
|  46|0x00000000c2e00000, 0x00000000c2f00000, 0x00000000c2f00000|100%|HC|  |TAMS 0x00000000c2f00000, 0x00000000c2e00000| Complete 
|  47|0x00000000c2f00000, 0x00000000c3000000, 0x00000000c3000000|100%|HC|  |TAMS 0x00000000c3000000, 0x00000000c2f00000| Complete 
|  48|0x00000000c3000000, 0x00000000c3100000, 0x00000000c3100000|100%|HC|  |TAMS 0x00000000c3100000, 0x00000000c3000000| Complete 
|  49|0x00000000c3100000, 0x00000000c3200000, 0x00000000c3200000|100%|HC|  |TAMS 0x00000000c3200000, 0x00000000c3100000| Complete 
|  50|0x00000000c3200000, 0x00000000c3300000, 0x00000000c3300000|100%|HC|  |TAMS 0x00000000c3300000, 0x00000000c3200000| Complete 
|  51|0x00000000c3300000, 0x00000000c3400000, 0x00000000c3400000|100%|HC|  |TAMS 0x00000000c3400000, 0x00000000c3300000| Complete 
|  52|0x00000000c3400000, 0x00000000c3500000, 0x00000000c3500000|100%|HC|  |TAMS 0x00000000c3500000, 0x00000000c3400000| Complete 
|  53|0x00000000c3500000, 0x00000000c3600000, 0x00000000c3600000|100%|HS|  |TAMS 0x00000000c3600000, 0x00000000c3500000| Complete 
|  54|0x00000000c3600000, 0x00000000c3700000, 0x00000000c3700000|100%|HC|  |TAMS 0x00000000c3700000, 0x00000000c3600000| Complete 
|  55|0x00000000c3700000, 0x00000000c3800000, 0x00000000c3800000|100%|HC|  |TAMS 0x00000000c3800000, 0x00000000c3700000| Complete 
|  56|0x00000000c3800000, 0x00000000c3900000, 0x00000000c3900000|100%|HC|  |TAMS 0x00000000c3900000, 0x00000000c3800000| Complete 
|  57|0x00000000c3900000, 0x00000000c3a00000, 0x00000000c3a00000|100%|HC|  |TAMS 0x00000000c3a00000, 0x00000000c3900000| Complete 
|  58|0x00000000c3a00000, 0x00000000c3b00000, 0x00000000c3b00000|100%|HC|  |TAMS 0x00000000c3b00000, 0x00000000c3a00000| Complete 
|  59|0x00000000c3b00000, 0x00000000c3c00000, 0x00000000c3c00000|100%|HC|  |TAMS 0x00000000c3c00000, 0x00000000c3b00000| Complete 
|  60|0x00000000c3c00000, 0x00000000c3d00000, 0x00000000c3d00000|100%|HC|  |TAMS 0x00000000c3d00000, 0x00000000c3c00000| Complete 
|  61|0x00000000c3d00000, 0x00000000c3e00000, 0x00000000c3e00000|100%|HC|  |TAMS 0x00000000c3e00000, 0x00000000c3d00000| Complete 
|  62|0x00000000c3e00000, 0x00000000c3e00000, 0x00000000c3f00000|  0%| F|  |TAMS 0x00000000c3e00000, 0x00000000c3e00000| Untracked 
|  63|0x00000000c3f00000, 0x00000000c3f00000, 0x00000000c4000000|  0%| F|  |TAMS 0x00000000c3f00000, 0x00000000c3f00000| Untracked 
|  64|0x00000000c4000000, 0x00000000c4100000, 0x00000000c4100000|100%|HS|  |TAMS 0x00000000c4100000, 0x00000000c4000000| Complete 
|  65|0x00000000c4100000, 0x00000000c4200000, 0x00000000c4200000|100%|HC|  |TAMS 0x00000000c4200000, 0x00000000c4100000| Complete 
|  66|0x00000000c4200000, 0x00000000c4300000, 0x00000000c4300000|100%|HC|  |TAMS 0x00000000c4300000, 0x00000000c4200000| Complete 
|  67|0x00000000c4300000, 0x00000000c4400000, 0x00000000c4400000|100%|HC|  |TAMS 0x00000000c4400000, 0x00000000c4300000| Complete 
|  68|0x00000000c4400000, 0x00000000c4500000, 0x00000000c4500000|100%|HC|  |TAMS 0x00000000c4500000, 0x00000000c4400000| Complete 
|  69|0x00000000c4500000, 0x00000000c4600000, 0x00000000c4600000|100%|HS|  |TAMS 0x00000000c4600000, 0x00000000c4500000| Complete 
|  70|0x00000000c4600000, 0x00000000c4700000, 0x00000000c4700000|100%|HC|  |TAMS 0x00000000c4700000, 0x00000000c4600000| Complete 
|  71|0x00000000c4700000, 0x00000000c4800000, 0x00000000c4800000|100%|HC|  |TAMS 0x00000000c4800000, 0x00000000c4700000| Complete 
|  72|0x00000000c4800000, 0x00000000c4900000, 0x00000000c4900000|100%|HC|  |TAMS 0x00000000c4900000, 0x00000000c4800000| Complete 
|  73|0x00000000c4900000, 0x00000000c4a00000, 0x00000000c4a00000|100%|HC|  |TAMS 0x00000000c4a00000, 0x00000000c4900000| Complete 
|  74|0x00000000c4a00000, 0x00000000c4b00000, 0x00000000c4b00000|100%|HS|  |TAMS 0x00000000c4b00000, 0x00000000c4a00000| Complete 
|  75|0x00000000c4b00000, 0x00000000c4c00000, 0x00000000c4c00000|100%|HC|  |TAMS 0x00000000c4c00000, 0x00000000c4b00000| Complete 
|  76|0x00000000c4c00000, 0x00000000c4d00000, 0x00000000c4d00000|100%|HC|  |TAMS 0x00000000c4d00000, 0x00000000c4c00000| Complete 
|  77|0x00000000c4d00000, 0x00000000c4e00000, 0x00000000c4e00000|100%|HC|  |TAMS 0x00000000c4e00000, 0x00000000c4d00000| Complete 
|  78|0x00000000c4e00000, 0x00000000c4f00000, 0x00000000c4f00000|100%|HC|  |TAMS 0x00000000c4f00000, 0x00000000c4e00000| Complete 
|  79|0x00000000c4f00000, 0x00000000c5000000, 0x00000000c5000000|100%|HS|  |TAMS 0x00000000c5000000, 0x00000000c4f00000| Complete 
|  80|0x00000000c5000000, 0x00000000c5100000, 0x00000000c5100000|100%|HC|  |TAMS 0x00000000c5100000, 0x00000000c5000000| Complete 
|  81|0x00000000c5100000, 0x00000000c5200000, 0x00000000c5200000|100%|HC|  |TAMS 0x00000000c5200000, 0x00000000c5100000| Complete 
|  82|0x00000000c5200000, 0x00000000c5300000, 0x00000000c5300000|100%|HC|  |TAMS 0x00000000c5300000, 0x00000000c5200000| Complete 
|  83|0x00000000c5300000, 0x00000000c5400000, 0x00000000c5400000|100%|HC|  |TAMS 0x00000000c5400000, 0x00000000c5300000| Complete 
|  84|0x00000000c5400000, 0x00000000c5500000, 0x00000000c5500000|100%|HS|  |TAMS 0x00000000c5500000, 0x00000000c5400000| Complete 
|  85|0x00000000c5500000, 0x00000000c5600000, 0x00000000c5600000|100%|HC|  |TAMS 0x00000000c5600000, 0x00000000c5500000| Complete 
|  86|0x00000000c5600000, 0x00000000c5700000, 0x00000000c5700000|100%|HC|  |TAMS 0x00000000c5700000, 0x00000000c5600000| Complete 
|  87|0x00000000c5700000, 0x00000000c5800000, 0x00000000c5800000|100%|HC|  |TAMS 0x00000000c5800000, 0x00000000c5700000| Complete 
|  88|0x00000000c5800000, 0x00000000c5900000, 0x00000000c5900000|100%|HC|  |TAMS 0x00000000c5900000, 0x00000000c5800000| Complete 
|  89|0x00000000c5900000, 0x00000000c5900000, 0x00000000c5a00000|  0%| F|  |TAMS 0x00000000c5900000, 0x00000000c5900000| Untracked 
|  90|0x00000000c5a00000, 0x00000000c5a00000, 0x00000000c5b00000|  0%| F|  |TAMS 0x00000000c5a00000, 0x00000000c5a00000| Untracked 
|  91|0x00000000c5b00000, 0x00000000c5b00000, 0x00000000c5c00000|  0%| F|  |TAMS 0x00000000c5b00000, 0x00000000c5b00000| Untracked 
|  92|0x00000000c5c00000, 0x00000000c5c00000, 0x00000000c5d00000|  0%| F|  |TAMS 0x00000000c5c00000, 0x00000000c5c00000| Untracked 
|  93|0x00000000c5d00000, 0x00000000c5d00000, 0x00000000c5e00000|  0%| F|  |TAMS 0x00000000c5d00000, 0x00000000c5d00000| Untracked 
|  94|0x00000000c5e00000, 0x00000000c5e00000, 0x00000000c5f00000|  0%| F|  |TAMS 0x00000000c5e00000, 0x00000000c5e00000| Untracked 
|  95|0x00000000c5f00000, 0x00000000c5f00000, 0x00000000c6000000|  0%| F|  |TAMS 0x00000000c5f00000, 0x00000000c5f00000| Untracked 
|  96|0x00000000c6000000, 0x00000000c6000000, 0x00000000c6100000|  0%| F|  |TAMS 0x00000000c6000000, 0x00000000c6000000| Untracked 
|  97|0x00000000c6100000, 0x00000000c6100000, 0x00000000c6200000|  0%| F|  |TAMS 0x00000000c6100000, 0x00000000c6100000| Untracked 
|  98|0x00000000c6200000, 0x00000000c6200000, 0x00000000c6300000|  0%| F|  |TAMS 0x00000000c6200000, 0x00000000c6200000| Untracked 
|  99|0x00000000c6300000, 0x00000000c6300000, 0x00000000c6400000|  0%| F|  |TAMS 0x00000000c6300000, 0x00000000c6300000| Untracked 
| 100|0x00000000c6400000, 0x00000000c6400000, 0x00000000c6500000|  0%| F|  |TAMS 0x00000000c6400000, 0x00000000c6400000| Untracked 
| 101|0x00000000c6500000, 0x00000000c6500000, 0x00000000c6600000|  0%| F|  |TAMS 0x00000000c6500000, 0x00000000c6500000| Untracked 
| 102|0x00000000c6600000, 0x00000000c6600000, 0x00000000c6700000|  0%| F|  |TAMS 0x00000000c6600000, 0x00000000c6600000| Untracked 
| 103|0x00000000c6700000, 0x00000000c6700000, 0x00000000c6800000|  0%| F|  |TAMS 0x00000000c6700000, 0x00000000c6700000| Untracked 
| 104|0x00000000c6800000, 0x00000000c6800000, 0x00000000c6900000|  0%| F|  |TAMS 0x00000000c6800000, 0x00000000c6800000| Untracked 
| 105|0x00000000c6900000, 0x00000000c6900000, 0x00000000c6a00000|  0%| F|  |TAMS 0x00000000c6900000, 0x00000000c6900000| Untracked 
| 106|0x00000000c6a00000, 0x00000000c6a00000, 0x00000000c6b00000|  0%| F|  |TAMS 0x00000000c6a00000, 0x00000000c6a00000| Untracked 
| 107|0x00000000c6b00000, 0x00000000c6bb8a38, 0x00000000c6c00000| 72%| S|CS|TAMS 0x00000000c6b00000, 0x00000000c6b00000| Complete 
| 108|0x00000000c6c00000, 0x00000000c6c00000, 0x00000000c6d00000|  0%| F|  |TAMS 0x00000000c6c00000, 0x00000000c6c00000| Untracked 
| 109|0x00000000c6d00000, 0x00000000c6d00000, 0x00000000c6e00000|  0%| F|  |TAMS 0x00000000c6d00000, 0x00000000c6d00000| Untracked 
| 110|0x00000000c6e00000, 0x00000000c6e00000, 0x00000000c6f00000|  0%| F|  |TAMS 0x00000000c6e00000, 0x00000000c6e00000| Untracked 
| 111|0x00000000c6f00000, 0x00000000c6f00000, 0x00000000c7000000|  0%| F|  |TAMS 0x00000000c6f00000, 0x00000000c6f00000| Untracked 
| 112|0x00000000c7000000, 0x00000000c7000000, 0x00000000c7100000|  0%| F|  |TAMS 0x00000000c7000000, 0x00000000c7000000| Untracked 
| 113|0x00000000c7100000, 0x00000000c7100000, 0x00000000c7200000|  0%| F|  |TAMS 0x00000000c7100000, 0x00000000c7100000| Untracked 
| 114|0x00000000c7200000, 0x00000000c7200000, 0x00000000c7300000|  0%| F|  |TAMS 0x00000000c7200000, 0x00000000c7200000| Untracked 
| 115|0x00000000c7300000, 0x00000000c73ee8d0, 0x00000000c7400000| 93%| E|  |TAMS 0x00000000c7300000, 0x00000000c7300000| Complete 
| 116|0x00000000c7400000, 0x00000000c7500000, 0x00000000c7500000|100%| E|CS|TAMS 0x00000000c7400000, 0x00000000c7400000| Complete 
| 117|0x00000000c7500000, 0x00000000c7600000, 0x00000000c7600000|100%| E|CS|TAMS 0x00000000c7500000, 0x00000000c7500000| Complete 
| 118|0x00000000c7600000, 0x00000000c7700000, 0x00000000c7700000|100%| E|CS|TAMS 0x00000000c7600000, 0x00000000c7600000| Complete 
| 119|0x00000000c7700000, 0x00000000c7800000, 0x00000000c7800000|100%| E|CS|TAMS 0x00000000c7700000, 0x00000000c7700000| Complete 
| 120|0x00000000c7800000, 0x00000000c7900000, 0x00000000c7900000|100%| E|CS|TAMS 0x00000000c7800000, 0x00000000c7800000| Complete 
| 121|0x00000000c7900000, 0x00000000c7a00000, 0x00000000c7a00000|100%| E|CS|TAMS 0x00000000c7900000, 0x00000000c7900000| Complete 
| 122|0x00000000c7a00000, 0x00000000c7b00000, 0x00000000c7b00000|100%| E|CS|TAMS 0x00000000c7a00000, 0x00000000c7a00000| Complete 
| 123|0x00000000c7b00000, 0x00000000c7c00000, 0x00000000c7c00000|100%| E|CS|TAMS 0x00000000c7b00000, 0x00000000c7b00000| Complete 
| 124|0x00000000c7c00000, 0x00000000c7d00000, 0x00000000c7d00000|100%| E|CS|TAMS 0x00000000c7c00000, 0x00000000c7c00000| Complete 
| 125|0x00000000c7d00000, 0x00000000c7e00000, 0x00000000c7e00000|100%| E|CS|TAMS 0x00000000c7d00000, 0x00000000c7d00000| Complete 
| 126|0x00000000c7e00000, 0x00000000c7f00000, 0x00000000c7f00000|100%| E|CS|TAMS 0x00000000c7e00000, 0x00000000c7e00000| Complete 
| 127|0x00000000c7f00000, 0x00000000c8000000, 0x00000000c8000000|100%| E|CS|TAMS 0x00000000c7f00000, 0x00000000c7f00000| Complete 
| 128|0x00000000c8000000, 0x00000000c8100000, 0x00000000c8100000|100%| E|CS|TAMS 0x00000000c8000000, 0x00000000c8000000| Complete 
| 129|0x00000000c8100000, 0x00000000c8200000, 0x00000000c8200000|100%| E|CS|TAMS 0x00000000c8100000, 0x00000000c8100000| Complete 
| 130|0x00000000c8200000, 0x00000000c8300000, 0x00000000c8300000|100%| E|CS|TAMS 0x00000000c8200000, 0x00000000c8200000| Complete 
| 131|0x00000000c8300000, 0x00000000c8400000, 0x00000000c8400000|100%| E|CS|TAMS 0x00000000c8300000, 0x00000000c8300000| Complete 
| 132|0x00000000c8400000, 0x00000000c8500000, 0x00000000c8500000|100%| E|CS|TAMS 0x00000000c8400000, 0x00000000c8400000| Complete 
| 133|0x00000000c8500000, 0x00000000c8600000, 0x00000000c8600000|100%| E|CS|TAMS 0x00000000c8500000, 0x00000000c8500000| Complete 
| 134|0x00000000c8600000, 0x00000000c8700000, 0x00000000c8700000|100%| E|CS|TAMS 0x00000000c8600000, 0x00000000c8600000| Complete 
| 135|0x00000000c8700000, 0x00000000c8800000, 0x00000000c8800000|100%| E|CS|TAMS 0x00000000c8700000, 0x00000000c8700000| Complete 
| 136|0x00000000c8800000, 0x00000000c8900000, 0x00000000c8900000|100%| E|CS|TAMS 0x00000000c8800000, 0x00000000c8800000| Complete 
| 137|0x00000000c8900000, 0x00000000c8a00000, 0x00000000c8a00000|100%| E|CS|TAMS 0x00000000c8900000, 0x00000000c8900000| Complete 
| 138|0x00000000c8a00000, 0x00000000c8b00000, 0x00000000c8b00000|100%| E|CS|TAMS 0x00000000c8a00000, 0x00000000c8a00000| Complete 
| 139|0x00000000c8b00000, 0x00000000c8c00000, 0x00000000c8c00000|100%| E|CS|TAMS 0x00000000c8b00000, 0x00000000c8b00000| Complete 
| 140|0x00000000c8c00000, 0x00000000c8d00000, 0x00000000c8d00000|100%| E|CS|TAMS 0x00000000c8c00000, 0x00000000c8c00000| Complete 
| 141|0x00000000c8d00000, 0x00000000c8e00000, 0x00000000c8e00000|100%| E|CS|TAMS 0x00000000c8d00000, 0x00000000c8d00000| Complete 

Card table byte_map: [0x0000018ef4660000,0x0000018ef4860000] _byte_map_base: 0x0000018ef4060000

Marking Bits (Prev, Next): (CMBitMap*) 0x0000018edb6ce680, (CMBitMap*) 0x0000018edb6ce640
 Prev Bits: [0x0000018ef5a60000, 0x0000018ef6a60000)
 Next Bits: [0x0000018ef4a60000, 0x0000018ef5a60000)

Polling page: 0x0000018edb740000

Metaspace:

Usage:
  Non-class:     11.56 MB used.
      Class:    918.72 KB used.
       Both:     12.46 MB used.

Virtual space:
  Non-class space:       64.00 MB reserved,      11.69 MB ( 18%) committed,  1 nodes.
      Class space:        1.00 GB reserved,       1.00 MB ( <1%) committed,  1 nodes.
             Both:        1.06 GB reserved,      12.69 MB (  1%) committed. 

Chunk freelists:
   Non-Class:  3.67 MB
       Class:  14.91 MB
        Both:  18.58 MB

MaxMetaspaceSize: unlimited
CompressedClassSpaceSize: 1.00 GB
Initial GC threshold: 21.00 MB
Current GC threshold: 21.00 MB
CDS: on
MetaspaceReclaimPolicy: balanced
 - commit_granule_bytes: 65536.
 - commit_granule_words: 8192.
 - virtual_space_node_default_size: 8388608.
 - enlarge_chunks_in_place: 1.
 - new_chunks_are_fully_committed: 0.
 - uncommit_free_chunks: 1.
 - use_allocation_guard: 0.
 - handle_deallocations: 1.


Internal statistics:

num_allocs_failed_limit: 0.
num_arena_births: 106.
num_arena_deaths: 0.
num_vsnodes_births: 2.
num_vsnodes_deaths: 0.
num_space_committed: 199.
num_space_uncommitted: 0.
num_chunks_returned_to_freelist: 0.
num_chunks_taken_from_freelist: 382.
num_chunk_merges: 0.
num_chunk_splits: 299.
num_chunks_enlarged: 237.
num_inconsistent_stats: 0.

CodeHeap 'non-profiled nmethods': size=120000Kb used=677Kb max_used=677Kb free=119322Kb
 bounds [0x0000018eec4c0000, 0x0000018eec730000, 0x0000018ef39f0000]
CodeHeap 'profiled nmethods': size=120000Kb used=2461Kb max_used=2461Kb free=117539Kb
 bounds [0x0000018ee49f0000, 0x0000018ee4c60000, 0x0000018eebf20000]
CodeHeap 'non-nmethods': size=5760Kb used=1613Kb max_used=1647Kb free=4147Kb
 bounds [0x0000018eebf20000, 0x0000018eec190000, 0x0000018eec4c0000]
 total_blobs=2241 nmethods=1303 adapters=851
 compilation: enabled
              stopped_count=0, restarted_count=0
 full_count=0

Compilation events (20 events):
Event: 3.376 Thread 0x0000018ef94c8360 1294       3       processing.opengl.PShader::draw (42 bytes)
Event: 3.376 Thread 0x0000018ef94c8360 nmethod 1294 0x0000018ee4c52f10 code [0x0000018ee4c530e0, 0x0000018ee4c535e8]
Event: 3.376 Thread 0x0000018ef94c8360 1295       3       processing.opengl.PGL::drawElements (20 bytes)
Event: 3.376 Thread 0x0000018ef94c8360 nmethod 1295 0x0000018ee4c53810 code [0x0000018ee4c539c0, 0x0000018ee4c53b48]
Event: 3.376 Thread 0x0000018ef94c8360 1296       3       processing.opengl.PJOGL::drawElementsImpl (16 bytes)
Event: 3.376 Thread 0x0000018ef94c8360 nmethod 1296 0x0000018ee4c53c10 code [0x0000018ee4c53dc0, 0x0000018ee4c53fc8]
Event: 3.376 Thread 0x0000018ef94c8360 1297       1       jogamp.opengl.ExtensionAvailabilityCache::isInitialized (5 bytes)
Event: 3.376 Thread 0x0000018ef94c8360 nmethod 1297 0x0000018eec568f10 code [0x0000018eec5690a0, 0x0000018eec569178]
Event: 3.446 Thread 0x0000018ef94c8360 1298       1       java.util.concurrent.locks.AbstractQueuedSynchronizer::setState (6 bytes)
Event: 3.446 Thread 0x0000018ef94c8360 nmethod 1298 0x0000018eec569210 code [0x0000018eec5693a0, 0x0000018eec569478]
Event: 3.461 Thread 0x0000018ef94c8360 1299       3       java.util.Arrays::fill (28 bytes)
Event: 3.461 Thread 0x0000018ef94c8360 nmethod 1299 0x0000018ee4c54090 code [0x0000018ee4c54240, 0x0000018ee4c545e8]
Event: 3.546 Thread 0x0000018ef94c8360 1300       3       java.util.Arrays::rangeCheck (74 bytes)
Event: 3.547 Thread 0x0000018ef94c8360 nmethod 1300 0x0000018ee4c54790 code [0x0000018ee4c54a40, 0x0000018ee4c554a8]
Event: 3.630 Thread 0x0000018ef94c8360 1301       3       jogamp.opengl.gl4.GL4bcImpl::glGetError (43 bytes)
Event: 3.631 Thread 0x0000018ef94c8360 nmethod 1301 0x0000018ee4c55910 code [0x0000018ee4c55ba0, 0x0000018ee4c56748]
Event: 3.658 Thread 0x0000018ef94c8360 1302       3       jdk.internal.misc.Unsafe::getAndAddLong (27 bytes)
Event: 3.658 Thread 0x0000018ef94c8360 nmethod 1302 0x0000018ee4c56b90 code [0x0000018ee4c56d40, 0x0000018ee4c56f88]
Event: 3.658 Thread 0x0000018ef94c8360 1303       3       jdk.internal.misc.Unsafe::weakCompareAndSetLong (11 bytes)
Event: 3.659 Thread 0x0000018ef94c8360 nmethod 1303 0x0000018ee4c57090 code [0x0000018ee4c57220, 0x0000018ee4c57358]

GC Heap History (12 events):
Event: 0.874 GC heap before
{Heap before GC invocations=0 (full 0):
 garbage-first heap   total 65536K, used 23552K [0x00000000c0000000, 0x0000000100000000)
  region size 1024K, 23 young (23552K), 0 survivors (0K)
 Metaspace       used 10922K, committed 11072K, reserved 1114112K
  class space    used 747K, committed 832K, reserved 1048576K
}
Event: 0.880 GC heap after
{Heap after GC invocations=1 (full 0):
 garbage-first heap   total 65536K, used 2858K [0x00000000c0000000, 0x0000000100000000)
  region size 1024K, 3 young (3072K), 3 survivors (3072K)
 Metaspace       used 10922K, committed 11072K, reserved 1114112K
  class space    used 747K, committed 832K, reserved 1048576K
}
Event: 1.634 GC heap before
{Heap before GC invocations=1 (full 0):
 garbage-first heap   total 65536K, used 48938K [0x00000000c0000000, 0x0000000100000000)
  region size 1024K, 31 young (31744K), 3 survivors (3072K)
 Metaspace       used 12524K, committed 12736K, reserved 1114112K
  class space    used 905K, committed 1024K, reserved 1048576K
}
Event: 1.639 GC heap after
{Heap after GC invocations=2 (full 0):
 garbage-first heap   total 65536K, used 30321K [0x00000000c0000000, 0x0000000100000000)
  region size 1024K, 4 young (4096K), 4 survivors (4096K)
 Metaspace       used 12524K, committed 12736K, reserved 1114112K
  class space    used 905K, committed 1024K, reserved 1048576K
}
Event: 1.641 GC heap before
{Heap before GC invocations=2 (full 0):
 garbage-first heap   total 65536K, used 35441K [0x00000000c0000000, 0x0000000100000000)
  region size 1024K, 5 young (5120K), 4 survivors (4096K)
 Metaspace       used 12524K, committed 12736K, reserved 1114112K
  class space    used 905K, committed 1024K, reserved 1048576K
}
Event: 1.643 GC heap after
{Heap after GC invocations=3 (full 0):
 garbage-first heap   total 65536K, used 36389K [0x00000000c0000000, 0x0000000100000000)
  region size 1024K, 1 young (1024K), 1 survivors (1024K)
 Metaspace       used 12524K, committed 12736K, reserved 1114112K
  class space    used 905K, committed 1024K, reserved 1048576K
}
Event: 1.655 GC heap before
{Heap before GC invocations=4 (full 0):
 garbage-first heap   total 111616K, used 74277K [0x00000000c0000000, 0x0000000100000000)
  region size 1024K, 2 young (2048K), 1 survivors (1024K)
 Metaspace       used 12524K, committed 12736K, reserved 1114112K
  class space    used 905K, committed 1024K, reserved 1048576K
}
Event: 1.656 GC heap after
{Heap after GC invocations=5 (full 0):
 garbage-first heap   total 111616K, used 74240K [0x00000000c0000000, 0x0000000100000000)
  region size 1024K, 1 young (1024K), 1 survivors (1024K)
 Metaspace       used 12524K, committed 12736K, reserved 1114112K
  class space    used 905K, committed 1024K, reserved 1048576K
}
Event: 2.081 GC heap before
{Heap before GC invocations=6 (full 0):
 garbage-first heap   total 145408K, used 100864K [0x00000000c0000000, 0x0000000100000000)
  region size 1024K, 17 young (17408K), 1 survivors (1024K)
 Metaspace       used 12698K, committed 12928K, reserved 1114112K
  class space    used 913K, committed 1024K, reserved 1048576K
}
Event: 2.082 GC heap after
{Heap after GC invocations=7 (full 0):
 garbage-first heap   total 145408K, used 85532K [0x00000000c0000000, 0x0000000100000000)
  region size 1024K, 2 young (2048K), 2 survivors (2048K)
 Metaspace       used 12698K, committed 12928K, reserved 1114112K
  class space    used 913K, committed 1024K, reserved 1048576K
}
Event: 2.934 GC heap before
{Heap before GC invocations=7 (full 0):
 garbage-first heap   total 145408K, used 118300K [0x00000000c0000000, 0x0000000100000000)
  region size 1024K, 34 young (34816K), 2 survivors (2048K)
 Metaspace       used 12705K, committed 12928K, reserved 1114112K
  class space    used 913K, committed 1024K, reserved 1048576K
}
Event: 2.934 GC heap after
{Heap after GC invocations=8 (full 0):
 garbage-first heap   total 145408K, used 85156K [0x00000000c0000000, 0x0000000100000000)
  region size 1024K, 1 young (1024K), 1 survivors (1024K)
 Metaspace       used 12705K, committed 12928K, reserved 1114112K
  class space    used 913K, committed 1024K, reserved 1048576K
}

Dll operation events (14 events):
Event: 0.007 Loaded shared library C:\Program Files\Processing\app\resources\jdk-17.0.14+7\bin\java.dll
Event: 0.022 Loaded shared library C:\Program Files\Processing\app\resources\jdk-17.0.14+7\bin\jsvml.dll
Event: 0.094 Loaded shared library C:\Program Files\Processing\app\resources\jdk-17.0.14+7\bin\net.dll
Event: 0.094 Loaded shared library C:\Program Files\Processing\app\resources\jdk-17.0.14+7\bin\nio.dll
Event: 0.097 Loaded shared library C:\Program Files\Processing\app\resources\jdk-17.0.14+7\bin\zip.dll
Event: 0.135 Loaded shared library C:\Program Files\Processing\app\resources\jdk-17.0.14+7\bin\jimage.dll
Event: 0.137 Loaded shared library C:\Program Files\Processing\app\resources\jdk-17.0.14+7\bin\awt.dll
Event: 0.400 Loaded shared library C:\Users\danil\AppData\Local\Temp\jogamp_0000\file_cache\jln8684852649730646483\jln3244541600536808741\natives\windows-amd64\gluegen_rt.dll
Event: 0.407 Loaded shared library C:\Program Files\Processing\app\resources\jdk-17.0.14+7\bin\jawt.dll
Event: 0.417 Loaded shared library C:\Users\danil\AppData\Local\Temp\jogamp_0000\file_cache\jln8684852649730646483\jln3244541600536808741\natives\windows-amd64\nativewindow_awt.dll
Event: 0.442 Loaded shared library C:\Users\danil\AppData\Local\Temp\jogamp_0000\file_cache\jln8684852649730646483\jln3244541600536808741\natives\windows-amd64\nativewindow_win32.dll
Event: 0.517 Loaded shared library C:\Users\danil\AppData\Local\Temp\jogamp_0000\file_cache\jln8684852649730646483\jln3244541600536808741\natives\windows-amd64\jogl_desktop.dll
Event: 0.678 Loaded shared library C:\Users\danil\AppData\Local\Temp\jogamp_0000\file_cache\jln8684852649730646483\jln3244541600536808741\natives\windows-amd64\jogl_mobile.dll
Event: 1.399 Loaded shared library C:\Users\danil\AppData\Local\Temp\jogamp_0000\file_cache\jln8684852649730646483\jln3244541600536808741\natives\windows-amd64\newt_head.dll

Deoptimization events (20 events):
Event: 1.801 Thread 0x0000018ec18356c0 DEOPT PACKING pc=0x0000018ee4c00a5b sp=0x0000002fb9bfe8c0
Event: 1.801 Thread 0x0000018ec18356c0 DEOPT UNPACKING pc=0x0000018eebf7ace3 sp=0x0000002fb9bfde30 mode 0
Event: 1.801 Thread 0x0000018ec18356c0 Uncommon trap: trap_request=0xffffff45 fr.pc=0x0000018eec542dcc relative=0x0000000000000fcc
Event: 1.801 Thread 0x0000018ec18356c0 Uncommon trap: reason=unstable_if action=reinterpret pc=0x0000018eec542dcc method=processing.opengl.PGraphicsOpenGL$Tessellator.tessellateRoundPoints2D(III)V @ 126 c2
Event: 1.801 Thread 0x0000018ec18356c0 DEOPT PACKING pc=0x0000018eec542dcc sp=0x0000002fb9bfe970
Event: 1.801 Thread 0x0000018ec18356c0 DEOPT UNPACKING pc=0x0000018eebf7a1a3 sp=0x0000002fb9bfe930 mode 2
Event: 1.810 Thread 0x0000018ec18356c0 DEOPT PACKING pc=0x0000018ee4c009fc sp=0x0000002fb9bfe8c0
Event: 1.810 Thread 0x0000018ec18356c0 DEOPT UNPACKING pc=0x0000018eebf7ace3 sp=0x0000002fb9bfde30 mode 0
Event: 1.891 Thread 0x0000018ec18356c0 DEOPT PACKING pc=0x0000018ee4c416f4 sp=0x0000002fb9bfeb80
Event: 1.891 Thread 0x0000018ec18356c0 DEOPT UNPACKING pc=0x0000018eebf7ace3 sp=0x0000002fb9bfe0e8 mode 0
Event: 1.893 Thread 0x0000018ec18356c0 Uncommon trap: trap_request=0xffffff45 fr.pc=0x0000018eec55b5d8 relative=0x0000000000000298
Event: 1.893 Thread 0x0000018ec18356c0 Uncommon trap: reason=unstable_if action=reinterpret pc=0x0000018eec55b5d8 method=Gravity_simul$QuadTree.ProcessTree()V @ 270 c2
Event: 1.893 Thread 0x0000018ec18356c0 DEOPT PACKING pc=0x0000018eec55b5d8 sp=0x0000002fb9bfebe0
Event: 1.893 Thread 0x0000018ec18356c0 DEOPT UNPACKING pc=0x0000018eebf7a1a3 sp=0x0000002fb9bfebf8 mode 2
Event: 1.957 Thread 0x0000018ec1a7bdf0 DEOPT PACKING pc=0x0000018ee4c45e52 sp=0x0000002fb9ffef10
Event: 1.957 Thread 0x0000018ec1a7bdf0 DEOPT UNPACKING pc=0x0000018eebf7ace3 sp=0x0000002fb9ffe420 mode 0
Event: 3.652 Thread 0x0000018ec1016020 Uncommon trap: trap_request=0xffffff45 fr.pc=0x0000018eec53b068 relative=0x00000000000001e8
Event: 3.652 Thread 0x0000018ec1016020 Uncommon trap: reason=unstable_if action=reinterpret pc=0x0000018eec53b068 method=java.util.HashMap$HashIterator.<init>(Ljava/util/HashMap;)V @ 38 c2
Event: 3.652 Thread 0x0000018ec1016020 DEOPT PACKING pc=0x0000018eec53b068 sp=0x0000002fb8fff0d0
Event: 3.652 Thread 0x0000018ec1016020 DEOPT UNPACKING pc=0x0000018eebf7a1a3 sp=0x0000002fb8fff078 mode 2

Classes loaded (20 events):
Event: 1.548 Loading class java/util/concurrent/Callable done
Event: 1.548 Loading class java/util/concurrent/Executors$RunnableAdapter done
Event: 1.548 Loading class java/util/concurrent/ThreadPoolExecutor$Worker
Event: 1.548 Loading class java/util/concurrent/ThreadPoolExecutor$Worker done
Event: 1.548 Loading class java/util/concurrent/locks/AbstractQueuedSynchronizer$SharedNode
Event: 1.548 Loading class java/util/concurrent/locks/AbstractQueuedSynchronizer$SharedNode done
Event: 1.692 Loading class sun/nio/cs/StreamDecoder
Event: 1.692 Loading class sun/nio/cs/StreamDecoder done
Event: 1.692 Loading class java/util/regex/Pattern$LookBehindEndNode
Event: 1.693 Loading class java/util/regex/Pattern$LookBehindEndNode done
Event: 1.693 Loading class java/util/regex/Pattern$NotBehind
Event: 1.693 Loading class java/util/regex/Pattern$NotBehind done
Event: 1.693 Loading class java/util/regex/Pattern$Neg
Event: 1.693 Loading class java/util/regex/Pattern$Neg done
Event: 1.693 Loading class java/util/regex/Pattern$Pos
Event: 1.693 Loading class java/util/regex/Pattern$Pos done
Event: 1.699 Loading class java/util/regex/Pattern$SliceS
Event: 1.699 Loading class java/util/regex/Pattern$SliceS done
Event: 3.632 Loading class java/nio/channels/ClosedChannelException
Event: 3.632 Loading class java/nio/channels/ClosedChannelException done

Classes unloaded (0 events):
No events

Classes redefined (0 events):
No events

Internal exceptions (19 events):
Event: 0.123 Thread 0x0000018edb68e810 Exception <a 'java/lang/NoSuchMethodError'{0x00000000c3ce5068}: 'void java.lang.invoke.DirectMethodHandle$Holder.invokeStatic(java.lang.Object, java.lang.Object, java.lang.Object)'> (0x00000000c3ce5068) 
thrown [s\src\hotspot\share\interpreter\linkResolver.cpp, line 759]
Event: 0.129 Thread 0x0000018edb68e810 Exception <a 'java/lang/ClassNotFoundException'{0x00000000c3b0cd08}: sun/awt/resources/spi/awtProvider> (0x00000000c3b0cd08) 
thrown [s\src\hotspot\share\classfile\systemDictionary.cpp, line 256]
Event: 0.144 Thread 0x0000018edb68e810 Exception <a 'java/io/FileNotFoundException'{0x00000000c3b62648}> (0x00000000c3b62648) 
thrown [s\src\hotspot\share\prims\jni.cpp, line 516]
Event: 0.148 Thread 0x0000018edb68e810 Exception <a 'java/io/FileNotFoundException'{0x00000000c3b8fb58}> (0x00000000c3b8fb58) 
thrown [s\src\hotspot\share\prims\jni.cpp, line 516]
Event: 0.176 Thread 0x0000018edb68e810 Exception <a 'java/lang/NoSuchMethodError'{0x00000000c3a3cd60}: 'java.lang.Object java.lang.invoke.DirectMethodHandle$Holder.invokeStaticInit(java.lang.Object)'> (0x00000000c3a3cd60) 
thrown [s\src\hotspot\share\interpreter\linkResolver.cpp, line 759]
Event: 0.259 Thread 0x0000018edb68e810 Exception <a 'java/lang/NoSuchMethodError'{0x00000000c364a050}: 'java.lang.Object java.lang.invoke.DirectMethodHandle$Holder.invokeStaticInit(java.lang.Object, int, int, int, int)'> (0x00000000c364a050) 
thrown [s\src\hotspot\share\interpreter\linkResolver.cpp, line 759]
Event: 0.293 Thread 0x0000018edb68e810 Exception <a 'java/lang/NoSuchMethodError'{0x00000000c3534458}: 'java.lang.Object java.lang.invoke.DirectMethodHandle$Holder.invokeStaticInit(java.lang.Object, java.lang.Object, int, int, int, int)'> (0x00000000c3534458) 
thrown [s\src\hotspot\share\interpreter\linkResolver.cpp, line 759]
Event: 0.317 Thread 0x0000018edb68e810 Exception <a 'java/lang/NoSuchMethodError'{0x00000000c353faf8}: 'void java.lang.invoke.DirectMethodHandle$Holder.invokeStatic(java.lang.Object, long)'> (0x00000000c353faf8) 
thrown [s\src\hotspot\share\interpreter\linkResolver.cpp, line 759]
Event: 0.318 Thread 0x0000018edb68e810 Exception <a 'java/lang/NoSuchMethodError'{0x00000000c35450d8}: 'java.lang.Object java.lang.invoke.DirectMethodHandle$Holder.newInvokeSpecial(java.lang.Object, long)'> (0x00000000c35450d8) 
thrown [s\src\hotspot\share\interpreter\linkResolver.cpp, line 759]
Event: 0.320 Thread 0x0000018edb68e810 Exception <a 'java/lang/NoSuchMethodError'{0x00000000c354f8f0}: 'java.lang.Object java.lang.invoke.DirectMethodHandle$Holder.invokeStaticInit(java.lang.Object, java.lang.Object, long, java.lang.Object)'> (0x00000000c354f8f0) 
thrown [s\src\hotspot\share\interpreter\linkResolver.cpp, line 759]
Event: 0.320 Thread 0x0000018edb68e810 Exception <a 'java/lang/NoSuchMethodError'{0x00000000c3555eb0}: 'java.lang.Object java.lang.invoke.DirectMethodHandle$Holder.newInvokeSpecial(java.lang.Object, java.lang.Object, long)'> (0x00000000c3555eb0) 
thrown [s\src\hotspot\share\interpreter\linkResolver.cpp, line 759]
Event: 0.321 Thread 0x0000018edb68e810 Exception <a 'java/lang/NoSuchMethodError'{0x00000000c3559a20}: 'java.lang.Object java.lang.invoke.Invokers$Holder.linkToTargetMethod(java.lang.Object, long, java.lang.Object)'> (0x00000000c3559a20) 
thrown [s\src\hotspot\share\interpreter\linkResolver.cpp, line 759]
Event: 0.427 Thread 0x0000018edb68e810 Exception <a 'java/lang/NoSuchMethodError'{0x00000000c34c9f50}: 'java.lang.Object java.lang.invoke.DirectMethodHandle$Holder.invokeInterface(java.lang.Object, java.lang.Object)'> (0x00000000c34c9f50) 
thrown [s\src\hotspot\share\interpreter\linkResolver.cpp, line 759]
Event: 0.427 Thread 0x0000018edb68e810 Exception <a 'java/lang/IncompatibleClassChangeError'{0x00000000c34cd870}: Found class java.lang.Object, but interface was expected> (0x00000000c34cd870) 
thrown [s\src\hotspot\share\interpreter\linkResolver.cpp, line 826]
Event: 1.463 Thread 0x0000018edb68e810 Exception <a 'java/lang/NoSuchMethodError'{0x00000000c33cd718}: 'void java.lang.invoke.DirectMethodHandle$Holder.invokeSpecial(java.lang.Object, java.lang.Object, java.lang.Object, java.lang.Object, java.lang.Object)'> (0x00000000c33cd718) 
thrown [s\src\hotspot\share\interpreter\linkResolver.cpp, line 759]
Event: 1.463 Thread 0x0000018edb68e810 Exception <a 'java/lang/NoSuchMethodError'{0x00000000c33d66d8}: 'void java.lang.invoke.DirectMethodHandle$Holder.invokeSpecial(java.lang.Object, java.lang.Object, java.lang.Object)'> (0x00000000c33d66d8) 
thrown [s\src\hotspot\share\interpreter\linkResolver.cpp, line 759]
Event: 1.464 Thread 0x0000018edb68e810 Exception <a 'java/lang/NoSuchMethodError'{0x00000000c33dca08}: 'void java.lang.invoke.DirectMethodHandle$Holder.invokeSpecial(java.lang.Object, java.lang.Object, int)'> (0x00000000c33dca08) 
thrown [s\src\hotspot\share\interpreter\linkResolver.cpp, line 759]
Event: 1.464 Thread 0x0000018edb68e810 Exception <a 'java/lang/NoSuchMethodError'{0x00000000c33e2a20}: 'java.lang.Object java.lang.invoke.DirectMethodHandle$Holder.newInvokeSpecial(java.lang.Object, java.lang.Object, int)'> (0x00000000c33e2a20) 
thrown [s\src\hotspot\share\interpreter\linkResolver.cpp, line 759]
Event: 3.631 Thread 0x0000018ec184a290 Exception <a 'java/lang/InterruptedException'{0x00000000c74966b0}> (0x00000000c74966b0) 
thrown [s\src\hotspot\share\runtime\objectMonitor.cpp, line 1658]

VM Operations (20 events):
Event: 1.643 Executing VM operation: G1TryInitiateConcMark done
Event: 1.650 Executing VM operation: G1PauseRemark
Event: 1.651 Executing VM operation: G1PauseRemark done
Event: 1.653 Executing VM operation: G1PauseCleanup
Event: 1.653 Executing VM operation: G1PauseCleanup done
Event: 1.655 Executing VM operation: G1TryInitiateConcMark
Event: 1.656 Executing VM operation: G1TryInitiateConcMark done
Event: 1.662 Executing VM operation: G1PauseRemark
Event: 1.663 Executing VM operation: G1PauseRemark done
Event: 1.666 Executing VM operation: G1PauseCleanup
Event: 1.666 Executing VM operation: G1PauseCleanup done
Event: 2.081 Executing VM operation: G1CollectForAllocation
Event: 2.082 Executing VM operation: G1CollectForAllocation done
Event: 2.934 Executing VM operation: G1CollectForAllocation
Event: 2.935 Executing VM operation: G1CollectForAllocation done
Event: 2.939 Executing VM operation: G1PauseRemark
Event: 2.940 Executing VM operation: G1PauseRemark done
Event: 2.941 Executing VM operation: G1PauseCleanup
Event: 2.941 Executing VM operation: G1PauseCleanup done
Event: 3.733 Executing VM operation: Exit

Memory protections (0 events):
No events

Nmethod flushes (0 events):
No events

Events (20 events):
Event: 1.465 Thread 0x0000018edb68e810 Thread added: 0x0000018ec18356c0
Event: 1.466 Thread 0x0000018edb68e810 Thread exited: 0x0000018edb68e810
Event: 1.466 Thread 0x0000018ec1a7eb80 Thread added: 0x0000018ec1a7eb80
Event: 1.510 Thread 0x0000018ef94c3580 Thread added: 0x0000018eceed1020
Event: 1.510 Thread 0x0000018ef94c3580 Thread added: 0x0000018eceed1540
Event: 1.548 Thread 0x0000018ec18356c0 Thread added: 0x0000018ec1a7bdf0
Event: 1.941 Thread 0x0000018eceed1540 Thread exited: 0x0000018eceed1540
Event: 1.958 Thread 0x0000018eceed1020 Thread exited: 0x0000018eceed1020
Event: 3.631 Thread 0x0000018ec18356c0 Thread added: 0x0000018ec1a7c810
Event: 3.631 Thread 0x0000018ec184a290 Thread exited: 0x0000018ec184a290
Event: 3.631 Thread 0x0000018ec18356c0 Thread added: 0x0000018ec1a7cd20
Event: 3.631 Thread 0x0000018ec18356c0 Thread added: 0x0000018ec1a7c300
Event: 3.631 Thread 0x0000018efe063200 Thread added: 0x0000018ec1a7dc50
Event: 3.632 Thread 0x0000018efe54ad70 Thread exited: 0x0000018efe54ad70
Event: 3.632 Thread 0x0000018ec1a7c300 Thread exited: 0x0000018ec1a7c300
Event: 3.634 Thread 0x0000018efe063200 Thread exited: 0x0000018efe063200
Event: 3.656 Thread 0x0000018ec1016020 Thread exited: 0x0000018ec1016020
Event: 3.658 Thread 0x0000018ec1a7c810 Thread exited: 0x0000018ec1a7c810
Event: 3.732 Thread 0x0000018ec1a7cd20 Thread exited: 0x0000018ec1a7cd20
Event: 3.732 Thread 0x0000018ec18356c0 Before exit entered


Dynamic libraries:
0x00007ff7c9de0000 - 0x00007ff7c9dee000 	C:\Program Files\Processing\app\resources\jdk-17.0.14+7\bin\java.exe
0x00007ffa7da60000 - 0x00007ffa7dcc7000 	C:\WINDOWS\SYSTEM32\ntdll.dll
0x00007ffa7c020000 - 0x00007ffa7c0e9000 	C:\WINDOWS\System32\KERNEL32.DLL
0x00007ffa7a540000 - 0x00007ffa7a937000 	C:\WINDOWS\System32\KERNELBASE.dll
0x00007ffa7ab20000 - 0x00007ffa7ac6b000 	C:\WINDOWS\System32\ucrtbase.dll
0x00007ffa4d3e0000 - 0x00007ffa4d3f7000 	C:\Program Files\Processing\app\resources\jdk-17.0.14+7\bin\jli.dll
0x00007ffa4d3c0000 - 0x00007ffa4d3de000 	C:\Program Files\Processing\app\resources\jdk-17.0.14+7\bin\VCRUNTIME140.dll
0x00007ffa7bdd0000 - 0x00007ffa7bf96000 	C:\WINDOWS\System32\USER32.dll
0x00007ffa7b630000 - 0x00007ffa7b657000 	C:\WINDOWS\System32\win32u.dll
0x00007ffa61590000 - 0x00007ffa61822000 	C:\WINDOWS\WinSxS\amd64_microsoft.windows.common-controls_6595b64144ccf1df_6.0.26100.8457_none_3e0b2faee331e92d\COMCTL32.dll
0x00007ffa7b7e0000 - 0x00007ffa7b889000 	C:\WINDOWS\System32\msvcrt.dll
0x00007ffa7cc40000 - 0x00007ffa7cc6b000 	C:\WINDOWS\System32\GDI32.dll
0x00007ffa7a940000 - 0x00007ffa7aa6c000 	C:\WINDOWS\System32\gdi32full.dll
0x00007ffa7a490000 - 0x00007ffa7a533000 	C:\WINDOWS\System32\msvcp_win.dll
0x00007ffa7ba00000 - 0x00007ffa7ba32000 	C:\WINDOWS\System32\IMM32.DLL
0x00007ffa736e0000 - 0x00007ffa736ec000 	C:\Program Files\Processing\app\resources\jdk-17.0.14+7\bin\vcruntime140_1.dll
0x00007ffa457d0000 - 0x00007ffa4585d000 	C:\Program Files\Processing\app\resources\jdk-17.0.14+7\bin\msvcp140.dll
0x00007ff9b1440000 - 0x00007ff9b20ab000 	C:\Program Files\Processing\app\resources\jdk-17.0.14+7\bin\server\jvm.dll
0x00007ffa7d380000 - 0x00007ffa7d436000 	C:\WINDOWS\System32\ADVAPI32.dll
0x00007ffa7d450000 - 0x00007ffa7d4f7000 	C:\WINDOWS\System32\sechost.dll
0x00007ffa7d610000 - 0x00007ffa7d728000 	C:\WINDOWS\System32\RPCRT4.dll
0x00007ffa7d500000 - 0x00007ffa7d580000 	C:\WINDOWS\System32\WS2_32.dll
0x00007ffa7a310000 - 0x00007ffa7a36e000 	C:\WINDOWS\SYSTEM32\POWRPROF.dll
0x00007ffa61e60000 - 0x00007ffa61e96000 	C:\WINDOWS\SYSTEM32\WINMM.dll
0x00007ffa704a0000 - 0x00007ffa704ab000 	C:\WINDOWS\SYSTEM32\VERSION.dll
0x00007ffa7a2f0000 - 0x00007ffa7a304000 	C:\WINDOWS\SYSTEM32\UMPDC.dll
0x00007ffa79220000 - 0x00007ffa7923b000 	C:\WINDOWS\SYSTEM32\kernel.appcore.dll
0x00007ffa6a5b0000 - 0x00007ffa6a5ba000 	C:\Program Files\Processing\app\resources\jdk-17.0.14+7\bin\jimage.dll
0x00007ffa72470000 - 0x00007ffa726b2000 	C:\WINDOWS\SYSTEM32\DBGHELP.DLL
0x00007ffa7c870000 - 0x00007ffa7cbf3000 	C:\WINDOWS\System32\combase.dll
0x00007ffa7bc30000 - 0x00007ffa7bd09000 	C:\WINDOWS\System32\OLEAUT32.dll
0x00007ffa410a0000 - 0x00007ffa410db000 	C:\WINDOWS\SYSTEM32\dbgcore.DLL
0x00007ffa7aa70000 - 0x00007ffa7ab18000 	C:\WINDOWS\System32\bcryptPrimitives.dll
0x00007ffa478a0000 - 0x00007ffa478db000 	C:\Program Files\Processing\app\resources\jdk-17.0.14+7\bin\jdwp.dll
0x00007ffa4c330000 - 0x00007ffa4c355000 	C:\Program Files\Processing\app\resources\jdk-17.0.14+7\bin\java.dll
0x00007ffa24100000 - 0x00007ffa241d7000 	C:\Program Files\Processing\app\resources\jdk-17.0.14+7\bin\jsvml.dll
0x00007ffa7c0f0000 - 0x00007ffa7c85e000 	C:\WINDOWS\System32\SHELL32.dll
0x00007ffa7ac70000 - 0x00007ffa7b4dc000 	C:\WINDOWS\System32\windows.storage.dll
0x00007ffa7d730000 - 0x00007ffa7d826000 	C:\WINDOWS\System32\SHCORE.dll
0x00007ffa7d210000 - 0x00007ffa7d276000 	C:\WINDOWS\System32\shlwapi.dll
0x00007ffa7a3b0000 - 0x00007ffa7a3d9000 	C:\WINDOWS\SYSTEM32\profapi.dll
0x00007ffa4ce20000 - 0x00007ffa4ce2c000 	C:\Program Files\Processing\app\resources\jdk-17.0.14+7\bin\dt_socket.dll
0x00007ffa78c30000 - 0x00007ffa78c62000 	C:\WINDOWS\SYSTEM32\IPHLPAPI.DLL
0x00007ffa79790000 - 0x00007ffa797fc000 	C:\WINDOWS\system32\mswsock.dll
0x00007ffa4cd70000 - 0x00007ffa4cd89000 	C:\Program Files\Processing\app\resources\jdk-17.0.14+7\bin\net.dll
0x00007ffa775b0000 - 0x00007ffa776d9000 	C:\WINDOWS\SYSTEM32\WINHTTP.dll
0x00007ffa47880000 - 0x00007ffa47896000 	C:\Program Files\Processing\app\resources\jdk-17.0.14+7\bin\nio.dll
0x00007ffa419e0000 - 0x00007ffa419f8000 	C:\Program Files\Processing\app\resources\jdk-17.0.14+7\bin\zip.dll
0x00007ff9ec9a0000 - 0x00007ff9ecb30000 	C:\Program Files\Processing\app\resources\jdk-17.0.14+7\bin\awt.dll
0x00007ffa76060000 - 0x00007ffa76100000 	C:\WINDOWS\SYSTEM32\apphelp.dll
0x00007ffa77ee0000 - 0x00007ffa77f8a000 	C:\WINDOWS\system32\uxtheme.dll
0x00007ffa7b890000 - 0x00007ffa7b9ec000 	C:\WINDOWS\System32\MSCTF.dll
0x00007ffa7ba40000 - 0x00007ffa7bbd7000 	C:\WINDOWS\System32\ole32.dll
0x00007ffa781d0000 - 0x00007ffa781ff000 	C:\WINDOWS\system32\DWMAPI.DLL
0x00007ffa33d40000 - 0x00007ffa33e4f000 	C:\WINDOWS\system32\opengl32.dll
0x00007ffa36620000 - 0x00007ffa3664d000 	C:\WINDOWS\SYSTEM32\GLU32.dll
0x00007ffa77ff0000 - 0x00007ffa78035000 	C:\WINDOWS\SYSTEM32\dxcore.dll
0x00007ffa79a70000 - 0x00007ffa79a8b000 	C:\WINDOWS\SYSTEM32\CRYPTSP.dll
0x00007ffa79180000 - 0x00007ffa791b9000 	C:\WINDOWS\system32\rsaenh.dll
0x00007ffa79840000 - 0x00007ffa79873000 	C:\WINDOWS\SYSTEM32\USERENV.dll
0x00007ffa7a380000 - 0x00007ffa7a3aa000 	C:\WINDOWS\SYSTEM32\bcrypt.dll
0x00007ffa79a90000 - 0x00007ffa79a9c000 	C:\WINDOWS\SYSTEM32\CRYPTBASE.dll
0x00007ffa7cc00000 - 0x00007ffa7cc0a000 	C:\WINDOWS\System32\NSI.dll
0x00007ffa77800000 - 0x00007ffa7781d000 	C:\WINDOWS\SYSTEM32\dhcpcsvc6.DLL
0x00007ffa77750000 - 0x00007ffa77775000 	C:\WINDOWS\SYSTEM32\dhcpcsvc.DLL
0x00007ffa78ce0000 - 0x00007ffa78e12000 	C:\WINDOWS\SYSTEM32\DNSAPI.dll
0x00007ffa41800000 - 0x00007ffa41813000 	C:\Users\danil\AppData\Local\Temp\jogamp_0000\file_cache\jln8684852649730646483\jln3244541600536808741\natives\windows-amd64\gluegen_rt.dll
0x00007ffa4ce10000 - 0x00007ffa4ce17000 	C:\Program Files\Processing\app\resources\jdk-17.0.14+7\bin\jawt.dll
0x00007ffa4cd50000 - 0x00007ffa4cd5d000 	C:\Users\danil\AppData\Local\Temp\jogamp_0000\file_cache\jln8684852649730646483\jln3244541600536808741\natives\windows-amd64\nativewindow_awt.dll
0x00007ffa3fb30000 - 0x00007ffa3fb45000 	C:\Users\danil\AppData\Local\Temp\jogamp_0000\file_cache\jln8684852649730646483\jln3244541600536808741\natives\windows-amd64\nativewindow_win32.dll
0x00007ffa24070000 - 0x00007ffa240f3000 	C:\Users\danil\AppData\Local\Temp\jogamp_0000\file_cache\jln8684852649730646483\jln3244541600536808741\natives\windows-amd64\jogl_desktop.dll
0x00007ffa3fad0000 - 0x00007ffa3fb22000 	C:\Users\danil\AppData\Local\Temp\jogamp_0000\file_cache\jln8684852649730646483\jln3244541600536808741\natives\windows-amd64\jogl_mobile.dll
0x00007ffa73470000 - 0x00007ffa734d1000 	C:\WINDOWS\SYSTEM32\directxdatabasehelper.dll
0x00007ffa665e0000 - 0x00007ffa665fd000 	C:\WINDOWS\SYSTEM32\windows.staterepositorycore.dll
0x00007ff9b0460000 - 0x00007ff9b1433000 	C:\WINDOWS\System32\DriverStore\FileRepository\iigd_dch.inf_amd64_225f37aa3862fc3f\igxelpicd64.dll
0x00007ffa78040000 - 0x00007ffa7817e000 	C:\WINDOWS\system32\dxgi.dll
0x00007ff9ceb30000 - 0x00007ff9cefb7000 	C:\WINDOWS\System32\DriverStore\FileRepository\iigd_dch.inf_amd64_225f37aa3862fc3f\igdml64.dll
0x00007ffa7a000000 - 0x00007ffa7a051000 	C:\WINDOWS\SYSTEM32\cfgmgr32.dll
0x00007ffa704b0000 - 0x00007ffa70871000 	C:\WINDOWS\System32\DriverStore\FileRepository\iigd_dch.inf_amd64_225f37aa3862fc3f\igdgmm64.dll
0x00007ffa6d290000 - 0x00007ffa70496000 	C:\WINDOWS\System32\DriverStore\FileRepository\iigd_dch.inf_amd64_225f37aa3862fc3f\igc64.dll
0x00007ffa3ade0000 - 0x00007ffa3adf9000 	C:\Users\danil\AppData\Local\Temp\jogamp_0000\file_cache\jln8684852649730646483\jln3244541600536808741\natives\windows-amd64\newt_head.dll
0x00007ffa6bce0000 - 0x00007ffa6bd9f000 	C:\WINDOWS\SYSTEM32\mscms.dll
0x00007ffa111b0000 - 0x00007ffa111f9000 	C:\WINDOWS\SYSTEM32\icm32.dll
0x00007ffa7cc70000 - 0x00007ffa7d0f7000 	C:\WINDOWS\System32\setupapi.dll
0x00007ffa79fd0000 - 0x00007ffa79ffd000 	C:\WINDOWS\SYSTEM32\DEVOBJ.dll
0x00007ffa7b4e0000 - 0x00007ffa7b562000 	C:\WINDOWS\System32\WINTRUST.dll
0x00007ffa7b660000 - 0x00007ffa7b7d8000 	C:\WINDOWS\System32\CRYPT32.dll
0x00007ffa79ba0000 - 0x00007ffa79bb3000 	C:\WINDOWS\SYSTEM32\MSASN1.dll
0x00007ffa4d4c0000 - 0x00007ffa4d606000 	C:\WINDOWS\SYSTEM32\textinputframework.dll
0x00007ffa76ea0000 - 0x00007ffa76fc7000 	C:\WINDOWS\SYSTEM32\CoreMessaging.dll
0x00007ffa726c0000 - 0x00007ffa729a2000 	C:\WINDOWS\SYSTEM32\CoreUIComponents.dll
0x00007ffa737b0000 - 0x00007ffa7391a000 	C:\WINDOWS\SYSTEM32\wintypes.dll

dbghelp: loaded successfully - version: 4.0.5 - missing functions: none
symbol engine: initialized successfully - sym options: 0x614 - pdb path: .;C:\Program Files\Processing\app\resources\jdk-17.0.14+7\bin;C:\WINDOWS\SYSTEM32;C:\WINDOWS\WinSxS\amd64_microsoft.windows.common-controls_6595b64144ccf1df_6.0.26100.8457_none_3e0b2faee331e92d;C:\Program Files\Processing\app\resources\jdk-17.0.14+7\bin\server;C:\Users\danil\AppData\Local\Temp\jogamp_0000\file_cache\jln8684852649730646483\jln3244541600536808741\natives\windows-amd64;C:\WINDOWS\System32\DriverStore\FileRepository\iigd_dch.inf_amd64_225f37aa3862fc3f

VM Arguments:
jvm_args: -agentlib:jdwp=transport=dt_socket,address=8715,server=y,suspend=y,quiet=y -Xms64m -Xmx1024m -Djna.nosys=true -Djava.library.path=;C:\Program Files\Processing\app\resources\core\library;C:\Program Files\Processing;C:\WINDOWS\system32;C:\WINDOWS;C:\Program Files\PlasticSCM5\server;C:\Program Files\PlasticSCM5\client;C:\Program Files\Common Files\Oracle\Java\javapath;C:\Program Files (x86)\Common Files\Oracle\Java\javapath;C:\Windows\System32\HWAudioDriverLibs;C:\Windows\system32;C:\Windows;C:\Windows\System32\Wbem;C:\Windows\System32\WindowsPowerShell\v1.0;C:\Windows\System32\OpenSSH;C:\Program Files\Microsoft SQL Server\150\Tools\Binn;C:\Program Files\Microsoft SQL Server\Client SDK\ODBC\170\Tools\Binn;C:\Program Files\dotnet;D:\Windows Kits\10\Windows Performance Toolkit;C:\Program Files\Java\jdk-23\bin;C:\WINDOWS\system32;C:\WINDOWS;C:\WINDOWS\System32\Wbem;C:\WINDOWS\System32\WindowsPowerShell\v1.0;C:\WINDOWS\System32\OpenSSH;C:\Program Files\nodejs;C:\Program Files\Docker\Docker\resources\bin;C:\Program Files\TortoiseGit\bin;C:\Program Files\Git\cmd;C:\Users\danil\AppData\Local\Programs\Python\Python312\Scripts;C:\Users\danil\AppData\Local\Programs\Python\Python312;C:\Users\danil\AppData\Local\Microsoft\WindowsApps;C:\Users\danil\AppData\Local\Programs\Microsoft VS Code\bin;C:\Users\danil\AppData\Roaming\npm;D:\DataBase\18\bin;C:\Program Files\Processing\app;. -ea 
java_command: processing.core.PApplet --editor-location=-7,-7 --external --display=1 --sketch-path=C:\Users\danil\Desktop\Gravity_simul Gravity_simul
java_class_path (initial): C:\Users\danil\AppData\Local\Temp\processing\Gravity_simul2048652839588378126temp;C:\Program Files\Processing\app\resources\core\library\annotations-13.0.jar;C:\Program Files\Processing\app\resources\core\library\antlr-2.7.7.jar;C:\Program Files\Processing\app\resources\core\library\core-4.4.1.jar;C:\Program Files\Processing\app\resources\core\library\gluegen-rt-2.5.0-natives-android-aarch64.jar;C:\Program Files\Processing\app\resources\core\library\gluegen-rt-2.5.0-natives-linux-aarch64.jar;C:\Program Files\Processing\app\resources\core\library\gluegen-rt-2.5.0-natives-linux-amd64.jar;C:\Program Files\Processing\app\resources\core\library\gluegen-rt-2.5.0-natives-linux-armv6hf.jar;C:\Program Files\Processing\app\resources\core\library\gluegen-rt-2.5.0-natives-macosx-universal.jar;C:\Program Files\Processing\app\resources\core\library\gluegen-rt-2.5.0-natives-windows-amd64.jar;C:\Program Files\Processing\app\resources\core\library\gluegen-rt-2.5.0.jar;C:\Program Files\Processing\app\resources\core\library\gluegen-rt-main-2.5.0.jar;C:\Program Files\Processing\app\resources\core\library\jogl-all-2.5.0-natives-android-aarch64.jar;C:\Program Files\Processing\app\resources\core\library\jogl-all-2.5.0-natives-linux-aarch64.jar;C:\Program Files\Processing\app\resources\core\library\jogl-all-2.5.0-natives-linux-amd64.jar;C:\Program Files\Processing\app\resources\core\library\jogl-all-2.5.0-natives-linux-armv6hf.jar;C:\Program Files\Processing\app\resources\core\library\jogl-all-2.5.0-natives-macosx-universal.jar;C:\Program Files\Processing\app\resources\core\library\jogl-all-2.5.0-natives-windows-amd64.jar;C:\Program Files\Processing\app\resources\core\library\jogl-all-2.5.0.jar;C:\Program Files\Processing\app\resources\core\library\jogl-all-main-2.5.0.jar;C:\Program Files\Processing\app\resources\core\library\kotlin-stdlib-2.0.20.jar
Launcher Type: SUN_STANDARD

[Global flags]
     intx CICompilerCount                          = 4                                         {product} {ergonomic}
     uint ConcGCThreads                            = 2                                         {product} {ergonomic}
     uint G1ConcRefinementThreads                  = 8                                         {product} {ergonomic}
   size_t G1HeapRegionSize                         = 1048576                                   {product} {ergonomic}
    uintx GCDrainStackTargetSize                   = 64                                        {product} {ergonomic}
   size_t InitialHeapSize                          = 67108864                                  {product} {command line}
   size_t MarkStackSize                            = 4194304                                   {product} {ergonomic}
   size_t MaxHeapSize                              = 1073741824                                {product} {command line}
   size_t MaxNewSize                               = 643825664                                 {product} {ergonomic}
   size_t MinHeapDeltaBytes                        = 1048576                                   {product} {ergonomic}
   size_t MinHeapSize                              = 67108864                                  {product} {command line}
    uintx NonNMethodCodeHeapSize                   = 5839372                                {pd product} {ergonomic}
    uintx NonProfiledCodeHeapSize                  = 122909434                              {pd product} {ergonomic}
    uintx ProfiledCodeHeapSize                     = 122909434                              {pd product} {ergonomic}
    uintx ReservedCodeCacheSize                    = 251658240                              {pd product} {ergonomic}
     bool SegmentedCodeCache                       = true                                      {product} {ergonomic}
   size_t SoftMaxHeapSize                          = 1073741824                             {manageable} {ergonomic}
     bool UseCompressedClassPointers               = true                           {product lp64_product} {ergonomic}
     bool UseCompressedOops                        = true                           {product lp64_product} {ergonomic}
     bool UseG1GC                                  = true                                      {product} {ergonomic}
     bool UseLargePagesIndividualAllocation        = false                                  {pd product} {ergonomic}

Logging:
Log output configuration:
 #0: stdout all=off uptime,level,tags
 #1: stderr all=off uptime,level,tags

Environment Variables:
JAVA_HOME=C:\Program Files\Java\jdk-23
PATH=C:\Program Files\PlasticSCM5\server;C:\Program Files\PlasticSCM5\client;C:\Program Files\Common Files\Oracle\Java\javapath;C:\Program Files (x86)\Common Files\Oracle\Java\javapath;C:\Windows\System32\HWAudioDriverLibs;C:\Windows\system32;C:\Windows;C:\Windows\System32\Wbem;C:\Windows\System32\WindowsPowerShell\v1.0\;C:\Windows\System32\OpenSSH\;C:\Users\Administrator\AppData\Local\Microsoft\WindowsApps;C:\Program Files\Microsoft SQL Server\150\Tools\Binn\;C:\Program Files\Microsoft SQL Server\Client SDK\ODBC\170\Tools\Binn\;C:\Program Files\dotnet\;D:\Windows Kits\10\Windows Performance Toolkit\;C:\Program Files\Java\jdk-23\bin;C:\WINDOWS\system32;C:\WINDOWS;C:\WINDOWS\System32\Wbem;C:\WINDOWS\System32\WindowsPowerShell\v1.0\;C:\WINDOWS\System32\OpenSSH\;C:\Program Files\nodejs\;C:\Program Files\Docker\Docker\resources\bin;C:\Program Files\TortoiseGit\bin;C:\Program Files\Git\cmd;C:\Users\danil\AppData\Local\Programs\Python\Python312\Scripts\;C:\Users\danil\AppData\Local\Programs\Python\Python312\;C:\Users\danil\AppData\Local\Microsoft\WindowsApps;C:\Users\danil\.dotnet\tools;C:\Users\danil\AppData\Local\Programs\Microsoft VS Code\bin;C:\Users\danil\AppData\Roaming\npm;D:\DataBase\18\bin;C:\Program Files\Processing\app
USERNAME=danil
OS=Windows_NT
PROCESSOR_IDENTIFIER=Intel64 Family 6 Model 140 Stepping 2, GenuineIntel
TMP=C:\Users\danil\AppData\Local\Temp
TEMP=C:\Users\danil\AppData\Local\Temp



Periodic native trim disabled


---------------  S Y S T E M  ---------------

OS:
 Windows 11 , 64 bit Build 26100 (10.0.26100.8328)
OS uptime: 0 days 3:36 hours
Hyper-V role detected

CPU: total 8 (initial active 8) (4 cores per cpu, 2 threads per core) family 6 model 140 stepping 2 microcode 0x16, cx8, cmov, fxsr, ht, mmx, 3dnowpref, sse, sse2, sse3, ssse3, sse4.1, sse4.2, popcnt, lzcnt, tsc, tscinvbit, avx, avx2, aes, erms, clmul, bmi1, bmi2, adx, avx512f, avx512dq, avx512cd, avx512bw, avx512vl, sha, fma, vzeroupper, avx512_vpopcntdq, avx512_vpclmulqdq, avx512_vaes, avx512_vnni, clflush, clflushopt, clwb, avx512_vbmi2, avx512_vbmi, hv
Processor Information for all 8 processors :
  Max Mhz: 2496, Current Mhz: 2496, Mhz Limit: 2496

Memory: 4k page, system-wide physical 7975M (1618M free)
TotalPageFile size 17703M (AvailPageFile size 8223M)
current process WorkingSet (physical memory assigned to process): 528M, peak: 536M
current process commit charge ("private bytes"): 533M, peak: 537M

vm_info: OpenJDK 64-Bit Server VM (17.0.14+7) for windows-amd64 JRE (17.0.14+7), built on Jan 21 2025 23:40:15 by "admin" with MS VC++ 17.7 (VS2022)

END.
