#
# A fatal error has been detected by the Java Runtime Environment:
#
#  EXCEPTION_ACCESS_VIOLATION (0xc0000005) at pc=0x00007ffdf360b386, pid=1840, tid=5140
#
# JRE version: OpenJDK Runtime Environment Temurin-17.0.14+7 (17.0.14+7) (build 17.0.14+7)
# Java VM: OpenJDK 64-Bit Server VM Temurin-17.0.14+7 (17.0.14+7, mixed mode, sharing, tiered, compressed oops, compressed class ptrs, g1 gc, windows-amd64)
# Problematic frame:
# C  [igxelpicd64.dll+0x23b386]
#
# No core dump will be written. Minidumps are not enabled by default on client versions of Windows
#
# If you would like to submit a bug report, please visit:
#   https://github.com/adoptium/adoptium-support/issues
#

---------------  S U M M A R Y ------------

Command Line: -agentlib:jdwp=transport=dt_socket,address=8208,server=y,suspend=y,quiet=y -Xms64m -Xmx1024m -Djna.nosys=true -Djava.library.path=;C:\Program Files\Processing\app\resources\core\library;C:\Program Files\Processing;C:\WINDOWS\system32;C:\WINDOWS;C:\Program Files\PlasticSCM5\server;C:\Program Files\PlasticSCM5\client;C:\Program Files\Common Files\Oracle\Java\javapath;C:\Program Files (x86)\Common Files\Oracle\Java\javapath;C:\Windows\System32\HWAudioDriverLibs;C:\Windows\system32;C:\Windows;C:\Windows\System32\Wbem;C:\Windows\System32\WindowsPowerShell\v1.0;C:\Windows\System32\OpenSSH;C:\Program Files\Microsoft SQL Server\150\Tools\Binn;C:\Program Files\Microsoft SQL Server\Client SDK\ODBC\170\Tools\Binn;C:\Program Files\dotnet;D:\Windows Kits\10\Windows Performance Toolkit;C:\Program Files\Java\jdk-23\bin;C:\WINDOWS\system32;C:\WINDOWS;C:\WINDOWS\System32\Wbem;C:\WINDOWS\System32\WindowsPowerShell\v1.0;C:\WINDOWS\System32\OpenSSH;C:\Program Files\nodejs;C:\Program Files\Docker\Docker\resources\bin;C:\Program Files\TortoiseGit\bin;C:\Program Files\Git\cmd;C:\Users\danil\AppData\Local\Programs\Python\Python312\Scripts;C:\Users\danil\AppData\Local\Programs\Python\Python312;C:\Users\danil\AppData\Local\Microsoft\WindowsApps;C:\Users\danil\AppData\Local\Programs\Microsoft VS Code\bin;C:\Users\danil\AppData\Roaming\npm;D:\DataBase\18\bin;C:\Program Files\Processing\app;. -ea processing.core.PApplet --editor-location=-7,-7 --external --display=1 --sketch-path=C:\Users\danil\Desktop\Gravity_simul Gravity_simul

Host: 11th Gen Intel(R) Core(TM) i5-1155G7 @ 2.50GHz, 8 cores, 7G,  Windows 11 , 64 bit Build 26100 (10.0.26100.8328)
Time: Sun Jun 28 14:26:26 2026 RTZ 3 (s 11 , 64 bit Build 26100 (10.0.26100.8328) elapsed time: 5.746353 seconds (0d 0h 0m 5s)

---------------  T H R E A D  ---------------

Current thread (0x0000018e5fca21e0):  VMThread "VM Thread" [stack: 0x0000002ad0500000,0x0000002ad0600000] [id=5140]

Stack: [0x0000002ad0500000,0x0000002ad0600000],  sp=0x0000002ad05fe300,  free space=1016k
Native frames: (J=compiled Java code, j=interpreted, Vv=VM code, C=native code)
C  [igxelpicd64.dll+0x23b386]


siginfo: EXCEPTION_ACCESS_VIOLATION (0xc0000005), reading address 0x0000000000035468


Registers:
RAX=0x0000018e73915360, RBX=0x0000018e64a14850, RCX=0x0000000000000004, RDX=0x0000000000000000
RSP=0x0000002ad05fe300, RBP=0x0000000000000000, RSI=0x0000018e73915160, RDI=0x0000018e66744800
R8 =0x0000018e73915260, R9 =0x0000002acfbdf000, R10=0x0000000000000000, R11=0x0000000000000246
R12=0x0000018e73915160, R13=0x0000000000000000, R14=0x0000018e739156a8, R15=0x0000018e73911170
RIP=0x00007ffdf360b386, EFLAGS=0x0000000000010206


Register to memory mapping:

RIP=0x00007ffdf360b386 igxelpicd64.dll
RAX=0x0000018e73915360 points into unknown readable memory: 0x000000000000eeb8 | b8 ee 00 00 00 00 00 00
RBX=0x0000018e64a14850 points into unknown readable memory: 0xffffffffffffffff | ff ff ff ff ff ff ff ff
RCX=0x0000000000000004 is an unknown value
RDX=0x0 is NULL
RSP=0x0000002ad05fe300 points into unknown readable memory: 0x0000018e64a14850 | 50 48 a1 64 8e 01 00 00
RBP=0x0 is NULL
RSI=0x0000018e73915160 points into unknown readable memory: 0x0000018e64a8a170 | 70 a1 a8 64 8e 01 00 00
RDI=0x0000018e66744800 points into unknown readable memory: 0x0000000000000000 | 00 00 00 00 00 00 00 00
R8 =0x0000018e73915260 points into unknown readable memory: 0x0000000000000000 | 00 00 00 00 00 00 00 00
R9 =0x0000002acfbdf000 points into unknown readable memory: 0x0000000000000000 | 00 00 00 00 00 00 00 00
R10=0x0 is NULL
R11=0x0000000000000246 is an unknown value
R12=0x0000018e73915160 points into unknown readable memory: 0x0000018e64a8a170 | 70 a1 a8 64 8e 01 00 00
R13=0x0 is NULL
R14=0x0000018e739156a8 points into unknown readable memory: 0x0000018e73911170 | 70 11 91 73 8e 01 00 00
R15=0x0000018e73911170 points into unknown readable memory: 0x0000018e64a8a170 | 70 a1 a8 64 8e 01 00 00


Top of Stack: (sp=0x0000002ad05fe300)
0x0000002ad05fe300:   0000018e64a14850 00007ffdf3440ab4
0x0000002ad05fe310:   0000000000000000 0000018e668f3da0
0x0000002ad05fe320:   0000001600000000 0000000000000000
0x0000002ad05fe330:   0000018e00000000 0000018e668eff80
0x0000002ad05fe340:   0000018e64a14850 0000018e668b3a00
0x0000002ad05fe350:   0000018e68e60504 0000018e68bc0000
0x0000002ad05fe360:   00f399c302908e00 0000018e668f43a0
0x0000002ad05fe370:   038eebc602c88ec5 00007000196fe000
0x0000002ad05fe380:   033fe8c9034d31c9 00b723ca02c41aca
0x0000002ad05fe390:   037086ca00000000 033837cb027527cb
0x0000002ad05fe3a0:   0385f7cb024d47cb 037086cc005649cc
0x0000002ad05fe3b0:   036711cd039807cd 0165f3cf0283bacd
0x0000002ad05fe3c0:   036f30d001ba0ad0 036ac6d0039189d0
0x0000002ad05fe3d0:   0000000000000000 0000000000000000
0x0000002ad05fe3e0:   0377c80000000000 00007ffe8d905b54
0x0000002ad05fe3f0:   0000000000000000 0000000000000000
0x0000002ad05fe400:   0000002ad05fe5a0 00007ffe8b771259
0x0000002ad05fe410:   0000002ad05fe498 0000000000000000
0x0000002ad05fe420:   0000000000000054 0000000000000000
0x0000002ad05fe430:   0000000000000000 00007ffe8d905cc4
0x0000002ad05fe440:   000000007a000004 02f463dc037086da
0x0000002ad05fe450:   0000066867a9d633 001040007a000004
0x0000002ad05fe460:   0000018e668e8638 000000000000f2d8
0x0000002ad05fe470:   0000000000000000 0000000000000016
0x0000002ad05fe480:   0000000000000000 0000000000000000
0x0000002ad05fe490:   0000002ad05fe5a0 00007ffdf36382ae
0x0000002ad05fe4a0:   0000018e66744800 0000000000000000
0x0000002ad05fe4b0:   0000018e66744800 000010027a000004
0x0000002ad05fe4c0:   0000002a000009e8 0000740400870000
0x0000002ad05fe4d0:   0000000000000000 037b45ea034834ea
0x0000002ad05fe4e0:   0000000000000000 000010027a000004
0x0000002ad05fe4f0:   035699eb01df7feb 0000000000000000 

Instructions: (pc=0x00007ffdf360b386)
0x00007ffdf360b286:   00 90 4c 8b bf 80 02 00 00 48 8b 05 9a 85 bd 00
0x00007ffdf360b296:   8b 80 c8 0a 00 00 89 44 24 24 c6 44 24 20 00 48
0x00007ffdf360b2a6:   c7 87 80 02 00 00 00 00 00 00 c7 87 88 02 00 00
0x00007ffdf360b2b6:   00 00 00 00 48 c7 87 a0 02 00 00 00 00 00 00 48
0x00007ffdf360b2c6:   c7 87 90 02 00 00 00 00 00 00 48 85 ed 75 3d 8b
0x00007ffdf360b2d6:   35 0d 77 cd 00 65 48 8b 04 25 58 00 00 00 b9 14
0x00007ffdf360b2e6:   00 00 00 48 8b 04 f0 40 38 2c 01 0f 84 c9 e7 75
0x00007ffdf360b2f6:   00 65 48 8b 04 25 58 00 00 00 bd 20 00 00 00 48
0x00007ffdf360b306:   8b 04 f0 48 8b 2c 28 48 89 6c 24 28 48 3b 2d 07
0x00007ffdf360b316:   9b cd 00 0f 84 9b 10 00 00 4d 85 ff 0f 84 3a 01
0x00007ffdf360b326:   00 00 0f 1f 84 00 00 00 00 00 49 8b f7 4d 8b e7
0x00007ffdf360b336:   4d 8d b7 48 05 00 00 4d 8b 3e 45 84 ed 0f 85 d9
0x00007ffdf360b346:   0e 00 00 8b 8f d0 01 00 00 48 8b 05 da 84 bd 00
0x00007ffdf360b356:   83 b8 64 03 00 00 02 75 34 4d 8d 84 24 00 01 00
0x00007ffdf360b366:   00 83 f9 10 0f 83 3a 01 00 00 8b c1 48 c1 e0 06
0x00007ffdf360b376:   49 03 c0 48 85 c0 0f 84 9b 01 00 00 48 8b 50 08
0x00007ffdf360b386:   48 3b 95 68 54 03 00 0f 87 b6 0e 00 00 48 83 be
0x00007ffdf360b396:   c0 05 00 00 00 0f 85 50 e7 75 00 44 8b 8f d0 01
0x00007ffdf360b3a6:   00 00 48 8b 87 e8 01 00 00 4c 8b 00 8b 8f d0 01
0x00007ffdf360b3b6:   00 00 48 8d 9e 00 01 00 00 83 f9 10 0f 83 1e 01
0x00007ffdf360b3c6:   00 00 8b c1 48 c1 e0 06 48 03 c3 48 85 c0 0f 84
0x00007ffdf360b3d6:   4a 01 00 00 4c 39 40 08 0f 86 40 01 00 00 48 8b
0x00007ffdf360b3e6:   87 80 02 00 00 49 89 06 48 89 b7 80 02 00 00 ff
0x00007ffdf360b3f6:   87 88 02 00 00 48 8b 4e 08 48 8b 01 ba 01 00 00
0x00007ffdf360b406:   00 48 8b 80 e0 02 00 00 ff 15 f4 c1 88 00 0f b7
0x00007ffdf360b416:   c8 48 2b c1 48 05 00 00 01 00 48 01 87 90 02 00
0x00007ffdf360b426:   00 48 8b 4e 08 48 8b 01 ba 01 00 00 00 48 8b 80
0x00007ffdf360b436:   e0 02 00 00 ff 15 c8 c1 88 00 48 01 87 a0 02 00
0x00007ffdf360b446:   00 0f b6 54 24 20 4d 85 ff 0f 85 db fe ff ff 84
0x00007ffdf360b456:   d2 0f 85 37 0f 00 00 48 8b 5c 24 40 48 8b cf 80
0x00007ffdf360b466:   7c 24 22 00 0f 85 40 0f 00 00 e8 3b f9 ff ff 90
0x00007ffdf360b476:   48 8b cb ff 15 99 bc 88 00 48 8b 8c 24 50 01 00 


Stack slot to memory mapping:
stack at sp + 0 slots: 0x0000018e64a14850 points into unknown readable memory: 0xffffffffffffffff | ff ff ff ff ff ff ff ff
stack at sp + 1 slots: 0x00007ffdf3440ab4 igxelpicd64.dll
stack at sp + 2 slots: 0x0 is NULL
stack at sp + 3 slots: 0x0000018e668f3da0 points into unknown readable memory: 0x0000000000000438 | 38 04 00 00 00 00 00 00
stack at sp + 4 slots: 0x0000001600000000 is an unknown value
stack at sp + 5 slots: 0x0 is NULL
stack at sp + 6 slots: 0x0000018e00000000 is pointing into metadata
stack at sp + 7 slots: 0x0000018e668eff80 points into unknown readable memory: 0x0000018e668efff0 | f0 ff 8e 66 8e 01 00 00

VM_Operation (0x0000002ad26fe8d0): Exit, mode: safepoint, requested by thread 0x0000018e663860e0


---------------  P R O C E S S  ---------------

Threads class SMR info:
_java_thread_list=0x0000018e660c1e10, length=38, elements={
0x0000018e5fca5620, 0x0000018e5fca9410, 0x0000018e5fcbfed0, 0x0000018e5fcc07a0,
0x0000018e5fcc3080, 0x0000018e5fccdd50, 0x0000018e5fcd2220, 0x0000018e5fce8f70,
0x0000018e640cff70, 0x0000018e640e53d0, 0x0000018e640e78e0, 0x0000018e640ea870,
0x0000018e640eb7a0, 0x0000018e640ead80, 0x0000018e640ea360, 0x0000018e663860e0,
0x0000018e663865f0, 0x0000018e66384790, 0x0000018e663851b0, 0x0000018e66384ca0,
0x0000018e66383d70, 0x0000018e663856c0, 0x0000018e66387010, 0x0000018e66386b00,
0x0000018e66385bd0, 0x0000018e66387520, 0x0000018e66387a30, 0x0000018e66384280,
0x0000018e66388e70, 0x0000018e6638a7c0, 0x0000018e66388960, 0x0000018e66389380,
0x0000018e66388450, 0x0000018e66387f40, 0x0000018e6638acd0, 0x0000018e66389890,
0x0000018e6638b1e0, 0x0000018e744a7d90
}

Java Threads: ( => current thread )
  0x0000018e5fca5620 JavaThread "Reference Handler" daemon [_thread_blocked, id=16044, stack(0x0000002ad0600000,0x0000002ad0700000)]
  0x0000018e5fca9410 JavaThread "Finalizer" daemon [_thread_blocked, id=18988, stack(0x0000002ad0700000,0x0000002ad0800000)]
  0x0000018e5fcbfed0 JavaThread "Attach Listener" daemon [_thread_blocked, id=18444, stack(0x0000002ad0900000,0x0000002ad0a00000)]
  0x0000018e5fcc07a0 JavaThread "Service Thread" daemon [_thread_blocked, id=12872, stack(0x0000002ad0a00000,0x0000002ad0b00000)]
  0x0000018e5fcc3080 JavaThread "Monitor Deflation Thread" daemon [_thread_blocked, id=16764, stack(0x0000002ad0b00000,0x0000002ad0c00000)]
  0x0000018e5fccdd50 JavaThread "C2 CompilerThread0" daemon [_thread_blocked, id=904, stack(0x0000002ad0c00000,0x0000002ad0d00000)]
  0x0000018e5fcd2220 JavaThread "C1 CompilerThread0" daemon [_thread_blocked, id=11932, stack(0x0000002ad0d00000,0x0000002ad0e00000)]
  0x0000018e5fce8f70 JavaThread "Sweeper thread" daemon [_thread_blocked, id=8552, stack(0x0000002ad0e00000,0x0000002ad0f00000)]
  0x0000018e640cff70 JavaThread "JDWP Transport Listener: dt_socket" daemon [_thread_blocked, id=1556, stack(0x0000002ad0f00000,0x0000002ad1000000)]
  0x0000018e640e53d0 JavaThread "JDWP Event Helper Thread" daemon [_thread_blocked, id=5272, stack(0x0000002ad1000000,0x0000002ad1100000)]
  0x0000018e640e78e0 JavaThread "JDWP Command Reader" daemon [_thread_blocked, id=2892, stack(0x0000002ad1100000,0x0000002ad1200000)]
  0x0000018e640ea870 JavaThread "Notification Thread" daemon [_thread_blocked, id=18172, stack(0x0000002ad1200000,0x0000002ad1300000)]
  0x0000018e640eb7a0 JavaThread "Common-Cleaner" daemon [_thread_blocked, id=2208, stack(0x0000002ad1400000,0x0000002ad1500000)]
  0x0000018e640ead80 JavaThread "Java2D Disposer" daemon [_thread_blocked, id=4540, stack(0x0000002ad1500000,0x0000002ad1600000)]
  0x0000018e640ea360 JavaThread "HighResTimerThread" daemon [_thread_blocked, id=10284, stack(0x0000002ad2400000,0x0000002ad2500000)]
  0x0000018e663860e0 JavaThread "main-FPSAWTAnimator#00-Timer0" [_thread_blocked, id=1852, stack(0x0000002ad2600000,0x0000002ad2700000)]
  0x0000018e663865f0 JavaThread "DestroyJavaVM" [_thread_blocked, id=13268, stack(0x0000002acff00000,0x0000002ad0000000)]
  0x0000018e66384790 JavaThread "pool-1-thread-1" [_thread_blocked, id=2348, stack(0x0000002ad2a00000,0x0000002ad2b00000)]
  0x0000018e663851b0 JavaThread "pool-1-thread-2" [_thread_blocked, id=17588, stack(0x0000002ad2b00000,0x0000002ad2c00000)]
  0x0000018e66384ca0 JavaThread "pool-1-thread-3" [_thread_blocked, id=6612, stack(0x0000002ad2c00000,0x0000002ad2d00000)]
  0x0000018e66383d70 JavaThread "pool-1-thread-4" [_thread_blocked, id=17720, stack(0x0000002ad2d00000,0x0000002ad2e00000)]
  0x0000018e663856c0 JavaThread "pool-1-thread-5" [_thread_blocked, id=11160, stack(0x0000002ad2e00000,0x0000002ad2f00000)]
  0x0000018e66387010 JavaThread "pool-1-thread-6" [_thread_blocked, id=7580, stack(0x0000002ad2f00000,0x0000002ad3000000)]
  0x0000018e66386b00 JavaThread "pool-1-thread-7" [_thread_blocked, id=2424, stack(0x0000002ad3000000,0x0000002ad3100000)]
  0x0000018e66385bd0 JavaThread "pool-1-thread-8" [_thread_blocked, id=1084, stack(0x0000002ad3100000,0x0000002ad3200000)]
  0x0000018e66387520 JavaThread "pool-1-thread-9" [_thread_blocked, id=15376, stack(0x0000002ad3200000,0x0000002ad3300000)]
  0x0000018e66387a30 JavaThread "pool-1-thread-10" [_thread_blocked, id=3380, stack(0x0000002ad3300000,0x0000002ad3400000)]
  0x0000018e66384280 JavaThread "pool-1-thread-11" [_thread_blocked, id=3244, stack(0x0000002ad3400000,0x0000002ad3500000)]
  0x0000018e66388e70 JavaThread "pool-1-thread-12" [_thread_blocked, id=11720, stack(0x0000002ad3500000,0x0000002ad3600000)]
  0x0000018e6638a7c0 JavaThread "pool-1-thread-13" [_thread_blocked, id=4776, stack(0x0000002ad3600000,0x0000002ad3700000)]
  0x0000018e66388960 JavaThread "pool-1-thread-14" [_thread_blocked, id=18700, stack(0x0000002ad3700000,0x0000002ad3800000)]
  0x0000018e66389380 JavaThread "pool-1-thread-15" [_thread_blocked, id=8656, stack(0x0000002ad3800000,0x0000002ad3900000)]
  0x0000018e66388450 JavaThread "pool-1-thread-16" [_thread_blocked, id=10892, stack(0x0000002ad3900000,0x0000002ad3a00000)]
  0x0000018e66387f40 JavaThread "pool-1-thread-17" [_thread_blocked, id=18792, stack(0x0000002ad3a00000,0x0000002ad3b00000)]
  0x0000018e6638acd0 JavaThread "pool-1-thread-18" [_thread_blocked, id=6852, stack(0x0000002ad3b00000,0x0000002ad3c00000)]
  0x0000018e66389890 JavaThread "pool-1-thread-19" [_thread_blocked, id=1376, stack(0x0000002ad3c00000,0x0000002ad3d00000)]
  0x0000018e6638b1e0 JavaThread "pool-1-thread-20" [_thread_blocked, id=572, stack(0x0000002ad3d00000,0x0000002ad3e00000)]
  0x0000018e744a7d90 JavaThread "AWT-Shutdown" [_thread_blocked, id=10128, stack(0x0000002ad2500000,0x0000002ad2600000)]

Other Threads:
=>0x0000018e5fca21e0 VMThread "VM Thread" [stack: 0x0000002ad0500000,0x0000002ad0600000] [id=5140]
  0x0000018e43ebb620 GCTaskThread "GC Thread#0" [stack: 0x0000002ad0000000,0x0000002ad0100000] [id=12784]
  0x0000018e65d81030 GCTaskThread "GC Thread#1" [stack: 0x0000002ad1d00000,0x0000002ad1e00000] [id=2728]
  0x0000018e65d812f0 GCTaskThread "GC Thread#2" [stack: 0x0000002ad1e00000,0x0000002ad1f00000] [id=18664]
  0x0000018e65d815b0 GCTaskThread "GC Thread#3" [stack: 0x0000002ad1f00000,0x0000002ad2000000] [id=4408]
  0x0000018e65d81870 GCTaskThread "GC Thread#4" [stack: 0x0000002ad2000000,0x0000002ad2100000] [id=17456]
  0x0000018e65d82750 GCTaskThread "GC Thread#5" [stack: 0x0000002ad2100000,0x0000002ad2200000] [id=1520]
  0x0000018e65dc9ce0 GCTaskThread "GC Thread#6" [stack: 0x0000002ad2200000,0x0000002ad2300000] [id=17856]
  0x0000018e65dcdfb0 GCTaskThread "GC Thread#7" [stack: 0x0000002ad2300000,0x0000002ad2400000] [id=10836]
  0x0000018e43ec5490 ConcurrentGCThread "G1 Main Marker" terminated
  0x0000018e43ec5dc0 ConcurrentGCThread "G1 Conc#0" [stack: 0x0000002ad0200000,0x0000002ad0300000] [id=12756]
  0x0000018e66367550 ConcurrentGCThread "G1 Conc#1" [stack: 0x0000002ad3e00000,0x0000002ad3f00000] [id=13116]
  0x0000018e43f24ed0 ConcurrentGCThread "G1 Refine#0" terminated
  0x0000018e43f256b0 ConcurrentGCThread "G1 Service" terminated

Threads with active compile tasks:

VM state: at safepoint (shutting down)

VM Mutex/Monitor currently owned by a thread:  ([mutex/lock_event])
[0x0000018e41bfbc40] Threads_lock - owner thread: 0x0000018e5fca21e0
[0x0000018e41bfc030] Heap_lock - owner thread: 0x0000018e663860e0

Heap address: 0x00000000c0000000, size: 1024 MB, Compressed Oops mode: 32-bit

CDS archive(s) mapped at: [0x0000018e00000000-0x0000018e00bb0000-0x0000018e00bb0000), size 12255232, SharedBaseAddress: 0x0000018e00000000, ArchiveRelocationMode: 1.
Compressed class space mapped at: 0x0000018e01000000-0x0000018e41000000, reserved size: 1073741824
Narrow klass base: 0x0000018e00000000, Narrow klass shift: 0, Narrow klass range: 0x100000000

GC Precious Log:
 CPUs: 8 total, 8 available
 Memory: 7975M
 Large Page Support: Disabled
 NUMA Support: Disabled
 Compressed Oops: Enabled (32-bit)
 Heap Region Size: 1M
 Heap Min Capacity: 64M
 Heap Initial Capacity: 64M
 Heap Max Capacity: 1G
 Pre-touch: Disabled
 Parallel Workers: 8
 Concurrent Workers: 2
 Concurrent Refinement Workers: 8
 Periodic GC: Disabled

Heap:
 garbage-first heap   total 143360K, used 106469K [0x00000000c0000000, 0x0000000100000000)
  region size 1024K, 25 young (25600K), 1 survivors (1024K)
 Metaspace       used 12854K, committed 13056K, reserved 1114112K
  class space    used 918K, committed 1024K, reserved 1048576K

Heap Regions: E=young(eden), S=young(survivor), O=old, HS=humongous(starts), HC=humongous(continues), CS=collection set, F=free, OA=open archive, CA=closed archive, TAMS=top-at-mark-start (previous, next)
|   0|0x00000000c0000000, 0x00000000c0100000, 0x00000000c0100000|100%| O|  |TAMS 0x00000000c0100000, 0x00000000c0000000| Untracked 
|   1|0x00000000c0100000, 0x00000000c0200000, 0x00000000c0200000|100%| O|  |TAMS 0x00000000c0200000, 0x00000000c0100000| Untracked 
|   2|0x00000000c0200000, 0x00000000c0300000, 0x00000000c0300000|100%| O|  |TAMS 0x00000000c0300000, 0x00000000c0200000| Untracked 
|   3|0x00000000c0300000, 0x00000000c0400000, 0x00000000c0400000|100%| O|  |TAMS 0x00000000c0400000, 0x00000000c0300000| Untracked 
|   4|0x00000000c0400000, 0x00000000c0500000, 0x00000000c0500000|100%| O|  |TAMS 0x00000000c0500000, 0x00000000c0400000| Untracked 
|   5|0x00000000c0500000, 0x00000000c0600000, 0x00000000c0600000|100%| O|  |TAMS 0x00000000c0600000, 0x00000000c0500000| Untracked 
|   6|0x00000000c0600000, 0x00000000c0700000, 0x00000000c0700000|100%| O|  |TAMS 0x00000000c0700000, 0x00000000c0600000| Untracked 
|   7|0x00000000c0700000, 0x00000000c0800000, 0x00000000c0800000|100%| O|  |TAMS 0x00000000c0800000, 0x00000000c0700000| Untracked 
|   8|0x00000000c0800000, 0x00000000c0800000, 0x00000000c0900000|  0%| F|  |TAMS 0x00000000c0800000, 0x00000000c0800000| Untracked 
|   9|0x00000000c0900000, 0x00000000c0a00000, 0x00000000c0a00000|100%| O|  |TAMS 0x00000000c0a00000, 0x00000000c0900000| Untracked 
|  10|0x00000000c0a00000, 0x00000000c0b00000, 0x00000000c0b00000|100%|HS|  |TAMS 0x00000000c0b00000, 0x00000000c0a00000| Complete 
|  11|0x00000000c0b00000, 0x00000000c0c00000, 0x00000000c0c00000|100%|HC|  |TAMS 0x00000000c0c00000, 0x00000000c0b00000| Complete 
|  12|0x00000000c0c00000, 0x00000000c0d00000, 0x00000000c0d00000|100%|HC|  |TAMS 0x00000000c0d00000, 0x00000000c0c00000| Complete 
|  13|0x00000000c0d00000, 0x00000000c0e00000, 0x00000000c0e00000|100%|HC|  |TAMS 0x00000000c0e00000, 0x00000000c0d00000| Complete 
|  14|0x00000000c0e00000, 0x00000000c0f00000, 0x00000000c0f00000|100%|HC|  |TAMS 0x00000000c0f00000, 0x00000000c0e00000| Complete 
|  15|0x00000000c0f00000, 0x00000000c1000000, 0x00000000c1000000|100%|HC|  |TAMS 0x00000000c1000000, 0x00000000c0f00000| Complete 
|  16|0x00000000c1000000, 0x00000000c1100000, 0x00000000c1100000|100%|HC|  |TAMS 0x00000000c1100000, 0x00000000c1000000| Complete 
|  17|0x00000000c1100000, 0x00000000c1200000, 0x00000000c1200000|100%|HC|  |TAMS 0x00000000c1200000, 0x00000000c1100000| Complete 
|  18|0x00000000c1200000, 0x00000000c1300000, 0x00000000c1300000|100%|HC|  |TAMS 0x00000000c1300000, 0x00000000c1200000| Complete 
|  19|0x00000000c1300000, 0x00000000c1400000, 0x00000000c1400000|100%|HC|  |TAMS 0x00000000c1400000, 0x00000000c1300000| Complete 
|  20|0x00000000c1400000, 0x00000000c1500000, 0x00000000c1500000|100%|HC|  |TAMS 0x00000000c1500000, 0x00000000c1400000| Complete 
|  21|0x00000000c1500000, 0x00000000c1600000, 0x00000000c1600000|100%|HC|  |TAMS 0x00000000c1600000, 0x00000000c1500000| Complete 
|  22|0x00000000c1600000, 0x00000000c1700000, 0x00000000c1700000|100%|HC|  |TAMS 0x00000000c1700000, 0x00000000c1600000| Complete 
|  23|0x00000000c1700000, 0x00000000c1800000, 0x00000000c1800000|100%|HC|  |TAMS 0x00000000c1800000, 0x00000000c1700000| Complete 
|  24|0x00000000c1800000, 0x00000000c1900000, 0x00000000c1900000|100%|HC|  |TAMS 0x00000000c1900000, 0x00000000c1800000| Complete 
|  25|0x00000000c1900000, 0x00000000c1a00000, 0x00000000c1a00000|100%|HC|  |TAMS 0x00000000c1a00000, 0x00000000c1900000| Complete 
|  26|0x00000000c1a00000, 0x00000000c1b00000, 0x00000000c1b00000|100%|HC|  |TAMS 0x00000000c1b00000, 0x00000000c1a00000| Complete 
|  27|0x00000000c1b00000, 0x00000000c1c00000, 0x00000000c1c00000|100%| O|  |TAMS 0x00000000c1c00000, 0x00000000c1b00000| Untracked 
|  28|0x00000000c1c00000, 0x00000000c1c00000, 0x00000000c1d00000|  0%| F|  |TAMS 0x00000000c1c00000, 0x00000000c1c00000| Untracked 
|  29|0x00000000c1d00000, 0x00000000c1e00000, 0x00000000c1e00000|100%|HS|  |TAMS 0x00000000c1e00000, 0x00000000c1d00000| Complete 
|  30|0x00000000c1e00000, 0x00000000c1f00000, 0x00000000c1f00000|100%|HC|  |TAMS 0x00000000c1f00000, 0x00000000c1e00000| Complete 
|  31|0x00000000c1f00000, 0x00000000c2000000, 0x00000000c2000000|100%|HC|  |TAMS 0x00000000c2000000, 0x00000000c1f00000| Complete 
|  32|0x00000000c2000000, 0x00000000c2100000, 0x00000000c2100000|100%|HC|  |TAMS 0x00000000c2100000, 0x00000000c2000000| Complete 
|  33|0x00000000c2100000, 0x00000000c2200000, 0x00000000c2200000|100%|HC|  |TAMS 0x00000000c2200000, 0x00000000c2100000| Complete 
|  34|0x00000000c2200000, 0x00000000c2300000, 0x00000000c2300000|100%|HS|  |TAMS 0x00000000c2300000, 0x00000000c2200000| Complete 
|  35|0x00000000c2300000, 0x00000000c2400000, 0x00000000c2400000|100%|HC|  |TAMS 0x00000000c2400000, 0x00000000c2300000| Complete 
|  36|0x00000000c2400000, 0x00000000c2500000, 0x00000000c2500000|100%|HC|  |TAMS 0x00000000c2500000, 0x00000000c2400000| Complete 
|  37|0x00000000c2500000, 0x00000000c2600000, 0x00000000c2600000|100%|HC|  |TAMS 0x00000000c2600000, 0x00000000c2500000| Complete 
|  38|0x00000000c2600000, 0x00000000c2700000, 0x00000000c2700000|100%|HC|  |TAMS 0x00000000c2700000, 0x00000000c2600000| Complete 
|  39|0x00000000c2700000, 0x00000000c2800000, 0x00000000c2800000|100%|HC|  |TAMS 0x00000000c2800000, 0x00000000c2700000| Complete 
|  40|0x00000000c2800000, 0x00000000c2900000, 0x00000000c2900000|100%|HC|  |TAMS 0x00000000c2900000, 0x00000000c2800000| Complete 
|  41|0x00000000c2900000, 0x00000000c2a00000, 0x00000000c2a00000|100%|HC|  |TAMS 0x00000000c2a00000, 0x00000000c2900000| Complete 
|  42|0x00000000c2a00000, 0x00000000c2b00000, 0x00000000c2b00000|100%|HC|  |TAMS 0x00000000c2b00000, 0x00000000c2a00000| Complete 
|  43|0x00000000c2b00000, 0x00000000c2c00000, 0x00000000c2c00000|100%|HC|  |TAMS 0x00000000c2c00000, 0x00000000c2b00000| Complete 
|  44|0x00000000c2c00000, 0x00000000c2d00000, 0x00000000c2d00000|100%|HC|  |TAMS 0x00000000c2d00000, 0x00000000c2c00000| Complete 
|  45|0x00000000c2d00000, 0x00000000c2e00000, 0x00000000c2e00000|100%|HC|  |TAMS 0x00000000c2e00000, 0x00000000c2d00000| Complete 
|  46|0x00000000c2e00000, 0x00000000c2f00000, 0x00000000c2f00000|100%|HC|  |TAMS 0x00000000c2f00000, 0x00000000c2e00000| Complete 
|  47|0x00000000c2f00000, 0x00000000c3000000, 0x00000000c3000000|100%|HS|  |TAMS 0x00000000c3000000, 0x00000000c2f00000| Complete 
|  48|0x00000000c3000000, 0x00000000c3100000, 0x00000000c3100000|100%|HC|  |TAMS 0x00000000c3100000, 0x00000000c3000000| Complete 
|  49|0x00000000c3100000, 0x00000000c3200000, 0x00000000c3200000|100%|HC|  |TAMS 0x00000000c3200000, 0x00000000c3100000| Complete 
|  50|0x00000000c3200000, 0x00000000c3300000, 0x00000000c3300000|100%|HC|  |TAMS 0x00000000c3300000, 0x00000000c3200000| Complete 
|  51|0x00000000c3300000, 0x00000000c3400000, 0x00000000c3400000|100%|HC|  |TAMS 0x00000000c3400000, 0x00000000c3300000| Complete 
|  52|0x00000000c3400000, 0x00000000c3500000, 0x00000000c3500000|100%|HC|  |TAMS 0x00000000c3500000, 0x00000000c3400000| Complete 
|  53|0x00000000c3500000, 0x00000000c3600000, 0x00000000c3600000|100%|HC|  |TAMS 0x00000000c3600000, 0x00000000c3500000| Complete 
|  54|0x00000000c3600000, 0x00000000c3700000, 0x00000000c3700000|100%|HC|  |TAMS 0x00000000c3700000, 0x00000000c3600000| Complete 
|  55|0x00000000c3700000, 0x00000000c3800000, 0x00000000c3800000|100%|HC|  |TAMS 0x00000000c3800000, 0x00000000c3700000| Complete 
|  56|0x00000000c3800000, 0x00000000c3900000, 0x00000000c3900000|100%| O|  |TAMS 0x00000000c3900000, 0x00000000c3800000| Untracked 
|  57|0x00000000c3900000, 0x00000000c3a00000, 0x00000000c3a00000|100%|HS|  |TAMS 0x00000000c3a00000, 0x00000000c3900000| Complete 
|  58|0x00000000c3a00000, 0x00000000c3b00000, 0x00000000c3b00000|100%|HC|  |TAMS 0x00000000c3b00000, 0x00000000c3a00000| Complete 
|  59|0x00000000c3b00000, 0x00000000c3c00000, 0x00000000c3c00000|100%|HC|  |TAMS 0x00000000c3c00000, 0x00000000c3b00000| Complete 
|  60|0x00000000c3c00000, 0x00000000c3d00000, 0x00000000c3d00000|100%|HC|  |TAMS 0x00000000c3d00000, 0x00000000c3c00000| Complete 
|  61|0x00000000c3d00000, 0x00000000c3e00000, 0x00000000c3e00000|100%|HC|  |TAMS 0x00000000c3e00000, 0x00000000c3d00000| Complete 
|  62|0x00000000c3e00000, 0x00000000c3ea4600, 0x00000000c3f00000| 64%| O|  |TAMS 0x00000000c3ea4600, 0x00000000c3e00000| Untracked 
|  63|0x00000000c3f00000, 0x00000000c3f00000, 0x00000000c4000000|  0%| F|  |TAMS 0x00000000c3f00000, 0x00000000c3f00000| Untracked 
|  64|0x00000000c4000000, 0x00000000c4100000, 0x00000000c4100000|100%|HS|  |TAMS 0x00000000c4100000, 0x00000000c4000000| Complete 
|  65|0x00000000c4100000, 0x00000000c4200000, 0x00000000c4200000|100%|HC|  |TAMS 0x00000000c4200000, 0x00000000c4100000| Complete 
|  66|0x00000000c4200000, 0x00000000c4300000, 0x00000000c4300000|100%|HC|  |TAMS 0x00000000c4300000, 0x00000000c4200000| Complete 
|  67|0x00000000c4300000, 0x00000000c4400000, 0x00000000c4400000|100%|HC|  |TAMS 0x00000000c4400000, 0x00000000c4300000| Complete 
|  68|0x00000000c4400000, 0x00000000c4500000, 0x00000000c4500000|100%|HC|  |TAMS 0x00000000c4500000, 0x00000000c4400000| Complete 
|  69|0x00000000c4500000, 0x00000000c4600000, 0x00000000c4600000|100%|HS|  |TAMS 0x00000000c4600000, 0x00000000c4500000| Complete 
|  70|0x00000000c4600000, 0x00000000c4700000, 0x00000000c4700000|100%|HC|  |TAMS 0x00000000c4700000, 0x00000000c4600000| Complete 
|  71|0x00000000c4700000, 0x00000000c4800000, 0x00000000c4800000|100%|HC|  |TAMS 0x00000000c4800000, 0x00000000c4700000| Complete 
|  72|0x00000000c4800000, 0x00000000c4900000, 0x00000000c4900000|100%|HC|  |TAMS 0x00000000c4900000, 0x00000000c4800000| Complete 
|  73|0x00000000c4900000, 0x00000000c4a00000, 0x00000000c4a00000|100%|HC|  |TAMS 0x00000000c4a00000, 0x00000000c4900000| Complete 
|  74|0x00000000c4a00000, 0x00000000c4b00000, 0x00000000c4b00000|100%|HS|  |TAMS 0x00000000c4b00000, 0x00000000c4a00000| Complete 
|  75|0x00000000c4b00000, 0x00000000c4c00000, 0x00000000c4c00000|100%|HC|  |TAMS 0x00000000c4c00000, 0x00000000c4b00000| Complete 
|  76|0x00000000c4c00000, 0x00000000c4d00000, 0x00000000c4d00000|100%|HC|  |TAMS 0x00000000c4d00000, 0x00000000c4c00000| Complete 
|  77|0x00000000c4d00000, 0x00000000c4e00000, 0x00000000c4e00000|100%|HC|  |TAMS 0x00000000c4e00000, 0x00000000c4d00000| Complete 
|  78|0x00000000c4e00000, 0x00000000c4f00000, 0x00000000c4f00000|100%|HC|  |TAMS 0x00000000c4f00000, 0x00000000c4e00000| Complete 
|  79|0x00000000c4f00000, 0x00000000c5000000, 0x00000000c5000000|100%|HS|  |TAMS 0x00000000c5000000, 0x00000000c4f00000| Complete 
|  80|0x00000000c5000000, 0x00000000c5100000, 0x00000000c5100000|100%|HC|  |TAMS 0x00000000c5100000, 0x00000000c5000000| Complete 
|  81|0x00000000c5100000, 0x00000000c5200000, 0x00000000c5200000|100%|HC|  |TAMS 0x00000000c5200000, 0x00000000c5100000| Complete 
|  82|0x00000000c5200000, 0x00000000c5300000, 0x00000000c5300000|100%|HC|  |TAMS 0x00000000c5300000, 0x00000000c5200000| Complete 
|  83|0x00000000c5300000, 0x00000000c5400000, 0x00000000c5400000|100%|HC|  |TAMS 0x00000000c5400000, 0x00000000c5300000| Complete 
|  84|0x00000000c5400000, 0x00000000c5400000, 0x00000000c5500000|  0%| F|  |TAMS 0x00000000c5400000, 0x00000000c5400000| Untracked 
|  85|0x00000000c5500000, 0x00000000c5500000, 0x00000000c5600000|  0%| F|  |TAMS 0x00000000c5500000, 0x00000000c5500000| Untracked 
|  86|0x00000000c5600000, 0x00000000c5600000, 0x00000000c5700000|  0%| F|  |TAMS 0x00000000c5600000, 0x00000000c5600000| Untracked 
|  87|0x00000000c5700000, 0x00000000c5700000, 0x00000000c5800000|  0%| F|  |TAMS 0x00000000c5700000, 0x00000000c5700000| Untracked 
|  88|0x00000000c5800000, 0x00000000c5800000, 0x00000000c5900000|  0%| F|  |TAMS 0x00000000c5800000, 0x00000000c5800000| Untracked 
|  89|0x00000000c5900000, 0x00000000c5900000, 0x00000000c5a00000|  0%| F|  |TAMS 0x00000000c5900000, 0x00000000c5900000| Untracked 
|  90|0x00000000c5a00000, 0x00000000c5a00000, 0x00000000c5b00000|  0%| F|  |TAMS 0x00000000c5a00000, 0x00000000c5a00000| Untracked 
|  91|0x00000000c5b00000, 0x00000000c5b00000, 0x00000000c5c00000|  0%| F|  |TAMS 0x00000000c5b00000, 0x00000000c5b00000| Untracked 
|  92|0x00000000c5c00000, 0x00000000c5c00000, 0x00000000c5d00000|  0%| F|  |TAMS 0x00000000c5c00000, 0x00000000c5c00000| Untracked 
|  93|0x00000000c5d00000, 0x00000000c5d00000, 0x00000000c5e00000|  0%| F|  |TAMS 0x00000000c5d00000, 0x00000000c5d00000| Untracked 
|  94|0x00000000c5e00000, 0x00000000c5e00000, 0x00000000c5f00000|  0%| F|  |TAMS 0x00000000c5e00000, 0x00000000c5e00000| Untracked 
|  95|0x00000000c5f00000, 0x00000000c5f00000, 0x00000000c6000000|  0%| F|  |TAMS 0x00000000c5f00000, 0x00000000c5f00000| Untracked 
|  96|0x00000000c6000000, 0x00000000c6000000, 0x00000000c6100000|  0%| F|  |TAMS 0x00000000c6000000, 0x00000000c6000000| Untracked 
|  97|0x00000000c6100000, 0x00000000c6100000, 0x00000000c6200000|  0%| F|  |TAMS 0x00000000c6100000, 0x00000000c6100000| Untracked 
|  98|0x00000000c6200000, 0x00000000c6200000, 0x00000000c6300000|  0%| F|  |TAMS 0x00000000c6200000, 0x00000000c6200000| Untracked 
|  99|0x00000000c6300000, 0x00000000c6300000, 0x00000000c6400000|  0%| F|  |TAMS 0x00000000c6300000, 0x00000000c6300000| Untracked 
| 100|0x00000000c6400000, 0x00000000c6400000, 0x00000000c6500000|  0%| F|  |TAMS 0x00000000c6400000, 0x00000000c6400000| Untracked 
| 101|0x00000000c6500000, 0x00000000c6500000, 0x00000000c6600000|  0%| F|  |TAMS 0x00000000c6500000, 0x00000000c6500000| Untracked 
| 102|0x00000000c6600000, 0x00000000c6600000, 0x00000000c6700000|  0%| F|  |TAMS 0x00000000c6600000, 0x00000000c6600000| Untracked 
| 103|0x00000000c6700000, 0x00000000c6700000, 0x00000000c6800000|  0%| F|  |TAMS 0x00000000c6700000, 0x00000000c6700000| Untracked 
| 104|0x00000000c6800000, 0x00000000c6800000, 0x00000000c6900000|  0%| F|  |TAMS 0x00000000c6800000, 0x00000000c6800000| Untracked 
| 105|0x00000000c6900000, 0x00000000c6955020, 0x00000000c6a00000| 33%| S|CS|TAMS 0x00000000c6900000, 0x00000000c6900000| Complete 
| 106|0x00000000c6a00000, 0x00000000c6a00000, 0x00000000c6b00000|  0%| F|  |TAMS 0x00000000c6a00000, 0x00000000c6a00000| Untracked 
| 107|0x00000000c6b00000, 0x00000000c6b00000, 0x00000000c6c00000|  0%| F|  |TAMS 0x00000000c6b00000, 0x00000000c6b00000| Untracked 
| 108|0x00000000c6c00000, 0x00000000c6c00000, 0x00000000c6d00000|  0%| F|  |TAMS 0x00000000c6c00000, 0x00000000c6c00000| Untracked 
| 109|0x00000000c6d00000, 0x00000000c6d00000, 0x00000000c6e00000|  0%| F|  |TAMS 0x00000000c6d00000, 0x00000000c6d00000| Untracked 
| 110|0x00000000c6e00000, 0x00000000c6e00000, 0x00000000c6f00000|  0%| F|  |TAMS 0x00000000c6e00000, 0x00000000c6e00000| Untracked 
| 111|0x00000000c6f00000, 0x00000000c6f00000, 0x00000000c7000000|  0%| F|  |TAMS 0x00000000c6f00000, 0x00000000c6f00000| Untracked 
| 112|0x00000000c7000000, 0x00000000c7000000, 0x00000000c7100000|  0%| F|  |TAMS 0x00000000c7000000, 0x00000000c7000000| Untracked 
| 113|0x00000000c7100000, 0x00000000c7100000, 0x00000000c7200000|  0%| F|  |TAMS 0x00000000c7100000, 0x00000000c7100000| Untracked 
| 114|0x00000000c7200000, 0x00000000c7200000, 0x00000000c7300000|  0%| F|  |TAMS 0x00000000c7200000, 0x00000000c7200000| Untracked 
| 115|0x00000000c7300000, 0x00000000c7300000, 0x00000000c7400000|  0%| F|  |TAMS 0x00000000c7300000, 0x00000000c7300000| Untracked 
| 116|0x00000000c7400000, 0x00000000c741b808, 0x00000000c7500000| 10%| E|  |TAMS 0x00000000c7400000, 0x00000000c7400000| Complete 
| 117|0x00000000c7500000, 0x00000000c7600000, 0x00000000c7600000|100%| E|CS|TAMS 0x00000000c7500000, 0x00000000c7500000| Complete 
| 118|0x00000000c7600000, 0x00000000c7700000, 0x00000000c7700000|100%| E|CS|TAMS 0x00000000c7600000, 0x00000000c7600000| Complete 
| 119|0x00000000c7700000, 0x00000000c7800000, 0x00000000c7800000|100%| E|CS|TAMS 0x00000000c7700000, 0x00000000c7700000| Complete 
| 120|0x00000000c7800000, 0x00000000c7900000, 0x00000000c7900000|100%| E|CS|TAMS 0x00000000c7800000, 0x00000000c7800000| Complete 
| 121|0x00000000c7900000, 0x00000000c7a00000, 0x00000000c7a00000|100%| E|CS|TAMS 0x00000000c7900000, 0x00000000c7900000| Complete 
| 122|0x00000000c7a00000, 0x00000000c7b00000, 0x00000000c7b00000|100%| E|CS|TAMS 0x00000000c7a00000, 0x00000000c7a00000| Complete 
| 123|0x00000000c7b00000, 0x00000000c7c00000, 0x00000000c7c00000|100%| E|CS|TAMS 0x00000000c7b00000, 0x00000000c7b00000| Complete 
| 124|0x00000000c7c00000, 0x00000000c7d00000, 0x00000000c7d00000|100%| E|CS|TAMS 0x00000000c7c00000, 0x00000000c7c00000| Complete 
| 125|0x00000000c7d00000, 0x00000000c7e00000, 0x00000000c7e00000|100%| E|CS|TAMS 0x00000000c7d00000, 0x00000000c7d00000| Complete 
| 126|0x00000000c7e00000, 0x00000000c7f00000, 0x00000000c7f00000|100%| E|CS|TAMS 0x00000000c7e00000, 0x00000000c7e00000| Complete 
| 127|0x00000000c7f00000, 0x00000000c8000000, 0x00000000c8000000|100%| E|CS|TAMS 0x00000000c7f00000, 0x00000000c7f00000| Complete 
| 128|0x00000000c8000000, 0x00000000c8100000, 0x00000000c8100000|100%| E|CS|TAMS 0x00000000c8000000, 0x00000000c8000000| Complete 
| 129|0x00000000c8100000, 0x00000000c8200000, 0x00000000c8200000|100%| E|CS|TAMS 0x00000000c8100000, 0x00000000c8100000| Complete 
| 130|0x00000000c8200000, 0x00000000c8300000, 0x00000000c8300000|100%| E|CS|TAMS 0x00000000c8200000, 0x00000000c8200000| Complete 
| 131|0x00000000c8300000, 0x00000000c8400000, 0x00000000c8400000|100%| E|CS|TAMS 0x00000000c8300000, 0x00000000c8300000| Complete 
| 132|0x00000000c8400000, 0x00000000c8500000, 0x00000000c8500000|100%| E|CS|TAMS 0x00000000c8400000, 0x00000000c8400000| Complete 
| 133|0x00000000c8500000, 0x00000000c8600000, 0x00000000c8600000|100%| E|CS|TAMS 0x00000000c8500000, 0x00000000c8500000| Complete 
| 134|0x00000000c8600000, 0x00000000c8700000, 0x00000000c8700000|100%| E|CS|TAMS 0x00000000c8600000, 0x00000000c8600000| Complete 
| 135|0x00000000c8700000, 0x00000000c8800000, 0x00000000c8800000|100%| E|CS|TAMS 0x00000000c8700000, 0x00000000c8700000| Complete 
| 136|0x00000000c8800000, 0x00000000c8900000, 0x00000000c8900000|100%| E|CS|TAMS 0x00000000c8800000, 0x00000000c8800000| Complete 
| 137|0x00000000c8900000, 0x00000000c8a00000, 0x00000000c8a00000|100%| E|CS|TAMS 0x00000000c8900000, 0x00000000c8900000| Complete 
| 138|0x00000000c8a00000, 0x00000000c8b00000, 0x00000000c8b00000|100%| E|CS|TAMS 0x00000000c8a00000, 0x00000000c8a00000| Complete 
| 139|0x00000000c8b00000, 0x00000000c8c00000, 0x00000000c8c00000|100%| E|CS|TAMS 0x00000000c8b00000, 0x00000000c8b00000| Complete 

Card table byte_map: [0x0000018e5aee0000,0x0000018e5b0e0000] _byte_map_base: 0x0000018e5a8e0000

Marking Bits (Prev, Next): (CMBitMap*) 0x0000018e43ebcba0, (CMBitMap*) 0x0000018e43ebcb60
 Prev Bits: [0x0000018e5c2e0000, 0x0000018e5d2e0000)
 Next Bits: [0x0000018e5b2e0000, 0x0000018e5c2e0000)

Polling page: 0x0000018e41e00000

Metaspace:

Usage:
  Non-class:     11.66 MB used.
      Class:    918.72 KB used.
       Both:     12.55 MB used.

Virtual space:
  Non-class space:       64.00 MB reserved,      11.75 MB ( 18%) committed,  1 nodes.
      Class space:        1.00 GB reserved,       1.00 MB ( <1%) committed,  1 nodes.
             Both:        1.06 GB reserved,      12.75 MB (  1%) committed. 

Chunk freelists:
   Non-Class:  4.08 MB
       Class:  14.91 MB
        Both:  18.99 MB

MaxMetaspaceSize: unlimited
CompressedClassSpaceSize: 1.00 GB
Initial GC threshold: 21.00 MB
Current GC threshold: 21.00 MB
CDS: on
MetaspaceReclaimPolicy: balanced
 - commit_granule_bytes: 65536.
 - commit_granule_words: 8192.
 - virtual_space_node_default_size: 8388608.
 - enlarge_chunks_in_place: 1.
 - new_chunks_are_fully_committed: 0.
 - uncommit_free_chunks: 1.
 - use_allocation_guard: 0.
 - handle_deallocations: 1.


Internal statistics:

num_allocs_failed_limit: 0.
num_arena_births: 106.
num_arena_deaths: 0.
num_vsnodes_births: 2.
num_vsnodes_deaths: 0.
num_space_committed: 200.
num_space_uncommitted: 0.
num_chunks_returned_to_freelist: 0.
num_chunks_taken_from_freelist: 383.
num_chunk_merges: 0.
num_chunk_splits: 300.
num_chunks_enlarged: 239.
num_inconsistent_stats: 0.

CodeHeap 'non-profiled nmethods': size=120000Kb used=721Kb max_used=721Kb free=119278Kb
 bounds [0x0000018e53480000, 0x0000018e536f0000, 0x0000018e5a9b0000]
CodeHeap 'profiled nmethods': size=120000Kb used=2723Kb max_used=2723Kb free=117276Kb
 bounds [0x0000018e4b9b0000, 0x0000018e4bc60000, 0x0000018e52ee0000]
CodeHeap 'non-nmethods': size=5760Kb used=1615Kb max_used=1649Kb free=4145Kb
 bounds [0x0000018e52ee0000, 0x0000018e53150000, 0x0000018e53480000]
 total_blobs=2417 nmethods=1478 adapters=852
 compilation: enabled
              stopped_count=0, restarted_count=0
 full_count=0

Compilation events (20 events):
Event: 5.527 Thread 0x0000018e5fccdd50 1469       4       java.util.concurrent.locks.AbstractQueuedSynchronizer::casTail (13 bytes)
Event: 5.528 Thread 0x0000018e5fccdd50 nmethod 1469 0x0000018e53533890 code [0x0000018e53533a00, 0x0000018e53533b58]
Event: 5.528 Thread 0x0000018e5fccdd50 1470       4       jdk.internal.misc.Unsafe::putIntOpaque (9 bytes)
Event: 5.528 Thread 0x0000018e5fccdd50 nmethod 1470 0x0000018e53533c10 code [0x0000018e53533d80, 0x0000018e53533e18]
Event: 5.559 Thread 0x0000018e5fcd2220 1471       3       java.nio.Buffer::rewind (12 bytes)
Event: 5.560 Thread 0x0000018e5fcd2220 nmethod 1471 0x0000018e4bc56510 code [0x0000018e4bc566a0, 0x0000018e4bc567b8]
Event: 5.562 Thread 0x0000018e5fcd2220 1472       3       processing.opengl.PGraphicsOpenGL$TessGeometry::clear (112 bytes)
Event: 5.563 Thread 0x0000018e5fcd2220 nmethod 1472 0x0000018e4bc56890 code [0x0000018e4bc56a40, 0x0000018e4bc56d58]
Event: 5.563 Thread 0x0000018e5fcd2220 1474       3       processing.opengl.PGraphicsOpenGL$TexCache::clear (24 bytes)
Event: 5.563 Thread 0x0000018e5fcd2220 nmethod 1474 0x0000018e4bc56e90 code [0x0000018e4bc57060, 0x0000018e4bc57488]
Event: 5.615 Thread 0x0000018e5fcd2220 1476       3       processing.opengl.PGraphicsOpenGL::report (46 bytes)
Event: 5.615 Thread 0x0000018e5fcd2220 nmethod 1476 0x0000018e4bc57610 code [0x0000018e4bc57800, 0x0000018e4bc57cd8]
Event: 5.615 Thread 0x0000018e5fcd2220 1475       1       processing.opengl.PGraphicsOpenGL::setCurrentPG (6 bytes)
Event: 5.615 Thread 0x0000018e5fcd2220 nmethod 1475 0x0000018e53534310 code [0x0000018e535344a0, 0x0000018e535345b8]
Event: 5.616 Thread 0x0000018e5fcd2220 1477       3       java.lang.AbstractStringBuilder::append (55 bytes)
Event: 5.617 Thread 0x0000018e5fcd2220 nmethod 1477 0x0000018e4bc58010 code [0x0000018e4bc581e0, 0x0000018e4bc58518]
Event: 5.645 Thread 0x0000018e5fcd2220 1478       3       jdk.internal.misc.Unsafe::getAndAddLong (27 bytes)
Event: 5.646 Thread 0x0000018e5fcd2220 nmethod 1478 0x0000018e4bc58690 code [0x0000018e4bc58840, 0x0000018e4bc58a88]
Event: 5.646 Thread 0x0000018e5fcd2220 1479       3       jdk.internal.misc.Unsafe::weakCompareAndSetLong (11 bytes)
Event: 5.646 Thread 0x0000018e5fcd2220 nmethod 1479 0x0000018e4bc58b90 code [0x0000018e4bc58d20, 0x0000018e4bc58e58]

GC Heap History (20 events):
Event: 2.202 GC heap before
{Heap before GC invocations=1 (full 0):
 garbage-first heap   total 65536K, used 32586K [0x00000000c0000000, 0x0000000100000000)
  region size 1024K, 31 young (31744K), 3 survivors (3072K)
 Metaspace       used 12528K, committed 12736K, reserved 1114112K
  class space    used 905K, committed 1024K, reserved 1048576K
}
Event: 2.207 GC heap after
{Heap after GC invocations=2 (full 0):
 garbage-first heap   total 65536K, used 11919K [0x00000000c0000000, 0x0000000100000000)
  region size 1024K, 4 young (4096K), 4 survivors (4096K)
 Metaspace       used 12528K, committed 12736K, reserved 1114112K
  class space    used 905K, committed 1024K, reserved 1048576K
}
Event: 2.218 GC heap before
{Heap before GC invocations=2 (full 0):
 garbage-first heap   total 65536K, used 30351K [0x00000000c0000000, 0x0000000100000000)
  region size 1024K, 6 young (6144K), 4 survivors (4096K)
 Metaspace       used 12530K, committed 12736K, reserved 1114112K
  class space    used 905K, committed 1024K, reserved 1048576K
}
Event: 2.220 GC heap after
{Heap after GC invocations=3 (full 0):
 garbage-first heap   total 65536K, used 30343K [0x00000000c0000000, 0x0000000100000000)
  region size 1024K, 2 young (2048K), 2 survivors (2048K)
 Metaspace       used 12530K, committed 12736K, reserved 1114112K
  class space    used 905K, committed 1024K, reserved 1048576K
}
Event: 2.240 GC heap before
{Heap before GC invocations=4 (full 0):
 garbage-first heap   total 101376K, used 68231K [0x00000000c0000000, 0x0000000100000000)
  region size 1024K, 3 young (3072K), 2 survivors (2048K)
 Metaspace       used 12530K, committed 12736K, reserved 1114112K
  class space    used 905K, committed 1024K, reserved 1048576K
}
Event: 2.241 GC heap after
{Heap after GC invocations=5 (full 0):
 garbage-first heap   total 101376K, used 68250K [0x00000000c0000000, 0x0000000100000000)
  region size 1024K, 1 young (1024K), 1 survivors (1024K)
 Metaspace       used 12530K, committed 12736K, reserved 1114112K
  class space    used 905K, committed 1024K, reserved 1048576K
}
Event: 2.494 GC heap before
{Heap before GC invocations=6 (full 0):
 garbage-first heap   total 143360K, used 93850K [0x00000000c0000000, 0x0000000100000000)
  region size 1024K, 11 young (11264K), 1 survivors (1024K)
 Metaspace       used 12685K, committed 12928K, reserved 1114112K
  class space    used 913K, committed 1024K, reserved 1048576K
}
Event: 2.496 GC heap after
{Heap after GC invocations=7 (full 0):
 garbage-first heap   total 143360K, used 85628K [0x00000000c0000000, 0x0000000100000000)
  region size 1024K, 2 young (2048K), 2 survivors (2048K)
 Metaspace       used 12685K, committed 12928K, reserved 1114112K
  class space    used 913K, committed 1024K, reserved 1048576K
}
Event: 2.600 GC heap before
{Heap before GC invocations=7 (full 0):
 garbage-first heap   total 143360K, used 90748K [0x00000000c0000000, 0x0000000100000000)
  region size 1024K, 7 young (7168K), 2 survivors (2048K)
 Metaspace       used 12700K, committed 12928K, reserved 1114112K
  class space    used 913K, committed 1024K, reserved 1048576K
}
Event: 2.602 GC heap after
{Heap after GC invocations=8 (full 0):
 garbage-first heap   total 143360K, used 84625K [0x00000000c0000000, 0x0000000100000000)
  region size 1024K, 1 young (1024K), 1 survivors (1024K)
 Metaspace       used 12700K, committed 12928K, reserved 1114112K
  class space    used 913K, committed 1024K, reserved 1048576K
}
Event: 3.024 GC heap before
{Heap before GC invocations=8 (full 0):
 garbage-first heap   total 143360K, used 108177K [0x00000000c0000000, 0x0000000100000000)
  region size 1024K, 24 young (24576K), 1 survivors (1024K)
 Metaspace       used 12741K, committed 12928K, reserved 1114112K
  class space    used 914K, committed 1024K, reserved 1048576K
}
Event: 3.027 GC heap after
{Heap after GC invocations=9 (full 0):
 garbage-first heap   total 143360K, used 85605K [0x00000000c0000000, 0x0000000100000000)
  region size 1024K, 2 young (2048K), 2 survivors (2048K)
 Metaspace       used 12741K, committed 12928K, reserved 1114112K
  class space    used 914K, committed 1024K, reserved 1048576K
}
Event: 3.481 GC heap before
{Heap before GC invocations=10 (full 0):
 garbage-first heap   total 143360K, used 109157K [0x00000000c0000000, 0x0000000100000000)
  region size 1024K, 26 young (26624K), 2 survivors (2048K)
 Metaspace       used 12771K, committed 12992K, reserved 1114112K
  class space    used 914K, committed 1024K, reserved 1048576K
}
Event: 3.482 GC heap after
{Heap after GC invocations=11 (full 0):
 garbage-first heap   total 143360K, used 83859K [0x00000000c0000000, 0x0000000100000000)
  region size 1024K, 2 young (2048K), 2 survivors (2048K)
 Metaspace       used 12771K, committed 12992K, reserved 1114112K
  class space    used 914K, committed 1024K, reserved 1048576K
}
Event: 3.999 GC heap before
{Heap before GC invocations=11 (full 0):
 garbage-first heap   total 143360K, used 111507K [0x00000000c0000000, 0x0000000100000000)
  region size 1024K, 29 young (29696K), 2 survivors (2048K)
 Metaspace       used 12776K, committed 12992K, reserved 1114112K
  class space    used 914K, committed 1024K, reserved 1048576K
}
Event: 4.000 GC heap after
{Heap after GC invocations=12 (full 0):
 garbage-first heap   total 143360K, used 83379K [0x00000000c0000000, 0x0000000100000000)
  region size 1024K, 1 young (1024K), 1 survivors (1024K)
 Metaspace       used 12776K, committed 12992K, reserved 1114112K
  class space    used 914K, committed 1024K, reserved 1048576K
}
Event: 4.585 GC heap before
{Heap before GC invocations=13 (full 0):
 garbage-first heap   total 143360K, used 114099K [0x00000000c0000000, 0x0000000100000000)
  region size 1024K, 31 young (31744K), 1 survivors (1024K)
 Metaspace       used 12780K, committed 12992K, reserved 1114112K
  class space    used 914K, committed 1024K, reserved 1048576K
}
Event: 4.586 GC heap after
{Heap after GC invocations=14 (full 0):
 garbage-first heap   total 143360K, used 83043K [0x00000000c0000000, 0x0000000100000000)
  region size 1024K, 1 young (1024K), 1 survivors (1024K)
 Metaspace       used 12780K, committed 12992K, reserved 1114112K
  class space    used 914K, committed 1024K, reserved 1048576K
}
Event: 5.208 GC heap before
{Heap before GC invocations=14 (full 0):
 garbage-first heap   total 143360K, used 116835K [0x00000000c0000000, 0x0000000100000000)
  region size 1024K, 34 young (34816K), 1 survivors (1024K)
 Metaspace       used 12801K, committed 12992K, reserved 1114112K
  class space    used 914K, committed 1024K, reserved 1048576K
}
Event: 5.209 GC heap after
{Heap after GC invocations=15 (full 0):
 garbage-first heap   total 143360K, used 82917K [0x00000000c0000000, 0x0000000100000000)
  region size 1024K, 1 young (1024K), 1 survivors (1024K)
 Metaspace       used 12801K, committed 12992K, reserved 1114112K
  class space    used 914K, committed 1024K, reserved 1048576K
}

Dll operation events (14 events):
Event: 0.008 Loaded shared library C:\Program Files\Processing\app\resources\jdk-17.0.14+7\bin\java.dll
Event: 0.021 Loaded shared library C:\Program Files\Processing\app\resources\jdk-17.0.14+7\bin\jsvml.dll
Event: 0.075 Loaded shared library C:\Program Files\Processing\app\resources\jdk-17.0.14+7\bin\net.dll
Event: 0.077 Loaded shared library C:\Program Files\Processing\app\resources\jdk-17.0.14+7\bin\nio.dll
Event: 0.080 Loaded shared library C:\Program Files\Processing\app\resources\jdk-17.0.14+7\bin\zip.dll
Event: 0.138 Loaded shared library C:\Program Files\Processing\app\resources\jdk-17.0.14+7\bin\jimage.dll
Event: 0.142 Loaded shared library C:\Program Files\Processing\app\resources\jdk-17.0.14+7\bin\awt.dll
Event: 0.546 Loaded shared library C:\Users\danil\AppData\Local\Temp\jogamp_0000\file_cache\jln8037318244528507827\jln11266733259076497183\natives\windows-amd64\gluegen_rt.dll
Event: 0.554 Loaded shared library C:\Program Files\Processing\app\resources\jdk-17.0.14+7\bin\jawt.dll
Event: 0.568 Loaded shared library C:\Users\danil\AppData\Local\Temp\jogamp_0000\file_cache\jln8037318244528507827\jln11266733259076497183\natives\windows-amd64\nativewindow_awt.dll
Event: 0.610 Loaded shared library C:\Users\danil\AppData\Local\Temp\jogamp_0000\file_cache\jln8037318244528507827\jln11266733259076497183\natives\windows-amd64\nativewindow_win32.dll
Event: 0.724 Loaded shared library C:\Users\danil\AppData\Local\Temp\jogamp_0000\file_cache\jln8037318244528507827\jln11266733259076497183\natives\windows-amd64\jogl_desktop.dll
Event: 1.025 Loaded shared library C:\Users\danil\AppData\Local\Temp\jogamp_0000\file_cache\jln8037318244528507827\jln11266733259076497183\natives\windows-amd64\jogl_mobile.dll
Event: 1.932 Loaded shared library C:\Users\danil\AppData\Local\Temp\jogamp_0000\file_cache\jln8037318244528507827\jln11266733259076497183\natives\windows-amd64\newt_head.dll

Deoptimization events (20 events):
Event: 2.396 Thread 0x0000018e663860e0 DEOPT PACKING pc=0x0000018e4bbbcf5b sp=0x0000002ad26fe6f0
Event: 2.396 Thread 0x0000018e663860e0 DEOPT UNPACKING pc=0x0000018e52f3ace3 sp=0x0000002ad26fdc60 mode 0
Event: 2.396 Thread 0x0000018e663860e0 DEOPT PACKING pc=0x0000018e4bbbcf5b sp=0x0000002ad26fe6f0
Event: 2.396 Thread 0x0000018e663860e0 DEOPT UNPACKING pc=0x0000018e52f3ace3 sp=0x0000002ad26fdc60 mode 0
Event: 2.396 Thread 0x0000018e663860e0 DEOPT PACKING pc=0x0000018e4bbbcf5b sp=0x0000002ad26fe6f0
Event: 2.396 Thread 0x0000018e663860e0 DEOPT UNPACKING pc=0x0000018e52f3ace3 sp=0x0000002ad26fdc60 mode 0
Event: 2.397 Thread 0x0000018e663860e0 DEOPT PACKING pc=0x0000018e4bbbcf5b sp=0x0000002ad26fe6f0
Event: 2.397 Thread 0x0000018e663860e0 DEOPT UNPACKING pc=0x0000018e52f3ace3 sp=0x0000002ad26fdc60 mode 0
Event: 2.397 Thread 0x0000018e663860e0 Uncommon trap: trap_request=0xffffff45 fr.pc=0x0000018e53503d4c relative=0x0000000000000fcc
Event: 2.397 Thread 0x0000018e663860e0 Uncommon trap: reason=unstable_if action=reinterpret pc=0x0000018e53503d4c method=processing.opengl.PGraphicsOpenGL$Tessellator.tessellateRoundPoints2D(III)V @ 126 c2
Event: 2.397 Thread 0x0000018e663860e0 DEOPT PACKING pc=0x0000018e53503d4c sp=0x0000002ad26fe7a0
Event: 2.397 Thread 0x0000018e663860e0 DEOPT UNPACKING pc=0x0000018e52f3a1a3 sp=0x0000002ad26fe760 mode 2
Event: 2.476 Thread 0x0000018e663860e0 DEOPT PACKING pc=0x0000018e4bbfacde sp=0x0000002ad26fe9b0
Event: 2.476 Thread 0x0000018e663860e0 DEOPT UNPACKING pc=0x0000018e52f3ace3 sp=0x0000002ad26fdf20 mode 0
Event: 2.568 Thread 0x0000018e66387f40 DEOPT PACKING pc=0x0000018e4bc001d2 sp=0x0000002ad3aff450
Event: 2.568 Thread 0x0000018e66387f40 DEOPT UNPACKING pc=0x0000018e52f3ace3 sp=0x0000002ad3afe960 mode 0
Event: 5.637 Thread 0x0000018e640eb290 Uncommon trap: trap_request=0xffffff45 fr.pc=0x0000018e534fb568 relative=0x00000000000001e8
Event: 5.637 Thread 0x0000018e640eb290 Uncommon trap: reason=unstable_if action=reinterpret pc=0x0000018e534fb568 method=java.util.HashMap$HashIterator.<init>(Ljava/util/HashMap;)V @ 38 c2
Event: 5.637 Thread 0x0000018e640eb290 DEOPT PACKING pc=0x0000018e534fb568 sp=0x0000002ad1aff5c0
Event: 5.638 Thread 0x0000018e640eb290 DEOPT UNPACKING pc=0x0000018e52f3a1a3 sp=0x0000002ad1aff568 mode 2

Classes loaded (20 events):
Event: 2.159 Loading class java/util/concurrent/Callable done
Event: 2.159 Loading class java/util/concurrent/Executors$RunnableAdapter done
Event: 2.159 Loading class java/util/concurrent/ThreadPoolExecutor$Worker
Event: 2.159 Loading class java/util/concurrent/ThreadPoolExecutor$Worker done
Event: 2.160 Loading class java/util/concurrent/locks/AbstractQueuedSynchronizer$SharedNode
Event: 2.160 Loading class java/util/concurrent/locks/AbstractQueuedSynchronizer$SharedNode done
Event: 2.290 Loading class sun/nio/cs/StreamDecoder
Event: 2.290 Loading class sun/nio/cs/StreamDecoder done
Event: 2.291 Loading class java/util/regex/Pattern$LookBehindEndNode
Event: 2.291 Loading class java/util/regex/Pattern$LookBehindEndNode done
Event: 2.291 Loading class java/util/regex/Pattern$NotBehind
Event: 2.291 Loading class java/util/regex/Pattern$NotBehind done
Event: 2.291 Loading class java/util/regex/Pattern$Neg
Event: 2.291 Loading class java/util/regex/Pattern$Neg done
Event: 2.291 Loading class java/util/regex/Pattern$Pos
Event: 2.291 Loading class java/util/regex/Pattern$Pos done
Event: 2.303 Loading class java/util/regex/Pattern$SliceS
Event: 2.303 Loading class java/util/regex/Pattern$SliceS done
Event: 5.616 Loading class java/nio/channels/ClosedChannelException
Event: 5.616 Loading class java/nio/channels/ClosedChannelException done

Classes unloaded (0 events):
No events

Classes redefined (0 events):
No events

Internal exceptions (19 events):
Event: 0.121 Thread 0x0000018e41bfdee0 Exception <a 'java/lang/NoSuchMethodError'{0x00000000c3ce4f88}: 'void java.lang.invoke.DirectMethodHandle$Holder.invokeStatic(java.lang.Object, java.lang.Object, java.lang.Object)'> (0x00000000c3ce4f88) 
thrown [s\src\hotspot\share\interpreter\linkResolver.cpp, line 759]
Event: 0.131 Thread 0x0000018e41bfdee0 Exception <a 'java/lang/ClassNotFoundException'{0x00000000c3b0bfa0}: sun/awt/resources/spi/awtProvider> (0x00000000c3b0bfa0) 
thrown [s\src\hotspot\share\classfile\systemDictionary.cpp, line 256]
Event: 0.154 Thread 0x0000018e41bfdee0 Exception <a 'java/io/FileNotFoundException'{0x00000000c3b618e0}> (0x00000000c3b618e0) 
thrown [s\src\hotspot\share\prims\jni.cpp, line 516]
Event: 0.161 Thread 0x0000018e41bfdee0 Exception <a 'java/io/FileNotFoundException'{0x00000000c3b8f0e0}> (0x00000000c3b8f0e0) 
thrown [s\src\hotspot\share\prims\jni.cpp, line 516]
Event: 0.206 Thread 0x0000018e41bfdee0 Exception <a 'java/lang/NoSuchMethodError'{0x00000000c3a3c340}: 'java.lang.Object java.lang.invoke.DirectMethodHandle$Holder.invokeStaticInit(java.lang.Object)'> (0x00000000c3a3c340) 
thrown [s\src\hotspot\share\interpreter\linkResolver.cpp, line 759]
Event: 0.321 Thread 0x0000018e41bfdee0 Exception <a 'java/lang/NoSuchMethodError'{0x00000000c364a9a0}: 'java.lang.Object java.lang.invoke.DirectMethodHandle$Holder.invokeStaticInit(java.lang.Object, int, int, int, int)'> (0x00000000c364a9a0) 
thrown [s\src\hotspot\share\interpreter\linkResolver.cpp, line 759]
Event: 0.370 Thread 0x0000018e41bfdee0 Exception <a 'java/lang/NoSuchMethodError'{0x00000000c3534a00}: 'java.lang.Object java.lang.invoke.DirectMethodHandle$Holder.invokeStaticInit(java.lang.Object, java.lang.Object, int, int, int, int)'> (0x00000000c3534a00) 
thrown [s\src\hotspot\share\interpreter\linkResolver.cpp, line 759]
Event: 0.428 Thread 0x0000018e41bfdee0 Exception <a 'java/lang/NoSuchMethodError'{0x00000000c35400a0}: 'void java.lang.invoke.DirectMethodHandle$Holder.invokeStatic(java.lang.Object, long)'> (0x00000000c35400a0) 
thrown [s\src\hotspot\share\interpreter\linkResolver.cpp, line 759]
Event: 0.429 Thread 0x0000018e41bfdee0 Exception <a 'java/lang/NoSuchMethodError'{0x00000000c3545680}: 'java.lang.Object java.lang.invoke.DirectMethodHandle$Holder.newInvokeSpecial(java.lang.Object, long)'> (0x00000000c3545680) 
thrown [s\src\hotspot\share\interpreter\linkResolver.cpp, line 759]
Event: 0.431 Thread 0x0000018e41bfdee0 Exception <a 'java/lang/NoSuchMethodError'{0x00000000c354fe98}: 'java.lang.Object java.lang.invoke.DirectMethodHandle$Holder.invokeStaticInit(java.lang.Object, java.lang.Object, long, java.lang.Object)'> (0x00000000c354fe98) 
thrown [s\src\hotspot\share\interpreter\linkResolver.cpp, line 759]
Event: 0.432 Thread 0x0000018e41bfdee0 Exception <a 'java/lang/NoSuchMethodError'{0x00000000c3556458}: 'java.lang.Object java.lang.invoke.DirectMethodHandle$Holder.newInvokeSpecial(java.lang.Object, java.lang.Object, long)'> (0x00000000c3556458) 
thrown [s\src\hotspot\share\interpreter\linkResolver.cpp, line 759]
Event: 0.432 Thread 0x0000018e41bfdee0 Exception <a 'java/lang/NoSuchMethodError'{0x00000000c3559fc8}: 'java.lang.Object java.lang.invoke.Invokers$Holder.linkToTargetMethod(java.lang.Object, long, java.lang.Object)'> (0x00000000c3559fc8) 
thrown [s\src\hotspot\share\interpreter\linkResolver.cpp, line 759]
Event: 0.582 Thread 0x0000018e41bfdee0 Exception <a 'java/lang/NoSuchMethodError'{0x00000000c34ca050}: 'java.lang.Object java.lang.invoke.DirectMethodHandle$Holder.invokeInterface(java.lang.Object, java.lang.Object)'> (0x00000000c34ca050) 
thrown [s\src\hotspot\share\interpreter\linkResolver.cpp, line 759]
Event: 0.582 Thread 0x0000018e41bfdee0 Exception <a 'java/lang/IncompatibleClassChangeError'{0x00000000c34cd970}: Found class java.lang.Object, but interface was expected> (0x00000000c34cd970) 
thrown [s\src\hotspot\share\interpreter\linkResolver.cpp, line 826]
Event: 2.026 Thread 0x0000018e41bfdee0 Exception <a 'java/lang/NoSuchMethodError'{0x00000000c33f27d0}: 'void java.lang.invoke.DirectMethodHandle$Holder.invokeSpecial(java.lang.Object, java.lang.Object, java.lang.Object, java.lang.Object, java.lang.Object)'> (0x00000000c33f27d0) 
thrown [s\src\hotspot\share\interpreter\linkResolver.cpp, line 759]
Event: 2.027 Thread 0x0000018e41bfdee0 Exception <a 'java/lang/NoSuchMethodError'{0x00000000c33fb790}: 'void java.lang.invoke.DirectMethodHandle$Holder.invokeSpecial(java.lang.Object, java.lang.Object, java.lang.Object)'> (0x00000000c33fb790) 
thrown [s\src\hotspot\share\interpreter\linkResolver.cpp, line 759]
Event: 2.028 Thread 0x0000018e41bfdee0 Exception <a 'java/lang/NoSuchMethodError'{0x00000000c3201d50}: 'void java.lang.invoke.DirectMethodHandle$Holder.invokeSpecial(java.lang.Object, java.lang.Object, int)'> (0x00000000c3201d50) 
thrown [s\src\hotspot\share\interpreter\linkResolver.cpp, line 759]
Event: 2.029 Thread 0x0000018e41bfdee0 Exception <a 'java/lang/NoSuchMethodError'{0x00000000c3207d68}: 'java.lang.Object java.lang.invoke.DirectMethodHandle$Holder.newInvokeSpecial(java.lang.Object, java.lang.Object, int)'> (0x00000000c3207d68) 
thrown [s\src\hotspot\share\interpreter\linkResolver.cpp, line 759]
Event: 5.615 Thread 0x0000018e640ec1c0 Exception <a 'java/lang/InterruptedException'{0x00000000c75097e0}> (0x00000000c75097e0) 
thrown [s\src\hotspot\share\runtime\objectMonitor.cpp, line 1658]

VM Operations (20 events):
Event: 3.034 Executing VM operation: G1PauseRemark done
Event: 3.038 Executing VM operation: G1PauseCleanup
Event: 3.038 Executing VM operation: G1PauseCleanup done
Event: 3.481 Executing VM operation: G1CollectForAllocation
Event: 3.482 Executing VM operation: G1CollectForAllocation done
Event: 3.999 Executing VM operation: G1CollectForAllocation
Event: 4.001 Executing VM operation: G1CollectForAllocation done
Event: 4.007 Executing VM operation: G1PauseRemark
Event: 4.008 Executing VM operation: G1PauseRemark done
Event: 4.010 Executing VM operation: G1PauseCleanup
Event: 4.010 Executing VM operation: G1PauseCleanup done
Event: 4.585 Executing VM operation: G1CollectForAllocation
Event: 4.586 Executing VM operation: G1CollectForAllocation done
Event: 5.208 Executing VM operation: G1CollectForAllocation
Event: 5.209 Executing VM operation: G1CollectForAllocation done
Event: 5.216 Executing VM operation: G1PauseRemark
Event: 5.217 Executing VM operation: G1PauseRemark done
Event: 5.220 Executing VM operation: G1PauseCleanup
Event: 5.220 Executing VM operation: G1PauseCleanup done
Event: 5.718 Executing VM operation: Exit

Memory protections (0 events):
No events

Nmethod flushes (0 events):
No events

Events (20 events):
Event: 2.160 Thread 0x0000018e663860e0 Thread added: 0x0000018e66388450
Event: 2.160 Thread 0x0000018e663860e0 Thread added: 0x0000018e66387f40
Event: 2.160 Thread 0x0000018e663860e0 Thread added: 0x0000018e6638acd0
Event: 2.160 Thread 0x0000018e663860e0 Thread added: 0x0000018e66389890
Event: 2.160 Thread 0x0000018e663860e0 Thread added: 0x0000018e6638b1e0
Event: 2.530 Thread 0x0000018e663613e0 Thread exited: 0x0000018e663613e0
Event: 2.709 Thread 0x0000018e738069c0 Thread exited: 0x0000018e738069c0
Event: 5.615 Thread 0x0000018e663860e0 Thread added: 0x0000018e6638a2b0
Event: 5.615 Thread 0x0000018e663860e0 Thread added: 0x0000018e6638b6f0
Event: 5.615 Thread 0x0000018e663860e0 Thread added: 0x0000018e744a7880
Event: 5.615 Thread 0x0000018e640ec1c0 Thread exited: 0x0000018e640ec1c0
Event: 5.616 Thread 0x0000018e640edb10 Thread added: 0x0000018e744a7d90
Event: 5.616 Thread 0x0000018e744a7880 Thread exited: 0x0000018e744a7880
Event: 5.616 Thread 0x0000018e640ed600 Thread exited: 0x0000018e640ed600
Event: 5.618 Thread 0x0000018e640edb10 Thread exited: 0x0000018e640edb10
Event: 5.642 Thread 0x0000018e640eb290 Thread exited: 0x0000018e640eb290
Event: 5.646 Thread 0x0000018e6638a2b0 Thread exited: 0x0000018e6638a2b0
Event: 5.717 Thread 0x0000018e6638b6f0 Thread exited: 0x0000018e6638b6f0
Event: 5.717 Thread 0x0000018e663860e0 Before exit entered
Event: 5.718 Thread 0x0000018e5fcbf600 Thread exited: 0x0000018e5fcbf600


Dynamic libraries:
0x00007ff705240000 - 0x00007ff70524e000 	C:\Program Files\Processing\app\resources\jdk-17.0.14+7\bin\java.exe
0x00007ffe8d7a0000 - 0x00007ffe8da07000 	C:\WINDOWS\SYSTEM32\ntdll.dll
0x00007ffe8bad0000 - 0x00007ffe8bb99000 	C:\WINDOWS\System32\KERNEL32.DLL
0x00007ffe8afe0000 - 0x00007ffe8b3d7000 	C:\WINDOWS\System32\KERNELBASE.dll
0x00007ffe8ac60000 - 0x00007ffe8adab000 	C:\WINDOWS\System32\ucrtbase.dll
0x00007ffe878f0000 - 0x00007ffe87907000 	C:\Program Files\Processing\app\resources\jdk-17.0.14+7\bin\jli.dll
0x00007ffe85b20000 - 0x00007ffe85b3e000 	C:\Program Files\Processing\app\resources\jdk-17.0.14+7\bin\VCRUNTIME140.dll
0x00007ffe73250000 - 0x00007ffe734e2000 	C:\WINDOWS\WinSxS\amd64_microsoft.windows.common-controls_6595b64144ccf1df_6.0.26100.8457_none_3e0b2faee331e92d\COMCTL32.dll
0x00007ffe8b720000 - 0x00007ffe8b8e6000 	C:\WINDOWS\System32\USER32.dll
0x00007ffe8b960000 - 0x00007ffe8ba09000 	C:\WINDOWS\System32\msvcrt.dll
0x00007ffe8a290000 - 0x00007ffe8a2b7000 	C:\WINDOWS\System32\win32u.dll
0x00007ffe8d080000 - 0x00007ffe8d0ab000 	C:\WINDOWS\System32\GDI32.dll
0x00007ffe8a2c0000 - 0x00007ffe8a3ec000 	C:\WINDOWS\System32\gdi32full.dll
0x00007ffe8b470000 - 0x00007ffe8b513000 	C:\WINDOWS\System32\msvcp_win.dll
0x00007ffe8d720000 - 0x00007ffe8d752000 	C:\WINDOWS\System32\IMM32.DLL
0x00007ffe879f0000 - 0x00007ffe879fc000 	C:\Program Files\Processing\app\resources\jdk-17.0.14+7\bin\vcruntime140_1.dll
0x00007ffe7bef0000 - 0x00007ffe7bf7d000 	C:\Program Files\Processing\app\resources\jdk-17.0.14+7\bin\msvcp140.dll
0x00007ffdf50b0000 - 0x00007ffdf5d1b000 	C:\Program Files\Processing\app\resources\jdk-17.0.14+7\bin\server\jvm.dll
0x00007ffe8ba10000 - 0x00007ffe8bac6000 	C:\WINDOWS\System32\ADVAPI32.dll
0x00007ffe8d0f0000 - 0x00007ffe8d197000 	C:\WINDOWS\System32\sechost.dll
0x00007ffe8b520000 - 0x00007ffe8b638000 	C:\WINDOWS\System32\RPCRT4.dll
0x00007ffe8b640000 - 0x00007ffe8b6c0000 	C:\WINDOWS\System32\WS2_32.dll
0x00007ffe8a030000 - 0x00007ffe8a08e000 	C:\WINDOWS\SYSTEM32\POWRPROF.dll
0x00007ffe73640000 - 0x00007ffe73676000 	C:\WINDOWS\SYSTEM32\WINMM.dll
0x00007ffe810b0000 - 0x00007ffe810bb000 	C:\WINDOWS\SYSTEM32\VERSION.dll
0x00007ffe8a010000 - 0x00007ffe8a024000 	C:\WINDOWS\SYSTEM32\UMPDC.dll
0x00007ffe88f60000 - 0x00007ffe88f7b000 	C:\WINDOWS\SYSTEM32\kernel.appcore.dll
0x00007ffe879c0000 - 0x00007ffe879ca000 	C:\Program Files\Processing\app\resources\jdk-17.0.14+7\bin\jimage.dll
0x00007ffe74060000 - 0x00007ffe742a2000 	C:\WINDOWS\SYSTEM32\DBGHELP.DLL
0x00007ffe8d390000 - 0x00007ffe8d713000 	C:\WINDOWS\System32\combase.dll
0x00007ffe8c8d0000 - 0x00007ffe8c9a9000 	C:\WINDOWS\System32\OLEAUT32.dll
0x00007ffe7b860000 - 0x00007ffe7b89b000 	C:\WINDOWS\SYSTEM32\dbgcore.DLL
0x00007ffe8adb0000 - 0x00007ffe8ae58000 	C:\WINDOWS\System32\bcryptPrimitives.dll
0x00007ffe85ae0000 - 0x00007ffe85b1b000 	C:\Program Files\Processing\app\resources\jdk-17.0.14+7\bin\jdwp.dll
0x00007ffe7c0a0000 - 0x00007ffe7c0c5000 	C:\Program Files\Processing\app\resources\jdk-17.0.14+7\bin\java.dll
0x00007ffe6d830000 - 0x00007ffe6d907000 	C:\Program Files\Processing\app\resources\jdk-17.0.14+7\bin\jsvml.dll
0x00007ffe8bca0000 - 0x00007ffe8c40e000 	C:\WINDOWS\System32\SHELL32.dll
0x00007ffe8a3f0000 - 0x00007ffe8ac5c000 	C:\WINDOWS\System32\windows.storage.dll
0x00007ffe8bba0000 - 0x00007ffe8bc96000 	C:\WINDOWS\System32\SHCORE.dll
0x00007ffe8b8f0000 - 0x00007ffe8b956000 	C:\WINDOWS\System32\shlwapi.dll
0x00007ffe8a0f0000 - 0x00007ffe8a119000 	C:\WINDOWS\SYSTEM32\profapi.dll
0x00007ffe85ad0000 - 0x00007ffe85adc000 	C:\Program Files\Processing\app\resources\jdk-17.0.14+7\bin\dt_socket.dll
0x00007ffe889a0000 - 0x00007ffe889d2000 	C:\WINDOWS\SYSTEM32\IPHLPAPI.DLL
0x00007ffe894d0000 - 0x00007ffe8953c000 	C:\WINDOWS\system32\mswsock.dll
0x00007ffe85a90000 - 0x00007ffe85aa9000 	C:\Program Files\Processing\app\resources\jdk-17.0.14+7\bin\net.dll
0x00007ffe843f0000 - 0x00007ffe84519000 	C:\WINDOWS\SYSTEM32\WINHTTP.dll
0x00007ffe85860000 - 0x00007ffe85876000 	C:\Program Files\Processing\app\resources\jdk-17.0.14+7\bin\nio.dll
0x00007ffe80870000 - 0x00007ffe80888000 	C:\Program Files\Processing\app\resources\jdk-17.0.14+7\bin\zip.dll
0x00007ffe5ee50000 - 0x00007ffe5efe0000 	C:\Program Files\Processing\app\resources\jdk-17.0.14+7\bin\awt.dll
0x00007ffe87a00000 - 0x00007ffe87aa0000 	C:\WINDOWS\SYSTEM32\apphelp.dll
0x00007ffe87d80000 - 0x00007ffe87e2a000 	C:\WINDOWS\system32\uxtheme.dll
0x00007ffe8d1a0000 - 0x00007ffe8d2fc000 	C:\WINDOWS\System32\MSCTF.dll
0x00007ffe8c430000 - 0x00007ffe8c5c7000 	C:\WINDOWS\System32\ole32.dll
0x00007ffe87f20000 - 0x00007ffe87f4f000 	C:\WINDOWS\system32\DWMAPI.DLL
0x00007ffe40100000 - 0x00007ffe4020f000 	C:\WINDOWS\system32\opengl32.dll
0x00007ffe429d0000 - 0x00007ffe429fd000 	C:\WINDOWS\SYSTEM32\GLU32.dll
0x00007ffe87eb0000 - 0x00007ffe87ef5000 	C:\WINDOWS\SYSTEM32\dxcore.dll
0x00007ffe897b0000 - 0x00007ffe897cb000 	C:\WINDOWS\SYSTEM32\CRYPTSP.dll
0x00007ffe88ec0000 - 0x00007ffe88ef9000 	C:\WINDOWS\system32\rsaenh.dll
0x00007ffe89580000 - 0x00007ffe895b3000 	C:\WINDOWS\SYSTEM32\USERENV.dll
0x00007ffe8a0c0000 - 0x00007ffe8a0ea000 	C:\WINDOWS\SYSTEM32\bcrypt.dll
0x00007ffe897d0000 - 0x00007ffe897dc000 	C:\WINDOWS\SYSTEM32\CRYPTBASE.dll
0x00007ffe8c8c0000 - 0x00007ffe8c8ca000 	C:\WINDOWS\System32\NSI.dll
0x00007ffe84550000 - 0x00007ffe8456d000 	C:\WINDOWS\SYSTEM32\dhcpcsvc6.DLL
0x00007ffe84520000 - 0x00007ffe84545000 	C:\WINDOWS\SYSTEM32\dhcpcsvc.DLL
0x00007ffe88a40000 - 0x00007ffe88b72000 	C:\WINDOWS\SYSTEM32\DNSAPI.dll
0x00007ffe7cf50000 - 0x00007ffe7cf63000 	C:\Users\danil\AppData\Local\Temp\jogamp_0000\file_cache\jln8037318244528507827\jln11266733259076497183\natives\windows-amd64\gluegen_rt.dll
0x00007ffe7c090000 - 0x00007ffe7c097000 	C:\Program Files\Processing\app\resources\jdk-17.0.14+7\bin\jawt.dll
0x00007ffe7bee0000 - 0x00007ffe7beed000 	C:\Users\danil\AppData\Local\Temp\jogamp_0000\file_cache\jln8037318244528507827\jln11266733259076497183\natives\windows-amd64\nativewindow_awt.dll
0x00007ffe7bec0000 - 0x00007ffe7bed5000 	C:\Users\danil\AppData\Local\Temp\jogamp_0000\file_cache\jln8037318244528507827\jln11266733259076497183\natives\windows-amd64\nativewindow_win32.dll
0x00007ffe7be30000 - 0x00007ffe7beb3000 	C:\Users\danil\AppData\Local\Temp\jogamp_0000\file_cache\jln8037318244528507827\jln11266733259076497183\natives\windows-amd64\jogl_desktop.dll
0x00007ffe7a300000 - 0x00007ffe7a352000 	C:\Users\danil\AppData\Local\Temp\jogamp_0000\file_cache\jln8037318244528507827\jln11266733259076497183\natives\windows-amd64\jogl_mobile.dll
0x00007ffe841f0000 - 0x00007ffe84251000 	C:\WINDOWS\SYSTEM32\directxdatabasehelper.dll
0x00007ffe7b700000 - 0x00007ffe7b71d000 	C:\WINDOWS\SYSTEM32\windows.staterepositorycore.dll
0x00007ffdf33d0000 - 0x00007ffdf43a3000 	C:\WINDOWS\System32\DriverStore\FileRepository\iigd_dch.inf_amd64_225f37aa3862fc3f\igxelpicd64.dll
0x00007ffe87bd0000 - 0x00007ffe87d0e000 	C:\WINDOWS\system32\dxgi.dll
0x00007ffe59810000 - 0x00007ffe59c97000 	C:\WINDOWS\System32\DriverStore\FileRepository\iigd_dch.inf_amd64_225f37aa3862fc3f\igdml64.dll
0x00007ffe89d40000 - 0x00007ffe89d91000 	C:\WINDOWS\SYSTEM32\cfgmgr32.dll
0x00007ffe80b00000 - 0x00007ffe80ec1000 	C:\WINDOWS\System32\DriverStore\FileRepository\iigd_dch.inf_amd64_225f37aa3862fc3f\igdgmm64.dll
0x00007ffe7d5d0000 - 0x00007ffe807d6000 	C:\WINDOWS\System32\DriverStore\FileRepository\iigd_dch.inf_amd64_225f37aa3862fc3f\igc64.dll
0x00007ffe7bc10000 - 0x00007ffe7bc29000 	C:\Users\danil\AppData\Local\Temp\jogamp_0000\file_cache\jln8037318244528507827\jln11266733259076497183\natives\windows-amd64\newt_head.dll
0x00007ffe5e8e0000 - 0x00007ffe5e99f000 	C:\WINDOWS\SYSTEM32\mscms.dll
0x00007ffe1cd10000 - 0x00007ffe1cd59000 	C:\WINDOWS\SYSTEM32\icm32.dll
0x00007ffe8cbf0000 - 0x00007ffe8d077000 	C:\WINDOWS\System32\setupapi.dll
0x00007ffe89d10000 - 0x00007ffe89d3d000 	C:\WINDOWS\SYSTEM32\DEVOBJ.dll
0x00007ffe8b3e0000 - 0x00007ffe8b462000 	C:\WINDOWS\System32\WINTRUST.dll
0x00007ffe8ae60000 - 0x00007ffe8afd8000 	C:\WINDOWS\System32\CRYPT32.dll
0x00007ffe898e0000 - 0x00007ffe898f3000 	C:\WINDOWS\SYSTEM32\MSASN1.dll
0x00007ffe580f0000 - 0x00007ffe58236000 	C:\WINDOWS\SYSTEM32\textinputframework.dll
0x00007ffe87560000 - 0x00007ffe87687000 	C:\WINDOWS\SYSTEM32\CoreMessaging.dll
0x00007ffe83270000 - 0x00007ffe83552000 	C:\WINDOWS\SYSTEM32\CoreUIComponents.dll
0x00007ffe84e00000 - 0x00007ffe84f6a000 	C:\WINDOWS\SYSTEM32\wintypes.dll

dbghelp: loaded successfully - version: 4.0.5 - missing functions: none
symbol engine: initialized successfully - sym options: 0x614 - pdb path: .;C:\Program Files\Processing\app\resources\jdk-17.0.14+7\bin;C:\WINDOWS\SYSTEM32;C:\WINDOWS\WinSxS\amd64_microsoft.windows.common-controls_6595b64144ccf1df_6.0.26100.8457_none_3e0b2faee331e92d;C:\Program Files\Processing\app\resources\jdk-17.0.14+7\bin\server;C:\Users\danil\AppData\Local\Temp\jogamp_0000\file_cache\jln8037318244528507827\jln11266733259076497183\natives\windows-amd64;C:\WINDOWS\System32\DriverStore\FileRepository\iigd_dch.inf_amd64_225f37aa3862fc3f

VM Arguments:
jvm_args: -agentlib:jdwp=transport=dt_socket,address=8208,server=y,suspend=y,quiet=y -Xms64m -Xmx1024m -Djna.nosys=true -Djava.library.path=;C:\Program Files\Processing\app\resources\core\library;C:\Program Files\Processing;C:\WINDOWS\system32;C:\WINDOWS;C:\Program Files\PlasticSCM5\server;C:\Program Files\PlasticSCM5\client;C:\Program Files\Common Files\Oracle\Java\javapath;C:\Program Files (x86)\Common Files\Oracle\Java\javapath;C:\Windows\System32\HWAudioDriverLibs;C:\Windows\system32;C:\Windows;C:\Windows\System32\Wbem;C:\Windows\System32\WindowsPowerShell\v1.0;C:\Windows\System32\OpenSSH;C:\Program Files\Microsoft SQL Server\150\Tools\Binn;C:\Program Files\Microsoft SQL Server\Client SDK\ODBC\170\Tools\Binn;C:\Program Files\dotnet;D:\Windows Kits\10\Windows Performance Toolkit;C:\Program Files\Java\jdk-23\bin;C:\WINDOWS\system32;C:\WINDOWS;C:\WINDOWS\System32\Wbem;C:\WINDOWS\System32\WindowsPowerShell\v1.0;C:\WINDOWS\System32\OpenSSH;C:\Program Files\nodejs;C:\Program Files\Docker\Docker\resources\bin;C:\Program Files\TortoiseGit\bin;C:\Program Files\Git\cmd;C:\Users\danil\AppData\Local\Programs\Python\Python312\Scripts;C:\Users\danil\AppData\Local\Programs\Python\Python312;C:\Users\danil\AppData\Local\Microsoft\WindowsApps;C:\Users\danil\AppData\Local\Programs\Microsoft VS Code\bin;C:\Users\danil\AppData\Roaming\npm;D:\DataBase\18\bin;C:\Program Files\Processing\app;. -ea 
java_command: processing.core.PApplet --editor-location=-7,-7 --external --display=1 --sketch-path=C:\Users\danil\Desktop\Gravity_simul Gravity_simul
java_class_path (initial): C:\Users\danil\AppData\Local\Temp\processing\Gravity_simul2731513370240420056temp;C:\Program Files\Processing\app\resources\core\library\annotations-13.0.jar;C:\Program Files\Processing\app\resources\core\library\antlr-2.7.7.jar;C:\Program Files\Processing\app\resources\core\library\core-4.4.1.jar;C:\Program Files\Processing\app\resources\core\library\gluegen-rt-2.5.0-natives-android-aarch64.jar;C:\Program Files\Processing\app\resources\core\library\gluegen-rt-2.5.0-natives-linux-aarch64.jar;C:\Program Files\Processing\app\resources\core\library\gluegen-rt-2.5.0-natives-linux-amd64.jar;C:\Program Files\Processing\app\resources\core\library\gluegen-rt-2.5.0-natives-linux-armv6hf.jar;C:\Program Files\Processing\app\resources\core\library\gluegen-rt-2.5.0-natives-macosx-universal.jar;C:\Program Files\Processing\app\resources\core\library\gluegen-rt-2.5.0-natives-windows-amd64.jar;C:\Program Files\Processing\app\resources\core\library\gluegen-rt-2.5.0.jar;C:\Program Files\Processing\app\resources\core\library\gluegen-rt-main-2.5.0.jar;C:\Program Files\Processing\app\resources\core\library\jogl-all-2.5.0-natives-android-aarch64.jar;C:\Program Files\Processing\app\resources\core\library\jogl-all-2.5.0-natives-linux-aarch64.jar;C:\Program Files\Processing\app\resources\core\library\jogl-all-2.5.0-natives-linux-amd64.jar;C:\Program Files\Processing\app\resources\core\library\jogl-all-2.5.0-natives-linux-armv6hf.jar;C:\Program Files\Processing\app\resources\core\library\jogl-all-2.5.0-natives-macosx-universal.jar;C:\Program Files\Processing\app\resources\core\library\jogl-all-2.5.0-natives-windows-amd64.jar;C:\Program Files\Processing\app\resources\core\library\jogl-all-2.5.0.jar;C:\Program Files\Processing\app\resources\core\library\jogl-all-main-2.5.0.jar;C:\Program Files\Processing\app\resources\core\library\kotlin-stdlib-2.0.20.jar
Launcher Type: SUN_STANDARD

[Global flags]
     intx CICompilerCount                          = 4                                         {product} {ergonomic}
     uint ConcGCThreads                            = 2                                         {product} {ergonomic}
     uint G1ConcRefinementThreads                  = 8                                         {product} {ergonomic}
   size_t G1HeapRegionSize                         = 1048576                                   {product} {ergonomic}
    uintx GCDrainStackTargetSize                   = 64                                        {product} {ergonomic}
   size_t InitialHeapSize                          = 67108864                                  {product} {command line}
   size_t MarkStackSize                            = 4194304                                   {product} {ergonomic}
   size_t MaxHeapSize                              = 1073741824                                {product} {command line}
   size_t MaxNewSize                               = 643825664                                 {product} {ergonomic}
   size_t MinHeapDeltaBytes                        = 1048576                                   {product} {ergonomic}
   size_t MinHeapSize                              = 67108864                                  {product} {command line}
    uintx NonNMethodCodeHeapSize                   = 5839372                                {pd product} {ergonomic}
    uintx NonProfiledCodeHeapSize                  = 122909434                              {pd product} {ergonomic}
    uintx ProfiledCodeHeapSize                     = 122909434                              {pd product} {ergonomic}
    uintx ReservedCodeCacheSize                    = 251658240                              {pd product} {ergonomic}
     bool SegmentedCodeCache                       = true                                      {product} {ergonomic}
   size_t SoftMaxHeapSize                          = 1073741824                             {manageable} {ergonomic}
     bool UseCompressedClassPointers               = true                           {product lp64_product} {ergonomic}
     bool UseCompressedOops                        = true                           {product lp64_product} {ergonomic}
     bool UseG1GC                                  = true                                      {product} {ergonomic}
     bool UseLargePagesIndividualAllocation        = false                                  {pd product} {ergonomic}

Logging:
Log output configuration:
 #0: stdout all=off uptime,level,tags
 #1: stderr all=off uptime,level,tags

Environment Variables:
JAVA_HOME=C:\Program Files\Java\jdk-23
PATH=C:\Program Files\PlasticSCM5\server;C:\Program Files\PlasticSCM5\client;C:\Program Files\Common Files\Oracle\Java\javapath;C:\Program Files (x86)\Common Files\Oracle\Java\javapath;C:\Windows\System32\HWAudioDriverLibs;C:\Windows\system32;C:\Windows;C:\Windows\System32\Wbem;C:\Windows\System32\WindowsPowerShell\v1.0\;C:\Windows\System32\OpenSSH\;C:\Users\Administrator\AppData\Local\Microsoft\WindowsApps;C:\Program Files\Microsoft SQL Server\150\Tools\Binn\;C:\Program Files\Microsoft SQL Server\Client SDK\ODBC\170\Tools\Binn\;C:\Program Files\dotnet\;D:\Windows Kits\10\Windows Performance Toolkit\;C:\Program Files\Java\jdk-23\bin;C:\WINDOWS\system32;C:\WINDOWS;C:\WINDOWS\System32\Wbem;C:\WINDOWS\System32\WindowsPowerShell\v1.0\;C:\WINDOWS\System32\OpenSSH\;C:\Program Files\nodejs\;C:\Program Files\Docker\Docker\resources\bin;C:\Program Files\TortoiseGit\bin;C:\Program Files\Git\cmd;C:\Users\danil\AppData\Local\Programs\Python\Python312\Scripts\;C:\Users\danil\AppData\Local\Programs\Python\Python312\;C:\Users\danil\AppData\Local\Microsoft\WindowsApps;C:\Users\danil\.dotnet\tools;C:\Users\danil\AppData\Local\Programs\Microsoft VS Code\bin;C:\Users\danil\AppData\Roaming\npm;D:\DataBase\18\bin;C:\Program Files\Processing\app
USERNAME=danil
OS=Windows_NT
PROCESSOR_IDENTIFIER=Intel64 Family 6 Model 140 Stepping 2, GenuineIntel
TMP=C:\Users\danil\AppData\Local\Temp
TEMP=C:\Users\danil\AppData\Local\Temp



Periodic native trim disabled


---------------  S Y S T E M  ---------------

OS:
 Windows 11 , 64 bit Build 26100 (10.0.26100.8328)
OS uptime: 0 days 1:16 hours
Hyper-V role detected

CPU: total 8 (initial active 8) (4 cores per cpu, 2 threads per core) family 6 model 140 stepping 2 microcode 0x16, cx8, cmov, fxsr, ht, mmx, 3dnowpref, sse, sse2, sse3, ssse3, sse4.1, sse4.2, popcnt, lzcnt, tsc, tscinvbit, avx, avx2, aes, erms, clmul, bmi1, bmi2, adx, avx512f, avx512dq, avx512cd, avx512bw, avx512vl, sha, fma, vzeroupper, avx512_vpopcntdq, avx512_vpclmulqdq, avx512_vaes, avx512_vnni, clflush, clflushopt, clwb, avx512_vbmi2, avx512_vbmi, hv
Processor Information for processor 0
  Max Mhz: 2496, Current Mhz: 998, Mhz Limit: 2496
Processor Information for processor 1
  Max Mhz: 2496, Current Mhz: 998, Mhz Limit: 2496
Processor Information for processor 2
  Max Mhz: 2496, Current Mhz: 998, Mhz Limit: 2496
Processor Information for processor 3
  Max Mhz: 2496, Current Mhz: 2496, Mhz Limit: 2496
Processor Information for processor 4
  Max Mhz: 2496, Current Mhz: 998, Mhz Limit: 2496
Processor Information for processor 5
  Max Mhz: 2496, Current Mhz: 2496, Mhz Limit: 2496
Processor Information for processor 6
  Max Mhz: 2496, Current Mhz: 2496, Mhz Limit: 2496
Processor Information for processor 7
  Max Mhz: 2496, Current Mhz: 2496, Mhz Limit: 2496

Memory: 4k page, system-wide physical 7975M (1696M free)
TotalPageFile size 17703M (AvailPageFile size 8505M)
current process WorkingSet (physical memory assigned to process): 504M, peak: 526M
current process commit charge ("private bytes"): 505M, peak: 534M

vm_info: OpenJDK 64-Bit Server VM (17.0.14+7) for windows-amd64 JRE (17.0.14+7), built on Jan 21 2025 23:40:15 by "admin" with MS VC++ 17.7 (VS2022)

END.
