#
# A fatal error has been detected by the Java Runtime Environment:
#
#  EXCEPTION_ACCESS_VIOLATION (0xc0000005) at pc=0x00007ffdd8d0b386, pid=10660, tid=6904
#
# JRE version: OpenJDK Runtime Environment Temurin-17.0.14+7 (17.0.14+7) (build 17.0.14+7)
# Java VM: OpenJDK 64-Bit Server VM Temurin-17.0.14+7 (17.0.14+7, mixed mode, sharing, tiered, compressed oops, compressed class ptrs, g1 gc, windows-amd64)
# Problematic frame:
# C  [igxelpicd64.dll+0x23b386]
#
# No core dump will be written. Minidumps are not enabled by default on client versions of Windows
#
# If you would like to submit a bug report, please visit:
#   https://github.com/adoptium/adoptium-support/issues
#

---------------  S U M M A R Y ------------

Command Line: -agentlib:jdwp=transport=dt_socket,address=8484,server=y,suspend=y,quiet=y -Xms64m -Xmx1024m -Djna.nosys=true -Djava.library.path=;C:\Program Files\Processing\app\resources\core\library;C:\Program Files\Processing;C:\WINDOWS\system32;C:\WINDOWS;C:\Program Files\PlasticSCM5\server;C:\Program Files\PlasticSCM5\client;C:\Program Files\Common Files\Oracle\Java\javapath;C:\Program Files (x86)\Common Files\Oracle\Java\javapath;C:\Windows\System32\HWAudioDriverLibs;C:\Windows\system32;C:\Windows;C:\Windows\System32\Wbem;C:\Windows\System32\WindowsPowerShell\v1.0;C:\Windows\System32\OpenSSH;C:\Program Files\Microsoft SQL Server\150\Tools\Binn;C:\Program Files\Microsoft SQL Server\Client SDK\ODBC\170\Tools\Binn;C:\Program Files\dotnet;D:\Windows Kits\10\Windows Performance Toolkit;C:\Program Files\Java\jdk-23\bin;C:\WINDOWS\system32;C:\WINDOWS;C:\WINDOWS\System32\Wbem;C:\WINDOWS\System32\WindowsPowerShell\v1.0;C:\WINDOWS\System32\OpenSSH;C:\Program Files\nodejs;C:\Program Files\Docker\Docker\resources\bin;C:\Program Files\TortoiseGit\bin;C:\Program Files\Git\cmd;C:\Users\danil\AppData\Local\Programs\Python\Python312\Scripts;C:\Users\danil\AppData\Local\Programs\Python\Python312;C:\Users\danil\AppData\Local\Microsoft\WindowsApps;C:\Users\danil\AppData\Local\Programs\Microsoft VS Code\bin;C:\Users\danil\AppData\Roaming\npm;D:\DataBase\18\bin;C:\Program Files\Processing\app;. -ea processing.core.PApplet --editor-location=-7,-7 --external --display=1 --sketch-path=C:\Users\danil\Desktop\Gravity_simul Gravity_simul

Host: 11th Gen Intel(R) Core(TM) i5-1155G7 @ 2.50GHz, 8 cores, 7G,  Windows 11 , 64 bit Build 26100 (10.0.26100.8328)
Time: Sun Jun 28 13:27:43 2026 RTZ 3 (s 11 , 64 bit Build 26100 (10.0.26100.8328) elapsed time: 13.387705 seconds (0d 0h 0m 13s)

---------------  T H R E A D  ---------------

Current thread (0x000001f54c783ce0):  VMThread "VM Thread" [stack: 0x000000187c000000,0x000000187c100000] [id=6904]

Stack: [0x000000187c000000,0x000000187c100000],  sp=0x000000187c0fe1f0,  free space=1016k
Native frames: (J=compiled Java code, j=interpreted, Vv=VM code, C=native code)
C  [igxelpicd64.dll+0x23b386]


siginfo: EXCEPTION_ACCESS_VIOLATION (0xc0000005), reading address 0x0000000000035468


Registers:
RAX=0x000001f5a11b8e60, RBX=0x000001f59262a030, RCX=0x0000000000000004, RDX=0x0000000000000000
RSP=0x000000187c0fe1f0, RBP=0x0000000000000000, RSI=0x000001f5a11b8c60, RDI=0x000001f59207e220
R8 =0x000001f5a11b8d60, R9 =0x000000187b5cb000, R10=0x0000000000000000, R11=0x0000000000000246
R12=0x000001f5a11b8c60, R13=0x0000000000000000, R14=0x000001f5a11b91a8, R15=0x000001f5a11b80c0
RIP=0x00007ffdd8d0b386, EFLAGS=0x0000000000010206


Register to memory mapping:

RIP=0x00007ffdd8d0b386 igxelpicd64.dll
RAX=0x000001f5a11b8e60 points into unknown readable memory: 0x0000000000003af0 | f0 3a 00 00 00 00 00 00
RBX=0x000001f59262a030 points into unknown readable memory: 0xffffffffffffffff | ff ff ff ff ff ff ff ff
RCX=0x0000000000000004 is an unknown value
RDX=0x0 is NULL
RSP=0x000000187c0fe1f0 points into unknown readable memory: 0x000001f59262a030 | 30 a0 62 92 f5 01 00 00
RBP=0x0 is NULL
RSI=0x000001f5a11b8c60 points into unknown readable memory: 0x000001f592684520 | 20 45 68 92 f5 01 00 00
RDI=0x000001f59207e220 points into unknown readable memory: 0x34000000bebafe00 | 00 fe ba be 00 00 00 34
R8 =0x000001f5a11b8d60 points into unknown readable memory: 0x0000000000000000 | 00 00 00 00 00 00 00 00
R9 =0x000000187b5cb000 points into unknown readable memory: 0x0000000000000000 | 00 00 00 00 00 00 00 00
R10=0x0 is NULL
R11=0x0000000000000246 is an unknown value
R12=0x000001f5a11b8c60 points into unknown readable memory: 0x000001f592684520 | 20 45 68 92 f5 01 00 00
R13=0x0 is NULL
R14=0x000001f5a11b91a8 points into unknown readable memory: 0x000001f5a11b80c0 | c0 80 1b a1 f5 01 00 00
R15=0x000001f5a11b80c0 points into unknown readable memory: 0x000001f592684520 | 20 45 68 92 f5 01 00 00


Top of Stack: (sp=0x000000187c0fe1f0)
0x000000187c0fe1f0:   000001f59262a030 00007ffdd8b40ab4
0x000000187c0fe200:   0000000000000000 000001f5943db3a0
0x000000187c0fe210:   0000001600000000 0000000000000000
0x000000187c0fe220:   000001f500000000 000001f5943d7580
0x000000187c0fe230:   000001f59262a030 000001f59439b000
0x000000187c0fe240:   000001f596900504 000001f5965b5000
0x000000187c0fe250:   00b723ca02c41a00 000001f5943db9a0
0x000000187c0fe260:   033837cb027527cb 00007000196fe000
0x000000187c0fe270:   037086cc005649cc 036711cd039807cd
0x000000187c0fe280:   0165f3cf00000000 036f30d001ba0ad0
0x000000187c0fe290:   036ac6d0039189d0 037086d101e4f6d0
0x000000187c0fe2a0:   038d2bd20347fdd1 0377c8d20364afd2
0x000000187c0fe2b0:   038469d3039f30d3 014b83d3006182d3
0x000000187c0fe2c0:   0000000000000000 0000000000000000
0x000000187c0fe2d0:   0276620000000000 00007ffe8d905b54
0x000000187c0fe2e0:   0000000000000000 0000000000000000
0x000000187c0fe2f0:   000000187c0fe490 00007ffe8b771259
0x000000187c0fe300:   000000187c0fe388 0000000000000000
0x000000187c0fe310:   0000000000000054 0000000000000000
0x000000187c0fe320:   0000000000000000 00007ffe8d905cc4
0x000000187c0fe330:   000000007a000004 0376e8e101b093e1
0x000000187c0fe340:   0000e65895d9cd3f 001040007a000004
0x000000187c0fe350:   000001f5943cfc38 0000000000003f16
0x000000187c0fe360:   0000000000000000 0000000000000016
0x000000187c0fe370:   0000000000000000 0000000000000000
0x000000187c0fe380:   000000187c0fe490 00007ffdd8d382ae
0x000000187c0fe390:   000001f59207e220 0000000000000000
0x000000187c0fe3a0:   000001f59207e220 000010027a000004
0x000000187c0fe3b0:   00000018000009e8 0000740400870000
0x000000187c0fe3c0:   0000000000000000 02718eef03a116ee
0x000000187c0fe3d0:   0000000000000000 000010027a000004
0x000000187c0fe3e0:   02aa0af100b6e0f0 0000000000000000 

Instructions: (pc=0x00007ffdd8d0b386)
0x00007ffdd8d0b286:   00 90 4c 8b bf 80 02 00 00 48 8b 05 9a 85 bd 00
0x00007ffdd8d0b296:   8b 80 c8 0a 00 00 89 44 24 24 c6 44 24 20 00 48
0x00007ffdd8d0b2a6:   c7 87 80 02 00 00 00 00 00 00 c7 87 88 02 00 00
0x00007ffdd8d0b2b6:   00 00 00 00 48 c7 87 a0 02 00 00 00 00 00 00 48
0x00007ffdd8d0b2c6:   c7 87 90 02 00 00 00 00 00 00 48 85 ed 75 3d 8b
0x00007ffdd8d0b2d6:   35 0d 77 cd 00 65 48 8b 04 25 58 00 00 00 b9 14
0x00007ffdd8d0b2e6:   00 00 00 48 8b 04 f0 40 38 2c 01 0f 84 c9 e7 75
0x00007ffdd8d0b2f6:   00 65 48 8b 04 25 58 00 00 00 bd 20 00 00 00 48
0x00007ffdd8d0b306:   8b 04 f0 48 8b 2c 28 48 89 6c 24 28 48 3b 2d 07
0x00007ffdd8d0b316:   9b cd 00 0f 84 9b 10 00 00 4d 85 ff 0f 84 3a 01
0x00007ffdd8d0b326:   00 00 0f 1f 84 00 00 00 00 00 49 8b f7 4d 8b e7
0x00007ffdd8d0b336:   4d 8d b7 48 05 00 00 4d 8b 3e 45 84 ed 0f 85 d9
0x00007ffdd8d0b346:   0e 00 00 8b 8f d0 01 00 00 48 8b 05 da 84 bd 00
0x00007ffdd8d0b356:   83 b8 64 03 00 00 02 75 34 4d 8d 84 24 00 01 00
0x00007ffdd8d0b366:   00 83 f9 10 0f 83 3a 01 00 00 8b c1 48 c1 e0 06
0x00007ffdd8d0b376:   49 03 c0 48 85 c0 0f 84 9b 01 00 00 48 8b 50 08
0x00007ffdd8d0b386:   48 3b 95 68 54 03 00 0f 87 b6 0e 00 00 48 83 be
0x00007ffdd8d0b396:   c0 05 00 00 00 0f 85 50 e7 75 00 44 8b 8f d0 01
0x00007ffdd8d0b3a6:   00 00 48 8b 87 e8 01 00 00 4c 8b 00 8b 8f d0 01
0x00007ffdd8d0b3b6:   00 00 48 8d 9e 00 01 00 00 83 f9 10 0f 83 1e 01
0x00007ffdd8d0b3c6:   00 00 8b c1 48 c1 e0 06 48 03 c3 48 85 c0 0f 84
0x00007ffdd8d0b3d6:   4a 01 00 00 4c 39 40 08 0f 86 40 01 00 00 48 8b
0x00007ffdd8d0b3e6:   87 80 02 00 00 49 89 06 48 89 b7 80 02 00 00 ff
0x00007ffdd8d0b3f6:   87 88 02 00 00 48 8b 4e 08 48 8b 01 ba 01 00 00
0x00007ffdd8d0b406:   00 48 8b 80 e0 02 00 00 ff 15 f4 c1 88 00 0f b7
0x00007ffdd8d0b416:   c8 48 2b c1 48 05 00 00 01 00 48 01 87 90 02 00
0x00007ffdd8d0b426:   00 48 8b 4e 08 48 8b 01 ba 01 00 00 00 48 8b 80
0x00007ffdd8d0b436:   e0 02 00 00 ff 15 c8 c1 88 00 48 01 87 a0 02 00
0x00007ffdd8d0b446:   00 0f b6 54 24 20 4d 85 ff 0f 85 db fe ff ff 84
0x00007ffdd8d0b456:   d2 0f 85 37 0f 00 00 48 8b 5c 24 40 48 8b cf 80
0x00007ffdd8d0b466:   7c 24 22 00 0f 85 40 0f 00 00 e8 3b f9 ff ff 90
0x00007ffdd8d0b476:   48 8b cb ff 15 99 bc 88 00 48 8b 8c 24 50 01 00 


Stack slot to memory mapping:
stack at sp + 0 slots: 0x000001f59262a030 points into unknown readable memory: 0xffffffffffffffff | ff ff ff ff ff ff ff ff
stack at sp + 1 slots: 0x00007ffdd8b40ab4 igxelpicd64.dll
stack at sp + 2 slots: 0x0 is NULL
stack at sp + 3 slots: 0x000001f5943db3a0 points into unknown readable memory: 0x00000000000000d2 | d2 00 00 00 00 00 00 00
stack at sp + 4 slots: 0x0000001600000000 is an unknown value
stack at sp + 5 slots: 0x0 is NULL
stack at sp + 6 slots: 0x000001f500000000 is an unknown value
stack at sp + 7 slots: 0x000001f5943d7580 points into unknown readable memory: 0x000001f5943d75f0 | f0 75 3d 94 f5 01 00 00

VM_Operation (0x000000187e1feb20): Exit, mode: safepoint, requested by thread 0x000001f593a7f380


---------------  P R O C E S S  ---------------

Threads class SMR info:
_java_thread_list=0x000001f5a13800c0, length=39, elements={
0x000001f54c78f130, 0x000001f54c792b20, 0x000001f54c7aaba0, 0x000001f54c7ab470,
0x000001f54c7abd40, 0x000001f54c7ae620, 0x000001f54c7b12e0, 0x000001f54c7b3cb0,
0x000001f54c7b9ad0, 0x000001f54ca388d0, 0x000001f54ca3b790, 0x000001f54ca4dea0,
0x000001f54ca52730, 0x000001f54ca54680, 0x000001f592054b70, 0x000001f5924cebe0,
0x000001f593a7f380, 0x000001f593b00370, 0x000001f593afef30, 0x000001f593afe510,
0x000001f593afea20, 0x000001f593b00880, 0x000001f593aff950, 0x000001f593b017b0,
0x000001f593aff440, 0x000001f593b00d90, 0x000001f593affe60, 0x000001f593b012a0,
0x000001f593afe000, 0x000001f5a16d84e0, 0x000001f5a16d70a0, 0x000001f5a16d89f0,
0x000001f5a16d8f00, 0x000001f5a16d9410, 0x000001f5a16d9920, 0x000001f5a16d7ac0,
0x000001f5a16d6b90, 0x000001f5a16da850, 0x000001f5a16d75b0
}

Java Threads: ( => current thread )
  0x000001f54c78f130 JavaThread "Reference Handler" daemon [_thread_blocked, id=6948, stack(0x000000187c100000,0x000000187c200000)]
  0x000001f54c792b20 JavaThread "Finalizer" daemon [_thread_blocked, id=10352, stack(0x000000187c200000,0x000000187c300000)]
  0x000001f54c7aaba0 JavaThread "Signal Dispatcher" daemon [_thread_blocked, id=3840, stack(0x000000187c300000,0x000000187c400000)]
  0x000001f54c7ab470 JavaThread "Attach Listener" daemon [_thread_blocked, id=6132, stack(0x000000187c400000,0x000000187c500000)]
  0x000001f54c7abd40 JavaThread "Service Thread" daemon [_thread_blocked, id=2736, stack(0x000000187c500000,0x000000187c600000)]
  0x000001f54c7ae620 JavaThread "Monitor Deflation Thread" daemon [_thread_blocked, id=19436, stack(0x000000187c600000,0x000000187c700000)]
  0x000001f54c7b12e0 JavaThread "C2 CompilerThread0" daemon [_thread_blocked, id=5836, stack(0x000000187c700000,0x000000187c800000)]
  0x000001f54c7b3cb0 JavaThread "C1 CompilerThread0" daemon [_thread_blocked, id=17880, stack(0x000000187c800000,0x000000187c900000)]
  0x000001f54c7b9ad0 JavaThread "Sweeper thread" daemon [_thread_blocked, id=16932, stack(0x000000187c900000,0x000000187ca00000)]
  0x000001f54ca388d0 JavaThread "JDWP Transport Listener: dt_socket" daemon [_thread_blocked, id=9880, stack(0x000000187ca00000,0x000000187cb00000)]
  0x000001f54ca3b790 JavaThread "JDWP Event Helper Thread" daemon [_thread_blocked, id=19364, stack(0x000000187cb00000,0x000000187cc00000)]
  0x000001f54ca4dea0 JavaThread "JDWP Command Reader" daemon [_thread_blocked, id=17992, stack(0x000000187cc00000,0x000000187cd00000)]
  0x000001f54ca52730 JavaThread "Notification Thread" daemon [_thread_blocked, id=6644, stack(0x000000187cd00000,0x000000187ce00000)]
  0x000001f54ca54680 JavaThread "Common-Cleaner" daemon [_thread_blocked, id=11100, stack(0x000000187cf00000,0x000000187d000000)]
  0x000001f592054b70 JavaThread "Java2D Disposer" daemon [_thread_blocked, id=19196, stack(0x000000187d000000,0x000000187d100000)]
  0x000001f5924cebe0 JavaThread "HighResTimerThread" daemon [_thread_blocked, id=15812, stack(0x000000187df00000,0x000000187e000000)]
  0x000001f593a7f380 JavaThread "main-FPSAWTAnimator#00-Timer0" [_thread_blocked, id=2424, stack(0x000000187e100000,0x000000187e200000)]
  0x000001f593b00370 JavaThread "DestroyJavaVM" [_thread_blocked, id=6896, stack(0x000000187ba00000,0x000000187bb00000)]
  0x000001f593afef30 JavaThread "pool-1-thread-1" [_thread_blocked, id=12072, stack(0x000000187e500000,0x000000187e600000)]
  0x000001f593afe510 JavaThread "pool-1-thread-2" [_thread_blocked, id=12136, stack(0x000000187e600000,0x000000187e700000)]
  0x000001f593afea20 JavaThread "pool-1-thread-3" [_thread_blocked, id=4388, stack(0x000000187e700000,0x000000187e800000)]
  0x000001f593b00880 JavaThread "pool-1-thread-4" [_thread_blocked, id=4484, stack(0x000000187e800000,0x000000187e900000)]
  0x000001f593aff950 JavaThread "pool-1-thread-5" [_thread_blocked, id=15156, stack(0x000000187e900000,0x000000187ea00000)]
  0x000001f593b017b0 JavaThread "pool-1-thread-6" [_thread_blocked, id=18156, stack(0x000000187ea00000,0x000000187eb00000)]
  0x000001f593aff440 JavaThread "pool-1-thread-7" [_thread_blocked, id=11640, stack(0x000000187eb00000,0x000000187ec00000)]
  0x000001f593b00d90 JavaThread "pool-1-thread-8" [_thread_blocked, id=11336, stack(0x000000187ec00000,0x000000187ed00000)]
  0x000001f593affe60 JavaThread "pool-1-thread-9" [_thread_blocked, id=18052, stack(0x000000187ed00000,0x000000187ee00000)]
  0x000001f593b012a0 JavaThread "pool-1-thread-10" [_thread_blocked, id=13264, stack(0x000000187ee00000,0x000000187ef00000)]
  0x000001f593afe000 JavaThread "pool-1-thread-11" [_thread_blocked, id=8956, stack(0x000000187ef00000,0x000000187f000000)]
  0x000001f5a16d84e0 JavaThread "pool-1-thread-12" [_thread_blocked, id=9108, stack(0x000000187f000000,0x000000187f100000)]
  0x000001f5a16d70a0 JavaThread "pool-1-thread-13" [_thread_blocked, id=2756, stack(0x000000187f100000,0x000000187f200000)]
  0x000001f5a16d89f0 JavaThread "pool-1-thread-14" [_thread_blocked, id=2908, stack(0x000000187f200000,0x000000187f300000)]
  0x000001f5a16d8f00 JavaThread "pool-1-thread-15" [_thread_blocked, id=4436, stack(0x000000187f300000,0x000000187f400000)]
  0x000001f5a16d9410 JavaThread "pool-1-thread-16" [_thread_blocked, id=4792, stack(0x000000187f400000,0x000000187f500000)]
  0x000001f5a16d9920 JavaThread "pool-1-thread-17" [_thread_blocked, id=10032, stack(0x000000187f500000,0x000000187f600000)]
  0x000001f5a16d7ac0 JavaThread "pool-1-thread-18" [_thread_blocked, id=10616, stack(0x000000187f600000,0x000000187f700000)]
  0x000001f5a16d6b90 JavaThread "pool-1-thread-19" [_thread_blocked, id=18340, stack(0x000000187f700000,0x000000187f800000)]
  0x000001f5a16da850 JavaThread "pool-1-thread-20" [_thread_blocked, id=15000, stack(0x000000187f800000,0x000000187f900000)]
  0x000001f5a16d75b0 JavaThread "AWT-Shutdown" [_thread_blocked, id=11484, stack(0x000000187e000000,0x000000187e100000)]

Other Threads:
=>0x000001f54c783ce0 VMThread "VM Thread" [stack: 0x000000187c000000,0x000000187c100000] [id=6904]
  0x000001f53099f490 GCTaskThread "GC Thread#0" [stack: 0x000000187bb00000,0x000000187bc00000] [id=16172]
  0x000001f59382d550 GCTaskThread "GC Thread#1" [stack: 0x000000187d800000,0x000000187d900000] [id=5688]
  0x000001f59382d810 GCTaskThread "GC Thread#2" [stack: 0x000000187d900000,0x000000187da00000] [id=16732]
  0x000001f59382dad0 GCTaskThread "GC Thread#3" [stack: 0x000000187da00000,0x000000187db00000] [id=18356]
  0x000001f59382dd90 GCTaskThread "GC Thread#4" [stack: 0x000000187db00000,0x000000187dc00000] [id=912]
  0x000001f59382e860 GCTaskThread "GC Thread#5" [stack: 0x000000187dc00000,0x000000187dd00000] [id=9200]
  0x000001f593873200 GCTaskThread "GC Thread#6" [stack: 0x000000187dd00000,0x000000187de00000] [id=18460]
  0x000001f5938734c0 GCTaskThread "GC Thread#7" [stack: 0x000000187de00000,0x000000187df00000] [id=11308]
  0x000001f5309a9300 ConcurrentGCThread "G1 Main Marker" terminated
  0x000001f5309aa900 ConcurrentGCThread "G1 Conc#0" [stack: 0x000000187bd00000,0x000000187be00000] [id=7060]
  0x000001f594244eb0 ConcurrentGCThread "G1 Conc#1" [stack: 0x000000187fc00000,0x000000187fd00000] [id=13828]
  0x000001f5309fede0 ConcurrentGCThread "G1 Refine#0" terminated
  0x000001f5a160f360 ConcurrentGCThread "G1 Refine#1" terminated
  0x000001f593f9cc50 ConcurrentGCThread "G1 Refine#2" terminated
  0x000001f5a1789f30 ConcurrentGCThread "G1 Refine#3" terminated
  0x000001f5309ff5c0 ConcurrentGCThread "G1 Service" terminated

Threads with active compile tasks:

VM state: at safepoint (shutting down)

VM Mutex/Monitor currently owned by a thread:  ([mutex/lock_event])
[0x000001f52e67b530] Threads_lock - owner thread: 0x000001f54c783ce0
[0x000001f53095b350] Heap_lock - owner thread: 0x000001f593a7f380

Heap address: 0x00000000c0000000, size: 1024 MB, Compressed Oops mode: 32-bit

CDS archive(s) mapped at: [0x000001f54d000000-0x000001f54dbb0000-0x000001f54dbb0000), size 12255232, SharedBaseAddress: 0x000001f54d000000, ArchiveRelocationMode: 1.
Compressed class space mapped at: 0x000001f54e000000-0x000001f58e000000, reserved size: 1073741824
Narrow klass base: 0x000001f54d000000, Narrow klass shift: 0, Narrow klass range: 0x100000000

GC Precious Log:
 CPUs: 8 total, 8 available
 Memory: 7975M
 Large Page Support: Disabled
 NUMA Support: Disabled
 Compressed Oops: Enabled (32-bit)
 Heap Region Size: 1M
 Heap Min Capacity: 64M
 Heap Initial Capacity: 64M
 Heap Max Capacity: 1G
 Pre-touch: Disabled
 Parallel Workers: 8
 Concurrent Workers: 2
 Concurrent Refinement Workers: 8
 Periodic GC: Disabled

Heap:
 garbage-first heap   total 175104K, used 115889K [0x00000000c0000000, 0x0000000100000000)
  region size 1024K, 34 young (34816K), 2 survivors (2048K)
 Metaspace       used 12948K, committed 13120K, reserved 1114112K
  class space    used 919K, committed 1024K, reserved 1048576K

Heap Regions: E=young(eden), S=young(survivor), O=old, HS=humongous(starts), HC=humongous(continues), CS=collection set, F=free, OA=open archive, CA=closed archive, TAMS=top-at-mark-start (previous, next)
|   0|0x00000000c0000000, 0x00000000c0100000, 0x00000000c0100000|100%| O|  |TAMS 0x00000000c0100000, 0x00000000c0000000| Untracked 
|   1|0x00000000c0100000, 0x00000000c0200000, 0x00000000c0200000|100%| O|  |TAMS 0x00000000c0200000, 0x00000000c0100000| Untracked 
|   2|0x00000000c0200000, 0x00000000c0300000, 0x00000000c0300000|100%| O|  |TAMS 0x00000000c0300000, 0x00000000c0200000| Untracked 
|   3|0x00000000c0300000, 0x00000000c0400000, 0x00000000c0400000|100%| O|  |TAMS 0x00000000c0400000, 0x00000000c0300000| Untracked 
|   4|0x00000000c0400000, 0x00000000c0500000, 0x00000000c0500000|100%| O|  |TAMS 0x00000000c0500000, 0x00000000c0400000| Untracked 
|   5|0x00000000c0500000, 0x00000000c0600000, 0x00000000c0600000|100%| O|  |TAMS 0x00000000c0600000, 0x00000000c0500000| Untracked 
|   6|0x00000000c0600000, 0x00000000c0700000, 0x00000000c0700000|100%| O|  |TAMS 0x00000000c0700000, 0x00000000c0600000| Untracked 
|   7|0x00000000c0700000, 0x00000000c0700000, 0x00000000c0800000|  0%| F|  |TAMS 0x00000000c0700000, 0x00000000c0700000| Untracked 
|   8|0x00000000c0800000, 0x00000000c0800000, 0x00000000c0900000|  0%| F|  |TAMS 0x00000000c0800000, 0x00000000c0800000| Untracked 
|   9|0x00000000c0900000, 0x00000000c0a00000, 0x00000000c0a00000|100%| O|  |TAMS 0x00000000c0a00000, 0x00000000c0900000| Untracked 
|  10|0x00000000c0a00000, 0x00000000c0b00000, 0x00000000c0b00000|100%|HS|  |TAMS 0x00000000c0b00000, 0x00000000c0a00000| Complete 
|  11|0x00000000c0b00000, 0x00000000c0c00000, 0x00000000c0c00000|100%|HC|  |TAMS 0x00000000c0c00000, 0x00000000c0b00000| Complete 
|  12|0x00000000c0c00000, 0x00000000c0d00000, 0x00000000c0d00000|100%|HC|  |TAMS 0x00000000c0d00000, 0x00000000c0c00000| Complete 
|  13|0x00000000c0d00000, 0x00000000c0e00000, 0x00000000c0e00000|100%|HC|  |TAMS 0x00000000c0e00000, 0x00000000c0d00000| Complete 
|  14|0x00000000c0e00000, 0x00000000c0f00000, 0x00000000c0f00000|100%|HC|  |TAMS 0x00000000c0f00000, 0x00000000c0e00000| Complete 
|  15|0x00000000c0f00000, 0x00000000c1000000, 0x00000000c1000000|100%|HC|  |TAMS 0x00000000c1000000, 0x00000000c0f00000| Complete 
|  16|0x00000000c1000000, 0x00000000c1100000, 0x00000000c1100000|100%|HC|  |TAMS 0x00000000c1100000, 0x00000000c1000000| Complete 
|  17|0x00000000c1100000, 0x00000000c1200000, 0x00000000c1200000|100%|HC|  |TAMS 0x00000000c1200000, 0x00000000c1100000| Complete 
|  18|0x00000000c1200000, 0x00000000c1300000, 0x00000000c1300000|100%|HC|  |TAMS 0x00000000c1300000, 0x00000000c1200000| Complete 
|  19|0x00000000c1300000, 0x00000000c1400000, 0x00000000c1400000|100%|HC|  |TAMS 0x00000000c1400000, 0x00000000c1300000| Complete 
|  20|0x00000000c1400000, 0x00000000c1500000, 0x00000000c1500000|100%|HC|  |TAMS 0x00000000c1500000, 0x00000000c1400000| Complete 
|  21|0x00000000c1500000, 0x00000000c1600000, 0x00000000c1600000|100%|HC|  |TAMS 0x00000000c1600000, 0x00000000c1500000| Complete 
|  22|0x00000000c1600000, 0x00000000c1700000, 0x00000000c1700000|100%|HC|  |TAMS 0x00000000c1700000, 0x00000000c1600000| Complete 
|  23|0x00000000c1700000, 0x00000000c1800000, 0x00000000c1800000|100%|HC|  |TAMS 0x00000000c1800000, 0x00000000c1700000| Complete 
|  24|0x00000000c1800000, 0x00000000c1900000, 0x00000000c1900000|100%|HC|  |TAMS 0x00000000c1900000, 0x00000000c1800000| Complete 
|  25|0x00000000c1900000, 0x00000000c1a00000, 0x00000000c1a00000|100%|HC|  |TAMS 0x00000000c1a00000, 0x00000000c1900000| Complete 
|  26|0x00000000c1a00000, 0x00000000c1b00000, 0x00000000c1b00000|100%|HC|  |TAMS 0x00000000c1b00000, 0x00000000c1a00000| Complete 
|  27|0x00000000c1b00000, 0x00000000c1b50200, 0x00000000c1c00000| 31%| O|  |TAMS 0x00000000c1b50200, 0x00000000c1b00000| Untracked 
|  28|0x00000000c1c00000, 0x00000000c1d00000, 0x00000000c1d00000|100%|HS|  |TAMS 0x00000000c1d00000, 0x00000000c1c00000| Complete 
|  29|0x00000000c1d00000, 0x00000000c1e00000, 0x00000000c1e00000|100%|HC|  |TAMS 0x00000000c1e00000, 0x00000000c1d00000| Complete 
|  30|0x00000000c1e00000, 0x00000000c1f00000, 0x00000000c1f00000|100%|HC|  |TAMS 0x00000000c1f00000, 0x00000000c1e00000| Complete 
|  31|0x00000000c1f00000, 0x00000000c2000000, 0x00000000c2000000|100%|HC|  |TAMS 0x00000000c2000000, 0x00000000c1f00000| Complete 
|  32|0x00000000c2000000, 0x00000000c2100000, 0x00000000c2100000|100%|HC|  |TAMS 0x00000000c2100000, 0x00000000c2000000| Complete 
|  33|0x00000000c2100000, 0x00000000c2200000, 0x00000000c2200000|100%| O|  |TAMS 0x00000000c2200000, 0x00000000c2100000| Untracked 
|  34|0x00000000c2200000, 0x00000000c2300000, 0x00000000c2300000|100%| O|  |TAMS 0x00000000c2300000, 0x00000000c2200000| Untracked 
|  35|0x00000000c2300000, 0x00000000c2400000, 0x00000000c2400000|100%| O|  |TAMS 0x00000000c2400000, 0x00000000c2300000| Untracked 
|  36|0x00000000c2400000, 0x00000000c2500000, 0x00000000c2500000|100%|HS|  |TAMS 0x00000000c2500000, 0x00000000c2400000| Complete 
|  37|0x00000000c2500000, 0x00000000c2600000, 0x00000000c2600000|100%|HC|  |TAMS 0x00000000c2600000, 0x00000000c2500000| Complete 
|  38|0x00000000c2600000, 0x00000000c2700000, 0x00000000c2700000|100%|HC|  |TAMS 0x00000000c2700000, 0x00000000c2600000| Complete 
|  39|0x00000000c2700000, 0x00000000c2800000, 0x00000000c2800000|100%|HC|  |TAMS 0x00000000c2800000, 0x00000000c2700000| Complete 
|  40|0x00000000c2800000, 0x00000000c2900000, 0x00000000c2900000|100%|HC|  |TAMS 0x00000000c2900000, 0x00000000c2800000| Complete 
|  41|0x00000000c2900000, 0x00000000c2a00000, 0x00000000c2a00000|100%|HC|  |TAMS 0x00000000c2a00000, 0x00000000c2900000| Complete 
|  42|0x00000000c2a00000, 0x00000000c2b00000, 0x00000000c2b00000|100%|HC|  |TAMS 0x00000000c2b00000, 0x00000000c2a00000| Complete 
|  43|0x00000000c2b00000, 0x00000000c2c00000, 0x00000000c2c00000|100%|HC|  |TAMS 0x00000000c2c00000, 0x00000000c2b00000| Complete 
|  44|0x00000000c2c00000, 0x00000000c2d00000, 0x00000000c2d00000|100%|HC|  |TAMS 0x00000000c2d00000, 0x00000000c2c00000| Complete 
|  45|0x00000000c2d00000, 0x00000000c2e00000, 0x00000000c2e00000|100%|HC|  |TAMS 0x00000000c2e00000, 0x00000000c2d00000| Complete 
|  46|0x00000000c2e00000, 0x00000000c2f00000, 0x00000000c2f00000|100%|HC|  |TAMS 0x00000000c2f00000, 0x00000000c2e00000| Complete 
|  47|0x00000000c2f00000, 0x00000000c3000000, 0x00000000c3000000|100%|HC|  |TAMS 0x00000000c3000000, 0x00000000c2f00000| Complete 
|  48|0x00000000c3000000, 0x00000000c3100000, 0x00000000c3100000|100%|HC|  |TAMS 0x00000000c3100000, 0x00000000c3000000| Complete 
|  49|0x00000000c3100000, 0x00000000c3200000, 0x00000000c3200000|100%|HS|  |TAMS 0x00000000c3200000, 0x00000000c3100000| Complete 
|  50|0x00000000c3200000, 0x00000000c3300000, 0x00000000c3300000|100%|HC|  |TAMS 0x00000000c3300000, 0x00000000c3200000| Complete 
|  51|0x00000000c3300000, 0x00000000c3400000, 0x00000000c3400000|100%|HC|  |TAMS 0x00000000c3400000, 0x00000000c3300000| Complete 
|  52|0x00000000c3400000, 0x00000000c3500000, 0x00000000c3500000|100%|HC|  |TAMS 0x00000000c3500000, 0x00000000c3400000| Complete 
|  53|0x00000000c3500000, 0x00000000c3600000, 0x00000000c3600000|100%|HC|  |TAMS 0x00000000c3600000, 0x00000000c3500000| Complete 
|  54|0x00000000c3600000, 0x00000000c3700000, 0x00000000c3700000|100%|HC|  |TAMS 0x00000000c3700000, 0x00000000c3600000| Complete 
|  55|0x00000000c3700000, 0x00000000c3800000, 0x00000000c3800000|100%|HC|  |TAMS 0x00000000c3800000, 0x00000000c3700000| Complete 
|  56|0x00000000c3800000, 0x00000000c3900000, 0x00000000c3900000|100%|HC|  |TAMS 0x00000000c3900000, 0x00000000c3800000| Complete 
|  57|0x00000000c3900000, 0x00000000c3a00000, 0x00000000c3a00000|100%|HC|  |TAMS 0x00000000c3a00000, 0x00000000c3900000| Complete 
|  58|0x00000000c3a00000, 0x00000000c3a00000, 0x00000000c3b00000|  0%| F|  |TAMS 0x00000000c3a00000, 0x00000000c3a00000| Untracked 
|  59|0x00000000c3b00000, 0x00000000c3b00000, 0x00000000c3c00000|  0%| F|  |TAMS 0x00000000c3b00000, 0x00000000c3b00000| Untracked 
|  60|0x00000000c3c00000, 0x00000000c3c00000, 0x00000000c3d00000|  0%| F|  |TAMS 0x00000000c3c00000, 0x00000000c3c00000| Untracked 
|  61|0x00000000c3d00000, 0x00000000c3d00000, 0x00000000c3e00000|  0%| F|  |TAMS 0x00000000c3d00000, 0x00000000c3d00000| Untracked 
|  62|0x00000000c3e00000, 0x00000000c3e00000, 0x00000000c3f00000|  0%| F|  |TAMS 0x00000000c3e00000, 0x00000000c3e00000| Untracked 
|  63|0x00000000c3f00000, 0x00000000c3f00000, 0x00000000c4000000|  0%| F|  |TAMS 0x00000000c3f00000, 0x00000000c3f00000| Untracked 
|  64|0x00000000c4000000, 0x00000000c4100000, 0x00000000c4100000|100%|HS|  |TAMS 0x00000000c4100000, 0x00000000c4000000| Complete 
|  65|0x00000000c4100000, 0x00000000c4200000, 0x00000000c4200000|100%|HC|  |TAMS 0x00000000c4200000, 0x00000000c4100000| Complete 
|  66|0x00000000c4200000, 0x00000000c4300000, 0x00000000c4300000|100%|HC|  |TAMS 0x00000000c4300000, 0x00000000c4200000| Complete 
|  67|0x00000000c4300000, 0x00000000c4400000, 0x00000000c4400000|100%|HC|  |TAMS 0x00000000c4400000, 0x00000000c4300000| Complete 
|  68|0x00000000c4400000, 0x00000000c4500000, 0x00000000c4500000|100%|HC|  |TAMS 0x00000000c4500000, 0x00000000c4400000| Complete 
|  69|0x00000000c4500000, 0x00000000c4600000, 0x00000000c4600000|100%|HS|  |TAMS 0x00000000c4600000, 0x00000000c4500000| Complete 
|  70|0x00000000c4600000, 0x00000000c4700000, 0x00000000c4700000|100%|HC|  |TAMS 0x00000000c4700000, 0x00000000c4600000| Complete 
|  71|0x00000000c4700000, 0x00000000c4800000, 0x00000000c4800000|100%|HC|  |TAMS 0x00000000c4800000, 0x00000000c4700000| Complete 
|  72|0x00000000c4800000, 0x00000000c4900000, 0x00000000c4900000|100%|HC|  |TAMS 0x00000000c4900000, 0x00000000c4800000| Complete 
|  73|0x00000000c4900000, 0x00000000c4a00000, 0x00000000c4a00000|100%|HC|  |TAMS 0x00000000c4a00000, 0x00000000c4900000| Complete 
|  74|0x00000000c4a00000, 0x00000000c4b00000, 0x00000000c4b00000|100%|HS|  |TAMS 0x00000000c4b00000, 0x00000000c4a00000| Complete 
|  75|0x00000000c4b00000, 0x00000000c4c00000, 0x00000000c4c00000|100%|HC|  |TAMS 0x00000000c4c00000, 0x00000000c4b00000| Complete 
|  76|0x00000000c4c00000, 0x00000000c4d00000, 0x00000000c4d00000|100%|HC|  |TAMS 0x00000000c4d00000, 0x00000000c4c00000| Complete 
|  77|0x00000000c4d00000, 0x00000000c4e00000, 0x00000000c4e00000|100%|HC|  |TAMS 0x00000000c4e00000, 0x00000000c4d00000| Complete 
|  78|0x00000000c4e00000, 0x00000000c4f00000, 0x00000000c4f00000|100%|HC|  |TAMS 0x00000000c4f00000, 0x00000000c4e00000| Complete 
|  79|0x00000000c4f00000, 0x00000000c5000000, 0x00000000c5000000|100%|HS|  |TAMS 0x00000000c5000000, 0x00000000c4f00000| Complete 
|  80|0x00000000c5000000, 0x00000000c5100000, 0x00000000c5100000|100%|HC|  |TAMS 0x00000000c5100000, 0x00000000c5000000| Complete 
|  81|0x00000000c5100000, 0x00000000c5200000, 0x00000000c5200000|100%|HC|  |TAMS 0x00000000c5200000, 0x00000000c5100000| Complete 
|  82|0x00000000c5200000, 0x00000000c5300000, 0x00000000c5300000|100%|HC|  |TAMS 0x00000000c5300000, 0x00000000c5200000| Complete 
|  83|0x00000000c5300000, 0x00000000c5400000, 0x00000000c5400000|100%|HC|  |TAMS 0x00000000c5400000, 0x00000000c5300000| Complete 
|  84|0x00000000c5400000, 0x00000000c5500000, 0x00000000c5500000|100%|HS|  |TAMS 0x00000000c5500000, 0x00000000c5400000| Complete 
|  85|0x00000000c5500000, 0x00000000c5600000, 0x00000000c5600000|100%|HC|  |TAMS 0x00000000c5600000, 0x00000000c5500000| Complete 
|  86|0x00000000c5600000, 0x00000000c5700000, 0x00000000c5700000|100%|HC|  |TAMS 0x00000000c5700000, 0x00000000c5600000| Complete 
|  87|0x00000000c5700000, 0x00000000c5800000, 0x00000000c5800000|100%|HC|  |TAMS 0x00000000c5800000, 0x00000000c5700000| Complete 
|  88|0x00000000c5800000, 0x00000000c5900000, 0x00000000c5900000|100%|HC|  |TAMS 0x00000000c5900000, 0x00000000c5800000| Complete 
|  89|0x00000000c5900000, 0x00000000c5900000, 0x00000000c5a00000|  0%| F|  |TAMS 0x00000000c5900000, 0x00000000c5900000| Untracked 
|  90|0x00000000c5a00000, 0x00000000c5a00000, 0x00000000c5b00000|  0%| F|  |TAMS 0x00000000c5a00000, 0x00000000c5a00000| Untracked 
|  91|0x00000000c5b00000, 0x00000000c5b00000, 0x00000000c5c00000|  0%| F|  |TAMS 0x00000000c5b00000, 0x00000000c5b00000| Untracked 
|  92|0x00000000c5c00000, 0x00000000c5c00000, 0x00000000c5d00000|  0%| F|  |TAMS 0x00000000c5c00000, 0x00000000c5c00000| Untracked 
|  93|0x00000000c5d00000, 0x00000000c5d00000, 0x00000000c5e00000|  0%| F|  |TAMS 0x00000000c5d00000, 0x00000000c5d00000| Untracked 
|  94|0x00000000c5e00000, 0x00000000c5e00000, 0x00000000c5f00000|  0%| F|  |TAMS 0x00000000c5e00000, 0x00000000c5e00000| Untracked 
|  95|0x00000000c5f00000, 0x00000000c5f00000, 0x00000000c6000000|  0%| F|  |TAMS 0x00000000c5f00000, 0x00000000c5f00000| Untracked 
|  96|0x00000000c6000000, 0x00000000c6000000, 0x00000000c6100000|  0%| F|  |TAMS 0x00000000c6000000, 0x00000000c6000000| Untracked 
|  97|0x00000000c6100000, 0x00000000c6100000, 0x00000000c6200000|  0%| F|  |TAMS 0x00000000c6100000, 0x00000000c6100000| Untracked 
|  98|0x00000000c6200000, 0x00000000c6200000, 0x00000000c6300000|  0%| F|  |TAMS 0x00000000c6200000, 0x00000000c6200000| Untracked 
|  99|0x00000000c6300000, 0x00000000c6300000, 0x00000000c6400000|  0%| F|  |TAMS 0x00000000c6300000, 0x00000000c6300000| Untracked 
| 100|0x00000000c6400000, 0x00000000c6400000, 0x00000000c6500000|  0%| F|  |TAMS 0x00000000c6400000, 0x00000000c6400000| Untracked 
| 101|0x00000000c6500000, 0x00000000c6500000, 0x00000000c6600000|  0%| F|  |TAMS 0x00000000c6500000, 0x00000000c6500000| Untracked 
| 102|0x00000000c6600000, 0x00000000c6600000, 0x00000000c6700000|  0%| F|  |TAMS 0x00000000c6600000, 0x00000000c6600000| Untracked 
| 103|0x00000000c6700000, 0x00000000c6700000, 0x00000000c6800000|  0%| F|  |TAMS 0x00000000c6700000, 0x00000000c6700000| Untracked 
| 104|0x00000000c6800000, 0x00000000c6800000, 0x00000000c6900000|  0%| F|  |TAMS 0x00000000c6800000, 0x00000000c6800000| Untracked 
| 105|0x00000000c6900000, 0x00000000c69dc320, 0x00000000c6a00000| 86%| S|CS|TAMS 0x00000000c6900000, 0x00000000c6900000| Complete 
| 106|0x00000000c6a00000, 0x00000000c6b00000, 0x00000000c6b00000|100%| S|CS|TAMS 0x00000000c6a00000, 0x00000000c6a00000| Complete 
| 107|0x00000000c6b00000, 0x00000000c6b00000, 0x00000000c6c00000|  0%| F|  |TAMS 0x00000000c6b00000, 0x00000000c6b00000| Untracked 
| 108|0x00000000c6c00000, 0x00000000c6c00000, 0x00000000c6d00000|  0%| F|  |TAMS 0x00000000c6c00000, 0x00000000c6c00000| Untracked 
| 109|0x00000000c6d00000, 0x00000000c6d00000, 0x00000000c6e00000|  0%| F|  |TAMS 0x00000000c6d00000, 0x00000000c6d00000| Untracked 
| 110|0x00000000c6e00000, 0x00000000c6e00000, 0x00000000c6f00000|  0%| F|  |TAMS 0x00000000c6e00000, 0x00000000c6e00000| Untracked 
| 111|0x00000000c6f00000, 0x00000000c6f00000, 0x00000000c7000000|  0%| F|  |TAMS 0x00000000c6f00000, 0x00000000c6f00000| Untracked 
| 112|0x00000000c7000000, 0x00000000c7000000, 0x00000000c7100000|  0%| F|  |TAMS 0x00000000c7000000, 0x00000000c7000000| Untracked 
| 113|0x00000000c7100000, 0x00000000c7100000, 0x00000000c7200000|  0%| F|  |TAMS 0x00000000c7100000, 0x00000000c7100000| Untracked 
| 114|0x00000000c7200000, 0x00000000c7200000, 0x00000000c7300000|  0%| F|  |TAMS 0x00000000c7200000, 0x00000000c7200000| Untracked 
| 115|0x00000000c7300000, 0x00000000c7300000, 0x00000000c7400000|  0%| F|  |TAMS 0x00000000c7300000, 0x00000000c7300000| Untracked 
| 116|0x00000000c7400000, 0x00000000c7400000, 0x00000000c7500000|  0%| F|  |TAMS 0x00000000c7400000, 0x00000000c7400000| Untracked 
| 117|0x00000000c7500000, 0x00000000c7500000, 0x00000000c7600000|  0%| F|  |TAMS 0x00000000c7500000, 0x00000000c7500000| Untracked 
| 118|0x00000000c7600000, 0x00000000c7600000, 0x00000000c7700000|  0%| F|  |TAMS 0x00000000c7600000, 0x00000000c7600000| Untracked 
| 119|0x00000000c7700000, 0x00000000c7700000, 0x00000000c7800000|  0%| F|  |TAMS 0x00000000c7700000, 0x00000000c7700000| Untracked 
| 120|0x00000000c7800000, 0x00000000c7800000, 0x00000000c7900000|  0%| F|  |TAMS 0x00000000c7800000, 0x00000000c7800000| Untracked 
| 121|0x00000000c7900000, 0x00000000c7900000, 0x00000000c7a00000|  0%| F|  |TAMS 0x00000000c7900000, 0x00000000c7900000| Untracked 
| 122|0x00000000c7a00000, 0x00000000c7a00000, 0x00000000c7b00000|  0%| F|  |TAMS 0x00000000c7a00000, 0x00000000c7a00000| Untracked 
| 123|0x00000000c7b00000, 0x00000000c7b00000, 0x00000000c7c00000|  0%| F|  |TAMS 0x00000000c7b00000, 0x00000000c7b00000| Untracked 
| 124|0x00000000c7c00000, 0x00000000c7c00000, 0x00000000c7d00000|  0%| F|  |TAMS 0x00000000c7c00000, 0x00000000c7c00000| Untracked 
| 125|0x00000000c7d00000, 0x00000000c7d00000, 0x00000000c7e00000|  0%| F|  |TAMS 0x00000000c7d00000, 0x00000000c7d00000| Untracked 
| 126|0x00000000c7e00000, 0x00000000c7e00000, 0x00000000c7f00000|  0%| F|  |TAMS 0x00000000c7e00000, 0x00000000c7e00000| Untracked 
| 127|0x00000000c7f00000, 0x00000000c7f00000, 0x00000000c8000000|  0%| F|  |TAMS 0x00000000c7f00000, 0x00000000c7f00000| Untracked 
| 128|0x00000000c8000000, 0x00000000c8000000, 0x00000000c8100000|  0%| F|  |TAMS 0x00000000c8000000, 0x00000000c8000000| Untracked 
| 129|0x00000000c8100000, 0x00000000c8100000, 0x00000000c8200000|  0%| F|  |TAMS 0x00000000c8100000, 0x00000000c8100000| Untracked 
| 130|0x00000000c8200000, 0x00000000c8200000, 0x00000000c8300000|  0%| F|  |TAMS 0x00000000c8200000, 0x00000000c8200000| Untracked 
| 131|0x00000000c8300000, 0x00000000c8300000, 0x00000000c8400000|  0%| F|  |TAMS 0x00000000c8300000, 0x00000000c8300000| Untracked 
| 132|0x00000000c8400000, 0x00000000c8400000, 0x00000000c8500000|  0%| F|  |TAMS 0x00000000c8400000, 0x00000000c8400000| Untracked 
| 133|0x00000000c8500000, 0x00000000c8500000, 0x00000000c8600000|  0%| F|  |TAMS 0x00000000c8500000, 0x00000000c8500000| Untracked 
| 134|0x00000000c8600000, 0x00000000c8600000, 0x00000000c8700000|  0%| F|  |TAMS 0x00000000c8600000, 0x00000000c8600000| Untracked 
| 135|0x00000000c8700000, 0x00000000c8700000, 0x00000000c8800000|  0%| F|  |TAMS 0x00000000c8700000, 0x00000000c8700000| Untracked 
| 136|0x00000000c8800000, 0x00000000c8800000, 0x00000000c8900000|  0%| F|  |TAMS 0x00000000c8800000, 0x00000000c8800000| Untracked 
| 137|0x00000000c8900000, 0x00000000c8900000, 0x00000000c8a00000|  0%| F|  |TAMS 0x00000000c8900000, 0x00000000c8900000| Untracked 
| 138|0x00000000c8a00000, 0x00000000c8a00000, 0x00000000c8b00000|  0%| F|  |TAMS 0x00000000c8a00000, 0x00000000c8a00000| Untracked 
| 139|0x00000000c8b00000, 0x00000000c8c00000, 0x00000000c8c00000|100%| E|  |TAMS 0x00000000c8b00000, 0x00000000c8b00000| Complete 
| 140|0x00000000c8c00000, 0x00000000c8d00000, 0x00000000c8d00000|100%| E|CS|TAMS 0x00000000c8c00000, 0x00000000c8c00000| Complete 
| 141|0x00000000c8d00000, 0x00000000c8e00000, 0x00000000c8e00000|100%| E|CS|TAMS 0x00000000c8d00000, 0x00000000c8d00000| Complete 
| 142|0x00000000c8e00000, 0x00000000c8f00000, 0x00000000c8f00000|100%| E|CS|TAMS 0x00000000c8e00000, 0x00000000c8e00000| Complete 
| 143|0x00000000c8f00000, 0x00000000c9000000, 0x00000000c9000000|100%| E|CS|TAMS 0x00000000c8f00000, 0x00000000c8f00000| Complete 
| 144|0x00000000c9000000, 0x00000000c9100000, 0x00000000c9100000|100%| E|CS|TAMS 0x00000000c9000000, 0x00000000c9000000| Complete 
| 145|0x00000000c9100000, 0x00000000c9200000, 0x00000000c9200000|100%| E|CS|TAMS 0x00000000c9100000, 0x00000000c9100000| Complete 
| 146|0x00000000c9200000, 0x00000000c9300000, 0x00000000c9300000|100%| E|CS|TAMS 0x00000000c9200000, 0x00000000c9200000| Complete 
| 147|0x00000000c9300000, 0x00000000c9400000, 0x00000000c9400000|100%| E|CS|TAMS 0x00000000c9300000, 0x00000000c9300000| Complete 
| 148|0x00000000c9400000, 0x00000000c9500000, 0x00000000c9500000|100%| E|CS|TAMS 0x00000000c9400000, 0x00000000c9400000| Complete 
| 149|0x00000000c9500000, 0x00000000c9600000, 0x00000000c9600000|100%| E|CS|TAMS 0x00000000c9500000, 0x00000000c9500000| Complete 
| 150|0x00000000c9600000, 0x00000000c9700000, 0x00000000c9700000|100%| E|CS|TAMS 0x00000000c9600000, 0x00000000c9600000| Complete 
| 151|0x00000000c9700000, 0x00000000c9800000, 0x00000000c9800000|100%| E|CS|TAMS 0x00000000c9700000, 0x00000000c9700000| Complete 
| 152|0x00000000c9800000, 0x00000000c9900000, 0x00000000c9900000|100%| E|CS|TAMS 0x00000000c9800000, 0x00000000c9800000| Complete 
| 153|0x00000000c9900000, 0x00000000c9a00000, 0x00000000c9a00000|100%| E|CS|TAMS 0x00000000c9900000, 0x00000000c9900000| Complete 
| 154|0x00000000c9a00000, 0x00000000c9b00000, 0x00000000c9b00000|100%| E|CS|TAMS 0x00000000c9a00000, 0x00000000c9a00000| Complete 
| 155|0x00000000c9b00000, 0x00000000c9c00000, 0x00000000c9c00000|100%| E|CS|TAMS 0x00000000c9b00000, 0x00000000c9b00000| Complete 
| 156|0x00000000c9c00000, 0x00000000c9d00000, 0x00000000c9d00000|100%| E|CS|TAMS 0x00000000c9c00000, 0x00000000c9c00000| Complete 
| 157|0x00000000c9d00000, 0x00000000c9e00000, 0x00000000c9e00000|100%| E|CS|TAMS 0x00000000c9d00000, 0x00000000c9d00000| Complete 
| 158|0x00000000c9e00000, 0x00000000c9f00000, 0x00000000c9f00000|100%| E|CS|TAMS 0x00000000c9e00000, 0x00000000c9e00000| Complete 
| 159|0x00000000c9f00000, 0x00000000ca000000, 0x00000000ca000000|100%| E|CS|TAMS 0x00000000c9f00000, 0x00000000c9f00000| Complete 
| 160|0x00000000ca000000, 0x00000000ca100000, 0x00000000ca100000|100%| E|CS|TAMS 0x00000000ca000000, 0x00000000ca000000| Complete 
| 161|0x00000000ca100000, 0x00000000ca200000, 0x00000000ca200000|100%| E|CS|TAMS 0x00000000ca100000, 0x00000000ca100000| Complete 
| 162|0x00000000ca200000, 0x00000000ca300000, 0x00000000ca300000|100%| E|CS|TAMS 0x00000000ca200000, 0x00000000ca200000| Complete 
| 163|0x00000000ca300000, 0x00000000ca400000, 0x00000000ca400000|100%| E|CS|TAMS 0x00000000ca300000, 0x00000000ca300000| Complete 
| 164|0x00000000ca400000, 0x00000000ca500000, 0x00000000ca500000|100%| E|CS|TAMS 0x00000000ca400000, 0x00000000ca400000| Complete 
| 165|0x00000000ca500000, 0x00000000ca600000, 0x00000000ca600000|100%| E|CS|TAMS 0x00000000ca500000, 0x00000000ca500000| Complete 
| 166|0x00000000ca600000, 0x00000000ca700000, 0x00000000ca700000|100%| E|CS|TAMS 0x00000000ca600000, 0x00000000ca600000| Complete 
| 167|0x00000000ca700000, 0x00000000ca800000, 0x00000000ca800000|100%| E|CS|TAMS 0x00000000ca700000, 0x00000000ca700000| Complete 
| 168|0x00000000ca800000, 0x00000000ca900000, 0x00000000ca900000|100%| E|CS|TAMS 0x00000000ca800000, 0x00000000ca800000| Complete 
| 169|0x00000000ca900000, 0x00000000caa00000, 0x00000000caa00000|100%| E|CS|TAMS 0x00000000ca900000, 0x00000000ca900000| Complete 
| 170|0x00000000caa00000, 0x00000000cab00000, 0x00000000cab00000|100%| E|CS|TAMS 0x00000000caa00000, 0x00000000caa00000| Complete 

Card table byte_map: [0x000001f5479c0000,0x000001f547bc0000] _byte_map_base: 0x000001f5473c0000

Marking Bits (Prev, Next): (CMBitMap*) 0x000001f5309a09d0, (CMBitMap*) 0x000001f5309a0a10
 Prev Bits: [0x000001f547dc0000, 0x000001f548dc0000)
 Next Bits: [0x000001f548dc0000, 0x000001f549dc0000)

Polling page: 0x000001f52e830000

Metaspace:

Usage:
  Non-class:     11.75 MB used.
      Class:    919.25 KB used.
       Both:     12.65 MB used.

Virtual space:
  Non-class space:       64.00 MB reserved,      11.81 MB ( 18%) committed,  1 nodes.
      Class space:        1.00 GB reserved,       1.00 MB ( <1%) committed,  1 nodes.
             Both:        1.06 GB reserved,      12.81 MB (  1%) committed. 

Chunk freelists:
   Non-Class:  3.89 MB
       Class:  14.91 MB
        Both:  18.80 MB

MaxMetaspaceSize: unlimited
CompressedClassSpaceSize: 1.00 GB
Initial GC threshold: 21.00 MB
Current GC threshold: 21.38 MB
CDS: on
MetaspaceReclaimPolicy: balanced
 - commit_granule_bytes: 65536.
 - commit_granule_words: 8192.
 - virtual_space_node_default_size: 8388608.
 - enlarge_chunks_in_place: 1.
 - new_chunks_are_fully_committed: 0.
 - uncommit_free_chunks: 1.
 - use_allocation_guard: 0.
 - handle_deallocations: 1.


Internal statistics:

num_allocs_failed_limit: 0.
num_arena_births: 106.
num_arena_deaths: 0.
num_vsnodes_births: 2.
num_vsnodes_deaths: 0.
num_space_committed: 201.
num_space_uncommitted: 0.
num_chunks_returned_to_freelist: 0.
num_chunks_taken_from_freelist: 385.
num_chunk_merges: 0.
num_chunk_splits: 300.
num_chunks_enlarged: 239.
num_inconsistent_stats: 0.

CodeHeap 'non-profiled nmethods': size=120000Kb used=802Kb max_used=802Kb free=119197Kb
 bounds [0x000001f53ff60000, 0x000001f5401d0000, 0x000001f547490000]
CodeHeap 'profiled nmethods': size=120000Kb used=2913Kb max_used=2913Kb free=117086Kb
 bounds [0x000001f538490000, 0x000001f538770000, 0x000001f53f9c0000]
CodeHeap 'non-nmethods': size=5760Kb used=1614Kb max_used=1648Kb free=4146Kb
 bounds [0x000001f53f9c0000, 0x000001f53fc30000, 0x000001f53ff60000]
 total_blobs=2549 nmethods=1611 adapters=851
 compilation: enabled
              stopped_count=0, restarted_count=0
 full_count=0

Compilation events (20 events):
Event: 11.087 Thread 0x000001f54c7b3cb0 1602       3       processing.opengl.PGraphicsOpenGL::updateProjmodelview (23 bytes)
Event: 11.087 Thread 0x000001f54c7b3cb0 nmethod 1602 0x000001f538765d90 code [0x000001f538765f40, 0x000001f5387660f8]
Event: 11.087 Thread 0x000001f54c7b3cb0 1603       3       processing.core.PMatrix3D::apply (69 bytes)
Event: 11.087 Thread 0x000001f54c7b3cb0 nmethod 1603 0x000001f538766210 code [0x000001f5387663c0, 0x000001f5387665a8]
Event: 11.755 Thread 0x000001f54c7b12e0 1604       4       java.lang.Thread::interrupted (23 bytes)
Event: 11.755 Thread 0x000001f54c7b12e0 nmethod 1604 0x000001f540027490 code [0x000001f540027600, 0x000001f540027678]
Event: 11.871 Thread 0x000001f54c7b12e0 1605       4       java.util.concurrent.locks.AbstractQueuedSynchronizer$ConditionObject::canReacquire (38 bytes)
Event: 11.872 Thread 0x000001f54c7b12e0 nmethod 1605 0x000001f540027790 code [0x000001f540027900, 0x000001f5400279d8]
Event: 11.955 Thread 0x000001f54c7b3cb0 1606       3       java.util.HashMap::keySet (25 bytes)
Event: 11.956 Thread 0x000001f54c7b3cb0 nmethod 1606 0x000001f538766690 code [0x000001f538766840, 0x000001f538766c18]
Event: 12.319 Thread 0x000001f54c7b12e0 1607       4       java.lang.StringLatin1::toLowerCase (186 bytes)
Event: 12.329 Thread 0x000001f54c7b12e0 nmethod 1607 0x000001f540027a90 code [0x000001f540027c40, 0x000001f540028698]
Event: 13.271 Thread 0x000001f54c7b3cb0 1608       3       java.lang.AbstractStringBuilder::append (55 bytes)
Event: 13.271 Thread 0x000001f54c7b3cb0 nmethod 1608 0x000001f538766d90 code [0x000001f538766f60, 0x000001f538767298]
Event: 13.304 Thread 0x000001f54c7b3cb0 1609       3       java.util.zip.CRC32::update (51 bytes)
Event: 13.304 Thread 0x000001f54c7b3cb0 nmethod 1609 0x000001f538767410 code [0x000001f538767600, 0x000001f538767a88]
Event: 13.305 Thread 0x000001f54c7b3cb0 1610       3       jdk.internal.misc.Unsafe::getAndAddLong (27 bytes)
Event: 13.305 Thread 0x000001f54c7b3cb0 nmethod 1610 0x000001f538767c90 code [0x000001f538767e40, 0x000001f538768088]
Event: 13.305 Thread 0x000001f54c7b3cb0 1611       3       jdk.internal.misc.Unsafe::weakCompareAndSetLong (11 bytes)
Event: 13.305 Thread 0x000001f54c7b3cb0 nmethod 1611 0x000001f538768190 code [0x000001f538768320, 0x000001f538768458]

GC Heap History (20 events):
Event: 4.120 GC heap before
{Heap before GC invocations=12 (full 0):
 garbage-first heap   total 143360K, used 116358K [0x00000000c0000000, 0x0000000100000000)
  region size 1024K, 34 young (34816K), 1 survivors (1024K)
 Metaspace       used 12780K, committed 12992K, reserved 1114112K
  class space    used 915K, committed 1024K, reserved 1048576K
}
Event: 4.121 GC heap after
{Heap after GC invocations=13 (full 0):
 garbage-first heap   total 143360K, used 82935K [0x00000000c0000000, 0x0000000100000000)
  region size 1024K, 1 young (1024K), 1 survivors (1024K)
 Metaspace       used 12780K, committed 12992K, reserved 1114112K
  class space    used 915K, committed 1024K, reserved 1048576K
}
Event: 4.757 GC heap before
{Heap before GC invocations=13 (full 0):
 garbage-first heap   total 143360K, used 118775K [0x00000000c0000000, 0x0000000100000000)
  region size 1024K, 36 young (36864K), 1 survivors (1024K)
 Metaspace       used 12787K, committed 12992K, reserved 1114112K
  class space    used 915K, committed 1024K, reserved 1048576K
}
Event: 4.758 GC heap after
{Heap after GC invocations=14 (full 0):
 garbage-first heap   total 143360K, used 82369K [0x00000000c0000000, 0x0000000100000000)
  region size 1024K, 1 young (1024K), 1 survivors (1024K)
 Metaspace       used 12787K, committed 12992K, reserved 1114112K
  class space    used 915K, committed 1024K, reserved 1048576K
}
Event: 5.415 GC heap before
{Heap before GC invocations=15 (full 0):
 garbage-first heap   total 143360K, used 119233K [0x00000000c0000000, 0x0000000100000000)
  region size 1024K, 37 young (37888K), 1 survivors (1024K)
 Metaspace       used 12807K, committed 12992K, reserved 1114112K
  class space    used 915K, committed 1024K, reserved 1048576K
}
Event: 5.416 GC heap after
{Heap after GC invocations=16 (full 0):
 garbage-first heap   total 143360K, used 82728K [0x00000000c0000000, 0x0000000100000000)
  region size 1024K, 1 young (1024K), 1 survivors (1024K)
 Metaspace       used 12807K, committed 12992K, reserved 1114112K
  class space    used 915K, committed 1024K, reserved 1048576K
}
Event: 6.070 GC heap before
{Heap before GC invocations=16 (full 0):
 garbage-first heap   total 143360K, used 121640K [0x00000000c0000000, 0x0000000100000000)
  region size 1024K, 39 young (39936K), 1 survivors (1024K)
 Metaspace       used 12816K, committed 12992K, reserved 1114112K
  class space    used 915K, committed 1024K, reserved 1048576K
}
Event: 6.073 GC heap after
{Heap after GC invocations=17 (full 0):
 garbage-first heap   total 143360K, used 85135K [0x00000000c0000000, 0x0000000100000000)
  region size 1024K, 3 young (3072K), 3 survivors (3072K)
 Metaspace       used 12816K, committed 12992K, reserved 1114112K
  class space    used 915K, committed 1024K, reserved 1048576K
}
Event: 6.715 GC heap before
{Heap before GC invocations=18 (full 0):
 garbage-first heap   total 145408K, used 119951K [0x00000000c0000000, 0x0000000100000000)
  region size 1024K, 37 young (37888K), 3 survivors (3072K)
 Metaspace       used 12816K, committed 12992K, reserved 1114112K
  class space    used 915K, committed 1024K, reserved 1048576K
}
Event: 6.717 GC heap after
{Heap after GC invocations=19 (full 0):
 garbage-first heap   total 175104K, used 84165K [0x00000000c0000000, 0x0000000100000000)
  region size 1024K, 2 young (2048K), 2 survivors (2048K)
 Metaspace       used 12816K, committed 12992K, reserved 1114112K
  class space    used 915K, committed 1024K, reserved 1048576K
}
Event: 7.907 GC heap before
{Heap before GC invocations=19 (full 0):
 garbage-first heap   total 175104K, used 148677K [0x00000000c0000000, 0x0000000100000000)
  region size 1024K, 65 young (66560K), 2 survivors (2048K)
 Metaspace       used 12856K, committed 13056K, reserved 1114112K
  class space    used 915K, committed 1024K, reserved 1048576K
}
Event: 7.908 GC heap after
{Heap after GC invocations=20 (full 0):
 garbage-first heap   total 175104K, used 82803K [0x00000000c0000000, 0x0000000100000000)
  region size 1024K, 1 young (1024K), 1 survivors (1024K)
 Metaspace       used 12856K, committed 13056K, reserved 1114112K
  class space    used 915K, committed 1024K, reserved 1048576K
}
Event: 9.140 GC heap before
{Heap before GC invocations=21 (full 0):
 garbage-first heap   total 175104K, used 149363K [0x00000000c0000000, 0x0000000100000000)
  region size 1024K, 66 young (67584K), 1 survivors (1024K)
 Metaspace       used 12856K, committed 13056K, reserved 1114112K
  class space    used 915K, committed 1024K, reserved 1048576K
}
Event: 9.142 GC heap after
{Heap after GC invocations=22 (full 0):
 garbage-first heap   total 175104K, used 83358K [0x00000000c0000000, 0x0000000100000000)
  region size 1024K, 2 young (2048K), 2 survivors (2048K)
 Metaspace       used 12856K, committed 13056K, reserved 1114112K
  class space    used 915K, committed 1024K, reserved 1048576K
}
Event: 10.321 GC heap before
{Heap before GC invocations=22 (full 0):
 garbage-first heap   total 175104K, used 148894K [0x00000000c0000000, 0x0000000100000000)
  region size 1024K, 66 young (67584K), 2 survivors (2048K)
 Metaspace       used 12902K, committed 13120K, reserved 1114112K
  class space    used 915K, committed 1024K, reserved 1048576K
}
Event: 10.322 GC heap after
{Heap after GC invocations=23 (full 0):
 garbage-first heap   total 175104K, used 83049K [0x00000000c0000000, 0x0000000100000000)
  region size 1024K, 1 young (1024K), 1 survivors (1024K)
 Metaspace       used 12902K, committed 13120K, reserved 1114112K
  class space    used 915K, committed 1024K, reserved 1048576K
}
Event: 11.500 GC heap before
{Heap before GC invocations=24 (full 0):
 garbage-first heap   total 175104K, used 150633K [0x00000000c0000000, 0x0000000100000000)
  region size 1024K, 67 young (68608K), 1 survivors (1024K)
 Metaspace       used 12902K, committed 13120K, reserved 1114112K
  class space    used 915K, committed 1024K, reserved 1048576K
}
Event: 11.502 GC heap after
{Heap after GC invocations=25 (full 0):
 garbage-first heap   total 175104K, used 84404K [0x00000000c0000000, 0x0000000100000000)
  region size 1024K, 3 young (3072K), 3 survivors (3072K)
 Metaspace       used 12902K, committed 13120K, reserved 1114112K
  class space    used 915K, committed 1024K, reserved 1048576K
}
Event: 12.675 GC heap before
{Heap before GC invocations=25 (full 0):
 garbage-first heap   total 175104K, used 149940K [0x00000000c0000000, 0x0000000100000000)
  region size 1024K, 67 young (68608K), 3 survivors (3072K)
 Metaspace       used 12902K, committed 13120K, reserved 1114112K
  class space    used 915K, committed 1024K, reserved 1048576K
}
Event: 12.676 GC heap after
{Heap after GC invocations=26 (full 0):
 garbage-first heap   total 175104K, used 84145K [0x00000000c0000000, 0x0000000100000000)
  region size 1024K, 2 young (2048K), 2 survivors (2048K)
 Metaspace       used 12902K, committed 13120K, reserved 1114112K
  class space    used 915K, committed 1024K, reserved 1048576K
}

Dll operation events (14 events):
Event: 0.008 Loaded shared library C:\Program Files\Processing\app\resources\jdk-17.0.14+7\bin\java.dll
Event: 0.022 Loaded shared library C:\Program Files\Processing\app\resources\jdk-17.0.14+7\bin\jsvml.dll
Event: 0.084 Loaded shared library C:\Program Files\Processing\app\resources\jdk-17.0.14+7\bin\net.dll
Event: 0.085 Loaded shared library C:\Program Files\Processing\app\resources\jdk-17.0.14+7\bin\nio.dll
Event: 0.088 Loaded shared library C:\Program Files\Processing\app\resources\jdk-17.0.14+7\bin\zip.dll
Event: 0.152 Loaded shared library C:\Program Files\Processing\app\resources\jdk-17.0.14+7\bin\jimage.dll
Event: 0.156 Loaded shared library C:\Program Files\Processing\app\resources\jdk-17.0.14+7\bin\awt.dll
Event: 0.585 Loaded shared library C:\Users\danil\AppData\Local\Temp\jogamp_0000\file_cache\jln5601871266960135671\jln9510334153147132513\natives\windows-amd64\gluegen_rt.dll
Event: 0.594 Loaded shared library C:\Program Files\Processing\app\resources\jdk-17.0.14+7\bin\jawt.dll
Event: 0.608 Loaded shared library C:\Users\danil\AppData\Local\Temp\jogamp_0000\file_cache\jln5601871266960135671\jln9510334153147132513\natives\windows-amd64\nativewindow_awt.dll
Event: 0.652 Loaded shared library C:\Users\danil\AppData\Local\Temp\jogamp_0000\file_cache\jln5601871266960135671\jln9510334153147132513\natives\windows-amd64\nativewindow_win32.dll
Event: 0.777 Loaded shared library C:\Users\danil\AppData\Local\Temp\jogamp_0000\file_cache\jln5601871266960135671\jln9510334153147132513\natives\windows-amd64\jogl_desktop.dll
Event: 1.024 Loaded shared library C:\Users\danil\AppData\Local\Temp\jogamp_0000\file_cache\jln5601871266960135671\jln9510334153147132513\natives\windows-amd64\jogl_mobile.dll
Event: 1.933 Loaded shared library C:\Users\danil\AppData\Local\Temp\jogamp_0000\file_cache\jln5601871266960135671\jln9510334153147132513\natives\windows-amd64\newt_head.dll

Deoptimization events (20 events):
Event: 2.586 Thread 0x000001f593afea20 DEOPT PACKING pc=0x000001f5386e62d2 sp=0x000000187e7ff010
Event: 2.586 Thread 0x000001f593afea20 DEOPT UNPACKING pc=0x000001f53fa1ace3 sp=0x000000187e7fe520 mode 0
Event: 2.593 Thread 0x000001f593afef30 DEOPT PACKING pc=0x000001f5386e62d2 sp=0x000000187e5ff220
Event: 2.593 Thread 0x000001f593afef30 DEOPT UNPACKING pc=0x000001f53fa1ace3 sp=0x000000187e5fe730 mode 0
Event: 8.181 Thread 0x000001f5a16dad60 Uncommon trap: trap_request=0xffffff45 fr.pc=0x000001f5400126e0 relative=0x0000000000000060
Event: 8.181 Thread 0x000001f5a16dad60 Uncommon trap: reason=unstable_if action=reinterpret pc=0x000001f5400126e0 method=java.util.HashMap.keySet()Ljava/util/Set; @ 6 c2
Event: 8.181 Thread 0x000001f5a16dad60 DEOPT PACKING pc=0x000001f5400126e0 sp=0x000000187e3ff0c0
Event: 8.181 Thread 0x000001f5a16dad60 DEOPT UNPACKING pc=0x000001f53fa1a1a3 sp=0x000000187e3ff058 mode 2
Event: 8.181 Thread 0x000001f5a16dad60 Uncommon trap: trap_request=0xffffff45 fr.pc=0x000001f53ffdab00 relative=0x00000000000000e0
Event: 8.181 Thread 0x000001f5a16dad60 Uncommon trap: reason=unstable_if action=reinterpret pc=0x000001f53ffdab00 method=java.util.HashMap$HashIterator.<init>(Ljava/util/HashMap;)V @ 38 c2
Event: 8.181 Thread 0x000001f5a16dad60 DEOPT PACKING pc=0x000001f53ffdab00 sp=0x000000187e3ff0a0
Event: 8.181 Thread 0x000001f5a16dad60 DEOPT UNPACKING pc=0x000001f53fa1a1a3 sp=0x000000187e3fef80 mode 2
Event: 13.291 Thread 0x000001f5927a7a40 Uncommon trap: trap_request=0xffffff45 fr.pc=0x000001f53ffdafe8 relative=0x00000000000001e8
Event: 13.291 Thread 0x000001f5927a7a40 Uncommon trap: reason=unstable_if action=reinterpret pc=0x000001f53ffdafe8 method=java.util.HashMap$HashIterator.<init>(Ljava/util/HashMap;)V @ 38 c2
Event: 13.291 Thread 0x000001f5927a7a40 DEOPT PACKING pc=0x000001f53ffdafe8 sp=0x000000187d4ff580
Event: 13.291 Thread 0x000001f5927a7a40 DEOPT UNPACKING pc=0x000001f53fa1a1a3 sp=0x000000187d4ff528 mode 2
Event: 13.300 Thread 0x000001f5927a7a40 Uncommon trap: trap_request=0xffffff45 fr.pc=0x000001f540016870 relative=0x00000000000000f0
Event: 13.300 Thread 0x000001f5927a7a40 Uncommon trap: reason=unstable_if action=reinterpret pc=0x000001f540016870 method=com.jogamp.common.util.IntIntHashMap.put(II)I @ 21 c2
Event: 13.300 Thread 0x000001f5927a7a40 DEOPT PACKING pc=0x000001f540016870 sp=0x000000187d4ff300
Event: 13.300 Thread 0x000001f5927a7a40 DEOPT UNPACKING pc=0x000001f53fa1a1a3 sp=0x000000187d4ff268 mode 2

Classes loaded (20 events):
Event: 2.168 Loading class java/util/concurrent/Callable done
Event: 2.168 Loading class java/util/concurrent/Executors$RunnableAdapter done
Event: 2.168 Loading class java/util/concurrent/ThreadPoolExecutor$Worker
Event: 2.168 Loading class java/util/concurrent/ThreadPoolExecutor$Worker done
Event: 2.173 Loading class java/util/concurrent/locks/AbstractQueuedSynchronizer$SharedNode
Event: 2.173 Loading class java/util/concurrent/locks/AbstractQueuedSynchronizer$SharedNode done
Event: 2.301 Loading class sun/nio/cs/StreamDecoder
Event: 2.301 Loading class sun/nio/cs/StreamDecoder done
Event: 2.302 Loading class java/util/regex/Pattern$LookBehindEndNode
Event: 2.302 Loading class java/util/regex/Pattern$LookBehindEndNode done
Event: 2.302 Loading class java/util/regex/Pattern$NotBehind
Event: 2.302 Loading class java/util/regex/Pattern$NotBehind done
Event: 2.302 Loading class java/util/regex/Pattern$Neg
Event: 2.303 Loading class java/util/regex/Pattern$Neg done
Event: 2.303 Loading class java/util/regex/Pattern$Pos
Event: 2.303 Loading class java/util/regex/Pattern$Pos done
Event: 2.315 Loading class java/util/regex/Pattern$SliceS
Event: 2.315 Loading class java/util/regex/Pattern$SliceS done
Event: 13.270 Loading class java/nio/channels/ClosedChannelException
Event: 13.270 Loading class java/nio/channels/ClosedChannelException done

Classes unloaded (0 events):
No events

Classes redefined (0 events):
No events

Internal exceptions (20 events):
Event: 0.131 Thread 0x000001f53095c980 Exception <a 'java/lang/NoSuchMethodError'{0x00000000c3ce5eb8}: 'void java.lang.invoke.DirectMethodHandle$Holder.invokeStatic(java.lang.Object, java.lang.Object, java.lang.Object)'> (0x00000000c3ce5eb8) 
thrown [s\src\hotspot\share\interpreter\linkResolver.cpp, line 759]
Event: 0.143 Thread 0x000001f53095c980 Exception <a 'java/lang/ClassNotFoundException'{0x00000000c3b106d0}: sun/awt/resources/spi/awtProvider> (0x00000000c3b106d0) 
thrown [s\src\hotspot\share\classfile\systemDictionary.cpp, line 256]
Event: 0.169 Thread 0x000001f53095c980 Exception <a 'java/io/FileNotFoundException'{0x00000000c3b66010}> (0x00000000c3b66010) 
thrown [s\src\hotspot\share\prims\jni.cpp, line 516]
Event: 0.177 Thread 0x000001f53095c980 Exception <a 'java/io/FileNotFoundException'{0x00000000c3b93748}> (0x00000000c3b93748) 
thrown [s\src\hotspot\share\prims\jni.cpp, line 516]
Event: 0.227 Thread 0x000001f53095c980 Exception <a 'java/lang/NoSuchMethodError'{0x00000000c3a40798}: 'java.lang.Object java.lang.invoke.DirectMethodHandle$Holder.invokeStaticInit(java.lang.Object)'> (0x00000000c3a40798) 
thrown [s\src\hotspot\share\interpreter\linkResolver.cpp, line 759]
Event: 0.342 Thread 0x000001f53095c980 Exception <a 'java/lang/NoSuchMethodError'{0x00000000c3650bb0}: 'java.lang.Object java.lang.invoke.DirectMethodHandle$Holder.invokeStaticInit(java.lang.Object, int, int, int, int)'> (0x00000000c3650bb0) 
thrown [s\src\hotspot\share\interpreter\linkResolver.cpp, line 759]
Event: 0.390 Thread 0x000001f53095c980 Exception <a 'java/lang/NoSuchMethodError'{0x00000000c353a4c0}: 'java.lang.Object java.lang.invoke.DirectMethodHandle$Holder.invokeStaticInit(java.lang.Object, java.lang.Object, int, int, int, int)'> (0x00000000c353a4c0) 
thrown [s\src\hotspot\share\interpreter\linkResolver.cpp, line 759]
Event: 0.448 Thread 0x000001f53095c980 Exception <a 'java/lang/NoSuchMethodError'{0x00000000c3545cc8}: 'void java.lang.invoke.DirectMethodHandle$Holder.invokeStatic(java.lang.Object, long)'> (0x00000000c3545cc8) 
thrown [s\src\hotspot\share\interpreter\linkResolver.cpp, line 759]
Event: 0.448 Thread 0x000001f53095c980 Exception <a 'java/lang/NoSuchMethodError'{0x00000000c354b2a8}: 'java.lang.Object java.lang.invoke.DirectMethodHandle$Holder.newInvokeSpecial(java.lang.Object, long)'> (0x00000000c354b2a8) 
thrown [s\src\hotspot\share\interpreter\linkResolver.cpp, line 759]
Event: 0.451 Thread 0x000001f53095c980 Exception <a 'java/lang/NoSuchMethodError'{0x00000000c3555ac0}: 'java.lang.Object java.lang.invoke.DirectMethodHandle$Holder.invokeStaticInit(java.lang.Object, java.lang.Object, long, java.lang.Object)'> (0x00000000c3555ac0) 
thrown [s\src\hotspot\share\interpreter\linkResolver.cpp, line 759]
Event: 0.451 Thread 0x000001f53095c980 Exception <a 'java/lang/NoSuchMethodError'{0x00000000c355c080}: 'java.lang.Object java.lang.invoke.DirectMethodHandle$Holder.newInvokeSpecial(java.lang.Object, java.lang.Object, long)'> (0x00000000c355c080) 
thrown [s\src\hotspot\share\interpreter\linkResolver.cpp, line 759]
Event: 0.452 Thread 0x000001f53095c980 Exception <a 'java/lang/NoSuchMethodError'{0x00000000c355fbf0}: 'java.lang.Object java.lang.invoke.Invokers$Holder.linkToTargetMethod(java.lang.Object, long, java.lang.Object)'> (0x00000000c355fbf0) 
thrown [s\src\hotspot\share\interpreter\linkResolver.cpp, line 759]
Event: 0.621 Thread 0x000001f53095c980 Exception <a 'java/lang/NoSuchMethodError'{0x00000000c346d9c0}: 'java.lang.Object java.lang.invoke.DirectMethodHandle$Holder.invokeInterface(java.lang.Object, java.lang.Object)'> (0x00000000c346d9c0) 
thrown [s\src\hotspot\share\interpreter\linkResolver.cpp, line 759]
Event: 0.622 Thread 0x000001f53095c980 Exception <a 'java/lang/IncompatibleClassChangeError'{0x00000000c34712e0}: Found class java.lang.Object, but interface was expected> (0x00000000c34712e0) 
thrown [s\src\hotspot\share\interpreter\linkResolver.cpp, line 826]
Event: 2.029 Thread 0x000001f53095c980 Exception <a 'java/lang/NoSuchMethodError'{0x00000000c33871c0}: 'void java.lang.invoke.DirectMethodHandle$Holder.invokeSpecial(java.lang.Object, java.lang.Object, java.lang.Object, java.lang.Object, java.lang.Object)'> (0x00000000c33871c0) 
thrown [s\src\hotspot\share\interpreter\linkResolver.cpp, line 759]
Event: 2.031 Thread 0x000001f53095c980 Exception <a 'java/lang/NoSuchMethodError'{0x00000000c3390180}: 'void java.lang.invoke.DirectMethodHandle$Holder.invokeSpecial(java.lang.Object, java.lang.Object, java.lang.Object)'> (0x00000000c3390180) 
thrown [s\src\hotspot\share\interpreter\linkResolver.cpp, line 759]
Event: 2.032 Thread 0x000001f53095c980 Exception <a 'java/lang/NoSuchMethodError'{0x00000000c33964b0}: 'void java.lang.invoke.DirectMethodHandle$Holder.invokeSpecial(java.lang.Object, java.lang.Object, int)'> (0x00000000c33964b0) 
thrown [s\src\hotspot\share\interpreter\linkResolver.cpp, line 759]
Event: 2.032 Thread 0x000001f53095c980 Exception <a 'java/lang/NoSuchMethodError'{0x00000000c339c4c8}: 'java.lang.Object java.lang.invoke.DirectMethodHandle$Holder.newInvokeSpecial(java.lang.Object, java.lang.Object, int)'> (0x00000000c339c4c8) 
thrown [s\src\hotspot\share\interpreter\linkResolver.cpp, line 759]
Event: 13.269 Thread 0x000001f593a83e20 Exception <a 'java/lang/InterruptedException'{0x00000000c8c82110}> (0x00000000c8c82110) 
thrown [s\src\hotspot\share\runtime\objectMonitor.cpp, line 1658]
Event: 13.300 Thread 0x000001f5927a7a40 Implicit null exception at 0x000001f5400167c4 to 0x000001f54001684c

VM Operations (20 events):
Event: 9.142 Executing VM operation: G1CollectForAllocation done
Event: 10.142 Executing VM operation: Cleanup
Event: 10.142 Executing VM operation: Cleanup done
Event: 10.321 Executing VM operation: G1CollectForAllocation
Event: 10.322 Executing VM operation: G1CollectForAllocation done
Event: 10.328 Executing VM operation: G1PauseRemark
Event: 10.329 Executing VM operation: G1PauseRemark done
Event: 10.332 Executing VM operation: G1PauseCleanup
Event: 10.332 Executing VM operation: G1PauseCleanup done
Event: 11.332 Executing VM operation: Cleanup
Event: 11.332 Executing VM operation: Cleanup done
Event: 11.500 Executing VM operation: G1CollectForAllocation
Event: 11.502 Executing VM operation: G1CollectForAllocation done
Event: 12.675 Executing VM operation: G1CollectForAllocation
Event: 12.676 Executing VM operation: G1CollectForAllocation done
Event: 12.685 Executing VM operation: G1PauseRemark
Event: 12.686 Executing VM operation: G1PauseRemark done
Event: 12.689 Executing VM operation: G1PauseCleanup
Event: 12.689 Executing VM operation: G1PauseCleanup done
Event: 13.372 Executing VM operation: Exit

Memory protections (0 events):
No events

Nmethod flushes (0 events):
No events

Events (20 events):
Event: 2.172 Thread 0x000001f593a7f380 Thread added: 0x000001f5a16d9920
Event: 2.172 Thread 0x000001f593a7f380 Thread added: 0x000001f5a16d7ac0
Event: 2.173 Thread 0x000001f593a7f380 Thread added: 0x000001f5a16d6b90
Event: 2.173 Thread 0x000001f593a7f380 Thread added: 0x000001f5a16da850
Event: 2.706 Thread 0x000001f5a12eee90 Thread exited: 0x000001f5a12eee90
Event: 2.706 Thread 0x000001f5a12ee970 Thread exited: 0x000001f5a12ee970
Event: 7.175 Thread 0x000001f592056750 Thread added: 0x000001f5a16dad60
Event: 8.181 Thread 0x000001f5a16dad60 Thread exited: 0x000001f5a16dad60
Event: 13.269 Thread 0x000001f593a7f380 Thread added: 0x000001f5a16d9e30
Event: 13.270 Thread 0x000001f593a7f380 Thread added: 0x000001f5a16da340
Event: 13.270 Thread 0x000001f593a83e20 Thread exited: 0x000001f593a83e20
Event: 13.270 Thread 0x000001f593a7f380 Thread added: 0x000001f5a16dad60
Event: 13.270 Thread 0x000001f592056750 Thread added: 0x000001f5a16d75b0
Event: 13.270 Thread 0x000001f5a16dad60 Thread exited: 0x000001f5a16dad60
Event: 13.271 Thread 0x000001f5936ce030 Thread exited: 0x000001f5936ce030
Event: 13.272 Thread 0x000001f592056750 Thread exited: 0x000001f592056750
Event: 13.301 Thread 0x000001f5927a7a40 Thread exited: 0x000001f5927a7a40
Event: 13.305 Thread 0x000001f5a16d9e30 Thread exited: 0x000001f5a16d9e30
Event: 13.371 Thread 0x000001f5a16da340 Thread exited: 0x000001f5a16da340
Event: 13.371 Thread 0x000001f593a7f380 Before exit entered


Dynamic libraries:
0x00007ff705240000 - 0x00007ff70524e000 	C:\Program Files\Processing\app\resources\jdk-17.0.14+7\bin\java.exe
0x00007ffe8d7a0000 - 0x00007ffe8da07000 	C:\WINDOWS\SYSTEM32\ntdll.dll
0x00007ffe8bad0000 - 0x00007ffe8bb99000 	C:\WINDOWS\System32\KERNEL32.DLL
0x00007ffe8afe0000 - 0x00007ffe8b3d7000 	C:\WINDOWS\System32\KERNELBASE.dll
0x00007ffe8ac60000 - 0x00007ffe8adab000 	C:\WINDOWS\System32\ucrtbase.dll
0x00007ffe878f0000 - 0x00007ffe8790e000 	C:\Program Files\Processing\app\resources\jdk-17.0.14+7\bin\VCRUNTIME140.dll
0x00007ffe85b20000 - 0x00007ffe85b37000 	C:\Program Files\Processing\app\resources\jdk-17.0.14+7\bin\jli.dll
0x00007ffe8b720000 - 0x00007ffe8b8e6000 	C:\WINDOWS\System32\USER32.dll
0x00007ffe73250000 - 0x00007ffe734e2000 	C:\WINDOWS\WinSxS\amd64_microsoft.windows.common-controls_6595b64144ccf1df_6.0.26100.8457_none_3e0b2faee331e92d\COMCTL32.dll
0x00007ffe8a290000 - 0x00007ffe8a2b7000 	C:\WINDOWS\System32\win32u.dll
0x00007ffe8b960000 - 0x00007ffe8ba09000 	C:\WINDOWS\System32\msvcrt.dll
0x00007ffe8d080000 - 0x00007ffe8d0ab000 	C:\WINDOWS\System32\GDI32.dll
0x00007ffe8a2c0000 - 0x00007ffe8a3ec000 	C:\WINDOWS\System32\gdi32full.dll
0x00007ffe8b470000 - 0x00007ffe8b513000 	C:\WINDOWS\System32\msvcp_win.dll
0x00007ffe8d720000 - 0x00007ffe8d752000 	C:\WINDOWS\System32\IMM32.DLL
0x00007ffe85b10000 - 0x00007ffe85b1c000 	C:\Program Files\Processing\app\resources\jdk-17.0.14+7\bin\vcruntime140_1.dll
0x00007ffe63cd0000 - 0x00007ffe63d5d000 	C:\Program Files\Processing\app\resources\jdk-17.0.14+7\bin\msvcp140.dll
0x00007ffdd9cd0000 - 0x00007ffdda93b000 	C:\Program Files\Processing\app\resources\jdk-17.0.14+7\bin\server\jvm.dll
0x00007ffe8ba10000 - 0x00007ffe8bac6000 	C:\WINDOWS\System32\ADVAPI32.dll
0x00007ffe8d0f0000 - 0x00007ffe8d197000 	C:\WINDOWS\System32\sechost.dll
0x00007ffe8b520000 - 0x00007ffe8b638000 	C:\WINDOWS\System32\RPCRT4.dll
0x00007ffe8b640000 - 0x00007ffe8b6c0000 	C:\WINDOWS\System32\WS2_32.dll
0x00007ffe73640000 - 0x00007ffe73676000 	C:\WINDOWS\SYSTEM32\WINMM.dll
0x00007ffe8a030000 - 0x00007ffe8a08e000 	C:\WINDOWS\SYSTEM32\POWRPROF.dll
0x00007ffe810b0000 - 0x00007ffe810bb000 	C:\WINDOWS\SYSTEM32\VERSION.dll
0x00007ffe8a010000 - 0x00007ffe8a024000 	C:\WINDOWS\SYSTEM32\UMPDC.dll
0x00007ffe88f60000 - 0x00007ffe88f7b000 	C:\WINDOWS\SYSTEM32\kernel.appcore.dll
0x00007ffe85b00000 - 0x00007ffe85b0a000 	C:\Program Files\Processing\app\resources\jdk-17.0.14+7\bin\jimage.dll
0x00007ffe74060000 - 0x00007ffe742a2000 	C:\WINDOWS\SYSTEM32\DBGHELP.DLL
0x00007ffe8d390000 - 0x00007ffe8d713000 	C:\WINDOWS\System32\combase.dll
0x00007ffe8c8d0000 - 0x00007ffe8c9a9000 	C:\WINDOWS\System32\OLEAUT32.dll
0x00007ffe7b860000 - 0x00007ffe7b89b000 	C:\WINDOWS\SYSTEM32\dbgcore.DLL
0x00007ffe8adb0000 - 0x00007ffe8ae58000 	C:\WINDOWS\System32\bcryptPrimitives.dll
0x00007ffe5efa0000 - 0x00007ffe5efdb000 	C:\Program Files\Processing\app\resources\jdk-17.0.14+7\bin\jdwp.dll
0x00007ffe85ad0000 - 0x00007ffe85af5000 	C:\Program Files\Processing\app\resources\jdk-17.0.14+7\bin\java.dll
0x00007ffe5eec0000 - 0x00007ffe5ef97000 	C:\Program Files\Processing\app\resources\jdk-17.0.14+7\bin\jsvml.dll
0x00007ffe8bca0000 - 0x00007ffe8c40e000 	C:\WINDOWS\System32\SHELL32.dll
0x00007ffe8a3f0000 - 0x00007ffe8ac5c000 	C:\WINDOWS\System32\windows.storage.dll
0x00007ffe8bba0000 - 0x00007ffe8bc96000 	C:\WINDOWS\System32\SHCORE.dll
0x00007ffe8b8f0000 - 0x00007ffe8b956000 	C:\WINDOWS\System32\shlwapi.dll
0x00007ffe8a0f0000 - 0x00007ffe8a119000 	C:\WINDOWS\SYSTEM32\profapi.dll
0x00007ffe85aa0000 - 0x00007ffe85aac000 	C:\Program Files\Processing\app\resources\jdk-17.0.14+7\bin\dt_socket.dll
0x00007ffe889a0000 - 0x00007ffe889d2000 	C:\WINDOWS\SYSTEM32\IPHLPAPI.DLL
0x00007ffe894d0000 - 0x00007ffe8953c000 	C:\WINDOWS\system32\mswsock.dll
0x00007ffe7a340000 - 0x00007ffe7a359000 	C:\Program Files\Processing\app\resources\jdk-17.0.14+7\bin\net.dll
0x00007ffe843f0000 - 0x00007ffe84519000 	C:\WINDOWS\SYSTEM32\WINHTTP.dll
0x00007ffe79250000 - 0x00007ffe79266000 	C:\Program Files\Processing\app\resources\jdk-17.0.14+7\bin\nio.dll
0x00007ffe5eea0000 - 0x00007ffe5eeb8000 	C:\Program Files\Processing\app\resources\jdk-17.0.14+7\bin\zip.dll
0x00007ffe5df10000 - 0x00007ffe5e0a0000 	C:\Program Files\Processing\app\resources\jdk-17.0.14+7\bin\awt.dll
0x00007ffe87a00000 - 0x00007ffe87aa0000 	C:\WINDOWS\SYSTEM32\apphelp.dll
0x00007ffe87d80000 - 0x00007ffe87e2a000 	C:\WINDOWS\system32\uxtheme.dll
0x00007ffe8d1a0000 - 0x00007ffe8d2fc000 	C:\WINDOWS\System32\MSCTF.dll
0x00007ffe8c430000 - 0x00007ffe8c5c7000 	C:\WINDOWS\System32\ole32.dll
0x00007ffe87f20000 - 0x00007ffe87f4f000 	C:\WINDOWS\system32\DWMAPI.DLL
0x00007ffe40100000 - 0x00007ffe4020f000 	C:\WINDOWS\system32\opengl32.dll
0x00007ffe429d0000 - 0x00007ffe429fd000 	C:\WINDOWS\SYSTEM32\GLU32.dll
0x00007ffe87eb0000 - 0x00007ffe87ef5000 	C:\WINDOWS\SYSTEM32\dxcore.dll
0x00007ffe897b0000 - 0x00007ffe897cb000 	C:\WINDOWS\SYSTEM32\CRYPTSP.dll
0x00007ffe88ec0000 - 0x00007ffe88ef9000 	C:\WINDOWS\system32\rsaenh.dll
0x00007ffe89580000 - 0x00007ffe895b3000 	C:\WINDOWS\SYSTEM32\USERENV.dll
0x00007ffe8a0c0000 - 0x00007ffe8a0ea000 	C:\WINDOWS\SYSTEM32\bcrypt.dll
0x00007ffe897d0000 - 0x00007ffe897dc000 	C:\WINDOWS\SYSTEM32\CRYPTBASE.dll
0x00007ffe8c8c0000 - 0x00007ffe8c8ca000 	C:\WINDOWS\System32\NSI.dll
0x00007ffe84550000 - 0x00007ffe8456d000 	C:\WINDOWS\SYSTEM32\dhcpcsvc6.DLL
0x00007ffe84520000 - 0x00007ffe84545000 	C:\WINDOWS\SYSTEM32\dhcpcsvc.DLL
0x00007ffe88a40000 - 0x00007ffe88b72000 	C:\WINDOWS\SYSTEM32\DNSAPI.dll
0x00007ffe5ee80000 - 0x00007ffe5ee93000 	C:\Users\danil\AppData\Local\Temp\jogamp_0000\file_cache\jln5601871266960135671\jln9510334153147132513\natives\windows-amd64\gluegen_rt.dll
0x00007ffe85a90000 - 0x00007ffe85a97000 	C:\Program Files\Processing\app\resources\jdk-17.0.14+7\bin\jawt.dll
0x00007ffe7a330000 - 0x00007ffe7a33d000 	C:\Users\danil\AppData\Local\Temp\jogamp_0000\file_cache\jln5601871266960135671\jln9510334153147132513\natives\windows-amd64\nativewindow_awt.dll
0x00007ffe5ee60000 - 0x00007ffe5ee75000 	C:\Users\danil\AppData\Local\Temp\jogamp_0000\file_cache\jln5601871266960135671\jln9510334153147132513\natives\windows-amd64\nativewindow_win32.dll
0x00007ffe5edd0000 - 0x00007ffe5ee53000 	C:\Users\danil\AppData\Local\Temp\jogamp_0000\file_cache\jln5601871266960135671\jln9510334153147132513\natives\windows-amd64\jogl_desktop.dll
0x00007ffe5e4c0000 - 0x00007ffe5e512000 	C:\Users\danil\AppData\Local\Temp\jogamp_0000\file_cache\jln5601871266960135671\jln9510334153147132513\natives\windows-amd64\jogl_mobile.dll
0x00007ffe841f0000 - 0x00007ffe84251000 	C:\WINDOWS\SYSTEM32\directxdatabasehelper.dll
0x00007ffe7b700000 - 0x00007ffe7b71d000 	C:\WINDOWS\SYSTEM32\windows.staterepositorycore.dll
0x00007ffdd8ad0000 - 0x00007ffdd9aa3000 	C:\WINDOWS\System32\DriverStore\FileRepository\iigd_dch.inf_amd64_225f37aa3862fc3f\igxelpicd64.dll
0x00007ffe87bd0000 - 0x00007ffe87d0e000 	C:\WINDOWS\system32\dxgi.dll
0x00007ffdf3f20000 - 0x00007ffdf43a7000 	C:\WINDOWS\System32\DriverStore\FileRepository\iigd_dch.inf_amd64_225f37aa3862fc3f\igdml64.dll
0x00007ffe89d40000 - 0x00007ffe89d91000 	C:\WINDOWS\SYSTEM32\cfgmgr32.dll
0x00007ffe80b00000 - 0x00007ffe80ec1000 	C:\WINDOWS\System32\DriverStore\FileRepository\iigd_dch.inf_amd64_225f37aa3862fc3f\igdgmm64.dll
0x00007ffe7d5d0000 - 0x00007ffe807d6000 	C:\WINDOWS\System32\DriverStore\FileRepository\iigd_dch.inf_amd64_225f37aa3862fc3f\igc64.dll
0x00007ffe5e4a0000 - 0x00007ffe5e4b9000 	C:\Users\danil\AppData\Local\Temp\jogamp_0000\file_cache\jln5601871266960135671\jln9510334153147132513\natives\windows-amd64\newt_head.dll
0x00007ffe5e8e0000 - 0x00007ffe5e99f000 	C:\WINDOWS\SYSTEM32\mscms.dll
0x00007ffe1cd10000 - 0x00007ffe1cd59000 	C:\WINDOWS\SYSTEM32\icm32.dll
0x00007ffe8cbf0000 - 0x00007ffe8d077000 	C:\WINDOWS\System32\setupapi.dll
0x00007ffe89d10000 - 0x00007ffe89d3d000 	C:\WINDOWS\SYSTEM32\DEVOBJ.dll
0x00007ffe8b3e0000 - 0x00007ffe8b462000 	C:\WINDOWS\System32\WINTRUST.dll
0x00007ffe8ae60000 - 0x00007ffe8afd8000 	C:\WINDOWS\System32\CRYPT32.dll
0x00007ffe898e0000 - 0x00007ffe898f3000 	C:\WINDOWS\SYSTEM32\MSASN1.dll
0x00007ffe580f0000 - 0x00007ffe58236000 	C:\WINDOWS\SYSTEM32\textinputframework.dll
0x00007ffe87560000 - 0x00007ffe87687000 	C:\WINDOWS\SYSTEM32\CoreMessaging.dll
0x00007ffe83270000 - 0x00007ffe83552000 	C:\WINDOWS\SYSTEM32\CoreUIComponents.dll
0x00007ffe84e00000 - 0x00007ffe84f6a000 	C:\WINDOWS\SYSTEM32\wintypes.dll

dbghelp: loaded successfully - version: 4.0.5 - missing functions: none
symbol engine: initialized successfully - sym options: 0x614 - pdb path: .;C:\Program Files\Processing\app\resources\jdk-17.0.14+7\bin;C:\WINDOWS\SYSTEM32;C:\WINDOWS\WinSxS\amd64_microsoft.windows.common-controls_6595b64144ccf1df_6.0.26100.8457_none_3e0b2faee331e92d;C:\Program Files\Processing\app\resources\jdk-17.0.14+7\bin\server;C:\Users\danil\AppData\Local\Temp\jogamp_0000\file_cache\jln5601871266960135671\jln9510334153147132513\natives\windows-amd64;C:\WINDOWS\System32\DriverStore\FileRepository\iigd_dch.inf_amd64_225f37aa3862fc3f

VM Arguments:
jvm_args: -agentlib:jdwp=transport=dt_socket,address=8484,server=y,suspend=y,quiet=y -Xms64m -Xmx1024m -Djna.nosys=true -Djava.library.path=;C:\Program Files\Processing\app\resources\core\library;C:\Program Files\Processing;C:\WINDOWS\system32;C:\WINDOWS;C:\Program Files\PlasticSCM5\server;C:\Program Files\PlasticSCM5\client;C:\Program Files\Common Files\Oracle\Java\javapath;C:\Program Files (x86)\Common Files\Oracle\Java\javapath;C:\Windows\System32\HWAudioDriverLibs;C:\Windows\system32;C:\Windows;C:\Windows\System32\Wbem;C:\Windows\System32\WindowsPowerShell\v1.0;C:\Windows\System32\OpenSSH;C:\Program Files\Microsoft SQL Server\150\Tools\Binn;C:\Program Files\Microsoft SQL Server\Client SDK\ODBC\170\Tools\Binn;C:\Program Files\dotnet;D:\Windows Kits\10\Windows Performance Toolkit;C:\Program Files\Java\jdk-23\bin;C:\WINDOWS\system32;C:\WINDOWS;C:\WINDOWS\System32\Wbem;C:\WINDOWS\System32\WindowsPowerShell\v1.0;C:\WINDOWS\System32\OpenSSH;C:\Program Files\nodejs;C:\Program Files\Docker\Docker\resources\bin;C:\Program Files\TortoiseGit\bin;C:\Program Files\Git\cmd;C:\Users\danil\AppData\Local\Programs\Python\Python312\Scripts;C:\Users\danil\AppData\Local\Programs\Python\Python312;C:\Users\danil\AppData\Local\Microsoft\WindowsApps;C:\Users\danil\AppData\Local\Programs\Microsoft VS Code\bin;C:\Users\danil\AppData\Roaming\npm;D:\DataBase\18\bin;C:\Program Files\Processing\app;. -ea 
java_command: processing.core.PApplet --editor-location=-7,-7 --external --display=1 --sketch-path=C:\Users\danil\Desktop\Gravity_simul Gravity_simul
java_class_path (initial): C:\Users\danil\AppData\Local\Temp\processing\Gravity_simul353122270565431908temp;C:\Program Files\Processing\app\resources\core\library\annotations-13.0.jar;C:\Program Files\Processing\app\resources\core\library\antlr-2.7.7.jar;C:\Program Files\Processing\app\resources\core\library\core-4.4.1.jar;C:\Program Files\Processing\app\resources\core\library\gluegen-rt-2.5.0-natives-android-aarch64.jar;C:\Program Files\Processing\app\resources\core\library\gluegen-rt-2.5.0-natives-linux-aarch64.jar;C:\Program Files\Processing\app\resources\core\library\gluegen-rt-2.5.0-natives-linux-amd64.jar;C:\Program Files\Processing\app\resources\core\library\gluegen-rt-2.5.0-natives-linux-armv6hf.jar;C:\Program Files\Processing\app\resources\core\library\gluegen-rt-2.5.0-natives-macosx-universal.jar;C:\Program Files\Processing\app\resources\core\library\gluegen-rt-2.5.0-natives-windows-amd64.jar;C:\Program Files\Processing\app\resources\core\library\gluegen-rt-2.5.0.jar;C:\Program Files\Processing\app\resources\core\library\gluegen-rt-main-2.5.0.jar;C:\Program Files\Processing\app\resources\core\library\jogl-all-2.5.0-natives-android-aarch64.jar;C:\Program Files\Processing\app\resources\core\library\jogl-all-2.5.0-natives-linux-aarch64.jar;C:\Program Files\Processing\app\resources\core\library\jogl-all-2.5.0-natives-linux-amd64.jar;C:\Program Files\Processing\app\resources\core\library\jogl-all-2.5.0-natives-linux-armv6hf.jar;C:\Program Files\Processing\app\resources\core\library\jogl-all-2.5.0-natives-macosx-universal.jar;C:\Program Files\Processing\app\resources\core\library\jogl-all-2.5.0-natives-windows-amd64.jar;C:\Program Files\Processing\app\resources\core\library\jogl-all-2.5.0.jar;C:\Program Files\Processing\app\resources\core\library\jogl-all-main-2.5.0.jar;C:\Program Files\Processing\app\resources\core\library\kotlin-stdlib-2.0.20.jar
Launcher Type: SUN_STANDARD

[Global flags]
     intx CICompilerCount                          = 4                                         {product} {ergonomic}
     uint ConcGCThreads                            = 2                                         {product} {ergonomic}
     uint G1ConcRefinementThreads                  = 8                                         {product} {ergonomic}
   size_t G1HeapRegionSize                         = 1048576                                   {product} {ergonomic}
    uintx GCDrainStackTargetSize                   = 64                                        {product} {ergonomic}
   size_t InitialHeapSize                          = 67108864                                  {product} {command line}
   size_t MarkStackSize                            = 4194304                                   {product} {ergonomic}
   size_t MaxHeapSize                              = 1073741824                                {product} {command line}
   size_t MaxNewSize                               = 643825664                                 {product} {ergonomic}
   size_t MinHeapDeltaBytes                        = 1048576                                   {product} {ergonomic}
   size_t MinHeapSize                              = 67108864                                  {product} {command line}
    uintx NonNMethodCodeHeapSize                   = 5839372                                {pd product} {ergonomic}
    uintx NonProfiledCodeHeapSize                  = 122909434                              {pd product} {ergonomic}
    uintx ProfiledCodeHeapSize                     = 122909434                              {pd product} {ergonomic}
    uintx ReservedCodeCacheSize                    = 251658240                              {pd product} {ergonomic}
     bool SegmentedCodeCache                       = true                                      {product} {ergonomic}
   size_t SoftMaxHeapSize                          = 1073741824                             {manageable} {ergonomic}
     bool UseCompressedClassPointers               = true                           {product lp64_product} {ergonomic}
     bool UseCompressedOops                        = true                           {product lp64_product} {ergonomic}
     bool UseG1GC                                  = true                                      {product} {ergonomic}
     bool UseLargePagesIndividualAllocation        = false                                  {pd product} {ergonomic}

Logging:
Log output configuration:
 #0: stdout all=off uptime,level,tags
 #1: stderr all=off uptime,level,tags

Environment Variables:
JAVA_HOME=C:\Program Files\Java\jdk-23
PATH=C:\Program Files\PlasticSCM5\server;C:\Program Files\PlasticSCM5\client;C:\Program Files\Common Files\Oracle\Java\javapath;C:\Program Files (x86)\Common Files\Oracle\Java\javapath;C:\Windows\System32\HWAudioDriverLibs;C:\Windows\system32;C:\Windows;C:\Windows\System32\Wbem;C:\Windows\System32\WindowsPowerShell\v1.0\;C:\Windows\System32\OpenSSH\;C:\Users\Administrator\AppData\Local\Microsoft\WindowsApps;C:\Program Files\Microsoft SQL Server\150\Tools\Binn\;C:\Program Files\Microsoft SQL Server\Client SDK\ODBC\170\Tools\Binn\;C:\Program Files\dotnet\;D:\Windows Kits\10\Windows Performance Toolkit\;C:\Program Files\Java\jdk-23\bin;C:\WINDOWS\system32;C:\WINDOWS;C:\WINDOWS\System32\Wbem;C:\WINDOWS\System32\WindowsPowerShell\v1.0\;C:\WINDOWS\System32\OpenSSH\;C:\Program Files\nodejs\;C:\Program Files\Docker\Docker\resources\bin;C:\Program Files\TortoiseGit\bin;C:\Program Files\Git\cmd;C:\Users\danil\AppData\Local\Programs\Python\Python312\Scripts\;C:\Users\danil\AppData\Local\Programs\Python\Python312\;C:\Users\danil\AppData\Local\Microsoft\WindowsApps;C:\Users\danil\.dotnet\tools;C:\Users\danil\AppData\Local\Programs\Microsoft VS Code\bin;C:\Users\danil\AppData\Roaming\npm;D:\DataBase\18\bin;C:\Program Files\Processing\app
USERNAME=danil
OS=Windows_NT
PROCESSOR_IDENTIFIER=Intel64 Family 6 Model 140 Stepping 2, GenuineIntel
TMP=C:\Users\danil\AppData\Local\Temp
TEMP=C:\Users\danil\AppData\Local\Temp



Periodic native trim disabled


---------------  S Y S T E M  ---------------

OS:
 Windows 11 , 64 bit Build 26100 (10.0.26100.8328)
OS uptime: 0 days 0:17 hours
Hyper-V role detected

CPU: total 8 (initial active 8) (4 cores per cpu, 2 threads per core) family 6 model 140 stepping 2 microcode 0x16, cx8, cmov, fxsr, ht, mmx, 3dnowpref, sse, sse2, sse3, ssse3, sse4.1, sse4.2, popcnt, lzcnt, tsc, tscinvbit, avx, avx2, aes, erms, clmul, bmi1, bmi2, adx, avx512f, avx512dq, avx512cd, avx512bw, avx512vl, sha, fma, vzeroupper, avx512_vpopcntdq, avx512_vpclmulqdq, avx512_vaes, avx512_vnni, clflush, clflushopt, clwb, avx512_vbmi2, avx512_vbmi, hv
Processor Information for processor 0
  Max Mhz: 2496, Current Mhz: 998, Mhz Limit: 2496
Processor Information for processor 1
  Max Mhz: 2496, Current Mhz: 2496, Mhz Limit: 2496
Processor Information for processor 2
  Max Mhz: 2496, Current Mhz: 2496, Mhz Limit: 2496
Processor Information for processor 3
  Max Mhz: 2496, Current Mhz: 2496, Mhz Limit: 2496
Processor Information for processor 4
  Max Mhz: 2496, Current Mhz: 998, Mhz Limit: 2496
Processor Information for processor 5
  Max Mhz: 2496, Current Mhz: 2496, Mhz Limit: 2496
Processor Information for processor 6
  Max Mhz: 2496, Current Mhz: 2496, Mhz Limit: 2496
Processor Information for processor 7
  Max Mhz: 2496, Current Mhz: 2496, Mhz Limit: 2496

Memory: 4k page, system-wide physical 7975M (1671M free)
TotalPageFile size 17703M (AvailPageFile size 8647M)
current process WorkingSet (physical memory assigned to process): 555M, peak: 562M
current process commit charge ("private bytes"): 543M, peak: 554M

vm_info: OpenJDK 64-Bit Server VM (17.0.14+7) for windows-amd64 JRE (17.0.14+7), built on Jan 21 2025 23:40:15 by "admin" with MS VC++ 17.7 (VS2022)

END.
