#
# A fatal error has been detected by the Java Runtime Environment:
#
#  EXCEPTION_ACCESS_VIOLATION (0xc0000005) at pc=0x00007ffdd8d0b386, pid=7128, tid=3824
#
# JRE version: OpenJDK Runtime Environment Temurin-17.0.14+7 (17.0.14+7) (build 17.0.14+7)
# Java VM: OpenJDK 64-Bit Server VM Temurin-17.0.14+7 (17.0.14+7, mixed mode, sharing, tiered, compressed oops, compressed class ptrs, g1 gc, windows-amd64)
# Problematic frame:
# C  [igxelpicd64.dll+0x23b386]
#
# No core dump will be written. Minidumps are not enabled by default on client versions of Windows
#
# If you would like to submit a bug report, please visit:
#   https://github.com/adoptium/adoptium-support/issues
#

---------------  S U M M A R Y ------------

Command Line: -agentlib:jdwp=transport=dt_socket,address=8867,server=y,suspend=y,quiet=y -Xms64m -Xmx1024m -Djna.nosys=true -Djava.library.path=;C:\Program Files\Processing\app\resources\core\library;C:\Program Files\Processing;C:\WINDOWS\system32;C:\WINDOWS;C:\Program Files\PlasticSCM5\server;C:\Program Files\PlasticSCM5\client;C:\Program Files\Common Files\Oracle\Java\javapath;C:\Program Files (x86)\Common Files\Oracle\Java\javapath;C:\Windows\System32\HWAudioDriverLibs;C:\Windows\system32;C:\Windows;C:\Windows\System32\Wbem;C:\Windows\System32\WindowsPowerShell\v1.0;C:\Windows\System32\OpenSSH;C:\Program Files\Microsoft SQL Server\150\Tools\Binn;C:\Program Files\Microsoft SQL Server\Client SDK\ODBC\170\Tools\Binn;C:\Program Files\dotnet;D:\Windows Kits\10\Windows Performance Toolkit;C:\Program Files\Java\jdk-23\bin;C:\WINDOWS\system32;C:\WINDOWS;C:\WINDOWS\System32\Wbem;C:\WINDOWS\System32\WindowsPowerShell\v1.0;C:\WINDOWS\System32\OpenSSH;C:\Program Files\nodejs;C:\Program Files\Docker\Docker\resources\bin;C:\Program Files\TortoiseGit\bin;C:\Program Files\Git\cmd;C:\Users\danil\AppData\Local\Programs\Python\Python312\Scripts;C:\Users\danil\AppData\Local\Programs\Python\Python312;C:\Users\danil\AppData\Local\Microsoft\WindowsApps;C:\Users\danil\AppData\Local\Programs\Microsoft VS Code\bin;C:\Users\danil\AppData\Roaming\npm;D:\DataBase\18\bin;C:\Program Files\Processing\app;. -ea processing.core.PApplet --editor-location=-7,-7 --external --display=1 --sketch-path=C:\Users\danil\Desktop\Gravity_simul Gravity_simul

Host: 11th Gen Intel(R) Core(TM) i5-1155G7 @ 2.50GHz, 8 cores, 7G,  Windows 11 , 64 bit Build 26100 (10.0.26100.8328)
Time: Sun Jun 28 13:30:42 2026 RTZ 3 (s 11 , 64 bit Build 26100 (10.0.26100.8328) elapsed time: 5.939041 seconds (0d 0h 0m 5s)

---------------  T H R E A D  ---------------

Current thread (0x0000022e1d4d7d20):  VMThread "VM Thread" [stack: 0x00000035be100000,0x00000035be200000] [id=3824]

Stack: [0x00000035be100000,0x00000035be200000],  sp=0x00000035be1fe2f0,  free space=1016k
Native frames: (J=compiled Java code, j=interpreted, Vv=VM code, C=native code)
C  [igxelpicd64.dll+0x23b386]


siginfo: EXCEPTION_ACCESS_VIOLATION (0xc0000005), reading address 0x0000000000035468


Registers:
RAX=0x0000022e721f0e40, RBX=0x0000022e636077a0, RCX=0x0000000000000004, RDX=0x0000000000000000
RSP=0x00000035be1fe2f0, RBP=0x0000000000000000, RSI=0x0000022e721f0c40, RDI=0x0000022e63099360
R8 =0x0000022e721f0d40, R9 =0x00000035bd6f7000, R10=0x0000000000000000, R11=0x0000000000000246
R12=0x0000022e721f0c40, R13=0x0000000000000000, R14=0x0000022e721f1188, R15=0x0000022e721f0670
RIP=0x00007ffdd8d0b386, EFLAGS=0x0000000000010202


Register to memory mapping:

RIP=0x00007ffdd8d0b386 igxelpicd64.dll
RAX=0x0000022e721f0e40 points into unknown readable memory: 0x000000000000171a | 1a 17 00 00 00 00 00 00
RBX=0x0000022e636077a0 points into unknown readable memory: 0xffffffffffffffff | ff ff ff ff ff ff ff ff
RCX=0x0000000000000004 is an unknown value
RDX=0x0 is NULL
RSP=0x00000035be1fe2f0 points into unknown readable memory: 0x0000022e636077a0 | a0 77 60 63 2e 02 00 00
RBP=0x0 is NULL
RSI=0x0000022e721f0c40 points into unknown readable memory: 0x0000022e6366e990 | 90 e9 66 63 2e 02 00 00
RDI=0x0000022e63099360 points into unknown readable memory: 0x0000022e64d44800 | 00 48 d4 64 2e 02 00 00
R8 =0x0000022e721f0d40 points into unknown readable memory: 0x0000000000000000 | 00 00 00 00 00 00 00 00
R9 =0x00000035bd6f7000 points into unknown readable memory: 0x0000000000000000 | 00 00 00 00 00 00 00 00
R10=0x0 is NULL
R11=0x0000000000000246 is an unknown value
R12=0x0000022e721f0c40 points into unknown readable memory: 0x0000022e6366e990 | 90 e9 66 63 2e 02 00 00
R13=0x0 is NULL
R14=0x0000022e721f1188 points into unknown readable memory: 0x0000022e721f0670 | 70 06 1f 72 2e 02 00 00
R15=0x0000022e721f0670 points into unknown readable memory: 0x0000022e6366e990 | 90 e9 66 63 2e 02 00 00


Top of Stack: (sp=0x00000035be1fe2f0)
0x00000035be1fe2f0:   0000022e636077a0 033838be038350bd
0x00000035be1fe300:   02aa5abe029d43be 02f831bf02eec1be
0x00000035be1fe310:   0000001601000000 0000000000000000
0x00000035be1fe320:   026319c10361b7c0 00816dc302c81bc2
0x00000035be1fe330:   0000022e636077a0 039807c400f399c3
0x00000035be1fe340:   02c88ec502330ac5 00d75dc7038eebc6
0x00000035be1fe350:   034d31c9036f88c8 02c41aca033fe8c9
0x00000035be1fe360:   039f35ca00b723ca 027527cb037086ca
0x00000035be1fe370:   024d47cb033837cb 005649cc0385f7cb
0x00000035be1fe380:   039807cd037086cc 0283bacd036711cd
0x00000035be1fe390:   01ba0ad00165f3cf 039189d0036f30d0
0x00000035be1fe3a0:   01e4f6d0036ac6d0 0347fdd1037086d1
0x00000035be1fe3b0:   0364afd2038d2bd2 039f30d30377c8d2
0x00000035be1fe3c0:   006182d3038469d3 0362d8d3014b83d3
0x00000035be1fe3d0:   026672d4032a08d4 00007ffe8d905b54
0x00000035be1fe3e0:   0000000000000000 0000000000000000
0x00000035be1fe3f0:   00000035be1fe590 00007ffe8b771259
0x00000035be1fe400:   00000035be1fe488 0000000000000000
0x00000035be1fe410:   0000000000000054 0000000000000000
0x00000035be1fe420:   0378b6dc02f463dc 00007ffe8d905cc4
0x00000035be1fe430:   028f19e0037086df 037086e002fd6ce0
0x00000035be1fe440:   0000b36909c16846 00561be20376e8e1
0x00000035be1fe450:   0000022e65186c38 0000000000001750
0x00000035be1fe460:   0000000000000000 0000000000000016
0x00000035be1fe470:   0000000000000000 0000000000000000
0x00000035be1fe480:   00000035be1fe590 00007ffdd8d382ae
0x00000035be1fe490:   0000022e63099360 0000000000000000
0x00000035be1fe4a0:   0000022e63099360 034834ea02820cea
0x00000035be1fe4b0:   0000003500000d54 0000740400840000
0x00000035be1fe4c0:   0000000000000000 027a29ec035699eb
0x00000035be1fe4d0:   029acaec035546ec 02718eef03a116ee
0x00000035be1fe4e0:   029f24f002b303f0 039c40f002742af0 

Instructions: (pc=0x00007ffdd8d0b386)
0x00007ffdd8d0b286:   00 90 4c 8b bf 80 02 00 00 48 8b 05 9a 85 bd 00
0x00007ffdd8d0b296:   8b 80 c8 0a 00 00 89 44 24 24 c6 44 24 20 00 48
0x00007ffdd8d0b2a6:   c7 87 80 02 00 00 00 00 00 00 c7 87 88 02 00 00
0x00007ffdd8d0b2b6:   00 00 00 00 48 c7 87 a0 02 00 00 00 00 00 00 48
0x00007ffdd8d0b2c6:   c7 87 90 02 00 00 00 00 00 00 48 85 ed 75 3d 8b
0x00007ffdd8d0b2d6:   35 0d 77 cd 00 65 48 8b 04 25 58 00 00 00 b9 14
0x00007ffdd8d0b2e6:   00 00 00 48 8b 04 f0 40 38 2c 01 0f 84 c9 e7 75
0x00007ffdd8d0b2f6:   00 65 48 8b 04 25 58 00 00 00 bd 20 00 00 00 48
0x00007ffdd8d0b306:   8b 04 f0 48 8b 2c 28 48 89 6c 24 28 48 3b 2d 07
0x00007ffdd8d0b316:   9b cd 00 0f 84 9b 10 00 00 4d 85 ff 0f 84 3a 01
0x00007ffdd8d0b326:   00 00 0f 1f 84 00 00 00 00 00 49 8b f7 4d 8b e7
0x00007ffdd8d0b336:   4d 8d b7 48 05 00 00 4d 8b 3e 45 84 ed 0f 85 d9
0x00007ffdd8d0b346:   0e 00 00 8b 8f d0 01 00 00 48 8b 05 da 84 bd 00
0x00007ffdd8d0b356:   83 b8 64 03 00 00 02 75 34 4d 8d 84 24 00 01 00
0x00007ffdd8d0b366:   00 83 f9 10 0f 83 3a 01 00 00 8b c1 48 c1 e0 06
0x00007ffdd8d0b376:   49 03 c0 48 85 c0 0f 84 9b 01 00 00 48 8b 50 08
0x00007ffdd8d0b386:   48 3b 95 68 54 03 00 0f 87 b6 0e 00 00 48 83 be
0x00007ffdd8d0b396:   c0 05 00 00 00 0f 85 50 e7 75 00 44 8b 8f d0 01
0x00007ffdd8d0b3a6:   00 00 48 8b 87 e8 01 00 00 4c 8b 00 8b 8f d0 01
0x00007ffdd8d0b3b6:   00 00 48 8d 9e 00 01 00 00 83 f9 10 0f 83 1e 01
0x00007ffdd8d0b3c6:   00 00 8b c1 48 c1 e0 06 48 03 c3 48 85 c0 0f 84
0x00007ffdd8d0b3d6:   4a 01 00 00 4c 39 40 08 0f 86 40 01 00 00 48 8b
0x00007ffdd8d0b3e6:   87 80 02 00 00 49 89 06 48 89 b7 80 02 00 00 ff
0x00007ffdd8d0b3f6:   87 88 02 00 00 48 8b 4e 08 48 8b 01 ba 01 00 00
0x00007ffdd8d0b406:   00 48 8b 80 e0 02 00 00 ff 15 f4 c1 88 00 0f b7
0x00007ffdd8d0b416:   c8 48 2b c1 48 05 00 00 01 00 48 01 87 90 02 00
0x00007ffdd8d0b426:   00 48 8b 4e 08 48 8b 01 ba 01 00 00 00 48 8b 80
0x00007ffdd8d0b436:   e0 02 00 00 ff 15 c8 c1 88 00 48 01 87 a0 02 00
0x00007ffdd8d0b446:   00 0f b6 54 24 20 4d 85 ff 0f 85 db fe ff ff 84
0x00007ffdd8d0b456:   d2 0f 85 37 0f 00 00 48 8b 5c 24 40 48 8b cf 80
0x00007ffdd8d0b466:   7c 24 22 00 0f 85 40 0f 00 00 e8 3b f9 ff ff 90
0x00007ffdd8d0b476:   48 8b cb ff 15 99 bc 88 00 48 8b 8c 24 50 01 00 


Stack slot to memory mapping:
stack at sp + 0 slots: 0x0000022e636077a0 points into unknown readable memory: 0xffffffffffffffff | ff ff ff ff ff ff ff ff
stack at sp + 1 slots: 0x033838be038350bd is an unknown value
stack at sp + 2 slots: 0x02aa5abe029d43be is an unknown value
stack at sp + 3 slots: 0x02f831bf02eec1be is an unknown value
stack at sp + 4 slots: 0x0000001601000000 is an unknown value
stack at sp + 5 slots: 0x0 is NULL
stack at sp + 6 slots: 0x026319c10361b7c0 is an unknown value
stack at sp + 7 slots: 0x00816dc302c81bc2 is an unknown value

VM_Operation (0x00000035c02febd0): Exit, mode: safepoint, requested by thread 0x0000022e1da0bb80


---------------  P R O C E S S  ---------------

Threads class SMR info:
_java_thread_list=0x0000022e64459140, length=37, elements={
0x0000022e1d4db060, 0x0000022e1d4dc940, 0x0000022e1d4f2ff0, 0x0000022e1d4f38c0,
0x0000022e1d4f4190, 0x0000022e1d4fd280, 0x0000022e1d4fe980, 0x0000022e1d5462b0,
0x0000022e1d7b1170, 0x0000022e1d7c5e80, 0x0000022e1d7cabf0, 0x0000022e1d7d7b40,
0x0000022e6306f910, 0x0000022e634f9850, 0x0000022e1da0bb80, 0x0000022e64accbc0,
0x0000022e64ace510, 0x0000022e64acb780, 0x0000022e64acc6b0, 0x0000022e64acbc90,
0x0000022e64acc1a0, 0x0000022e64acd0d0, 0x0000022e64acea20, 0x0000022e64ace000,
0x0000022e64acef30, 0x0000022e64acd5e0, 0x0000022e64acdaf0, 0x0000022e64ab6450,
0x0000022e64ab6960, 0x0000022e64ab6e70, 0x0000022e64ab36c0, 0x0000022e64ab45f0,
0x0000022e64ab7380, 0x0000022e64ab3bd0, 0x0000022e64ab5f40, 0x0000022e64ab7890,
0x0000022e64ab40e0
}

Java Threads: ( => current thread )
  0x0000022e1d4db060 JavaThread "Reference Handler" daemon [_thread_blocked, id=10892, stack(0x00000035be200000,0x00000035be300000)]
  0x0000022e1d4dc940 JavaThread "Finalizer" daemon [_thread_blocked, id=13296, stack(0x00000035be300000,0x00000035be400000)]
  0x0000022e1d4f2ff0 JavaThread "Attach Listener" daemon [_thread_blocked, id=7308, stack(0x00000035be500000,0x00000035be600000)]
  0x0000022e1d4f38c0 JavaThread "Service Thread" daemon [_thread_blocked, id=13516, stack(0x00000035be600000,0x00000035be700000)]
  0x0000022e1d4f4190 JavaThread "Monitor Deflation Thread" daemon [_thread_blocked, id=3280, stack(0x00000035be700000,0x00000035be800000)]
  0x0000022e1d4fd280 JavaThread "C2 CompilerThread0" daemon [_thread_blocked, id=12100, stack(0x00000035be800000,0x00000035be900000)]
  0x0000022e1d4fe980 JavaThread "C1 CompilerThread0" daemon [_thread_blocked, id=14064, stack(0x00000035be900000,0x00000035bea00000)]
  0x0000022e1d5462b0 JavaThread "Sweeper thread" daemon [_thread_blocked, id=16492, stack(0x00000035bea00000,0x00000035beb00000)]
  0x0000022e1d7b1170 JavaThread "JDWP Transport Listener: dt_socket" daemon [_thread_blocked, id=15196, stack(0x00000035beb00000,0x00000035bec00000)]
  0x0000022e1d7c5e80 JavaThread "JDWP Event Helper Thread" daemon [_thread_blocked, id=3160, stack(0x00000035bec00000,0x00000035bed00000)]
  0x0000022e1d7cabf0 JavaThread "Notification Thread" daemon [_thread_blocked, id=16484, stack(0x00000035bee00000,0x00000035bef00000)]
  0x0000022e1d7d7b40 JavaThread "Common-Cleaner" daemon [_thread_blocked, id=9864, stack(0x00000035bf000000,0x00000035bf100000)]
  0x0000022e6306f910 JavaThread "Java2D Disposer" daemon [_thread_blocked, id=15708, stack(0x00000035bf100000,0x00000035bf200000)]
  0x0000022e634f9850 JavaThread "HighResTimerThread" daemon [_thread_blocked, id=17536, stack(0x00000035bf500000,0x00000035bf600000)]
  0x0000022e1da0bb80 JavaThread "main-FPSAWTAnimator#00-Timer0" [_thread_blocked, id=10104, stack(0x00000035c0200000,0x00000035c0300000)]
  0x0000022e64accbc0 JavaThread "DestroyJavaVM" [_thread_blocked, id=904, stack(0x00000035bdb00000,0x00000035bdc00000)]
  0x0000022e64ace510 JavaThread "pool-1-thread-1" [_thread_blocked, id=7196, stack(0x00000035c0600000,0x00000035c0700000)]
  0x0000022e64acb780 JavaThread "pool-1-thread-2" [_thread_blocked, id=10732, stack(0x00000035c0700000,0x00000035c0800000)]
  0x0000022e64acc6b0 JavaThread "pool-1-thread-3" [_thread_blocked, id=8352, stack(0x00000035c0800000,0x00000035c0900000)]
  0x0000022e64acbc90 JavaThread "pool-1-thread-4" [_thread_blocked, id=8552, stack(0x00000035c0900000,0x00000035c0a00000)]
  0x0000022e64acc1a0 JavaThread "pool-1-thread-5" [_thread_blocked, id=12900, stack(0x00000035c0a00000,0x00000035c0b00000)]
  0x0000022e64acd0d0 JavaThread "pool-1-thread-6" [_thread_blocked, id=8492, stack(0x00000035c0b00000,0x00000035c0c00000)]
  0x0000022e64acea20 JavaThread "pool-1-thread-7" [_thread_blocked, id=4696, stack(0x00000035c0c00000,0x00000035c0d00000)]
  0x0000022e64ace000 JavaThread "pool-1-thread-8" [_thread_blocked, id=2180, stack(0x00000035c0d00000,0x00000035c0e00000)]
  0x0000022e64acef30 JavaThread "pool-1-thread-9" [_thread_blocked, id=18864, stack(0x00000035c0e00000,0x00000035c0f00000)]
  0x0000022e64acd5e0 JavaThread "pool-1-thread-10" [_thread_blocked, id=6968, stack(0x00000035c0f00000,0x00000035c1000000)]
  0x0000022e64acdaf0 JavaThread "pool-1-thread-11" [_thread_blocked, id=18872, stack(0x00000035c1000000,0x00000035c1100000)]
  0x0000022e64ab6450 JavaThread "pool-1-thread-12" [_thread_blocked, id=7512, stack(0x00000035c1100000,0x00000035c1200000)]
  0x0000022e64ab6960 JavaThread "pool-1-thread-13" [_thread_blocked, id=10696, stack(0x00000035c1200000,0x00000035c1300000)]
  0x0000022e64ab6e70 JavaThread "pool-1-thread-14" [_thread_blocked, id=7268, stack(0x00000035c1300000,0x00000035c1400000)]
  0x0000022e64ab36c0 JavaThread "pool-1-thread-15" [_thread_blocked, id=7020, stack(0x00000035c1400000,0x00000035c1500000)]
  0x0000022e64ab45f0 JavaThread "pool-1-thread-16" [_thread_blocked, id=3500, stack(0x00000035c1500000,0x00000035c1600000)]
  0x0000022e64ab7380 JavaThread "pool-1-thread-17" [_thread_blocked, id=10176, stack(0x00000035c1600000,0x00000035c1700000)]
  0x0000022e64ab3bd0 JavaThread "pool-1-thread-18" [_thread_blocked, id=16036, stack(0x00000035c1700000,0x00000035c1800000)]
  0x0000022e64ab5f40 JavaThread "pool-1-thread-19" [_thread_blocked, id=18792, stack(0x00000035c1800000,0x00000035c1900000)]
  0x0000022e64ab7890 JavaThread "pool-1-thread-20" [_thread_blocked, id=10804, stack(0x00000035c1900000,0x00000035c1a00000)]
  0x0000022e64ab40e0 JavaThread "AWT-Shutdown" [_thread_blocked, id=17388, stack(0x00000035c0400000,0x00000035c0500000)]

Other Threads:
=>0x0000022e1d4d7d20 VMThread "VM Thread" [stack: 0x00000035be100000,0x00000035be200000] [id=3824]
  0x0000022e7fadd480 GCTaskThread "GC Thread#0" [stack: 0x00000035bdc00000,0x00000035bdd00000] [id=7384]
  0x0000022e646172f0 GCTaskThread "GC Thread#1" [stack: 0x00000035bfa00000,0x00000035bfb00000] [id=19128]
  0x0000022e646175b0 GCTaskThread "GC Thread#2" [stack: 0x00000035bfb00000,0x00000035bfc00000] [id=3204]
  0x0000022e64617870 GCTaskThread "GC Thread#3" [stack: 0x00000035bfc00000,0x00000035bfd00000] [id=5132]
  0x0000022e64617b30 GCTaskThread "GC Thread#4" [stack: 0x00000035bfd00000,0x00000035bfe00000] [id=15600]
  0x0000022e64617df0 GCTaskThread "GC Thread#5" [stack: 0x00000035bfe00000,0x00000035bff00000] [id=11148]
  0x0000022e6465eb20 GCTaskThread "GC Thread#6" [stack: 0x00000035bff00000,0x00000035c0000000] [id=10388]
  0x0000022e6465ede0 GCTaskThread "GC Thread#7" [stack: 0x00000035c0000000,0x00000035c0100000] [id=17816]
  0x0000022e7fae72f0 ConcurrentGCThread "G1 Main Marker" terminated
  0x0000022e7fae97a0 ConcurrentGCThread "G1 Conc#0" [stack: 0x00000035bde00000,0x00000035bdf00000] [id=15372]
  0x0000022e722065d0 ConcurrentGCThread "G1 Conc#1" [stack: 0x00000035c1c00000,0x00000035c1d00000] [id=1760]
  0x0000022e1d3a0090 ConcurrentGCThread "G1 Refine#0" terminated
  0x0000022e72148e80 ConcurrentGCThread "G1 Refine#1" terminated
  0x0000022e72244d40 ConcurrentGCThread "G1 Refine#2" terminated
  0x0000022e1d3a0770 ConcurrentGCThread "G1 Service" terminated

Threads with active compile tasks:

VM state: at safepoint (shutting down)

VM Mutex/Monitor currently owned by a thread:  ([mutex/lock_event])
[0x0000022e7f56bcb0] Threads_lock - owner thread: 0x0000022e1d4d7d20
[0x0000022e7f56ba70] Heap_lock - owner thread: 0x0000022e1da0bb80

Heap address: 0x00000000c0000000, size: 1024 MB, Compressed Oops mode: 32-bit

CDS archive(s) mapped at: [0x0000022e1e000000-0x0000022e1ebb0000-0x0000022e1ebb0000), size 12255232, SharedBaseAddress: 0x0000022e1e000000, ArchiveRelocationMode: 1.
Compressed class space mapped at: 0x0000022e1f000000-0x0000022e5f000000, reserved size: 1073741824
Narrow klass base: 0x0000022e1e000000, Narrow klass shift: 0, Narrow klass range: 0x100000000

GC Precious Log:
 CPUs: 8 total, 8 available
 Memory: 7975M
 Large Page Support: Disabled
 NUMA Support: Disabled
 Compressed Oops: Enabled (32-bit)
 Heap Region Size: 1M
 Heap Min Capacity: 64M
 Heap Initial Capacity: 64M
 Heap Max Capacity: 1G
 Pre-touch: Disabled
 Parallel Workers: 8
 Concurrent Workers: 2
 Concurrent Refinement Workers: 8
 Periodic GC: Disabled

Heap:
 garbage-first heap   total 147456K, used 92821K [0x00000000c0000000, 0x0000000100000000)
  region size 1024K, 12 young (12288K), 3 survivors (3072K)
 Metaspace       used 12855K, committed 13056K, reserved 1114112K
  class space    used 919K, committed 1024K, reserved 1048576K

Heap Regions: E=young(eden), S=young(survivor), O=old, HS=humongous(starts), HC=humongous(continues), CS=collection set, F=free, OA=open archive, CA=closed archive, TAMS=top-at-mark-start (previous, next)
|   0|0x00000000c0000000, 0x00000000c0100000, 0x00000000c0100000|100%| O|  |TAMS 0x00000000c0100000, 0x00000000c0000000| Untracked 
|   1|0x00000000c0100000, 0x00000000c0200000, 0x00000000c0200000|100%| O|  |TAMS 0x00000000c0200000, 0x00000000c0100000| Untracked 
|   2|0x00000000c0200000, 0x00000000c0300000, 0x00000000c0300000|100%| O|  |TAMS 0x00000000c0300000, 0x00000000c0200000| Untracked 
|   3|0x00000000c0300000, 0x00000000c0400000, 0x00000000c0400000|100%| O|  |TAMS 0x00000000c0400000, 0x00000000c0300000| Untracked 
|   4|0x00000000c0400000, 0x00000000c0500000, 0x00000000c0500000|100%| O|  |TAMS 0x00000000c0500000, 0x00000000c0400000| Untracked 
|   5|0x00000000c0500000, 0x00000000c0600000, 0x00000000c0600000|100%| O|  |TAMS 0x00000000c0600000, 0x00000000c0500000| Untracked 
|   6|0x00000000c0600000, 0x00000000c0700000, 0x00000000c0700000|100%| O|  |TAMS 0x00000000c0700000, 0x00000000c0600000| Untracked 
|   7|0x00000000c0700000, 0x00000000c0705c00, 0x00000000c0800000|  2%| O|  |TAMS 0x00000000c0705c00, 0x00000000c0700000| Untracked 
|   8|0x00000000c0800000, 0x00000000c0800000, 0x00000000c0900000|  0%| F|  |TAMS 0x00000000c0800000, 0x00000000c0800000| Untracked 
|   9|0x00000000c0900000, 0x00000000c0a00000, 0x00000000c0a00000|100%| O|  |TAMS 0x00000000c0a00000, 0x00000000c0900000| Untracked 
|  10|0x00000000c0a00000, 0x00000000c0b00000, 0x00000000c0b00000|100%|HS|  |TAMS 0x00000000c0b00000, 0x00000000c0a00000| Complete 
|  11|0x00000000c0b00000, 0x00000000c0c00000, 0x00000000c0c00000|100%|HC|  |TAMS 0x00000000c0c00000, 0x00000000c0b00000| Complete 
|  12|0x00000000c0c00000, 0x00000000c0d00000, 0x00000000c0d00000|100%|HC|  |TAMS 0x00000000c0d00000, 0x00000000c0c00000| Complete 
|  13|0x00000000c0d00000, 0x00000000c0e00000, 0x00000000c0e00000|100%|HC|  |TAMS 0x00000000c0e00000, 0x00000000c0d00000| Complete 
|  14|0x00000000c0e00000, 0x00000000c0f00000, 0x00000000c0f00000|100%|HC|  |TAMS 0x00000000c0f00000, 0x00000000c0e00000| Complete 
|  15|0x00000000c0f00000, 0x00000000c1000000, 0x00000000c1000000|100%|HC|  |TAMS 0x00000000c1000000, 0x00000000c0f00000| Complete 
|  16|0x00000000c1000000, 0x00000000c1100000, 0x00000000c1100000|100%|HC|  |TAMS 0x00000000c1100000, 0x00000000c1000000| Complete 
|  17|0x00000000c1100000, 0x00000000c1200000, 0x00000000c1200000|100%|HC|  |TAMS 0x00000000c1200000, 0x00000000c1100000| Complete 
|  18|0x00000000c1200000, 0x00000000c1300000, 0x00000000c1300000|100%|HC|  |TAMS 0x00000000c1300000, 0x00000000c1200000| Complete 
|  19|0x00000000c1300000, 0x00000000c1400000, 0x00000000c1400000|100%|HC|  |TAMS 0x00000000c1400000, 0x00000000c1300000| Complete 
|  20|0x00000000c1400000, 0x00000000c1500000, 0x00000000c1500000|100%|HC|  |TAMS 0x00000000c1500000, 0x00000000c1400000| Complete 
|  21|0x00000000c1500000, 0x00000000c1600000, 0x00000000c1600000|100%|HC|  |TAMS 0x00000000c1600000, 0x00000000c1500000| Complete 
|  22|0x00000000c1600000, 0x00000000c1700000, 0x00000000c1700000|100%|HC|  |TAMS 0x00000000c1700000, 0x00000000c1600000| Complete 
|  23|0x00000000c1700000, 0x00000000c1800000, 0x00000000c1800000|100%|HC|  |TAMS 0x00000000c1800000, 0x00000000c1700000| Complete 
|  24|0x00000000c1800000, 0x00000000c1900000, 0x00000000c1900000|100%|HC|  |TAMS 0x00000000c1900000, 0x00000000c1800000| Complete 
|  25|0x00000000c1900000, 0x00000000c1a00000, 0x00000000c1a00000|100%|HC|  |TAMS 0x00000000c1a00000, 0x00000000c1900000| Complete 
|  26|0x00000000c1a00000, 0x00000000c1b00000, 0x00000000c1b00000|100%|HC|  |TAMS 0x00000000c1b00000, 0x00000000c1a00000| Complete 
|  27|0x00000000c1b00000, 0x00000000c1b00000, 0x00000000c1c00000|  0%| F|  |TAMS 0x00000000c1b00000, 0x00000000c1b00000| Untracked 
|  28|0x00000000c1c00000, 0x00000000c1d00000, 0x00000000c1d00000|100%|HS|  |TAMS 0x00000000c1d00000, 0x00000000c1c00000| Complete 
|  29|0x00000000c1d00000, 0x00000000c1e00000, 0x00000000c1e00000|100%|HC|  |TAMS 0x00000000c1e00000, 0x00000000c1d00000| Complete 
|  30|0x00000000c1e00000, 0x00000000c1f00000, 0x00000000c1f00000|100%|HC|  |TAMS 0x00000000c1f00000, 0x00000000c1e00000| Complete 
|  31|0x00000000c1f00000, 0x00000000c2000000, 0x00000000c2000000|100%|HC|  |TAMS 0x00000000c2000000, 0x00000000c1f00000| Complete 
|  32|0x00000000c2000000, 0x00000000c2100000, 0x00000000c2100000|100%|HC|  |TAMS 0x00000000c2100000, 0x00000000c2000000| Complete 
|  33|0x00000000c2100000, 0x00000000c2200000, 0x00000000c2200000|100%| O|  |TAMS 0x00000000c2200000, 0x00000000c2100000| Untracked 
|  34|0x00000000c2200000, 0x00000000c2300000, 0x00000000c2300000|100%| O|  |TAMS 0x00000000c2300000, 0x00000000c2200000| Untracked 
|  35|0x00000000c2300000, 0x00000000c2400000, 0x00000000c2400000|100%| O|  |TAMS 0x00000000c2400000, 0x00000000c2300000| Untracked 
|  36|0x00000000c2400000, 0x00000000c2500000, 0x00000000c2500000|100%|HS|  |TAMS 0x00000000c2500000, 0x00000000c2400000| Complete 
|  37|0x00000000c2500000, 0x00000000c2600000, 0x00000000c2600000|100%|HC|  |TAMS 0x00000000c2600000, 0x00000000c2500000| Complete 
|  38|0x00000000c2600000, 0x00000000c2700000, 0x00000000c2700000|100%|HC|  |TAMS 0x00000000c2700000, 0x00000000c2600000| Complete 
|  39|0x00000000c2700000, 0x00000000c2800000, 0x00000000c2800000|100%|HC|  |TAMS 0x00000000c2800000, 0x00000000c2700000| Complete 
|  40|0x00000000c2800000, 0x00000000c2900000, 0x00000000c2900000|100%|HC|  |TAMS 0x00000000c2900000, 0x00000000c2800000| Complete 
|  41|0x00000000c2900000, 0x00000000c2a00000, 0x00000000c2a00000|100%|HC|  |TAMS 0x00000000c2a00000, 0x00000000c2900000| Complete 
|  42|0x00000000c2a00000, 0x00000000c2b00000, 0x00000000c2b00000|100%|HC|  |TAMS 0x00000000c2b00000, 0x00000000c2a00000| Complete 
|  43|0x00000000c2b00000, 0x00000000c2c00000, 0x00000000c2c00000|100%|HC|  |TAMS 0x00000000c2c00000, 0x00000000c2b00000| Complete 
|  44|0x00000000c2c00000, 0x00000000c2d00000, 0x00000000c2d00000|100%|HC|  |TAMS 0x00000000c2d00000, 0x00000000c2c00000| Complete 
|  45|0x00000000c2d00000, 0x00000000c2e00000, 0x00000000c2e00000|100%|HC|  |TAMS 0x00000000c2e00000, 0x00000000c2d00000| Complete 
|  46|0x00000000c2e00000, 0x00000000c2f00000, 0x00000000c2f00000|100%|HC|  |TAMS 0x00000000c2f00000, 0x00000000c2e00000| Complete 
|  47|0x00000000c2f00000, 0x00000000c3000000, 0x00000000c3000000|100%|HC|  |TAMS 0x00000000c3000000, 0x00000000c2f00000| Complete 
|  48|0x00000000c3000000, 0x00000000c3100000, 0x00000000c3100000|100%|HC|  |TAMS 0x00000000c3100000, 0x00000000c3000000| Complete 
|  49|0x00000000c3100000, 0x00000000c3200000, 0x00000000c3200000|100%|HS|  |TAMS 0x00000000c3200000, 0x00000000c3100000| Complete 
|  50|0x00000000c3200000, 0x00000000c3300000, 0x00000000c3300000|100%|HC|  |TAMS 0x00000000c3300000, 0x00000000c3200000| Complete 
|  51|0x00000000c3300000, 0x00000000c3400000, 0x00000000c3400000|100%|HC|  |TAMS 0x00000000c3400000, 0x00000000c3300000| Complete 
|  52|0x00000000c3400000, 0x00000000c3500000, 0x00000000c3500000|100%|HC|  |TAMS 0x00000000c3500000, 0x00000000c3400000| Complete 
|  53|0x00000000c3500000, 0x00000000c3600000, 0x00000000c3600000|100%|HC|  |TAMS 0x00000000c3600000, 0x00000000c3500000| Complete 
|  54|0x00000000c3600000, 0x00000000c3700000, 0x00000000c3700000|100%|HC|  |TAMS 0x00000000c3700000, 0x00000000c3600000| Complete 
|  55|0x00000000c3700000, 0x00000000c3800000, 0x00000000c3800000|100%|HC|  |TAMS 0x00000000c3800000, 0x00000000c3700000| Complete 
|  56|0x00000000c3800000, 0x00000000c3900000, 0x00000000c3900000|100%|HC|  |TAMS 0x00000000c3900000, 0x00000000c3800000| Complete 
|  57|0x00000000c3900000, 0x00000000c3a00000, 0x00000000c3a00000|100%|HC|  |TAMS 0x00000000c3a00000, 0x00000000c3900000| Complete 
|  58|0x00000000c3a00000, 0x00000000c3a00000, 0x00000000c3b00000|  0%| F|  |TAMS 0x00000000c3a00000, 0x00000000c3a00000| Untracked 
|  59|0x00000000c3b00000, 0x00000000c3b00000, 0x00000000c3c00000|  0%| F|  |TAMS 0x00000000c3b00000, 0x00000000c3b00000| Untracked 
|  60|0x00000000c3c00000, 0x00000000c3c00000, 0x00000000c3d00000|  0%| F|  |TAMS 0x00000000c3c00000, 0x00000000c3c00000| Untracked 
|  61|0x00000000c3d00000, 0x00000000c3d00000, 0x00000000c3e00000|  0%| F|  |TAMS 0x00000000c3d00000, 0x00000000c3d00000| Untracked 
|  62|0x00000000c3e00000, 0x00000000c3e00000, 0x00000000c3f00000|  0%| F|  |TAMS 0x00000000c3e00000, 0x00000000c3e00000| Untracked 
|  63|0x00000000c3f00000, 0x00000000c3f00000, 0x00000000c4000000|  0%| F|  |TAMS 0x00000000c3f00000, 0x00000000c3f00000| Untracked 
|  64|0x00000000c4000000, 0x00000000c4100000, 0x00000000c4100000|100%|HS|  |TAMS 0x00000000c4100000, 0x00000000c4000000| Complete 
|  65|0x00000000c4100000, 0x00000000c4200000, 0x00000000c4200000|100%|HC|  |TAMS 0x00000000c4200000, 0x00000000c4100000| Complete 
|  66|0x00000000c4200000, 0x00000000c4300000, 0x00000000c4300000|100%|HC|  |TAMS 0x00000000c4300000, 0x00000000c4200000| Complete 
|  67|0x00000000c4300000, 0x00000000c4400000, 0x00000000c4400000|100%|HC|  |TAMS 0x00000000c4400000, 0x00000000c4300000| Complete 
|  68|0x00000000c4400000, 0x00000000c4500000, 0x00000000c4500000|100%|HC|  |TAMS 0x00000000c4500000, 0x00000000c4400000| Complete 
|  69|0x00000000c4500000, 0x00000000c4600000, 0x00000000c4600000|100%|HS|  |TAMS 0x00000000c4600000, 0x00000000c4500000| Complete 
|  70|0x00000000c4600000, 0x00000000c4700000, 0x00000000c4700000|100%|HC|  |TAMS 0x00000000c4700000, 0x00000000c4600000| Complete 
|  71|0x00000000c4700000, 0x00000000c4800000, 0x00000000c4800000|100%|HC|  |TAMS 0x00000000c4800000, 0x00000000c4700000| Complete 
|  72|0x00000000c4800000, 0x00000000c4900000, 0x00000000c4900000|100%|HC|  |TAMS 0x00000000c4900000, 0x00000000c4800000| Complete 
|  73|0x00000000c4900000, 0x00000000c4a00000, 0x00000000c4a00000|100%|HC|  |TAMS 0x00000000c4a00000, 0x00000000c4900000| Complete 
|  74|0x00000000c4a00000, 0x00000000c4b00000, 0x00000000c4b00000|100%|HS|  |TAMS 0x00000000c4b00000, 0x00000000c4a00000| Complete 
|  75|0x00000000c4b00000, 0x00000000c4c00000, 0x00000000c4c00000|100%|HC|  |TAMS 0x00000000c4c00000, 0x00000000c4b00000| Complete 
|  76|0x00000000c4c00000, 0x00000000c4d00000, 0x00000000c4d00000|100%|HC|  |TAMS 0x00000000c4d00000, 0x00000000c4c00000| Complete 
|  77|0x00000000c4d00000, 0x00000000c4e00000, 0x00000000c4e00000|100%|HC|  |TAMS 0x00000000c4e00000, 0x00000000c4d00000| Complete 
|  78|0x00000000c4e00000, 0x00000000c4f00000, 0x00000000c4f00000|100%|HC|  |TAMS 0x00000000c4f00000, 0x00000000c4e00000| Complete 
|  79|0x00000000c4f00000, 0x00000000c5000000, 0x00000000c5000000|100%|HS|  |TAMS 0x00000000c5000000, 0x00000000c4f00000| Complete 
|  80|0x00000000c5000000, 0x00000000c5100000, 0x00000000c5100000|100%|HC|  |TAMS 0x00000000c5100000, 0x00000000c5000000| Complete 
|  81|0x00000000c5100000, 0x00000000c5200000, 0x00000000c5200000|100%|HC|  |TAMS 0x00000000c5200000, 0x00000000c5100000| Complete 
|  82|0x00000000c5200000, 0x00000000c5300000, 0x00000000c5300000|100%|HC|  |TAMS 0x00000000c5300000, 0x00000000c5200000| Complete 
|  83|0x00000000c5300000, 0x00000000c5400000, 0x00000000c5400000|100%|HC|  |TAMS 0x00000000c5400000, 0x00000000c5300000| Complete 
|  84|0x00000000c5400000, 0x00000000c5500000, 0x00000000c5500000|100%|HS|  |TAMS 0x00000000c5500000, 0x00000000c5400000| Complete 
|  85|0x00000000c5500000, 0x00000000c5600000, 0x00000000c5600000|100%|HC|  |TAMS 0x00000000c5600000, 0x00000000c5500000| Complete 
|  86|0x00000000c5600000, 0x00000000c5700000, 0x00000000c5700000|100%|HC|  |TAMS 0x00000000c5700000, 0x00000000c5600000| Complete 
|  87|0x00000000c5700000, 0x00000000c5800000, 0x00000000c5800000|100%|HC|  |TAMS 0x00000000c5800000, 0x00000000c5700000| Complete 
|  88|0x00000000c5800000, 0x00000000c5900000, 0x00000000c5900000|100%|HC|  |TAMS 0x00000000c5900000, 0x00000000c5800000| Complete 
|  89|0x00000000c5900000, 0x00000000c5900000, 0x00000000c5a00000|  0%| F|  |TAMS 0x00000000c5900000, 0x00000000c5900000| Untracked 
|  90|0x00000000c5a00000, 0x00000000c5a00000, 0x00000000c5b00000|  0%| F|  |TAMS 0x00000000c5a00000, 0x00000000c5a00000| Untracked 
|  91|0x00000000c5b00000, 0x00000000c5b00000, 0x00000000c5c00000|  0%| F|  |TAMS 0x00000000c5b00000, 0x00000000c5b00000| Untracked 
|  92|0x00000000c5c00000, 0x00000000c5c00000, 0x00000000c5d00000|  0%| F|  |TAMS 0x00000000c5c00000, 0x00000000c5c00000| Untracked 
|  93|0x00000000c5d00000, 0x00000000c5d00000, 0x00000000c5e00000|  0%| F|  |TAMS 0x00000000c5d00000, 0x00000000c5d00000| Untracked 
|  94|0x00000000c5e00000, 0x00000000c5e00000, 0x00000000c5f00000|  0%| F|  |TAMS 0x00000000c5e00000, 0x00000000c5e00000| Untracked 
|  95|0x00000000c5f00000, 0x00000000c5f00000, 0x00000000c6000000|  0%| F|  |TAMS 0x00000000c5f00000, 0x00000000c5f00000| Untracked 
|  96|0x00000000c6000000, 0x00000000c6000000, 0x00000000c6100000|  0%| F|  |TAMS 0x00000000c6000000, 0x00000000c6000000| Untracked 
|  97|0x00000000c6100000, 0x00000000c6100000, 0x00000000c6200000|  0%| F|  |TAMS 0x00000000c6100000, 0x00000000c6100000| Untracked 
|  98|0x00000000c6200000, 0x00000000c6200000, 0x00000000c6300000|  0%| F|  |TAMS 0x00000000c6200000, 0x00000000c6200000| Untracked 
|  99|0x00000000c6300000, 0x00000000c6300000, 0x00000000c6400000|  0%| F|  |TAMS 0x00000000c6300000, 0x00000000c6300000| Untracked 
| 100|0x00000000c6400000, 0x00000000c6400000, 0x00000000c6500000|  0%| F|  |TAMS 0x00000000c6400000, 0x00000000c6400000| Untracked 
| 101|0x00000000c6500000, 0x00000000c6500000, 0x00000000c6600000|  0%| F|  |TAMS 0x00000000c6500000, 0x00000000c6500000| Untracked 
| 102|0x00000000c6600000, 0x00000000c669f820, 0x00000000c6700000| 62%| S|CS|TAMS 0x00000000c6600000, 0x00000000c6600000| Complete 
| 103|0x00000000c6700000, 0x00000000c6800000, 0x00000000c6800000|100%| S|CS|TAMS 0x00000000c6700000, 0x00000000c6700000| Complete 
| 104|0x00000000c6800000, 0x00000000c6900000, 0x00000000c6900000|100%| S|CS|TAMS 0x00000000c6800000, 0x00000000c6800000| Complete 
| 105|0x00000000c6900000, 0x00000000c6900000, 0x00000000c6a00000|  0%| F|  |TAMS 0x00000000c6900000, 0x00000000c6900000| Untracked 
| 106|0x00000000c6a00000, 0x00000000c6a00000, 0x00000000c6b00000|  0%| F|  |TAMS 0x00000000c6a00000, 0x00000000c6a00000| Untracked 
| 107|0x00000000c6b00000, 0x00000000c6b00000, 0x00000000c6c00000|  0%| F|  |TAMS 0x00000000c6b00000, 0x00000000c6b00000| Untracked 
| 108|0x00000000c6c00000, 0x00000000c6c00000, 0x00000000c6d00000|  0%| F|  |TAMS 0x00000000c6c00000, 0x00000000c6c00000| Untracked 
| 109|0x00000000c6d00000, 0x00000000c6d00000, 0x00000000c6e00000|  0%| F|  |TAMS 0x00000000c6d00000, 0x00000000c6d00000| Untracked 
| 110|0x00000000c6e00000, 0x00000000c6e00000, 0x00000000c6f00000|  0%| F|  |TAMS 0x00000000c6e00000, 0x00000000c6e00000| Untracked 
| 111|0x00000000c6f00000, 0x00000000c6f00000, 0x00000000c7000000|  0%| F|  |TAMS 0x00000000c6f00000, 0x00000000c6f00000| Untracked 
| 112|0x00000000c7000000, 0x00000000c7000000, 0x00000000c7100000|  0%| F|  |TAMS 0x00000000c7000000, 0x00000000c7000000| Untracked 
| 113|0x00000000c7100000, 0x00000000c7100000, 0x00000000c7200000|  0%| F|  |TAMS 0x00000000c7100000, 0x00000000c7100000| Untracked 
| 114|0x00000000c7200000, 0x00000000c7200000, 0x00000000c7300000|  0%| F|  |TAMS 0x00000000c7200000, 0x00000000c7200000| Untracked 
| 115|0x00000000c7300000, 0x00000000c7300000, 0x00000000c7400000|  0%| F|  |TAMS 0x00000000c7300000, 0x00000000c7300000| Untracked 
| 116|0x00000000c7400000, 0x00000000c7400000, 0x00000000c7500000|  0%| F|  |TAMS 0x00000000c7400000, 0x00000000c7400000| Untracked 
| 117|0x00000000c7500000, 0x00000000c7500000, 0x00000000c7600000|  0%| F|  |TAMS 0x00000000c7500000, 0x00000000c7500000| Untracked 
| 118|0x00000000c7600000, 0x00000000c7600000, 0x00000000c7700000|  0%| F|  |TAMS 0x00000000c7600000, 0x00000000c7600000| Untracked 
| 119|0x00000000c7700000, 0x00000000c7700000, 0x00000000c7800000|  0%| F|  |TAMS 0x00000000c7700000, 0x00000000c7700000| Untracked 
| 120|0x00000000c7800000, 0x00000000c7800000, 0x00000000c7900000|  0%| F|  |TAMS 0x00000000c7800000, 0x00000000c7800000| Untracked 
| 121|0x00000000c7900000, 0x00000000c7900000, 0x00000000c7a00000|  0%| F|  |TAMS 0x00000000c7900000, 0x00000000c7900000| Untracked 
| 122|0x00000000c7a00000, 0x00000000c7a00000, 0x00000000c7b00000|  0%| F|  |TAMS 0x00000000c7a00000, 0x00000000c7a00000| Untracked 
| 123|0x00000000c7b00000, 0x00000000c7b00000, 0x00000000c7c00000|  0%| F|  |TAMS 0x00000000c7b00000, 0x00000000c7b00000| Untracked 
| 124|0x00000000c7c00000, 0x00000000c7c00000, 0x00000000c7d00000|  0%| F|  |TAMS 0x00000000c7c00000, 0x00000000c7c00000| Untracked 
| 125|0x00000000c7d00000, 0x00000000c7d00000, 0x00000000c7e00000|  0%| F|  |TAMS 0x00000000c7d00000, 0x00000000c7d00000| Untracked 
| 126|0x00000000c7e00000, 0x00000000c7e00000, 0x00000000c7f00000|  0%| F|  |TAMS 0x00000000c7e00000, 0x00000000c7e00000| Untracked 
| 127|0x00000000c7f00000, 0x00000000c7f00000, 0x00000000c8000000|  0%| F|  |TAMS 0x00000000c7f00000, 0x00000000c7f00000| Untracked 
| 128|0x00000000c8000000, 0x00000000c8000000, 0x00000000c8100000|  0%| F|  |TAMS 0x00000000c8000000, 0x00000000c8000000| Untracked 
| 129|0x00000000c8100000, 0x00000000c8100000, 0x00000000c8200000|  0%| F|  |TAMS 0x00000000c8100000, 0x00000000c8100000| Untracked 
| 130|0x00000000c8200000, 0x00000000c8200000, 0x00000000c8300000|  0%| F|  |TAMS 0x00000000c8200000, 0x00000000c8200000| Untracked 
| 131|0x00000000c8300000, 0x00000000c8300000, 0x00000000c8400000|  0%| F|  |TAMS 0x00000000c8300000, 0x00000000c8300000| Untracked 
| 132|0x00000000c8400000, 0x00000000c8400000, 0x00000000c8500000|  0%| F|  |TAMS 0x00000000c8400000, 0x00000000c8400000| Untracked 
| 133|0x00000000c8500000, 0x00000000c8500000, 0x00000000c8600000|  0%| F|  |TAMS 0x00000000c8500000, 0x00000000c8500000| Untracked 
| 134|0x00000000c8600000, 0x00000000c8600000, 0x00000000c8700000|  0%| F|  |TAMS 0x00000000c8600000, 0x00000000c8600000| Untracked 
| 135|0x00000000c8700000, 0x00000000c87c73d8, 0x00000000c8800000| 77%| E|  |TAMS 0x00000000c8700000, 0x00000000c8700000| Complete 
| 136|0x00000000c8800000, 0x00000000c8900000, 0x00000000c8900000|100%| E|CS|TAMS 0x00000000c8800000, 0x00000000c8800000| Complete 
| 137|0x00000000c8900000, 0x00000000c8a00000, 0x00000000c8a00000|100%| E|CS|TAMS 0x00000000c8900000, 0x00000000c8900000| Complete 
| 138|0x00000000c8a00000, 0x00000000c8b00000, 0x00000000c8b00000|100%| E|CS|TAMS 0x00000000c8a00000, 0x00000000c8a00000| Complete 
| 139|0x00000000c8b00000, 0x00000000c8c00000, 0x00000000c8c00000|100%| E|CS|TAMS 0x00000000c8b00000, 0x00000000c8b00000| Complete 
| 140|0x00000000c8c00000, 0x00000000c8d00000, 0x00000000c8d00000|100%| E|CS|TAMS 0x00000000c8c00000, 0x00000000c8c00000| Complete 
| 141|0x00000000c8d00000, 0x00000000c8e00000, 0x00000000c8e00000|100%| E|CS|TAMS 0x00000000c8d00000, 0x00000000c8d00000| Complete 
| 142|0x00000000c8e00000, 0x00000000c8f00000, 0x00000000c8f00000|100%| E|CS|TAMS 0x00000000c8e00000, 0x00000000c8e00000| Complete 
| 143|0x00000000c8f00000, 0x00000000c9000000, 0x00000000c9000000|100%| E|CS|TAMS 0x00000000c8f00000, 0x00000000c8f00000| Complete 

Card table byte_map: [0x0000022e18700000,0x0000022e18900000] _byte_map_base: 0x0000022e18100000

Marking Bits (Prev, Next): (CMBitMap*) 0x0000022e7fadea00, (CMBitMap*) 0x0000022e7fade9c0
 Prev Bits: [0x0000022e19b00000, 0x0000022e1ab00000)
 Next Bits: [0x0000022e18b00000, 0x0000022e19b00000)

Polling page: 0x0000022e7f630000

Metaspace:

Usage:
  Non-class:     11.66 MB used.
      Class:    919.25 KB used.
       Both:     12.55 MB used.

Virtual space:
  Non-class space:       64.00 MB reserved,      11.75 MB ( 18%) committed,  1 nodes.
      Class space:        1.00 GB reserved,       1.00 MB ( <1%) committed,  1 nodes.
             Both:        1.06 GB reserved,      12.75 MB (  1%) committed. 

Chunk freelists:
   Non-Class:  3.95 MB
       Class:  14.91 MB
        Both:  18.86 MB

MaxMetaspaceSize: unlimited
CompressedClassSpaceSize: 1.00 GB
Initial GC threshold: 21.00 MB
Current GC threshold: 21.00 MB
CDS: on
MetaspaceReclaimPolicy: balanced
 - commit_granule_bytes: 65536.
 - commit_granule_words: 8192.
 - virtual_space_node_default_size: 8388608.
 - enlarge_chunks_in_place: 1.
 - new_chunks_are_fully_committed: 0.
 - uncommit_free_chunks: 1.
 - use_allocation_guard: 0.
 - handle_deallocations: 1.


Internal statistics:

num_allocs_failed_limit: 0.
num_arena_births: 106.
num_arena_deaths: 0.
num_vsnodes_births: 2.
num_vsnodes_deaths: 0.
num_space_committed: 200.
num_space_uncommitted: 0.
num_chunks_returned_to_freelist: 0.
num_chunks_taken_from_freelist: 383.
num_chunk_merges: 0.
num_chunk_splits: 298.
num_chunks_enlarged: 236.
num_inconsistent_stats: 0.

CodeHeap 'non-profiled nmethods': size=120000Kb used=722Kb max_used=722Kb free=119277Kb
 bounds [0x0000022e10960000, 0x0000022e10bd0000, 0x0000022e17e90000]
CodeHeap 'profiled nmethods': size=120000Kb used=2749Kb max_used=2749Kb free=117250Kb
 bounds [0x0000022e08e90000, 0x0000022e09140000, 0x0000022e103c0000]
CodeHeap 'non-nmethods': size=5760Kb used=1613Kb max_used=1646Kb free=4146Kb
 bounds [0x0000022e103c0000, 0x0000022e10630000, 0x0000022e10960000]
 total_blobs=2399 nmethods=1461 adapters=851
 compilation: enabled
              stopped_count=0, restarted_count=0
 full_count=0

Compilation events (20 events):
Event: 5.700 Thread 0x0000022e1d4fe980 1452   !   3       jdk.internal.misc.ScopedMemoryAccess::copyMemory (31 bytes)
Event: 5.700 Thread 0x0000022e1d4fe980 nmethod 1452 0x0000022e0913ac90 code [0x0000022e0913aea0, 0x0000022e0913b578]
Event: 5.700 Thread 0x0000022e1d4fe980 1453   !   3       jdk.internal.misc.ScopedMemoryAccess::copyMemoryInternal (60 bytes)
Event: 5.700 Thread 0x0000022e1d4fe980 nmethod 1453 0x0000022e0913b990 code [0x0000022e0913bb80, 0x0000022e0913c108]
Event: 5.701 Thread 0x0000022e1d4fe980 1454       3       com.jogamp.nativewindow.DefaultGraphicsConfiguration::getNativeGraphicsConfiguration (2 bytes)
Event: 5.701 Thread 0x0000022e1d4fe980 nmethod 1454 0x0000022e0913c410 code [0x0000022e0913c5a0, 0x0000022e0913c6b8]
Event: 5.820 Thread 0x0000022e1d4fe980 1455       1       java.nio.DirectFloatBufferU::isReadOnly (2 bytes)
Event: 5.821 Thread 0x0000022e1d4fe980 nmethod 1455 0x0000022e10a14490 code [0x0000022e10a14620, 0x0000022e10a146f8]
Event: 5.821 Thread 0x0000022e1d4fe980 1456       1       java.nio.DirectFloatBufferU::base (2 bytes)
Event: 5.821 Thread 0x0000022e1d4fe980 nmethod 1456 0x0000022e10a14790 code [0x0000022e10a14920, 0x0000022e10a149f8]
Event: 5.822 Thread 0x0000022e1d4fe980 1457       3       java.lang.AbstractStringBuilder::append (55 bytes)
Event: 5.822 Thread 0x0000022e1d4fe980 nmethod 1457 0x0000022e0913c790 code [0x0000022e0913c960, 0x0000022e0913cc98]
Event: 5.845 Thread 0x0000022e1d4fe980 1458       3       java.lang.ThreadLocal::get (38 bytes)
Event: 5.846 Thread 0x0000022e1d4fe980 nmethod 1458 0x0000022e0913ce10 code [0x0000022e0913cfe0, 0x0000022e0913d338]
Event: 5.857 Thread 0x0000022e1d4fe980 1459       3       java.lang.String::newStringUTF8NoRepl (272 bytes)
Event: 5.859 Thread 0x0000022e1d4fe980 nmethod 1459 0x0000022e0913d510 code [0x0000022e0913d7e0, 0x0000022e0913e6a8]
Event: 5.859 Thread 0x0000022e1d4fe980 1460       3       jdk.internal.misc.Unsafe::getAndAddLong (27 bytes)
Event: 5.859 Thread 0x0000022e1d4fe980 nmethod 1460 0x0000022e0913ec10 code [0x0000022e0913edc0, 0x0000022e0913f008]
Event: 5.859 Thread 0x0000022e1d4fe980 1461       3       jdk.internal.misc.Unsafe::weakCompareAndSetLong (11 bytes)
Event: 5.859 Thread 0x0000022e1d4fe980 nmethod 1461 0x0000022e0913f110 code [0x0000022e0913f2a0, 0x0000022e0913f3d8]

GC Heap History (20 events):
Event: 2.224 GC heap before
{Heap before GC invocations=3 (full 0):
 garbage-first heap   total 65536K, used 36096K [0x00000000c0000000, 0x0000000100000000)
  region size 1024K, 4 young (4096K), 3 survivors (3072K)
 Metaspace       used 12536K, committed 12736K, reserved 1114112K
  class space    used 906K, committed 1024K, reserved 1048576K
}
Event: 2.224 GC heap after
{Heap after GC invocations=4 (full 0):
 garbage-first heap   total 65536K, used 36114K [0x00000000c0000000, 0x0000000100000000)
  region size 1024K, 1 young (1024K), 1 survivors (1024K)
 Metaspace       used 12536K, committed 12736K, reserved 1114112K
  class space    used 906K, committed 1024K, reserved 1048576K
}
Event: 2.486 GC heap before
{Heap before GC invocations=5 (full 0):
 garbage-first heap   total 119808K, used 94482K [0x00000000c0000000, 0x0000000100000000)
  region size 1024K, 11 young (11264K), 1 survivors (1024K)
 Metaspace       used 12698K, committed 12928K, reserved 1114112K
  class space    used 914K, committed 1024K, reserved 1048576K
}
Event: 2.488 GC heap after
{Heap after GC invocations=6 (full 0):
 garbage-first heap   total 119808K, used 85160K [0x00000000c0000000, 0x0000000100000000)
  region size 1024K, 1 young (1024K), 1 survivors (1024K)
 Metaspace       used 12698K, committed 12928K, reserved 1114112K
  class space    used 914K, committed 1024K, reserved 1048576K
}
Event: 2.572 GC heap before
{Heap before GC invocations=6 (full 0):
 garbage-first heap   total 119808K, used 89256K [0x00000000c0000000, 0x0000000100000000)
  region size 1024K, 5 young (5120K), 1 survivors (1024K)
 Metaspace       used 12704K, committed 12928K, reserved 1114112K
  class space    used 914K, committed 1024K, reserved 1048576K
}
Event: 2.575 GC heap after
{Heap after GC invocations=7 (full 0):
 garbage-first heap   total 119808K, used 85184K [0x00000000c0000000, 0x0000000100000000)
  region size 1024K, 1 young (1024K), 1 survivors (1024K)
 Metaspace       used 12704K, committed 12928K, reserved 1114112K
  class space    used 914K, committed 1024K, reserved 1048576K
}
Event: 2.755 GC heap before
{Heap before GC invocations=7 (full 0):
 garbage-first heap   total 119808K, used 96448K [0x00000000c0000000, 0x0000000100000000)
  region size 1024K, 12 young (12288K), 1 survivors (1024K)
 Metaspace       used 12713K, committed 12928K, reserved 1114112K
  class space    used 914K, committed 1024K, reserved 1048576K
}
Event: 2.758 GC heap after
{Heap after GC invocations=8 (full 0):
 garbage-first heap   total 119808K, used 86156K [0x00000000c0000000, 0x0000000100000000)
  region size 1024K, 2 young (2048K), 2 survivors (2048K)
 Metaspace       used 12713K, committed 12928K, reserved 1114112K
  class space    used 914K, committed 1024K, reserved 1048576K
}
Event: 2.937 GC heap before
{Heap before GC invocations=9 (full 0):
 garbage-first heap   total 143360K, used 95180K [0x00000000c0000000, 0x0000000100000000)
  region size 1024K, 13 young (13312K), 2 survivors (2048K)
 Metaspace       used 12717K, committed 12928K, reserved 1114112K
  class space    used 914K, committed 1024K, reserved 1048576K
}
Event: 2.939 GC heap after
{Heap after GC invocations=10 (full 0):
 garbage-first heap   total 143360K, used 83926K [0x00000000c0000000, 0x0000000100000000)
  region size 1024K, 2 young (2048K), 2 survivors (2048K)
 Metaspace       used 12717K, committed 12928K, reserved 1114112K
  class space    used 914K, committed 1024K, reserved 1048576K
}
Event: 3.411 GC heap before
{Heap before GC invocations=10 (full 0):
 garbage-first heap   total 143360K, used 111574K [0x00000000c0000000, 0x0000000100000000)
  region size 1024K, 29 young (29696K), 2 survivors (2048K)
 Metaspace       used 12760K, committed 12992K, reserved 1114112K
  class space    used 914K, committed 1024K, reserved 1048576K
}
Event: 3.412 GC heap after
{Heap after GC invocations=11 (full 0):
 garbage-first heap   total 143360K, used 83141K [0x00000000c0000000, 0x0000000100000000)
  region size 1024K, 2 young (2048K), 2 survivors (2048K)
 Metaspace       used 12760K, committed 12992K, reserved 1114112K
  class space    used 914K, committed 1024K, reserved 1048576K
}
Event: 3.913 GC heap before
{Heap before GC invocations=12 (full 0):
 garbage-first heap   total 145408K, used 112837K [0x00000000c0000000, 0x0000000100000000)
  region size 1024K, 31 young (31744K), 2 survivors (2048K)
 Metaspace       used 12778K, committed 12992K, reserved 1114112K
  class space    used 915K, committed 1024K, reserved 1048576K
}
Event: 3.915 GC heap after
{Heap after GC invocations=13 (full 0):
 garbage-first heap   total 145408K, used 84368K [0x00000000c0000000, 0x0000000100000000)
  region size 1024K, 3 young (3072K), 3 survivors (3072K)
 Metaspace       used 12778K, committed 12992K, reserved 1114112K
  class space    used 915K, committed 1024K, reserved 1048576K
}
Event: 4.466 GC heap before
{Heap before GC invocations=13 (full 0):
 garbage-first heap   total 145408K, used 116112K [0x00000000c0000000, 0x0000000100000000)
  region size 1024K, 34 young (34816K), 3 survivors (3072K)
 Metaspace       used 12783K, committed 12992K, reserved 1114112K
  class space    used 915K, committed 1024K, reserved 1048576K
}
Event: 4.468 GC heap after
{Heap after GC invocations=14 (full 0):
 garbage-first heap   total 145408K, used 84707K [0x00000000c0000000, 0x0000000100000000)
  region size 1024K, 3 young (3072K), 3 survivors (3072K)
 Metaspace       used 12783K, committed 12992K, reserved 1114112K
  class space    used 915K, committed 1024K, reserved 1048576K
}
Event: 5.048 GC heap before
{Heap before GC invocations=15 (full 0):
 garbage-first heap   total 145408K, used 117475K [0x00000000c0000000, 0x0000000100000000)
  region size 1024K, 35 young (35840K), 3 survivors (3072K)
 Metaspace       used 12789K, committed 12992K, reserved 1114112K
  class space    used 915K, committed 1024K, reserved 1048576K
}
Event: 5.050 GC heap after
{Heap after GC invocations=16 (full 0):
 garbage-first heap   total 145408K, used 83402K [0x00000000c0000000, 0x0000000100000000)
  region size 1024K, 2 young (2048K), 2 survivors (2048K)
 Metaspace       used 12789K, committed 12992K, reserved 1114112K
  class space    used 915K, committed 1024K, reserved 1048576K
}
Event: 5.642 GC heap before
{Heap before GC invocations=16 (full 0):
 garbage-first heap   total 145408K, used 119242K [0x00000000c0000000, 0x0000000100000000)
  region size 1024K, 37 young (37888K), 2 survivors (2048K)
 Metaspace       used 12806K, committed 12992K, reserved 1114112K
  class space    used 915K, committed 1024K, reserved 1048576K
}
Event: 5.646 GC heap after
{Heap after GC invocations=17 (full 0):
 garbage-first heap   total 145408K, used 84629K [0x00000000c0000000, 0x0000000100000000)
  region size 1024K, 3 young (3072K), 3 survivors (3072K)
 Metaspace       used 12806K, committed 12992K, reserved 1114112K
  class space    used 915K, committed 1024K, reserved 1048576K
}

Dll operation events (14 events):
Event: 0.010 Loaded shared library C:\Program Files\Processing\app\resources\jdk-17.0.14+7\bin\java.dll
Event: 0.026 Loaded shared library C:\Program Files\Processing\app\resources\jdk-17.0.14+7\bin\jsvml.dll
Event: 0.085 Loaded shared library C:\Program Files\Processing\app\resources\jdk-17.0.14+7\bin\net.dll
Event: 0.086 Loaded shared library C:\Program Files\Processing\app\resources\jdk-17.0.14+7\bin\nio.dll
Event: 0.090 Loaded shared library C:\Program Files\Processing\app\resources\jdk-17.0.14+7\bin\zip.dll
Event: 0.141 Loaded shared library C:\Program Files\Processing\app\resources\jdk-17.0.14+7\bin\jimage.dll
Event: 0.144 Loaded shared library C:\Program Files\Processing\app\resources\jdk-17.0.14+7\bin\awt.dll
Event: 0.576 Loaded shared library C:\Users\danil\AppData\Local\Temp\jogamp_0000\file_cache\jln1088150558408662275\jln6301435163066311658\natives\windows-amd64\gluegen_rt.dll
Event: 0.584 Loaded shared library C:\Program Files\Processing\app\resources\jdk-17.0.14+7\bin\jawt.dll
Event: 0.599 Loaded shared library C:\Users\danil\AppData\Local\Temp\jogamp_0000\file_cache\jln1088150558408662275\jln6301435163066311658\natives\windows-amd64\nativewindow_awt.dll
Event: 0.641 Loaded shared library C:\Users\danil\AppData\Local\Temp\jogamp_0000\file_cache\jln1088150558408662275\jln6301435163066311658\natives\windows-amd64\nativewindow_win32.dll
Event: 0.757 Loaded shared library C:\Users\danil\AppData\Local\Temp\jogamp_0000\file_cache\jln1088150558408662275\jln6301435163066311658\natives\windows-amd64\jogl_desktop.dll
Event: 1.000 Loaded shared library C:\Users\danil\AppData\Local\Temp\jogamp_0000\file_cache\jln1088150558408662275\jln6301435163066311658\natives\windows-amd64\jogl_mobile.dll
Event: 1.923 Loaded shared library C:\Users\danil\AppData\Local\Temp\jogamp_0000\file_cache\jln1088150558408662275\jln6301435163066311658\natives\windows-amd64\newt_head.dll

Deoptimization events (20 events):
Event: 2.464 Thread 0x0000022e1da0bb80 DEOPT PACKING pc=0x0000022e090a2dda sp=0x00000035c02fea70
Event: 2.464 Thread 0x0000022e1da0bb80 DEOPT UNPACKING pc=0x0000022e1041ace3 sp=0x00000035c02fdf60 mode 0
Event: 2.526 Thread 0x0000022e64ab7890 DEOPT PACKING pc=0x0000022e090e7ad2 sp=0x00000035c19fed90
Event: 2.526 Thread 0x0000022e64ab7890 DEOPT UNPACKING pc=0x0000022e1041ace3 sp=0x00000035c19fe2a0 mode 0
Event: 2.537 Thread 0x0000022e1da0bb80 DEOPT PACKING pc=0x0000022e090a2dda sp=0x00000035c02fea70
Event: 2.537 Thread 0x0000022e1da0bb80 DEOPT UNPACKING pc=0x0000022e1041ace3 sp=0x00000035c02fdf60 mode 0
Event: 2.538 Thread 0x0000022e1da0bb80 DEOPT PACKING pc=0x0000022e090ea463 sp=0x00000035c02fe9f0
Event: 2.538 Thread 0x0000022e1da0bb80 DEOPT UNPACKING pc=0x0000022e1041ace3 sp=0x00000035c02fdf60 mode 0
Event: 2.610 Thread 0x0000022e1da0bb80 DEOPT PACKING pc=0x0000022e090a2d80 sp=0x00000035c02fea70
Event: 2.610 Thread 0x0000022e1da0bb80 DEOPT UNPACKING pc=0x0000022e1041ace3 sp=0x00000035c02fdf60 mode 0
Event: 5.845 Thread 0x0000022e64ab82b0 Uncommon trap: trap_request=0xffffff45 fr.pc=0x0000022e10a126e0 relative=0x0000000000000060
Event: 5.845 Thread 0x0000022e64ab82b0 Uncommon trap: reason=unstable_if action=reinterpret pc=0x0000022e10a126e0 method=java.util.HashMap.keySet()Ljava/util/Set; @ 6 c2
Event: 5.845 Thread 0x0000022e64ab82b0 DEOPT PACKING pc=0x0000022e10a126e0 sp=0x00000035c05ff340
Event: 5.845 Thread 0x0000022e64ab82b0 DEOPT UNPACKING pc=0x0000022e1041a1a3 sp=0x00000035c05ff2d8 mode 2
Event: 5.845 Thread 0x0000022e6372b040 Uncommon trap: trap_request=0xffffff45 fr.pc=0x0000022e109dae68 relative=0x00000000000001e8
Event: 5.845 Thread 0x0000022e6372b040 Uncommon trap: reason=unstable_if action=reinterpret pc=0x0000022e109dae68 method=java.util.HashMap$HashIterator.<init>(Ljava/util/HashMap;)V @ 38 c2
Event: 5.845 Thread 0x0000022e6372b040 DEOPT PACKING pc=0x0000022e109dae68 sp=0x00000035bf6ff370
Event: 5.845 Thread 0x0000022e6372b040 DEOPT UNPACKING pc=0x0000022e1041a1a3 sp=0x00000035bf6ff318 mode 2
Event: 5.857 Thread 0x0000022e64ab82b0 DEOPT PACKING pc=0x0000022e08fc8c97 sp=0x00000035c05fe330
Event: 5.858 Thread 0x0000022e64ab82b0 DEOPT UNPACKING pc=0x0000022e1041ace3 sp=0x00000035c05fd790 mode 0

Classes loaded (20 events):
Event: 2.150 Loading class java/util/concurrent/Callable done
Event: 2.150 Loading class java/util/concurrent/Executors$RunnableAdapter done
Event: 2.150 Loading class java/util/concurrent/ThreadPoolExecutor$Worker
Event: 2.150 Loading class java/util/concurrent/ThreadPoolExecutor$Worker done
Event: 2.171 Loading class java/util/concurrent/locks/AbstractQueuedSynchronizer$SharedNode
Event: 2.171 Loading class java/util/concurrent/locks/AbstractQueuedSynchronizer$SharedNode done
Event: 2.285 Loading class sun/nio/cs/StreamDecoder
Event: 2.285 Loading class sun/nio/cs/StreamDecoder done
Event: 2.286 Loading class java/util/regex/Pattern$LookBehindEndNode
Event: 2.286 Loading class java/util/regex/Pattern$LookBehindEndNode done
Event: 2.286 Loading class java/util/regex/Pattern$NotBehind
Event: 2.286 Loading class java/util/regex/Pattern$NotBehind done
Event: 2.286 Loading class java/util/regex/Pattern$Neg
Event: 2.286 Loading class java/util/regex/Pattern$Neg done
Event: 2.286 Loading class java/util/regex/Pattern$Pos
Event: 2.287 Loading class java/util/regex/Pattern$Pos done
Event: 2.298 Loading class java/util/regex/Pattern$SliceS
Event: 2.298 Loading class java/util/regex/Pattern$SliceS done
Event: 5.822 Loading class java/nio/channels/ClosedChannelException
Event: 5.822 Loading class java/nio/channels/ClosedChannelException done

Classes unloaded (0 events):
No events

Classes redefined (0 events):
No events

Internal exceptions (19 events):
Event: 0.126 Thread 0x0000022e7fa9b2f0 Exception <a 'java/lang/NoSuchMethodError'{0x00000000c3ce6a60}: 'void java.lang.invoke.DirectMethodHandle$Holder.invokeStatic(java.lang.Object, java.lang.Object, java.lang.Object)'> (0x00000000c3ce6a60) 
thrown [s\src\hotspot\share\interpreter\linkResolver.cpp, line 759]
Event: 0.134 Thread 0x0000022e7fa9b2f0 Exception <a 'java/lang/ClassNotFoundException'{0x00000000c3b0dd58}: sun/awt/resources/spi/awtProvider> (0x00000000c3b0dd58) 
thrown [s\src\hotspot\share\classfile\systemDictionary.cpp, line 256]
Event: 0.154 Thread 0x0000022e7fa9b2f0 Exception <a 'java/io/FileNotFoundException'{0x00000000c3b63698}> (0x00000000c3b63698) 
thrown [s\src\hotspot\share\prims\jni.cpp, line 516]
Event: 0.162 Thread 0x0000022e7fa9b2f0 Exception <a 'java/io/FileNotFoundException'{0x00000000c3b90af0}> (0x00000000c3b90af0) 
thrown [s\src\hotspot\share\prims\jni.cpp, line 516]
Event: 0.207 Thread 0x0000022e7fa9b2f0 Exception <a 'java/lang/NoSuchMethodError'{0x00000000c3a3e4c0}: 'java.lang.Object java.lang.invoke.DirectMethodHandle$Holder.invokeStaticInit(java.lang.Object)'> (0x00000000c3a3e4c0) 
thrown [s\src\hotspot\share\interpreter\linkResolver.cpp, line 759]
Event: 0.323 Thread 0x0000022e7fa9b2f0 Exception <a 'java/lang/NoSuchMethodError'{0x00000000c364c368}: 'java.lang.Object java.lang.invoke.DirectMethodHandle$Holder.invokeStaticInit(java.lang.Object, int, int, int, int)'> (0x00000000c364c368) 
thrown [s\src\hotspot\share\interpreter\linkResolver.cpp, line 759]
Event: 0.372 Thread 0x0000022e7fa9b2f0 Exception <a 'java/lang/NoSuchMethodError'{0x00000000c3535700}: 'java.lang.Object java.lang.invoke.DirectMethodHandle$Holder.invokeStaticInit(java.lang.Object, java.lang.Object, int, int, int, int)'> (0x00000000c3535700) 
thrown [s\src\hotspot\share\interpreter\linkResolver.cpp, line 759]
Event: 0.436 Thread 0x0000022e7fa9b2f0 Exception <a 'java/lang/NoSuchMethodError'{0x00000000c3540e50}: 'void java.lang.invoke.DirectMethodHandle$Holder.invokeStatic(java.lang.Object, long)'> (0x00000000c3540e50) 
thrown [s\src\hotspot\share\interpreter\linkResolver.cpp, line 759]
Event: 0.437 Thread 0x0000022e7fa9b2f0 Exception <a 'java/lang/NoSuchMethodError'{0x00000000c3546430}: 'java.lang.Object java.lang.invoke.DirectMethodHandle$Holder.newInvokeSpecial(java.lang.Object, long)'> (0x00000000c3546430) 
thrown [s\src\hotspot\share\interpreter\linkResolver.cpp, line 759]
Event: 0.439 Thread 0x0000022e7fa9b2f0 Exception <a 'java/lang/NoSuchMethodError'{0x00000000c3550c48}: 'java.lang.Object java.lang.invoke.DirectMethodHandle$Holder.invokeStaticInit(java.lang.Object, java.lang.Object, long, java.lang.Object)'> (0x00000000c3550c48) 
thrown [s\src\hotspot\share\interpreter\linkResolver.cpp, line 759]
Event: 0.440 Thread 0x0000022e7fa9b2f0 Exception <a 'java/lang/NoSuchMethodError'{0x00000000c3557208}: 'java.lang.Object java.lang.invoke.DirectMethodHandle$Holder.newInvokeSpecial(java.lang.Object, java.lang.Object, long)'> (0x00000000c3557208) 
thrown [s\src\hotspot\share\interpreter\linkResolver.cpp, line 759]
Event: 0.440 Thread 0x0000022e7fa9b2f0 Exception <a 'java/lang/NoSuchMethodError'{0x00000000c355ad78}: 'java.lang.Object java.lang.invoke.Invokers$Holder.linkToTargetMethod(java.lang.Object, long, java.lang.Object)'> (0x00000000c355ad78) 
thrown [s\src\hotspot\share\interpreter\linkResolver.cpp, line 759]
Event: 0.612 Thread 0x0000022e7fa9b2f0 Exception <a 'java/lang/NoSuchMethodError'{0x00000000c34cc0d0}: 'java.lang.Object java.lang.invoke.DirectMethodHandle$Holder.invokeInterface(java.lang.Object, java.lang.Object)'> (0x00000000c34cc0d0) 
thrown [s\src\hotspot\share\interpreter\linkResolver.cpp, line 759]
Event: 0.612 Thread 0x0000022e7fa9b2f0 Exception <a 'java/lang/IncompatibleClassChangeError'{0x00000000c34cf9f0}: Found class java.lang.Object, but interface was expected> (0x00000000c34cf9f0) 
thrown [s\src\hotspot\share\interpreter\linkResolver.cpp, line 826]
Event: 2.023 Thread 0x0000022e7fa9b2f0 Exception <a 'java/lang/NoSuchMethodError'{0x00000000c33f2f08}: 'void java.lang.invoke.DirectMethodHandle$Holder.invokeSpecial(java.lang.Object, java.lang.Object, java.lang.Object, java.lang.Object, java.lang.Object)'> (0x00000000c33f2f08) 
thrown [s\src\hotspot\share\interpreter\linkResolver.cpp, line 759]
Event: 2.024 Thread 0x0000022e7fa9b2f0 Exception <a 'java/lang/NoSuchMethodError'{0x00000000c33fbec8}: 'void java.lang.invoke.DirectMethodHandle$Holder.invokeSpecial(java.lang.Object, java.lang.Object, java.lang.Object)'> (0x00000000c33fbec8) 
thrown [s\src\hotspot\share\interpreter\linkResolver.cpp, line 759]
Event: 2.025 Thread 0x0000022e7fa9b2f0 Exception <a 'java/lang/NoSuchMethodError'{0x00000000c3202508}: 'void java.lang.invoke.DirectMethodHandle$Holder.invokeSpecial(java.lang.Object, java.lang.Object, int)'> (0x00000000c3202508) 
thrown [s\src\hotspot\share\interpreter\linkResolver.cpp, line 759]
Event: 2.026 Thread 0x0000022e7fa9b2f0 Exception <a 'java/lang/NoSuchMethodError'{0x00000000c3208520}: 'java.lang.Object java.lang.invoke.DirectMethodHandle$Holder.newInvokeSpecial(java.lang.Object, java.lang.Object, int)'> (0x00000000c3208520) 
thrown [s\src\hotspot\share\interpreter\linkResolver.cpp, line 759]
Event: 5.821 Thread 0x0000022e644784a0 Exception <a 'java/lang/InterruptedException'{0x00000000c8709378}> (0x00000000c8709378) 
thrown [s\src\hotspot\share\runtime\objectMonitor.cpp, line 1658]

VM Operations (20 events):
Event: 3.420 Executing VM operation: G1PauseRemark done
Event: 3.422 Executing VM operation: G1PauseCleanup
Event: 3.423 Executing VM operation: G1PauseCleanup done
Event: 3.913 Executing VM operation: G1CollectForAllocation
Event: 3.915 Executing VM operation: G1CollectForAllocation done
Event: 4.466 Executing VM operation: G1CollectForAllocation
Event: 4.468 Executing VM operation: G1CollectForAllocation done
Event: 4.488 Executing VM operation: G1PauseRemark
Event: 4.489 Executing VM operation: G1PauseRemark done
Event: 4.493 Executing VM operation: G1PauseCleanup
Event: 4.493 Executing VM operation: G1PauseCleanup done
Event: 5.048 Executing VM operation: G1CollectForAllocation
Event: 5.050 Executing VM operation: G1CollectForAllocation done
Event: 5.642 Executing VM operation: G1CollectForAllocation
Event: 5.646 Executing VM operation: G1CollectForAllocation done
Event: 5.664 Executing VM operation: G1PauseRemark
Event: 5.665 Executing VM operation: G1PauseRemark done
Event: 5.669 Executing VM operation: G1PauseCleanup
Event: 5.669 Executing VM operation: G1PauseCleanup done
Event: 5.923 Executing VM operation: Exit

Memory protections (0 events):
No events

Nmethod flushes (0 events):
No events

Events (20 events):
Event: 2.171 Thread 0x0000022e1da0bb80 Thread added: 0x0000022e64ab7380
Event: 2.171 Thread 0x0000022e1da0bb80 Thread added: 0x0000022e64ab3bd0
Event: 2.171 Thread 0x0000022e1da0bb80 Thread added: 0x0000022e64ab5f40
Event: 2.171 Thread 0x0000022e1da0bb80 Thread added: 0x0000022e64ab7890
Event: 2.665 Thread 0x0000022e64ac6040 Thread exited: 0x0000022e64ac6040
Event: 2.665 Thread 0x0000022e64ac5b20 Thread exited: 0x0000022e64ac5b20
Event: 5.650 Thread 0x0000022e63072d40 Thread added: 0x0000022e64ab40e0
Event: 5.821 Thread 0x0000022e1da0bb80 Thread added: 0x0000022e64ab82b0
Event: 5.821 Thread 0x0000022e1da0bb80 Thread added: 0x0000022e64ab7da0
Event: 5.821 Thread 0x0000022e644784a0 Thread exited: 0x0000022e644784a0
Event: 5.821 Thread 0x0000022e1da0bb80 Thread added: 0x0000022e64ab5a30
Event: 5.822 Thread 0x0000022e64ab5a30 Thread exited: 0x0000022e64ab5a30
Event: 5.822 Thread 0x0000022e64b5b3a0 Thread exited: 0x0000022e64b5b3a0
Event: 5.823 Thread 0x0000022e63072d40 Thread exited: 0x0000022e63072d40
Event: 5.851 Thread 0x0000022e6372b040 Thread exited: 0x0000022e6372b040
Event: 5.860 Thread 0x0000022e64ab82b0 Thread exited: 0x0000022e64ab82b0
Event: 5.922 Thread 0x0000022e64ab7da0 Thread exited: 0x0000022e64ab7da0
Event: 5.923 Thread 0x0000022e1da0bb80 Before exit entered
Event: 5.923 Thread 0x0000022e1d7c8580 Thread exited: 0x0000022e1d7c8580
Event: 5.923 Thread 0x0000022e1d4f2720 Thread exited: 0x0000022e1d4f2720


Dynamic libraries:
0x00007ff705240000 - 0x00007ff70524e000 	C:\Program Files\Processing\app\resources\jdk-17.0.14+7\bin\java.exe
0x00007ffe8d7a0000 - 0x00007ffe8da07000 	C:\WINDOWS\SYSTEM32\ntdll.dll
0x00007ffe8bad0000 - 0x00007ffe8bb99000 	C:\WINDOWS\System32\KERNEL32.DLL
0x00007ffe8afe0000 - 0x00007ffe8b3d7000 	C:\WINDOWS\System32\KERNELBASE.dll
0x00007ffe8ac60000 - 0x00007ffe8adab000 	C:\WINDOWS\System32\ucrtbase.dll
0x00007ffe878f0000 - 0x00007ffe8790e000 	C:\Program Files\Processing\app\resources\jdk-17.0.14+7\bin\VCRUNTIME140.dll
0x00007ffe879c0000 - 0x00007ffe879d7000 	C:\Program Files\Processing\app\resources\jdk-17.0.14+7\bin\jli.dll
0x00007ffe8b720000 - 0x00007ffe8b8e6000 	C:\WINDOWS\System32\USER32.dll
0x00007ffe8a290000 - 0x00007ffe8a2b7000 	C:\WINDOWS\System32\win32u.dll
0x00007ffe8d080000 - 0x00007ffe8d0ab000 	C:\WINDOWS\System32\GDI32.dll
0x00007ffe73250000 - 0x00007ffe734e2000 	C:\WINDOWS\WinSxS\amd64_microsoft.windows.common-controls_6595b64144ccf1df_6.0.26100.8457_none_3e0b2faee331e92d\COMCTL32.dll
0x00007ffe8a2c0000 - 0x00007ffe8a3ec000 	C:\WINDOWS\System32\gdi32full.dll
0x00007ffe8b470000 - 0x00007ffe8b513000 	C:\WINDOWS\System32\msvcp_win.dll
0x00007ffe8b960000 - 0x00007ffe8ba09000 	C:\WINDOWS\System32\msvcrt.dll
0x00007ffe8d720000 - 0x00007ffe8d752000 	C:\WINDOWS\System32\IMM32.DLL
0x00007ffe85b30000 - 0x00007ffe85b3c000 	C:\Program Files\Processing\app\resources\jdk-17.0.14+7\bin\vcruntime140_1.dll
0x00007ffe7bef0000 - 0x00007ffe7bf7d000 	C:\Program Files\Processing\app\resources\jdk-17.0.14+7\bin\msvcp140.dll
0x00007ffdf50b0000 - 0x00007ffdf5d1b000 	C:\Program Files\Processing\app\resources\jdk-17.0.14+7\bin\server\jvm.dll
0x00007ffe8ba10000 - 0x00007ffe8bac6000 	C:\WINDOWS\System32\ADVAPI32.dll
0x00007ffe8d0f0000 - 0x00007ffe8d197000 	C:\WINDOWS\System32\sechost.dll
0x00007ffe8b520000 - 0x00007ffe8b638000 	C:\WINDOWS\System32\RPCRT4.dll
0x00007ffe8b640000 - 0x00007ffe8b6c0000 	C:\WINDOWS\System32\WS2_32.dll
0x00007ffe8a030000 - 0x00007ffe8a08e000 	C:\WINDOWS\SYSTEM32\POWRPROF.dll
0x00007ffe73640000 - 0x00007ffe73676000 	C:\WINDOWS\SYSTEM32\WINMM.dll
0x00007ffe810b0000 - 0x00007ffe810bb000 	C:\WINDOWS\SYSTEM32\VERSION.dll
0x00007ffe8a010000 - 0x00007ffe8a024000 	C:\WINDOWS\SYSTEM32\UMPDC.dll
0x00007ffe88f60000 - 0x00007ffe88f7b000 	C:\WINDOWS\SYSTEM32\kernel.appcore.dll
0x00007ffe85b20000 - 0x00007ffe85b2a000 	C:\Program Files\Processing\app\resources\jdk-17.0.14+7\bin\jimage.dll
0x00007ffe74060000 - 0x00007ffe742a2000 	C:\WINDOWS\SYSTEM32\DBGHELP.DLL
0x00007ffe8d390000 - 0x00007ffe8d713000 	C:\WINDOWS\System32\combase.dll
0x00007ffe8c8d0000 - 0x00007ffe8c9a9000 	C:\WINDOWS\System32\OLEAUT32.dll
0x00007ffe7b860000 - 0x00007ffe7b89b000 	C:\WINDOWS\SYSTEM32\dbgcore.DLL
0x00007ffe8adb0000 - 0x00007ffe8ae58000 	C:\WINDOWS\System32\bcryptPrimitives.dll
0x00007ffe85ae0000 - 0x00007ffe85b1b000 	C:\Program Files\Processing\app\resources\jdk-17.0.14+7\bin\jdwp.dll
0x00007ffe7bec0000 - 0x00007ffe7bee5000 	C:\Program Files\Processing\app\resources\jdk-17.0.14+7\bin\java.dll
0x00007ffe5ef00000 - 0x00007ffe5efd7000 	C:\Program Files\Processing\app\resources\jdk-17.0.14+7\bin\jsvml.dll
0x00007ffe8bca0000 - 0x00007ffe8c40e000 	C:\WINDOWS\System32\SHELL32.dll
0x00007ffe8a3f0000 - 0x00007ffe8ac5c000 	C:\WINDOWS\System32\windows.storage.dll
0x00007ffe8bba0000 - 0x00007ffe8bc96000 	C:\WINDOWS\System32\SHCORE.dll
0x00007ffe8b8f0000 - 0x00007ffe8b956000 	C:\WINDOWS\System32\shlwapi.dll
0x00007ffe8a0f0000 - 0x00007ffe8a119000 	C:\WINDOWS\SYSTEM32\profapi.dll
0x00007ffe85ad0000 - 0x00007ffe85adc000 	C:\Program Files\Processing\app\resources\jdk-17.0.14+7\bin\dt_socket.dll
0x00007ffe889a0000 - 0x00007ffe889d2000 	C:\WINDOWS\SYSTEM32\IPHLPAPI.DLL
0x00007ffe894d0000 - 0x00007ffe8953c000 	C:\WINDOWS\system32\mswsock.dll
0x00007ffe85a90000 - 0x00007ffe85aa9000 	C:\Program Files\Processing\app\resources\jdk-17.0.14+7\bin\net.dll
0x00007ffe843f0000 - 0x00007ffe84519000 	C:\WINDOWS\SYSTEM32\WINHTTP.dll
0x00007ffe85860000 - 0x00007ffe85876000 	C:\Program Files\Processing\app\resources\jdk-17.0.14+7\bin\nio.dll
0x00007ffe80870000 - 0x00007ffe80888000 	C:\Program Files\Processing\app\resources\jdk-17.0.14+7\bin\zip.dll
0x00007ffe5e560000 - 0x00007ffe5e6f0000 	C:\Program Files\Processing\app\resources\jdk-17.0.14+7\bin\awt.dll
0x00007ffe87a00000 - 0x00007ffe87aa0000 	C:\WINDOWS\SYSTEM32\apphelp.dll
0x00007ffe87d80000 - 0x00007ffe87e2a000 	C:\WINDOWS\system32\uxtheme.dll
0x00007ffe8d1a0000 - 0x00007ffe8d2fc000 	C:\WINDOWS\System32\MSCTF.dll
0x00007ffe8c430000 - 0x00007ffe8c5c7000 	C:\WINDOWS\System32\ole32.dll
0x00007ffe87f20000 - 0x00007ffe87f4f000 	C:\WINDOWS\system32\DWMAPI.DLL
0x00007ffe40100000 - 0x00007ffe4020f000 	C:\WINDOWS\system32\opengl32.dll
0x00007ffe429d0000 - 0x00007ffe429fd000 	C:\WINDOWS\SYSTEM32\GLU32.dll
0x00007ffe87eb0000 - 0x00007ffe87ef5000 	C:\WINDOWS\SYSTEM32\dxcore.dll
0x00007ffe897b0000 - 0x00007ffe897cb000 	C:\WINDOWS\SYSTEM32\CRYPTSP.dll
0x00007ffe88ec0000 - 0x00007ffe88ef9000 	C:\WINDOWS\system32\rsaenh.dll
0x00007ffe89580000 - 0x00007ffe895b3000 	C:\WINDOWS\SYSTEM32\USERENV.dll
0x00007ffe8a0c0000 - 0x00007ffe8a0ea000 	C:\WINDOWS\SYSTEM32\bcrypt.dll
0x00007ffe897d0000 - 0x00007ffe897dc000 	C:\WINDOWS\SYSTEM32\CRYPTBASE.dll
0x00007ffe8c8c0000 - 0x00007ffe8c8ca000 	C:\WINDOWS\System32\NSI.dll
0x00007ffe84550000 - 0x00007ffe8456d000 	C:\WINDOWS\SYSTEM32\dhcpcsvc6.DLL
0x00007ffe84520000 - 0x00007ffe84545000 	C:\WINDOWS\SYSTEM32\dhcpcsvc.DLL
0x00007ffe88a40000 - 0x00007ffe88b72000 	C:\WINDOWS\SYSTEM32\DNSAPI.dll
0x00007ffe7bea0000 - 0x00007ffe7beb3000 	C:\Users\danil\AppData\Local\Temp\jogamp_0000\file_cache\jln1088150558408662275\jln6301435163066311658\natives\windows-amd64\gluegen_rt.dll
0x00007ffe7be90000 - 0x00007ffe7be97000 	C:\Program Files\Processing\app\resources\jdk-17.0.14+7\bin\jawt.dll
0x00007ffe7be80000 - 0x00007ffe7be8d000 	C:\Users\danil\AppData\Local\Temp\jogamp_0000\file_cache\jln1088150558408662275\jln6301435163066311658\natives\windows-amd64\nativewindow_awt.dll
0x00007ffe7be60000 - 0x00007ffe7be75000 	C:\Users\danil\AppData\Local\Temp\jogamp_0000\file_cache\jln1088150558408662275\jln6301435163066311658\natives\windows-amd64\nativewindow_win32.dll
0x00007ffe63cf0000 - 0x00007ffe63d73000 	C:\Users\danil\AppData\Local\Temp\jogamp_0000\file_cache\jln1088150558408662275\jln6301435163066311658\natives\windows-amd64\jogl_desktop.dll
0x00007ffe6c170000 - 0x00007ffe6c1c2000 	C:\Users\danil\AppData\Local\Temp\jogamp_0000\file_cache\jln1088150558408662275\jln6301435163066311658\natives\windows-amd64\jogl_mobile.dll
0x00007ffe841f0000 - 0x00007ffe84251000 	C:\WINDOWS\SYSTEM32\directxdatabasehelper.dll
0x00007ffe7b700000 - 0x00007ffe7b71d000 	C:\WINDOWS\SYSTEM32\windows.staterepositorycore.dll
0x00007ffdd8ad0000 - 0x00007ffdd9aa3000 	C:\WINDOWS\System32\DriverStore\FileRepository\iigd_dch.inf_amd64_225f37aa3862fc3f\igxelpicd64.dll
0x00007ffe87bd0000 - 0x00007ffe87d0e000 	C:\WINDOWS\system32\dxgi.dll
0x00007ffe59810000 - 0x00007ffe59c97000 	C:\WINDOWS\System32\DriverStore\FileRepository\iigd_dch.inf_amd64_225f37aa3862fc3f\igdml64.dll
0x00007ffe89d40000 - 0x00007ffe89d91000 	C:\WINDOWS\SYSTEM32\cfgmgr32.dll
0x00007ffe80b00000 - 0x00007ffe80ec1000 	C:\WINDOWS\System32\DriverStore\FileRepository\iigd_dch.inf_amd64_225f37aa3862fc3f\igdgmm64.dll
0x00007ffe7d5d0000 - 0x00007ffe807d6000 	C:\WINDOWS\System32\DriverStore\FileRepository\iigd_dch.inf_amd64_225f37aa3862fc3f\igc64.dll
0x00007ffe7be40000 - 0x00007ffe7be59000 	C:\Users\danil\AppData\Local\Temp\jogamp_0000\file_cache\jln1088150558408662275\jln6301435163066311658\natives\windows-amd64\newt_head.dll
0x00007ffe5e8e0000 - 0x00007ffe5e99f000 	C:\WINDOWS\SYSTEM32\mscms.dll
0x00007ffe1cd10000 - 0x00007ffe1cd59000 	C:\WINDOWS\SYSTEM32\icm32.dll
0x00007ffe8cbf0000 - 0x00007ffe8d077000 	C:\WINDOWS\System32\setupapi.dll
0x00007ffe89d10000 - 0x00007ffe89d3d000 	C:\WINDOWS\SYSTEM32\DEVOBJ.dll
0x00007ffe8b3e0000 - 0x00007ffe8b462000 	C:\WINDOWS\System32\WINTRUST.dll
0x00007ffe8ae60000 - 0x00007ffe8afd8000 	C:\WINDOWS\System32\CRYPT32.dll
0x00007ffe898e0000 - 0x00007ffe898f3000 	C:\WINDOWS\SYSTEM32\MSASN1.dll
0x00007ffe580f0000 - 0x00007ffe58236000 	C:\WINDOWS\SYSTEM32\textinputframework.dll
0x00007ffe87560000 - 0x00007ffe87687000 	C:\WINDOWS\SYSTEM32\CoreMessaging.dll
0x00007ffe83270000 - 0x00007ffe83552000 	C:\WINDOWS\SYSTEM32\CoreUIComponents.dll
0x00007ffe84e00000 - 0x00007ffe84f6a000 	C:\WINDOWS\SYSTEM32\wintypes.dll

dbghelp: loaded successfully - version: 4.0.5 - missing functions: none
symbol engine: initialized successfully - sym options: 0x614 - pdb path: .;C:\Program Files\Processing\app\resources\jdk-17.0.14+7\bin;C:\WINDOWS\SYSTEM32;C:\WINDOWS\WinSxS\amd64_microsoft.windows.common-controls_6595b64144ccf1df_6.0.26100.8457_none_3e0b2faee331e92d;C:\Program Files\Processing\app\resources\jdk-17.0.14+7\bin\server;C:\Users\danil\AppData\Local\Temp\jogamp_0000\file_cache\jln1088150558408662275\jln6301435163066311658\natives\windows-amd64;C:\WINDOWS\System32\DriverStore\FileRepository\iigd_dch.inf_amd64_225f37aa3862fc3f

VM Arguments:
jvm_args: -agentlib:jdwp=transport=dt_socket,address=8867,server=y,suspend=y,quiet=y -Xms64m -Xmx1024m -Djna.nosys=true -Djava.library.path=;C:\Program Files\Processing\app\resources\core\library;C:\Program Files\Processing;C:\WINDOWS\system32;C:\WINDOWS;C:\Program Files\PlasticSCM5\server;C:\Program Files\PlasticSCM5\client;C:\Program Files\Common Files\Oracle\Java\javapath;C:\Program Files (x86)\Common Files\Oracle\Java\javapath;C:\Windows\System32\HWAudioDriverLibs;C:\Windows\system32;C:\Windows;C:\Windows\System32\Wbem;C:\Windows\System32\WindowsPowerShell\v1.0;C:\Windows\System32\OpenSSH;C:\Program Files\Microsoft SQL Server\150\Tools\Binn;C:\Program Files\Microsoft SQL Server\Client SDK\ODBC\170\Tools\Binn;C:\Program Files\dotnet;D:\Windows Kits\10\Windows Performance Toolkit;C:\Program Files\Java\jdk-23\bin;C:\WINDOWS\system32;C:\WINDOWS;C:\WINDOWS\System32\Wbem;C:\WINDOWS\System32\WindowsPowerShell\v1.0;C:\WINDOWS\System32\OpenSSH;C:\Program Files\nodejs;C:\Program Files\Docker\Docker\resources\bin;C:\Program Files\TortoiseGit\bin;C:\Program Files\Git\cmd;C:\Users\danil\AppData\Local\Programs\Python\Python312\Scripts;C:\Users\danil\AppData\Local\Programs\Python\Python312;C:\Users\danil\AppData\Local\Microsoft\WindowsApps;C:\Users\danil\AppData\Local\Programs\Microsoft VS Code\bin;C:\Users\danil\AppData\Roaming\npm;D:\DataBase\18\bin;C:\Program Files\Processing\app;. -ea 
java_command: processing.core.PApplet --editor-location=-7,-7 --external --display=1 --sketch-path=C:\Users\danil\Desktop\Gravity_simul Gravity_simul
java_class_path (initial): C:\Users\danil\AppData\Local\Temp\processing\Gravity_simul14443193890922155838temp;C:\Program Files\Processing\app\resources\core\library\annotations-13.0.jar;C:\Program Files\Processing\app\resources\core\library\antlr-2.7.7.jar;C:\Program Files\Processing\app\resources\core\library\core-4.4.1.jar;C:\Program Files\Processing\app\resources\core\library\gluegen-rt-2.5.0-natives-android-aarch64.jar;C:\Program Files\Processing\app\resources\core\library\gluegen-rt-2.5.0-natives-linux-aarch64.jar;C:\Program Files\Processing\app\resources\core\library\gluegen-rt-2.5.0-natives-linux-amd64.jar;C:\Program Files\Processing\app\resources\core\library\gluegen-rt-2.5.0-natives-linux-armv6hf.jar;C:\Program Files\Processing\app\resources\core\library\gluegen-rt-2.5.0-natives-macosx-universal.jar;C:\Program Files\Processing\app\resources\core\library\gluegen-rt-2.5.0-natives-windows-amd64.jar;C:\Program Files\Processing\app\resources\core\library\gluegen-rt-2.5.0.jar;C:\Program Files\Processing\app\resources\core\library\gluegen-rt-main-2.5.0.jar;C:\Program Files\Processing\app\resources\core\library\jogl-all-2.5.0-natives-android-aarch64.jar;C:\Program Files\Processing\app\resources\core\library\jogl-all-2.5.0-natives-linux-aarch64.jar;C:\Program Files\Processing\app\resources\core\library\jogl-all-2.5.0-natives-linux-amd64.jar;C:\Program Files\Processing\app\resources\core\library\jogl-all-2.5.0-natives-linux-armv6hf.jar;C:\Program Files\Processing\app\resources\core\library\jogl-all-2.5.0-natives-macosx-universal.jar;C:\Program Files\Processing\app\resources\core\library\jogl-all-2.5.0-natives-windows-amd64.jar;C:\Program Files\Processing\app\resources\core\library\jogl-all-2.5.0.jar;C:\Program Files\Processing\app\resources\core\library\jogl-all-main-2.5.0.jar;C:\Program Files\Processing\app\resources\core\library\kotlin-stdlib-2.0.20.jar
Launcher Type: SUN_STANDARD

[Global flags]
     intx CICompilerCount                          = 4                                         {product} {ergonomic}
     uint ConcGCThreads                            = 2                                         {product} {ergonomic}
     uint G1ConcRefinementThreads                  = 8                                         {product} {ergonomic}
   size_t G1HeapRegionSize                         = 1048576                                   {product} {ergonomic}
    uintx GCDrainStackTargetSize                   = 64                                        {product} {ergonomic}
   size_t InitialHeapSize                          = 67108864                                  {product} {command line}
   size_t MarkStackSize                            = 4194304                                   {product} {ergonomic}
   size_t MaxHeapSize                              = 1073741824                                {product} {command line}
   size_t MaxNewSize                               = 643825664                                 {product} {ergonomic}
   size_t MinHeapDeltaBytes                        = 1048576                                   {product} {ergonomic}
   size_t MinHeapSize                              = 67108864                                  {product} {command line}
    uintx NonNMethodCodeHeapSize                   = 5839372                                {pd product} {ergonomic}
    uintx NonProfiledCodeHeapSize                  = 122909434                              {pd product} {ergonomic}
    uintx ProfiledCodeHeapSize                     = 122909434                              {pd product} {ergonomic}
    uintx ReservedCodeCacheSize                    = 251658240                              {pd product} {ergonomic}
     bool SegmentedCodeCache                       = true                                      {product} {ergonomic}
   size_t SoftMaxHeapSize                          = 1073741824                             {manageable} {ergonomic}
     bool UseCompressedClassPointers               = true                           {product lp64_product} {ergonomic}
     bool UseCompressedOops                        = true                           {product lp64_product} {ergonomic}
     bool UseG1GC                                  = true                                      {product} {ergonomic}
     bool UseLargePagesIndividualAllocation        = false                                  {pd product} {ergonomic}

Logging:
Log output configuration:
 #0: stdout all=off uptime,level,tags
 #1: stderr all=off uptime,level,tags

Environment Variables:
JAVA_HOME=C:\Program Files\Java\jdk-23
PATH=C:\Program Files\PlasticSCM5\server;C:\Program Files\PlasticSCM5\client;C:\Program Files\Common Files\Oracle\Java\javapath;C:\Program Files (x86)\Common Files\Oracle\Java\javapath;C:\Windows\System32\HWAudioDriverLibs;C:\Windows\system32;C:\Windows;C:\Windows\System32\Wbem;C:\Windows\System32\WindowsPowerShell\v1.0\;C:\Windows\System32\OpenSSH\;C:\Users\Administrator\AppData\Local\Microsoft\WindowsApps;C:\Program Files\Microsoft SQL Server\150\Tools\Binn\;C:\Program Files\Microsoft SQL Server\Client SDK\ODBC\170\Tools\Binn\;C:\Program Files\dotnet\;D:\Windows Kits\10\Windows Performance Toolkit\;C:\Program Files\Java\jdk-23\bin;C:\WINDOWS\system32;C:\WINDOWS;C:\WINDOWS\System32\Wbem;C:\WINDOWS\System32\WindowsPowerShell\v1.0\;C:\WINDOWS\System32\OpenSSH\;C:\Program Files\nodejs\;C:\Program Files\Docker\Docker\resources\bin;C:\Program Files\TortoiseGit\bin;C:\Program Files\Git\cmd;C:\Users\danil\AppData\Local\Programs\Python\Python312\Scripts\;C:\Users\danil\AppData\Local\Programs\Python\Python312\;C:\Users\danil\AppData\Local\Microsoft\WindowsApps;C:\Users\danil\.dotnet\tools;C:\Users\danil\AppData\Local\Programs\Microsoft VS Code\bin;C:\Users\danil\AppData\Roaming\npm;D:\DataBase\18\bin;C:\Program Files\Processing\app
USERNAME=danil
OS=Windows_NT
PROCESSOR_IDENTIFIER=Intel64 Family 6 Model 140 Stepping 2, GenuineIntel
TMP=C:\Users\danil\AppData\Local\Temp
TEMP=C:\Users\danil\AppData\Local\Temp



Periodic native trim disabled


---------------  S Y S T E M  ---------------

OS:
 Windows 11 , 64 bit Build 26100 (10.0.26100.8328)
OS uptime: 0 days 0:20 hours
Hyper-V role detected

CPU: total 8 (initial active 8) (4 cores per cpu, 2 threads per core) family 6 model 140 stepping 2 microcode 0x16, cx8, cmov, fxsr, ht, mmx, 3dnowpref, sse, sse2, sse3, ssse3, sse4.1, sse4.2, popcnt, lzcnt, tsc, tscinvbit, avx, avx2, aes, erms, clmul, bmi1, bmi2, adx, avx512f, avx512dq, avx512cd, avx512bw, avx512vl, sha, fma, vzeroupper, avx512_vpopcntdq, avx512_vpclmulqdq, avx512_vaes, avx512_vnni, clflush, clflushopt, clwb, avx512_vbmi2, avx512_vbmi, hv
Processor Information for processor 0
  Max Mhz: 2496, Current Mhz: 998, Mhz Limit: 2496
Processor Information for processor 1
  Max Mhz: 2496, Current Mhz: 998, Mhz Limit: 2496
Processor Information for processor 2
  Max Mhz: 2496, Current Mhz: 998, Mhz Limit: 2496
Processor Information for processor 3
  Max Mhz: 2496, Current Mhz: 2496, Mhz Limit: 2496
Processor Information for processor 4
  Max Mhz: 2496, Current Mhz: 998, Mhz Limit: 2496
Processor Information for processor 5
  Max Mhz: 2496, Current Mhz: 2496, Mhz Limit: 2496
Processor Information for processor 6
  Max Mhz: 2496, Current Mhz: 998, Mhz Limit: 2496
Processor Information for processor 7
  Max Mhz: 2496, Current Mhz: 2496, Mhz Limit: 2496

Memory: 4k page, system-wide physical 7975M (1676M free)
TotalPageFile size 17703M (AvailPageFile size 8629M)
current process WorkingSet (physical memory assigned to process): 522M, peak: 537M
current process commit charge ("private bytes"): 516M, peak: 540M

vm_info: OpenJDK 64-Bit Server VM (17.0.14+7) for windows-amd64 JRE (17.0.14+7), built on Jan 21 2025 23:40:15 by "admin" with MS VC++ 17.7 (VS2022)

END.
