#
# A fatal error has been detected by the Java Runtime Environment:
#
#  EXCEPTION_ACCESS_VIOLATION (0xc0000005) at pc=0x00007ffdf360b386, pid=18956, tid=16048
#
# JRE version: OpenJDK Runtime Environment Temurin-17.0.14+7 (17.0.14+7) (build 17.0.14+7)
# Java VM: OpenJDK 64-Bit Server VM Temurin-17.0.14+7 (17.0.14+7, mixed mode, sharing, tiered, compressed oops, compressed class ptrs, g1 gc, windows-amd64)
# Problematic frame:
# C  [igxelpicd64.dll+0x23b386]
#
# No core dump will be written. Minidumps are not enabled by default on client versions of Windows
#
# If you would like to submit a bug report, please visit:
#   https://github.com/adoptium/adoptium-support/issues
#

---------------  S U M M A R Y ------------

Command Line: -agentlib:jdwp=transport=dt_socket,address=8634,server=y,suspend=y,quiet=y -Xms64m -Xmx1024m -Djna.nosys=true -Djava.library.path=;C:\Program Files\Processing\app\resources\core\library;C:\Program Files\Processing;C:\WINDOWS\system32;C:\WINDOWS;C:\Program Files\PlasticSCM5\server;C:\Program Files\PlasticSCM5\client;C:\Program Files\Common Files\Oracle\Java\javapath;C:\Program Files (x86)\Common Files\Oracle\Java\javapath;C:\Windows\System32\HWAudioDriverLibs;C:\Windows\system32;C:\Windows;C:\Windows\System32\Wbem;C:\Windows\System32\WindowsPowerShell\v1.0;C:\Windows\System32\OpenSSH;C:\Program Files\Microsoft SQL Server\150\Tools\Binn;C:\Program Files\Microsoft SQL Server\Client SDK\ODBC\170\Tools\Binn;C:\Program Files\dotnet;D:\Windows Kits\10\Windows Performance Toolkit;C:\Program Files\Java\jdk-23\bin;C:\WINDOWS\system32;C:\WINDOWS;C:\WINDOWS\System32\Wbem;C:\WINDOWS\System32\WindowsPowerShell\v1.0;C:\WINDOWS\System32\OpenSSH;C:\Program Files\nodejs;C:\Program Files\Docker\Docker\resources\bin;C:\Program Files\TortoiseGit\bin;C:\Program Files\Git\cmd;C:\Users\danil\AppData\Local\Programs\Python\Python312\Scripts;C:\Users\danil\AppData\Local\Programs\Python\Python312;C:\Users\danil\AppData\Local\Microsoft\WindowsApps;C:\Users\danil\AppData\Local\Programs\Microsoft VS Code\bin;C:\Users\danil\AppData\Roaming\npm;D:\DataBase\18\bin;C:\Program Files\Processing\app;. -ea processing.core.PApplet --editor-location=-7,-7 --external --display=1 --sketch-path=C:\Users\danil\Desktop\Gravity_simul Gravity_simul

Host: 11th Gen Intel(R) Core(TM) i5-1155G7 @ 2.50GHz, 8 cores, 7G,  Windows 11 , 64 bit Build 26100 (10.0.26100.8328)
Time: Sun Jun 28 14:05:23 2026 RTZ 3 (s 11 , 64 bit Build 26100 (10.0.26100.8328) elapsed time: 14.037646 seconds (0d 0h 0m 14s)

---------------  T H R E A D  ---------------

Current thread (0x000001ea79e9aec0):  VMThread "VM Thread" [stack: 0x00000045b2c00000,0x00000045b2d00000] [id=16048]

Stack: [0x00000045b2c00000,0x00000045b2d00000],  sp=0x00000045b2cfe100,  free space=1016k
Native frames: (J=compiled Java code, j=interpreted, Vv=VM code, C=native code)
C  [igxelpicd64.dll+0x23b386]


siginfo: EXCEPTION_ACCESS_VIOLATION (0xc0000005), reading address 0x0000000000035468


Registers:
RAX=0x000001ea41de06c0, RBX=0x000001ea7ecb7110, RCX=0x0000000000000004, RDX=0x0000000000000000
RSP=0x00000045b2cfe100, RBP=0x0000000000000000, RSI=0x000001ea41de04c0, RDI=0x000001ea4175f6b0
R8 =0x000001ea41de05c0, R9 =0x00000045b2039000, R10=0x0000000000000000, R11=0x0000000000000246
R12=0x000001ea41de04c0, R13=0x0000000000000000, R14=0x000001ea41de0a08, R15=0x000001ea41de3ee0
RIP=0x00007ffdf360b386, EFLAGS=0x0000000000010206


Register to memory mapping:

RIP=0x00007ffdf360b386 igxelpicd64.dll
RAX=0x000001ea41de06c0 points into unknown readable memory: 0x0000000000014a12 | 12 4a 01 00 00 00 00 00
RBX=0x000001ea7ecb7110 points into unknown readable memory: 0xffffffffffffffff | ff ff ff ff ff ff ff ff
RCX=0x0000000000000004 is an unknown value
RDX=0x0 is NULL
RSP=0x00000045b2cfe100 points into unknown readable memory: 0x000001ea7ecb7110 | 10 71 cb 7e ea 01 00 00
RBP=0x0 is NULL
RSI=0x000001ea41de04c0 points into unknown readable memory: 0x000001ea7ed1b300 | 00 b3 d1 7e ea 01 00 00
RDI=0x000001ea4175f6b0 points into unknown readable memory: 0x0000000000000000 | 00 00 00 00 00 00 00 00
R8 =0x000001ea41de05c0 points into unknown readable memory: 0x0000000000000000 | 00 00 00 00 00 00 00 00
R9 =0x00000045b2039000 points into unknown readable memory: 0x0000000000000000 | 00 00 00 00 00 00 00 00
R10=0x0 is NULL
R11=0x0000000000000246 is an unknown value
R12=0x000001ea41de04c0 points into unknown readable memory: 0x000001ea7ed1b300 | 00 b3 d1 7e ea 01 00 00
R13=0x0 is NULL
R14=0x000001ea41de0a08 points into unknown readable memory: 0x000001ea41de3ee0 | e0 3e de 41 ea 01 00 00
R15=0x000001ea41de3ee0 points into unknown readable memory: 0x000001ea7ed1b300 | 00 b3 d1 7e ea 01 00 00


Top of Stack: (sp=0x00000045b2cfe100)
0x00000045b2cfe100:   000001ea7ecb7110 00007ffdf3440ab4
0x00000045b2cfe110:   0000000000000000 000001ea41c8ae60
0x00000045b2cfe120:   0000001600000000 0000000000000000
0x00000045b2cfe130:   000001ea00000000 000001ea41c87040
0x00000045b2cfe140:   000001ea7ecb7110 000001ea41c4aac0
0x00000045b2cfe150:   000001ea44420504 000001ea440f9000
0x00000045b2cfe160:   039807c400f39900 000001ea41c8b460
0x00000045b2cfe170:   00d75dc7038eebc6 00007000196fe000
0x00000045b2cfe180:   02c41aca033fe8c9 039f35ca00b723ca
0x00000045b2cfe190:   027527cb00000000 024d47cb033837cb
0x00000045b2cfe1a0:   005649cc0385f7cb 039807cd037086cc
0x00000045b2cfe1b0:   0283bacd036711cd 01ba0ad00165f3cf
0x00000045b2cfe1c0:   039189d0036f30d0 01e4f6d0036ac6d0
0x00000045b2cfe1d0:   0000000000000000 0000000000000000
0x00000045b2cfe1e0:   039f300000000000 00007ffe8d905b54
0x00000045b2cfe1f0:   0000000000000000 0000000000000000
0x00000045b2cfe200:   00000045b2cfe3a0 00007ffe8b771259
0x00000045b2cfe210:   00000045b2cfe298 0000000000000000
0x00000045b2cfe220:   0000000000000054 0000000000000000
0x00000045b2cfe230:   0000000000000000 00007ffe8d905cc4
0x00000045b2cfe240:   000000007a000004 0378b6dc02f463dc
0x00000045b2cfe250:   00008569853d58ed 001040007a000004
0x00000045b2cfe260:   000001ea41c7f6f8 0000000000014e1e
0x00000045b2cfe270:   0000000000000000 0000000000000016
0x00000045b2cfe280:   0000000000000000 0000000000000000
0x00000045b2cfe290:   00000045b2cfe3a0 00007ffdf36382ae
0x00000045b2cfe2a0:   000001ea4175f6b0 0000000000000000
0x00000045b2cfe2b0:   000001ea4175f6b0 000010027a000004
0x00000045b2cfe2c0:   00000045000009e8 0000740400870000
0x00000045b2cfe2d0:   0000000000000000 02a354ea037b45ea
0x00000045b2cfe2e0:   0000000000000000 000010027a000004
0x00000045b2cfe2f0:   027a29ec035699eb 0000000000000000 

Instructions: (pc=0x00007ffdf360b386)
0x00007ffdf360b286:   00 90 4c 8b bf 80 02 00 00 48 8b 05 9a 85 bd 00
0x00007ffdf360b296:   8b 80 c8 0a 00 00 89 44 24 24 c6 44 24 20 00 48
0x00007ffdf360b2a6:   c7 87 80 02 00 00 00 00 00 00 c7 87 88 02 00 00
0x00007ffdf360b2b6:   00 00 00 00 48 c7 87 a0 02 00 00 00 00 00 00 48
0x00007ffdf360b2c6:   c7 87 90 02 00 00 00 00 00 00 48 85 ed 75 3d 8b
0x00007ffdf360b2d6:   35 0d 77 cd 00 65 48 8b 04 25 58 00 00 00 b9 14
0x00007ffdf360b2e6:   00 00 00 48 8b 04 f0 40 38 2c 01 0f 84 c9 e7 75
0x00007ffdf360b2f6:   00 65 48 8b 04 25 58 00 00 00 bd 20 00 00 00 48
0x00007ffdf360b306:   8b 04 f0 48 8b 2c 28 48 89 6c 24 28 48 3b 2d 07
0x00007ffdf360b316:   9b cd 00 0f 84 9b 10 00 00 4d 85 ff 0f 84 3a 01
0x00007ffdf360b326:   00 00 0f 1f 84 00 00 00 00 00 49 8b f7 4d 8b e7
0x00007ffdf360b336:   4d 8d b7 48 05 00 00 4d 8b 3e 45 84 ed 0f 85 d9
0x00007ffdf360b346:   0e 00 00 8b 8f d0 01 00 00 48 8b 05 da 84 bd 00
0x00007ffdf360b356:   83 b8 64 03 00 00 02 75 34 4d 8d 84 24 00 01 00
0x00007ffdf360b366:   00 83 f9 10 0f 83 3a 01 00 00 8b c1 48 c1 e0 06
0x00007ffdf360b376:   49 03 c0 48 85 c0 0f 84 9b 01 00 00 48 8b 50 08
0x00007ffdf360b386:   48 3b 95 68 54 03 00 0f 87 b6 0e 00 00 48 83 be
0x00007ffdf360b396:   c0 05 00 00 00 0f 85 50 e7 75 00 44 8b 8f d0 01
0x00007ffdf360b3a6:   00 00 48 8b 87 e8 01 00 00 4c 8b 00 8b 8f d0 01
0x00007ffdf360b3b6:   00 00 48 8d 9e 00 01 00 00 83 f9 10 0f 83 1e 01
0x00007ffdf360b3c6:   00 00 8b c1 48 c1 e0 06 48 03 c3 48 85 c0 0f 84
0x00007ffdf360b3d6:   4a 01 00 00 4c 39 40 08 0f 86 40 01 00 00 48 8b
0x00007ffdf360b3e6:   87 80 02 00 00 49 89 06 48 89 b7 80 02 00 00 ff
0x00007ffdf360b3f6:   87 88 02 00 00 48 8b 4e 08 48 8b 01 ba 01 00 00
0x00007ffdf360b406:   00 48 8b 80 e0 02 00 00 ff 15 f4 c1 88 00 0f b7
0x00007ffdf360b416:   c8 48 2b c1 48 05 00 00 01 00 48 01 87 90 02 00
0x00007ffdf360b426:   00 48 8b 4e 08 48 8b 01 ba 01 00 00 00 48 8b 80
0x00007ffdf360b436:   e0 02 00 00 ff 15 c8 c1 88 00 48 01 87 a0 02 00
0x00007ffdf360b446:   00 0f b6 54 24 20 4d 85 ff 0f 85 db fe ff ff 84
0x00007ffdf360b456:   d2 0f 85 37 0f 00 00 48 8b 5c 24 40 48 8b cf 80
0x00007ffdf360b466:   7c 24 22 00 0f 85 40 0f 00 00 e8 3b f9 ff ff 90
0x00007ffdf360b476:   48 8b cb ff 15 99 bc 88 00 48 8b 8c 24 50 01 00 


Stack slot to memory mapping:
stack at sp + 0 slots: 0x000001ea7ecb7110 points into unknown readable memory: 0xffffffffffffffff | ff ff ff ff ff ff ff ff
stack at sp + 1 slots: 0x00007ffdf3440ab4 igxelpicd64.dll
stack at sp + 2 slots: 0x0 is NULL
stack at sp + 3 slots: 0x000001ea41c8ae60 points into unknown readable memory: 0x0000000000000250 | 50 02 00 00 00 00 00 00
stack at sp + 4 slots: 0x0000001600000000 is an unknown value
stack at sp + 5 slots: 0x0 is NULL
stack at sp + 6 slots: 0x000001ea00000000 is pointing into metadata
stack at sp + 7 slots: 0x000001ea41c87040 points into unknown readable memory: 0x000001ea41c870b0 | b0 70 c8 41 ea 01 00 00

VM_Operation (0x00000045b4efec40): Exit, mode: safepoint, requested by thread 0x000001ea41a88370


---------------  P R O C E S S  ---------------

Threads class SMR info:
_java_thread_list=0x000001ea41ac42a0, length=37, elements={
0x000001ea79ea1a50, 0x000001ea79ea5fb0, 0x000001ea79ebf960, 0x000001ea79ec0da0,
0x000001ea79ec2980, 0x000001ea79eca910, 0x000001ea79eccda0, 0x000001ea79ecfe60,
0x000001ea7e1f01a0, 0x000001ea7e1e1370, 0x000001ea7e1feb50, 0x000001ea7e2259f0,
0x000001ea7e6d90d0, 0x000001ea4199c980, 0x000001ea41a88370, 0x000001ea41abf950,
0x000001ea41ac12a0, 0x000001ea41abfe60, 0x000001ea41ac0880, 0x000001ea41ac0370,
0x000001ea41ac0d90, 0x000001ea51f01e50, 0x000001ea51f02870, 0x000001ea51f00f20,
0x000001ea51f02d80, 0x000001ea51f00a10, 0x000001ea51f03290, 0x000001ea51f037a0,
0x000001ea51f01430, 0x000001ea51effff0, 0x000001ea51f03cb0, 0x000001ea51f01940,
0x000001ea51f02360, 0x000001ea51f00500, 0x000001ea51f06530, 0x000001ea51f06a40,
0x000001ea51f046d0
}

Java Threads: ( => current thread )
  0x000001ea79ea1a50 JavaThread "Reference Handler" daemon [_thread_blocked, id=12924, stack(0x00000045b2d00000,0x00000045b2e00000)]
  0x000001ea79ea5fb0 JavaThread "Finalizer" daemon [_thread_blocked, id=3468, stack(0x00000045b2e00000,0x00000045b2f00000)]
  0x000001ea79ebf960 JavaThread "Attach Listener" daemon [_thread_blocked, id=4856, stack(0x00000045b3000000,0x00000045b3100000)]
  0x000001ea79ec0da0 JavaThread "Service Thread" daemon [_thread_blocked, id=11896, stack(0x00000045b3100000,0x00000045b3200000)]
  0x000001ea79ec2980 JavaThread "Monitor Deflation Thread" daemon [_thread_blocked, id=11320, stack(0x00000045b3200000,0x00000045b3300000)]
  0x000001ea79eca910 JavaThread "C2 CompilerThread0" daemon [_thread_blocked, id=11172, stack(0x00000045b3300000,0x00000045b3400000)]
  0x000001ea79eccda0 JavaThread "C1 CompilerThread0" daemon [_thread_blocked, id=18716, stack(0x00000045b3400000,0x00000045b3500000)]
  0x000001ea79ecfe60 JavaThread "Sweeper thread" daemon [_thread_blocked, id=10076, stack(0x00000045b3500000,0x00000045b3600000)]
  0x000001ea7e1f01a0 JavaThread "JDWP Transport Listener: dt_socket" daemon [_thread_blocked, id=15128, stack(0x00000045b3600000,0x00000045b3700000)]
  0x000001ea7e1e1370 JavaThread "JDWP Event Helper Thread" daemon [_thread_blocked, id=10616, stack(0x00000045b3700000,0x00000045b3800000)]
  0x000001ea7e1feb50 JavaThread "Notification Thread" daemon [_thread_blocked, id=15664, stack(0x00000045b3900000,0x00000045b3a00000)]
  0x000001ea7e2259f0 JavaThread "Common-Cleaner" daemon [_thread_blocked, id=10592, stack(0x00000045b3b00000,0x00000045b3c00000)]
  0x000001ea7e6d90d0 JavaThread "Java2D Disposer" daemon [_thread_blocked, id=10332, stack(0x00000045b3c00000,0x00000045b3d00000)]
  0x000001ea4199c980 JavaThread "HighResTimerThread" daemon [_thread_blocked, id=17832, stack(0x00000045b4c00000,0x00000045b4d00000)]
  0x000001ea41a88370 JavaThread "main-FPSAWTAnimator#00-Timer0" [_thread_blocked, id=11124, stack(0x00000045b4e00000,0x00000045b4f00000)]
  0x000001ea41abf950 JavaThread "DestroyJavaVM" [_thread_blocked, id=3372, stack(0x00000045b2600000,0x00000045b2700000)]
  0x000001ea41ac12a0 JavaThread "pool-1-thread-1" [_thread_blocked, id=14944, stack(0x00000045b5000000,0x00000045b5100000)]
  0x000001ea41abfe60 JavaThread "pool-1-thread-2" [_thread_blocked, id=16428, stack(0x00000045b5100000,0x00000045b5200000)]
  0x000001ea41ac0880 JavaThread "pool-1-thread-3" [_thread_blocked, id=18412, stack(0x00000045b5200000,0x00000045b5300000)]
  0x000001ea41ac0370 JavaThread "pool-1-thread-4" [_thread_blocked, id=7308, stack(0x00000045b5300000,0x00000045b5400000)]
  0x000001ea41ac0d90 JavaThread "pool-1-thread-5" [_thread_blocked, id=6260, stack(0x00000045b5400000,0x00000045b5500000)]
  0x000001ea51f01e50 JavaThread "pool-1-thread-6" [_thread_blocked, id=17460, stack(0x00000045b5500000,0x00000045b5600000)]
  0x000001ea51f02870 JavaThread "pool-1-thread-7" [_thread_blocked, id=11312, stack(0x00000045b5600000,0x00000045b5700000)]
  0x000001ea51f00f20 JavaThread "pool-1-thread-8" [_thread_blocked, id=9740, stack(0x00000045b5700000,0x00000045b5800000)]
  0x000001ea51f02d80 JavaThread "pool-1-thread-9" [_thread_blocked, id=12964, stack(0x00000045b5800000,0x00000045b5900000)]
  0x000001ea51f00a10 JavaThread "pool-1-thread-10" [_thread_blocked, id=14400, stack(0x00000045b5900000,0x00000045b5a00000)]
  0x000001ea51f03290 JavaThread "pool-1-thread-11" [_thread_blocked, id=16760, stack(0x00000045b5a00000,0x00000045b5b00000)]
  0x000001ea51f037a0 JavaThread "pool-1-thread-12" [_thread_blocked, id=17860, stack(0x00000045b5b00000,0x00000045b5c00000)]
  0x000001ea51f01430 JavaThread "pool-1-thread-13" [_thread_blocked, id=4360, stack(0x00000045b5c00000,0x00000045b5d00000)]
  0x000001ea51effff0 JavaThread "pool-1-thread-14" [_thread_blocked, id=2828, stack(0x00000045b5d00000,0x00000045b5e00000)]
  0x000001ea51f03cb0 JavaThread "pool-1-thread-15" [_thread_blocked, id=12532, stack(0x00000045b5e00000,0x00000045b5f00000)]
  0x000001ea51f01940 JavaThread "pool-1-thread-16" [_thread_blocked, id=3080, stack(0x00000045b5f00000,0x00000045b6000000)]
  0x000001ea51f02360 JavaThread "pool-1-thread-17" [_thread_blocked, id=13216, stack(0x00000045b6000000,0x00000045b6100000)]
  0x000001ea51f00500 JavaThread "pool-1-thread-18" [_thread_blocked, id=19172, stack(0x00000045b6100000,0x00000045b6200000)]
  0x000001ea51f06530 JavaThread "pool-1-thread-19" [_thread_blocked, id=17560, stack(0x00000045b6200000,0x00000045b6300000)]
  0x000001ea51f06a40 JavaThread "pool-1-thread-20" [_thread_blocked, id=2424, stack(0x00000045b6300000,0x00000045b6400000)]
  0x000001ea51f046d0 JavaThread "AWT-Shutdown" [_thread_blocked, id=16908, stack(0x00000045b4d00000,0x00000045b4e00000)]

Other Threads:
=>0x000001ea79e9aec0 VMThread "VM Thread" [stack: 0x00000045b2c00000,0x00000045b2d00000] [id=16048]
  0x000001ea5e09c410 GCTaskThread "GC Thread#0" [stack: 0x00000045b2700000,0x00000045b2800000] [id=2848]
  0x000001ea41308e60 GCTaskThread "GC Thread#1" [stack: 0x00000045b4400000,0x00000045b4500000] [id=10040]
  0x000001ea41309120 GCTaskThread "GC Thread#2" [stack: 0x00000045b4500000,0x00000045b4600000] [id=2336]
  0x000001ea4130d3f0 GCTaskThread "GC Thread#3" [stack: 0x00000045b4600000,0x00000045b4700000] [id=12428]
  0x000001ea4130d6b0 GCTaskThread "GC Thread#4" [stack: 0x00000045b4700000,0x00000045b4800000] [id=18572]
  0x000001ea4130d970 GCTaskThread "GC Thread#5" [stack: 0x00000045b4800000,0x00000045b4900000] [id=5620]
  0x000001ea4133c0a0 GCTaskThread "GC Thread#6" [stack: 0x00000045b4900000,0x00000045b4a00000] [id=13396]
  0x000001ea41340370 GCTaskThread "GC Thread#7" [stack: 0x00000045b4a00000,0x00000045b4b00000] [id=19372]
  0x000001ea5e0a6280 ConcurrentGCThread "G1 Main Marker" terminated
  0x000001ea5e0a7880 ConcurrentGCThread "G1 Conc#0" [stack: 0x00000045b2900000,0x00000045b2a00000] [id=4220]
  0x000001ea52bef570 ConcurrentGCThread "G1 Conc#1" [stack: 0x00000045b6500000,0x00000045b6600000] [id=11996]
  0x000001ea5e10af50 ConcurrentGCThread "G1 Refine#0" terminated
  0x000001ea5e10b890 ConcurrentGCThread "G1 Service" terminated

Threads with active compile tasks:

VM state: at safepoint (shutting down)

VM Mutex/Monitor currently owned by a thread:  ([mutex/lock_event])
[0x000001ea5bd4bb40] Threads_lock - owner thread: 0x000001ea79e9aec0
[0x000001ea5bd4b630] Heap_lock - owner thread: 0x000001ea41a88370

Heap address: 0x00000000c0000000, size: 1024 MB, Compressed Oops mode: 32-bit

CDS archive(s) mapped at: [0x000001ea00000000-0x000001ea00bb0000-0x000001ea00bb0000), size 12255232, SharedBaseAddress: 0x000001ea00000000, ArchiveRelocationMode: 1.
Compressed class space mapped at: 0x000001ea01000000-0x000001ea41000000, reserved size: 1073741824
Narrow klass base: 0x000001ea00000000, Narrow klass shift: 0, Narrow klass range: 0x100000000

GC Precious Log:
 CPUs: 8 total, 8 available
 Memory: 7975M
 Large Page Support: Disabled
 NUMA Support: Disabled
 Compressed Oops: Enabled (32-bit)
 Heap Region Size: 1M
 Heap Min Capacity: 64M
 Heap Initial Capacity: 64M
 Heap Max Capacity: 1G
 Pre-touch: Disabled
 Parallel Workers: 8
 Concurrent Workers: 2
 Concurrent Refinement Workers: 8
 Periodic GC: Disabled

Heap:
 garbage-first heap   total 78848K, used 38383K [0x00000000c0000000, 0x0000000100000000)
  region size 1024K, 7 young (7168K), 1 survivors (1024K)
 Metaspace       used 13256K, committed 13440K, reserved 1114112K
  class space    used 920K, committed 1024K, reserved 1048576K

Heap Regions: E=young(eden), S=young(survivor), O=old, HS=humongous(starts), HC=humongous(continues), CS=collection set, F=free, OA=open archive, CA=closed archive, TAMS=top-at-mark-start (previous, next)
|   0|0x00000000c0000000, 0x00000000c0100000, 0x00000000c0100000|100%| O|  |TAMS 0x00000000c0100000, 0x00000000c0000000| Untracked 
|   1|0x00000000c0100000, 0x00000000c0200000, 0x00000000c0200000|100%| O|  |TAMS 0x00000000c0200000, 0x00000000c0100000| Untracked 
|   2|0x00000000c0200000, 0x00000000c0300000, 0x00000000c0300000|100%|HS|  |TAMS 0x00000000c0300000, 0x00000000c0200000| Complete 
|   3|0x00000000c0300000, 0x00000000c0400000, 0x00000000c0400000|100%|HC|  |TAMS 0x00000000c0400000, 0x00000000c0300000| Complete 
|   4|0x00000000c0400000, 0x00000000c0500000, 0x00000000c0500000|100%|HC|  |TAMS 0x00000000c0500000, 0x00000000c0400000| Complete 
|   5|0x00000000c0500000, 0x00000000c0600000, 0x00000000c0600000|100%|HC|  |TAMS 0x00000000c0600000, 0x00000000c0500000| Complete 
|   6|0x00000000c0600000, 0x00000000c0700000, 0x00000000c0700000|100%|HC|  |TAMS 0x00000000c0700000, 0x00000000c0600000| Complete 
|   7|0x00000000c0700000, 0x00000000c0800000, 0x00000000c0800000|100%|HS|  |TAMS 0x00000000c0800000, 0x00000000c0700000| Complete 
|   8|0x00000000c0800000, 0x00000000c0900000, 0x00000000c0900000|100%|HC|  |TAMS 0x00000000c0900000, 0x00000000c0800000| Complete 
|   9|0x00000000c0900000, 0x00000000c0a00000, 0x00000000c0a00000|100%|HS|  |TAMS 0x00000000c0a00000, 0x00000000c0900000| Complete 
|  10|0x00000000c0a00000, 0x00000000c0b00000, 0x00000000c0b00000|100%|HC|  |TAMS 0x00000000c0b00000, 0x00000000c0a00000| Complete 
|  11|0x00000000c0b00000, 0x00000000c0c00000, 0x00000000c0c00000|100%|HC|  |TAMS 0x00000000c0c00000, 0x00000000c0b00000| Complete 
|  12|0x00000000c0c00000, 0x00000000c0d00000, 0x00000000c0d00000|100%|HC|  |TAMS 0x00000000c0d00000, 0x00000000c0c00000| Complete 
|  13|0x00000000c0d00000, 0x00000000c0e00000, 0x00000000c0e00000|100%|HS|  |TAMS 0x00000000c0e00000, 0x00000000c0d00000| Complete 
|  14|0x00000000c0e00000, 0x00000000c0f00000, 0x00000000c0f00000|100%|HC|  |TAMS 0x00000000c0f00000, 0x00000000c0e00000| Complete 
|  15|0x00000000c0f00000, 0x00000000c1000000, 0x00000000c1000000|100%|HC|  |TAMS 0x00000000c1000000, 0x00000000c0f00000| Complete 
|  16|0x00000000c1000000, 0x00000000c1100000, 0x00000000c1100000|100%|HS|  |TAMS 0x00000000c1100000, 0x00000000c1000000| Complete 
|  17|0x00000000c1100000, 0x00000000c1200000, 0x00000000c1200000|100%|HC|  |TAMS 0x00000000c1200000, 0x00000000c1100000| Complete 
|  18|0x00000000c1200000, 0x00000000c1300000, 0x00000000c1300000|100%|HS|  |TAMS 0x00000000c1300000, 0x00000000c1200000| Complete 
|  19|0x00000000c1300000, 0x00000000c1400000, 0x00000000c1400000|100%|HC|  |TAMS 0x00000000c1400000, 0x00000000c1300000| Complete 
|  20|0x00000000c1400000, 0x00000000c1500000, 0x00000000c1500000|100%|HS|  |TAMS 0x00000000c1500000, 0x00000000c1400000| Complete 
|  21|0x00000000c1500000, 0x00000000c1600000, 0x00000000c1600000|100%|HC|  |TAMS 0x00000000c1600000, 0x00000000c1500000| Complete 
|  22|0x00000000c1600000, 0x00000000c1700000, 0x00000000c1700000|100%|HS|  |TAMS 0x00000000c1700000, 0x00000000c1600000| Complete 
|  23|0x00000000c1700000, 0x00000000c1800000, 0x00000000c1800000|100%|HC|  |TAMS 0x00000000c1800000, 0x00000000c1700000| Complete 
|  24|0x00000000c1800000, 0x00000000c1900000, 0x00000000c1900000|100%|HS|  |TAMS 0x00000000c1900000, 0x00000000c1800000| Complete 
|  25|0x00000000c1900000, 0x00000000c1a00000, 0x00000000c1a00000|100%|HC|  |TAMS 0x00000000c1a00000, 0x00000000c1900000| Complete 
|  26|0x00000000c1a00000, 0x00000000c1b00000, 0x00000000c1b00000|100%|HC|  |TAMS 0x00000000c1b00000, 0x00000000c1a00000| Complete 
|  27|0x00000000c1b00000, 0x00000000c1c00000, 0x00000000c1c00000|100%| O|  |TAMS 0x00000000c1c00000, 0x00000000c1b00000| Untracked 
|  28|0x00000000c1c00000, 0x00000000c1d00000, 0x00000000c1d00000|100%| O|  |TAMS 0x00000000c1d00000, 0x00000000c1c00000| Untracked 
|  29|0x00000000c1d00000, 0x00000000c1e00000, 0x00000000c1e00000|100%| O|  |TAMS 0x00000000c1e00000, 0x00000000c1d00000| Untracked 
|  30|0x00000000c1e00000, 0x00000000c1f00000, 0x00000000c1f00000|100%| O|  |TAMS 0x00000000c1f00000, 0x00000000c1e00000| Untracked 
|  31|0x00000000c1f00000, 0x00000000c1fab600, 0x00000000c2000000| 66%| O|  |TAMS 0x00000000c1fa7600, 0x00000000c1f00000| Untracked 
|  32|0x00000000c2000000, 0x00000000c2000000, 0x00000000c2100000|  0%| F|  |TAMS 0x00000000c2000000, 0x00000000c2000000| Untracked 
|  33|0x00000000c2100000, 0x00000000c2100000, 0x00000000c2200000|  0%| F|  |TAMS 0x00000000c2100000, 0x00000000c2100000| Untracked 
|  34|0x00000000c2200000, 0x00000000c2200000, 0x00000000c2300000|  0%| F|  |TAMS 0x00000000c2200000, 0x00000000c2200000| Untracked 
|  35|0x00000000c2300000, 0x00000000c2300000, 0x00000000c2400000|  0%| F|  |TAMS 0x00000000c2300000, 0x00000000c2300000| Untracked 
|  36|0x00000000c2400000, 0x00000000c2400000, 0x00000000c2500000|  0%| F|  |TAMS 0x00000000c2400000, 0x00000000c2400000| Untracked 
|  37|0x00000000c2500000, 0x00000000c2500000, 0x00000000c2600000|  0%| F|  |TAMS 0x00000000c2500000, 0x00000000c2500000| Untracked 
|  38|0x00000000c2600000, 0x00000000c2600000, 0x00000000c2700000|  0%| F|  |TAMS 0x00000000c2600000, 0x00000000c2600000| Untracked 
|  39|0x00000000c2700000, 0x00000000c2700000, 0x00000000c2800000|  0%| F|  |TAMS 0x00000000c2700000, 0x00000000c2700000| Untracked 
|  40|0x00000000c2800000, 0x00000000c2800000, 0x00000000c2900000|  0%| F|  |TAMS 0x00000000c2800000, 0x00000000c2800000| Untracked 
|  41|0x00000000c2900000, 0x00000000c2900000, 0x00000000c2a00000|  0%| F|  |TAMS 0x00000000c2900000, 0x00000000c2900000| Untracked 
|  42|0x00000000c2a00000, 0x00000000c2ad0710, 0x00000000c2b00000| 81%| S|CS|TAMS 0x00000000c2a00000, 0x00000000c2a00000| Complete 
|  43|0x00000000c2b00000, 0x00000000c2b00000, 0x00000000c2c00000|  0%| F|  |TAMS 0x00000000c2b00000, 0x00000000c2b00000| Untracked 
|  44|0x00000000c2c00000, 0x00000000c2c00000, 0x00000000c2d00000|  0%| F|  |TAMS 0x00000000c2c00000, 0x00000000c2c00000| Untracked 
|  45|0x00000000c2d00000, 0x00000000c2d00000, 0x00000000c2e00000|  0%| F|  |TAMS 0x00000000c2d00000, 0x00000000c2d00000| Untracked 
|  46|0x00000000c2e00000, 0x00000000c2e00000, 0x00000000c2f00000|  0%| F|  |TAMS 0x00000000c2e00000, 0x00000000c2e00000| Untracked 
|  47|0x00000000c2f00000, 0x00000000c2f00000, 0x00000000c3000000|  0%| F|  |TAMS 0x00000000c2f00000, 0x00000000c2f00000| Untracked 
|  48|0x00000000c3000000, 0x00000000c3000000, 0x00000000c3100000|  0%| F|  |TAMS 0x00000000c3000000, 0x00000000c3000000| Untracked 
|  49|0x00000000c3100000, 0x00000000c3100000, 0x00000000c3200000|  0%| F|  |TAMS 0x00000000c3100000, 0x00000000c3100000| Untracked 
|  50|0x00000000c3200000, 0x00000000c3200000, 0x00000000c3300000|  0%| F|  |TAMS 0x00000000c3200000, 0x00000000c3200000| Untracked 
|  51|0x00000000c3300000, 0x00000000c3300000, 0x00000000c3400000|  0%| F|  |TAMS 0x00000000c3300000, 0x00000000c3300000| Untracked 
|  52|0x00000000c3400000, 0x00000000c3400000, 0x00000000c3500000|  0%| F|  |TAMS 0x00000000c3400000, 0x00000000c3400000| Untracked 
|  53|0x00000000c3500000, 0x00000000c3500000, 0x00000000c3600000|  0%| F|  |TAMS 0x00000000c3500000, 0x00000000c3500000| Untracked 
|  54|0x00000000c3600000, 0x00000000c3600000, 0x00000000c3700000|  0%| F|  |TAMS 0x00000000c3600000, 0x00000000c3600000| Untracked 
|  55|0x00000000c3700000, 0x00000000c3700000, 0x00000000c3800000|  0%| F|  |TAMS 0x00000000c3700000, 0x00000000c3700000| Untracked 
|  56|0x00000000c3800000, 0x00000000c3800000, 0x00000000c3900000|  0%| F|  |TAMS 0x00000000c3800000, 0x00000000c3800000| Untracked 
|  57|0x00000000c3900000, 0x00000000c3900000, 0x00000000c3a00000|  0%| F|  |TAMS 0x00000000c3900000, 0x00000000c3900000| Untracked 
|  58|0x00000000c3a00000, 0x00000000c3a00000, 0x00000000c3b00000|  0%| F|  |TAMS 0x00000000c3a00000, 0x00000000c3a00000| Untracked 
|  59|0x00000000c3b00000, 0x00000000c3b00000, 0x00000000c3c00000|  0%| F|  |TAMS 0x00000000c3b00000, 0x00000000c3b00000| Untracked 
|  60|0x00000000c3c00000, 0x00000000c3c00000, 0x00000000c3d00000|  0%| F|  |TAMS 0x00000000c3c00000, 0x00000000c3c00000| Untracked 
|  61|0x00000000c3d00000, 0x00000000c3d00000, 0x00000000c3e00000|  0%| F|  |TAMS 0x00000000c3d00000, 0x00000000c3d00000| Untracked 
|  62|0x00000000c3e00000, 0x00000000c3e00000, 0x00000000c3f00000|  0%| F|  |TAMS 0x00000000c3e00000, 0x00000000c3e00000| Untracked 
|  63|0x00000000c3f00000, 0x00000000c3f00000, 0x00000000c4000000|  0%| F|  |TAMS 0x00000000c3f00000, 0x00000000c3f00000| Untracked 
|  64|0x00000000c4000000, 0x00000000c4000000, 0x00000000c4100000|  0%| F|  |TAMS 0x00000000c4000000, 0x00000000c4000000| Untracked 
|  65|0x00000000c4100000, 0x00000000c4100000, 0x00000000c4200000|  0%| F|  |TAMS 0x00000000c4100000, 0x00000000c4100000| Untracked 
|  66|0x00000000c4200000, 0x00000000c4200000, 0x00000000c4300000|  0%| F|  |TAMS 0x00000000c4200000, 0x00000000c4200000| Untracked 
|  67|0x00000000c4300000, 0x00000000c4300000, 0x00000000c4400000|  0%| F|  |TAMS 0x00000000c4300000, 0x00000000c4300000| Untracked 
|  68|0x00000000c4400000, 0x00000000c4400000, 0x00000000c4500000|  0%| F|  |TAMS 0x00000000c4400000, 0x00000000c4400000| Untracked 
|  69|0x00000000c4500000, 0x00000000c4500000, 0x00000000c4600000|  0%| F|  |TAMS 0x00000000c4500000, 0x00000000c4500000| Untracked 
|  70|0x00000000c4600000, 0x00000000c4600000, 0x00000000c4700000|  0%| F|  |TAMS 0x00000000c4600000, 0x00000000c4600000| Untracked 
|  71|0x00000000c4700000, 0x00000000c47e5ea8, 0x00000000c4800000| 89%| E|  |TAMS 0x00000000c4700000, 0x00000000c4700000| Complete 
|  72|0x00000000c4800000, 0x00000000c4900000, 0x00000000c4900000|100%| E|CS|TAMS 0x00000000c4800000, 0x00000000c4800000| Complete 
|  73|0x00000000c4900000, 0x00000000c4a00000, 0x00000000c4a00000|100%| E|CS|TAMS 0x00000000c4900000, 0x00000000c4900000| Complete 
|  74|0x00000000c4a00000, 0x00000000c4b00000, 0x00000000c4b00000|100%| E|CS|TAMS 0x00000000c4a00000, 0x00000000c4a00000| Complete 
|  75|0x00000000c4b00000, 0x00000000c4c00000, 0x00000000c4c00000|100%| E|CS|TAMS 0x00000000c4b00000, 0x00000000c4b00000| Complete 
|  76|0x00000000c4c00000, 0x00000000c4d00000, 0x00000000c4d00000|100%| E|CS|TAMS 0x00000000c4c00000, 0x00000000c4c00000| Complete 

Card table byte_map: [0x000001ea750d0000,0x000001ea752d0000] _byte_map_base: 0x000001ea74ad0000

Marking Bits (Prev, Next): (CMBitMap*) 0x000001ea5e09d950, (CMBitMap*) 0x000001ea5e09d990
 Prev Bits: [0x000001ea754d0000, 0x000001ea764d0000)
 Next Bits: [0x000001ea764d0000, 0x000001ea774d0000)

Polling page: 0x000001ea5bf20000

Metaspace:

Usage:
  Non-class:     12.05 MB used.
      Class:    920.23 KB used.
       Both:     12.95 MB used.

Virtual space:
  Non-class space:       64.00 MB reserved,      12.12 MB ( 19%) committed,  1 nodes.
      Class space:        1.00 GB reserved,       1.00 MB ( <1%) committed,  1 nodes.
             Both:        1.06 GB reserved,      13.12 MB (  1%) committed. 

Chunk freelists:
   Non-Class:  3.28 MB
       Class:  14.91 MB
        Both:  18.19 MB

MaxMetaspaceSize: unlimited
CompressedClassSpaceSize: 1.00 GB
Initial GC threshold: 21.00 MB
Current GC threshold: 21.00 MB
CDS: on
MetaspaceReclaimPolicy: balanced
 - commit_granule_bytes: 65536.
 - commit_granule_words: 8192.
 - virtual_space_node_default_size: 8388608.
 - enlarge_chunks_in_place: 1.
 - new_chunks_are_fully_committed: 0.
 - uncommit_free_chunks: 1.
 - use_allocation_guard: 0.
 - handle_deallocations: 1.


Internal statistics:

num_allocs_failed_limit: 0.
num_arena_births: 106.
num_arena_deaths: 0.
num_vsnodes_births: 2.
num_vsnodes_deaths: 0.
num_space_committed: 206.
num_space_uncommitted: 0.
num_chunks_returned_to_freelist: 0.
num_chunks_taken_from_freelist: 394.
num_chunk_merges: 0.
num_chunk_splits: 311.
num_chunks_enlarged: 250.
num_inconsistent_stats: 0.

CodeHeap 'non-profiled nmethods': size=120000Kb used=846Kb max_used=846Kb free=119153Kb
 bounds [0x000001ea6d660000, 0x000001ea6d8d0000, 0x000001ea74b90000]
CodeHeap 'profiled nmethods': size=120000Kb used=3680Kb max_used=3680Kb free=116319Kb
 bounds [0x000001ea65b90000, 0x000001ea65f30000, 0x000001ea6d0c0000]
CodeHeap 'non-nmethods': size=5760Kb used=1612Kb max_used=1647Kb free=4147Kb
 bounds [0x000001ea6d0c0000, 0x000001ea6d330000, 0x000001ea6d660000]
 total_blobs=2749 nmethods=1811 adapters=851
 compilation: enabled
              stopped_count=0, restarted_count=0
 full_count=0

Compilation events (20 events):
Event: 12.907 Thread 0x000001ea79eccda0 1802       3       processing.opengl.PGL::updateFloatBuffer (106 bytes)
Event: 12.908 Thread 0x000001ea79eccda0 nmethod 1802 0x000001ea65f23d10 code [0x000001ea65f23fc0, 0x000001ea65f24d28]
Event: 12.908 Thread 0x000001ea79eccda0 1803       3       processing.opengl.PJOGL::uniformMatrix4fv (15 bytes)
Event: 12.908 Thread 0x000001ea79eccda0 nmethod 1803 0x000001ea65f25310 code [0x000001ea65f254c0, 0x000001ea65f256c8]
Event: 12.908 Thread 0x000001ea79eccda0 1804       3       jogamp.opengl.gl4.GL4bcImpl::glUniformMatrix4fv (91 bytes)
Event: 12.909 Thread 0x000001ea79eccda0 nmethod 1804 0x000001ea65f25790 code [0x000001ea65f25a60, 0x000001ea65f267e8]
Event: 13.403 Thread 0x000001ea79eca910 1805       4       jogamp.opengl.gl4.GL4bcImpl::glGetError (43 bytes)
Event: 13.403 Thread 0x000001ea79eccda0 1806       3       java.util.HashMap$HashIterator::<init> (79 bytes)
Event: 13.403 Thread 0x000001ea79eccda0 nmethod 1806 0x000001ea65f26d10 code [0x000001ea65f26ec0, 0x000001ea65f272d8]
Event: 13.404 Thread 0x000001ea79eca910 nmethod 1805 0x000001ea6d732f90 code [0x000001ea6d733120, 0x000001ea6d733208]
Event: 13.896 Thread 0x000001ea79eca910 1807       4       java.nio.Buffer::position (52 bytes)
Event: 13.896 Thread 0x000001ea79eca910 nmethod 1807 0x000001ea6d733310 code [0x000001ea6d733480, 0x000001ea6d733558]
Event: 13.919 Thread 0x000001ea79eccda0 1808       3       java.lang.AbstractStringBuilder::append (55 bytes)
Event: 13.920 Thread 0x000001ea79eccda0 nmethod 1808 0x000001ea65f27410 code [0x000001ea65f275e0, 0x000001ea65f27918]
Event: 13.953 Thread 0x000001ea79eca910 1809 %     4       java.lang.StringCoding::hasNegatives @ 2 (25 bytes)
Event: 13.956 Thread 0x000001ea79eccda0 1810       3       jdk.internal.misc.Unsafe::getAndAddLong (27 bytes)
Event: 13.956 Thread 0x000001ea79eccda0 nmethod 1810 0x000001ea65f27a90 code [0x000001ea65f27c40, 0x000001ea65f27e88]
Event: 13.956 Thread 0x000001ea79eccda0 1811       3       jdk.internal.misc.Unsafe::weakCompareAndSetLong (11 bytes)
Event: 13.956 Thread 0x000001ea79eccda0 nmethod 1811 0x000001ea65f27f90 code [0x000001ea65f28120, 0x000001ea65f28258]
Event: 13.956 Thread 0x000001ea79eca910 nmethod 1809% 0x000001ea6d733610 code [0x000001ea6d7337a0, 0x000001ea6d7339b8]

GC Heap History (20 events):
Event: 8.098 GC heap before
{Heap before GC invocations=18 (full 0):
 garbage-first heap   total 78848K, used 67513K [0x00000000c0000000, 0x0000000100000000)
  region size 1024K, 35 young (35840K), 1 survivors (1024K)
 Metaspace       used 13050K, committed 13248K, reserved 1114112K
  class space    used 916K, committed 1024K, reserved 1048576K
}
Event: 8.099 GC heap after
{Heap after GC invocations=19 (full 0):
 garbage-first heap   total 78848K, used 32718K [0x00000000c0000000, 0x0000000100000000)
  region size 1024K, 1 young (1024K), 1 survivors (1024K)
 Metaspace       used 13050K, committed 13248K, reserved 1114112K
  class space    used 916K, committed 1024K, reserved 1048576K
}
Event: 8.714 GC heap before
{Heap before GC invocations=19 (full 0):
 garbage-first heap   total 78848K, used 67534K [0x00000000c0000000, 0x0000000100000000)
  region size 1024K, 35 young (35840K), 1 survivors (1024K)
 Metaspace       used 13050K, committed 13248K, reserved 1114112K
  class space    used 916K, committed 1024K, reserved 1048576K
}
Event: 8.715 GC heap after
{Heap after GC invocations=20 (full 0):
 garbage-first heap   total 78848K, used 33298K [0x00000000c0000000, 0x0000000100000000)
  region size 1024K, 1 young (1024K), 1 survivors (1024K)
 Metaspace       used 13050K, committed 13248K, reserved 1114112K
  class space    used 916K, committed 1024K, reserved 1048576K
}
Event: 9.347 GC heap before
{Heap before GC invocations=20 (full 0):
 garbage-first heap   total 78848K, used 68114K [0x00000000c0000000, 0x0000000100000000)
  region size 1024K, 35 young (35840K), 1 survivors (1024K)
 Metaspace       used 13078K, committed 13248K, reserved 1114112K
  class space    used 916K, committed 1024K, reserved 1048576K
}
Event: 9.348 GC heap after
{Heap after GC invocations=21 (full 0):
 garbage-first heap   total 78848K, used 32759K [0x00000000c0000000, 0x0000000100000000)
  region size 1024K, 1 young (1024K), 1 survivors (1024K)
 Metaspace       used 13078K, committed 13248K, reserved 1114112K
  class space    used 916K, committed 1024K, reserved 1048576K
}
Event: 9.981 GC heap before
{Heap before GC invocations=21 (full 0):
 garbage-first heap   total 78848K, used 67575K [0x00000000c0000000, 0x0000000100000000)
  region size 1024K, 35 young (35840K), 1 survivors (1024K)
 Metaspace       used 13078K, committed 13248K, reserved 1114112K
  class space    used 916K, committed 1024K, reserved 1048576K
}
Event: 9.982 GC heap after
{Heap after GC invocations=22 (full 0):
 garbage-first heap   total 78848K, used 33387K [0x00000000c0000000, 0x0000000100000000)
  region size 1024K, 1 young (1024K), 1 survivors (1024K)
 Metaspace       used 13078K, committed 13248K, reserved 1114112K
  class space    used 916K, committed 1024K, reserved 1048576K
}
Event: 10.641 GC heap before
{Heap before GC invocations=22 (full 0):
 garbage-first heap   total 78848K, used 68203K [0x00000000c0000000, 0x0000000100000000)
  region size 1024K, 35 young (35840K), 1 survivors (1024K)
 Metaspace       used 13171K, committed 13376K, reserved 1114112K
  class space    used 916K, committed 1024K, reserved 1048576K
}
Event: 10.642 GC heap after
{Heap after GC invocations=23 (full 0):
 garbage-first heap   total 78848K, used 33089K [0x00000000c0000000, 0x0000000100000000)
  region size 1024K, 1 young (1024K), 1 survivors (1024K)
 Metaspace       used 13171K, committed 13376K, reserved 1114112K
  class space    used 916K, committed 1024K, reserved 1048576K
}
Event: 11.289 GC heap before
{Heap before GC invocations=23 (full 0):
 garbage-first heap   total 78848K, used 67905K [0x00000000c0000000, 0x0000000100000000)
  region size 1024K, 35 young (35840K), 1 survivors (1024K)
 Metaspace       used 13171K, committed 13376K, reserved 1114112K
  class space    used 916K, committed 1024K, reserved 1048576K
}
Event: 11.290 GC heap after
{Heap after GC invocations=24 (full 0):
 garbage-first heap   total 78848K, used 32571K [0x00000000c0000000, 0x0000000100000000)
  region size 1024K, 1 young (1024K), 1 survivors (1024K)
 Metaspace       used 13171K, committed 13376K, reserved 1114112K
  class space    used 916K, committed 1024K, reserved 1048576K
}
Event: 11.916 GC heap before
{Heap before GC invocations=24 (full 0):
 garbage-first heap   total 78848K, used 67387K [0x00000000c0000000, 0x0000000100000000)
  region size 1024K, 35 young (35840K), 1 survivors (1024K)
 Metaspace       used 13171K, committed 13376K, reserved 1114112K
  class space    used 916K, committed 1024K, reserved 1048576K
}
Event: 11.917 GC heap after
{Heap after GC invocations=25 (full 0):
 garbage-first heap   total 78848K, used 32978K [0x00000000c0000000, 0x0000000100000000)
  region size 1024K, 1 young (1024K), 1 survivors (1024K)
 Metaspace       used 13171K, committed 13376K, reserved 1114112K
  class space    used 916K, committed 1024K, reserved 1048576K
}
Event: 12.532 GC heap before
{Heap before GC invocations=25 (full 0):
 garbage-first heap   total 78848K, used 67794K [0x00000000c0000000, 0x0000000100000000)
  region size 1024K, 35 young (35840K), 1 survivors (1024K)
 Metaspace       used 13185K, committed 13376K, reserved 1114112K
  class space    used 916K, committed 1024K, reserved 1048576K
}
Event: 12.533 GC heap after
{Heap after GC invocations=26 (full 0):
 garbage-first heap   total 78848K, used 33201K [0x00000000c0000000, 0x0000000100000000)
  region size 1024K, 1 young (1024K), 1 survivors (1024K)
 Metaspace       used 13185K, committed 13376K, reserved 1114112K
  class space    used 916K, committed 1024K, reserved 1048576K
}
Event: 13.182 GC heap before
{Heap before GC invocations=26 (full 0):
 garbage-first heap   total 78848K, used 68017K [0x00000000c0000000, 0x0000000100000000)
  region size 1024K, 35 young (35840K), 1 survivors (1024K)
 Metaspace       used 13214K, committed 13376K, reserved 1114112K
  class space    used 916K, committed 1024K, reserved 1048576K
}
Event: 13.183 GC heap after
{Heap after GC invocations=27 (full 0):
 garbage-first heap   total 78848K, used 32700K [0x00000000c0000000, 0x0000000100000000)
  region size 1024K, 1 young (1024K), 1 survivors (1024K)
 Metaspace       used 13214K, committed 13376K, reserved 1114112K
  class space    used 916K, committed 1024K, reserved 1048576K
}
Event: 13.822 GC heap before
{Heap before GC invocations=27 (full 0):
 garbage-first heap   total 78848K, used 67516K [0x00000000c0000000, 0x0000000100000000)
  region size 1024K, 35 young (35840K), 1 survivors (1024K)
 Metaspace       used 13214K, committed 13376K, reserved 1114112K
  class space    used 916K, committed 1024K, reserved 1048576K
}
Event: 13.823 GC heap after
{Heap after GC invocations=28 (full 0):
 garbage-first heap   total 78848K, used 33263K [0x00000000c0000000, 0x0000000100000000)
  region size 1024K, 1 young (1024K), 1 survivors (1024K)
 Metaspace       used 13214K, committed 13376K, reserved 1114112K
  class space    used 916K, committed 1024K, reserved 1048576K
}

Dll operation events (14 events):
Event: 0.013 Loaded shared library C:\Program Files\Processing\app\resources\jdk-17.0.14+7\bin\java.dll
Event: 0.026 Loaded shared library C:\Program Files\Processing\app\resources\jdk-17.0.14+7\bin\jsvml.dll
Event: 0.079 Loaded shared library C:\Program Files\Processing\app\resources\jdk-17.0.14+7\bin\net.dll
Event: 0.080 Loaded shared library C:\Program Files\Processing\app\resources\jdk-17.0.14+7\bin\nio.dll
Event: 0.083 Loaded shared library C:\Program Files\Processing\app\resources\jdk-17.0.14+7\bin\zip.dll
Event: 0.140 Loaded shared library C:\Program Files\Processing\app\resources\jdk-17.0.14+7\bin\jimage.dll
Event: 0.145 Loaded shared library C:\Program Files\Processing\app\resources\jdk-17.0.14+7\bin\awt.dll
Event: 0.543 Loaded shared library C:\Users\danil\AppData\Local\Temp\jogamp_0000\file_cache\jln16937435604250405444\jln10620120990680944742\natives\windows-amd64\gluegen_rt.dll
Event: 0.554 Loaded shared library C:\Program Files\Processing\app\resources\jdk-17.0.14+7\bin\jawt.dll
Event: 0.571 Loaded shared library C:\Users\danil\AppData\Local\Temp\jogamp_0000\file_cache\jln16937435604250405444\jln10620120990680944742\natives\windows-amd64\nativewindow_awt.dll
Event: 0.613 Loaded shared library C:\Users\danil\AppData\Local\Temp\jogamp_0000\file_cache\jln16937435604250405444\jln10620120990680944742\natives\windows-amd64\nativewindow_win32.dll
Event: 0.736 Loaded shared library C:\Users\danil\AppData\Local\Temp\jogamp_0000\file_cache\jln16937435604250405444\jln10620120990680944742\natives\windows-amd64\jogl_desktop.dll
Event: 0.981 Loaded shared library C:\Users\danil\AppData\Local\Temp\jogamp_0000\file_cache\jln16937435604250405444\jln10620120990680944742\natives\windows-amd64\jogl_mobile.dll
Event: 1.887 Loaded shared library C:\Users\danil\AppData\Local\Temp\jogamp_0000\file_cache\jln16937435604250405444\jln10620120990680944742\natives\windows-amd64\newt_head.dll

Deoptimization events (20 events):
Event: 13.879 Thread 0x000001ea41a88370 DEOPT PACKING pc=0x000001ea65e633c1 sp=0x00000045b4efecc0
Event: 13.879 Thread 0x000001ea41a88370 DEOPT UNPACKING pc=0x000001ea6d11ace3 sp=0x00000045b4efe1b0 mode 1
Event: 13.879 Thread 0x000001ea41a88370 DEOPT PACKING pc=0x000001ea65e60d74 sp=0x00000045b4efed50
Event: 13.879 Thread 0x000001ea41a88370 DEOPT UNPACKING pc=0x000001ea6d11ace3 sp=0x00000045b4efe1f8 mode 1
Event: 13.879 Thread 0x000001ea41a88370 DEOPT PACKING pc=0x000001ea65e633c1 sp=0x00000045b4efed50
Event: 13.879 Thread 0x000001ea41a88370 DEOPT UNPACKING pc=0x000001ea6d11ace3 sp=0x00000045b4efe240 mode 1
Event: 13.879 Thread 0x000001ea41a88370 DEOPT PACKING pc=0x000001ea65e60d74 sp=0x00000045b4efede0
Event: 13.879 Thread 0x000001ea41a88370 DEOPT UNPACKING pc=0x000001ea6d11ace3 sp=0x00000045b4efe288 mode 1
Event: 13.897 Thread 0x000001ea41a88370 DEOPT PACKING pc=0x000001ea65e633c1 sp=0x00000045b4efecc0
Event: 13.897 Thread 0x000001ea41a88370 DEOPT UNPACKING pc=0x000001ea6d11ace3 sp=0x00000045b4efe1b0 mode 1
Event: 13.897 Thread 0x000001ea41a88370 DEOPT PACKING pc=0x000001ea65e60d74 sp=0x00000045b4efed50
Event: 13.897 Thread 0x000001ea41a88370 DEOPT UNPACKING pc=0x000001ea6d11ace3 sp=0x00000045b4efe1f8 mode 1
Event: 13.897 Thread 0x000001ea41a88370 DEOPT PACKING pc=0x000001ea65e633c1 sp=0x00000045b4efed50
Event: 13.897 Thread 0x000001ea41a88370 DEOPT UNPACKING pc=0x000001ea6d11ace3 sp=0x00000045b4efe240 mode 1
Event: 13.897 Thread 0x000001ea41a88370 DEOPT PACKING pc=0x000001ea65e60d74 sp=0x00000045b4efede0
Event: 13.897 Thread 0x000001ea41a88370 DEOPT UNPACKING pc=0x000001ea6d11ace3 sp=0x00000045b4efe288 mode 1
Event: 13.950 Thread 0x000001ea7eb40000 Uncommon trap: trap_request=0xffffff45 fr.pc=0x000001ea6d71d670 relative=0x00000000000000f0
Event: 13.950 Thread 0x000001ea7eb40000 Uncommon trap: reason=unstable_if action=reinterpret pc=0x000001ea6d71d670 method=com.jogamp.common.util.IntIntHashMap.put(II)I @ 21 c2
Event: 13.950 Thread 0x000001ea7eb40000 DEOPT PACKING pc=0x000001ea6d71d670 sp=0x00000045b3ffefe0
Event: 13.950 Thread 0x000001ea7eb40000 DEOPT UNPACKING pc=0x000001ea6d11a1a3 sp=0x00000045b3ffef48 mode 2

Classes loaded (20 events):
Event: 2.078 Loading class java/util/concurrent/Callable done
Event: 2.078 Loading class java/util/concurrent/Executors$RunnableAdapter done
Event: 2.079 Loading class java/util/concurrent/ThreadPoolExecutor$Worker
Event: 2.079 Loading class java/util/concurrent/ThreadPoolExecutor$Worker done
Event: 2.081 Loading class java/util/concurrent/locks/AbstractQueuedSynchronizer$SharedNode
Event: 2.081 Loading class java/util/concurrent/locks/AbstractQueuedSynchronizer$SharedNode done
Event: 2.164 Loading class sun/nio/cs/StreamDecoder
Event: 2.164 Loading class sun/nio/cs/StreamDecoder done
Event: 2.165 Loading class java/util/regex/Pattern$LookBehindEndNode
Event: 2.165 Loading class java/util/regex/Pattern$LookBehindEndNode done
Event: 2.165 Loading class java/util/regex/Pattern$NotBehind
Event: 2.165 Loading class java/util/regex/Pattern$NotBehind done
Event: 2.165 Loading class java/util/regex/Pattern$Neg
Event: 2.165 Loading class java/util/regex/Pattern$Neg done
Event: 2.166 Loading class java/util/regex/Pattern$Pos
Event: 2.166 Loading class java/util/regex/Pattern$Pos done
Event: 2.179 Loading class java/util/regex/Pattern$SliceS
Event: 2.179 Loading class java/util/regex/Pattern$SliceS done
Event: 13.919 Loading class java/nio/channels/ClosedChannelException
Event: 13.919 Loading class java/nio/channels/ClosedChannelException done

Classes unloaded (0 events):
No events

Classes redefined (0 events):
No events

Internal exceptions (20 events):
Event: 0.122 Thread 0x000001ea5bd4de70 Exception <a 'java/lang/NoSuchMethodError'{0x00000000c3ce5e58}: 'void java.lang.invoke.DirectMethodHandle$Holder.invokeStatic(java.lang.Object, java.lang.Object, java.lang.Object)'> (0x00000000c3ce5e58) 
thrown [s\src\hotspot\share\interpreter\linkResolver.cpp, line 759]
Event: 0.133 Thread 0x000001ea5bd4de70 Exception <a 'java/lang/ClassNotFoundException'{0x00000000c3b0d1f0}: sun/awt/resources/spi/awtProvider> (0x00000000c3b0d1f0) 
thrown [s\src\hotspot\share\classfile\systemDictionary.cpp, line 256]
Event: 0.156 Thread 0x000001ea5bd4de70 Exception <a 'java/io/FileNotFoundException'{0x00000000c3b62b30}> (0x00000000c3b62b30) 
thrown [s\src\hotspot\share\prims\jni.cpp, line 516]
Event: 0.162 Thread 0x000001ea5bd4de70 Exception <a 'java/io/FileNotFoundException'{0x00000000c3b901e8}> (0x00000000c3b901e8) 
thrown [s\src\hotspot\share\prims\jni.cpp, line 516]
Event: 0.202 Thread 0x000001ea5bd4de70 Exception <a 'java/lang/NoSuchMethodError'{0x00000000c3a3d440}: 'java.lang.Object java.lang.invoke.DirectMethodHandle$Holder.invokeStaticInit(java.lang.Object)'> (0x00000000c3a3d440) 
thrown [s\src\hotspot\share\interpreter\linkResolver.cpp, line 759]
Event: 0.315 Thread 0x000001ea5bd4de70 Exception <a 'java/lang/NoSuchMethodError'{0x00000000c364c420}: 'java.lang.Object java.lang.invoke.DirectMethodHandle$Holder.invokeStaticInit(java.lang.Object, int, int, int, int)'> (0x00000000c364c420) 
thrown [s\src\hotspot\share\interpreter\linkResolver.cpp, line 759]
Event: 0.362 Thread 0x000001ea5bd4de70 Exception <a 'java/lang/NoSuchMethodError'{0x00000000c35355d0}: 'java.lang.Object java.lang.invoke.DirectMethodHandle$Holder.invokeStaticInit(java.lang.Object, java.lang.Object, int, int, int, int)'> (0x00000000c35355d0) 
thrown [s\src\hotspot\share\interpreter\linkResolver.cpp, line 759]
Event: 0.410 Thread 0x000001ea5bd4de70 Exception <a 'java/lang/NoSuchMethodError'{0x00000000c3540d20}: 'void java.lang.invoke.DirectMethodHandle$Holder.invokeStatic(java.lang.Object, long)'> (0x00000000c3540d20) 
thrown [s\src\hotspot\share\interpreter\linkResolver.cpp, line 759]
Event: 0.411 Thread 0x000001ea5bd4de70 Exception <a 'java/lang/NoSuchMethodError'{0x00000000c3546300}: 'java.lang.Object java.lang.invoke.DirectMethodHandle$Holder.newInvokeSpecial(java.lang.Object, long)'> (0x00000000c3546300) 
thrown [s\src\hotspot\share\interpreter\linkResolver.cpp, line 759]
Event: 0.414 Thread 0x000001ea5bd4de70 Exception <a 'java/lang/NoSuchMethodError'{0x00000000c3550b18}: 'java.lang.Object java.lang.invoke.DirectMethodHandle$Holder.invokeStaticInit(java.lang.Object, java.lang.Object, long, java.lang.Object)'> (0x00000000c3550b18) 
thrown [s\src\hotspot\share\interpreter\linkResolver.cpp, line 759]
Event: 0.415 Thread 0x000001ea5bd4de70 Exception <a 'java/lang/NoSuchMethodError'{0x00000000c35570d8}: 'java.lang.Object java.lang.invoke.DirectMethodHandle$Holder.newInvokeSpecial(java.lang.Object, java.lang.Object, long)'> (0x00000000c35570d8) 
thrown [s\src\hotspot\share\interpreter\linkResolver.cpp, line 759]
Event: 0.416 Thread 0x000001ea5bd4de70 Exception <a 'java/lang/NoSuchMethodError'{0x00000000c355ac48}: 'java.lang.Object java.lang.invoke.Invokers$Holder.linkToTargetMethod(java.lang.Object, long, java.lang.Object)'> (0x00000000c355ac48) 
thrown [s\src\hotspot\share\interpreter\linkResolver.cpp, line 759]
Event: 0.586 Thread 0x000001ea5bd4de70 Exception <a 'java/lang/NoSuchMethodError'{0x00000000c34ca228}: 'java.lang.Object java.lang.invoke.DirectMethodHandle$Holder.invokeInterface(java.lang.Object, java.lang.Object)'> (0x00000000c34ca228) 
thrown [s\src\hotspot\share\interpreter\linkResolver.cpp, line 759]
Event: 0.586 Thread 0x000001ea5bd4de70 Exception <a 'java/lang/IncompatibleClassChangeError'{0x00000000c34cdb48}: Found class java.lang.Object, but interface was expected> (0x00000000c34cdb48) 
thrown [s\src\hotspot\share\interpreter\linkResolver.cpp, line 826]
Event: 1.985 Thread 0x000001ea5bd4de70 Exception <a 'java/lang/NoSuchMethodError'{0x00000000c33f5c38}: 'void java.lang.invoke.DirectMethodHandle$Holder.invokeSpecial(java.lang.Object, java.lang.Object, java.lang.Object, java.lang.Object, java.lang.Object)'> (0x00000000c33f5c38) 
thrown [s\src\hotspot\share\interpreter\linkResolver.cpp, line 759]
Event: 1.986 Thread 0x000001ea5bd4de70 Exception <a 'java/lang/NoSuchMethodError'{0x00000000c33febf8}: 'void java.lang.invoke.DirectMethodHandle$Holder.invokeSpecial(java.lang.Object, java.lang.Object, java.lang.Object)'> (0x00000000c33febf8) 
thrown [s\src\hotspot\share\interpreter\linkResolver.cpp, line 759]
Event: 1.987 Thread 0x000001ea5bd4de70 Exception <a 'java/lang/NoSuchMethodError'{0x00000000c32051f8}: 'void java.lang.invoke.DirectMethodHandle$Holder.invokeSpecial(java.lang.Object, java.lang.Object, int)'> (0x00000000c32051f8) 
thrown [s\src\hotspot\share\interpreter\linkResolver.cpp, line 759]
Event: 1.988 Thread 0x000001ea5bd4de70 Exception <a 'java/lang/NoSuchMethodError'{0x00000000c320b210}: 'java.lang.Object java.lang.invoke.DirectMethodHandle$Holder.newInvokeSpecial(java.lang.Object, java.lang.Object, int)'> (0x00000000c320b210) 
thrown [s\src\hotspot\share\interpreter\linkResolver.cpp, line 759]
Event: 13.918 Thread 0x000001ea411833e0 Exception <a 'java/lang/InterruptedException'{0x00000000c4700000}> (0x00000000c4700000) 
thrown [s\src\hotspot\share\runtime\objectMonitor.cpp, line 1658]
Event: 13.950 Thread 0x000001ea7eb40000 Implicit null exception at 0x000001ea6d71d5c4 to 0x000001ea6d71d64c

VM Operations (20 events):
Event: 8.099 Executing VM operation: G1CollectForAllocation done
Event: 8.714 Executing VM operation: G1CollectForAllocation
Event: 8.715 Executing VM operation: G1CollectForAllocation done
Event: 9.347 Executing VM operation: G1CollectForAllocation
Event: 9.348 Executing VM operation: G1CollectForAllocation done
Event: 9.981 Executing VM operation: G1CollectForAllocation
Event: 9.982 Executing VM operation: G1CollectForAllocation done
Event: 10.641 Executing VM operation: G1CollectForAllocation
Event: 10.642 Executing VM operation: G1CollectForAllocation done
Event: 11.289 Executing VM operation: G1CollectForAllocation
Event: 11.290 Executing VM operation: G1CollectForAllocation done
Event: 11.916 Executing VM operation: G1CollectForAllocation
Event: 11.917 Executing VM operation: G1CollectForAllocation done
Event: 12.532 Executing VM operation: G1CollectForAllocation
Event: 12.533 Executing VM operation: G1CollectForAllocation done
Event: 13.182 Executing VM operation: G1CollectForAllocation
Event: 13.183 Executing VM operation: G1CollectForAllocation done
Event: 13.822 Executing VM operation: G1CollectForAllocation
Event: 13.823 Executing VM operation: G1CollectForAllocation done
Event: 14.021 Executing VM operation: Exit

Memory protections (0 events):
No events

Nmethod flushes (0 events):
No events

Events (20 events):
Event: 2.615 Thread 0x000001ea5206a6d0 Thread exited: 0x000001ea5206a6d0
Event: 2.728 Thread 0x000001ea41aa5d70 Thread exited: 0x000001ea41aa5d70
Event: 3.888 Thread 0x000001ea7e6e97d0 Thread added: 0x000001ea51f041c0
Event: 4.894 Thread 0x000001ea51f041c0 Thread exited: 0x000001ea51f041c0
Event: 12.111 Thread 0x000001ea7e6e97d0 Thread added: 0x000001ea51f05600
Event: 13.118 Thread 0x000001ea51f05600 Thread exited: 0x000001ea51f05600
Event: 13.918 Thread 0x000001ea41a88370 Thread added: 0x000001ea51f06f50
Event: 13.918 Thread 0x000001ea41a88370 Thread added: 0x000001ea51f07460
Event: 13.918 Thread 0x000001ea411833e0 Thread exited: 0x000001ea411833e0
Event: 13.918 Thread 0x000001ea41a88370 Thread added: 0x000001ea51f07970
Event: 13.919 Thread 0x000001ea7e6e97d0 Thread added: 0x000001ea51f046d0
Event: 13.919 Thread 0x000001ea51f07970 Thread exited: 0x000001ea51f07970
Event: 13.919 Thread 0x000001ea7e7523a0 Thread exited: 0x000001ea7e7523a0
Event: 13.921 Thread 0x000001ea7e6e97d0 Thread exited: 0x000001ea7e6e97d0
Event: 13.952 Thread 0x000001ea7eb40000 Thread exited: 0x000001ea7eb40000
Event: 13.957 Thread 0x000001ea51f06f50 Thread exited: 0x000001ea51f06f50
Event: 14.020 Thread 0x000001ea51f07460 Thread exited: 0x000001ea51f07460
Event: 14.020 Thread 0x000001ea41a88370 Before exit entered
Event: 14.021 Thread 0x000001ea7e1fc6d0 Thread exited: 0x000001ea7e1fc6d0
Event: 14.021 Thread 0x000001ea79ebf090 Thread exited: 0x000001ea79ebf090


Dynamic libraries:
0x00007ff705240000 - 0x00007ff70524e000 	C:\Program Files\Processing\app\resources\jdk-17.0.14+7\bin\java.exe
0x00007ffe8d7a0000 - 0x00007ffe8da07000 	C:\WINDOWS\SYSTEM32\ntdll.dll
0x00007ffe8bad0000 - 0x00007ffe8bb99000 	C:\WINDOWS\System32\KERNEL32.DLL
0x00007ffe8afe0000 - 0x00007ffe8b3d7000 	C:\WINDOWS\System32\KERNELBASE.dll
0x00007ffe8ac60000 - 0x00007ffe8adab000 	C:\WINDOWS\System32\ucrtbase.dll
0x00007ffe879c0000 - 0x00007ffe879de000 	C:\Program Files\Processing\app\resources\jdk-17.0.14+7\bin\VCRUNTIME140.dll
0x00007ffe878f0000 - 0x00007ffe87907000 	C:\Program Files\Processing\app\resources\jdk-17.0.14+7\bin\jli.dll
0x00007ffe8b720000 - 0x00007ffe8b8e6000 	C:\WINDOWS\System32\USER32.dll
0x00007ffe8a290000 - 0x00007ffe8a2b7000 	C:\WINDOWS\System32\win32u.dll
0x00007ffe73250000 - 0x00007ffe734e2000 	C:\WINDOWS\WinSxS\amd64_microsoft.windows.common-controls_6595b64144ccf1df_6.0.26100.8457_none_3e0b2faee331e92d\COMCTL32.dll
0x00007ffe8d080000 - 0x00007ffe8d0ab000 	C:\WINDOWS\System32\GDI32.dll
0x00007ffe8b960000 - 0x00007ffe8ba09000 	C:\WINDOWS\System32\msvcrt.dll
0x00007ffe8a2c0000 - 0x00007ffe8a3ec000 	C:\WINDOWS\System32\gdi32full.dll
0x00007ffe8b470000 - 0x00007ffe8b513000 	C:\WINDOWS\System32\msvcp_win.dll
0x00007ffe8d720000 - 0x00007ffe8d752000 	C:\WINDOWS\System32\IMM32.DLL
0x00007ffe85b30000 - 0x00007ffe85b3c000 	C:\Program Files\Processing\app\resources\jdk-17.0.14+7\bin\vcruntime140_1.dll
0x00007ffe7bef0000 - 0x00007ffe7bf7d000 	C:\Program Files\Processing\app\resources\jdk-17.0.14+7\bin\msvcp140.dll
0x00007ffdf50b0000 - 0x00007ffdf5d1b000 	C:\Program Files\Processing\app\resources\jdk-17.0.14+7\bin\server\jvm.dll
0x00007ffe8ba10000 - 0x00007ffe8bac6000 	C:\WINDOWS\System32\ADVAPI32.dll
0x00007ffe8d0f0000 - 0x00007ffe8d197000 	C:\WINDOWS\System32\sechost.dll
0x00007ffe8b520000 - 0x00007ffe8b638000 	C:\WINDOWS\System32\RPCRT4.dll
0x00007ffe8b640000 - 0x00007ffe8b6c0000 	C:\WINDOWS\System32\WS2_32.dll
0x00007ffe8a030000 - 0x00007ffe8a08e000 	C:\WINDOWS\SYSTEM32\POWRPROF.dll
0x00007ffe810b0000 - 0x00007ffe810bb000 	C:\WINDOWS\SYSTEM32\VERSION.dll
0x00007ffe73640000 - 0x00007ffe73676000 	C:\WINDOWS\SYSTEM32\WINMM.dll
0x00007ffe8a010000 - 0x00007ffe8a024000 	C:\WINDOWS\SYSTEM32\UMPDC.dll
0x00007ffe88f60000 - 0x00007ffe88f7b000 	C:\WINDOWS\SYSTEM32\kernel.appcore.dll
0x00007ffe85b20000 - 0x00007ffe85b2a000 	C:\Program Files\Processing\app\resources\jdk-17.0.14+7\bin\jimage.dll
0x00007ffe74060000 - 0x00007ffe742a2000 	C:\WINDOWS\SYSTEM32\DBGHELP.DLL
0x00007ffe8d390000 - 0x00007ffe8d713000 	C:\WINDOWS\System32\combase.dll
0x00007ffe8c8d0000 - 0x00007ffe8c9a9000 	C:\WINDOWS\System32\OLEAUT32.dll
0x00007ffe7b860000 - 0x00007ffe7b89b000 	C:\WINDOWS\SYSTEM32\dbgcore.DLL
0x00007ffe8adb0000 - 0x00007ffe8ae58000 	C:\WINDOWS\System32\bcryptPrimitives.dll
0x00007ffe85ae0000 - 0x00007ffe85b1b000 	C:\Program Files\Processing\app\resources\jdk-17.0.14+7\bin\jdwp.dll
0x00007ffe7c0a0000 - 0x00007ffe7c0c5000 	C:\Program Files\Processing\app\resources\jdk-17.0.14+7\bin\java.dll
0x00007ffe6d830000 - 0x00007ffe6d907000 	C:\Program Files\Processing\app\resources\jdk-17.0.14+7\bin\jsvml.dll
0x00007ffe8bca0000 - 0x00007ffe8c40e000 	C:\WINDOWS\System32\SHELL32.dll
0x00007ffe8a3f0000 - 0x00007ffe8ac5c000 	C:\WINDOWS\System32\windows.storage.dll
0x00007ffe8bba0000 - 0x00007ffe8bc96000 	C:\WINDOWS\System32\SHCORE.dll
0x00007ffe8b8f0000 - 0x00007ffe8b956000 	C:\WINDOWS\System32\shlwapi.dll
0x00007ffe8a0f0000 - 0x00007ffe8a119000 	C:\WINDOWS\SYSTEM32\profapi.dll
0x00007ffe85ad0000 - 0x00007ffe85adc000 	C:\Program Files\Processing\app\resources\jdk-17.0.14+7\bin\dt_socket.dll
0x00007ffe889a0000 - 0x00007ffe889d2000 	C:\WINDOWS\SYSTEM32\IPHLPAPI.DLL
0x00007ffe894d0000 - 0x00007ffe8953c000 	C:\WINDOWS\system32\mswsock.dll
0x00007ffe85a90000 - 0x00007ffe85aa9000 	C:\Program Files\Processing\app\resources\jdk-17.0.14+7\bin\net.dll
0x00007ffe843f0000 - 0x00007ffe84519000 	C:\WINDOWS\SYSTEM32\WINHTTP.dll
0x00007ffe85860000 - 0x00007ffe85876000 	C:\Program Files\Processing\app\resources\jdk-17.0.14+7\bin\nio.dll
0x00007ffe80870000 - 0x00007ffe80888000 	C:\Program Files\Processing\app\resources\jdk-17.0.14+7\bin\zip.dll
0x00007ffe5e560000 - 0x00007ffe5e6f0000 	C:\Program Files\Processing\app\resources\jdk-17.0.14+7\bin\awt.dll
0x00007ffe87a00000 - 0x00007ffe87aa0000 	C:\WINDOWS\SYSTEM32\apphelp.dll
0x00007ffe87d80000 - 0x00007ffe87e2a000 	C:\WINDOWS\system32\uxtheme.dll
0x00007ffe8d1a0000 - 0x00007ffe8d2fc000 	C:\WINDOWS\System32\MSCTF.dll
0x00007ffe8c430000 - 0x00007ffe8c5c7000 	C:\WINDOWS\System32\ole32.dll
0x00007ffe87f20000 - 0x00007ffe87f4f000 	C:\WINDOWS\system32\DWMAPI.DLL
0x00007ffe40100000 - 0x00007ffe4020f000 	C:\WINDOWS\system32\opengl32.dll
0x00007ffe429d0000 - 0x00007ffe429fd000 	C:\WINDOWS\SYSTEM32\GLU32.dll
0x00007ffe87eb0000 - 0x00007ffe87ef5000 	C:\WINDOWS\SYSTEM32\dxcore.dll
0x00007ffe897b0000 - 0x00007ffe897cb000 	C:\WINDOWS\SYSTEM32\CRYPTSP.dll
0x00007ffe88ec0000 - 0x00007ffe88ef9000 	C:\WINDOWS\system32\rsaenh.dll
0x00007ffe89580000 - 0x00007ffe895b3000 	C:\WINDOWS\SYSTEM32\USERENV.dll
0x00007ffe8a0c0000 - 0x00007ffe8a0ea000 	C:\WINDOWS\SYSTEM32\bcrypt.dll
0x00007ffe897d0000 - 0x00007ffe897dc000 	C:\WINDOWS\SYSTEM32\CRYPTBASE.dll
0x00007ffe8c8c0000 - 0x00007ffe8c8ca000 	C:\WINDOWS\System32\NSI.dll
0x00007ffe84550000 - 0x00007ffe8456d000 	C:\WINDOWS\SYSTEM32\dhcpcsvc6.DLL
0x00007ffe84520000 - 0x00007ffe84545000 	C:\WINDOWS\SYSTEM32\dhcpcsvc.DLL
0x00007ffe88a40000 - 0x00007ffe88b72000 	C:\WINDOWS\SYSTEM32\DNSAPI.dll
0x00007ffe7cf50000 - 0x00007ffe7cf63000 	C:\Users\danil\AppData\Local\Temp\jogamp_0000\file_cache\jln16937435604250405444\jln10620120990680944742\natives\windows-amd64\gluegen_rt.dll
0x00007ffe7c090000 - 0x00007ffe7c097000 	C:\Program Files\Processing\app\resources\jdk-17.0.14+7\bin\jawt.dll
0x00007ffe7bee0000 - 0x00007ffe7beed000 	C:\Users\danil\AppData\Local\Temp\jogamp_0000\file_cache\jln16937435604250405444\jln10620120990680944742\natives\windows-amd64\nativewindow_awt.dll
0x00007ffe7bec0000 - 0x00007ffe7bed5000 	C:\Users\danil\AppData\Local\Temp\jogamp_0000\file_cache\jln16937435604250405444\jln10620120990680944742\natives\windows-amd64\nativewindow_win32.dll
0x00007ffe7be30000 - 0x00007ffe7beb3000 	C:\Users\danil\AppData\Local\Temp\jogamp_0000\file_cache\jln16937435604250405444\jln10620120990680944742\natives\windows-amd64\jogl_desktop.dll
0x00007ffe7a300000 - 0x00007ffe7a352000 	C:\Users\danil\AppData\Local\Temp\jogamp_0000\file_cache\jln16937435604250405444\jln10620120990680944742\natives\windows-amd64\jogl_mobile.dll
0x00007ffe841f0000 - 0x00007ffe84251000 	C:\WINDOWS\SYSTEM32\directxdatabasehelper.dll
0x00007ffe7b700000 - 0x00007ffe7b71d000 	C:\WINDOWS\SYSTEM32\windows.staterepositorycore.dll
0x00007ffdf33d0000 - 0x00007ffdf43a3000 	C:\WINDOWS\System32\DriverStore\FileRepository\iigd_dch.inf_amd64_225f37aa3862fc3f\igxelpicd64.dll
0x00007ffe87bd0000 - 0x00007ffe87d0e000 	C:\WINDOWS\system32\dxgi.dll
0x00007ffe59810000 - 0x00007ffe59c97000 	C:\WINDOWS\System32\DriverStore\FileRepository\iigd_dch.inf_amd64_225f37aa3862fc3f\igdml64.dll
0x00007ffe89d40000 - 0x00007ffe89d91000 	C:\WINDOWS\SYSTEM32\cfgmgr32.dll
0x00007ffe80b00000 - 0x00007ffe80ec1000 	C:\WINDOWS\System32\DriverStore\FileRepository\iigd_dch.inf_amd64_225f37aa3862fc3f\igdgmm64.dll
0x00007ffe7d5d0000 - 0x00007ffe807d6000 	C:\WINDOWS\System32\DriverStore\FileRepository\iigd_dch.inf_amd64_225f37aa3862fc3f\igc64.dll
0x00007ffe7bc10000 - 0x00007ffe7bc29000 	C:\Users\danil\AppData\Local\Temp\jogamp_0000\file_cache\jln16937435604250405444\jln10620120990680944742\natives\windows-amd64\newt_head.dll
0x00007ffe5e8e0000 - 0x00007ffe5e99f000 	C:\WINDOWS\SYSTEM32\mscms.dll
0x00007ffe1cd10000 - 0x00007ffe1cd59000 	C:\WINDOWS\SYSTEM32\icm32.dll
0x00007ffe8cbf0000 - 0x00007ffe8d077000 	C:\WINDOWS\System32\setupapi.dll
0x00007ffe89d10000 - 0x00007ffe89d3d000 	C:\WINDOWS\SYSTEM32\DEVOBJ.dll
0x00007ffe8b3e0000 - 0x00007ffe8b462000 	C:\WINDOWS\System32\WINTRUST.dll
0x00007ffe8ae60000 - 0x00007ffe8afd8000 	C:\WINDOWS\System32\CRYPT32.dll
0x00007ffe898e0000 - 0x00007ffe898f3000 	C:\WINDOWS\SYSTEM32\MSASN1.dll
0x00007ffe580f0000 - 0x00007ffe58236000 	C:\WINDOWS\SYSTEM32\textinputframework.dll
0x00007ffe87560000 - 0x00007ffe87687000 	C:\WINDOWS\SYSTEM32\CoreMessaging.dll
0x00007ffe83270000 - 0x00007ffe83552000 	C:\WINDOWS\SYSTEM32\CoreUIComponents.dll
0x00007ffe84e00000 - 0x00007ffe84f6a000 	C:\WINDOWS\SYSTEM32\wintypes.dll

dbghelp: loaded successfully - version: 4.0.5 - missing functions: none
symbol engine: initialized successfully - sym options: 0x614 - pdb path: .;C:\Program Files\Processing\app\resources\jdk-17.0.14+7\bin;C:\WINDOWS\SYSTEM32;C:\WINDOWS\WinSxS\amd64_microsoft.windows.common-controls_6595b64144ccf1df_6.0.26100.8457_none_3e0b2faee331e92d;C:\Program Files\Processing\app\resources\jdk-17.0.14+7\bin\server;C:\Users\danil\AppData\Local\Temp\jogamp_0000\file_cache\jln16937435604250405444\jln10620120990680944742\natives\windows-amd64;C:\WINDOWS\System32\DriverStore\FileRepository\iigd_dch.inf_amd64_225f37aa3862fc3f

VM Arguments:
jvm_args: -agentlib:jdwp=transport=dt_socket,address=8634,server=y,suspend=y,quiet=y -Xms64m -Xmx1024m -Djna.nosys=true -Djava.library.path=;C:\Program Files\Processing\app\resources\core\library;C:\Program Files\Processing;C:\WINDOWS\system32;C:\WINDOWS;C:\Program Files\PlasticSCM5\server;C:\Program Files\PlasticSCM5\client;C:\Program Files\Common Files\Oracle\Java\javapath;C:\Program Files (x86)\Common Files\Oracle\Java\javapath;C:\Windows\System32\HWAudioDriverLibs;C:\Windows\system32;C:\Windows;C:\Windows\System32\Wbem;C:\Windows\System32\WindowsPowerShell\v1.0;C:\Windows\System32\OpenSSH;C:\Program Files\Microsoft SQL Server\150\Tools\Binn;C:\Program Files\Microsoft SQL Server\Client SDK\ODBC\170\Tools\Binn;C:\Program Files\dotnet;D:\Windows Kits\10\Windows Performance Toolkit;C:\Program Files\Java\jdk-23\bin;C:\WINDOWS\system32;C:\WINDOWS;C:\WINDOWS\System32\Wbem;C:\WINDOWS\System32\WindowsPowerShell\v1.0;C:\WINDOWS\System32\OpenSSH;C:\Program Files\nodejs;C:\Program Files\Docker\Docker\resources\bin;C:\Program Files\TortoiseGit\bin;C:\Program Files\Git\cmd;C:\Users\danil\AppData\Local\Programs\Python\Python312\Scripts;C:\Users\danil\AppData\Local\Programs\Python\Python312;C:\Users\danil\AppData\Local\Microsoft\WindowsApps;C:\Users\danil\AppData\Local\Programs\Microsoft VS Code\bin;C:\Users\danil\AppData\Roaming\npm;D:\DataBase\18\bin;C:\Program Files\Processing\app;. -ea 
java_command: processing.core.PApplet --editor-location=-7,-7 --external --display=1 --sketch-path=C:\Users\danil\Desktop\Gravity_simul Gravity_simul
java_class_path (initial): C:\Users\danil\AppData\Local\Temp\processing\Gravity_simul12763024188356874350temp;C:\Program Files\Processing\app\resources\core\library\annotations-13.0.jar;C:\Program Files\Processing\app\resources\core\library\antlr-2.7.7.jar;C:\Program Files\Processing\app\resources\core\library\core-4.4.1.jar;C:\Program Files\Processing\app\resources\core\library\gluegen-rt-2.5.0-natives-android-aarch64.jar;C:\Program Files\Processing\app\resources\core\library\gluegen-rt-2.5.0-natives-linux-aarch64.jar;C:\Program Files\Processing\app\resources\core\library\gluegen-rt-2.5.0-natives-linux-amd64.jar;C:\Program Files\Processing\app\resources\core\library\gluegen-rt-2.5.0-natives-linux-armv6hf.jar;C:\Program Files\Processing\app\resources\core\library\gluegen-rt-2.5.0-natives-macosx-universal.jar;C:\Program Files\Processing\app\resources\core\library\gluegen-rt-2.5.0-natives-windows-amd64.jar;C:\Program Files\Processing\app\resources\core\library\gluegen-rt-2.5.0.jar;C:\Program Files\Processing\app\resources\core\library\gluegen-rt-main-2.5.0.jar;C:\Program Files\Processing\app\resources\core\library\jogl-all-2.5.0-natives-android-aarch64.jar;C:\Program Files\Processing\app\resources\core\library\jogl-all-2.5.0-natives-linux-aarch64.jar;C:\Program Files\Processing\app\resources\core\library\jogl-all-2.5.0-natives-linux-amd64.jar;C:\Program Files\Processing\app\resources\core\library\jogl-all-2.5.0-natives-linux-armv6hf.jar;C:\Program Files\Processing\app\resources\core\library\jogl-all-2.5.0-natives-macosx-universal.jar;C:\Program Files\Processing\app\resources\core\library\jogl-all-2.5.0-natives-windows-amd64.jar;C:\Program Files\Processing\app\resources\core\library\jogl-all-2.5.0.jar;C:\Program Files\Processing\app\resources\core\library\jogl-all-main-2.5.0.jar;C:\Program Files\Processing\app\resources\core\library\kotlin-stdlib-2.0.20.jar
Launcher Type: SUN_STANDARD

[Global flags]
     intx CICompilerCount                          = 4                                         {product} {ergonomic}
     uint ConcGCThreads                            = 2                                         {product} {ergonomic}
     uint G1ConcRefinementThreads                  = 8                                         {product} {ergonomic}
   size_t G1HeapRegionSize                         = 1048576                                   {product} {ergonomic}
    uintx GCDrainStackTargetSize                   = 64                                        {product} {ergonomic}
   size_t InitialHeapSize                          = 67108864                                  {product} {command line}
   size_t MarkStackSize                            = 4194304                                   {product} {ergonomic}
   size_t MaxHeapSize                              = 1073741824                                {product} {command line}
   size_t MaxNewSize                               = 643825664                                 {product} {ergonomic}
   size_t MinHeapDeltaBytes                        = 1048576                                   {product} {ergonomic}
   size_t MinHeapSize                              = 67108864                                  {product} {command line}
    uintx NonNMethodCodeHeapSize                   = 5839372                                {pd product} {ergonomic}
    uintx NonProfiledCodeHeapSize                  = 122909434                              {pd product} {ergonomic}
    uintx ProfiledCodeHeapSize                     = 122909434                              {pd product} {ergonomic}
    uintx ReservedCodeCacheSize                    = 251658240                              {pd product} {ergonomic}
     bool SegmentedCodeCache                       = true                                      {product} {ergonomic}
   size_t SoftMaxHeapSize                          = 1073741824                             {manageable} {ergonomic}
     bool UseCompressedClassPointers               = true                           {product lp64_product} {ergonomic}
     bool UseCompressedOops                        = true                           {product lp64_product} {ergonomic}
     bool UseG1GC                                  = true                                      {product} {ergonomic}
     bool UseLargePagesIndividualAllocation        = false                                  {pd product} {ergonomic}

Logging:
Log output configuration:
 #0: stdout all=off uptime,level,tags
 #1: stderr all=off uptime,level,tags

Environment Variables:
JAVA_HOME=C:\Program Files\Java\jdk-23
PATH=C:\Program Files\PlasticSCM5\server;C:\Program Files\PlasticSCM5\client;C:\Program Files\Common Files\Oracle\Java\javapath;C:\Program Files (x86)\Common Files\Oracle\Java\javapath;C:\Windows\System32\HWAudioDriverLibs;C:\Windows\system32;C:\Windows;C:\Windows\System32\Wbem;C:\Windows\System32\WindowsPowerShell\v1.0\;C:\Windows\System32\OpenSSH\;C:\Users\Administrator\AppData\Local\Microsoft\WindowsApps;C:\Program Files\Microsoft SQL Server\150\Tools\Binn\;C:\Program Files\Microsoft SQL Server\Client SDK\ODBC\170\Tools\Binn\;C:\Program Files\dotnet\;D:\Windows Kits\10\Windows Performance Toolkit\;C:\Program Files\Java\jdk-23\bin;C:\WINDOWS\system32;C:\WINDOWS;C:\WINDOWS\System32\Wbem;C:\WINDOWS\System32\WindowsPowerShell\v1.0\;C:\WINDOWS\System32\OpenSSH\;C:\Program Files\nodejs\;C:\Program Files\Docker\Docker\resources\bin;C:\Program Files\TortoiseGit\bin;C:\Program Files\Git\cmd;C:\Users\danil\AppData\Local\Programs\Python\Python312\Scripts\;C:\Users\danil\AppData\Local\Programs\Python\Python312\;C:\Users\danil\AppData\Local\Microsoft\WindowsApps;C:\Users\danil\.dotnet\tools;C:\Users\danil\AppData\Local\Programs\Microsoft VS Code\bin;C:\Users\danil\AppData\Roaming\npm;D:\DataBase\18\bin;C:\Program Files\Processing\app
USERNAME=danil
OS=Windows_NT
PROCESSOR_IDENTIFIER=Intel64 Family 6 Model 140 Stepping 2, GenuineIntel
TMP=C:\Users\danil\AppData\Local\Temp
TEMP=C:\Users\danil\AppData\Local\Temp



Periodic native trim disabled


---------------  S Y S T E M  ---------------

OS:
 Windows 11 , 64 bit Build 26100 (10.0.26100.8328)
OS uptime: 0 days 0:55 hours
Hyper-V role detected

CPU: total 8 (initial active 8) (4 cores per cpu, 2 threads per core) family 6 model 140 stepping 2 microcode 0x16, cx8, cmov, fxsr, ht, mmx, 3dnowpref, sse, sse2, sse3, ssse3, sse4.1, sse4.2, popcnt, lzcnt, tsc, tscinvbit, avx, avx2, aes, erms, clmul, bmi1, bmi2, adx, avx512f, avx512dq, avx512cd, avx512bw, avx512vl, sha, fma, vzeroupper, avx512_vpopcntdq, avx512_vpclmulqdq, avx512_vaes, avx512_vnni, clflush, clflushopt, clwb, avx512_vbmi2, avx512_vbmi, hv
Processor Information for processor 0
  Max Mhz: 2496, Current Mhz: 998, Mhz Limit: 2496
Processor Information for processor 1
  Max Mhz: 2496, Current Mhz: 2496, Mhz Limit: 2496
Processor Information for processor 2
  Max Mhz: 2496, Current Mhz: 998, Mhz Limit: 2496
Processor Information for processor 3
  Max Mhz: 2496, Current Mhz: 2496, Mhz Limit: 2496
Processor Information for processor 4
  Max Mhz: 2496, Current Mhz: 2496, Mhz Limit: 2496
Processor Information for processor 5
  Max Mhz: 2496, Current Mhz: 2496, Mhz Limit: 2496
Processor Information for processor 6
  Max Mhz: 2496, Current Mhz: 2496, Mhz Limit: 2496
Processor Information for processor 7
  Max Mhz: 2496, Current Mhz: 2496, Mhz Limit: 2496

Memory: 4k page, system-wide physical 7975M (1918M free)
TotalPageFile size 17703M (AvailPageFile size 8670M)
current process WorkingSet (physical memory assigned to process): 400M, peak: 407M
current process commit charge ("private bytes"): 384M, peak: 400M

vm_info: OpenJDK 64-Bit Server VM (17.0.14+7) for windows-amd64 JRE (17.0.14+7), built on Jan 21 2025 23:40:15 by "admin" with MS VC++ 17.7 (VS2022)

END.
