#
# A fatal error has been detected by the Java Runtime Environment:
#
#  EXCEPTION_ACCESS_VIOLATION (0xc0000005) at pc=0x00007ffb49c7b386, pid=13584, tid=14024
#
# JRE version: OpenJDK Runtime Environment Temurin-17.0.14+7 (17.0.14+7) (build 17.0.14+7)
# Java VM: OpenJDK 64-Bit Server VM Temurin-17.0.14+7 (17.0.14+7, mixed mode, sharing, tiered, compressed oops, compressed class ptrs, g1 gc, windows-amd64)
# Problematic frame:
# C  [igxelpicd64.dll+0x23b386]
#
# No core dump will be written. Minidumps are not enabled by default on client versions of Windows
#
# If you would like to submit a bug report, please visit:
#   https://github.com/adoptium/adoptium-support/issues
#

---------------  S U M M A R Y ------------

Command Line: -agentlib:jdwp=transport=dt_socket,address=8848,server=y,suspend=y,quiet=y -Xms64m -Xmx1024m -Djna.nosys=true -Djava.library.path=;C:\Program Files\Processing\app\resources\core\library;C:\Program Files\Processing;C:\WINDOWS\system32;C:\WINDOWS;C:\Program Files\PlasticSCM5\server;C:\Program Files\PlasticSCM5\client;C:\Program Files\Common Files\Oracle\Java\javapath;C:\Program Files (x86)\Common Files\Oracle\Java\javapath;C:\Windows\System32\HWAudioDriverLibs;C:\Windows\system32;C:\Windows;C:\Windows\System32\Wbem;C:\Windows\System32\WindowsPowerShell\v1.0;C:\Windows\System32\OpenSSH;C:\Program Files\Microsoft SQL Server\150\Tools\Binn;C:\Program Files\Microsoft SQL Server\Client SDK\ODBC\170\Tools\Binn;C:\Program Files\dotnet;D:\Windows Kits\10\Windows Performance Toolkit;C:\Program Files\Java\jdk-23\bin;C:\WINDOWS\system32;C:\WINDOWS;C:\WINDOWS\System32\Wbem;C:\WINDOWS\System32\WindowsPowerShell\v1.0;C:\WINDOWS\System32\OpenSSH;C:\Program Files\nodejs;C:\Program Files\Docker\Docker\resources\bin;C:\Program Files\TortoiseGit\bin;C:\Program Files\Git\cmd;C:\Users\danil\Desktop\ffmpeg-8.1.2-essentials_build\ffmpeg-8.1.2-essentials_build\bin;C:\Users\danil\AppData\Local\Programs\Python\Python312\Scripts;C:\Users\danil\AppData\Local\Programs\Python\Python312;C:\Users\danil\AppData\Local\Microsoft\WindowsApps;C:\Users\danil\AppData\Local\Programs\Microsoft VS Code\bin;C:\Users\danil\AppData\Roaming\npm;D:\DataBase\18\bin;C:\Program Files\Processing\app;. -ea processing.core.PApplet --editor-location=-8,-8 --external --display=1 --sketch-path=C:\Users\danil\Desktop\Gravity_simul Gravity_simul

Host: 11th Gen Intel(R) Core(TM) i5-1155G7 @ 2.50GHz, 8 cores, 7G,  Windows 11 , 64 bit Build 26100 (10.0.26100.8521)
Time: Sun Jun 28 23:38:26 2026 RTZ 3 (s 11 , 64 bit Build 26100 (10.0.26100.8521) elapsed time: 26.734756 seconds (0d 0h 0m 26s)

---------------  T H R E A D  ---------------

Current thread (0x000001bb3824a990):  VMThread "VM Thread" [stack: 0x0000004b33a00000,0x0000004b33b00000] [id=14024]

Stack: [0x0000004b33a00000,0x0000004b33b00000],  sp=0x0000004b33afe580,  free space=1017k
Native frames: (J=compiled Java code, j=interpreted, Vv=VM code, C=native code)
C  [igxelpicd64.dll+0x23b386]


siginfo: EXCEPTION_ACCESS_VIOLATION (0xc0000005), reading address 0x0000000000035468


Registers:
RAX=0x000001bb12863b00, RBX=0x000001bb7e619080, RCX=0x0000000000000004, RDX=0x0000000000000000
RSP=0x0000004b33afe580, RBP=0x0000000000000000, RSI=0x000001bb12863900, RDI=0x000001bb7e082ea0
R8 =0x000001bb12863a00, R9 =0x0000004b32e12000, R10=0x0000000000000000, R11=0x0000000000000246
R12=0x000001bb12863900, R13=0x0000000000000000, R14=0x000001bb12863e48, R15=0x000001bb1285f910
RIP=0x00007ffb49c7b386, EFLAGS=0x0000000000010206


Register to memory mapping:

RIP=0x00007ffb49c7b386 igxelpicd64.dll
RAX=0x000001bb12863b00 points into unknown readable memory: 0x00000000000714f8 | f8 14 07 00 00 00 00 00
RBX=0x000001bb7e619080 points into unknown readable memory: 0xffffffffffffffff | ff ff ff ff ff ff ff ff
RCX=0x0000000000000004 is an unknown value
RDX=0x0 is NULL
RSP=0x0000004b33afe580 points into unknown readable memory: 0x000001bb7e619080 | 80 90 61 7e bb 01 00 00
RBP=0x0 is NULL
RSI=0x000001bb12863900 points into unknown readable memory: 0x000001bb7e21bc30 | 30 bc 21 7e bb 01 00 00
RDI=0x000001bb7e082ea0 points into unknown readable memory: 0x890101002c013c00 | 00 3c 01 2c 00 01 01 89
R8 =0x000001bb12863a00 points into unknown readable memory: 0x0000000000000000 | 00 00 00 00 00 00 00 00
R9 =0x0000004b32e12000 points into unknown readable memory: 0x0000000000000000 | 00 00 00 00 00 00 00 00
R10=0x0 is NULL
R11=0x0000000000000246 is an unknown value
R12=0x000001bb12863900 points into unknown readable memory: 0x000001bb7e21bc30 | 30 bc 21 7e bb 01 00 00
R13=0x0 is NULL
R14=0x000001bb12863e48 points into unknown readable memory: 0x000001bb1285f910 | 10 f9 85 12 bb 01 00 00
R15=0x000001bb1285f910 points into unknown readable memory: 0x000001bb7e21bc30 | 30 bc 21 7e bb 01 00 00


Top of Stack: (sp=0x0000004b33afe580)
0x0000004b33afe580:   000001bb7e619080 bf2d03a55a2d03a3
0x0000004b33afe590:   8b2f03a2c12e0355 d13003a163300357
0x0000004b33afe5a0:   00000016ee000000 0000000000000000
0x0000004b33afe5b0:   f93503aba03403af f936034de13603a3
0x0000004b33afe5c0:   000001bb7e619080 833803aa8d3702ed
0x0000004b33afe5d0:   173902d594380355 8c3a035c503902ea
0x0000004b33afe5e0:   4f3d02ed2c3c02db fc3f037f603f0392
0x0000004b33afe5f0:   f941039499400250 de4403a2fb4203a3
0x0000004b33afe600:   e34503aeef4403ac c44603a6fc450334
0x0000004b33afe610:   5849033ec6470374 e04b0391e84a039d
0x0000004b33afe620:   904d039e304c0380 444f03a4d94d03af
0x0000004b33afe630:   725103ab5050036c a252036a1352037b
0x0000004b33afe640:   ef53032edb5203af 835903a135560397
0x0000004b33afe650:   745a03a4e0590303 065b03a29e5a03ab
0x0000004b33afe660:   7c5b02300b5b03ab 0000000000000000
0x0000004b33afe670:   0000000000000000 0000000000000000
0x0000004b33afe680:   0000004b33afe820 00007ffbfa2a1259
0x0000004b33afe690:   0000004b33afe718 0000000000000000
0x0000004b33afe6a0:   0000000000000054 00007ffbfa2fc710
0x0000004b33afe6b0:   316b03aecb69039c 00007ffbfb064094
0x0000004b33afe6c0:   256e039da16c01da ce6e01f9376e03a3
0x0000004b33afe6d0:   00007d9cc115992b 7b74036398730389
0x0000004b33afe6e0:   000001bb00c9b638 0000000000071522
0x0000004b33afe6f0:   0000000000000000 0000000000000016
0x0000004b33afe700:   0000000000000000 0000000000000000
0x0000004b33afe710:   0000004b33afe820 00007ffb49ca82ae
0x0000004b33afe720:   000001bb7e082ea0 0000000000000000
0x0000004b33afe730:   000001bb7e082ea0 248903a30e890360
0x0000004b33afe740:   0000004b00000bd4 0000740400860000
0x0000004b33afe750:   0000000000000000 b18d0386728c0276
0x0000004b33afe760:   ed8e01f4d18d0344 6390039f5290034c
0x0000004b33afe770:   399103a4ab900378 2f92039a7691037d 

Instructions: (pc=0x00007ffb49c7b386)
0x00007ffb49c7b286:   00 90 4c 8b bf 80 02 00 00 48 8b 05 9a 85 bd 00
0x00007ffb49c7b296:   8b 80 c8 0a 00 00 89 44 24 24 c6 44 24 20 00 48
0x00007ffb49c7b2a6:   c7 87 80 02 00 00 00 00 00 00 c7 87 88 02 00 00
0x00007ffb49c7b2b6:   00 00 00 00 48 c7 87 a0 02 00 00 00 00 00 00 48
0x00007ffb49c7b2c6:   c7 87 90 02 00 00 00 00 00 00 48 85 ed 75 3d 8b
0x00007ffb49c7b2d6:   35 0d 77 cd 00 65 48 8b 04 25 58 00 00 00 b9 14
0x00007ffb49c7b2e6:   00 00 00 48 8b 04 f0 40 38 2c 01 0f 84 c9 e7 75
0x00007ffb49c7b2f6:   00 65 48 8b 04 25 58 00 00 00 bd 20 00 00 00 48
0x00007ffb49c7b306:   8b 04 f0 48 8b 2c 28 48 89 6c 24 28 48 3b 2d 07
0x00007ffb49c7b316:   9b cd 00 0f 84 9b 10 00 00 4d 85 ff 0f 84 3a 01
0x00007ffb49c7b326:   00 00 0f 1f 84 00 00 00 00 00 49 8b f7 4d 8b e7
0x00007ffb49c7b336:   4d 8d b7 48 05 00 00 4d 8b 3e 45 84 ed 0f 85 d9
0x00007ffb49c7b346:   0e 00 00 8b 8f d0 01 00 00 48 8b 05 da 84 bd 00
0x00007ffb49c7b356:   83 b8 64 03 00 00 02 75 34 4d 8d 84 24 00 01 00
0x00007ffb49c7b366:   00 83 f9 10 0f 83 3a 01 00 00 8b c1 48 c1 e0 06
0x00007ffb49c7b376:   49 03 c0 48 85 c0 0f 84 9b 01 00 00 48 8b 50 08
0x00007ffb49c7b386:   48 3b 95 68 54 03 00 0f 87 b6 0e 00 00 48 83 be
0x00007ffb49c7b396:   c0 05 00 00 00 0f 85 50 e7 75 00 44 8b 8f d0 01
0x00007ffb49c7b3a6:   00 00 48 8b 87 e8 01 00 00 4c 8b 00 8b 8f d0 01
0x00007ffb49c7b3b6:   00 00 48 8d 9e 00 01 00 00 83 f9 10 0f 83 1e 01
0x00007ffb49c7b3c6:   00 00 8b c1 48 c1 e0 06 48 03 c3 48 85 c0 0f 84
0x00007ffb49c7b3d6:   4a 01 00 00 4c 39 40 08 0f 86 40 01 00 00 48 8b
0x00007ffb49c7b3e6:   87 80 02 00 00 49 89 06 48 89 b7 80 02 00 00 ff
0x00007ffb49c7b3f6:   87 88 02 00 00 48 8b 4e 08 48 8b 01 ba 01 00 00
0x00007ffb49c7b406:   00 48 8b 80 e0 02 00 00 ff 15 f4 c1 88 00 0f b7
0x00007ffb49c7b416:   c8 48 2b c1 48 05 00 00 01 00 48 01 87 90 02 00
0x00007ffb49c7b426:   00 48 8b 4e 08 48 8b 01 ba 01 00 00 00 48 8b 80
0x00007ffb49c7b436:   e0 02 00 00 ff 15 c8 c1 88 00 48 01 87 a0 02 00
0x00007ffb49c7b446:   00 0f b6 54 24 20 4d 85 ff 0f 85 db fe ff ff 84
0x00007ffb49c7b456:   d2 0f 85 37 0f 00 00 48 8b 5c 24 40 48 8b cf 80
0x00007ffb49c7b466:   7c 24 22 00 0f 85 40 0f 00 00 e8 3b f9 ff ff 90
0x00007ffb49c7b476:   48 8b cb ff 15 99 bc 88 00 48 8b 8c 24 50 01 00 


Stack slot to memory mapping:
stack at sp + 0 slots: 0x000001bb7e619080 points into unknown readable memory: 0xffffffffffffffff | ff ff ff ff ff ff ff ff
stack at sp + 1 slots: 0xbf2d03a55a2d03a3 is an unknown value
stack at sp + 2 slots: 0x8b2f03a2c12e0355 is an unknown value
stack at sp + 3 slots: 0xd13003a163300357 is an unknown value
stack at sp + 4 slots: 0x00000016ee000000 is an unknown value
stack at sp + 5 slots: 0x0 is NULL
stack at sp + 6 slots: 0xf93503aba03403af is an unknown value
stack at sp + 7 slots: 0xf936034de13603a3 is an unknown value

VM_Operation (0x0000004b35cfe910): Exit, mode: safepoint, requested by thread 0x000001bb00916f60


---------------  P R O C E S S  ---------------

Threads class SMR info:
_java_thread_list=0x000001bb00f1afc0, length=39, elements={
0x000001bb3824e100, 0x000001bb3824ebd0, 0x000001bb38262120, 0x000001bb382629f0,
0x000001bb382632c0, 0x000001bb38264ba0, 0x000001bb382657a0, 0x000001bb38279f10,
0x000001bb38270600, 0x000001bb384f2190, 0x000001bb385078e0, 0x000001bb3850bf90,
0x000001bb38510a30, 0x000001bb38529410, 0x000001bb3881e750, 0x000001bb009efe90,
0x000001bb00916f60, 0x000001bb1a48c850, 0x000001bb127941d0, 0x000001bb00f22450,
0x000001bb00f21010, 0x000001bb00f21520, 0x000001bb00f22960, 0x000001bb00f21f40,
0x000001bb00f21a30, 0x000001bb00f205f0, 0x000001bb00f23380, 0x000001bb00f22e70,
0x000001bb00f23890, 0x000001bb00f23da0, 0x000001bb00f20b00, 0x000001bb128f8450,
0x000001bb128f65f0, 0x000001bb128f60e0, 0x000001bb128f8e70, 0x000001bb128f6b00,
0x000001bb128f8960, 0x000001bb128f7010, 0x000001bb128f7520
}

Java Threads: ( => current thread )
  0x000001bb3824e100 JavaThread "Reference Handler" daemon [_thread_blocked, id=10460, stack(0x0000004b33b00000,0x0000004b33c00000)]
  0x000001bb3824ebd0 JavaThread "Finalizer" daemon [_thread_blocked, id=17468, stack(0x0000004b33c00000,0x0000004b33d00000)]
  0x000001bb38262120 JavaThread "Signal Dispatcher" daemon [_thread_blocked, id=16904, stack(0x0000004b33d00000,0x0000004b33e00000)]
  0x000001bb382629f0 JavaThread "Attach Listener" daemon [_thread_blocked, id=13264, stack(0x0000004b33e00000,0x0000004b33f00000)]
  0x000001bb382632c0 JavaThread "Service Thread" daemon [_thread_blocked, id=12024, stack(0x0000004b33f00000,0x0000004b34000000)]
  0x000001bb38264ba0 JavaThread "Monitor Deflation Thread" daemon [_thread_blocked, id=7460, stack(0x0000004b34000000,0x0000004b34100000)]
  0x000001bb382657a0 JavaThread "C2 CompilerThread0" daemon [_thread_blocked, id=8440, stack(0x0000004b34100000,0x0000004b34200000)]
  0x000001bb38279f10 JavaThread "C1 CompilerThread0" daemon [_thread_blocked, id=1652, stack(0x0000004b34200000,0x0000004b34300000)]
  0x000001bb38270600 JavaThread "Sweeper thread" daemon [_thread_blocked, id=720, stack(0x0000004b34300000,0x0000004b34400000)]
  0x000001bb384f2190 JavaThread "JDWP Transport Listener: dt_socket" daemon [_thread_blocked, id=17668, stack(0x0000004b34400000,0x0000004b34500000)]
  0x000001bb385078e0 JavaThread "JDWP Event Helper Thread" daemon [_thread_blocked, id=1256, stack(0x0000004b34500000,0x0000004b34600000)]
  0x000001bb3850bf90 JavaThread "JDWP Command Reader" daemon [_thread_blocked, id=17836, stack(0x0000004b34600000,0x0000004b34700000)]
  0x000001bb38510a30 JavaThread "Notification Thread" daemon [_thread_blocked, id=18308, stack(0x0000004b34700000,0x0000004b34800000)]
  0x000001bb38529410 JavaThread "Common-Cleaner" daemon [_thread_blocked, id=17244, stack(0x0000004b34900000,0x0000004b34a00000)]
  0x000001bb3881e750 JavaThread "Java2D Disposer" daemon [_thread_blocked, id=17988, stack(0x0000004b34a00000,0x0000004b34b00000)]
  0x000001bb009efe90 JavaThread "HighResTimerThread" daemon [_thread_blocked, id=18200, stack(0x0000004b35a00000,0x0000004b35b00000)]
  0x000001bb00916f60 JavaThread "main-FPSAWTAnimator#00-Timer0" [_thread_blocked, id=15136, stack(0x0000004b35c00000,0x0000004b35d00000)]
  0x000001bb1a48c850 JavaThread "DestroyJavaVM" [_thread_blocked, id=18332, stack(0x0000004b33400000,0x0000004b33500000)]
  0x000001bb127941d0 JavaThread "pool-1-thread-1" [_thread_blocked, id=14416, stack(0x0000004b35e00000,0x0000004b35f00000)]
  0x000001bb00f22450 JavaThread "pool-1-thread-2" [_thread_blocked, id=16040, stack(0x0000004b35f00000,0x0000004b36000000)]
  0x000001bb00f21010 JavaThread "pool-1-thread-3" [_thread_blocked, id=18052, stack(0x0000004b36000000,0x0000004b36100000)]
  0x000001bb00f21520 JavaThread "pool-1-thread-4" [_thread_blocked, id=14280, stack(0x0000004b36100000,0x0000004b36200000)]
  0x000001bb00f22960 JavaThread "pool-1-thread-5" [_thread_blocked, id=10260, stack(0x0000004b36200000,0x0000004b36300000)]
  0x000001bb00f21f40 JavaThread "pool-1-thread-6" [_thread_blocked, id=11016, stack(0x0000004b36300000,0x0000004b36400000)]
  0x000001bb00f21a30 JavaThread "pool-1-thread-7" [_thread_blocked, id=10196, stack(0x0000004b36400000,0x0000004b36500000)]
  0x000001bb00f205f0 JavaThread "pool-1-thread-8" [_thread_blocked, id=14608, stack(0x0000004b36500000,0x0000004b36600000)]
  0x000001bb00f23380 JavaThread "pool-1-thread-9" [_thread_blocked, id=18040, stack(0x0000004b36600000,0x0000004b36700000)]
  0x000001bb00f22e70 JavaThread "pool-1-thread-10" [_thread_blocked, id=7116, stack(0x0000004b36700000,0x0000004b36800000)]
  0x000001bb00f23890 JavaThread "pool-1-thread-11" [_thread_blocked, id=17400, stack(0x0000004b36800000,0x0000004b36900000)]
  0x000001bb00f23da0 JavaThread "pool-1-thread-12" [_thread_blocked, id=14812, stack(0x0000004b36900000,0x0000004b36a00000)]
  0x000001bb00f20b00 JavaThread "pool-1-thread-13" [_thread_blocked, id=13244, stack(0x0000004b36a00000,0x0000004b36b00000)]
  0x000001bb128f8450 JavaThread "pool-1-thread-14" [_thread_blocked, id=8992, stack(0x0000004b36b00000,0x0000004b36c00000)]
  0x000001bb128f65f0 JavaThread "pool-1-thread-15" [_thread_blocked, id=10064, stack(0x0000004b36c00000,0x0000004b36d00000)]
  0x000001bb128f60e0 JavaThread "pool-1-thread-16" [_thread_blocked, id=4804, stack(0x0000004b36d00000,0x0000004b36e00000)]
  0x000001bb128f8e70 JavaThread "pool-1-thread-17" [_thread_blocked, id=13748, stack(0x0000004b36e00000,0x0000004b36f00000)]
  0x000001bb128f6b00 JavaThread "pool-1-thread-18" [_thread_blocked, id=13968, stack(0x0000004b36f00000,0x0000004b37000000)]
  0x000001bb128f8960 JavaThread "pool-1-thread-19" [_thread_blocked, id=1160, stack(0x0000004b37000000,0x0000004b37100000)]
  0x000001bb128f7010 JavaThread "pool-1-thread-20" [_thread_blocked, id=17936, stack(0x0000004b37100000,0x0000004b37200000)]
  0x000001bb128f7520 JavaThread "AWT-Shutdown" [_thread_blocked, id=6544, stack(0x0000004b34d00000,0x0000004b34e00000)]

Other Threads:
=>0x000001bb3824a990 VMThread "VM Thread" [stack: 0x0000004b33a00000,0x0000004b33b00000] [id=14024]
  0x000001bb1a4cd050 GCTaskThread "GC Thread#0" [stack: 0x0000004b33500000,0x0000004b33600000] [id=6624]
  0x000001bb7e68eea0 GCTaskThread "GC Thread#1" [stack: 0x0000004b35200000,0x0000004b35300000] [id=4556]
  0x000001bb7e7a0ea0 GCTaskThread "GC Thread#2" [stack: 0x0000004b35300000,0x0000004b35400000] [id=9176]
  0x000001bb7e7a1570 GCTaskThread "GC Thread#3" [stack: 0x0000004b35400000,0x0000004b35500000] [id=17104]
  0x000001bb7e7a1c40 GCTaskThread "GC Thread#4" [stack: 0x0000004b35500000,0x0000004b35600000] [id=7296]
  0x000001bb7e7a1f00 GCTaskThread "GC Thread#5" [stack: 0x0000004b35600000,0x0000004b35700000] [id=5400]
  0x000001bb0034e9f0 GCTaskThread "GC Thread#6" [stack: 0x0000004b35700000,0x0000004b35800000] [id=12072]
  0x000001bb0034ecb0 GCTaskThread "GC Thread#7" [stack: 0x0000004b35800000,0x0000004b35900000] [id=19220]
  0x000001bb1a4d5eb0 ConcurrentGCThread "G1 Main Marker" terminated
  0x000001bb1a4d74b0 ConcurrentGCThread "G1 Conc#0" [stack: 0x0000004b33700000,0x0000004b33800000] [id=14880]
  0x000001bb12bd3a40 ConcurrentGCThread "G1 Conc#1" [stack: 0x0000004b37300000,0x0000004b37400000] [id=8408]
  0x000001bb38110090 ConcurrentGCThread "G1 Refine#0" terminated
  0x000001bb38111880 ConcurrentGCThread "G1 Service" terminated

Threads with active compile tasks:

VM state: at safepoint (shutting down)

VM Mutex/Monitor currently owned by a thread:  ([mutex/lock_event])
[0x000001bb1a2cda40] Threads_lock - owner thread: 0x000001bb3824a990
[0x000001bb1a2cd260] Heap_lock - owner thread: 0x000001bb00916f60

Heap address: 0x00000000c0000000, size: 1024 MB, Compressed Oops mode: 32-bit

CDS archive(s) mapped at: [0x000001bb39000000-0x000001bb39bb0000-0x000001bb39bb0000), size 12255232, SharedBaseAddress: 0x000001bb39000000, ArchiveRelocationMode: 1.
Compressed class space mapped at: 0x000001bb3a000000-0x000001bb7a000000, reserved size: 1073741824
Narrow klass base: 0x000001bb39000000, Narrow klass shift: 0, Narrow klass range: 0x100000000

GC Precious Log:
 CPUs: 8 total, 8 available
 Memory: 7975M
 Large Page Support: Disabled
 NUMA Support: Disabled
 Compressed Oops: Enabled (32-bit)
 Heap Region Size: 1M
 Heap Min Capacity: 64M
 Heap Initial Capacity: 64M
 Heap Max Capacity: 1G
 Pre-touch: Disabled
 Parallel Workers: 8
 Concurrent Workers: 2
 Concurrent Refinement Workers: 8
 Periodic GC: Disabled

Heap:
 garbage-first heap   total 137216K, used 113778K [0x00000000c0000000, 0x0000000100000000)
  region size 1024K, 61 young (62464K), 2 survivors (2048K)
 Metaspace       used 13259K, committed 13440K, reserved 1114112K
  class space    used 918K, committed 1024K, reserved 1048576K

Heap Regions: E=young(eden), S=young(survivor), O=old, HS=humongous(starts), HC=humongous(continues), CS=collection set, F=free, OA=open archive, CA=closed archive, TAMS=top-at-mark-start (previous, next)
|   0|0x00000000c0000000, 0x00000000c0100000, 0x00000000c0100000|100%| O|  |TAMS 0x00000000c0100000, 0x00000000c0000000| Untracked 
|   1|0x00000000c0100000, 0x00000000c0200000, 0x00000000c0200000|100%| O|  |TAMS 0x00000000c0200000, 0x00000000c0100000| Untracked 
|   2|0x00000000c0200000, 0x00000000c0300000, 0x00000000c0300000|100%|HS|  |TAMS 0x00000000c0300000, 0x00000000c0200000| Complete 
|   3|0x00000000c0300000, 0x00000000c0400000, 0x00000000c0400000|100%|HC|  |TAMS 0x00000000c0400000, 0x00000000c0300000| Complete 
|   4|0x00000000c0400000, 0x00000000c0500000, 0x00000000c0500000|100%|HC|  |TAMS 0x00000000c0500000, 0x00000000c0400000| Complete 
|   5|0x00000000c0500000, 0x00000000c0600000, 0x00000000c0600000|100%|HC|  |TAMS 0x00000000c0600000, 0x00000000c0500000| Complete 
|   6|0x00000000c0600000, 0x00000000c0700000, 0x00000000c0700000|100%|HC|  |TAMS 0x00000000c0700000, 0x00000000c0600000| Complete 
|   7|0x00000000c0700000, 0x00000000c0800000, 0x00000000c0800000|100%|HC|  |TAMS 0x00000000c0800000, 0x00000000c0700000| Complete 
|   8|0x00000000c0800000, 0x00000000c0900000, 0x00000000c0900000|100%|HC|  |TAMS 0x00000000c0900000, 0x00000000c0800000| Complete 
|   9|0x00000000c0900000, 0x00000000c0a00000, 0x00000000c0a00000|100%|HC|  |TAMS 0x00000000c0a00000, 0x00000000c0900000| Complete 
|  10|0x00000000c0a00000, 0x00000000c0b00000, 0x00000000c0b00000|100%|HC|  |TAMS 0x00000000c0b00000, 0x00000000c0a00000| Complete 
|  11|0x00000000c0b00000, 0x00000000c0c00000, 0x00000000c0c00000|100%|HS|  |TAMS 0x00000000c0c00000, 0x00000000c0b00000| Complete 
|  12|0x00000000c0c00000, 0x00000000c0d00000, 0x00000000c0d00000|100%|HC|  |TAMS 0x00000000c0d00000, 0x00000000c0c00000| Complete 
|  13|0x00000000c0d00000, 0x00000000c0e00000, 0x00000000c0e00000|100%|HC|  |TAMS 0x00000000c0e00000, 0x00000000c0d00000| Complete 
|  14|0x00000000c0e00000, 0x00000000c0f00000, 0x00000000c0f00000|100%| O|  |TAMS 0x00000000c0f00000, 0x00000000c0e00000| Untracked 
|  15|0x00000000c0f00000, 0x00000000c1000000, 0x00000000c1000000|100%| O|  |TAMS 0x00000000c1000000, 0x00000000c0f00000| Untracked 
|  16|0x00000000c1000000, 0x00000000c1100000, 0x00000000c1100000|100%| O|  |TAMS 0x00000000c1100000, 0x00000000c1000000| Untracked 
|  17|0x00000000c1100000, 0x00000000c1200000, 0x00000000c1200000|100%| O|  |TAMS 0x00000000c1200000, 0x00000000c1100000| Untracked 
|  18|0x00000000c1200000, 0x00000000c1300000, 0x00000000c1300000|100%| O|  |TAMS 0x00000000c1300000, 0x00000000c1200000| Untracked 
|  19|0x00000000c1300000, 0x00000000c1400000, 0x00000000c1400000|100%| O|  |TAMS 0x00000000c1400000, 0x00000000c1300000| Untracked 
|  20|0x00000000c1400000, 0x00000000c1400000, 0x00000000c1500000|  0%| F|  |TAMS 0x00000000c1400000, 0x00000000c1400000| Untracked 
|  21|0x00000000c1500000, 0x00000000c1600000, 0x00000000c1600000|100%| O|  |TAMS 0x00000000c1600000, 0x00000000c1500000| Untracked 
|  22|0x00000000c1600000, 0x00000000c1700000, 0x00000000c1700000|100%|HS|  |TAMS 0x00000000c1700000, 0x00000000c1600000| Complete 
|  23|0x00000000c1700000, 0x00000000c1800000, 0x00000000c1800000|100%|HC|  |TAMS 0x00000000c1800000, 0x00000000c1700000| Complete 
|  24|0x00000000c1800000, 0x00000000c1900000, 0x00000000c1900000|100%|HC|  |TAMS 0x00000000c1900000, 0x00000000c1800000| Complete 
|  25|0x00000000c1900000, 0x00000000c1a00000, 0x00000000c1a00000|100%|HC|  |TAMS 0x00000000c1a00000, 0x00000000c1900000| Complete 
|  26|0x00000000c1a00000, 0x00000000c1b00000, 0x00000000c1b00000|100%|HC|  |TAMS 0x00000000c1b00000, 0x00000000c1a00000| Complete 
|  27|0x00000000c1b00000, 0x00000000c1c00000, 0x00000000c1c00000|100%|HC|  |TAMS 0x00000000c1c00000, 0x00000000c1b00000| Complete 
|  28|0x00000000c1c00000, 0x00000000c1d00000, 0x00000000c1d00000|100%|HC|  |TAMS 0x00000000c1d00000, 0x00000000c1c00000| Complete 
|  29|0x00000000c1d00000, 0x00000000c1e00000, 0x00000000c1e00000|100%|HS|  |TAMS 0x00000000c1e00000, 0x00000000c1d00000| Complete 
|  30|0x00000000c1e00000, 0x00000000c1f00000, 0x00000000c1f00000|100%|HC|  |TAMS 0x00000000c1f00000, 0x00000000c1e00000| Complete 
|  31|0x00000000c1f00000, 0x00000000c2000000, 0x00000000c2000000|100%|HC|  |TAMS 0x00000000c2000000, 0x00000000c1f00000| Complete 
|  32|0x00000000c2000000, 0x00000000c2000000, 0x00000000c2100000|  0%| F|  |TAMS 0x00000000c2000000, 0x00000000c2000000| Untracked 
|  33|0x00000000c2100000, 0x00000000c2200000, 0x00000000c2200000|100%| O|  |TAMS 0x00000000c2200000, 0x00000000c2100000| Untracked 
|  34|0x00000000c2200000, 0x00000000c2233c00, 0x00000000c2300000| 20%| O|  |TAMS 0x00000000c222a000, 0x00000000c2200000| Untracked 
|  35|0x00000000c2300000, 0x00000000c2400000, 0x00000000c2400000|100%|HS|  |TAMS 0x00000000c2400000, 0x00000000c2300000| Complete 
|  36|0x00000000c2400000, 0x00000000c2500000, 0x00000000c2500000|100%|HC|  |TAMS 0x00000000c2500000, 0x00000000c2400000| Complete 
|  37|0x00000000c2500000, 0x00000000c2600000, 0x00000000c2600000|100%|HC|  |TAMS 0x00000000c2600000, 0x00000000c2500000| Complete 
|  38|0x00000000c2600000, 0x00000000c2700000, 0x00000000c2700000|100%|HC|  |TAMS 0x00000000c2700000, 0x00000000c2600000| Complete 
|  39|0x00000000c2700000, 0x00000000c2800000, 0x00000000c2800000|100%|HC|  |TAMS 0x00000000c2800000, 0x00000000c2700000| Complete 
|  40|0x00000000c2800000, 0x00000000c2900000, 0x00000000c2900000|100%|HS|  |TAMS 0x00000000c2900000, 0x00000000c2800000| Complete 
|  41|0x00000000c2900000, 0x00000000c2a00000, 0x00000000c2a00000|100%|HC|  |TAMS 0x00000000c2a00000, 0x00000000c2900000| Complete 
|  42|0x00000000c2a00000, 0x00000000c2b00000, 0x00000000c2b00000|100%|HC|  |TAMS 0x00000000c2b00000, 0x00000000c2a00000| Complete 
|  43|0x00000000c2b00000, 0x00000000c2c00000, 0x00000000c2c00000|100%|HS|  |TAMS 0x00000000c2c00000, 0x00000000c2b00000| Complete 
|  44|0x00000000c2c00000, 0x00000000c2d00000, 0x00000000c2d00000|100%|HC|  |TAMS 0x00000000c2d00000, 0x00000000c2c00000| Complete 
|  45|0x00000000c2d00000, 0x00000000c2e00000, 0x00000000c2e00000|100%|HC|  |TAMS 0x00000000c2e00000, 0x00000000c2d00000| Complete 
|  46|0x00000000c2e00000, 0x00000000c2f00000, 0x00000000c2f00000|100%|HS|  |TAMS 0x00000000c2f00000, 0x00000000c2e00000| Complete 
|  47|0x00000000c2f00000, 0x00000000c3000000, 0x00000000c3000000|100%|HC|  |TAMS 0x00000000c3000000, 0x00000000c2f00000| Complete 
|  48|0x00000000c3000000, 0x00000000c3100000, 0x00000000c3100000|100%|HC|  |TAMS 0x00000000c3100000, 0x00000000c3000000| Complete 
|  49|0x00000000c3100000, 0x00000000c3200000, 0x00000000c3200000|100%|HS|  |TAMS 0x00000000c3200000, 0x00000000c3100000| Complete 
|  50|0x00000000c3200000, 0x00000000c3300000, 0x00000000c3300000|100%|HC|  |TAMS 0x00000000c3300000, 0x00000000c3200000| Complete 
|  51|0x00000000c3300000, 0x00000000c3400000, 0x00000000c3400000|100%|HC|  |TAMS 0x00000000c3400000, 0x00000000c3300000| Complete 
|  52|0x00000000c3400000, 0x00000000c3500000, 0x00000000c3500000|100%|HC|  |TAMS 0x00000000c3500000, 0x00000000c3400000| Complete 
|  53|0x00000000c3500000, 0x00000000c3600000, 0x00000000c3600000|100%|HC|  |TAMS 0x00000000c3600000, 0x00000000c3500000| Complete 
|  54|0x00000000c3600000, 0x00000000c3600000, 0x00000000c3700000|  0%| F|  |TAMS 0x00000000c3600000, 0x00000000c3600000| Untracked 
|  55|0x00000000c3700000, 0x00000000c3700000, 0x00000000c3800000|  0%| F|  |TAMS 0x00000000c3700000, 0x00000000c3700000| Untracked 
|  56|0x00000000c3800000, 0x00000000c3800000, 0x00000000c3900000|  0%| F|  |TAMS 0x00000000c3800000, 0x00000000c3800000| Untracked 
|  57|0x00000000c3900000, 0x00000000c3900000, 0x00000000c3a00000|  0%| F|  |TAMS 0x00000000c3900000, 0x00000000c3900000| Untracked 
|  58|0x00000000c3a00000, 0x00000000c3a00000, 0x00000000c3b00000|  0%| F|  |TAMS 0x00000000c3a00000, 0x00000000c3a00000| Untracked 
|  59|0x00000000c3b00000, 0x00000000c3b00000, 0x00000000c3c00000|  0%| F|  |TAMS 0x00000000c3b00000, 0x00000000c3b00000| Untracked 
|  60|0x00000000c3c00000, 0x00000000c3c00000, 0x00000000c3d00000|  0%| F|  |TAMS 0x00000000c3c00000, 0x00000000c3c00000| Untracked 
|  61|0x00000000c3d00000, 0x00000000c3d00000, 0x00000000c3e00000|  0%| F|  |TAMS 0x00000000c3d00000, 0x00000000c3d00000| Untracked 
|  62|0x00000000c3e00000, 0x00000000c3e00000, 0x00000000c3f00000|  0%| F|  |TAMS 0x00000000c3e00000, 0x00000000c3e00000| Untracked 
|  63|0x00000000c3f00000, 0x00000000c3f00000, 0x00000000c4000000|  0%| F|  |TAMS 0x00000000c3f00000, 0x00000000c3f00000| Untracked 
|  64|0x00000000c4000000, 0x00000000c4000000, 0x00000000c4100000|  0%| F|  |TAMS 0x00000000c4000000, 0x00000000c4000000| Untracked 
|  65|0x00000000c4100000, 0x00000000c4100000, 0x00000000c4200000|  0%| F|  |TAMS 0x00000000c4100000, 0x00000000c4100000| Untracked 
|  66|0x00000000c4200000, 0x00000000c4200000, 0x00000000c4300000|  0%| F|  |TAMS 0x00000000c4200000, 0x00000000c4200000| Untracked 
|  67|0x00000000c4300000, 0x00000000c4300000, 0x00000000c4400000|  0%| F|  |TAMS 0x00000000c4300000, 0x00000000c4300000| Untracked 
|  68|0x00000000c4400000, 0x00000000c44e8e60, 0x00000000c4500000| 90%| S|CS|TAMS 0x00000000c4400000, 0x00000000c4400000| Complete 
|  69|0x00000000c4500000, 0x00000000c4600000, 0x00000000c4600000|100%| S|CS|TAMS 0x00000000c4500000, 0x00000000c4500000| Complete 
|  70|0x00000000c4600000, 0x00000000c4600000, 0x00000000c4700000|  0%| F|  |TAMS 0x00000000c4600000, 0x00000000c4600000| Untracked 
|  71|0x00000000c4700000, 0x00000000c4700000, 0x00000000c4800000|  0%| F|  |TAMS 0x00000000c4700000, 0x00000000c4700000| Untracked 
|  72|0x00000000c4800000, 0x00000000c4800000, 0x00000000c4900000|  0%| F|  |TAMS 0x00000000c4800000, 0x00000000c4800000| Untracked 
|  73|0x00000000c4900000, 0x00000000c4900000, 0x00000000c4a00000|  0%| F|  |TAMS 0x00000000c4900000, 0x00000000c4900000| Untracked 
|  74|0x00000000c4a00000, 0x00000000c4a00000, 0x00000000c4b00000|  0%| F|  |TAMS 0x00000000c4a00000, 0x00000000c4a00000| Untracked 
|  75|0x00000000c4b00000, 0x00000000c4b14778, 0x00000000c4c00000|  7%| E|  |TAMS 0x00000000c4b00000, 0x00000000c4b00000| Complete 
|  76|0x00000000c4c00000, 0x00000000c4d00000, 0x00000000c4d00000|100%| E|CS|TAMS 0x00000000c4c00000, 0x00000000c4c00000| Complete 
|  77|0x00000000c4d00000, 0x00000000c4e00000, 0x00000000c4e00000|100%| E|CS|TAMS 0x00000000c4d00000, 0x00000000c4d00000| Complete 
|  78|0x00000000c4e00000, 0x00000000c4f00000, 0x00000000c4f00000|100%| E|CS|TAMS 0x00000000c4e00000, 0x00000000c4e00000| Complete 
|  79|0x00000000c4f00000, 0x00000000c5000000, 0x00000000c5000000|100%| E|CS|TAMS 0x00000000c4f00000, 0x00000000c4f00000| Complete 
|  80|0x00000000c5000000, 0x00000000c5100000, 0x00000000c5100000|100%| E|CS|TAMS 0x00000000c5000000, 0x00000000c5000000| Complete 
|  81|0x00000000c5100000, 0x00000000c5200000, 0x00000000c5200000|100%| E|CS|TAMS 0x00000000c5100000, 0x00000000c5100000| Complete 
|  82|0x00000000c5200000, 0x00000000c5300000, 0x00000000c5300000|100%| E|CS|TAMS 0x00000000c5200000, 0x00000000c5200000| Complete 
|  83|0x00000000c5300000, 0x00000000c5400000, 0x00000000c5400000|100%| E|CS|TAMS 0x00000000c5300000, 0x00000000c5300000| Complete 
|  84|0x00000000c5400000, 0x00000000c5500000, 0x00000000c5500000|100%| E|CS|TAMS 0x00000000c5400000, 0x00000000c5400000| Complete 
|  85|0x00000000c5500000, 0x00000000c5600000, 0x00000000c5600000|100%| E|CS|TAMS 0x00000000c5500000, 0x00000000c5500000| Complete 
|  86|0x00000000c5600000, 0x00000000c5700000, 0x00000000c5700000|100%| E|CS|TAMS 0x00000000c5600000, 0x00000000c5600000| Complete 
|  87|0x00000000c5700000, 0x00000000c5800000, 0x00000000c5800000|100%| E|CS|TAMS 0x00000000c5700000, 0x00000000c5700000| Complete 
|  88|0x00000000c5800000, 0x00000000c5900000, 0x00000000c5900000|100%| E|CS|TAMS 0x00000000c5800000, 0x00000000c5800000| Complete 
|  89|0x00000000c5900000, 0x00000000c5a00000, 0x00000000c5a00000|100%| E|CS|TAMS 0x00000000c5900000, 0x00000000c5900000| Complete 
|  90|0x00000000c5a00000, 0x00000000c5b00000, 0x00000000c5b00000|100%| E|CS|TAMS 0x00000000c5a00000, 0x00000000c5a00000| Complete 
|  91|0x00000000c5b00000, 0x00000000c5c00000, 0x00000000c5c00000|100%| E|CS|TAMS 0x00000000c5b00000, 0x00000000c5b00000| Complete 
|  92|0x00000000c5c00000, 0x00000000c5d00000, 0x00000000c5d00000|100%| E|CS|TAMS 0x00000000c5c00000, 0x00000000c5c00000| Complete 
|  93|0x00000000c5d00000, 0x00000000c5e00000, 0x00000000c5e00000|100%| E|CS|TAMS 0x00000000c5d00000, 0x00000000c5d00000| Complete 
|  94|0x00000000c5e00000, 0x00000000c5f00000, 0x00000000c5f00000|100%| E|CS|TAMS 0x00000000c5e00000, 0x00000000c5e00000| Complete 
|  95|0x00000000c5f00000, 0x00000000c6000000, 0x00000000c6000000|100%| E|CS|TAMS 0x00000000c5f00000, 0x00000000c5f00000| Complete 
|  96|0x00000000c6000000, 0x00000000c6100000, 0x00000000c6100000|100%| E|CS|TAMS 0x00000000c6000000, 0x00000000c6000000| Complete 
|  97|0x00000000c6100000, 0x00000000c6200000, 0x00000000c6200000|100%| E|CS|TAMS 0x00000000c6100000, 0x00000000c6100000| Complete 
|  98|0x00000000c6200000, 0x00000000c6300000, 0x00000000c6300000|100%| E|CS|TAMS 0x00000000c6200000, 0x00000000c6200000| Complete 
|  99|0x00000000c6300000, 0x00000000c6400000, 0x00000000c6400000|100%| E|CS|TAMS 0x00000000c6300000, 0x00000000c6300000| Complete 
| 100|0x00000000c6400000, 0x00000000c6500000, 0x00000000c6500000|100%| E|CS|TAMS 0x00000000c6400000, 0x00000000c6400000| Complete 
| 101|0x00000000c6500000, 0x00000000c6600000, 0x00000000c6600000|100%| E|CS|TAMS 0x00000000c6500000, 0x00000000c6500000| Complete 
| 102|0x00000000c6600000, 0x00000000c6700000, 0x00000000c6700000|100%| E|CS|TAMS 0x00000000c6600000, 0x00000000c6600000| Complete 
| 103|0x00000000c6700000, 0x00000000c6800000, 0x00000000c6800000|100%| E|CS|TAMS 0x00000000c6700000, 0x00000000c6700000| Complete 
| 104|0x00000000c6800000, 0x00000000c6900000, 0x00000000c6900000|100%| E|CS|TAMS 0x00000000c6800000, 0x00000000c6800000| Complete 
| 105|0x00000000c6900000, 0x00000000c6a00000, 0x00000000c6a00000|100%| E|CS|TAMS 0x00000000c6900000, 0x00000000c6900000| Complete 
| 106|0x00000000c6a00000, 0x00000000c6b00000, 0x00000000c6b00000|100%| E|CS|TAMS 0x00000000c6a00000, 0x00000000c6a00000| Complete 
| 107|0x00000000c6b00000, 0x00000000c6c00000, 0x00000000c6c00000|100%| E|CS|TAMS 0x00000000c6b00000, 0x00000000c6b00000| Complete 
| 108|0x00000000c6c00000, 0x00000000c6d00000, 0x00000000c6d00000|100%| E|CS|TAMS 0x00000000c6c00000, 0x00000000c6c00000| Complete 
| 109|0x00000000c6d00000, 0x00000000c6e00000, 0x00000000c6e00000|100%| E|CS|TAMS 0x00000000c6d00000, 0x00000000c6d00000| Complete 
| 110|0x00000000c6e00000, 0x00000000c6f00000, 0x00000000c6f00000|100%| E|CS|TAMS 0x00000000c6e00000, 0x00000000c6e00000| Complete 
| 111|0x00000000c6f00000, 0x00000000c7000000, 0x00000000c7000000|100%| E|CS|TAMS 0x00000000c6f00000, 0x00000000c6f00000| Complete 
| 112|0x00000000c7000000, 0x00000000c7100000, 0x00000000c7100000|100%| E|CS|TAMS 0x00000000c7000000, 0x00000000c7000000| Complete 
| 113|0x00000000c7100000, 0x00000000c7200000, 0x00000000c7200000|100%| E|CS|TAMS 0x00000000c7100000, 0x00000000c7100000| Complete 
| 114|0x00000000c7200000, 0x00000000c7300000, 0x00000000c7300000|100%| E|CS|TAMS 0x00000000c7200000, 0x00000000c7200000| Complete 
| 115|0x00000000c7300000, 0x00000000c7400000, 0x00000000c7400000|100%| E|CS|TAMS 0x00000000c7300000, 0x00000000c7300000| Complete 
| 116|0x00000000c7400000, 0x00000000c7500000, 0x00000000c7500000|100%| E|CS|TAMS 0x00000000c7400000, 0x00000000c7400000| Complete 
| 117|0x00000000c7500000, 0x00000000c7600000, 0x00000000c7600000|100%| E|CS|TAMS 0x00000000c7500000, 0x00000000c7500000| Complete 
| 118|0x00000000c7600000, 0x00000000c7700000, 0x00000000c7700000|100%| E|CS|TAMS 0x00000000c7600000, 0x00000000c7600000| Complete 
| 119|0x00000000c7700000, 0x00000000c7800000, 0x00000000c7800000|100%| E|CS|TAMS 0x00000000c7700000, 0x00000000c7700000| Complete 
| 120|0x00000000c7800000, 0x00000000c7900000, 0x00000000c7900000|100%| E|CS|TAMS 0x00000000c7800000, 0x00000000c7800000| Complete 
| 121|0x00000000c7900000, 0x00000000c7a00000, 0x00000000c7a00000|100%| E|CS|TAMS 0x00000000c7900000, 0x00000000c7900000| Complete 
| 122|0x00000000c7a00000, 0x00000000c7b00000, 0x00000000c7b00000|100%| E|CS|TAMS 0x00000000c7a00000, 0x00000000c7a00000| Complete 
| 123|0x00000000c7b00000, 0x00000000c7c00000, 0x00000000c7c00000|100%| E|CS|TAMS 0x00000000c7b00000, 0x00000000c7b00000| Complete 
| 124|0x00000000c7c00000, 0x00000000c7d00000, 0x00000000c7d00000|100%| E|CS|TAMS 0x00000000c7c00000, 0x00000000c7c00000| Complete 
| 125|0x00000000c7d00000, 0x00000000c7e00000, 0x00000000c7e00000|100%| E|CS|TAMS 0x00000000c7d00000, 0x00000000c7d00000| Complete 
| 126|0x00000000c7e00000, 0x00000000c7f00000, 0x00000000c7f00000|100%| E|CS|TAMS 0x00000000c7e00000, 0x00000000c7e00000| Complete 
| 127|0x00000000c7f00000, 0x00000000c8000000, 0x00000000c8000000|100%| E|CS|TAMS 0x00000000c7f00000, 0x00000000c7f00000| Complete 
| 128|0x00000000c8000000, 0x00000000c8100000, 0x00000000c8100000|100%| E|CS|TAMS 0x00000000c8000000, 0x00000000c8000000| Complete 
| 129|0x00000000c8100000, 0x00000000c8200000, 0x00000000c8200000|100%| E|CS|TAMS 0x00000000c8100000, 0x00000000c8100000| Complete 
| 130|0x00000000c8200000, 0x00000000c8300000, 0x00000000c8300000|100%| E|CS|TAMS 0x00000000c8200000, 0x00000000c8200000| Complete 
| 131|0x00000000c8300000, 0x00000000c8400000, 0x00000000c8400000|100%| E|CS|TAMS 0x00000000c8300000, 0x00000000c8300000| Complete 
| 132|0x00000000c8400000, 0x00000000c8500000, 0x00000000c8500000|100%| E|CS|TAMS 0x00000000c8400000, 0x00000000c8400000| Complete 
| 133|0x00000000c8500000, 0x00000000c8600000, 0x00000000c8600000|100%| E|CS|TAMS 0x00000000c8500000, 0x00000000c8500000| Complete 

Card table byte_map: [0x000001bb33430000,0x000001bb33630000] _byte_map_base: 0x000001bb32e30000

Marking Bits (Prev, Next): (CMBitMap*) 0x000001bb1a4cd5c0, (CMBitMap*) 0x000001bb1a4cd580
 Prev Bits: [0x000001bb34830000, 0x000001bb35830000)
 Next Bits: [0x000001bb33830000, 0x000001bb34830000)

Polling page: 0x000001bb1a540000

Metaspace:

Usage:
  Non-class:     12.05 MB used.
      Class:    918.73 KB used.
       Both:     12.95 MB used.

Virtual space:
  Non-class space:       64.00 MB reserved,      12.12 MB ( 19%) committed,  1 nodes.
      Class space:        1.00 GB reserved,       1.00 MB ( <1%) committed,  1 nodes.
             Both:        1.06 GB reserved,      13.12 MB (  1%) committed. 

Chunk freelists:
   Non-Class:  3.59 MB
       Class:  14.91 MB
        Both:  18.50 MB

MaxMetaspaceSize: unlimited
CompressedClassSpaceSize: 1.00 GB
Initial GC threshold: 21.00 MB
Current GC threshold: 21.38 MB
CDS: on
MetaspaceReclaimPolicy: balanced
 - commit_granule_bytes: 65536.
 - commit_granule_words: 8192.
 - virtual_space_node_default_size: 8388608.
 - enlarge_chunks_in_place: 1.
 - new_chunks_are_fully_committed: 0.
 - uncommit_free_chunks: 1.
 - use_allocation_guard: 0.
 - handle_deallocations: 1.


Internal statistics:

num_allocs_failed_limit: 0.
num_arena_births: 106.
num_arena_deaths: 0.
num_vsnodes_births: 2.
num_vsnodes_deaths: 0.
num_space_committed: 206.
num_space_uncommitted: 0.
num_chunks_returned_to_freelist: 0.
num_chunks_taken_from_freelist: 394.
num_chunk_merges: 0.
num_chunk_splits: 309.
num_chunks_enlarged: 249.
num_inconsistent_stats: 0.

CodeHeap 'non-profiled nmethods': size=120000Kb used=876Kb max_used=876Kb free=119124Kb
 bounds [0x000001bb2b2a0000, 0x000001bb2b510000, 0x000001bb327d0000]
CodeHeap 'profiled nmethods': size=120000Kb used=3667Kb max_used=3667Kb free=116332Kb
 bounds [0x000001bb237d0000, 0x000001bb23b70000, 0x000001bb2ad00000]
CodeHeap 'non-nmethods': size=5760Kb used=1613Kb max_used=1649Kb free=4146Kb
 bounds [0x000001bb2ad00000, 0x000001bb2af70000, 0x000001bb2b2a0000]
 total_blobs=2771 nmethods=1832 adapters=852
 compilation: enabled
              stopped_count=0, restarted_count=0
 full_count=0

Compilation events (20 events):
Event: 25.749 Thread 0x000001bb38279f10 1823       3       processing.opengl.PGraphicsOpenGL::scale (8 bytes)
Event: 25.749 Thread 0x000001bb38279f10 nmethod 1823 0x000001bb23b60810 code [0x000001bb23b609e0, 0x000001bb23b60cc8]
Event: 25.749 Thread 0x000001bb38279f10 1824       3       processing.opengl.PGraphicsOpenGL::scaleImpl (31 bytes)
Event: 25.749 Thread 0x000001bb38279f10 nmethod 1824 0x000001bb23b60e90 code [0x000001bb23b61040, 0x000001bb23b61268]
Event: 25.749 Thread 0x000001bb38279f10 1825       3       processing.opengl.PGraphicsOpenGL::invScale (27 bytes)
Event: 25.749 Thread 0x000001bb38279f10 nmethod 1825 0x000001bb23b61390 code [0x000001bb23b615a0, 0x000001bb23b61788]
Event: 25.749 Thread 0x000001bb38279f10 1826       3       processing.opengl.PGraphicsOpenGL::beginShape (37 bytes)
Event: 25.750 Thread 0x000001bb38279f10 nmethod 1826 0x000001bb23b61890 code [0x000001bb23b61a40, 0x000001bb23b61c98]
Event: 25.750 Thread 0x000001bb38279f10 1827       3       Gravity_simul$QuadTree::<init> (28 bytes)
Event: 25.750 Thread 0x000001bb38279f10 nmethod 1827 0x000001bb23b61d90 code [0x000001bb23b61f60, 0x000001bb23b62288]
Event: 25.777 Thread 0x000001bb38279f10 1828       3       processing.opengl.PGraphicsOpenGL$TexCache::arrayCheck (45 bytes)
Event: 25.777 Thread 0x000001bb38279f10 nmethod 1828 0x000001bb23b62390 code [0x000001bb23b62580, 0x000001bb23b62848]
Event: 25.792 Thread 0x000001bb38279f10 1829       3       jogamp.opengl.gl4.GL4bcImpl::glUniformMatrix4fv (91 bytes)
Event: 25.793 Thread 0x000001bb38279f10 nmethod 1829 0x000001bb23b62990 code [0x000001bb23b62c60, 0x000001bb23b639e8]
Event: 26.621 Thread 0x000001bb38279f10 1830       3       java.lang.AbstractStringBuilder::append (55 bytes)
Event: 26.622 Thread 0x000001bb38279f10 nmethod 1830 0x000001bb23b63f10 code [0x000001bb23b640e0, 0x000001bb23b64418]
Event: 26.663 Thread 0x000001bb38279f10 1831       3       jdk.internal.misc.Unsafe::getAndAddLong (27 bytes)
Event: 26.663 Thread 0x000001bb38279f10 nmethod 1831 0x000001bb23b64590 code [0x000001bb23b64740, 0x000001bb23b64988]
Event: 26.663 Thread 0x000001bb38279f10 1832       3       jdk.internal.misc.Unsafe::weakCompareAndSetLong (11 bytes)
Event: 26.663 Thread 0x000001bb38279f10 nmethod 1832 0x000001bb23b64a90 code [0x000001bb23b64c20, 0x000001bb23b64d58]

GC Heap History (20 events):
Event: 14.326 GC heap before
{Heap before GC invocations=29 (full 0):
 garbage-first heap   total 137216K, used 117124K [0x00000000c0000000, 0x0000000100000000)
  region size 1024K, 64 young (65536K), 2 survivors (2048K)
 Metaspace       used 13052K, committed 13248K, reserved 1114112K
  class space    used 914K, committed 1024K, reserved 1048576K
}
Event: 14.327 GC heap after
{Heap after GC invocations=30 (full 0):
 garbage-first heap   total 137216K, used 52866K [0x00000000c0000000, 0x0000000100000000)
  region size 1024K, 1 young (1024K), 1 survivors (1024K)
 Metaspace       used 13052K, committed 13248K, reserved 1114112K
  class space    used 914K, committed 1024K, reserved 1048576K
}
Event: 15.671 GC heap before
{Heap before GC invocations=30 (full 0):
 garbage-first heap   total 137216K, used 118402K [0x00000000c0000000, 0x0000000100000000)
  region size 1024K, 65 young (66560K), 1 survivors (1024K)
 Metaspace       used 13079K, committed 13248K, reserved 1114112K
  class space    used 914K, committed 1024K, reserved 1048576K
}
Event: 15.673 GC heap after
{Heap after GC invocations=31 (full 0):
 garbage-first heap   total 137216K, used 53997K [0x00000000c0000000, 0x0000000100000000)
  region size 1024K, 2 young (2048K), 2 survivors (2048K)
 Metaspace       used 13079K, committed 13248K, reserved 1114112K
  class space    used 914K, committed 1024K, reserved 1048576K
}
Event: 16.943 GC heap before
{Heap before GC invocations=31 (full 0):
 garbage-first heap   total 137216K, used 117485K [0x00000000c0000000, 0x0000000100000000)
  region size 1024K, 64 young (65536K), 2 survivors (2048K)
 Metaspace       used 13079K, committed 13248K, reserved 1114112K
  class space    used 914K, committed 1024K, reserved 1048576K
}
Event: 16.944 GC heap after
{Heap after GC invocations=32 (full 0):
 garbage-first heap   total 137216K, used 53156K [0x00000000c0000000, 0x0000000100000000)
  region size 1024K, 1 young (1024K), 1 survivors (1024K)
 Metaspace       used 13079K, committed 13248K, reserved 1114112K
  class space    used 914K, committed 1024K, reserved 1048576K
}
Event: 18.201 GC heap before
{Heap before GC invocations=32 (full 0):
 garbage-first heap   total 137216K, used 118692K [0x00000000c0000000, 0x0000000100000000)
  region size 1024K, 65 young (66560K), 1 survivors (1024K)
 Metaspace       used 13079K, committed 13248K, reserved 1114112K
  class space    used 914K, committed 1024K, reserved 1048576K
}
Event: 18.203 GC heap after
{Heap after GC invocations=33 (full 0):
 garbage-first heap   total 137216K, used 53930K [0x00000000c0000000, 0x0000000100000000)
  region size 1024K, 2 young (2048K), 2 survivors (2048K)
 Metaspace       used 13079K, committed 13248K, reserved 1114112K
  class space    used 914K, committed 1024K, reserved 1048576K
}
Event: 19.478 GC heap before
{Heap before GC invocations=33 (full 0):
 garbage-first heap   total 137216K, used 117418K [0x00000000c0000000, 0x0000000100000000)
  region size 1024K, 64 young (65536K), 2 survivors (2048K)
 Metaspace       used 13079K, committed 13248K, reserved 1114112K
  class space    used 914K, committed 1024K, reserved 1048576K
}
Event: 19.480 GC heap after
{Heap after GC invocations=34 (full 0):
 garbage-first heap   total 137216K, used 54584K [0x00000000c0000000, 0x0000000100000000)
  region size 1024K, 3 young (3072K), 3 survivors (3072K)
 Metaspace       used 13079K, committed 13248K, reserved 1114112K
  class space    used 914K, committed 1024K, reserved 1048576K
}
Event: 20.694 GC heap before
{Heap before GC invocations=34 (full 0):
 garbage-first heap   total 137216K, used 117048K [0x00000000c0000000, 0x0000000100000000)
  region size 1024K, 64 young (65536K), 3 survivors (3072K)
 Metaspace       used 13167K, committed 13376K, reserved 1114112K
  class space    used 914K, committed 1024K, reserved 1048576K
}
Event: 20.696 GC heap after
{Heap after GC invocations=35 (full 0):
 garbage-first heap   total 137216K, used 54454K [0x00000000c0000000, 0x0000000100000000)
  region size 1024K, 2 young (2048K), 2 survivors (2048K)
 Metaspace       used 13167K, committed 13376K, reserved 1114112K
  class space    used 914K, committed 1024K, reserved 1048576K
}
Event: 21.973 GC heap before
{Heap before GC invocations=35 (full 0):
 garbage-first heap   total 137216K, used 117942K [0x00000000c0000000, 0x0000000100000000)
  region size 1024K, 64 young (65536K), 2 survivors (2048K)
 Metaspace       used 13180K, committed 13376K, reserved 1114112K
  class space    used 914K, committed 1024K, reserved 1048576K
}
Event: 21.974 GC heap after
{Heap after GC invocations=36 (full 0):
 garbage-first heap   total 137216K, used 52889K [0x00000000c0000000, 0x0000000100000000)
  region size 1024K, 1 young (1024K), 1 survivors (1024K)
 Metaspace       used 13180K, committed 13376K, reserved 1114112K
  class space    used 914K, committed 1024K, reserved 1048576K
}
Event: 23.200 GC heap before
{Heap before GC invocations=36 (full 0):
 garbage-first heap   total 137216K, used 117401K [0x00000000c0000000, 0x0000000100000000)
  region size 1024K, 64 young (65536K), 1 survivors (1024K)
 Metaspace       used 13181K, committed 13376K, reserved 1114112K
  class space    used 914K, committed 1024K, reserved 1048576K
}
Event: 23.201 GC heap after
{Heap after GC invocations=37 (full 0):
 garbage-first heap   total 137216K, used 54391K [0x00000000c0000000, 0x0000000100000000)
  region size 1024K, 2 young (2048K), 2 survivors (2048K)
 Metaspace       used 13181K, committed 13376K, reserved 1114112K
  class space    used 914K, committed 1024K, reserved 1048576K
}
Event: 24.397 GC heap before
{Heap before GC invocations=37 (full 0):
 garbage-first heap   total 137216K, used 117879K [0x00000000c0000000, 0x0000000100000000)
  region size 1024K, 64 young (65536K), 2 survivors (2048K)
 Metaspace       used 13181K, committed 13376K, reserved 1114112K
  class space    used 914K, committed 1024K, reserved 1048576K
}
Event: 24.398 GC heap after
{Heap after GC invocations=38 (full 0):
 garbage-first heap   total 137216K, used 52831K [0x00000000c0000000, 0x0000000100000000)
  region size 1024K, 1 young (1024K), 1 survivors (1024K)
 Metaspace       used 13181K, committed 13376K, reserved 1114112K
  class space    used 914K, committed 1024K, reserved 1048576K
}
Event: 25.498 GC heap before
{Heap before GC invocations=38 (full 0):
 garbage-first heap   total 137216K, used 117343K [0x00000000c0000000, 0x0000000100000000)
  region size 1024K, 64 young (65536K), 1 survivors (1024K)
 Metaspace       used 13182K, committed 13376K, reserved 1114112K
  class space    used 914K, committed 1024K, reserved 1048576K
}
Event: 25.499 GC heap after
{Heap after GC invocations=39 (full 0):
 garbage-first heap   total 137216K, used 54386K [0x00000000c0000000, 0x0000000100000000)
  region size 1024K, 2 young (2048K), 2 survivors (2048K)
 Metaspace       used 13182K, committed 13376K, reserved 1114112K
  class space    used 914K, committed 1024K, reserved 1048576K
}

Dll operation events (14 events):
Event: 0.009 Loaded shared library C:\Program Files\Processing\app\resources\jdk-17.0.14+7\bin\java.dll
Event: 0.026 Loaded shared library C:\Program Files\Processing\app\resources\jdk-17.0.14+7\bin\jsvml.dll
Event: 0.165 Loaded shared library C:\Program Files\Processing\app\resources\jdk-17.0.14+7\bin\net.dll
Event: 0.166 Loaded shared library C:\Program Files\Processing\app\resources\jdk-17.0.14+7\bin\nio.dll
Event: 0.171 Loaded shared library C:\Program Files\Processing\app\resources\jdk-17.0.14+7\bin\zip.dll
Event: 0.241 Loaded shared library C:\Program Files\Processing\app\resources\jdk-17.0.14+7\bin\jimage.dll
Event: 0.246 Loaded shared library C:\Program Files\Processing\app\resources\jdk-17.0.14+7\bin\awt.dll
Event: 0.745 Loaded shared library C:\Users\danil\AppData\Local\Temp\jogamp_0000\file_cache\jln5825965598425586281\jln2782678081841632347\natives\windows-amd64\gluegen_rt.dll
Event: 0.756 Loaded shared library C:\Program Files\Processing\app\resources\jdk-17.0.14+7\bin\jawt.dll
Event: 0.770 Loaded shared library C:\Users\danil\AppData\Local\Temp\jogamp_0000\file_cache\jln5825965598425586281\jln2782678081841632347\natives\windows-amd64\nativewindow_awt.dll
Event: 0.812 Loaded shared library C:\Users\danil\AppData\Local\Temp\jogamp_0000\file_cache\jln5825965598425586281\jln2782678081841632347\natives\windows-amd64\nativewindow_win32.dll
Event: 0.935 Loaded shared library C:\Users\danil\AppData\Local\Temp\jogamp_0000\file_cache\jln5825965598425586281\jln2782678081841632347\natives\windows-amd64\jogl_desktop.dll
Event: 1.201 Loaded shared library C:\Users\danil\AppData\Local\Temp\jogamp_0000\file_cache\jln5825965598425586281\jln2782678081841632347\natives\windows-amd64\jogl_mobile.dll
Event: 2.205 Loaded shared library C:\Users\danil\AppData\Local\Temp\jogamp_0000\file_cache\jln5825965598425586281\jln2782678081841632347\natives\windows-amd64\newt_head.dll

Deoptimization events (20 events):
Event: 26.537 Thread 0x000001bb00916f60 DEOPT PACKING pc=0x000001bb23aa66c1 sp=0x0000004b35cfe990
Event: 26.537 Thread 0x000001bb00916f60 DEOPT UNPACKING pc=0x000001bb2ad5ace3 sp=0x0000004b35cfde80 mode 1
Event: 26.537 Thread 0x000001bb00916f60 DEOPT PACKING pc=0x000001bb23aa32f4 sp=0x0000004b35cfea20
Event: 26.537 Thread 0x000001bb00916f60 DEOPT UNPACKING pc=0x000001bb2ad5ace3 sp=0x0000004b35cfdec8 mode 1
Event: 26.537 Thread 0x000001bb00916f60 DEOPT PACKING pc=0x000001bb23aa66c1 sp=0x0000004b35cfea20
Event: 26.537 Thread 0x000001bb00916f60 DEOPT UNPACKING pc=0x000001bb2ad5ace3 sp=0x0000004b35cfdf10 mode 1
Event: 26.537 Thread 0x000001bb00916f60 DEOPT PACKING pc=0x000001bb23aa32f4 sp=0x0000004b35cfeab0
Event: 26.537 Thread 0x000001bb00916f60 DEOPT UNPACKING pc=0x000001bb2ad5ace3 sp=0x0000004b35cfdf58 mode 1
Event: 26.577 Thread 0x000001bb00916f60 DEOPT PACKING pc=0x000001bb23aa66c1 sp=0x0000004b35cfe990
Event: 26.577 Thread 0x000001bb00916f60 DEOPT UNPACKING pc=0x000001bb2ad5ace3 sp=0x0000004b35cfde80 mode 1
Event: 26.577 Thread 0x000001bb00916f60 DEOPT PACKING pc=0x000001bb23aa32f4 sp=0x0000004b35cfea20
Event: 26.577 Thread 0x000001bb00916f60 DEOPT UNPACKING pc=0x000001bb2ad5ace3 sp=0x0000004b35cfdec8 mode 1
Event: 26.577 Thread 0x000001bb00916f60 DEOPT PACKING pc=0x000001bb23aa66c1 sp=0x0000004b35cfea20
Event: 26.577 Thread 0x000001bb00916f60 DEOPT UNPACKING pc=0x000001bb2ad5ace3 sp=0x0000004b35cfdf10 mode 1
Event: 26.577 Thread 0x000001bb00916f60 DEOPT PACKING pc=0x000001bb23aa32f4 sp=0x0000004b35cfeab0
Event: 26.577 Thread 0x000001bb00916f60 DEOPT UNPACKING pc=0x000001bb2ad5ace3 sp=0x0000004b35cfdf58 mode 1
Event: 26.657 Thread 0x000001bb7e76be20 Uncommon trap: trap_request=0xffffff45 fr.pc=0x000001bb2b3563f0 relative=0x00000000000000f0
Event: 26.657 Thread 0x000001bb7e76be20 Uncommon trap: reason=unstable_if action=reinterpret pc=0x000001bb2b3563f0 method=com.jogamp.common.util.IntIntHashMap.put(II)I @ 21 c2
Event: 26.657 Thread 0x000001bb7e76be20 DEOPT PACKING pc=0x000001bb2b3563f0 sp=0x0000004b34efecf0
Event: 26.657 Thread 0x000001bb7e76be20 DEOPT UNPACKING pc=0x000001bb2ad5a1a3 sp=0x0000004b34efec58 mode 2

Classes loaded (20 events):
Event: 2.434 Loading class java/util/concurrent/Callable done
Event: 2.434 Loading class java/util/concurrent/Executors$RunnableAdapter done
Event: 2.434 Loading class java/util/concurrent/ThreadPoolExecutor$Worker
Event: 2.434 Loading class java/util/concurrent/ThreadPoolExecutor$Worker done
Event: 2.435 Loading class java/util/concurrent/locks/AbstractQueuedSynchronizer$SharedNode
Event: 2.436 Loading class java/util/concurrent/locks/AbstractQueuedSynchronizer$SharedNode done
Event: 2.540 Loading class sun/nio/cs/StreamDecoder
Event: 2.540 Loading class sun/nio/cs/StreamDecoder done
Event: 2.541 Loading class java/util/regex/Pattern$LookBehindEndNode
Event: 2.541 Loading class java/util/regex/Pattern$LookBehindEndNode done
Event: 2.541 Loading class java/util/regex/Pattern$NotBehind
Event: 2.541 Loading class java/util/regex/Pattern$NotBehind done
Event: 2.542 Loading class java/util/regex/Pattern$Neg
Event: 2.542 Loading class java/util/regex/Pattern$Neg done
Event: 2.542 Loading class java/util/regex/Pattern$Pos
Event: 2.542 Loading class java/util/regex/Pattern$Pos done
Event: 2.555 Loading class java/util/regex/Pattern$SliceS
Event: 2.555 Loading class java/util/regex/Pattern$SliceS done
Event: 26.621 Loading class java/nio/channels/ClosedChannelException
Event: 26.621 Loading class java/nio/channels/ClosedChannelException done

Classes unloaded (0 events):
No events

Classes redefined (0 events):
No events

Internal exceptions (20 events):
Event: 0.222 Thread 0x000001bb1a48c850 Exception <a 'java/lang/NoSuchMethodError'{0x00000000c3ce8910}: 'void java.lang.invoke.DirectMethodHandle$Holder.invokeStatic(java.lang.Object, java.lang.Object, java.lang.Object)'> (0x00000000c3ce8910) 
thrown [s\src\hotspot\share\interpreter\linkResolver.cpp, line 759]
Event: 0.233 Thread 0x000001bb1a48c850 Exception <a 'java/lang/ClassNotFoundException'{0x00000000c3b106d8}: sun/awt/resources/spi/awtProvider> (0x00000000c3b106d8) 
thrown [s\src\hotspot\share\classfile\systemDictionary.cpp, line 256]
Event: 0.259 Thread 0x000001bb1a48c850 Exception <a 'java/io/FileNotFoundException'{0x00000000c3b66018}> (0x00000000c3b66018) 
thrown [s\src\hotspot\share\prims\jni.cpp, line 516]
Event: 0.267 Thread 0x000001bb1a48c850 Exception <a 'java/io/FileNotFoundException'{0x00000000c3b93748}> (0x00000000c3b93748) 
thrown [s\src\hotspot\share\prims\jni.cpp, line 516]
Event: 0.317 Thread 0x000001bb1a48c850 Exception <a 'java/lang/NoSuchMethodError'{0x00000000c3a40888}: 'java.lang.Object java.lang.invoke.DirectMethodHandle$Holder.invokeStaticInit(java.lang.Object)'> (0x00000000c3a40888) 
thrown [s\src\hotspot\share\interpreter\linkResolver.cpp, line 759]
Event: 0.465 Thread 0x000001bb1a48c850 Exception <a 'java/lang/NoSuchMethodError'{0x00000000c364c688}: 'java.lang.Object java.lang.invoke.DirectMethodHandle$Holder.invokeStaticInit(java.lang.Object, int, int, int, int)'> (0x00000000c364c688) 
thrown [s\src\hotspot\share\interpreter\linkResolver.cpp, line 759]
Event: 0.527 Thread 0x000001bb1a48c850 Exception <a 'java/lang/NoSuchMethodError'{0x00000000c35344c8}: 'java.lang.Object java.lang.invoke.DirectMethodHandle$Holder.invokeStaticInit(java.lang.Object, java.lang.Object, int, int, int, int)'> (0x00000000c35344c8) 
thrown [s\src\hotspot\share\interpreter\linkResolver.cpp, line 759]
Event: 0.590 Thread 0x000001bb1a48c850 Exception <a 'java/lang/NoSuchMethodError'{0x00000000c353fb68}: 'void java.lang.invoke.DirectMethodHandle$Holder.invokeStatic(java.lang.Object, long)'> (0x00000000c353fb68) 
thrown [s\src\hotspot\share\interpreter\linkResolver.cpp, line 759]
Event: 0.591 Thread 0x000001bb1a48c850 Exception <a 'java/lang/NoSuchMethodError'{0x00000000c3545148}: 'java.lang.Object java.lang.invoke.DirectMethodHandle$Holder.newInvokeSpecial(java.lang.Object, long)'> (0x00000000c3545148) 
thrown [s\src\hotspot\share\interpreter\linkResolver.cpp, line 759]
Event: 0.594 Thread 0x000001bb1a48c850 Exception <a 'java/lang/NoSuchMethodError'{0x00000000c354f960}: 'java.lang.Object java.lang.invoke.DirectMethodHandle$Holder.invokeStaticInit(java.lang.Object, java.lang.Object, long, java.lang.Object)'> (0x00000000c354f960) 
thrown [s\src\hotspot\share\interpreter\linkResolver.cpp, line 759]
Event: 0.595 Thread 0x000001bb1a48c850 Exception <a 'java/lang/NoSuchMethodError'{0x00000000c3555f20}: 'java.lang.Object java.lang.invoke.DirectMethodHandle$Holder.newInvokeSpecial(java.lang.Object, java.lang.Object, long)'> (0x00000000c3555f20) 
thrown [s\src\hotspot\share\interpreter\linkResolver.cpp, line 759]
Event: 0.596 Thread 0x000001bb1a48c850 Exception <a 'java/lang/NoSuchMethodError'{0x00000000c3559a90}: 'java.lang.Object java.lang.invoke.Invokers$Holder.linkToTargetMethod(java.lang.Object, long, java.lang.Object)'> (0x00000000c3559a90) 
thrown [s\src\hotspot\share\interpreter\linkResolver.cpp, line 759]
Event: 0.786 Thread 0x000001bb1a48c850 Exception <a 'java/lang/NoSuchMethodError'{0x00000000c34c9f50}: 'java.lang.Object java.lang.invoke.DirectMethodHandle$Holder.invokeInterface(java.lang.Object, java.lang.Object)'> (0x00000000c34c9f50) 
thrown [s\src\hotspot\share\interpreter\linkResolver.cpp, line 759]
Event: 0.787 Thread 0x000001bb1a48c850 Exception <a 'java/lang/IncompatibleClassChangeError'{0x00000000c34cd870}: Found class java.lang.Object, but interface was expected> (0x00000000c34cd870) 
thrown [s\src\hotspot\share\interpreter\linkResolver.cpp, line 826]
Event: 2.307 Thread 0x000001bb1a48c850 Exception <a 'java/lang/NoSuchMethodError'{0x00000000c33f2820}: 'void java.lang.invoke.DirectMethodHandle$Holder.invokeSpecial(java.lang.Object, java.lang.Object, java.lang.Object, java.lang.Object, java.lang.Object)'> (0x00000000c33f2820) 
thrown [s\src\hotspot\share\interpreter\linkResolver.cpp, line 759]
Event: 2.308 Thread 0x000001bb1a48c850 Exception <a 'java/lang/NoSuchMethodError'{0x00000000c33fb7e0}: 'void java.lang.invoke.DirectMethodHandle$Holder.invokeSpecial(java.lang.Object, java.lang.Object, java.lang.Object)'> (0x00000000c33fb7e0) 
thrown [s\src\hotspot\share\interpreter\linkResolver.cpp, line 759]
Event: 2.309 Thread 0x000001bb1a48c850 Exception <a 'java/lang/NoSuchMethodError'{0x00000000c3201d50}: 'void java.lang.invoke.DirectMethodHandle$Holder.invokeSpecial(java.lang.Object, java.lang.Object, int)'> (0x00000000c3201d50) 
thrown [s\src\hotspot\share\interpreter\linkResolver.cpp, line 759]
Event: 2.310 Thread 0x000001bb1a48c850 Exception <a 'java/lang/NoSuchMethodError'{0x00000000c3207d68}: 'java.lang.Object java.lang.invoke.DirectMethodHandle$Holder.newInvokeSpecial(java.lang.Object, java.lang.Object, int)'> (0x00000000c3207d68) 
thrown [s\src\hotspot\share\interpreter\linkResolver.cpp, line 759]
Event: 26.620 Thread 0x000001bb0085eae0 Exception <a 'java/lang/InterruptedException'{0x00000000c4c80da0}> (0x00000000c4c80da0) 
thrown [s\src\hotspot\share\runtime\objectMonitor.cpp, line 1658]
Event: 26.657 Thread 0x000001bb7e76be20 Implicit null exception at 0x000001bb2b356344 to 0x000001bb2b3563cc

VM Operations (20 events):
Event: 15.673 Executing VM operation: G1CollectForAllocation done
Event: 16.943 Executing VM operation: G1CollectForAllocation
Event: 16.944 Executing VM operation: G1CollectForAllocation done
Event: 17.944 Executing VM operation: Cleanup
Event: 17.944 Executing VM operation: Cleanup done
Event: 18.201 Executing VM operation: G1CollectForAllocation
Event: 18.203 Executing VM operation: G1CollectForAllocation done
Event: 19.478 Executing VM operation: G1CollectForAllocation
Event: 19.480 Executing VM operation: G1CollectForAllocation done
Event: 20.694 Executing VM operation: G1CollectForAllocation
Event: 20.696 Executing VM operation: G1CollectForAllocation done
Event: 21.973 Executing VM operation: G1CollectForAllocation
Event: 21.974 Executing VM operation: G1CollectForAllocation done
Event: 23.200 Executing VM operation: G1CollectForAllocation
Event: 23.201 Executing VM operation: G1CollectForAllocation done
Event: 24.397 Executing VM operation: G1CollectForAllocation
Event: 24.398 Executing VM operation: G1CollectForAllocation done
Event: 25.498 Executing VM operation: G1CollectForAllocation
Event: 25.499 Executing VM operation: G1CollectForAllocation done
Event: 26.723 Executing VM operation: Exit

Memory protections (0 events):
No events

Nmethod flushes (0 events):
No events

Events (20 events):
Event: 2.911 Thread 0x000001bb125e80a0 Thread exited: 0x000001bb125e80a0
Event: 2.954 Thread 0x000001bb00619c80 Thread exited: 0x000001bb00619c80
Event: 4.222 Thread 0x000001bb7e051b80 Thread added: 0x000001bb128f7520
Event: 5.228 Thread 0x000001bb128f7520 Thread exited: 0x000001bb128f7520
Event: 11.413 Thread 0x000001bb7e051b80 Thread added: 0x000001bb128f5bd0
Event: 12.431 Thread 0x000001bb128f5bd0 Thread exited: 0x000001bb128f5bd0
Event: 18.604 Thread 0x000001bb7e051b80 Thread added: 0x000001bb128f7520
Event: 19.613 Thread 0x000001bb128f7520 Thread exited: 0x000001bb128f7520
Event: 25.797 Thread 0x000001bb7e051b80 Thread added: 0x000001bb128f7520
Event: 26.620 Thread 0x000001bb00916f60 Thread added: 0x000001bb128f7a30
Event: 26.620 Thread 0x000001bb00916f60 Thread added: 0x000001bb128f5bd0
Event: 26.620 Thread 0x000001bb00916f60 Thread added: 0x000001bb128fb1e0
Event: 26.620 Thread 0x000001bb0085eae0 Thread exited: 0x000001bb0085eae0
Event: 26.621 Thread 0x000001bb128fb1e0 Thread exited: 0x000001bb128fb1e0
Event: 26.621 Thread 0x000001bb00a0b5c0 Thread exited: 0x000001bb00a0b5c0
Event: 26.622 Thread 0x000001bb7e051b80 Thread exited: 0x000001bb7e051b80
Event: 26.658 Thread 0x000001bb7e76be20 Thread exited: 0x000001bb7e76be20
Event: 26.663 Thread 0x000001bb128f7a30 Thread exited: 0x000001bb128f7a30
Event: 26.722 Thread 0x000001bb128f5bd0 Thread exited: 0x000001bb128f5bd0
Event: 26.722 Thread 0x000001bb00916f60 Before exit entered


Dynamic libraries:
0x00007ff76a320000 - 0x00007ff76a32e000 	C:\Program Files\Processing\app\resources\jdk-17.0.14+7\bin\java.exe
0x00007ffbfaf00000 - 0x00007ffbfb166000 	C:\WINDOWS\SYSTEM32\ntdll.dll
0x00007ffbf8fd0000 - 0x00007ffbf9099000 	C:\WINDOWS\System32\KERNEL32.DLL
0x00007ffbf87b0000 - 0x00007ffbf8baa000 	C:\WINDOWS\System32\KERNELBASE.dll
0x00007ffbf8190000 - 0x00007ffbf82dc000 	C:\WINDOWS\System32\ucrtbase.dll
0x00007ffbc3790000 - 0x00007ffbc37a7000 	C:\Program Files\Processing\app\resources\jdk-17.0.14+7\bin\jli.dll
0x00007ffbc2c50000 - 0x00007ffbc2c6e000 	C:\Program Files\Processing\app\resources\jdk-17.0.14+7\bin\VCRUNTIME140.dll
0x00007ffbfa250000 - 0x00007ffbfa417000 	C:\WINDOWS\System32\USER32.dll
0x00007ffbf8370000 - 0x00007ffbf8397000 	C:\WINDOWS\System32\win32u.dll
0x00007ffbdf5a0000 - 0x00007ffbdf832000 	C:\WINDOWS\WinSxS\amd64_microsoft.windows.common-controls_6595b64144ccf1df_6.0.26100.8521_none_3e08b75ce33403b3\COMCTL32.dll
0x00007ffbf8d50000 - 0x00007ffbf8d7b000 	C:\WINDOWS\System32\GDI32.dll
0x00007ffbf91e0000 - 0x00007ffbf9289000 	C:\WINDOWS\System32\msvcrt.dll
0x00007ffbf85d0000 - 0x00007ffbf86fb000 	C:\WINDOWS\System32\gdi32full.dll
0x00007ffbf8700000 - 0x00007ffbf87a3000 	C:\WINDOWS\System32\msvcp_win.dll
0x00007ffbf9c80000 - 0x00007ffbf9cb2000 	C:\WINDOWS\System32\IMM32.DLL
0x00007ffbf1800000 - 0x00007ffbf180c000 	C:\Program Files\Processing\app\resources\jdk-17.0.14+7\bin\vcruntime140_1.dll
0x00007ffbb0150000 - 0x00007ffbb01dd000 	C:\Program Files\Processing\app\resources\jdk-17.0.14+7\bin\msvcp140.dll
0x00007ffb67bb0000 - 0x00007ffb6881b000 	C:\Program Files\Processing\app\resources\jdk-17.0.14+7\bin\server\jvm.dll
0x00007ffbf9d90000 - 0x00007ffbf9e46000 	C:\WINDOWS\System32\ADVAPI32.dll
0x00007ffbfa190000 - 0x00007ffbfa23a000 	C:\WINDOWS\System32\sechost.dll
0x00007ffbf9e50000 - 0x00007ffbf9f68000 	C:\WINDOWS\System32\RPCRT4.dll
0x00007ffbf90d0000 - 0x00007ffbf9150000 	C:\WINDOWS\System32\WS2_32.dll
0x00007ffbf8010000 - 0x00007ffbf806e000 	C:\WINDOWS\SYSTEM32\POWRPROF.dll
0x00007ffbdb520000 - 0x00007ffbdb556000 	C:\WINDOWS\SYSTEM32\WINMM.dll
0x00007ffbeda10000 - 0x00007ffbeda1b000 	C:\WINDOWS\SYSTEM32\VERSION.dll
0x00007ffbf7ff0000 - 0x00007ffbf8004000 	C:\WINDOWS\SYSTEM32\UMPDC.dll
0x00007ffbf6f00000 - 0x00007ffbf6f1b000 	C:\WINDOWS\SYSTEM32\kernel.appcore.dll
0x00007ffbcb370000 - 0x00007ffbcb37a000 	C:\Program Files\Processing\app\resources\jdk-17.0.14+7\bin\jimage.dll
0x00007ffbf2350000 - 0x00007ffbf2592000 	C:\WINDOWS\SYSTEM32\DBGHELP.DLL
0x00007ffbfa590000 - 0x00007ffbfa913000 	C:\WINDOWS\System32\combase.dll
0x00007ffbf9390000 - 0x00007ffbf9469000 	C:\WINDOWS\System32\OLEAUT32.dll
0x00007ffbf1a70000 - 0x00007ffbf1aab000 	C:\WINDOWS\SYSTEM32\dbgcore.DLL
0x00007ffbf83a0000 - 0x00007ffbf8448000 	C:\WINDOWS\System32\bcryptPrimitives.dll
0x00007ffba27a0000 - 0x00007ffba27db000 	C:\Program Files\Processing\app\resources\jdk-17.0.14+7\bin\jdwp.dll
0x00007ffbad3a0000 - 0x00007ffbad3c5000 	C:\Program Files\Processing\app\resources\jdk-17.0.14+7\bin\java.dll
0x00007ffb9c020000 - 0x00007ffb9c0f7000 	C:\Program Files\Processing\app\resources\jdk-17.0.14+7\bin\jsvml.dll
0x00007ffbf94f0000 - 0x00007ffbf9c74000 	C:\WINDOWS\System32\SHELL32.dll
0x00007ffbf5d20000 - 0x00007ffbf65a0000 	C:\WINDOWS\SYSTEM32\windows.storage.dll
0x00007ffbfa920000 - 0x00007ffbfaa16000 	C:\WINDOWS\System32\SHCORE.dll
0x00007ffbf8d80000 - 0x00007ffbf8de7000 	C:\WINDOWS\System32\shlwapi.dll
0x00007ffbf80b0000 - 0x00007ffbf80d9000 	C:\WINDOWS\SYSTEM32\profapi.dll
0x00007ffbc9c90000 - 0x00007ffbc9c9c000 	C:\Program Files\Processing\app\resources\jdk-17.0.14+7\bin\dt_socket.dll
0x00007ffbf68d0000 - 0x00007ffbf6903000 	C:\WINDOWS\SYSTEM32\IPHLPAPI.DLL
0x00007ffbf7490000 - 0x00007ffbf74fc000 	C:\WINDOWS\system32\mswsock.dll
0x00007ffbad4e0000 - 0x00007ffbad4f9000 	C:\Program Files\Processing\app\resources\jdk-17.0.14+7\bin\net.dll
0x00007ffbef7a0000 - 0x00007ffbef8c9000 	C:\WINDOWS\SYSTEM32\WINHTTP.dll
0x00007ffbad400000 - 0x00007ffbad416000 	C:\Program Files\Processing\app\resources\jdk-17.0.14+7\bin\nio.dll
0x00007ffbaabc0000 - 0x00007ffbaabd8000 	C:\Program Files\Processing\app\resources\jdk-17.0.14+7\bin\zip.dll
0x00007ffb8dd10000 - 0x00007ffb8dea0000 	C:\Program Files\Processing\app\resources\jdk-17.0.14+7\bin\awt.dll
0x00007ffbf4ba0000 - 0x00007ffbf4c40000 	C:\WINDOWS\SYSTEM32\apphelp.dll
0x00007ffbf5390000 - 0x00007ffbf543a000 	C:\WINDOWS\system32\uxtheme.dll
0x00007ffbfa430000 - 0x00007ffbfa58d000 	C:\WINDOWS\System32\MSCTF.dll
0x00007ffbf9f70000 - 0x00007ffbfa108000 	C:\WINDOWS\System32\ole32.dll
0x00007ffbf5640000 - 0x00007ffbf566f000 	C:\WINDOWS\system32\DWMAPI.DLL
0x00007ffbb6240000 - 0x00007ffbb634c000 	C:\WINDOWS\system32\opengl32.dll
0x00007ffbb94b0000 - 0x00007ffbb94dd000 	C:\WINDOWS\SYSTEM32\GLU32.dll
0x00007ffbf5490000 - 0x00007ffbf54d4000 	C:\WINDOWS\SYSTEM32\dxcore.dll
0x00007ffbf7770000 - 0x00007ffbf778b000 	C:\WINDOWS\SYSTEM32\CRYPTSP.dll
0x00007ffbf6e60000 - 0x00007ffbf6e99000 	C:\WINDOWS\system32\rsaenh.dll
0x00007ffbf7540000 - 0x00007ffbf7573000 	C:\WINDOWS\SYSTEM32\USERENV.dll
0x00007ffbf8080000 - 0x00007ffbf80aa000 	C:\WINDOWS\SYSTEM32\bcrypt.dll
0x00007ffbf7790000 - 0x00007ffbf779c000 	C:\WINDOWS\SYSTEM32\CRYPTBASE.dll
0x00007ffbfaa20000 - 0x00007ffbfaa2a000 	C:\WINDOWS\System32\NSI.dll
0x00007ffbef9e0000 - 0x00007ffbef9fd000 	C:\WINDOWS\SYSTEM32\dhcpcsvc6.DLL
0x00007ffbef9b0000 - 0x00007ffbef9d5000 	C:\WINDOWS\SYSTEM32\dhcpcsvc.DLL
0x00007ffbf6960000 - 0x00007ffbf6aaa000 	C:\WINDOWS\SYSTEM32\DNSAPI.dll
0x00007ffbf72b0000 - 0x00007ffbf72bd000 	C:\WINDOWS\SYSTEM32\DSPARSE.dll
0x00007ffba7d60000 - 0x00007ffba7d73000 	C:\Users\danil\AppData\Local\Temp\jogamp_0000\file_cache\jln5825965598425586281\jln2782678081841632347\natives\windows-amd64\gluegen_rt.dll
0x00007ffbb91b0000 - 0x00007ffbb91b7000 	C:\Program Files\Processing\app\resources\jdk-17.0.14+7\bin\jawt.dll
0x00007ffba7d50000 - 0x00007ffba7d5d000 	C:\Users\danil\AppData\Local\Temp\jogamp_0000\file_cache\jln5825965598425586281\jln2782678081841632347\natives\windows-amd64\nativewindow_awt.dll
0x00007ffba2640000 - 0x00007ffba2655000 	C:\Users\danil\AppData\Local\Temp\jogamp_0000\file_cache\jln5825965598425586281\jln2782678081841632347\natives\windows-amd64\nativewindow_win32.dll
0x00007ffb9c8e0000 - 0x00007ffb9c963000 	C:\Users\danil\AppData\Local\Temp\jogamp_0000\file_cache\jln5825965598425586281\jln2782678081841632347\natives\windows-amd64\jogl_desktop.dll
0x00007ffb9c2b0000 - 0x00007ffb9c302000 	C:\Users\danil\AppData\Local\Temp\jogamp_0000\file_cache\jln5825965598425586281\jln2782678081841632347\natives\windows-amd64\jogl_mobile.dll
0x00007ffbf1730000 - 0x00007ffbf178f000 	C:\WINDOWS\SYSTEM32\directxdatabasehelper.dll
0x00007ffbf20d0000 - 0x00007ffbf20ed000 	C:\WINDOWS\SYSTEM32\windows.staterepositorycore.dll
0x00007ffb49a40000 - 0x00007ffb4aa13000 	C:\WINDOWS\System32\DriverStore\FileRepository\iigd_dch.inf_amd64_225f37aa3862fc3f\igxelpicd64.dll
0x00007ffbf54e0000 - 0x00007ffbf561a000 	C:\WINDOWS\system32\dxgi.dll
0x00007ffb67720000 - 0x00007ffb67ba7000 	C:\WINDOWS\System32\DriverStore\FileRepository\iigd_dch.inf_amd64_225f37aa3862fc3f\igdml64.dll
0x00007ffbf7d00000 - 0x00007ffbf7d51000 	C:\WINDOWS\SYSTEM32\cfgmgr32.dll
0x00007ffbedb30000 - 0x00007ffbedef1000 	C:\WINDOWS\System32\DriverStore\FileRepository\iigd_dch.inf_amd64_225f37aa3862fc3f\igdgmm64.dll
0x00007ffbea800000 - 0x00007ffbeda06000 	C:\WINDOWS\System32\DriverStore\FileRepository\iigd_dch.inf_amd64_225f37aa3862fc3f\igc64.dll
0x00007ffba2620000 - 0x00007ffba2639000 	C:\Users\danil\AppData\Local\Temp\jogamp_0000\file_cache\jln5825965598425586281\jln2782678081841632347\natives\windows-amd64\newt_head.dll
0x00007ffbe9ce0000 - 0x00007ffbe9d9f000 	C:\WINDOWS\SYSTEM32\mscms.dll
0x00007ffbb33b0000 - 0x00007ffbb33f9000 	C:\WINDOWS\SYSTEM32\icm32.dll
0x00007ffbfaa30000 - 0x00007ffbfaeb7000 	C:\WINDOWS\System32\setupapi.dll
0x00007ffbf7cd0000 - 0x00007ffbf7cfd000 	C:\WINDOWS\SYSTEM32\DEVOBJ.dll
0x00007ffbf82e0000 - 0x00007ffbf8363000 	C:\WINDOWS\System32\WINTRUST.dll
0x00007ffbf8450000 - 0x00007ffbf85c8000 	C:\WINDOWS\System32\CRYPT32.dll
0x00007ffbf78a0000 - 0x00007ffbf78b3000 	C:\WINDOWS\SYSTEM32\MSASN1.dll
0x00007ffbe01e0000 - 0x00007ffbe0328000 	C:\WINDOWS\SYSTEM32\textinputframework.dll
0x00007ffbf4780000 - 0x00007ffbf48a5000 	C:\WINDOWS\SYSTEM32\CoreMessaging.dll
0x00007ffbf0660000 - 0x00007ffbf0944000 	C:\WINDOWS\SYSTEM32\CoreUIComponents.dll
0x00007ffbf04f0000 - 0x00007ffbf065a000 	C:\WINDOWS\SYSTEM32\wintypes.dll

dbghelp: loaded successfully - version: 4.0.5 - missing functions: none
symbol engine: initialized successfully - sym options: 0x614 - pdb path: .;C:\Program Files\Processing\app\resources\jdk-17.0.14+7\bin;C:\WINDOWS\SYSTEM32;C:\WINDOWS\WinSxS\amd64_microsoft.windows.common-controls_6595b64144ccf1df_6.0.26100.8521_none_3e08b75ce33403b3;C:\Program Files\Processing\app\resources\jdk-17.0.14+7\bin\server;C:\Users\danil\AppData\Local\Temp\jogamp_0000\file_cache\jln5825965598425586281\jln2782678081841632347\natives\windows-amd64;C:\WINDOWS\System32\DriverStore\FileRepository\iigd_dch.inf_amd64_225f37aa3862fc3f

VM Arguments:
jvm_args: -agentlib:jdwp=transport=dt_socket,address=8848,server=y,suspend=y,quiet=y -Xms64m -Xmx1024m -Djna.nosys=true -Djava.library.path=;C:\Program Files\Processing\app\resources\core\library;C:\Program Files\Processing;C:\WINDOWS\system32;C:\WINDOWS;C:\Program Files\PlasticSCM5\server;C:\Program Files\PlasticSCM5\client;C:\Program Files\Common Files\Oracle\Java\javapath;C:\Program Files (x86)\Common Files\Oracle\Java\javapath;C:\Windows\System32\HWAudioDriverLibs;C:\Windows\system32;C:\Windows;C:\Windows\System32\Wbem;C:\Windows\System32\WindowsPowerShell\v1.0;C:\Windows\System32\OpenSSH;C:\Program Files\Microsoft SQL Server\150\Tools\Binn;C:\Program Files\Microsoft SQL Server\Client SDK\ODBC\170\Tools\Binn;C:\Program Files\dotnet;D:\Windows Kits\10\Windows Performance Toolkit;C:\Program Files\Java\jdk-23\bin;C:\WINDOWS\system32;C:\WINDOWS;C:\WINDOWS\System32\Wbem;C:\WINDOWS\System32\WindowsPowerShell\v1.0;C:\WINDOWS\System32\OpenSSH;C:\Program Files\nodejs;C:\Program Files\Docker\Docker\resources\bin;C:\Program Files\TortoiseGit\bin;C:\Program Files\Git\cmd;C:\Users\danil\Desktop\ffmpeg-8.1.2-essentials_build\ffmpeg-8.1.2-essentials_build\bin;C:\Users\danil\AppData\Local\Programs\Python\Python312\Scripts;C:\Users\danil\AppData\Local\Programs\Python\Python312;C:\Users\danil\AppData\Local\Microsoft\WindowsApps;C:\Users\danil\AppData\Local\Programs\Microsoft VS Code\bin;C:\Users\danil\AppData\Roaming\npm;D:\DataBase\18\bin;C:\Program Files\Processing\app;. -ea 
java_command: processing.core.PApplet --editor-location=-8,-8 --external --display=1 --sketch-path=C:\Users\danil\Desktop\Gravity_simul Gravity_simul
java_class_path (initial): C:\Users\danil\AppData\Local\Temp\processing\Gravity_simul1364016368768332194temp;C:\Program Files\Processing\app\resources\core\library\annotations-13.0.jar;C:\Program Files\Processing\app\resources\core\library\antlr-2.7.7.jar;C:\Program Files\Processing\app\resources\core\library\core-4.4.1.jar;C:\Program Files\Processing\app\resources\core\library\gluegen-rt-2.5.0-natives-android-aarch64.jar;C:\Program Files\Processing\app\resources\core\library\gluegen-rt-2.5.0-natives-linux-aarch64.jar;C:\Program Files\Processing\app\resources\core\library\gluegen-rt-2.5.0-natives-linux-amd64.jar;C:\Program Files\Processing\app\resources\core\library\gluegen-rt-2.5.0-natives-linux-armv6hf.jar;C:\Program Files\Processing\app\resources\core\library\gluegen-rt-2.5.0-natives-macosx-universal.jar;C:\Program Files\Processing\app\resources\core\library\gluegen-rt-2.5.0-natives-windows-amd64.jar;C:\Program Files\Processing\app\resources\core\library\gluegen-rt-2.5.0.jar;C:\Program Files\Processing\app\resources\core\library\gluegen-rt-main-2.5.0.jar;C:\Program Files\Processing\app\resources\core\library\jogl-all-2.5.0-natives-android-aarch64.jar;C:\Program Files\Processing\app\resources\core\library\jogl-all-2.5.0-natives-linux-aarch64.jar;C:\Program Files\Processing\app\resources\core\library\jogl-all-2.5.0-natives-linux-amd64.jar;C:\Program Files\Processing\app\resources\core\library\jogl-all-2.5.0-natives-linux-armv6hf.jar;C:\Program Files\Processing\app\resources\core\library\jogl-all-2.5.0-natives-macosx-universal.jar;C:\Program Files\Processing\app\resources\core\library\jogl-all-2.5.0-natives-windows-amd64.jar;C:\Program Files\Processing\app\resources\core\library\jogl-all-2.5.0.jar;C:\Program Files\Processing\app\resources\core\library\jogl-all-main-2.5.0.jar;C:\Program Files\Processing\app\resources\core\library\kotlin-stdlib-2.0.20.jar
Launcher Type: SUN_STANDARD

[Global flags]
     intx CICompilerCount                          = 4                                         {product} {ergonomic}
     uint ConcGCThreads                            = 2                                         {product} {ergonomic}
     uint G1ConcRefinementThreads                  = 8                                         {product} {ergonomic}
   size_t G1HeapRegionSize                         = 1048576                                   {product} {ergonomic}
    uintx GCDrainStackTargetSize                   = 64                                        {product} {ergonomic}
   size_t InitialHeapSize                          = 67108864                                  {product} {command line}
   size_t MarkStackSize                            = 4194304                                   {product} {ergonomic}
   size_t MaxHeapSize                              = 1073741824                                {product} {command line}
   size_t MaxNewSize                               = 643825664                                 {product} {ergonomic}
   size_t MinHeapDeltaBytes                        = 1048576                                   {product} {ergonomic}
   size_t MinHeapSize                              = 67108864                                  {product} {command line}
    uintx NonNMethodCodeHeapSize                   = 5839372                                {pd product} {ergonomic}
    uintx NonProfiledCodeHeapSize                  = 122909434                              {pd product} {ergonomic}
    uintx ProfiledCodeHeapSize                     = 122909434                              {pd product} {ergonomic}
    uintx ReservedCodeCacheSize                    = 251658240                              {pd product} {ergonomic}
     bool SegmentedCodeCache                       = true                                      {product} {ergonomic}
   size_t SoftMaxHeapSize                          = 1073741824                             {manageable} {ergonomic}
     bool UseCompressedClassPointers               = true                           {product lp64_product} {ergonomic}
     bool UseCompressedOops                        = true                           {product lp64_product} {ergonomic}
     bool UseG1GC                                  = true                                      {product} {ergonomic}
     bool UseLargePagesIndividualAllocation        = false                                  {pd product} {ergonomic}

Logging:
Log output configuration:
 #0: stdout all=off uptime,level,tags
 #1: stderr all=off uptime,level,tags

Environment Variables:
JAVA_HOME=C:\Program Files\Java\jdk-23
PATH=C:\Program Files\PlasticSCM5\server;C:\Program Files\PlasticSCM5\client;C:\Program Files\Common Files\Oracle\Java\javapath;C:\Program Files (x86)\Common Files\Oracle\Java\javapath;C:\Windows\System32\HWAudioDriverLibs;C:\Windows\system32;C:\Windows;C:\Windows\System32\Wbem;C:\Windows\System32\WindowsPowerShell\v1.0\;C:\Windows\System32\OpenSSH\;C:\Users\Administrator\AppData\Local\Microsoft\WindowsApps;C:\Program Files\Microsoft SQL Server\150\Tools\Binn\;C:\Program Files\Microsoft SQL Server\Client SDK\ODBC\170\Tools\Binn\;C:\Program Files\dotnet\;D:\Windows Kits\10\Windows Performance Toolkit\;C:\Program Files\Java\jdk-23\bin;C:\WINDOWS\system32;C:\WINDOWS;C:\WINDOWS\System32\Wbem;C:\WINDOWS\System32\WindowsPowerShell\v1.0\;C:\WINDOWS\System32\OpenSSH\;C:\Program Files\nodejs\;C:\Program Files\Docker\Docker\resources\bin;C:\Program Files\TortoiseGit\bin;C:\Program Files\Git\cmd;C:\Users\danil\Desktop\ffmpeg-8.1.2-essentials_build\ffmpeg-8.1.2-essentials_build\bin;C:\Users\danil\AppData\Local\Programs\Python\Python312\Scripts\;C:\Users\danil\AppData\Local\Programs\Python\Python312\;C:\Users\danil\AppData\Local\Microsoft\WindowsApps;C:\Users\danil\.dotnet\tools;C:\Users\danil\AppData\Local\Programs\Microsoft VS Code\bin;C:\Users\danil\AppData\Roaming\npm;D:\DataBase\18\bin;C:\Program Files\Processing\app
USERNAME=danil
OS=Windows_NT
PROCESSOR_IDENTIFIER=Intel64 Family 6 Model 140 Stepping 2, GenuineIntel
TMP=C:\Users\danil\AppData\Local\Temp
TEMP=C:\Users\danil\AppData\Local\Temp



Periodic native trim disabled


---------------  S Y S T E M  ---------------

OS:
 Windows 11 , 64 bit Build 26100 (10.0.26100.8521)
OS uptime: 0 days 0:11 hours
Hyper-V role detected

CPU: total 8 (initial active 8) (4 cores per cpu, 2 threads per core) family 6 model 140 stepping 2 microcode 0x16, cx8, cmov, fxsr, ht, mmx, 3dnowpref, sse, sse2, sse3, ssse3, sse4.1, sse4.2, popcnt, lzcnt, tsc, tscinvbit, avx, avx2, aes, erms, clmul, bmi1, bmi2, adx, avx512f, avx512dq, avx512cd, avx512bw, avx512vl, sha, fma, vzeroupper, avx512_vpopcntdq, avx512_vpclmulqdq, avx512_vaes, avx512_vnni, clflush, clflushopt, clwb, avx512_vbmi2, avx512_vbmi, hv
Processor Information for processor 0
  Max Mhz: 2496, Current Mhz: 998, Mhz Limit: 2496
Processor Information for processor 1
  Max Mhz: 2496, Current Mhz: 998, Mhz Limit: 2496
Processor Information for processor 2
  Max Mhz: 2496, Current Mhz: 998, Mhz Limit: 2496
Processor Information for processor 3
  Max Mhz: 2496, Current Mhz: 2496, Mhz Limit: 2496
Processor Information for processor 4
  Max Mhz: 2496, Current Mhz: 2496, Mhz Limit: 2496
Processor Information for processor 5
  Max Mhz: 2496, Current Mhz: 2496, Mhz Limit: 2496
Processor Information for processor 6
  Max Mhz: 2496, Current Mhz: 998, Mhz Limit: 2496
Processor Information for processor 7
  Max Mhz: 2496, Current Mhz: 998, Mhz Limit: 2496

Memory: 4k page, system-wide physical 7975M (1179M free)
TotalPageFile size 17703M (AvailPageFile size 10349M)
current process WorkingSet (physical memory assigned to process): 504M, peak: 512M
current process commit charge ("private bytes"): 466M, peak: 480M

vm_info: OpenJDK 64-Bit Server VM (17.0.14+7) for windows-amd64 JRE (17.0.14+7), built on Jan 21 2025 23:40:15 by "admin" with MS VC++ 17.7 (VS2022)

END.
