#
# A fatal error has been detected by the Java Runtime Environment:
#
#  EXCEPTION_ACCESS_VIOLATION (0xc0000005) at pc=0x00007ff9b069b386, pid=44880, tid=44924
#
# JRE version: OpenJDK Runtime Environment Temurin-17.0.14+7 (17.0.14+7) (build 17.0.14+7)
# Java VM: OpenJDK 64-Bit Server VM Temurin-17.0.14+7 (17.0.14+7, mixed mode, sharing, tiered, compressed oops, compressed class ptrs, g1 gc, windows-amd64)
# Problematic frame:
# C  [igxelpicd64.dll+0x23b386]
#
# No core dump will be written. Minidumps are not enabled by default on client versions of Windows
#
# If you would like to submit a bug report, please visit:
#   https://github.com/adoptium/adoptium-support/issues
#

---------------  S U M M A R Y ------------

Command Line: -agentlib:jdwp=transport=dt_socket,address=8859,server=y,suspend=y,quiet=y -Xms64m -Xmx1024m -Djna.nosys=true -Djava.library.path=;C:\Program Files\Processing\app\resources\core\library;C:\Program Files\Processing;C:\WINDOWS\system32;C:\WINDOWS;C:\Program Files\PlasticSCM5\server;C:\Program Files\PlasticSCM5\client;C:\Program Files\Common Files\Oracle\Java\javapath;C:\Program Files (x86)\Common Files\Oracle\Java\javapath;C:\Windows\System32\HWAudioDriverLibs;C:\Windows\system32;C:\Windows;C:\Windows\System32\Wbem;C:\Windows\System32\WindowsPowerShell\v1.0;C:\Windows\System32\OpenSSH;C:\Program Files\Microsoft SQL Server\150\Tools\Binn;C:\Program Files\Microsoft SQL Server\Client SDK\ODBC\170\Tools\Binn;C:\Program Files\dotnet;D:\Windows Kits\10\Windows Performance Toolkit;C:\Program Files\Java\jdk-23\bin;C:\WINDOWS\system32;C:\WINDOWS;C:\WINDOWS\System32\Wbem;C:\WINDOWS\System32\WindowsPowerShell\v1.0;C:\WINDOWS\System32\OpenSSH;C:\Program Files\nodejs;C:\Program Files\Docker\Docker\resources\bin;C:\Program Files\TortoiseGit\bin;C:\Program Files\Git\cmd;C:\Users\danil\AppData\Local\Programs\Python\Python312\Scripts;C:\Users\danil\AppData\Local\Programs\Python\Python312;C:\Users\danil\AppData\Local\Microsoft\WindowsApps;C:\Users\danil\AppData\Local\Programs\Microsoft VS Code\bin;C:\Users\danil\AppData\Roaming\npm;D:\DataBase\18\bin;C:\Program Files\Processing\app;. -ea processing.core.PApplet --editor-location=-7,-7 --external --display=1 --sketch-path=C:\Users\danil\Desktop\Gravity_simul Gravity_simul

Host: 11th Gen Intel(R) Core(TM) i5-1155G7 @ 2.50GHz, 8 cores, 7G,  Windows 11 , 64 bit Build 26100 (10.0.26100.8328)
Time: Sat Jun 27 23:52:19 2026 RTZ 3 (s 11 , 64 bit Build 26100 (10.0.26100.8328) elapsed time: 21.146935 seconds (0d 0h 0m 21s)

---------------  T H R E A D  ---------------

Current thread (0x000001eed94843c0):  VMThread "VM Thread" [stack: 0x0000005af5800000,0x0000005af5900000] [id=44924]

Stack: [0x0000005af5800000,0x0000005af5900000],  sp=0x0000005af58fe5c0,  free space=1017k
Native frames: (J=compiled Java code, j=interpreted, Vv=VM code, C=native code)
C  [igxelpicd64.dll+0x23b386]


siginfo: EXCEPTION_ACCESS_VIOLATION (0xc0000005), reading address 0x0000000000035468


Registers:
RAX=0x000001ef21912c80, RBX=0x000001ef1f607c70, RCX=0x0000000000000004, RDX=0x0000000000000000
RSP=0x0000005af58fe5c0, RBP=0x0000000000000000, RSI=0x000001ef21912a80, RDI=0x000001ef1f0cd120
R8 =0x000001ef21912b80, R9 =0x0000005af4d13000, R10=0x0000000000000000, R11=0x0000000000000246
R12=0x000001ef21912a80, R13=0x0000000000000000, R14=0x000001ef21912fc8, R15=0x000001ef219124b0
RIP=0x00007ff9b069b386, EFLAGS=0x0000000000010202


Register to memory mapping:

RIP=0x00007ff9b069b386 igxelpicd64.dll
RAX=0x000001ef21912c80 points into unknown readable memory: 0x000000000000558a | 8a 55 00 00 00 00 00 00
RBX=0x000001ef1f607c70 points into unknown readable memory: 0xffffffffffffffff | ff ff ff ff ff ff ff ff
RCX=0x0000000000000004 is an unknown value
RDX=0x0 is NULL
RSP=0x0000005af58fe5c0 points into unknown readable memory: 0x000001ef1f607c70 | 70 7c 60 1f ef 01 00 00
RBP=0x0 is NULL
RSI=0x000001ef21912a80 points into unknown readable memory: 0x000001ef1f627af0 | f0 7a 62 1f ef 01 00 00
RDI=0x000001ef1f0cd120 points into unknown readable memory: 0x000001ef21635700 | 00 57 63 21 ef 01 00 00
R8 =0x000001ef21912b80 points into unknown readable memory: 0x0000000000000000 | 00 00 00 00 00 00 00 00
R9 =0x0000005af4d13000 points into unknown readable memory: 0x0000000000000000 | 00 00 00 00 00 00 00 00
R10=0x0 is NULL
R11=0x0000000000000246 is an unknown value
R12=0x000001ef21912a80 points into unknown readable memory: 0x000001ef1f627af0 | f0 7a 62 1f ef 01 00 00
R13=0x0 is NULL
R14=0x000001ef21912fc8 points into unknown readable memory: 0x000001ef219124b0 | b0 24 91 21 ef 01 00 00
R15=0x000001ef219124b0 points into unknown readable memory: 0x000001ef1f627af0 | f0 7a 62 1f ef 01 00 00


Top of Stack: (sp=0x0000005af58fe5c0)
0x0000005af58fe5c0:   000001ef1f607c70 0255429d03862e9d
0x0000005af58fe5d0:   0391939f00929d9d 0250f39f03309c9f
0x0000005af58fe5e0:   0000001603000000 0000000000000000
0x0000005af58fe5f0:   032b66a303b02aa3 0365e2a3036987a3
0x0000005af58fe600:   000001ef1f607c70 031d81a403732ea4
0x0000005af58fe610:   032a3ea502743ca5 02de81a503725aa5
0x0000005af58fe620:   02db39a602a81ca6 0353bba603a49ca6
0x0000005af58fe630:   00b3e9a603a7cba6 039039a700a836a7
0x0000005af58fe640:   0326f4a70133c2a7 031e5ea90399e2a8
0x0000005af58fe650:   036a28aa035e61a9 035b9aaa02fe53aa
0x0000005af58fe660:   022dceaa02eccdaa 02fe53ab02bf12ab
0x0000005af58fe670:   02b97dab02e266ab 036fedab021f82ab
0x0000005af58fe680:   03990eac01e702ac 02c01eac039d16ac
0x0000005af58fe690:   01d979ac034833ac 02db8cac03a986ac
0x0000005af58fe6a0:   036602ad03a4d0ac 00007ffa7dbc5b54
0x0000005af58fe6b0:   0000000000000000 0000000000000000
0x0000005af58fe6c0:   0000005af58fe860 00007ffa7be21259
0x0000005af58fe6d0:   0000005af58fe758 0000000000000000
0x0000005af58fe6e0:   0000000000000054 0000000000000000
0x0000005af58fe6f0:   032eb8b1029d98b1 00007ffa7dbc5cc4
0x0000005af58fe700:   039650b302c0ccb2 005273b3035461b3
0x0000005af58fe710:   000004780926e80f 036c27b5039305b5
0x0000005af58fe720:   000001ef217d22f8 00000000000055b2
0x0000005af58fe730:   0000000000000000 0000000000000016
0x0000005af58fe740:   0000000000000000 0000000000000000
0x0000005af58fe750:   0000005af58fe860 00007ff9b06c82ae
0x0000005af58fe760:   000001ef1f0cd120 0000000000000000
0x0000005af58fe770:   000001ef1f0cd120 0329a6bb033875bb
0x0000005af58fe780:   0000005a00000b94 0000740400870000
0x0000005af58fe790:   0000000000000000 033838be036430be
0x0000005af58fe7a0:   02aa5abe029d43be 03a6fcbe02eec1be
0x0000005af58fe7b0:   038ec2bf02f831bf 00ad46c00276c4bf 

Instructions: (pc=0x00007ff9b069b386)
0x00007ff9b069b286:   00 90 4c 8b bf 80 02 00 00 48 8b 05 9a 85 bd 00
0x00007ff9b069b296:   8b 80 c8 0a 00 00 89 44 24 24 c6 44 24 20 00 48
0x00007ff9b069b2a6:   c7 87 80 02 00 00 00 00 00 00 c7 87 88 02 00 00
0x00007ff9b069b2b6:   00 00 00 00 48 c7 87 a0 02 00 00 00 00 00 00 48
0x00007ff9b069b2c6:   c7 87 90 02 00 00 00 00 00 00 48 85 ed 75 3d 8b
0x00007ff9b069b2d6:   35 0d 77 cd 00 65 48 8b 04 25 58 00 00 00 b9 14
0x00007ff9b069b2e6:   00 00 00 48 8b 04 f0 40 38 2c 01 0f 84 c9 e7 75
0x00007ff9b069b2f6:   00 65 48 8b 04 25 58 00 00 00 bd 20 00 00 00 48
0x00007ff9b069b306:   8b 04 f0 48 8b 2c 28 48 89 6c 24 28 48 3b 2d 07
0x00007ff9b069b316:   9b cd 00 0f 84 9b 10 00 00 4d 85 ff 0f 84 3a 01
0x00007ff9b069b326:   00 00 0f 1f 84 00 00 00 00 00 49 8b f7 4d 8b e7
0x00007ff9b069b336:   4d 8d b7 48 05 00 00 4d 8b 3e 45 84 ed 0f 85 d9
0x00007ff9b069b346:   0e 00 00 8b 8f d0 01 00 00 48 8b 05 da 84 bd 00
0x00007ff9b069b356:   83 b8 64 03 00 00 02 75 34 4d 8d 84 24 00 01 00
0x00007ff9b069b366:   00 83 f9 10 0f 83 3a 01 00 00 8b c1 48 c1 e0 06
0x00007ff9b069b376:   49 03 c0 48 85 c0 0f 84 9b 01 00 00 48 8b 50 08
0x00007ff9b069b386:   48 3b 95 68 54 03 00 0f 87 b6 0e 00 00 48 83 be
0x00007ff9b069b396:   c0 05 00 00 00 0f 85 50 e7 75 00 44 8b 8f d0 01
0x00007ff9b069b3a6:   00 00 48 8b 87 e8 01 00 00 4c 8b 00 8b 8f d0 01
0x00007ff9b069b3b6:   00 00 48 8d 9e 00 01 00 00 83 f9 10 0f 83 1e 01
0x00007ff9b069b3c6:   00 00 8b c1 48 c1 e0 06 48 03 c3 48 85 c0 0f 84
0x00007ff9b069b3d6:   4a 01 00 00 4c 39 40 08 0f 86 40 01 00 00 48 8b
0x00007ff9b069b3e6:   87 80 02 00 00 49 89 06 48 89 b7 80 02 00 00 ff
0x00007ff9b069b3f6:   87 88 02 00 00 48 8b 4e 08 48 8b 01 ba 01 00 00
0x00007ff9b069b406:   00 48 8b 80 e0 02 00 00 ff 15 f4 c1 88 00 0f b7
0x00007ff9b069b416:   c8 48 2b c1 48 05 00 00 01 00 48 01 87 90 02 00
0x00007ff9b069b426:   00 48 8b 4e 08 48 8b 01 ba 01 00 00 00 48 8b 80
0x00007ff9b069b436:   e0 02 00 00 ff 15 c8 c1 88 00 48 01 87 a0 02 00
0x00007ff9b069b446:   00 0f b6 54 24 20 4d 85 ff 0f 85 db fe ff ff 84
0x00007ff9b069b456:   d2 0f 85 37 0f 00 00 48 8b 5c 24 40 48 8b cf 80
0x00007ff9b069b466:   7c 24 22 00 0f 85 40 0f 00 00 e8 3b f9 ff ff 90
0x00007ff9b069b476:   48 8b cb ff 15 99 bc 88 00 48 8b 8c 24 50 01 00 


Stack slot to memory mapping:
stack at sp + 0 slots: 0x000001ef1f607c70 points into unknown readable memory: 0xffffffffffffffff | ff ff ff ff ff ff ff ff
stack at sp + 1 slots: 0x0255429d03862e9d is an unknown value
stack at sp + 2 slots: 0x0391939f00929d9d is an unknown value
stack at sp + 3 slots: 0x0250f39f03309c9f is an unknown value
stack at sp + 4 slots: 0x0000001603000000 is an unknown value
stack at sp + 5 slots: 0x0 is NULL
stack at sp + 6 slots: 0x032b66a303b02aa3 is an unknown value
stack at sp + 7 slots: 0x0365e2a3036987a3 is an unknown value

VM_Operation (0x0000005af7afecf0): Exit, mode: safepoint, requested by thread 0x000001ef214e57e0


---------------  P R O C E S S  ---------------

Threads class SMR info:
_java_thread_list=0x000001ef32477570, length=23, elements={
0x000001eed9489220, 0x000001eed948bc00, 0x000001eed94a5680, 0x000001eed94a5f50,
0x000001eed94a6820, 0x000001eed94a70f0, 0x000001eed94aa520, 0x000001eed94aaee0,
0x000001eed94ad800, 0x000001eed9740d90, 0x000001eed9741e70, 0x000001eed9778170,
0x000001eed977b1a0, 0x000001eed9780ff0, 0x000001ef1f0ab770, 0x000001ef1f4db850,
0x000001ef214e57e0, 0x000001ef21079580, 0x000001ef21079fa0, 0x000001ef21079070,
0x000001ef21078b60, 0x000001ef21078650, 0x000001ef323fbcc0
}

Java Threads: ( => current thread )
  0x000001eed9489220 JavaThread "Reference Handler" daemon [_thread_blocked, id=44908, stack(0x0000005af5900000,0x0000005af5a00000)]
  0x000001eed948bc00 JavaThread "Finalizer" daemon [_thread_blocked, id=44800, stack(0x0000005af5a00000,0x0000005af5b00000)]
  0x000001eed94a5680 JavaThread "Signal Dispatcher" daemon [_thread_blocked, id=41764, stack(0x0000005af5b00000,0x0000005af5c00000)]
  0x000001eed94a5f50 JavaThread "Attach Listener" daemon [_thread_blocked, id=33344, stack(0x0000005af5c00000,0x0000005af5d00000)]
  0x000001eed94a6820 JavaThread "Service Thread" daemon [_thread_blocked, id=39528, stack(0x0000005af5d00000,0x0000005af5e00000)]
  0x000001eed94a70f0 JavaThread "Monitor Deflation Thread" daemon [_thread_blocked, id=20204, stack(0x0000005af5e00000,0x0000005af5f00000)]
  0x000001eed94aa520 JavaThread "C2 CompilerThread0" daemon [_thread_blocked, id=14828, stack(0x0000005af5f00000,0x0000005af6000000)]
  0x000001eed94aaee0 JavaThread "C1 CompilerThread0" daemon [_thread_blocked, id=18108, stack(0x0000005af6000000,0x0000005af6100000)]
  0x000001eed94ad800 JavaThread "Sweeper thread" daemon [_thread_blocked, id=17196, stack(0x0000005af6100000,0x0000005af6200000)]
  0x000001eed9740d90 JavaThread "JDWP Transport Listener: dt_socket" daemon [_thread_blocked, id=10484, stack(0x0000005af6200000,0x0000005af6300000)]
  0x000001eed9741e70 JavaThread "JDWP Event Helper Thread" daemon [_thread_blocked, id=1200, stack(0x0000005af6300000,0x0000005af6400000)]
  0x000001eed9778170 JavaThread "JDWP Command Reader" daemon [_thread_blocked, id=15412, stack(0x0000005af6400000,0x0000005af6500000)]
  0x000001eed977b1a0 JavaThread "Notification Thread" daemon [_thread_blocked, id=36884, stack(0x0000005af6500000,0x0000005af6600000)]
  0x000001eed9780ff0 JavaThread "Common-Cleaner" daemon [_thread_blocked, id=33492, stack(0x0000005af6700000,0x0000005af6800000)]
  0x000001ef1f0ab770 JavaThread "Java2D Disposer" daemon [_thread_blocked, id=35668, stack(0x0000005af6800000,0x0000005af6900000)]
  0x000001ef1f4db850 JavaThread "HighResTimerThread" daemon [_thread_blocked, id=41600, stack(0x0000005af6c00000,0x0000005af6d00000)]
  0x000001ef214e57e0 JavaThread "main-FPSAWTAnimator#00-Timer0" [_thread_blocked, id=41496, stack(0x0000005af7a00000,0x0000005af7b00000)]
  0x000001ef21079580 JavaThread "DestroyJavaVM" [_thread_blocked, id=33396, stack(0x0000005af5200000,0x0000005af5300000)]
  0x000001ef21079fa0 JavaThread "pool-1-thread-1" [_thread_blocked, id=41616, stack(0x0000005af7c00000,0x0000005af7d00000)]
  0x000001ef21079070 JavaThread "pool-1-thread-2" [_thread_blocked, id=41948, stack(0x0000005af7d00000,0x0000005af7e00000)]
  0x000001ef21078b60 JavaThread "pool-1-thread-3" [_thread_blocked, id=37780, stack(0x0000005af7e00000,0x0000005af7f00000)]
  0x000001ef21078650 JavaThread "pool-1-thread-4" [_thread_blocked, id=37484, stack(0x0000005af7f00000,0x0000005af8000000)]
  0x000001ef323fbcc0 JavaThread "AWT-Shutdown" [_thread_blocked, id=38304, stack(0x0000005af7900000,0x0000005af7a00000)]

Other Threads:
=>0x000001eed94843c0 VMThread "VM Thread" [stack: 0x0000005af5800000,0x0000005af5900000] [id=44924]
  0x000001eebb8ed450 GCTaskThread "GC Thread#0" [stack: 0x0000005af5300000,0x0000005af5400000] [id=33348]
  0x000001ef20e228a0 GCTaskThread "GC Thread#1" [stack: 0x0000005af7000000,0x0000005af7100000] [id=41200]
  0x000001ef20e22b60 GCTaskThread "GC Thread#2" [stack: 0x0000005af7100000,0x0000005af7200000] [id=46304]
  0x000001ef20e22e20 GCTaskThread "GC Thread#3" [stack: 0x0000005af7200000,0x0000005af7300000] [id=44156]
  0x000001ef20e230e0 GCTaskThread "GC Thread#4" [stack: 0x0000005af7300000,0x0000005af7400000] [id=44292]
  0x000001ef20e233a0 GCTaskThread "GC Thread#5" [stack: 0x0000005af7400000,0x0000005af7500000] [id=45120]
  0x000001ef20e54ef0 GCTaskThread "GC Thread#6" [stack: 0x0000005af7500000,0x0000005af7600000] [id=38544]
  0x000001ef20e591c0 GCTaskThread "GC Thread#7" [stack: 0x0000005af7600000,0x0000005af7700000] [id=45060]
  0x000001eebb8f62b0 ConcurrentGCThread "G1 Main Marker" terminated
  0x000001eebb8f78b0 ConcurrentGCThread "G1 Conc#0" [stack: 0x0000005af5500000,0x0000005af5600000] [id=44904]
  0x000001ef320b38e0 ConcurrentGCThread "G1 Conc#1" [stack: 0x0000005af8100000,0x0000005af8200000] [id=15784]
  0x000001eebb95ec10 ConcurrentGCThread "G1 Refine#0" terminated
  0x000001eed9334a10 ConcurrentGCThread "G1 Service" terminated

Threads with active compile tasks:

VM state: at safepoint (shutting down)

VM Mutex/Monitor currently owned by a thread:  ([mutex/lock_event])
[0x000001eebb8a7b40] Threads_lock - owner thread: 0x000001eed94843c0
[0x000001eebb8a7750] Heap_lock - owner thread: 0x000001ef214e57e0

Heap address: 0x00000000c0000000, size: 1024 MB, Compressed Oops mode: 32-bit

CDS archive(s) mapped at: [0x000001eeda000000-0x000001eedabb0000-0x000001eedabb0000), size 12255232, SharedBaseAddress: 0x000001eeda000000, ArchiveRelocationMode: 1.
Compressed class space mapped at: 0x000001eedb000000-0x000001ef1b000000, reserved size: 1073741824
Narrow klass base: 0x000001eeda000000, Narrow klass shift: 0, Narrow klass range: 0x100000000

GC Precious Log:
 CPUs: 8 total, 8 available
 Memory: 7975M
 Large Page Support: Disabled
 NUMA Support: Disabled
 Compressed Oops: Enabled (32-bit)
 Heap Region Size: 1M
 Heap Min Capacity: 64M
 Heap Initial Capacity: 64M
 Heap Max Capacity: 1G
 Pre-touch: Disabled
 Parallel Workers: 8
 Concurrent Workers: 2
 Concurrent Refinement Workers: 8
 Periodic GC: Disabled

Heap:
 garbage-first heap   total 137216K, used 56065K [0x00000000c0000000, 0x0000000100000000)
  region size 1024K, 4 young (4096K), 1 survivors (1024K)
 Metaspace       used 13254K, committed 13504K, reserved 1114112K
  class space    used 919K, committed 1024K, reserved 1048576K

Heap Regions: E=young(eden), S=young(survivor), O=old, HS=humongous(starts), HC=humongous(continues), CS=collection set, F=free, OA=open archive, CA=closed archive, TAMS=top-at-mark-start (previous, next)
|   0|0x00000000c0000000, 0x00000000c0100000, 0x00000000c0100000|100%| O|  |TAMS 0x00000000c0100000, 0x00000000c0000000| Untracked 
|   1|0x00000000c0100000, 0x00000000c0200000, 0x00000000c0200000|100%| O|  |TAMS 0x00000000c0200000, 0x00000000c0100000| Untracked 
|   2|0x00000000c0200000, 0x00000000c0300000, 0x00000000c0300000|100%|HS|  |TAMS 0x00000000c0300000, 0x00000000c0200000| Complete 
|   3|0x00000000c0300000, 0x00000000c0400000, 0x00000000c0400000|100%|HC|  |TAMS 0x00000000c0400000, 0x00000000c0300000| Complete 
|   4|0x00000000c0400000, 0x00000000c0500000, 0x00000000c0500000|100%|HC|  |TAMS 0x00000000c0500000, 0x00000000c0400000| Complete 
|   5|0x00000000c0500000, 0x00000000c0600000, 0x00000000c0600000|100%|HC|  |TAMS 0x00000000c0600000, 0x00000000c0500000| Complete 
|   6|0x00000000c0600000, 0x00000000c0700000, 0x00000000c0700000|100%|HC|  |TAMS 0x00000000c0700000, 0x00000000c0600000| Complete 
|   7|0x00000000c0700000, 0x00000000c0800000, 0x00000000c0800000|100%|HC|  |TAMS 0x00000000c0800000, 0x00000000c0700000| Complete 
|   8|0x00000000c0800000, 0x00000000c0900000, 0x00000000c0900000|100%|HC|  |TAMS 0x00000000c0900000, 0x00000000c0800000| Complete 
|   9|0x00000000c0900000, 0x00000000c0a00000, 0x00000000c0a00000|100%|HC|  |TAMS 0x00000000c0a00000, 0x00000000c0900000| Complete 
|  10|0x00000000c0a00000, 0x00000000c0b00000, 0x00000000c0b00000|100%|HC|  |TAMS 0x00000000c0b00000, 0x00000000c0a00000| Complete 
|  11|0x00000000c0b00000, 0x00000000c0c00000, 0x00000000c0c00000|100%|HS|  |TAMS 0x00000000c0c00000, 0x00000000c0b00000| Complete 
|  12|0x00000000c0c00000, 0x00000000c0d00000, 0x00000000c0d00000|100%|HC|  |TAMS 0x00000000c0d00000, 0x00000000c0c00000| Complete 
|  13|0x00000000c0d00000, 0x00000000c0e00000, 0x00000000c0e00000|100%|HC|  |TAMS 0x00000000c0e00000, 0x00000000c0d00000| Complete 
|  14|0x00000000c0e00000, 0x00000000c0f00000, 0x00000000c0f00000|100%|HS|  |TAMS 0x00000000c0f00000, 0x00000000c0e00000| Complete 
|  15|0x00000000c0f00000, 0x00000000c1000000, 0x00000000c1000000|100%|HC|  |TAMS 0x00000000c1000000, 0x00000000c0f00000| Complete 
|  16|0x00000000c1000000, 0x00000000c1100000, 0x00000000c1100000|100%|HC|  |TAMS 0x00000000c1100000, 0x00000000c1000000| Complete 
|  17|0x00000000c1100000, 0x00000000c1200000, 0x00000000c1200000|100%|HC|  |TAMS 0x00000000c1200000, 0x00000000c1100000| Complete 
|  18|0x00000000c1200000, 0x00000000c1300000, 0x00000000c1300000|100%|HC|  |TAMS 0x00000000c1300000, 0x00000000c1200000| Complete 
|  19|0x00000000c1300000, 0x00000000c1400000, 0x00000000c1400000|100%|HC|  |TAMS 0x00000000c1400000, 0x00000000c1300000| Complete 
|  20|0x00000000c1400000, 0x00000000c1500000, 0x00000000c1500000|100%|HC|  |TAMS 0x00000000c1500000, 0x00000000c1400000| Complete 
|  21|0x00000000c1500000, 0x00000000c1600000, 0x00000000c1600000|100%| O|  |TAMS 0x00000000c1600000, 0x00000000c1500000| Untracked 
|  22|0x00000000c1600000, 0x00000000c1700000, 0x00000000c1700000|100%| O|  |TAMS 0x00000000c1700000, 0x00000000c1600000| Untracked 
|  23|0x00000000c1700000, 0x00000000c1800000, 0x00000000c1800000|100%| O|  |TAMS 0x00000000c1800000, 0x00000000c1700000| Untracked 
|  24|0x00000000c1800000, 0x00000000c1900000, 0x00000000c1900000|100%| O|  |TAMS 0x00000000c1900000, 0x00000000c1800000| Untracked 
|  25|0x00000000c1900000, 0x00000000c1a00000, 0x00000000c1a00000|100%| O|  |TAMS 0x00000000c1a00000, 0x00000000c1900000| Untracked 
|  26|0x00000000c1a00000, 0x00000000c1b00000, 0x00000000c1b00000|100%| O|  |TAMS 0x00000000c1b00000, 0x00000000c1a00000| Untracked 
|  27|0x00000000c1b00000, 0x00000000c1c00000, 0x00000000c1c00000|100%| O|  |TAMS 0x00000000c1c00000, 0x00000000c1b00000| Untracked 
|  28|0x00000000c1c00000, 0x00000000c1d00000, 0x00000000c1d00000|100%| O|  |TAMS 0x00000000c1d00000, 0x00000000c1c00000| Untracked 
|  29|0x00000000c1d00000, 0x00000000c1dd3c00, 0x00000000c1e00000| 82%| O|  |TAMS 0x00000000c1dc7200, 0x00000000c1d00000| Untracked 
|  30|0x00000000c1e00000, 0x00000000c1f00000, 0x00000000c1f00000|100%|HS|  |TAMS 0x00000000c1f00000, 0x00000000c1e00000| Complete 
|  31|0x00000000c1f00000, 0x00000000c2000000, 0x00000000c2000000|100%|HC|  |TAMS 0x00000000c2000000, 0x00000000c1f00000| Complete 
|  32|0x00000000c2000000, 0x00000000c2100000, 0x00000000c2100000|100%|HC|  |TAMS 0x00000000c2100000, 0x00000000c2000000| Complete 
|  33|0x00000000c2100000, 0x00000000c2200000, 0x00000000c2200000|100%|HS|  |TAMS 0x00000000c2200000, 0x00000000c2100000| Complete 
|  34|0x00000000c2200000, 0x00000000c2300000, 0x00000000c2300000|100%|HC|  |TAMS 0x00000000c2300000, 0x00000000c2200000| Complete 
|  35|0x00000000c2300000, 0x00000000c2400000, 0x00000000c2400000|100%|HC|  |TAMS 0x00000000c2400000, 0x00000000c2300000| Complete 
|  36|0x00000000c2400000, 0x00000000c2500000, 0x00000000c2500000|100%|HS|  |TAMS 0x00000000c2500000, 0x00000000c2400000| Complete 
|  37|0x00000000c2500000, 0x00000000c2600000, 0x00000000c2600000|100%|HC|  |TAMS 0x00000000c2600000, 0x00000000c2500000| Complete 
|  38|0x00000000c2600000, 0x00000000c2700000, 0x00000000c2700000|100%|HC|  |TAMS 0x00000000c2700000, 0x00000000c2600000| Complete 
|  39|0x00000000c2700000, 0x00000000c2800000, 0x00000000c2800000|100%|HC|  |TAMS 0x00000000c2800000, 0x00000000c2700000| Complete 
|  40|0x00000000c2800000, 0x00000000c2900000, 0x00000000c2900000|100%|HC|  |TAMS 0x00000000c2900000, 0x00000000c2800000| Complete 
|  41|0x00000000c2900000, 0x00000000c2a00000, 0x00000000c2a00000|100%|HS|  |TAMS 0x00000000c2a00000, 0x00000000c2900000| Complete 
|  42|0x00000000c2a00000, 0x00000000c2b00000, 0x00000000c2b00000|100%|HC|  |TAMS 0x00000000c2b00000, 0x00000000c2a00000| Complete 
|  43|0x00000000c2b00000, 0x00000000c2c00000, 0x00000000c2c00000|100%|HC|  |TAMS 0x00000000c2c00000, 0x00000000c2b00000| Complete 
|  44|0x00000000c2c00000, 0x00000000c2d00000, 0x00000000c2d00000|100%|HS|  |TAMS 0x00000000c2d00000, 0x00000000c2c00000| Complete 
|  45|0x00000000c2d00000, 0x00000000c2e00000, 0x00000000c2e00000|100%|HC|  |TAMS 0x00000000c2e00000, 0x00000000c2d00000| Complete 
|  46|0x00000000c2e00000, 0x00000000c2f00000, 0x00000000c2f00000|100%|HC|  |TAMS 0x00000000c2f00000, 0x00000000c2e00000| Complete 
|  47|0x00000000c2f00000, 0x00000000c3000000, 0x00000000c3000000|100%|HS|  |TAMS 0x00000000c3000000, 0x00000000c2f00000| Complete 
|  48|0x00000000c3000000, 0x00000000c3100000, 0x00000000c3100000|100%|HC|  |TAMS 0x00000000c3100000, 0x00000000c3000000| Complete 
|  49|0x00000000c3100000, 0x00000000c3200000, 0x00000000c3200000|100%|HC|  |TAMS 0x00000000c3200000, 0x00000000c3100000| Complete 
|  50|0x00000000c3200000, 0x00000000c3300000, 0x00000000c3300000|100%|HC|  |TAMS 0x00000000c3300000, 0x00000000c3200000| Complete 
|  51|0x00000000c3300000, 0x00000000c3400000, 0x00000000c3400000|100%|HC|  |TAMS 0x00000000c3400000, 0x00000000c3300000| Complete 
|  52|0x00000000c3400000, 0x00000000c3400000, 0x00000000c3500000|  0%| F|  |TAMS 0x00000000c3400000, 0x00000000c3400000| Untracked 
|  53|0x00000000c3500000, 0x00000000c3500000, 0x00000000c3600000|  0%| F|  |TAMS 0x00000000c3500000, 0x00000000c3500000| Untracked 
|  54|0x00000000c3600000, 0x00000000c3600000, 0x00000000c3700000|  0%| F|  |TAMS 0x00000000c3600000, 0x00000000c3600000| Untracked 
|  55|0x00000000c3700000, 0x00000000c3700000, 0x00000000c3800000|  0%| F|  |TAMS 0x00000000c3700000, 0x00000000c3700000| Untracked 
|  56|0x00000000c3800000, 0x00000000c3800000, 0x00000000c3900000|  0%| F|  |TAMS 0x00000000c3800000, 0x00000000c3800000| Untracked 
|  57|0x00000000c3900000, 0x00000000c3900000, 0x00000000c3a00000|  0%| F|  |TAMS 0x00000000c3900000, 0x00000000c3900000| Untracked 
|  58|0x00000000c3a00000, 0x00000000c3a00000, 0x00000000c3b00000|  0%| F|  |TAMS 0x00000000c3a00000, 0x00000000c3a00000| Untracked 
|  59|0x00000000c3b00000, 0x00000000c3b00000, 0x00000000c3c00000|  0%| F|  |TAMS 0x00000000c3b00000, 0x00000000c3b00000| Untracked 
|  60|0x00000000c3c00000, 0x00000000c3c00000, 0x00000000c3d00000|  0%| F|  |TAMS 0x00000000c3c00000, 0x00000000c3c00000| Untracked 
|  61|0x00000000c3d00000, 0x00000000c3d00000, 0x00000000c3e00000|  0%| F|  |TAMS 0x00000000c3d00000, 0x00000000c3d00000| Untracked 
|  62|0x00000000c3e00000, 0x00000000c3e00000, 0x00000000c3f00000|  0%| F|  |TAMS 0x00000000c3e00000, 0x00000000c3e00000| Untracked 
|  63|0x00000000c3f00000, 0x00000000c3f00000, 0x00000000c4000000|  0%| F|  |TAMS 0x00000000c3f00000, 0x00000000c3f00000| Untracked 
|  64|0x00000000c4000000, 0x00000000c4000000, 0x00000000c4100000|  0%| F|  |TAMS 0x00000000c4000000, 0x00000000c4000000| Untracked 
|  65|0x00000000c4100000, 0x00000000c4100000, 0x00000000c4200000|  0%| F|  |TAMS 0x00000000c4100000, 0x00000000c4100000| Untracked 
|  66|0x00000000c4200000, 0x00000000c4200000, 0x00000000c4300000|  0%| F|  |TAMS 0x00000000c4200000, 0x00000000c4200000| Untracked 
|  67|0x00000000c4300000, 0x00000000c4300000, 0x00000000c4400000|  0%| F|  |TAMS 0x00000000c4300000, 0x00000000c4300000| Untracked 
|  68|0x00000000c4400000, 0x00000000c4400000, 0x00000000c4500000|  0%| F|  |TAMS 0x00000000c4400000, 0x00000000c4400000| Untracked 
|  69|0x00000000c4500000, 0x00000000c45ec8e8, 0x00000000c4600000| 92%| S|CS|TAMS 0x00000000c4500000, 0x00000000c4500000| Complete 
|  70|0x00000000c4600000, 0x00000000c4600000, 0x00000000c4700000|  0%| F|  |TAMS 0x00000000c4600000, 0x00000000c4600000| Untracked 
|  71|0x00000000c4700000, 0x00000000c4700000, 0x00000000c4800000|  0%| F|  |TAMS 0x00000000c4700000, 0x00000000c4700000| Untracked 
|  72|0x00000000c4800000, 0x00000000c4800000, 0x00000000c4900000|  0%| F|  |TAMS 0x00000000c4800000, 0x00000000c4800000| Untracked 
|  73|0x00000000c4900000, 0x00000000c4900000, 0x00000000c4a00000|  0%| F|  |TAMS 0x00000000c4900000, 0x00000000c4900000| Untracked 
|  74|0x00000000c4a00000, 0x00000000c4a00000, 0x00000000c4b00000|  0%| F|  |TAMS 0x00000000c4a00000, 0x00000000c4a00000| Untracked 
|  75|0x00000000c4b00000, 0x00000000c4b00000, 0x00000000c4c00000|  0%| F|  |TAMS 0x00000000c4b00000, 0x00000000c4b00000| Untracked 
|  76|0x00000000c4c00000, 0x00000000c4c00000, 0x00000000c4d00000|  0%| F|  |TAMS 0x00000000c4c00000, 0x00000000c4c00000| Untracked 
|  77|0x00000000c4d00000, 0x00000000c4d00000, 0x00000000c4e00000|  0%| F|  |TAMS 0x00000000c4d00000, 0x00000000c4d00000| Untracked 
|  78|0x00000000c4e00000, 0x00000000c4e00000, 0x00000000c4f00000|  0%| F|  |TAMS 0x00000000c4e00000, 0x00000000c4e00000| Untracked 
|  79|0x00000000c4f00000, 0x00000000c4f00000, 0x00000000c5000000|  0%| F|  |TAMS 0x00000000c4f00000, 0x00000000c4f00000| Untracked 
|  80|0x00000000c5000000, 0x00000000c5000000, 0x00000000c5100000|  0%| F|  |TAMS 0x00000000c5000000, 0x00000000c5000000| Untracked 
|  81|0x00000000c5100000, 0x00000000c5100000, 0x00000000c5200000|  0%| F|  |TAMS 0x00000000c5100000, 0x00000000c5100000| Untracked 
|  82|0x00000000c5200000, 0x00000000c5200000, 0x00000000c5300000|  0%| F|  |TAMS 0x00000000c5200000, 0x00000000c5200000| Untracked 
|  83|0x00000000c5300000, 0x00000000c5300000, 0x00000000c5400000|  0%| F|  |TAMS 0x00000000c5300000, 0x00000000c5300000| Untracked 
|  84|0x00000000c5400000, 0x00000000c5400000, 0x00000000c5500000|  0%| F|  |TAMS 0x00000000c5400000, 0x00000000c5400000| Untracked 
|  85|0x00000000c5500000, 0x00000000c5500000, 0x00000000c5600000|  0%| F|  |TAMS 0x00000000c5500000, 0x00000000c5500000| Untracked 
|  86|0x00000000c5600000, 0x00000000c5600000, 0x00000000c5700000|  0%| F|  |TAMS 0x00000000c5600000, 0x00000000c5600000| Untracked 
|  87|0x00000000c5700000, 0x00000000c5700000, 0x00000000c5800000|  0%| F|  |TAMS 0x00000000c5700000, 0x00000000c5700000| Untracked 
|  88|0x00000000c5800000, 0x00000000c5800000, 0x00000000c5900000|  0%| F|  |TAMS 0x00000000c5800000, 0x00000000c5800000| Untracked 
|  89|0x00000000c5900000, 0x00000000c5900000, 0x00000000c5a00000|  0%| F|  |TAMS 0x00000000c5900000, 0x00000000c5900000| Untracked 
|  90|0x00000000c5a00000, 0x00000000c5a00000, 0x00000000c5b00000|  0%| F|  |TAMS 0x00000000c5a00000, 0x00000000c5a00000| Untracked 
|  91|0x00000000c5b00000, 0x00000000c5b00000, 0x00000000c5c00000|  0%| F|  |TAMS 0x00000000c5b00000, 0x00000000c5b00000| Untracked 
|  92|0x00000000c5c00000, 0x00000000c5c00000, 0x00000000c5d00000|  0%| F|  |TAMS 0x00000000c5c00000, 0x00000000c5c00000| Untracked 
|  93|0x00000000c5d00000, 0x00000000c5d00000, 0x00000000c5e00000|  0%| F|  |TAMS 0x00000000c5d00000, 0x00000000c5d00000| Untracked 
|  94|0x00000000c5e00000, 0x00000000c5e00000, 0x00000000c5f00000|  0%| F|  |TAMS 0x00000000c5e00000, 0x00000000c5e00000| Untracked 
|  95|0x00000000c5f00000, 0x00000000c5f00000, 0x00000000c6000000|  0%| F|  |TAMS 0x00000000c5f00000, 0x00000000c5f00000| Untracked 
|  96|0x00000000c6000000, 0x00000000c6000000, 0x00000000c6100000|  0%| F|  |TAMS 0x00000000c6000000, 0x00000000c6000000| Untracked 
|  97|0x00000000c6100000, 0x00000000c6100000, 0x00000000c6200000|  0%| F|  |TAMS 0x00000000c6100000, 0x00000000c6100000| Untracked 
|  98|0x00000000c6200000, 0x00000000c6200000, 0x00000000c6300000|  0%| F|  |TAMS 0x00000000c6200000, 0x00000000c6200000| Untracked 
|  99|0x00000000c6300000, 0x00000000c6300000, 0x00000000c6400000|  0%| F|  |TAMS 0x00000000c6300000, 0x00000000c6300000| Untracked 
| 100|0x00000000c6400000, 0x00000000c6400000, 0x00000000c6500000|  0%| F|  |TAMS 0x00000000c6400000, 0x00000000c6400000| Untracked 
| 101|0x00000000c6500000, 0x00000000c6500000, 0x00000000c6600000|  0%| F|  |TAMS 0x00000000c6500000, 0x00000000c6500000| Untracked 
| 102|0x00000000c6600000, 0x00000000c6600000, 0x00000000c6700000|  0%| F|  |TAMS 0x00000000c6600000, 0x00000000c6600000| Untracked 
| 103|0x00000000c6700000, 0x00000000c6700000, 0x00000000c6800000|  0%| F|  |TAMS 0x00000000c6700000, 0x00000000c6700000| Untracked 
| 104|0x00000000c6800000, 0x00000000c6800000, 0x00000000c6900000|  0%| F|  |TAMS 0x00000000c6800000, 0x00000000c6800000| Untracked 
| 105|0x00000000c6900000, 0x00000000c6900000, 0x00000000c6a00000|  0%| F|  |TAMS 0x00000000c6900000, 0x00000000c6900000| Untracked 
| 106|0x00000000c6a00000, 0x00000000c6a00000, 0x00000000c6b00000|  0%| F|  |TAMS 0x00000000c6a00000, 0x00000000c6a00000| Untracked 
| 107|0x00000000c6b00000, 0x00000000c6b00000, 0x00000000c6c00000|  0%| F|  |TAMS 0x00000000c6b00000, 0x00000000c6b00000| Untracked 
| 108|0x00000000c6c00000, 0x00000000c6c00000, 0x00000000c6d00000|  0%| F|  |TAMS 0x00000000c6c00000, 0x00000000c6c00000| Untracked 
| 109|0x00000000c6d00000, 0x00000000c6d00000, 0x00000000c6e00000|  0%| F|  |TAMS 0x00000000c6d00000, 0x00000000c6d00000| Untracked 
| 110|0x00000000c6e00000, 0x00000000c6e00000, 0x00000000c6f00000|  0%| F|  |TAMS 0x00000000c6e00000, 0x00000000c6e00000| Untracked 
| 111|0x00000000c6f00000, 0x00000000c6f00000, 0x00000000c7000000|  0%| F|  |TAMS 0x00000000c6f00000, 0x00000000c6f00000| Untracked 
| 112|0x00000000c7000000, 0x00000000c7000000, 0x00000000c7100000|  0%| F|  |TAMS 0x00000000c7000000, 0x00000000c7000000| Untracked 
| 113|0x00000000c7100000, 0x00000000c7100000, 0x00000000c7200000|  0%| F|  |TAMS 0x00000000c7100000, 0x00000000c7100000| Untracked 
| 114|0x00000000c7200000, 0x00000000c7200000, 0x00000000c7300000|  0%| F|  |TAMS 0x00000000c7200000, 0x00000000c7200000| Untracked 
| 115|0x00000000c7300000, 0x00000000c7300000, 0x00000000c7400000|  0%| F|  |TAMS 0x00000000c7300000, 0x00000000c7300000| Untracked 
| 116|0x00000000c7400000, 0x00000000c7400000, 0x00000000c7500000|  0%| F|  |TAMS 0x00000000c7400000, 0x00000000c7400000| Untracked 
| 117|0x00000000c7500000, 0x00000000c7500000, 0x00000000c7600000|  0%| F|  |TAMS 0x00000000c7500000, 0x00000000c7500000| Untracked 
| 118|0x00000000c7600000, 0x00000000c7600000, 0x00000000c7700000|  0%| F|  |TAMS 0x00000000c7600000, 0x00000000c7600000| Untracked 
| 119|0x00000000c7700000, 0x00000000c7700000, 0x00000000c7800000|  0%| F|  |TAMS 0x00000000c7700000, 0x00000000c7700000| Untracked 
| 120|0x00000000c7800000, 0x00000000c7800000, 0x00000000c7900000|  0%| F|  |TAMS 0x00000000c7800000, 0x00000000c7800000| Untracked 
| 121|0x00000000c7900000, 0x00000000c7900000, 0x00000000c7a00000|  0%| F|  |TAMS 0x00000000c7900000, 0x00000000c7900000| Untracked 
| 122|0x00000000c7a00000, 0x00000000c7a00000, 0x00000000c7b00000|  0%| F|  |TAMS 0x00000000c7a00000, 0x00000000c7a00000| Untracked 
| 123|0x00000000c7b00000, 0x00000000c7b00000, 0x00000000c7c00000|  0%| F|  |TAMS 0x00000000c7b00000, 0x00000000c7b00000| Untracked 
| 124|0x00000000c7c00000, 0x00000000c7c00000, 0x00000000c7d00000|  0%| F|  |TAMS 0x00000000c7c00000, 0x00000000c7c00000| Untracked 
| 125|0x00000000c7d00000, 0x00000000c7d00000, 0x00000000c7e00000|  0%| F|  |TAMS 0x00000000c7d00000, 0x00000000c7d00000| Untracked 
| 126|0x00000000c7e00000, 0x00000000c7e00000, 0x00000000c7f00000|  0%| F|  |TAMS 0x00000000c7e00000, 0x00000000c7e00000| Untracked 
| 127|0x00000000c7f00000, 0x00000000c7f00000, 0x00000000c8000000|  0%| F|  |TAMS 0x00000000c7f00000, 0x00000000c7f00000| Untracked 
| 128|0x00000000c8000000, 0x00000000c8000000, 0x00000000c8100000|  0%| F|  |TAMS 0x00000000c8000000, 0x00000000c8000000| Untracked 
| 129|0x00000000c8100000, 0x00000000c8100000, 0x00000000c8200000|  0%| F|  |TAMS 0x00000000c8100000, 0x00000000c8100000| Untracked 
| 130|0x00000000c8200000, 0x00000000c8200000, 0x00000000c8300000|  0%| F|  |TAMS 0x00000000c8200000, 0x00000000c8200000| Untracked 
| 131|0x00000000c8300000, 0x00000000c8400000, 0x00000000c8400000|100%| E|  |TAMS 0x00000000c8300000, 0x00000000c8300000| Complete 
| 132|0x00000000c8400000, 0x00000000c8500000, 0x00000000c8500000|100%| E|CS|TAMS 0x00000000c8400000, 0x00000000c8400000| Complete 
| 133|0x00000000c8500000, 0x00000000c8600000, 0x00000000c8600000|100%| E|CS|TAMS 0x00000000c8500000, 0x00000000c8500000| Complete 

Card table byte_map: [0x000001eed4640000,0x000001eed4840000] _byte_map_base: 0x000001eed4040000

Marking Bits (Prev, Next): (CMBitMap*) 0x000001eebb8ed9c0, (CMBitMap*) 0x000001eebb8ed980
 Prev Bits: [0x000001eed5a40000, 0x000001eed6a40000)
 Next Bits: [0x000001eed4a40000, 0x000001eed5a40000)

Polling page: 0x000001eebb960000

Metaspace:

Usage:
  Non-class:     12.05 MB used.
      Class:    919.25 KB used.
       Both:     12.94 MB used.

Virtual space:
  Non-class space:       64.00 MB reserved,      12.19 MB ( 19%) committed,  1 nodes.
      Class space:        1.00 GB reserved,       1.00 MB ( <1%) committed,  1 nodes.
             Both:        1.06 GB reserved,      13.19 MB (  1%) committed. 

Chunk freelists:
   Non-Class:  3.61 MB
       Class:  14.91 MB
        Both:  18.52 MB

MaxMetaspaceSize: unlimited
CompressedClassSpaceSize: 1.00 GB
Initial GC threshold: 21.00 MB
Current GC threshold: 21.38 MB
CDS: on
MetaspaceReclaimPolicy: balanced
 - commit_granule_bytes: 65536.
 - commit_granule_words: 8192.
 - virtual_space_node_default_size: 8388608.
 - enlarge_chunks_in_place: 1.
 - new_chunks_are_fully_committed: 0.
 - uncommit_free_chunks: 1.
 - use_allocation_guard: 0.
 - handle_deallocations: 1.


Internal statistics:

num_allocs_failed_limit: 0.
num_arena_births: 106.
num_arena_deaths: 0.
num_vsnodes_births: 2.
num_vsnodes_deaths: 0.
num_space_committed: 207.
num_space_uncommitted: 0.
num_chunks_returned_to_freelist: 0.
num_chunks_taken_from_freelist: 394.
num_chunk_merges: 0.
num_chunk_splits: 308.
num_chunks_enlarged: 247.
num_inconsistent_stats: 0.

CodeHeap 'non-profiled nmethods': size=120000Kb used=825Kb max_used=825Kb free=119174Kb
 bounds [0x000001eecc480000, 0x000001eecc6f0000, 0x000001eed39b0000]
CodeHeap 'profiled nmethods': size=120000Kb used=3655Kb max_used=3655Kb free=116344Kb
 bounds [0x000001eec49b0000, 0x000001eec4d50000, 0x000001eecbee0000]
CodeHeap 'non-nmethods': size=5760Kb used=1613Kb max_used=1647Kb free=4146Kb
 bounds [0x000001eecbee0000, 0x000001eecc150000, 0x000001eecc480000]
 total_blobs=2736 nmethods=1798 adapters=851
 compilation: enabled
              stopped_count=0, restarted_count=0
 full_count=0

Compilation events (20 events):
Event: 18.799 Thread 0x000001eed94aaee0 1789       3       Gravity_simul$QuadTree::<init> (28 bytes)
Event: 18.800 Thread 0x000001eed94aaee0 nmethod 1789 0x000001eec4d3d010 code [0x000001eec4d3d1e0, 0x000001eec4d3d508]
Event: 18.824 Thread 0x000001eed94aaee0 1790       3       processing.opengl.PGraphicsOpenGL$TexCache::addTexture (85 bytes)
Event: 18.824 Thread 0x000001eed94aaee0 nmethod 1790 0x000001eec4d3d610 code [0x000001eec4d3d7e0, 0x000001eec4d3dc28]
Event: 18.824 Thread 0x000001eed94aaee0 1791       3       processing.opengl.PGraphicsOpenGL$TexCache::arrayCheck (45 bytes)
Event: 18.824 Thread 0x000001eed94aaee0 nmethod 1791 0x000001eec4d3df10 code [0x000001eec4d3e100, 0x000001eec4d3e3c8]
Event: 18.834 Thread 0x000001eed94aaee0 1792       3       processing.opengl.PJOGL::uniformMatrix4fv (15 bytes)
Event: 18.834 Thread 0x000001eed94aaee0 nmethod 1792 0x000001eec4d3e510 code [0x000001eec4d3e6c0, 0x000001eec4d3e8c8]
Event: 18.834 Thread 0x000001eed94aaee0 1793       3       jogamp.opengl.gl4.GL4bcImpl::glUniformMatrix4fv (91 bytes)
Event: 18.835 Thread 0x000001eed94aaee0 nmethod 1793 0x000001eec4d3e990 code [0x000001eec4d3ec60, 0x000001eec4d3f9e8]
Event: 19.671 Thread 0x000001eed94aa520 1794       4       jogamp.opengl.gl4.GL4bcImpl::glGetError (43 bytes)
Event: 19.671 Thread 0x000001eed94aa520 nmethod 1794 0x000001eecc54df10 code [0x000001eecc54e0a0, 0x000001eecc54e188]
Event: 20.531 Thread 0x000001eed94aa520 1795       4       java.nio.Buffer::position (52 bytes)
Event: 20.531 Thread 0x000001eed94aa520 nmethod 1795 0x000001eecc54e290 code [0x000001eecc54e400, 0x000001eecc54e4d8]
Event: 21.052 Thread 0x000001eed94aaee0 1796       3       java.lang.String::newStringUTF8NoRepl (272 bytes)
Event: 21.053 Thread 0x000001eed94aaee0 nmethod 1796 0x000001eec4d3ff10 code [0x000001eec4d401e0, 0x000001eec4d410a8]
Event: 21.053 Thread 0x000001eed94aaee0 1797       3       jdk.internal.misc.Unsafe::getAndAddLong (27 bytes)
Event: 21.053 Thread 0x000001eed94aaee0 nmethod 1797 0x000001eec4d41610 code [0x000001eec4d417c0, 0x000001eec4d41a08]
Event: 21.053 Thread 0x000001eed94aaee0 1798       3       jdk.internal.misc.Unsafe::weakCompareAndSetLong (11 bytes)
Event: 21.053 Thread 0x000001eed94aaee0 nmethod 1798 0x000001eec4d41b10 code [0x000001eec4d41ca0, 0x000001eec4d41dd8]

GC Heap History (20 events):
Event: 11.175 GC heap before
{Heap before GC invocations=26 (full 0):
 garbage-first heap   total 137216K, used 118043K [0x00000000c0000000, 0x0000000100000000)
  region size 1024K, 64 young (65536K), 2 survivors (2048K)
 Metaspace       used 13089K, committed 13248K, reserved 1114112K
  class space    used 915K, committed 1024K, reserved 1048576K
}
Event: 11.176 GC heap after
{Heap after GC invocations=27 (full 0):
 garbage-first heap   total 137216K, used 54242K [0x00000000c0000000, 0x0000000100000000)
  region size 1024K, 2 young (2048K), 2 survivors (2048K)
 Metaspace       used 13089K, committed 13248K, reserved 1114112K
  class space    used 915K, committed 1024K, reserved 1048576K
}
Event: 12.310 GC heap before
{Heap before GC invocations=27 (full 0):
 garbage-first heap   total 137216K, used 117730K [0x00000000c0000000, 0x0000000100000000)
  region size 1024K, 64 young (65536K), 2 survivors (2048K)
 Metaspace       used 13089K, committed 13248K, reserved 1114112K
  class space    used 915K, committed 1024K, reserved 1048576K
}
Event: 12.311 GC heap after
{Heap after GC invocations=28 (full 0):
 garbage-first heap   total 137216K, used 53812K [0x00000000c0000000, 0x0000000100000000)
  region size 1024K, 1 young (1024K), 1 survivors (1024K)
 Metaspace       used 13089K, committed 13248K, reserved 1114112K
  class space    used 915K, committed 1024K, reserved 1048576K
}
Event: 13.481 GC heap before
{Heap before GC invocations=28 (full 0):
 garbage-first heap   total 137216K, used 119348K [0x00000000c0000000, 0x0000000100000000)
  region size 1024K, 65 young (66560K), 1 survivors (1024K)
 Metaspace       used 13089K, committed 13248K, reserved 1114112K
  class space    used 915K, committed 1024K, reserved 1048576K
}
Event: 13.481 GC heap after
{Heap after GC invocations=29 (full 0):
 garbage-first heap   total 137216K, used 53331K [0x00000000c0000000, 0x0000000100000000)
  region size 1024K, 1 young (1024K), 1 survivors (1024K)
 Metaspace       used 13089K, committed 13248K, reserved 1114112K
  class space    used 915K, committed 1024K, reserved 1048576K
}
Event: 14.560 GC heap before
{Heap before GC invocations=29 (full 0):
 garbage-first heap   total 137216K, used 118867K [0x00000000c0000000, 0x0000000100000000)
  region size 1024K, 65 young (66560K), 1 survivors (1024K)
 Metaspace       used 13169K, committed 13312K, reserved 1114112K
  class space    used 915K, committed 1024K, reserved 1048576K
}
Event: 14.561 GC heap after
{Heap after GC invocations=30 (full 0):
 garbage-first heap   total 137216K, used 54850K [0x00000000c0000000, 0x0000000100000000)
  region size 1024K, 2 young (2048K), 2 survivors (2048K)
 Metaspace       used 13169K, committed 13312K, reserved 1114112K
  class space    used 915K, committed 1024K, reserved 1048576K
}
Event: 15.619 GC heap before
{Heap before GC invocations=30 (full 0):
 garbage-first heap   total 137216K, used 118338K [0x00000000c0000000, 0x0000000100000000)
  region size 1024K, 64 young (65536K), 2 survivors (2048K)
 Metaspace       used 13181K, committed 13376K, reserved 1114112K
  class space    used 915K, committed 1024K, reserved 1048576K
}
Event: 15.620 GC heap after
{Heap after GC invocations=31 (full 0):
 garbage-first heap   total 137216K, used 54810K [0x00000000c0000000, 0x0000000100000000)
  region size 1024K, 2 young (2048K), 2 survivors (2048K)
 Metaspace       used 13181K, committed 13376K, reserved 1114112K
  class space    used 915K, committed 1024K, reserved 1048576K
}
Event: 16.734 GC heap before
{Heap before GC invocations=31 (full 0):
 garbage-first heap   total 137216K, used 118298K [0x00000000c0000000, 0x0000000100000000)
  region size 1024K, 64 young (65536K), 2 survivors (2048K)
 Metaspace       used 13181K, committed 13376K, reserved 1114112K
  class space    used 915K, committed 1024K, reserved 1048576K
}
Event: 16.735 GC heap after
{Heap after GC invocations=32 (full 0):
 garbage-first heap   total 137216K, used 54982K [0x00000000c0000000, 0x0000000100000000)
  region size 1024K, 2 young (2048K), 2 survivors (2048K)
 Metaspace       used 13181K, committed 13376K, reserved 1114112K
  class space    used 915K, committed 1024K, reserved 1048576K
}
Event: 17.817 GC heap before
{Heap before GC invocations=32 (full 0):
 garbage-first heap   total 137216K, used 118470K [0x00000000c0000000, 0x0000000100000000)
  region size 1024K, 64 young (65536K), 2 survivors (2048K)
 Metaspace       used 13181K, committed 13376K, reserved 1114112K
  class space    used 915K, committed 1024K, reserved 1048576K
}
Event: 17.818 GC heap after
{Heap after GC invocations=33 (full 0):
 garbage-first heap   total 137216K, used 54953K [0x00000000c0000000, 0x0000000100000000)
  region size 1024K, 2 young (2048K), 2 survivors (2048K)
 Metaspace       used 13181K, committed 13376K, reserved 1114112K
  class space    used 915K, committed 1024K, reserved 1048576K
}
Event: 18.877 GC heap before
{Heap before GC invocations=33 (full 0):
 garbage-first heap   total 137216K, used 118441K [0x00000000c0000000, 0x0000000100000000)
  region size 1024K, 64 young (65536K), 2 survivors (2048K)
 Metaspace       used 13210K, committed 13376K, reserved 1114112K
  class space    used 915K, committed 1024K, reserved 1048576K
}
Event: 18.878 GC heap after
{Heap after GC invocations=34 (full 0):
 garbage-first heap   total 137216K, used 54774K [0x00000000c0000000, 0x0000000100000000)
  region size 1024K, 2 young (2048K), 2 survivors (2048K)
 Metaspace       used 13210K, committed 13376K, reserved 1114112K
  class space    used 915K, committed 1024K, reserved 1048576K
}
Event: 19.924 GC heap before
{Heap before GC invocations=34 (full 0):
 garbage-first heap   total 137216K, used 118262K [0x00000000c0000000, 0x0000000100000000)
  region size 1024K, 64 young (65536K), 2 survivors (2048K)
 Metaspace       used 13210K, committed 13376K, reserved 1114112K
  class space    used 915K, committed 1024K, reserved 1048576K
}
Event: 19.925 GC heap after
{Heap after GC invocations=35 (full 0):
 garbage-first heap   total 137216K, used 54252K [0x00000000c0000000, 0x0000000100000000)
  region size 1024K, 2 young (2048K), 2 survivors (2048K)
 Metaspace       used 13210K, committed 13376K, reserved 1114112K
  class space    used 915K, committed 1024K, reserved 1048576K
}
Event: 20.987 GC heap before
{Heap before GC invocations=35 (full 0):
 garbage-first heap   total 137216K, used 117740K [0x00000000c0000000, 0x0000000100000000)
  region size 1024K, 64 young (65536K), 2 survivors (2048K)
 Metaspace       used 13210K, committed 13376K, reserved 1114112K
  class space    used 915K, committed 1024K, reserved 1048576K
}
Event: 20.988 GC heap after
{Heap after GC invocations=36 (full 0):
 garbage-first heap   total 137216K, used 54017K [0x00000000c0000000, 0x0000000100000000)
  region size 1024K, 1 young (1024K), 1 survivors (1024K)
 Metaspace       used 13210K, committed 13376K, reserved 1114112K
  class space    used 915K, committed 1024K, reserved 1048576K
}

Dll operation events (14 events):
Event: 0.005 Loaded shared library C:\Program Files\Processing\app\resources\jdk-17.0.14+7\bin\java.dll
Event: 0.016 Loaded shared library C:\Program Files\Processing\app\resources\jdk-17.0.14+7\bin\jsvml.dll
Event: 0.083 Loaded shared library C:\Program Files\Processing\app\resources\jdk-17.0.14+7\bin\net.dll
Event: 0.084 Loaded shared library C:\Program Files\Processing\app\resources\jdk-17.0.14+7\bin\nio.dll
Event: 0.086 Loaded shared library C:\Program Files\Processing\app\resources\jdk-17.0.14+7\bin\zip.dll
Event: 0.121 Loaded shared library C:\Program Files\Processing\app\resources\jdk-17.0.14+7\bin\jimage.dll
Event: 0.124 Loaded shared library C:\Program Files\Processing\app\resources\jdk-17.0.14+7\bin\awt.dll
Event: 0.370 Loaded shared library C:\Users\danil\AppData\Local\Temp\jogamp_0000\file_cache\jln4934631928756397267\jln11664850425924434137\natives\windows-amd64\gluegen_rt.dll
Event: 0.377 Loaded shared library C:\Program Files\Processing\app\resources\jdk-17.0.14+7\bin\jawt.dll
Event: 0.387 Loaded shared library C:\Users\danil\AppData\Local\Temp\jogamp_0000\file_cache\jln4934631928756397267\jln11664850425924434137\natives\windows-amd64\nativewindow_awt.dll
Event: 0.411 Loaded shared library C:\Users\danil\AppData\Local\Temp\jogamp_0000\file_cache\jln4934631928756397267\jln11664850425924434137\natives\windows-amd64\nativewindow_win32.dll
Event: 0.485 Loaded shared library C:\Users\danil\AppData\Local\Temp\jogamp_0000\file_cache\jln4934631928756397267\jln11664850425924434137\natives\windows-amd64\jogl_desktop.dll
Event: 0.642 Loaded shared library C:\Users\danil\AppData\Local\Temp\jogamp_0000\file_cache\jln4934631928756397267\jln11664850425924434137\natives\windows-amd64\jogl_mobile.dll
Event: 1.390 Loaded shared library C:\Users\danil\AppData\Local\Temp\jogamp_0000\file_cache\jln4934631928756397267\jln11664850425924434137\natives\windows-amd64\newt_head.dll

Deoptimization events (20 events):
Event: 20.943 Thread 0x000001ef214e57e0 DEOPT PACKING pc=0x000001eec4c83174 sp=0x0000005af7afee90
Event: 20.943 Thread 0x000001ef214e57e0 DEOPT UNPACKING pc=0x000001eecbf3ace3 sp=0x0000005af7afe338 mode 1
Event: 20.984 Thread 0x000001ef214e57e0 DEOPT PACKING pc=0x000001eec4c857c1 sp=0x0000005af7afed70
Event: 20.984 Thread 0x000001ef214e57e0 DEOPT UNPACKING pc=0x000001eecbf3ace3 sp=0x0000005af7afe260 mode 1
Event: 20.984 Thread 0x000001ef214e57e0 DEOPT PACKING pc=0x000001eec4c83174 sp=0x0000005af7afee00
Event: 20.984 Thread 0x000001ef214e57e0 DEOPT UNPACKING pc=0x000001eecbf3ace3 sp=0x0000005af7afe2a8 mode 1
Event: 20.984 Thread 0x000001ef214e57e0 DEOPT PACKING pc=0x000001eec4c857c1 sp=0x0000005af7afee00
Event: 20.984 Thread 0x000001ef214e57e0 DEOPT UNPACKING pc=0x000001eecbf3ace3 sp=0x0000005af7afe2f0 mode 1
Event: 20.984 Thread 0x000001ef214e57e0 DEOPT PACKING pc=0x000001eec4c83174 sp=0x0000005af7afee90
Event: 20.984 Thread 0x000001ef214e57e0 DEOPT UNPACKING pc=0x000001eecbf3ace3 sp=0x0000005af7afe338 mode 1
Event: 21.046 Thread 0x000001ef1f4d9010 Uncommon trap: trap_request=0xffffff45 fr.pc=0x000001eecc549100 relative=0x00000000000000e0
Event: 21.046 Thread 0x000001ef1f4d9010 Uncommon trap: reason=unstable_if action=reinterpret pc=0x000001eecc549100 method=java.util.HashMap$HashIterator.<init>(Ljava/util/HashMap;)V @ 38 c2
Event: 21.046 Thread 0x000001ef1f4d9010 DEOPT PACKING pc=0x000001eecc549100 sp=0x0000005af6dff400
Event: 21.046 Thread 0x000001ef1f4d9010 DEOPT UNPACKING pc=0x000001eecbf3a1a3 sp=0x0000005af6dff2e0 mode 2
Event: 21.049 Thread 0x000001ef1f4d9010 Uncommon trap: trap_request=0xffffff45 fr.pc=0x000001eecc538170 relative=0x00000000000000f0
Event: 21.049 Thread 0x000001ef1f4d9010 Uncommon trap: reason=unstable_if action=reinterpret pc=0x000001eecc538170 method=com.jogamp.common.util.IntIntHashMap.put(II)I @ 21 c2
Event: 21.049 Thread 0x000001ef1f4d9010 DEOPT PACKING pc=0x000001eecc538170 sp=0x0000005af6dff110
Event: 21.049 Thread 0x000001ef1f4d9010 DEOPT UNPACKING pc=0x000001eecbf3a1a3 sp=0x0000005af6dff078 mode 2
Event: 21.052 Thread 0x000001ef21079a90 DEOPT PACKING pc=0x000001eec4ae1e17 sp=0x0000005af78fe3c0
Event: 21.052 Thread 0x000001ef21079a90 DEOPT UNPACKING pc=0x000001eecbf3ace3 sp=0x0000005af78fd820 mode 0

Classes loaded (20 events):
Event: 1.524 Loading class java/util/concurrent/Callable done
Event: 1.524 Loading class java/util/concurrent/Executors$RunnableAdapter done
Event: 1.524 Loading class java/util/concurrent/ThreadPoolExecutor$Worker
Event: 1.524 Loading class java/util/concurrent/ThreadPoolExecutor$Worker done
Event: 1.525 Loading class java/util/concurrent/locks/AbstractQueuedSynchronizer$SharedNode
Event: 1.525 Loading class java/util/concurrent/locks/AbstractQueuedSynchronizer$SharedNode done
Event: 1.611 Loading class sun/nio/cs/StreamDecoder
Event: 1.611 Loading class sun/nio/cs/StreamDecoder done
Event: 1.611 Loading class java/util/regex/Pattern$LookBehindEndNode
Event: 1.611 Loading class java/util/regex/Pattern$LookBehindEndNode done
Event: 1.611 Loading class java/util/regex/Pattern$NotBehind
Event: 1.611 Loading class java/util/regex/Pattern$NotBehind done
Event: 1.612 Loading class java/util/regex/Pattern$Neg
Event: 1.612 Loading class java/util/regex/Pattern$Neg done
Event: 1.612 Loading class java/util/regex/Pattern$Pos
Event: 1.612 Loading class java/util/regex/Pattern$Pos done
Event: 1.619 Loading class java/util/regex/Pattern$SliceS
Event: 1.619 Loading class java/util/regex/Pattern$SliceS done
Event: 21.026 Loading class java/nio/channels/ClosedChannelException
Event: 21.026 Loading class java/nio/channels/ClosedChannelException done

Classes unloaded (0 events):
No events

Classes redefined (0 events):
No events

Internal exceptions (20 events):
Event: 0.111 Thread 0x000001eebb8abd40 Exception <a 'java/lang/NoSuchMethodError'{0x00000000c3ce4f40}: 'void java.lang.invoke.DirectMethodHandle$Holder.invokeStatic(java.lang.Object, java.lang.Object, java.lang.Object)'> (0x00000000c3ce4f40) 
thrown [s\src\hotspot\share\interpreter\linkResolver.cpp, line 759]
Event: 0.117 Thread 0x000001eebb8abd40 Exception <a 'java/lang/ClassNotFoundException'{0x00000000c3b0cd08}: sun/awt/resources/spi/awtProvider> (0x00000000c3b0cd08) 
thrown [s\src\hotspot\share\classfile\systemDictionary.cpp, line 256]
Event: 0.130 Thread 0x000001eebb8abd40 Exception <a 'java/io/FileNotFoundException'{0x00000000c3b62648}> (0x00000000c3b62648) 
thrown [s\src\hotspot\share\prims\jni.cpp, line 516]
Event: 0.134 Thread 0x000001eebb8abd40 Exception <a 'java/io/FileNotFoundException'{0x00000000c3b8fb58}> (0x00000000c3b8fb58) 
thrown [s\src\hotspot\share\prims\jni.cpp, line 516]
Event: 0.160 Thread 0x000001eebb8abd40 Exception <a 'java/lang/NoSuchMethodError'{0x00000000c3a3cd60}: 'java.lang.Object java.lang.invoke.DirectMethodHandle$Holder.invokeStaticInit(java.lang.Object)'> (0x00000000c3a3cd60) 
thrown [s\src\hotspot\share\interpreter\linkResolver.cpp, line 759]
Event: 0.242 Thread 0x000001eebb8abd40 Exception <a 'java/lang/NoSuchMethodError'{0x00000000c364a050}: 'java.lang.Object java.lang.invoke.DirectMethodHandle$Holder.invokeStaticInit(java.lang.Object, int, int, int, int)'> (0x00000000c364a050) 
thrown [s\src\hotspot\share\interpreter\linkResolver.cpp, line 759]
Event: 0.275 Thread 0x000001eebb8abd40 Exception <a 'java/lang/NoSuchMethodError'{0x00000000c3532f90}: 'java.lang.Object java.lang.invoke.DirectMethodHandle$Holder.invokeStaticInit(java.lang.Object, java.lang.Object, int, int, int, int)'> (0x00000000c3532f90) 
thrown [s\src\hotspot\share\interpreter\linkResolver.cpp, line 759]
Event: 0.294 Thread 0x000001eebb8abd40 Exception <a 'java/lang/NoSuchMethodError'{0x00000000c353e630}: 'void java.lang.invoke.DirectMethodHandle$Holder.invokeStatic(java.lang.Object, long)'> (0x00000000c353e630) 
thrown [s\src\hotspot\share\interpreter\linkResolver.cpp, line 759]
Event: 0.295 Thread 0x000001eebb8abd40 Exception <a 'java/lang/NoSuchMethodError'{0x00000000c3543c10}: 'java.lang.Object java.lang.invoke.DirectMethodHandle$Holder.newInvokeSpecial(java.lang.Object, long)'> (0x00000000c3543c10) 
thrown [s\src\hotspot\share\interpreter\linkResolver.cpp, line 759]
Event: 0.297 Thread 0x000001eebb8abd40 Exception <a 'java/lang/NoSuchMethodError'{0x00000000c354e428}: 'java.lang.Object java.lang.invoke.DirectMethodHandle$Holder.invokeStaticInit(java.lang.Object, java.lang.Object, long, java.lang.Object)'> (0x00000000c354e428) 
thrown [s\src\hotspot\share\interpreter\linkResolver.cpp, line 759]
Event: 0.297 Thread 0x000001eebb8abd40 Exception <a 'java/lang/NoSuchMethodError'{0x00000000c35549e8}: 'java.lang.Object java.lang.invoke.DirectMethodHandle$Holder.newInvokeSpecial(java.lang.Object, java.lang.Object, long)'> (0x00000000c35549e8) 
thrown [s\src\hotspot\share\interpreter\linkResolver.cpp, line 759]
Event: 0.297 Thread 0x000001eebb8abd40 Exception <a 'java/lang/NoSuchMethodError'{0x00000000c3558558}: 'java.lang.Object java.lang.invoke.Invokers$Holder.linkToTargetMethod(java.lang.Object, long, java.lang.Object)'> (0x00000000c3558558) 
thrown [s\src\hotspot\share\interpreter\linkResolver.cpp, line 759]
Event: 0.396 Thread 0x000001eebb8abd40 Exception <a 'java/lang/NoSuchMethodError'{0x00000000c34c9f50}: 'java.lang.Object java.lang.invoke.DirectMethodHandle$Holder.invokeInterface(java.lang.Object, java.lang.Object)'> (0x00000000c34c9f50) 
thrown [s\src\hotspot\share\interpreter\linkResolver.cpp, line 759]
Event: 0.396 Thread 0x000001eebb8abd40 Exception <a 'java/lang/IncompatibleClassChangeError'{0x00000000c34cd870}: Found class java.lang.Object, but interface was expected> (0x00000000c34cd870) 
thrown [s\src\hotspot\share\interpreter\linkResolver.cpp, line 826]
Event: 1.453 Thread 0x000001eebb8abd40 Exception <a 'java/lang/NoSuchMethodError'{0x00000000c339a7e8}: 'void java.lang.invoke.DirectMethodHandle$Holder.invokeSpecial(java.lang.Object, java.lang.Object, java.lang.Object, java.lang.Object, java.lang.Object)'> (0x00000000c339a7e8) 
thrown [s\src\hotspot\share\interpreter\linkResolver.cpp, line 759]
Event: 1.454 Thread 0x000001eebb8abd40 Exception <a 'java/lang/NoSuchMethodError'{0x00000000c33a37a8}: 'void java.lang.invoke.DirectMethodHandle$Holder.invokeSpecial(java.lang.Object, java.lang.Object, java.lang.Object)'> (0x00000000c33a37a8) 
thrown [s\src\hotspot\share\interpreter\linkResolver.cpp, line 759]
Event: 1.454 Thread 0x000001eebb8abd40 Exception <a 'java/lang/NoSuchMethodError'{0x00000000c33a9ad8}: 'void java.lang.invoke.DirectMethodHandle$Holder.invokeSpecial(java.lang.Object, java.lang.Object, int)'> (0x00000000c33a9ad8) 
thrown [s\src\hotspot\share\interpreter\linkResolver.cpp, line 759]
Event: 1.455 Thread 0x000001eebb8abd40 Exception <a 'java/lang/NoSuchMethodError'{0x00000000c33afaf0}: 'java.lang.Object java.lang.invoke.DirectMethodHandle$Holder.newInvokeSpecial(java.lang.Object, java.lang.Object, int)'> (0x00000000c33afaf0) 
thrown [s\src\hotspot\share\interpreter\linkResolver.cpp, line 759]
Event: 21.025 Thread 0x000001ef210812f0 Exception <a 'java/lang/InterruptedException'{0x00000000c8483718}> (0x00000000c8483718) 
thrown [s\src\hotspot\share\runtime\objectMonitor.cpp, line 1658]
Event: 21.049 Thread 0x000001ef1f4d9010 Implicit null exception at 0x000001eecc5380c4 to 0x000001eecc53814c

VM Operations (20 events):
Event: 14.561 Executing VM operation: G1CollectForAllocation done
Event: 15.561 Executing VM operation: Cleanup
Event: 15.561 Executing VM operation: Cleanup done
Event: 15.619 Executing VM operation: G1CollectForAllocation
Event: 15.620 Executing VM operation: G1CollectForAllocation done
Event: 16.621 Executing VM operation: Cleanup
Event: 16.621 Executing VM operation: Cleanup done
Event: 16.734 Executing VM operation: G1CollectForAllocation
Event: 16.735 Executing VM operation: G1CollectForAllocation done
Event: 17.735 Executing VM operation: Cleanup
Event: 17.736 Executing VM operation: Cleanup done
Event: 17.817 Executing VM operation: G1CollectForAllocation
Event: 17.818 Executing VM operation: G1CollectForAllocation done
Event: 18.877 Executing VM operation: G1CollectForAllocation
Event: 18.878 Executing VM operation: G1CollectForAllocation done
Event: 19.924 Executing VM operation: G1CollectForAllocation
Event: 19.925 Executing VM operation: G1CollectForAllocation done
Event: 20.987 Executing VM operation: G1CollectForAllocation
Event: 20.988 Executing VM operation: G1CollectForAllocation done
Event: 21.129 Executing VM operation: Exit

Memory protections (0 events):
No events

Nmethod flushes (0 events):
No events

Events (20 events):
Event: 1.456 Thread 0x000001ef21079580 Thread added: 0x000001ef21079580
Event: 1.525 Thread 0x000001ef214e57e0 Thread added: 0x000001ef21079fa0
Event: 1.525 Thread 0x000001ef214e57e0 Thread added: 0x000001ef21079070
Event: 1.525 Thread 0x000001ef214e57e0 Thread added: 0x000001ef21078b60
Event: 1.525 Thread 0x000001ef214e57e0 Thread added: 0x000001ef21078650
Event: 1.526 Thread 0x000001eed94aaee0 Thread added: 0x000001ef21abe8a0
Event: 1.913 Thread 0x000001ef21abe8a0 Thread exited: 0x000001ef21abe8a0
Event: 1.944 Thread 0x000001ef1f6f53f0 Thread exited: 0x000001ef1f6f53f0
Event: 21.025 Thread 0x000001ef214e57e0 Thread added: 0x000001ef21079a90
Event: 21.025 Thread 0x000001ef214e57e0 Thread added: 0x000001ef323fe540
Event: 21.025 Thread 0x000001ef214e57e0 Thread added: 0x000001ef323fd610
Event: 21.025 Thread 0x000001ef210812f0 Thread exited: 0x000001ef210812f0
Event: 21.026 Thread 0x000001ef1f5a1610 Thread exited: 0x000001ef1f5a1610
Event: 21.026 Thread 0x000001ef323fd610 Thread exited: 0x000001ef323fd610
Event: 21.026 Thread 0x000001ef1f0ae140 Thread added: 0x000001ef323fbcc0
Event: 21.029 Thread 0x000001ef1f0ae140 Thread exited: 0x000001ef1f0ae140
Event: 21.050 Thread 0x000001ef1f4d9010 Thread exited: 0x000001ef1f4d9010
Event: 21.053 Thread 0x000001ef21079a90 Thread exited: 0x000001ef21079a90
Event: 21.128 Thread 0x000001ef323fe540 Thread exited: 0x000001ef323fe540
Event: 21.128 Thread 0x000001ef214e57e0 Before exit entered


Dynamic libraries:
0x00007ff7c9de0000 - 0x00007ff7c9dee000 	C:\Program Files\Processing\app\resources\jdk-17.0.14+7\bin\java.exe
0x00007ffa7da60000 - 0x00007ffa7dcc7000 	C:\WINDOWS\SYSTEM32\ntdll.dll
0x00007ffa7c020000 - 0x00007ffa7c0e9000 	C:\WINDOWS\System32\KERNEL32.DLL
0x00007ffa7a540000 - 0x00007ffa7a937000 	C:\WINDOWS\System32\KERNELBASE.dll
0x00007ffa7ab20000 - 0x00007ffa7ac6b000 	C:\WINDOWS\System32\ucrtbase.dll
0x00007ffa4d920000 - 0x00007ffa4d937000 	C:\Program Files\Processing\app\resources\jdk-17.0.14+7\bin\jli.dll
0x00007ffa4d900000 - 0x00007ffa4d91e000 	C:\Program Files\Processing\app\resources\jdk-17.0.14+7\bin\VCRUNTIME140.dll
0x00007ffa7bdd0000 - 0x00007ffa7bf96000 	C:\WINDOWS\System32\USER32.dll
0x00007ffa7b630000 - 0x00007ffa7b657000 	C:\WINDOWS\System32\win32u.dll
0x00007ffa61590000 - 0x00007ffa61822000 	C:\WINDOWS\WinSxS\amd64_microsoft.windows.common-controls_6595b64144ccf1df_6.0.26100.8457_none_3e0b2faee331e92d\COMCTL32.dll
0x00007ffa7cc40000 - 0x00007ffa7cc6b000 	C:\WINDOWS\System32\GDI32.dll
0x00007ffa7b7e0000 - 0x00007ffa7b889000 	C:\WINDOWS\System32\msvcrt.dll
0x00007ffa7a940000 - 0x00007ffa7aa6c000 	C:\WINDOWS\System32\gdi32full.dll
0x00007ffa7a490000 - 0x00007ffa7a533000 	C:\WINDOWS\System32\msvcp_win.dll
0x00007ffa7ba00000 - 0x00007ffa7ba32000 	C:\WINDOWS\System32\IMM32.DLL
0x00007ffa73680000 - 0x00007ffa7368c000 	C:\Program Files\Processing\app\resources\jdk-17.0.14+7\bin\vcruntime140_1.dll
0x00007ffa457d0000 - 0x00007ffa4585d000 	C:\Program Files\Processing\app\resources\jdk-17.0.14+7\bin\msvcp140.dll
0x00007ff9b1440000 - 0x00007ff9b20ab000 	C:\Program Files\Processing\app\resources\jdk-17.0.14+7\bin\server\jvm.dll
0x00007ffa7d380000 - 0x00007ffa7d436000 	C:\WINDOWS\System32\ADVAPI32.dll
0x00007ffa7d450000 - 0x00007ffa7d4f7000 	C:\WINDOWS\System32\sechost.dll
0x00007ffa7d610000 - 0x00007ffa7d728000 	C:\WINDOWS\System32\RPCRT4.dll
0x00007ffa7d500000 - 0x00007ffa7d580000 	C:\WINDOWS\System32\WS2_32.dll
0x00007ffa7a310000 - 0x00007ffa7a36e000 	C:\WINDOWS\SYSTEM32\POWRPROF.dll
0x00007ffa704a0000 - 0x00007ffa704ab000 	C:\WINDOWS\SYSTEM32\VERSION.dll
0x00007ffa61e60000 - 0x00007ffa61e96000 	C:\WINDOWS\SYSTEM32\WINMM.dll
0x00007ffa7a2f0000 - 0x00007ffa7a304000 	C:\WINDOWS\SYSTEM32\UMPDC.dll
0x00007ffa79220000 - 0x00007ffa7923b000 	C:\WINDOWS\SYSTEM32\kernel.appcore.dll
0x00007ffa6a5b0000 - 0x00007ffa6a5ba000 	C:\Program Files\Processing\app\resources\jdk-17.0.14+7\bin\jimage.dll
0x00007ffa72470000 - 0x00007ffa726b2000 	C:\WINDOWS\SYSTEM32\DBGHELP.DLL
0x00007ffa7c870000 - 0x00007ffa7cbf3000 	C:\WINDOWS\System32\combase.dll
0x00007ffa7bc30000 - 0x00007ffa7bd09000 	C:\WINDOWS\System32\OLEAUT32.dll
0x00007ffa410a0000 - 0x00007ffa410db000 	C:\WINDOWS\SYSTEM32\dbgcore.DLL
0x00007ffa7aa70000 - 0x00007ffa7ab18000 	C:\WINDOWS\System32\bcryptPrimitives.dll
0x00007ffa478a0000 - 0x00007ffa478db000 	C:\Program Files\Processing\app\resources\jdk-17.0.14+7\bin\jdwp.dll
0x00007ffa4c330000 - 0x00007ffa4c355000 	C:\Program Files\Processing\app\resources\jdk-17.0.14+7\bin\java.dll
0x00007ffa41a00000 - 0x00007ffa41ad7000 	C:\Program Files\Processing\app\resources\jdk-17.0.14+7\bin\jsvml.dll
0x00007ffa7c0f0000 - 0x00007ffa7c85e000 	C:\WINDOWS\System32\SHELL32.dll
0x00007ffa7ac70000 - 0x00007ffa7b4dc000 	C:\WINDOWS\System32\windows.storage.dll
0x00007ffa7d730000 - 0x00007ffa7d826000 	C:\WINDOWS\System32\SHCORE.dll
0x00007ffa7d210000 - 0x00007ffa7d276000 	C:\WINDOWS\System32\shlwapi.dll
0x00007ffa7a3b0000 - 0x00007ffa7a3d9000 	C:\WINDOWS\SYSTEM32\profapi.dll
0x00007ffa4d410000 - 0x00007ffa4d41c000 	C:\Program Files\Processing\app\resources\jdk-17.0.14+7\bin\dt_socket.dll
0x00007ffa78c30000 - 0x00007ffa78c62000 	C:\WINDOWS\SYSTEM32\IPHLPAPI.DLL
0x00007ffa79790000 - 0x00007ffa797fc000 	C:\WINDOWS\system32\mswsock.dll
0x00007ffa4ce10000 - 0x00007ffa4ce29000 	C:\Program Files\Processing\app\resources\jdk-17.0.14+7\bin\net.dll
0x00007ffa775b0000 - 0x00007ffa776d9000 	C:\WINDOWS\SYSTEM32\WINHTTP.dll
0x00007ffa4cd70000 - 0x00007ffa4cd86000 	C:\Program Files\Processing\app\resources\jdk-17.0.14+7\bin\nio.dll
0x00007ffa47880000 - 0x00007ffa47898000 	C:\Program Files\Processing\app\resources\jdk-17.0.14+7\bin\zip.dll
0x00007ff9ec9a0000 - 0x00007ff9ecb30000 	C:\Program Files\Processing\app\resources\jdk-17.0.14+7\bin\awt.dll
0x00007ffa76060000 - 0x00007ffa76100000 	C:\WINDOWS\SYSTEM32\apphelp.dll
0x00007ffa77ee0000 - 0x00007ffa77f8a000 	C:\WINDOWS\system32\uxtheme.dll
0x00007ffa7b890000 - 0x00007ffa7b9ec000 	C:\WINDOWS\System32\MSCTF.dll
0x00007ffa7ba40000 - 0x00007ffa7bbd7000 	C:\WINDOWS\System32\ole32.dll
0x00007ffa781d0000 - 0x00007ffa781ff000 	C:\WINDOWS\system32\DWMAPI.DLL
0x00007ffa33d40000 - 0x00007ffa33e4f000 	C:\WINDOWS\system32\opengl32.dll
0x00007ffa36620000 - 0x00007ffa3664d000 	C:\WINDOWS\SYSTEM32\GLU32.dll
0x00007ffa77ff0000 - 0x00007ffa78035000 	C:\WINDOWS\SYSTEM32\dxcore.dll
0x00007ffa79a70000 - 0x00007ffa79a8b000 	C:\WINDOWS\SYSTEM32\CRYPTSP.dll
0x00007ffa79180000 - 0x00007ffa791b9000 	C:\WINDOWS\system32\rsaenh.dll
0x00007ffa79840000 - 0x00007ffa79873000 	C:\WINDOWS\SYSTEM32\USERENV.dll
0x00007ffa7a380000 - 0x00007ffa7a3aa000 	C:\WINDOWS\SYSTEM32\bcrypt.dll
0x00007ffa79a90000 - 0x00007ffa79a9c000 	C:\WINDOWS\SYSTEM32\CRYPTBASE.dll
0x00007ffa7cc00000 - 0x00007ffa7cc0a000 	C:\WINDOWS\System32\NSI.dll
0x00007ffa77800000 - 0x00007ffa7781d000 	C:\WINDOWS\SYSTEM32\dhcpcsvc6.DLL
0x00007ffa77750000 - 0x00007ffa77775000 	C:\WINDOWS\SYSTEM32\dhcpcsvc.DLL
0x00007ffa78ce0000 - 0x00007ffa78e12000 	C:\WINDOWS\SYSTEM32\DNSAPI.dll
0x00007ffa44850000 - 0x00007ffa44863000 	C:\Users\danil\AppData\Local\Temp\jogamp_0000\file_cache\jln4934631928756397267\jln11664850425924434137\natives\windows-amd64\gluegen_rt.dll
0x00007ffa4d400000 - 0x00007ffa4d407000 	C:\Program Files\Processing\app\resources\jdk-17.0.14+7\bin\jawt.dll
0x00007ffa4cd50000 - 0x00007ffa4cd5d000 	C:\Users\danil\AppData\Local\Temp\jogamp_0000\file_cache\jln4934631928756397267\jln11664850425924434137\natives\windows-amd64\nativewindow_awt.dll
0x00007ffa419e0000 - 0x00007ffa419f5000 	C:\Users\danil\AppData\Local\Temp\jogamp_0000\file_cache\jln4934631928756397267\jln11664850425924434137\natives\windows-amd64\nativewindow_win32.dll
0x00007ffa3fac0000 - 0x00007ffa3fb43000 	C:\Users\danil\AppData\Local\Temp\jogamp_0000\file_cache\jln4934631928756397267\jln11664850425924434137\natives\windows-amd64\jogl_desktop.dll
0x00007ffa24380000 - 0x00007ffa243d2000 	C:\Users\danil\AppData\Local\Temp\jogamp_0000\file_cache\jln4934631928756397267\jln11664850425924434137\natives\windows-amd64\jogl_mobile.dll
0x00007ffa73470000 - 0x00007ffa734d1000 	C:\WINDOWS\SYSTEM32\directxdatabasehelper.dll
0x00007ffa665e0000 - 0x00007ffa665fd000 	C:\WINDOWS\SYSTEM32\windows.staterepositorycore.dll
0x00007ff9b0460000 - 0x00007ff9b1433000 	C:\WINDOWS\System32\DriverStore\FileRepository\iigd_dch.inf_amd64_225f37aa3862fc3f\igxelpicd64.dll
0x00007ffa78040000 - 0x00007ffa7817e000 	C:\WINDOWS\system32\dxgi.dll
0x00007ff9d3b70000 - 0x00007ff9d3ff7000 	C:\WINDOWS\System32\DriverStore\FileRepository\iigd_dch.inf_amd64_225f37aa3862fc3f\igdml64.dll
0x00007ffa7a000000 - 0x00007ffa7a051000 	C:\WINDOWS\SYSTEM32\cfgmgr32.dll
0x00007ffa704b0000 - 0x00007ffa70871000 	C:\WINDOWS\System32\DriverStore\FileRepository\iigd_dch.inf_amd64_225f37aa3862fc3f\igdgmm64.dll
0x00007ffa6d290000 - 0x00007ffa70496000 	C:\WINDOWS\System32\DriverStore\FileRepository\iigd_dch.inf_amd64_225f37aa3862fc3f\igc64.dll
0x00007ffa41800000 - 0x00007ffa41819000 	C:\Users\danil\AppData\Local\Temp\jogamp_0000\file_cache\jln4934631928756397267\jln11664850425924434137\natives\windows-amd64\newt_head.dll
0x00007ffa6bce0000 - 0x00007ffa6bd9f000 	C:\WINDOWS\SYSTEM32\mscms.dll
0x00007ffa111b0000 - 0x00007ffa111f9000 	C:\WINDOWS\SYSTEM32\icm32.dll
0x00007ffa7cc70000 - 0x00007ffa7d0f7000 	C:\WINDOWS\System32\setupapi.dll
0x00007ffa79fd0000 - 0x00007ffa79ffd000 	C:\WINDOWS\SYSTEM32\DEVOBJ.dll
0x00007ffa7b4e0000 - 0x00007ffa7b562000 	C:\WINDOWS\System32\WINTRUST.dll
0x00007ffa7b660000 - 0x00007ffa7b7d8000 	C:\WINDOWS\System32\CRYPT32.dll
0x00007ffa79ba0000 - 0x00007ffa79bb3000 	C:\WINDOWS\SYSTEM32\MSASN1.dll
0x00007ffa4d4c0000 - 0x00007ffa4d606000 	C:\WINDOWS\SYSTEM32\textinputframework.dll
0x00007ffa76ea0000 - 0x00007ffa76fc7000 	C:\WINDOWS\SYSTEM32\CoreMessaging.dll
0x00007ffa726c0000 - 0x00007ffa729a2000 	C:\WINDOWS\SYSTEM32\CoreUIComponents.dll
0x00007ffa737b0000 - 0x00007ffa7391a000 	C:\WINDOWS\SYSTEM32\wintypes.dll

dbghelp: loaded successfully - version: 4.0.5 - missing functions: none
symbol engine: initialized successfully - sym options: 0x614 - pdb path: .;C:\Program Files\Processing\app\resources\jdk-17.0.14+7\bin;C:\WINDOWS\SYSTEM32;C:\WINDOWS\WinSxS\amd64_microsoft.windows.common-controls_6595b64144ccf1df_6.0.26100.8457_none_3e0b2faee331e92d;C:\Program Files\Processing\app\resources\jdk-17.0.14+7\bin\server;C:\Users\danil\AppData\Local\Temp\jogamp_0000\file_cache\jln4934631928756397267\jln11664850425924434137\natives\windows-amd64;C:\WINDOWS\System32\DriverStore\FileRepository\iigd_dch.inf_amd64_225f37aa3862fc3f

VM Arguments:
jvm_args: -agentlib:jdwp=transport=dt_socket,address=8859,server=y,suspend=y,quiet=y -Xms64m -Xmx1024m -Djna.nosys=true -Djava.library.path=;C:\Program Files\Processing\app\resources\core\library;C:\Program Files\Processing;C:\WINDOWS\system32;C:\WINDOWS;C:\Program Files\PlasticSCM5\server;C:\Program Files\PlasticSCM5\client;C:\Program Files\Common Files\Oracle\Java\javapath;C:\Program Files (x86)\Common Files\Oracle\Java\javapath;C:\Windows\System32\HWAudioDriverLibs;C:\Windows\system32;C:\Windows;C:\Windows\System32\Wbem;C:\Windows\System32\WindowsPowerShell\v1.0;C:\Windows\System32\OpenSSH;C:\Program Files\Microsoft SQL Server\150\Tools\Binn;C:\Program Files\Microsoft SQL Server\Client SDK\ODBC\170\Tools\Binn;C:\Program Files\dotnet;D:\Windows Kits\10\Windows Performance Toolkit;C:\Program Files\Java\jdk-23\bin;C:\WINDOWS\system32;C:\WINDOWS;C:\WINDOWS\System32\Wbem;C:\WINDOWS\System32\WindowsPowerShell\v1.0;C:\WINDOWS\System32\OpenSSH;C:\Program Files\nodejs;C:\Program Files\Docker\Docker\resources\bin;C:\Program Files\TortoiseGit\bin;C:\Program Files\Git\cmd;C:\Users\danil\AppData\Local\Programs\Python\Python312\Scripts;C:\Users\danil\AppData\Local\Programs\Python\Python312;C:\Users\danil\AppData\Local\Microsoft\WindowsApps;C:\Users\danil\AppData\Local\Programs\Microsoft VS Code\bin;C:\Users\danil\AppData\Roaming\npm;D:\DataBase\18\bin;C:\Program Files\Processing\app;. -ea 
java_command: processing.core.PApplet --editor-location=-7,-7 --external --display=1 --sketch-path=C:\Users\danil\Desktop\Gravity_simul Gravity_simul
java_class_path (initial): C:\Users\danil\AppData\Local\Temp\processing\Gravity_simul1977473054752268450temp;C:\Program Files\Processing\app\resources\core\library\annotations-13.0.jar;C:\Program Files\Processing\app\resources\core\library\antlr-2.7.7.jar;C:\Program Files\Processing\app\resources\core\library\core-4.4.1.jar;C:\Program Files\Processing\app\resources\core\library\gluegen-rt-2.5.0-natives-android-aarch64.jar;C:\Program Files\Processing\app\resources\core\library\gluegen-rt-2.5.0-natives-linux-aarch64.jar;C:\Program Files\Processing\app\resources\core\library\gluegen-rt-2.5.0-natives-linux-amd64.jar;C:\Program Files\Processing\app\resources\core\library\gluegen-rt-2.5.0-natives-linux-armv6hf.jar;C:\Program Files\Processing\app\resources\core\library\gluegen-rt-2.5.0-natives-macosx-universal.jar;C:\Program Files\Processing\app\resources\core\library\gluegen-rt-2.5.0-natives-windows-amd64.jar;C:\Program Files\Processing\app\resources\core\library\gluegen-rt-2.5.0.jar;C:\Program Files\Processing\app\resources\core\library\gluegen-rt-main-2.5.0.jar;C:\Program Files\Processing\app\resources\core\library\jogl-all-2.5.0-natives-android-aarch64.jar;C:\Program Files\Processing\app\resources\core\library\jogl-all-2.5.0-natives-linux-aarch64.jar;C:\Program Files\Processing\app\resources\core\library\jogl-all-2.5.0-natives-linux-amd64.jar;C:\Program Files\Processing\app\resources\core\library\jogl-all-2.5.0-natives-linux-armv6hf.jar;C:\Program Files\Processing\app\resources\core\library\jogl-all-2.5.0-natives-macosx-universal.jar;C:\Program Files\Processing\app\resources\core\library\jogl-all-2.5.0-natives-windows-amd64.jar;C:\Program Files\Processing\app\resources\core\library\jogl-all-2.5.0.jar;C:\Program Files\Processing\app\resources\core\library\jogl-all-main-2.5.0.jar;C:\Program Files\Processing\app\resources\core\library\kotlin-stdlib-2.0.20.jar
Launcher Type: SUN_STANDARD

[Global flags]
     intx CICompilerCount                          = 4                                         {product} {ergonomic}
     uint ConcGCThreads                            = 2                                         {product} {ergonomic}
     uint G1ConcRefinementThreads                  = 8                                         {product} {ergonomic}
   size_t G1HeapRegionSize                         = 1048576                                   {product} {ergonomic}
    uintx GCDrainStackTargetSize                   = 64                                        {product} {ergonomic}
   size_t InitialHeapSize                          = 67108864                                  {product} {command line}
   size_t MarkStackSize                            = 4194304                                   {product} {ergonomic}
   size_t MaxHeapSize                              = 1073741824                                {product} {command line}
   size_t MaxNewSize                               = 643825664                                 {product} {ergonomic}
   size_t MinHeapDeltaBytes                        = 1048576                                   {product} {ergonomic}
   size_t MinHeapSize                              = 67108864                                  {product} {command line}
    uintx NonNMethodCodeHeapSize                   = 5839372                                {pd product} {ergonomic}
    uintx NonProfiledCodeHeapSize                  = 122909434                              {pd product} {ergonomic}
    uintx ProfiledCodeHeapSize                     = 122909434                              {pd product} {ergonomic}
    uintx ReservedCodeCacheSize                    = 251658240                              {pd product} {ergonomic}
     bool SegmentedCodeCache                       = true                                      {product} {ergonomic}
   size_t SoftMaxHeapSize                          = 1073741824                             {manageable} {ergonomic}
     bool UseCompressedClassPointers               = true                           {product lp64_product} {ergonomic}
     bool UseCompressedOops                        = true                           {product lp64_product} {ergonomic}
     bool UseG1GC                                  = true                                      {product} {ergonomic}
     bool UseLargePagesIndividualAllocation        = false                                  {pd product} {ergonomic}

Logging:
Log output configuration:
 #0: stdout all=off uptime,level,tags
 #1: stderr all=off uptime,level,tags

Environment Variables:
JAVA_HOME=C:\Program Files\Java\jdk-23
PATH=C:\Program Files\PlasticSCM5\server;C:\Program Files\PlasticSCM5\client;C:\Program Files\Common Files\Oracle\Java\javapath;C:\Program Files (x86)\Common Files\Oracle\Java\javapath;C:\Windows\System32\HWAudioDriverLibs;C:\Windows\system32;C:\Windows;C:\Windows\System32\Wbem;C:\Windows\System32\WindowsPowerShell\v1.0\;C:\Windows\System32\OpenSSH\;C:\Users\Administrator\AppData\Local\Microsoft\WindowsApps;C:\Program Files\Microsoft SQL Server\150\Tools\Binn\;C:\Program Files\Microsoft SQL Server\Client SDK\ODBC\170\Tools\Binn\;C:\Program Files\dotnet\;D:\Windows Kits\10\Windows Performance Toolkit\;C:\Program Files\Java\jdk-23\bin;C:\WINDOWS\system32;C:\WINDOWS;C:\WINDOWS\System32\Wbem;C:\WINDOWS\System32\WindowsPowerShell\v1.0\;C:\WINDOWS\System32\OpenSSH\;C:\Program Files\nodejs\;C:\Program Files\Docker\Docker\resources\bin;C:\Program Files\TortoiseGit\bin;C:\Program Files\Git\cmd;C:\Users\danil\AppData\Local\Programs\Python\Python312\Scripts\;C:\Users\danil\AppData\Local\Programs\Python\Python312\;C:\Users\danil\AppData\Local\Microsoft\WindowsApps;C:\Users\danil\.dotnet\tools;C:\Users\danil\AppData\Local\Programs\Microsoft VS Code\bin;C:\Users\danil\AppData\Roaming\npm;D:\DataBase\18\bin;C:\Program Files\Processing\app
USERNAME=danil
OS=Windows_NT
PROCESSOR_IDENTIFIER=Intel64 Family 6 Model 140 Stepping 2, GenuineIntel
TMP=C:\Users\danil\AppData\Local\Temp
TEMP=C:\Users\danil\AppData\Local\Temp



Periodic native trim disabled


---------------  S Y S T E M  ---------------

OS:
 Windows 11 , 64 bit Build 26100 (10.0.26100.8328)
OS uptime: 0 days 4:27 hours
Hyper-V role detected

CPU: total 8 (initial active 8) (4 cores per cpu, 2 threads per core) family 6 model 140 stepping 2 microcode 0x16, cx8, cmov, fxsr, ht, mmx, 3dnowpref, sse, sse2, sse3, ssse3, sse4.1, sse4.2, popcnt, lzcnt, tsc, tscinvbit, avx, avx2, aes, erms, clmul, bmi1, bmi2, adx, avx512f, avx512dq, avx512cd, avx512bw, avx512vl, sha, fma, vzeroupper, avx512_vpopcntdq, avx512_vpclmulqdq, avx512_vaes, avx512_vnni, clflush, clflushopt, clwb, avx512_vbmi2, avx512_vbmi, hv
Processor Information for all 8 processors :
  Max Mhz: 2496, Current Mhz: 2496, Mhz Limit: 2496

Memory: 4k page, system-wide physical 7975M (2435M free)
TotalPageFile size 17703M (AvailPageFile size 8324M)
current process WorkingSet (physical memory assigned to process): 486M, peak: 492M
current process commit charge ("private bytes"): 465M, peak: 473M

vm_info: OpenJDK 64-Bit Server VM (17.0.14+7) for windows-amd64 JRE (17.0.14+7), built on Jan 21 2025 23:40:15 by "admin" with MS VC++ 17.7 (VS2022)

END.
