#
# A fatal error has been detected by the Java Runtime Environment:
#
#  EXCEPTION_ACCESS_VIOLATION (0xc0000005) at pc=0x00007ff9af9cb386, pid=27928, tid=19840
#
# JRE version: OpenJDK Runtime Environment Temurin-17.0.14+7 (17.0.14+7) (build 17.0.14+7)
# Java VM: OpenJDK 64-Bit Server VM Temurin-17.0.14+7 (17.0.14+7, mixed mode, sharing, tiered, compressed oops, compressed class ptrs, g1 gc, windows-amd64)
# Problematic frame:
# C  [igxelpicd64.dll+0x23b386]
#
# No core dump will be written. Minidumps are not enabled by default on client versions of Windows
#
# If you would like to submit a bug report, please visit:
#   https://github.com/adoptium/adoptium-support/issues
#

---------------  S U M M A R Y ------------

Command Line: -agentlib:jdwp=transport=dt_socket,address=8834,server=y,suspend=y,quiet=y -Xms64m -Xmx1024m -Djna.nosys=true -Djava.library.path=;C:\Program Files\Processing\app\resources\core\library;C:\Program Files\Processing;C:\WINDOWS\system32;C:\WINDOWS;C:\Program Files\PlasticSCM5\server;C:\Program Files\PlasticSCM5\client;C:\Program Files\Common Files\Oracle\Java\javapath;C:\Program Files (x86)\Common Files\Oracle\Java\javapath;C:\Windows\System32\HWAudioDriverLibs;C:\Windows\system32;C:\Windows;C:\Windows\System32\Wbem;C:\Windows\System32\WindowsPowerShell\v1.0;C:\Windows\System32\OpenSSH;C:\Program Files\Microsoft SQL Server\150\Tools\Binn;C:\Program Files\Microsoft SQL Server\Client SDK\ODBC\170\Tools\Binn;C:\Program Files\dotnet;D:\Windows Kits\10\Windows Performance Toolkit;C:\Program Files\Java\jdk-23\bin;C:\WINDOWS\system32;C:\WINDOWS;C:\WINDOWS\System32\Wbem;C:\WINDOWS\System32\WindowsPowerShell\v1.0;C:\WINDOWS\System32\OpenSSH;C:\Program Files\nodejs;C:\Program Files\Docker\Docker\resources\bin;C:\Program Files\TortoiseGit\bin;C:\Program Files\Git\cmd;C:\Users\danil\AppData\Local\Programs\Python\Python312\Scripts;C:\Users\danil\AppData\Local\Programs\Python\Python312;C:\Users\danil\AppData\Local\Microsoft\WindowsApps;C:\Users\danil\AppData\Local\Programs\Microsoft VS Code\bin;C:\Users\danil\AppData\Roaming\npm;D:\DataBase\18\bin;C:\Program Files\Processing\app;. -ea processing.core.PApplet --editor-location=-7,-7 --external --display=1 --sketch-path=C:\Users\danil\Desktop\Gravity_simul Gravity_simul

Host: 11th Gen Intel(R) Core(TM) i5-1155G7 @ 2.50GHz, 8 cores, 7G,  Windows 11 , 64 bit Build 26100 (10.0.26100.8328)
Time: Sun Jun 28 00:00:40 2026 RTZ 3 (s 11 , 64 bit Build 26100 (10.0.26100.8328) elapsed time: 3.533853 seconds (0d 0h 0m 3s)

---------------  T H R E A D  ---------------

Current thread (0x000002213ebd66d0):  VMThread "VM Thread" [stack: 0x0000005ae3200000,0x0000005ae3300000] [id=19840]

Stack: [0x0000005ae3200000,0x0000005ae3300000],  sp=0x0000005ae32fdec0,  free space=1015k
Native frames: (J=compiled Java code, j=interpreted, Vv=VM code, C=native code)
C  [igxelpicd64.dll+0x23b386]


siginfo: EXCEPTION_ACCESS_VIOLATION (0xc0000005), reading address 0x0000000000035468


Registers:
RAX=0x0000022187180bf0, RBX=0x0000022184a1e4f0, RCX=0x0000000000000004, RDX=0x0000000000000000
RSP=0x0000005ae32fdec0, RBP=0x0000000000000000, RSI=0x00000221871809f0, RDI=0x00000221844c5ec0
R8 =0x0000022187180af0, R9 =0x0000005ae266f000, R10=0x0000000000000000, R11=0x0000000000000246
R12=0x00000221871809f0, R13=0x0000000000000000, R14=0x0000022187180f38, R15=0x000002218717fe50
RIP=0x00007ff9af9cb386, EFLAGS=0x0000000000010206


Register to memory mapping:

RIP=0x00007ff9af9cb386 igxelpicd64.dll
RAX=0x0000022187180bf0 points into unknown readable memory: 0x0000000000001444 | 44 14 00 00 00 00 00 00
RBX=0x0000022184a1e4f0 points into unknown readable memory: 0xffffffffffffffff | ff ff ff ff ff ff ff ff
RCX=0x0000000000000004 is an unknown value
RDX=0x0 is NULL
RSP=0x0000005ae32fdec0 points into unknown readable memory: 0x0000022184a1e4f0 | f0 e4 a1 84 21 02 00 00
RBP=0x0 is NULL
RSI=0x00000221871809f0 points into unknown readable memory: 0x0000022184a7bcb0 | b0 bc a7 84 21 02 00 00
RDI=0x00000221844c5ec0 points into unknown readable memory: 0x0062000100380000 | 00 00 38 00 01 00 62 00
R8 =0x0000022187180af0 points into unknown readable memory: 0x0000000000000000 | 00 00 00 00 00 00 00 00
R9 =0x0000005ae266f000 points into unknown readable memory: 0x0000000000000000 | 00 00 00 00 00 00 00 00
R10=0x0 is NULL
R11=0x0000000000000246 is an unknown value
R12=0x00000221871809f0 points into unknown readable memory: 0x0000022184a7bcb0 | b0 bc a7 84 21 02 00 00
R13=0x0 is NULL
R14=0x0000022187180f38 points into unknown readable memory: 0x000002218717fe50 | 50 fe 17 87 21 02 00 00
R15=0x000002218717fe50 points into unknown readable memory: 0x0000022184a7bcb0 | b0 bc a7 84 21 02 00 00


Top of Stack: (sp=0x0000005ae32fdec0)
0x0000005ae32fdec0:   0000022184a1e4f0 0255429d03862e9d
0x0000005ae32fded0:   0391939f00929d9d 0250f39f03309c9f
0x0000005ae32fdee0:   0000001603000000 0000000000000000
0x0000005ae32fdef0:   032b66a303b02aa3 0365e2a3036987a3
0x0000005ae32fdf00:   0000022184a1e4f0 031d81a403732ea4
0x0000005ae32fdf10:   032a3ea502743ca5 02de81a503725aa5
0x0000005ae32fdf20:   02db39a602a81ca6 0353bba603a49ca6
0x0000005ae32fdf30:   00b3e9a603a7cba6 039039a700a836a7
0x0000005ae32fdf40:   0326f4a70133c2a7 031e5ea90399e2a8
0x0000005ae32fdf50:   036a28aa035e61a9 035b9aaa02fe53aa
0x0000005ae32fdf60:   022dceaa02eccdaa 02fe53ab02bf12ab
0x0000005ae32fdf70:   02b97dab02e266ab 036fedab021f82ab
0x0000005ae32fdf80:   03990eac01e702ac 02c01eac039d16ac
0x0000005ae32fdf90:   01d979ac034833ac 02db8cac03a986ac
0x0000005ae32fdfa0:   036602ad03a4d0ac 00007ffa7dbc5b54
0x0000005ae32fdfb0:   0000000000000000 0000000000000000
0x0000005ae32fdfc0:   0000005ae32fe160 00007ffa7be21259
0x0000005ae32fdfd0:   0000005ae32fe058 0000000000000000
0x0000005ae32fdfe0:   0000000000000054 0000000000000000
0x0000005ae32fdff0:   032eb8b1029d98b1 00007ffa7dbc5cc4
0x0000005ae32fe000:   039650b302c0ccb2 005273b3035461b3
0x0000005ae32fe010:   00007493c6c714c3 036c27b5039305b5
0x0000005ae32fe020:   0000022186f3baf8 000000000000147a
0x0000005ae32fe030:   0000000000000000 0000000000000016
0x0000005ae32fe040:   0000000000000000 0000000000000000
0x0000005ae32fe050:   0000005ae32fe160 00007ff9af9f82ae
0x0000005ae32fe060:   00000221844c5ec0 0000000000000000
0x0000005ae32fe070:   00000221844c5ec0 0329a6bb033875bb
0x0000005ae32fe080:   0000005a00000d54 0000740400870000
0x0000005ae32fe090:   0000000000000000 033838be036430be
0x0000005ae32fe0a0:   02aa5abe029d43be 03a6fcbe02eec1be
0x0000005ae32fe0b0:   038ec2bf02f831bf 00ad46c00276c4bf 

Instructions: (pc=0x00007ff9af9cb386)
0x00007ff9af9cb286:   00 90 4c 8b bf 80 02 00 00 48 8b 05 9a 85 bd 00
0x00007ff9af9cb296:   8b 80 c8 0a 00 00 89 44 24 24 c6 44 24 20 00 48
0x00007ff9af9cb2a6:   c7 87 80 02 00 00 00 00 00 00 c7 87 88 02 00 00
0x00007ff9af9cb2b6:   00 00 00 00 48 c7 87 a0 02 00 00 00 00 00 00 48
0x00007ff9af9cb2c6:   c7 87 90 02 00 00 00 00 00 00 48 85 ed 75 3d 8b
0x00007ff9af9cb2d6:   35 0d 77 cd 00 65 48 8b 04 25 58 00 00 00 b9 14
0x00007ff9af9cb2e6:   00 00 00 48 8b 04 f0 40 38 2c 01 0f 84 c9 e7 75
0x00007ff9af9cb2f6:   00 65 48 8b 04 25 58 00 00 00 bd 20 00 00 00 48
0x00007ff9af9cb306:   8b 04 f0 48 8b 2c 28 48 89 6c 24 28 48 3b 2d 07
0x00007ff9af9cb316:   9b cd 00 0f 84 9b 10 00 00 4d 85 ff 0f 84 3a 01
0x00007ff9af9cb326:   00 00 0f 1f 84 00 00 00 00 00 49 8b f7 4d 8b e7
0x00007ff9af9cb336:   4d 8d b7 48 05 00 00 4d 8b 3e 45 84 ed 0f 85 d9
0x00007ff9af9cb346:   0e 00 00 8b 8f d0 01 00 00 48 8b 05 da 84 bd 00
0x00007ff9af9cb356:   83 b8 64 03 00 00 02 75 34 4d 8d 84 24 00 01 00
0x00007ff9af9cb366:   00 83 f9 10 0f 83 3a 01 00 00 8b c1 48 c1 e0 06
0x00007ff9af9cb376:   49 03 c0 48 85 c0 0f 84 9b 01 00 00 48 8b 50 08
0x00007ff9af9cb386:   48 3b 95 68 54 03 00 0f 87 b6 0e 00 00 48 83 be
0x00007ff9af9cb396:   c0 05 00 00 00 0f 85 50 e7 75 00 44 8b 8f d0 01
0x00007ff9af9cb3a6:   00 00 48 8b 87 e8 01 00 00 4c 8b 00 8b 8f d0 01
0x00007ff9af9cb3b6:   00 00 48 8d 9e 00 01 00 00 83 f9 10 0f 83 1e 01
0x00007ff9af9cb3c6:   00 00 8b c1 48 c1 e0 06 48 03 c3 48 85 c0 0f 84
0x00007ff9af9cb3d6:   4a 01 00 00 4c 39 40 08 0f 86 40 01 00 00 48 8b
0x00007ff9af9cb3e6:   87 80 02 00 00 49 89 06 48 89 b7 80 02 00 00 ff
0x00007ff9af9cb3f6:   87 88 02 00 00 48 8b 4e 08 48 8b 01 ba 01 00 00
0x00007ff9af9cb406:   00 48 8b 80 e0 02 00 00 ff 15 f4 c1 88 00 0f b7
0x00007ff9af9cb416:   c8 48 2b c1 48 05 00 00 01 00 48 01 87 90 02 00
0x00007ff9af9cb426:   00 48 8b 4e 08 48 8b 01 ba 01 00 00 00 48 8b 80
0x00007ff9af9cb436:   e0 02 00 00 ff 15 c8 c1 88 00 48 01 87 a0 02 00
0x00007ff9af9cb446:   00 0f b6 54 24 20 4d 85 ff 0f 85 db fe ff ff 84
0x00007ff9af9cb456:   d2 0f 85 37 0f 00 00 48 8b 5c 24 40 48 8b cf 80
0x00007ff9af9cb466:   7c 24 22 00 0f 85 40 0f 00 00 e8 3b f9 ff ff 90
0x00007ff9af9cb476:   48 8b cb ff 15 99 bc 88 00 48 8b 8c 24 50 01 00 


Stack slot to memory mapping:
stack at sp + 0 slots: 0x0000022184a1e4f0 points into unknown readable memory: 0xffffffffffffffff | ff ff ff ff ff ff ff ff
stack at sp + 1 slots: 0x0255429d03862e9d is an unknown value
stack at sp + 2 slots: 0x0391939f00929d9d is an unknown value
stack at sp + 3 slots: 0x0250f39f03309c9f is an unknown value
stack at sp + 4 slots: 0x0000001603000000 is an unknown value
stack at sp + 5 slots: 0x0 is NULL
stack at sp + 6 slots: 0x032b66a303b02aa3 is an unknown value
stack at sp + 7 slots: 0x0365e2a3036987a3 is an unknown value

VM_Operation (0x0000005ae56fe7f0): Exit, mode: safepoint, requested by thread 0x0000022186432970


---------------  P R O C E S S  ---------------

Threads class SMR info:
_java_thread_list=0x0000022186c334f0, length=23, elements={
0x000002213ebdaf20, 0x000002213ebdd900, 0x000002213ebf5af0, 0x000002213ebf63c0,
0x000002213ebf6c90, 0x000002213ebf8570, 0x000002213ebfb180, 0x000002213ebfbb40,
0x000002213ec06470, 0x00000221840ff3b0, 0x0000022184102270, 0x0000022184104f80,
0x0000022184108070, 0x00000221841191c0, 0x0000022184422780, 0x0000022186cd8c80,
0x0000022186432970, 0x00000221864300f0, 0x000002218642f6d0, 0x0000022186432460,
0x0000022186431020, 0x0000022186430b10, 0x0000022186431a40
}

Java Threads: ( => current thread )
  0x000002213ebdaf20 JavaThread "Reference Handler" daemon [_thread_blocked, id=37184, stack(0x0000005ae3300000,0x0000005ae3400000)]
  0x000002213ebdd900 JavaThread "Finalizer" daemon [_thread_blocked, id=37228, stack(0x0000005ae3400000,0x0000005ae3500000)]
  0x000002213ebf5af0 JavaThread "Signal Dispatcher" daemon [_thread_blocked, id=37208, stack(0x0000005ae3500000,0x0000005ae3600000)]
  0x000002213ebf63c0 JavaThread "Attach Listener" daemon [_thread_blocked, id=40160, stack(0x0000005ae3600000,0x0000005ae3700000)]
  0x000002213ebf6c90 JavaThread "Service Thread" daemon [_thread_blocked, id=41128, stack(0x0000005ae3700000,0x0000005ae3800000)]
  0x000002213ebf8570 JavaThread "Monitor Deflation Thread" daemon [_thread_blocked, id=40656, stack(0x0000005ae3800000,0x0000005ae3900000)]
  0x000002213ebfb180 JavaThread "C2 CompilerThread0" daemon [_thread_blocked, id=41088, stack(0x0000005ae3900000,0x0000005ae3a00000)]
  0x000002213ebfbb40 JavaThread "C1 CompilerThread0" daemon [_thread_blocked, id=38020, stack(0x0000005ae3a00000,0x0000005ae3b00000)]
  0x000002213ec06470 JavaThread "Sweeper thread" daemon [_thread_blocked, id=41108, stack(0x0000005ae3b00000,0x0000005ae3c00000)]
  0x00000221840ff3b0 JavaThread "JDWP Transport Listener: dt_socket" daemon [_thread_blocked, id=41040, stack(0x0000005ae3c00000,0x0000005ae3d00000)]
  0x0000022184102270 JavaThread "JDWP Event Helper Thread" daemon [_thread_blocked, id=41180, stack(0x0000005ae3d00000,0x0000005ae3e00000)]
  0x0000022184104f80 JavaThread "JDWP Command Reader" daemon [_thread_blocked, id=41092, stack(0x0000005ae3e00000,0x0000005ae3f00000)]
  0x0000022184108070 JavaThread "Notification Thread" daemon [_thread_blocked, id=44560, stack(0x0000005ae3f00000,0x0000005ae4000000)]
  0x00000221841191c0 JavaThread "Common-Cleaner" daemon [_thread_blocked, id=35452, stack(0x0000005ae4100000,0x0000005ae4200000)]
  0x0000022184422780 JavaThread "Java2D Disposer" daemon [_thread_blocked, id=44604, stack(0x0000005ae4200000,0x0000005ae4300000)]
  0x0000022186cd8c80 JavaThread "HighResTimerThread" daemon [_thread_blocked, id=45668, stack(0x0000005ae5400000,0x0000005ae5500000)]
  0x0000022186432970 JavaThread "main-FPSAWTAnimator#00-Timer0" [_thread_blocked, id=41196, stack(0x0000005ae5600000,0x0000005ae5700000)]
  0x00000221864300f0 JavaThread "DestroyJavaVM" [_thread_blocked, id=16668, stack(0x0000005ae2c00000,0x0000005ae2d00000)]
  0x000002218642f6d0 JavaThread "pool-1-thread-1" [_thread_blocked, id=33428, stack(0x0000005ae4600000,0x0000005ae4700000)]
  0x0000022186432460 JavaThread "pool-1-thread-2" [_thread_blocked, id=43204, stack(0x0000005ae5700000,0x0000005ae5800000)]
  0x0000022186431020 JavaThread "pool-1-thread-3" [_thread_blocked, id=38108, stack(0x0000005ae5800000,0x0000005ae5900000)]
  0x0000022186430b10 JavaThread "pool-1-thread-4" [_thread_blocked, id=45448, stack(0x0000005ae5900000,0x0000005ae5a00000)]
  0x0000022186431a40 JavaThread "AWT-Shutdown" [_thread_blocked, id=42888, stack(0x0000005ae5500000,0x0000005ae5600000)]

Other Threads:
=>0x000002213ebd66d0 VMThread "VM Thread" [stack: 0x0000005ae3200000,0x0000005ae3300000] [id=19840]
  0x0000022120e4dc20 GCTaskThread "GC Thread#0" [stack: 0x0000005ae2d00000,0x0000005ae2e00000] [id=39996]
  0x0000022186585030 GCTaskThread "GC Thread#1" [stack: 0x0000005ae4a00000,0x0000005ae4b00000] [id=16412]
  0x00000221865852f0 GCTaskThread "GC Thread#2" [stack: 0x0000005ae4b00000,0x0000005ae4c00000] [id=45660]
  0x00000221865855b0 GCTaskThread "GC Thread#3" [stack: 0x0000005ae4c00000,0x0000005ae4d00000] [id=45444]
  0x0000022186585870 GCTaskThread "GC Thread#4" [stack: 0x0000005ae4d00000,0x0000005ae4e00000] [id=45608]
  0x0000022186585b30 GCTaskThread "GC Thread#5" [stack: 0x0000005ae4e00000,0x0000005ae4f00000] [id=45692]
  0x00000221865c7910 GCTaskThread "GC Thread#6" [stack: 0x0000005ae4f00000,0x0000005ae5000000] [id=45876]
  0x00000221865cbbe0 GCTaskThread "GC Thread#7" [stack: 0x0000005ae5000000,0x0000005ae5100000] [id=45968]
  0x0000022120e56a80 ConcurrentGCThread "G1 Main Marker" terminated
  0x0000022120e58080 ConcurrentGCThread "G1 Conc#0" [stack: 0x0000005ae2f00000,0x0000005ae3000000] [id=39976]
  0x0000022186ed0c40 ConcurrentGCThread "G1 Conc#1" [stack: 0x0000005ae5b00000,0x0000005ae5c00000] [id=45528]
  0x0000022120ebeaf0 ConcurrentGCThread "G1 Refine#0" terminated
  0x000002213ea974d0 ConcurrentGCThread "G1 Service" terminated

Threads with active compile tasks:

VM state: at safepoint (shutting down)

VM Mutex/Monitor currently owned by a thread:  ([mutex/lock_event])
[0x0000022120e070e0] Threads_lock - owner thread: 0x000002213ebd66d0
[0x0000022120e06cf0] Heap_lock - owner thread: 0x0000022186432970

Heap address: 0x00000000c0000000, size: 1024 MB, Compressed Oops mode: 32-bit

CDS archive(s) mapped at: [0x000002213f000000-0x000002213fbb0000-0x000002213fbb0000), size 12255232, SharedBaseAddress: 0x000002213f000000, ArchiveRelocationMode: 1.
Compressed class space mapped at: 0x0000022140000000-0x0000022180000000, reserved size: 1073741824
Narrow klass base: 0x000002213f000000, Narrow klass shift: 0, Narrow klass range: 0x100000000

GC Precious Log:
 CPUs: 8 total, 8 available
 Memory: 7975M
 Large Page Support: Disabled
 NUMA Support: Disabled
 Compressed Oops: Enabled (32-bit)
 Heap Region Size: 1M
 Heap Min Capacity: 64M
 Heap Initial Capacity: 64M
 Heap Max Capacity: 1G
 Pre-touch: Disabled
 Parallel Workers: 8
 Concurrent Workers: 2
 Concurrent Refinement Workers: 8
 Periodic GC: Disabled

Heap:
 garbage-first heap   total 147456K, used 84622K [0x00000000c0000000, 0x0000000100000000)
  region size 1024K, 2 young (2048K), 1 survivors (1024K)
 Metaspace       used 12775K, committed 12992K, reserved 1114112K
  class space    used 918K, committed 1024K, reserved 1048576K

Heap Regions: E=young(eden), S=young(survivor), O=old, HS=humongous(starts), HC=humongous(continues), CS=collection set, F=free, OA=open archive, CA=closed archive, TAMS=top-at-mark-start (previous, next)
|   0|0x00000000c0000000, 0x00000000c0100000, 0x00000000c0100000|100%| O|  |TAMS 0x00000000c0100000, 0x00000000c0000000| Untracked 
|   1|0x00000000c0100000, 0x00000000c0200000, 0x00000000c0200000|100%| O|  |TAMS 0x00000000c0200000, 0x00000000c0100000| Untracked 
|   2|0x00000000c0200000, 0x00000000c0300000, 0x00000000c0300000|100%|HS|  |TAMS 0x00000000c0300000, 0x00000000c0200000| Complete 
|   3|0x00000000c0300000, 0x00000000c0400000, 0x00000000c0400000|100%|HC|  |TAMS 0x00000000c0400000, 0x00000000c0300000| Complete 
|   4|0x00000000c0400000, 0x00000000c0500000, 0x00000000c0500000|100%|HC|  |TAMS 0x00000000c0500000, 0x00000000c0400000| Complete 
|   5|0x00000000c0500000, 0x00000000c0600000, 0x00000000c0600000|100%|HC|  |TAMS 0x00000000c0600000, 0x00000000c0500000| Complete 
|   6|0x00000000c0600000, 0x00000000c0700000, 0x00000000c0700000|100%|HC|  |TAMS 0x00000000c0700000, 0x00000000c0600000| Complete 
|   7|0x00000000c0700000, 0x00000000c0800000, 0x00000000c0800000|100%|HC|  |TAMS 0x00000000c0800000, 0x00000000c0700000| Complete 
|   8|0x00000000c0800000, 0x00000000c0900000, 0x00000000c0900000|100%|HC|  |TAMS 0x00000000c0900000, 0x00000000c0800000| Complete 
|   9|0x00000000c0900000, 0x00000000c0a00000, 0x00000000c0a00000|100%|HC|  |TAMS 0x00000000c0a00000, 0x00000000c0900000| Complete 
|  10|0x00000000c0a00000, 0x00000000c0b00000, 0x00000000c0b00000|100%|HC|  |TAMS 0x00000000c0b00000, 0x00000000c0a00000| Complete 
|  11|0x00000000c0b00000, 0x00000000c0c00000, 0x00000000c0c00000|100%|HC|  |TAMS 0x00000000c0c00000, 0x00000000c0b00000| Complete 
|  12|0x00000000c0c00000, 0x00000000c0d00000, 0x00000000c0d00000|100%|HC|  |TAMS 0x00000000c0d00000, 0x00000000c0c00000| Complete 
|  13|0x00000000c0d00000, 0x00000000c0e00000, 0x00000000c0e00000|100%|HC|  |TAMS 0x00000000c0e00000, 0x00000000c0d00000| Complete 
|  14|0x00000000c0e00000, 0x00000000c0f00000, 0x00000000c0f00000|100%|HC|  |TAMS 0x00000000c0f00000, 0x00000000c0e00000| Complete 
|  15|0x00000000c0f00000, 0x00000000c1000000, 0x00000000c1000000|100%|HC|  |TAMS 0x00000000c1000000, 0x00000000c0f00000| Complete 
|  16|0x00000000c1000000, 0x00000000c1100000, 0x00000000c1100000|100%|HC|  |TAMS 0x00000000c1100000, 0x00000000c1000000| Complete 
|  17|0x00000000c1100000, 0x00000000c1200000, 0x00000000c1200000|100%|HC|  |TAMS 0x00000000c1200000, 0x00000000c1100000| Complete 
|  18|0x00000000c1200000, 0x00000000c1300000, 0x00000000c1300000|100%|HC|  |TAMS 0x00000000c1300000, 0x00000000c1200000| Complete 
|  19|0x00000000c1300000, 0x00000000c1400000, 0x00000000c1400000|100%| O|  |TAMS 0x00000000c1400000, 0x00000000c1300000| Untracked 
|  20|0x00000000c1400000, 0x00000000c1500000, 0x00000000c1500000|100%| O|  |TAMS 0x00000000c1500000, 0x00000000c1400000| Untracked 
|  21|0x00000000c1500000, 0x00000000c1600000, 0x00000000c1600000|100%| O|  |TAMS 0x00000000c1600000, 0x00000000c1500000| Untracked 
|  22|0x00000000c1600000, 0x00000000c1700000, 0x00000000c1700000|100%| O|  |TAMS 0x00000000c1700000, 0x00000000c1600000| Untracked 
|  23|0x00000000c1700000, 0x00000000c1800000, 0x00000000c1800000|100%| O|  |TAMS 0x00000000c1800000, 0x00000000c1700000| Untracked 
|  24|0x00000000c1800000, 0x00000000c1900000, 0x00000000c1900000|100%| O|  |TAMS 0x00000000c1900000, 0x00000000c1800000| Untracked 
|  25|0x00000000c1900000, 0x00000000c1a00000, 0x00000000c1a00000|100%| O|  |TAMS 0x00000000c1a00000, 0x00000000c1900000| Untracked 
|  26|0x00000000c1a00000, 0x00000000c1b00000, 0x00000000c1b00000|100%| O|  |TAMS 0x00000000c1b00000, 0x00000000c1a00000| Untracked 
|  27|0x00000000c1b00000, 0x00000000c1c00000, 0x00000000c1c00000|100%| O|  |TAMS 0x00000000c1c00000, 0x00000000c1b00000| Untracked 
|  28|0x00000000c1c00000, 0x00000000c1d00000, 0x00000000c1d00000|100%| O|  |TAMS 0x00000000c1d00000, 0x00000000c1c00000| Untracked 
|  29|0x00000000c1d00000, 0x00000000c1d00000, 0x00000000c1e00000|  0%| F|  |TAMS 0x00000000c1d00000, 0x00000000c1d00000| Untracked 
|  30|0x00000000c1e00000, 0x00000000c1e00000, 0x00000000c1f00000|  0%| F|  |TAMS 0x00000000c1e00000, 0x00000000c1e00000| Untracked 
|  31|0x00000000c1f00000, 0x00000000c1f00000, 0x00000000c2000000|  0%| F|  |TAMS 0x00000000c1f00000, 0x00000000c1f00000| Untracked 
|  32|0x00000000c2000000, 0x00000000c2000000, 0x00000000c2100000|  0%| F|  |TAMS 0x00000000c2000000, 0x00000000c2000000| Untracked 
|  33|0x00000000c2100000, 0x00000000c2200000, 0x00000000c2200000|100%|HS|  |TAMS 0x00000000c2200000, 0x00000000c2100000| Complete 
|  34|0x00000000c2200000, 0x00000000c2300000, 0x00000000c2300000|100%|HC|  |TAMS 0x00000000c2300000, 0x00000000c2200000| Complete 
|  35|0x00000000c2300000, 0x00000000c2400000, 0x00000000c2400000|100%|HC|  |TAMS 0x00000000c2400000, 0x00000000c2300000| Complete 
|  36|0x00000000c2400000, 0x00000000c2500000, 0x00000000c2500000|100%|HC|  |TAMS 0x00000000c2500000, 0x00000000c2400000| Complete 
|  37|0x00000000c2500000, 0x00000000c2600000, 0x00000000c2600000|100%|HC|  |TAMS 0x00000000c2600000, 0x00000000c2500000| Complete 
|  38|0x00000000c2600000, 0x00000000c2700000, 0x00000000c2700000|100%| O|  |TAMS 0x00000000c2700000, 0x00000000c2600000| Untracked 
|  39|0x00000000c2700000, 0x00000000c274ba00, 0x00000000c2800000| 29%| O|  |TAMS 0x00000000c274ba00, 0x00000000c2700000| Untracked 
|  40|0x00000000c2800000, 0x00000000c2900000, 0x00000000c2900000|100%|HS|  |TAMS 0x00000000c2900000, 0x00000000c2800000| Complete 
|  41|0x00000000c2900000, 0x00000000c2a00000, 0x00000000c2a00000|100%|HC|  |TAMS 0x00000000c2a00000, 0x00000000c2900000| Complete 
|  42|0x00000000c2a00000, 0x00000000c2b00000, 0x00000000c2b00000|100%|HC|  |TAMS 0x00000000c2b00000, 0x00000000c2a00000| Complete 
|  43|0x00000000c2b00000, 0x00000000c2c00000, 0x00000000c2c00000|100%|HC|  |TAMS 0x00000000c2c00000, 0x00000000c2b00000| Complete 
|  44|0x00000000c2c00000, 0x00000000c2d00000, 0x00000000c2d00000|100%|HC|  |TAMS 0x00000000c2d00000, 0x00000000c2c00000| Complete 
|  45|0x00000000c2d00000, 0x00000000c2e00000, 0x00000000c2e00000|100%|HC|  |TAMS 0x00000000c2e00000, 0x00000000c2d00000| Complete 
|  46|0x00000000c2e00000, 0x00000000c2f00000, 0x00000000c2f00000|100%|HC|  |TAMS 0x00000000c2f00000, 0x00000000c2e00000| Complete 
|  47|0x00000000c2f00000, 0x00000000c3000000, 0x00000000c3000000|100%|HC|  |TAMS 0x00000000c3000000, 0x00000000c2f00000| Complete 
|  48|0x00000000c3000000, 0x00000000c3100000, 0x00000000c3100000|100%|HC|  |TAMS 0x00000000c3100000, 0x00000000c3000000| Complete 
|  49|0x00000000c3100000, 0x00000000c3200000, 0x00000000c3200000|100%|HC|  |TAMS 0x00000000c3200000, 0x00000000c3100000| Complete 
|  50|0x00000000c3200000, 0x00000000c3300000, 0x00000000c3300000|100%|HC|  |TAMS 0x00000000c3300000, 0x00000000c3200000| Complete 
|  51|0x00000000c3300000, 0x00000000c3400000, 0x00000000c3400000|100%|HC|  |TAMS 0x00000000c3400000, 0x00000000c3300000| Complete 
|  52|0x00000000c3400000, 0x00000000c3500000, 0x00000000c3500000|100%|HC|  |TAMS 0x00000000c3500000, 0x00000000c3400000| Complete 
|  53|0x00000000c3500000, 0x00000000c3600000, 0x00000000c3600000|100%|HS|  |TAMS 0x00000000c3600000, 0x00000000c3500000| Complete 
|  54|0x00000000c3600000, 0x00000000c3700000, 0x00000000c3700000|100%|HC|  |TAMS 0x00000000c3700000, 0x00000000c3600000| Complete 
|  55|0x00000000c3700000, 0x00000000c3800000, 0x00000000c3800000|100%|HC|  |TAMS 0x00000000c3800000, 0x00000000c3700000| Complete 
|  56|0x00000000c3800000, 0x00000000c3900000, 0x00000000c3900000|100%|HC|  |TAMS 0x00000000c3900000, 0x00000000c3800000| Complete 
|  57|0x00000000c3900000, 0x00000000c3a00000, 0x00000000c3a00000|100%|HC|  |TAMS 0x00000000c3a00000, 0x00000000c3900000| Complete 
|  58|0x00000000c3a00000, 0x00000000c3b00000, 0x00000000c3b00000|100%|HC|  |TAMS 0x00000000c3b00000, 0x00000000c3a00000| Complete 
|  59|0x00000000c3b00000, 0x00000000c3c00000, 0x00000000c3c00000|100%|HC|  |TAMS 0x00000000c3c00000, 0x00000000c3b00000| Complete 
|  60|0x00000000c3c00000, 0x00000000c3d00000, 0x00000000c3d00000|100%|HC|  |TAMS 0x00000000c3d00000, 0x00000000c3c00000| Complete 
|  61|0x00000000c3d00000, 0x00000000c3e00000, 0x00000000c3e00000|100%|HC|  |TAMS 0x00000000c3e00000, 0x00000000c3d00000| Complete 
|  62|0x00000000c3e00000, 0x00000000c3e00000, 0x00000000c3f00000|  0%| F|  |TAMS 0x00000000c3e00000, 0x00000000c3e00000| Untracked 
|  63|0x00000000c3f00000, 0x00000000c3f00000, 0x00000000c4000000|  0%| F|  |TAMS 0x00000000c3f00000, 0x00000000c3f00000| Untracked 
|  64|0x00000000c4000000, 0x00000000c4100000, 0x00000000c4100000|100%|HS|  |TAMS 0x00000000c4100000, 0x00000000c4000000| Complete 
|  65|0x00000000c4100000, 0x00000000c4200000, 0x00000000c4200000|100%|HC|  |TAMS 0x00000000c4200000, 0x00000000c4100000| Complete 
|  66|0x00000000c4200000, 0x00000000c4300000, 0x00000000c4300000|100%|HC|  |TAMS 0x00000000c4300000, 0x00000000c4200000| Complete 
|  67|0x00000000c4300000, 0x00000000c4400000, 0x00000000c4400000|100%|HC|  |TAMS 0x00000000c4400000, 0x00000000c4300000| Complete 
|  68|0x00000000c4400000, 0x00000000c4500000, 0x00000000c4500000|100%|HC|  |TAMS 0x00000000c4500000, 0x00000000c4400000| Complete 
|  69|0x00000000c4500000, 0x00000000c4600000, 0x00000000c4600000|100%|HS|  |TAMS 0x00000000c4600000, 0x00000000c4500000| Complete 
|  70|0x00000000c4600000, 0x00000000c4700000, 0x00000000c4700000|100%|HC|  |TAMS 0x00000000c4700000, 0x00000000c4600000| Complete 
|  71|0x00000000c4700000, 0x00000000c4800000, 0x00000000c4800000|100%|HC|  |TAMS 0x00000000c4800000, 0x00000000c4700000| Complete 
|  72|0x00000000c4800000, 0x00000000c4900000, 0x00000000c4900000|100%|HC|  |TAMS 0x00000000c4900000, 0x00000000c4800000| Complete 
|  73|0x00000000c4900000, 0x00000000c4a00000, 0x00000000c4a00000|100%|HC|  |TAMS 0x00000000c4a00000, 0x00000000c4900000| Complete 
|  74|0x00000000c4a00000, 0x00000000c4b00000, 0x00000000c4b00000|100%|HS|  |TAMS 0x00000000c4b00000, 0x00000000c4a00000| Complete 
|  75|0x00000000c4b00000, 0x00000000c4c00000, 0x00000000c4c00000|100%|HC|  |TAMS 0x00000000c4c00000, 0x00000000c4b00000| Complete 
|  76|0x00000000c4c00000, 0x00000000c4d00000, 0x00000000c4d00000|100%|HC|  |TAMS 0x00000000c4d00000, 0x00000000c4c00000| Complete 
|  77|0x00000000c4d00000, 0x00000000c4e00000, 0x00000000c4e00000|100%|HC|  |TAMS 0x00000000c4e00000, 0x00000000c4d00000| Complete 
|  78|0x00000000c4e00000, 0x00000000c4f00000, 0x00000000c4f00000|100%|HC|  |TAMS 0x00000000c4f00000, 0x00000000c4e00000| Complete 
|  79|0x00000000c4f00000, 0x00000000c5000000, 0x00000000c5000000|100%|HS|  |TAMS 0x00000000c5000000, 0x00000000c4f00000| Complete 
|  80|0x00000000c5000000, 0x00000000c5100000, 0x00000000c5100000|100%|HC|  |TAMS 0x00000000c5100000, 0x00000000c5000000| Complete 
|  81|0x00000000c5100000, 0x00000000c5200000, 0x00000000c5200000|100%|HC|  |TAMS 0x00000000c5200000, 0x00000000c5100000| Complete 
|  82|0x00000000c5200000, 0x00000000c5300000, 0x00000000c5300000|100%|HC|  |TAMS 0x00000000c5300000, 0x00000000c5200000| Complete 
|  83|0x00000000c5300000, 0x00000000c5400000, 0x00000000c5400000|100%|HC|  |TAMS 0x00000000c5400000, 0x00000000c5300000| Complete 
|  84|0x00000000c5400000, 0x00000000c5500000, 0x00000000c5500000|100%|HS|  |TAMS 0x00000000c5500000, 0x00000000c5400000| Complete 
|  85|0x00000000c5500000, 0x00000000c5600000, 0x00000000c5600000|100%|HC|  |TAMS 0x00000000c5600000, 0x00000000c5500000| Complete 
|  86|0x00000000c5600000, 0x00000000c5700000, 0x00000000c5700000|100%|HC|  |TAMS 0x00000000c5700000, 0x00000000c5600000| Complete 
|  87|0x00000000c5700000, 0x00000000c5800000, 0x00000000c5800000|100%|HC|  |TAMS 0x00000000c5800000, 0x00000000c5700000| Complete 
|  88|0x00000000c5800000, 0x00000000c5900000, 0x00000000c5900000|100%|HC|  |TAMS 0x00000000c5900000, 0x00000000c5800000| Complete 
|  89|0x00000000c5900000, 0x00000000c5900000, 0x00000000c5a00000|  0%| F|  |TAMS 0x00000000c5900000, 0x00000000c5900000| Untracked 
|  90|0x00000000c5a00000, 0x00000000c5a00000, 0x00000000c5b00000|  0%| F|  |TAMS 0x00000000c5a00000, 0x00000000c5a00000| Untracked 
|  91|0x00000000c5b00000, 0x00000000c5b00000, 0x00000000c5c00000|  0%| F|  |TAMS 0x00000000c5b00000, 0x00000000c5b00000| Untracked 
|  92|0x00000000c5c00000, 0x00000000c5c00000, 0x00000000c5d00000|  0%| F|  |TAMS 0x00000000c5c00000, 0x00000000c5c00000| Untracked 
|  93|0x00000000c5d00000, 0x00000000c5d00000, 0x00000000c5e00000|  0%| F|  |TAMS 0x00000000c5d00000, 0x00000000c5d00000| Untracked 
|  94|0x00000000c5e00000, 0x00000000c5e00000, 0x00000000c5f00000|  0%| F|  |TAMS 0x00000000c5e00000, 0x00000000c5e00000| Untracked 
|  95|0x00000000c5f00000, 0x00000000c5f00000, 0x00000000c6000000|  0%| F|  |TAMS 0x00000000c5f00000, 0x00000000c5f00000| Untracked 
|  96|0x00000000c6000000, 0x00000000c6000000, 0x00000000c6100000|  0%| F|  |TAMS 0x00000000c6000000, 0x00000000c6000000| Untracked 
|  97|0x00000000c6100000, 0x00000000c6100000, 0x00000000c6200000|  0%| F|  |TAMS 0x00000000c6100000, 0x00000000c6100000| Untracked 
|  98|0x00000000c6200000, 0x00000000c6200000, 0x00000000c6300000|  0%| F|  |TAMS 0x00000000c6200000, 0x00000000c6200000| Untracked 
|  99|0x00000000c6300000, 0x00000000c6300000, 0x00000000c6400000|  0%| F|  |TAMS 0x00000000c6300000, 0x00000000c6300000| Untracked 
| 100|0x00000000c6400000, 0x00000000c6400000, 0x00000000c6500000|  0%| F|  |TAMS 0x00000000c6400000, 0x00000000c6400000| Untracked 
| 101|0x00000000c6500000, 0x00000000c6500000, 0x00000000c6600000|  0%| F|  |TAMS 0x00000000c6500000, 0x00000000c6500000| Untracked 
| 102|0x00000000c6600000, 0x00000000c6600000, 0x00000000c6700000|  0%| F|  |TAMS 0x00000000c6600000, 0x00000000c6600000| Untracked 
| 103|0x00000000c6700000, 0x00000000c6700000, 0x00000000c6800000|  0%| F|  |TAMS 0x00000000c6700000, 0x00000000c6700000| Untracked 
| 104|0x00000000c6800000, 0x00000000c6800000, 0x00000000c6900000|  0%| F|  |TAMS 0x00000000c6800000, 0x00000000c6800000| Untracked 
| 105|0x00000000c6900000, 0x00000000c6900000, 0x00000000c6a00000|  0%| F|  |TAMS 0x00000000c6900000, 0x00000000c6900000| Untracked 
| 106|0x00000000c6a00000, 0x00000000c6a00000, 0x00000000c6b00000|  0%| F|  |TAMS 0x00000000c6a00000, 0x00000000c6a00000| Untracked 
| 107|0x00000000c6b00000, 0x00000000c6b00000, 0x00000000c6c00000|  0%| F|  |TAMS 0x00000000c6b00000, 0x00000000c6b00000| Untracked 
| 108|0x00000000c6c00000, 0x00000000c6c00000, 0x00000000c6d00000|  0%| F|  |TAMS 0x00000000c6c00000, 0x00000000c6c00000| Untracked 
| 109|0x00000000c6d00000, 0x00000000c6d57ec8, 0x00000000c6e00000| 34%| S|CS|TAMS 0x00000000c6d00000, 0x00000000c6d00000| Complete 
| 110|0x00000000c6e00000, 0x00000000c6e00000, 0x00000000c6f00000|  0%| F|  |TAMS 0x00000000c6e00000, 0x00000000c6e00000| Untracked 
| 111|0x00000000c6f00000, 0x00000000c6f00000, 0x00000000c7000000|  0%| F|  |TAMS 0x00000000c6f00000, 0x00000000c6f00000| Untracked 
| 112|0x00000000c7000000, 0x00000000c7000000, 0x00000000c7100000|  0%| F|  |TAMS 0x00000000c7000000, 0x00000000c7000000| Untracked 
| 113|0x00000000c7100000, 0x00000000c7100000, 0x00000000c7200000|  0%| F|  |TAMS 0x00000000c7100000, 0x00000000c7100000| Untracked 
| 114|0x00000000c7200000, 0x00000000c7200000, 0x00000000c7300000|  0%| F|  |TAMS 0x00000000c7200000, 0x00000000c7200000| Untracked 
| 115|0x00000000c7300000, 0x00000000c7300000, 0x00000000c7400000|  0%| F|  |TAMS 0x00000000c7300000, 0x00000000c7300000| Untracked 
| 116|0x00000000c7400000, 0x00000000c7400000, 0x00000000c7500000|  0%| F|  |TAMS 0x00000000c7400000, 0x00000000c7400000| Untracked 
| 117|0x00000000c7500000, 0x00000000c7500000, 0x00000000c7600000|  0%| F|  |TAMS 0x00000000c7500000, 0x00000000c7500000| Untracked 
| 118|0x00000000c7600000, 0x00000000c7600000, 0x00000000c7700000|  0%| F|  |TAMS 0x00000000c7600000, 0x00000000c7600000| Untracked 
| 119|0x00000000c7700000, 0x00000000c7700000, 0x00000000c7800000|  0%| F|  |TAMS 0x00000000c7700000, 0x00000000c7700000| Untracked 
| 120|0x00000000c7800000, 0x00000000c7800000, 0x00000000c7900000|  0%| F|  |TAMS 0x00000000c7800000, 0x00000000c7800000| Untracked 
| 121|0x00000000c7900000, 0x00000000c7900000, 0x00000000c7a00000|  0%| F|  |TAMS 0x00000000c7900000, 0x00000000c7900000| Untracked 
| 122|0x00000000c7a00000, 0x00000000c7a00000, 0x00000000c7b00000|  0%| F|  |TAMS 0x00000000c7a00000, 0x00000000c7a00000| Untracked 
| 123|0x00000000c7b00000, 0x00000000c7b00000, 0x00000000c7c00000|  0%| F|  |TAMS 0x00000000c7b00000, 0x00000000c7b00000| Untracked 
| 124|0x00000000c7c00000, 0x00000000c7c00000, 0x00000000c7d00000|  0%| F|  |TAMS 0x00000000c7c00000, 0x00000000c7c00000| Untracked 
| 125|0x00000000c7d00000, 0x00000000c7d00000, 0x00000000c7e00000|  0%| F|  |TAMS 0x00000000c7d00000, 0x00000000c7d00000| Untracked 
| 126|0x00000000c7e00000, 0x00000000c7e00000, 0x00000000c7f00000|  0%| F|  |TAMS 0x00000000c7e00000, 0x00000000c7e00000| Untracked 
| 127|0x00000000c7f00000, 0x00000000c7f00000, 0x00000000c8000000|  0%| F|  |TAMS 0x00000000c7f00000, 0x00000000c7f00000| Untracked 
| 128|0x00000000c8000000, 0x00000000c8000000, 0x00000000c8100000|  0%| F|  |TAMS 0x00000000c8000000, 0x00000000c8000000| Untracked 
| 129|0x00000000c8100000, 0x00000000c8100000, 0x00000000c8200000|  0%| F|  |TAMS 0x00000000c8100000, 0x00000000c8100000| Untracked 
| 130|0x00000000c8200000, 0x00000000c8200000, 0x00000000c8300000|  0%| F|  |TAMS 0x00000000c8200000, 0x00000000c8200000| Untracked 
| 131|0x00000000c8300000, 0x00000000c8300000, 0x00000000c8400000|  0%| F|  |TAMS 0x00000000c8300000, 0x00000000c8300000| Untracked 
| 132|0x00000000c8400000, 0x00000000c8400000, 0x00000000c8500000|  0%| F|  |TAMS 0x00000000c8400000, 0x00000000c8400000| Untracked 
| 133|0x00000000c8500000, 0x00000000c8500000, 0x00000000c8600000|  0%| F|  |TAMS 0x00000000c8500000, 0x00000000c8500000| Untracked 
| 134|0x00000000c8600000, 0x00000000c8600000, 0x00000000c8700000|  0%| F|  |TAMS 0x00000000c8600000, 0x00000000c8600000| Untracked 
| 135|0x00000000c8700000, 0x00000000c8700000, 0x00000000c8800000|  0%| F|  |TAMS 0x00000000c8700000, 0x00000000c8700000| Untracked 
| 136|0x00000000c8800000, 0x00000000c8800000, 0x00000000c8900000|  0%| F|  |TAMS 0x00000000c8800000, 0x00000000c8800000| Untracked 
| 137|0x00000000c8900000, 0x00000000c8900000, 0x00000000c8a00000|  0%| F|  |TAMS 0x00000000c8900000, 0x00000000c8900000| Untracked 
| 138|0x00000000c8a00000, 0x00000000c8a00000, 0x00000000c8b00000|  0%| F|  |TAMS 0x00000000c8a00000, 0x00000000c8a00000| Untracked 
| 139|0x00000000c8b00000, 0x00000000c8b00000, 0x00000000c8c00000|  0%| F|  |TAMS 0x00000000c8b00000, 0x00000000c8b00000| Untracked 
| 140|0x00000000c8c00000, 0x00000000c8c00000, 0x00000000c8d00000|  0%| F|  |TAMS 0x00000000c8c00000, 0x00000000c8c00000| Untracked 
| 141|0x00000000c8d00000, 0x00000000c8d00000, 0x00000000c8e00000|  0%| F|  |TAMS 0x00000000c8d00000, 0x00000000c8d00000| Untracked 
| 142|0x00000000c8e00000, 0x00000000c8e00000, 0x00000000c8f00000|  0%| F|  |TAMS 0x00000000c8e00000, 0x00000000c8e00000| Untracked 
| 143|0x00000000c8f00000, 0x00000000c8ffae80, 0x00000000c9000000| 98%| E|  |TAMS 0x00000000c8f00000, 0x00000000c8f00000| Complete 

Card table byte_map: [0x0000022139da0000,0x0000022139fa0000] _byte_map_base: 0x00000221397a0000

Marking Bits (Prev, Next): (CMBitMap*) 0x0000022120e4e150, (CMBitMap*) 0x0000022120e4e190
 Prev Bits: [0x000002213a1a0000, 0x000002213b1a0000)
 Next Bits: [0x000002213b1a0000, 0x000002213c1a0000)

Polling page: 0x0000022120d90000

Metaspace:

Usage:
  Non-class:     11.58 MB used.
      Class:    918.72 KB used.
       Both:     12.48 MB used.

Virtual space:
  Non-class space:       64.00 MB reserved,      11.69 MB ( 18%) committed,  1 nodes.
      Class space:        1.00 GB reserved,       1.00 MB ( <1%) committed,  1 nodes.
             Both:        1.06 GB reserved,      12.69 MB (  1%) committed. 

Chunk freelists:
   Non-Class:  3.67 MB
       Class:  14.91 MB
        Both:  18.58 MB

MaxMetaspaceSize: unlimited
CompressedClassSpaceSize: 1.00 GB
Initial GC threshold: 21.00 MB
Current GC threshold: 21.00 MB
CDS: on
MetaspaceReclaimPolicy: balanced
 - commit_granule_bytes: 65536.
 - commit_granule_words: 8192.
 - virtual_space_node_default_size: 8388608.
 - enlarge_chunks_in_place: 1.
 - new_chunks_are_fully_committed: 0.
 - uncommit_free_chunks: 1.
 - use_allocation_guard: 0.
 - handle_deallocations: 1.


Internal statistics:

num_allocs_failed_limit: 0.
num_arena_births: 106.
num_arena_deaths: 0.
num_vsnodes_births: 2.
num_vsnodes_deaths: 0.
num_space_committed: 199.
num_space_uncommitted: 0.
num_chunks_returned_to_freelist: 0.
num_chunks_taken_from_freelist: 382.
num_chunk_merges: 0.
num_chunk_splits: 299.
num_chunks_enlarged: 237.
num_inconsistent_stats: 0.

CodeHeap 'non-profiled nmethods': size=120000Kb used=677Kb max_used=677Kb free=119322Kb
 bounds [0x0000022131c10000, 0x0000022131e80000, 0x0000022139140000]
CodeHeap 'profiled nmethods': size=120000Kb used=2451Kb max_used=2451Kb free=117548Kb
 bounds [0x000002212a140000, 0x000002212a3b0000, 0x0000022131670000]
CodeHeap 'non-nmethods': size=5760Kb used=1613Kb max_used=1647Kb free=4146Kb
 bounds [0x0000022131670000, 0x00000221318e0000, 0x0000022131c10000]
 total_blobs=2278 nmethods=1340 adapters=851
 compilation: enabled
              stopped_count=0, restarted_count=0
 full_count=0

Compilation events (20 events):
Event: 3.181 Thread 0x000002213ebfbb40 1331       3       java.util.concurrent.locks.AbstractQueuedSynchronizer$ConditionObject::signal (34 bytes)
Event: 3.181 Thread 0x000002213ebfbb40 nmethod 1331 0x000002212a3a1c90 code [0x000002212a3a1e60, 0x000002212a3a21a8]
Event: 3.201 Thread 0x000002213ebfbb40 1332       3       java.util.concurrent.ThreadPoolExecutor::runStateAtLeast (11 bytes)
Event: 3.201 Thread 0x000002213ebfbb40 nmethod 1332 0x000002212a3a2310 code [0x000002212a3a24a0, 0x000002212a3a25d8]
Event: 3.229 Thread 0x000002213ebfbb40 1333       3       java.util.concurrent.ThreadPoolExecutor::isRunning (10 bytes)
Event: 3.230 Thread 0x000002213ebfbb40 nmethod 1333 0x000002212a3a2690 code [0x000002212a3a2820, 0x000002212a3a2958]
Event: 3.230 Thread 0x000002213ebfbb40 1334       3       java.util.concurrent.locks.AbstractQueuedSynchronizer$ConditionObject::canReacquire (38 bytes)
Event: 3.230 Thread 0x000002213ebfbb40 nmethod 1334 0x000002212a3a2a10 code [0x000002212a3a2bc0, 0x000002212a3a2f38]
Event: 3.230 Thread 0x000002213ebfbb40 1335       3       java.util.concurrent.locks.LockSupport::setCurrentBlocker (14 bytes)
Event: 3.230 Thread 0x000002213ebfbb40 nmethod 1335 0x000002212a3a3090 code [0x000002212a3a3240, 0x000002212a3a3468]
Event: 3.323 Thread 0x000002213ebfbb40 1337       3       java.lang.StringLatin1::trim (76 bytes)
Event: 3.323 Thread 0x000002213ebfbb40 nmethod 1337 0x000002212a3a3510 code [0x000002212a3a36e0, 0x000002212a3a3ac8]
Event: 3.323 Thread 0x000002213ebfbb40 1336       3       java.lang.String::trim (35 bytes)
Event: 3.324 Thread 0x000002213ebfbb40 nmethod 1336 0x000002212a3a3c10 code [0x000002212a3a3de0, 0x000002212a3a40b8]
Event: 3.419 Thread 0x000002213ebfbb40 1338       3       jdk.internal.misc.Unsafe::checkOffset (32 bytes)
Event: 3.419 Thread 0x000002213ebfbb40 nmethod 1338 0x000002212a3a4190 code [0x000002212a3a4340, 0x000002212a3a45c8]
Event: 3.451 Thread 0x000002213ebfbb40 1339       3       jdk.internal.misc.Unsafe::getAndAddLong (27 bytes)
Event: 3.451 Thread 0x000002213ebfbb40 nmethod 1339 0x000002212a3a4710 code [0x000002212a3a48c0, 0x000002212a3a4b08]
Event: 3.451 Thread 0x000002213ebfbb40 1340       3       jdk.internal.misc.Unsafe::weakCompareAndSetLong (11 bytes)
Event: 3.451 Thread 0x000002213ebfbb40 nmethod 1340 0x000002212a3a4c10 code [0x000002212a3a4da0, 0x000002212a3a4ed8]

GC Heap History (16 events):
Event: 0.836 GC heap before
{Heap before GC invocations=0 (full 0):
 garbage-first heap   total 65536K, used 23552K [0x00000000c0000000, 0x0000000100000000)
  region size 1024K, 23 young (23552K), 0 survivors (0K)
 Metaspace       used 10917K, committed 11072K, reserved 1114112K
  class space    used 747K, committed 832K, reserved 1048576K
}
Event: 0.842 GC heap after
{Heap after GC invocations=1 (full 0):
 garbage-first heap   total 65536K, used 2858K [0x00000000c0000000, 0x0000000100000000)
  region size 1024K, 3 young (3072K), 3 survivors (3072K)
 Metaspace       used 10917K, committed 11072K, reserved 1114112K
  class space    used 747K, committed 832K, reserved 1048576K
}
Event: 1.545 GC heap before
{Heap before GC invocations=1 (full 0):
 garbage-first heap   total 65536K, used 48938K [0x00000000c0000000, 0x0000000100000000)
  region size 1024K, 31 young (31744K), 3 survivors (3072K)
 Metaspace       used 12523K, committed 12736K, reserved 1114112K
  class space    used 905K, committed 1024K, reserved 1048576K
}
Event: 1.551 GC heap after
{Heap after GC invocations=2 (full 0):
 garbage-first heap   total 65536K, used 30412K [0x00000000c0000000, 0x0000000100000000)
  region size 1024K, 4 young (4096K), 4 survivors (4096K)
 Metaspace       used 12523K, committed 12736K, reserved 1114112K
  class space    used 905K, committed 1024K, reserved 1048576K
}
Event: 1.553 GC heap before
{Heap before GC invocations=2 (full 0):
 garbage-first heap   total 65536K, used 35532K [0x00000000c0000000, 0x0000000100000000)
  region size 1024K, 5 young (5120K), 4 survivors (4096K)
 Metaspace       used 12524K, committed 12736K, reserved 1114112K
  class space    used 905K, committed 1024K, reserved 1048576K
}
Event: 1.555 GC heap after
{Heap after GC invocations=3 (full 0):
 garbage-first heap   total 65536K, used 36238K [0x00000000c0000000, 0x0000000100000000)
  region size 1024K, 1 young (1024K), 1 survivors (1024K)
 Metaspace       used 12524K, committed 12736K, reserved 1114112K
  class space    used 905K, committed 1024K, reserved 1048576K
}
Event: 1.570 GC heap before
{Heap before GC invocations=4 (full 0):
 garbage-first heap   total 111616K, used 74126K [0x00000000c0000000, 0x0000000100000000)
  region size 1024K, 2 young (2048K), 1 survivors (1024K)
 Metaspace       used 12524K, committed 12736K, reserved 1114112K
  class space    used 905K, committed 1024K, reserved 1048576K
}
Event: 1.571 GC heap after
{Heap after GC invocations=5 (full 0):
 garbage-first heap   total 111616K, used 74090K [0x00000000c0000000, 0x0000000100000000)
  region size 1024K, 1 young (1024K), 1 survivors (1024K)
 Metaspace       used 12524K, committed 12736K, reserved 1114112K
  class space    used 905K, committed 1024K, reserved 1048576K
}
Event: 1.861 GC heap before
{Heap before GC invocations=6 (full 0):
 garbage-first heap   total 145408K, used 100714K [0x00000000c0000000, 0x0000000100000000)
  region size 1024K, 17 young (17408K), 1 survivors (1024K)
 Metaspace       used 12696K, committed 12928K, reserved 1114112K
  class space    used 913K, committed 1024K, reserved 1048576K
}
Event: 1.862 GC heap after
{Heap after GC invocations=7 (full 0):
 garbage-first heap   total 145408K, used 85188K [0x00000000c0000000, 0x0000000100000000)
  region size 1024K, 1 young (1024K), 1 survivors (1024K)
 Metaspace       used 12696K, committed 12928K, reserved 1114112K
  class space    used 913K, committed 1024K, reserved 1048576K
}
Event: 2.393 GC heap before
{Heap before GC invocations=7 (full 0):
 garbage-first heap   total 145408K, used 118980K [0x00000000c0000000, 0x0000000100000000)
  region size 1024K, 34 young (34816K), 1 survivors (1024K)
 Metaspace       used 12711K, committed 12928K, reserved 1114112K
  class space    used 914K, committed 1024K, reserved 1048576K
}
Event: 2.394 GC heap after
{Heap after GC invocations=8 (full 0):
 garbage-first heap   total 145408K, used 85036K [0x00000000c0000000, 0x0000000100000000)
  region size 1024K, 1 young (1024K), 1 survivors (1024K)
 Metaspace       used 12711K, committed 12928K, reserved 1114112K
  class space    used 914K, committed 1024K, reserved 1048576K
}
Event: 2.891 GC heap before
{Heap before GC invocations=9 (full 0):
 garbage-first heap   total 147456K, used 120876K [0x00000000c0000000, 0x0000000100000000)
  region size 1024K, 36 young (36864K), 1 survivors (1024K)
 Metaspace       used 12718K, committed 12928K, reserved 1114112K
  class space    used 914K, committed 1024K, reserved 1048576K
}
Event: 2.892 GC heap after
{Heap after GC invocations=10 (full 0):
 garbage-first heap   total 147456K, used 86784K [0x00000000c0000000, 0x0000000100000000)
  region size 1024K, 3 young (3072K), 3 survivors (3072K)
 Metaspace       used 12718K, committed 12928K, reserved 1114112K
  class space    used 914K, committed 1024K, reserved 1048576K
}
Event: 3.424 GC heap before
{Heap before GC invocations=10 (full 0):
 garbage-first heap   total 147456K, used 121600K [0x00000000c0000000, 0x0000000100000000)
  region size 1024K, 37 young (37888K), 3 survivors (3072K)
 Metaspace       used 12732K, committed 12928K, reserved 1114112K
  class space    used 914K, committed 1024K, reserved 1048576K
}
Event: 3.424 GC heap after
{Heap after GC invocations=11 (full 0):
 garbage-first heap   total 147456K, used 84622K [0x00000000c0000000, 0x0000000100000000)
  region size 1024K, 1 young (1024K), 1 survivors (1024K)
 Metaspace       used 12732K, committed 12928K, reserved 1114112K
  class space    used 914K, committed 1024K, reserved 1048576K
}

Dll operation events (14 events):
Event: 0.005 Loaded shared library C:\Program Files\Processing\app\resources\jdk-17.0.14+7\bin\java.dll
Event: 0.016 Loaded shared library C:\Program Files\Processing\app\resources\jdk-17.0.14+7\bin\jsvml.dll
Event: 0.085 Loaded shared library C:\Program Files\Processing\app\resources\jdk-17.0.14+7\bin\net.dll
Event: 0.086 Loaded shared library C:\Program Files\Processing\app\resources\jdk-17.0.14+7\bin\nio.dll
Event: 0.088 Loaded shared library C:\Program Files\Processing\app\resources\jdk-17.0.14+7\bin\zip.dll
Event: 0.123 Loaded shared library C:\Program Files\Processing\app\resources\jdk-17.0.14+7\bin\jimage.dll
Event: 0.126 Loaded shared library C:\Program Files\Processing\app\resources\jdk-17.0.14+7\bin\awt.dll
Event: 0.376 Loaded shared library C:\Users\danil\AppData\Local\Temp\jogamp_0000\file_cache\jln1493680821807360370\jln2838395975431185075\natives\windows-amd64\gluegen_rt.dll
Event: 0.382 Loaded shared library C:\Program Files\Processing\app\resources\jdk-17.0.14+7\bin\jawt.dll
Event: 0.392 Loaded shared library C:\Users\danil\AppData\Local\Temp\jogamp_0000\file_cache\jln1493680821807360370\jln2838395975431185075\natives\windows-amd64\nativewindow_awt.dll
Event: 0.418 Loaded shared library C:\Users\danil\AppData\Local\Temp\jogamp_0000\file_cache\jln1493680821807360370\jln2838395975431185075\natives\windows-amd64\nativewindow_win32.dll
Event: 0.491 Loaded shared library C:\Users\danil\AppData\Local\Temp\jogamp_0000\file_cache\jln1493680821807360370\jln2838395975431185075\natives\windows-amd64\jogl_desktop.dll
Event: 0.646 Loaded shared library C:\Users\danil\AppData\Local\Temp\jogamp_0000\file_cache\jln1493680821807360370\jln2838395975431185075\natives\windows-amd64\jogl_mobile.dll
Event: 1.336 Loaded shared library C:\Users\danil\AppData\Local\Temp\jogamp_0000\file_cache\jln1493680821807360370\jln2838395975431185075\natives\windows-amd64\newt_head.dll

Deoptimization events (20 events):
Event: 1.688 Thread 0x0000022186432970 DEOPT PACKING pc=0x000002212a3470db sp=0x0000005ae56fe610
Event: 1.688 Thread 0x0000022186432970 DEOPT UNPACKING pc=0x00000221316cace3 sp=0x0000005ae56fdb80 mode 0
Event: 1.688 Thread 0x0000022186432970 DEOPT PACKING pc=0x000002212a3470db sp=0x0000005ae56fe610
Event: 1.688 Thread 0x0000022186432970 DEOPT UNPACKING pc=0x00000221316cace3 sp=0x0000005ae56fdb80 mode 0
Event: 1.689 Thread 0x0000022186432970 Uncommon trap: trap_request=0xffffff45 fr.pc=0x0000022131c91c4c relative=0x0000000000000fcc
Event: 1.689 Thread 0x0000022186432970 Uncommon trap: reason=unstable_if action=reinterpret pc=0x0000022131c91c4c method=processing.opengl.PGraphicsOpenGL$Tessellator.tessellateRoundPoints2D(III)V @ 126 c2
Event: 1.689 Thread 0x0000022186432970 DEOPT PACKING pc=0x0000022131c91c4c sp=0x0000005ae56fe6c0
Event: 1.689 Thread 0x0000022186432970 DEOPT UNPACKING pc=0x00000221316ca1a3 sp=0x0000005ae56fe680 mode 2
Event: 1.742 Thread 0x0000022186432970 DEOPT PACKING pc=0x000002212a382a54 sp=0x0000005ae56fe8d0
Event: 1.742 Thread 0x0000022186432970 DEOPT UNPACKING pc=0x00000221316cace3 sp=0x0000005ae56fde38 mode 0
Event: 1.743 Thread 0x0000022186432970 Uncommon trap: trap_request=0xffffff45 fr.pc=0x0000022131ca9ad8 relative=0x0000000000000298
Event: 1.743 Thread 0x0000022186432970 Uncommon trap: reason=unstable_if action=reinterpret pc=0x0000022131ca9ad8 method=Gravity_simul$QuadTree.ProcessTree()V @ 273 c2
Event: 1.743 Thread 0x0000022186432970 DEOPT PACKING pc=0x0000022131ca9ad8 sp=0x0000005ae56fe930
Event: 1.743 Thread 0x0000022186432970 DEOPT UNPACKING pc=0x00000221316ca1a3 sp=0x0000005ae56fe948 mode 2
Event: 1.787 Thread 0x000002218642f6d0 DEOPT PACKING pc=0x000002212a3871d2 sp=0x0000005ae46ff230
Event: 1.787 Thread 0x000002218642f6d0 DEOPT UNPACKING pc=0x00000221316cace3 sp=0x0000005ae46fe740 mode 0
Event: 3.445 Thread 0x0000022184b54040 Uncommon trap: trap_request=0xffffff45 fr.pc=0x0000022131c89ae8 relative=0x00000000000001e8
Event: 3.445 Thread 0x0000022184b54040 Uncommon trap: reason=unstable_if action=reinterpret pc=0x0000022131c89ae8 method=java.util.HashMap$HashIterator.<init>(Ljava/util/HashMap;)V @ 38 c2
Event: 3.445 Thread 0x0000022184b54040 DEOPT PACKING pc=0x0000022131c89ae8 sp=0x0000005ae47ff300
Event: 3.445 Thread 0x0000022184b54040 DEOPT UNPACKING pc=0x00000221316ca1a3 sp=0x0000005ae47ff2a8 mode 2

Classes loaded (20 events):
Event: 1.493 Loading class java/util/concurrent/Callable done
Event: 1.493 Loading class java/util/concurrent/Executors$RunnableAdapter done
Event: 1.493 Loading class java/util/concurrent/ThreadPoolExecutor$Worker
Event: 1.493 Loading class java/util/concurrent/ThreadPoolExecutor$Worker done
Event: 1.494 Loading class java/util/concurrent/locks/AbstractQueuedSynchronizer$SharedNode
Event: 1.494 Loading class java/util/concurrent/locks/AbstractQueuedSynchronizer$SharedNode done
Event: 1.608 Loading class sun/nio/cs/StreamDecoder
Event: 1.609 Loading class sun/nio/cs/StreamDecoder done
Event: 1.609 Loading class java/util/regex/Pattern$LookBehindEndNode
Event: 1.609 Loading class java/util/regex/Pattern$LookBehindEndNode done
Event: 1.609 Loading class java/util/regex/Pattern$NotBehind
Event: 1.609 Loading class java/util/regex/Pattern$NotBehind done
Event: 1.609 Loading class java/util/regex/Pattern$Neg
Event: 1.609 Loading class java/util/regex/Pattern$Neg done
Event: 1.609 Loading class java/util/regex/Pattern$Pos
Event: 1.609 Loading class java/util/regex/Pattern$Pos done
Event: 1.615 Loading class java/util/regex/Pattern$SliceS
Event: 1.615 Loading class java/util/regex/Pattern$SliceS done
Event: 3.424 Loading class java/nio/channels/ClosedChannelException
Event: 3.424 Loading class java/nio/channels/ClosedChannelException done

Classes unloaded (0 events):
No events

Classes redefined (0 events):
No events

Internal exceptions (19 events):
Event: 0.113 Thread 0x0000022120e0c510 Exception <a 'java/lang/NoSuchMethodError'{0x00000000c3ce6400}: 'void java.lang.invoke.DirectMethodHandle$Holder.invokeStatic(java.lang.Object, java.lang.Object, java.lang.Object)'> (0x00000000c3ce6400) 
thrown [s\src\hotspot\share\interpreter\linkResolver.cpp, line 759]
Event: 0.119 Thread 0x0000022120e0c510 Exception <a 'java/lang/ClassNotFoundException'{0x00000000c3b0de00}: sun/awt/resources/spi/awtProvider> (0x00000000c3b0de00) 
thrown [s\src\hotspot\share\classfile\systemDictionary.cpp, line 256]
Event: 0.132 Thread 0x0000022120e0c510 Exception <a 'java/io/FileNotFoundException'{0x00000000c3b63740}> (0x00000000c3b63740) 
thrown [s\src\hotspot\share\prims\jni.cpp, line 516]
Event: 0.137 Thread 0x0000022120e0c510 Exception <a 'java/io/FileNotFoundException'{0x00000000c3b90b88}> (0x00000000c3b90b88) 
thrown [s\src\hotspot\share\prims\jni.cpp, line 516]
Event: 0.162 Thread 0x0000022120e0c510 Exception <a 'java/lang/NoSuchMethodError'{0x00000000c3a3e218}: 'java.lang.Object java.lang.invoke.DirectMethodHandle$Holder.invokeStaticInit(java.lang.Object)'> (0x00000000c3a3e218) 
thrown [s\src\hotspot\share\interpreter\linkResolver.cpp, line 759]
Event: 0.244 Thread 0x0000022120e0c510 Exception <a 'java/lang/NoSuchMethodError'{0x00000000c364c2a8}: 'java.lang.Object java.lang.invoke.DirectMethodHandle$Holder.invokeStaticInit(java.lang.Object, int, int, int, int)'> (0x00000000c364c2a8) 
thrown [s\src\hotspot\share\interpreter\linkResolver.cpp, line 759]
Event: 0.277 Thread 0x0000022120e0c510 Exception <a 'java/lang/NoSuchMethodError'{0x00000000c3535110}: 'java.lang.Object java.lang.invoke.DirectMethodHandle$Holder.invokeStaticInit(java.lang.Object, java.lang.Object, int, int, int, int)'> (0x00000000c3535110) 
thrown [s\src\hotspot\share\interpreter\linkResolver.cpp, line 759]
Event: 0.296 Thread 0x0000022120e0c510 Exception <a 'java/lang/NoSuchMethodError'{0x00000000c3540918}: 'void java.lang.invoke.DirectMethodHandle$Holder.invokeStatic(java.lang.Object, long)'> (0x00000000c3540918) 
thrown [s\src\hotspot\share\interpreter\linkResolver.cpp, line 759]
Event: 0.297 Thread 0x0000022120e0c510 Exception <a 'java/lang/NoSuchMethodError'{0x00000000c3545ef8}: 'java.lang.Object java.lang.invoke.DirectMethodHandle$Holder.newInvokeSpecial(java.lang.Object, long)'> (0x00000000c3545ef8) 
thrown [s\src\hotspot\share\interpreter\linkResolver.cpp, line 759]
Event: 0.299 Thread 0x0000022120e0c510 Exception <a 'java/lang/NoSuchMethodError'{0x00000000c3550710}: 'java.lang.Object java.lang.invoke.DirectMethodHandle$Holder.invokeStaticInit(java.lang.Object, java.lang.Object, long, java.lang.Object)'> (0x00000000c3550710) 
thrown [s\src\hotspot\share\interpreter\linkResolver.cpp, line 759]
Event: 0.299 Thread 0x0000022120e0c510 Exception <a 'java/lang/NoSuchMethodError'{0x00000000c3556cd0}: 'java.lang.Object java.lang.invoke.DirectMethodHandle$Holder.newInvokeSpecial(java.lang.Object, java.lang.Object, long)'> (0x00000000c3556cd0) 
thrown [s\src\hotspot\share\interpreter\linkResolver.cpp, line 759]
Event: 0.300 Thread 0x0000022120e0c510 Exception <a 'java/lang/NoSuchMethodError'{0x00000000c355a840}: 'java.lang.Object java.lang.invoke.Invokers$Holder.linkToTargetMethod(java.lang.Object, long, java.lang.Object)'> (0x00000000c355a840) 
thrown [s\src\hotspot\share\interpreter\linkResolver.cpp, line 759]
Event: 0.401 Thread 0x0000022120e0c510 Exception <a 'java/lang/NoSuchMethodError'{0x00000000c34c9f10}: 'java.lang.Object java.lang.invoke.DirectMethodHandle$Holder.invokeInterface(java.lang.Object, java.lang.Object)'> (0x00000000c34c9f10) 
thrown [s\src\hotspot\share\interpreter\linkResolver.cpp, line 759]
Event: 0.402 Thread 0x0000022120e0c510 Exception <a 'java/lang/IncompatibleClassChangeError'{0x00000000c34cd830}: Found class java.lang.Object, but interface was expected> (0x00000000c34cd830) 
thrown [s\src\hotspot\share\interpreter\linkResolver.cpp, line 826]
Event: 1.405 Thread 0x0000022120e0c510 Exception <a 'java/lang/NoSuchMethodError'{0x00000000c3349858}: 'void java.lang.invoke.DirectMethodHandle$Holder.invokeSpecial(java.lang.Object, java.lang.Object, java.lang.Object, java.lang.Object, java.lang.Object)'> (0x00000000c3349858) 
thrown [s\src\hotspot\share\interpreter\linkResolver.cpp, line 759]
Event: 1.406 Thread 0x0000022120e0c510 Exception <a 'java/lang/NoSuchMethodError'{0x00000000c33527e8}: 'void java.lang.invoke.DirectMethodHandle$Holder.invokeSpecial(java.lang.Object, java.lang.Object, java.lang.Object)'> (0x00000000c33527e8) 
thrown [s\src\hotspot\share\interpreter\linkResolver.cpp, line 759]
Event: 1.406 Thread 0x0000022120e0c510 Exception <a 'java/lang/NoSuchMethodError'{0x00000000c3358b18}: 'void java.lang.invoke.DirectMethodHandle$Holder.invokeSpecial(java.lang.Object, java.lang.Object, int)'> (0x00000000c3358b18) 
thrown [s\src\hotspot\share\interpreter\linkResolver.cpp, line 759]
Event: 1.407 Thread 0x0000022120e0c510 Exception <a 'java/lang/NoSuchMethodError'{0x00000000c335eb30}: 'java.lang.Object java.lang.invoke.DirectMethodHandle$Holder.newInvokeSpecial(java.lang.Object, java.lang.Object, int)'> (0x00000000c335eb30) 
thrown [s\src\hotspot\share\interpreter\linkResolver.cpp, line 759]
Event: 3.423 Thread 0x0000022186431f50 Exception <a 'java/lang/InterruptedException'{0x00000000c6e89378}> (0x00000000c6e89378) 
thrown [s\src\hotspot\share\runtime\objectMonitor.cpp, line 1658]

VM Operations (20 events):
Event: 1.581 Executing VM operation: G1PauseRemark done
Event: 1.584 Executing VM operation: G1PauseCleanup
Event: 1.584 Executing VM operation: G1PauseCleanup done
Event: 1.861 Executing VM operation: G1CollectForAllocation
Event: 1.862 Executing VM operation: G1CollectForAllocation done
Event: 2.393 Executing VM operation: G1CollectForAllocation
Event: 2.394 Executing VM operation: G1CollectForAllocation done
Event: 2.398 Executing VM operation: G1PauseRemark
Event: 2.399 Executing VM operation: G1PauseRemark done
Event: 2.400 Executing VM operation: G1PauseCleanup
Event: 2.400 Executing VM operation: G1PauseCleanup done
Event: 2.891 Executing VM operation: G1CollectForAllocation
Event: 2.892 Executing VM operation: G1CollectForAllocation done
Event: 3.424 Executing VM operation: G1CollectForAllocation
Event: 3.424 Executing VM operation: G1CollectForAllocation done
Event: 3.429 Executing VM operation: G1PauseRemark
Event: 3.431 Executing VM operation: G1PauseRemark done
Event: 3.433 Executing VM operation: G1PauseCleanup
Event: 3.433 Executing VM operation: G1PauseCleanup done
Event: 3.526 Executing VM operation: Exit

Memory protections (0 events):
No events

Nmethod flushes (0 events):
No events

Events (20 events):
Event: 1.415 Thread 0x000002218498fdd0 Thread exited: 0x000002218498fdd0
Event: 1.494 Thread 0x0000022186432970 Thread added: 0x000002218642f6d0
Event: 1.494 Thread 0x0000022186432970 Thread added: 0x0000022186432460
Event: 1.494 Thread 0x0000022186432970 Thread added: 0x0000022186431020
Event: 1.494 Thread 0x0000022186432970 Thread added: 0x0000022186430b10
Event: 1.532 Thread 0x000002218644e430 Thread added: 0x0000022196a8f4e0
Event: 1.917 Thread 0x0000022196a8f4e0 Thread exited: 0x0000022196a8f4e0
Event: 1.917 Thread 0x000002218644e430 Thread exited: 0x000002218644e430
Event: 3.423 Thread 0x0000022186432970 Thread added: 0x0000022186432e80
Event: 3.423 Thread 0x0000022186432970 Thread added: 0x000002218642fbe0
Event: 3.423 Thread 0x0000022186432970 Thread added: 0x0000022186430600
Event: 3.423 Thread 0x0000022186431f50 Thread exited: 0x0000022186431f50
Event: 3.424 Thread 0x0000022184463390 Thread added: 0x0000022186431a40
Event: 3.425 Thread 0x0000022186430600 Thread exited: 0x0000022186430600
Event: 3.425 Thread 0x00000221867f67a0 Thread exited: 0x00000221867f67a0
Event: 3.426 Thread 0x0000022184463390 Thread exited: 0x0000022184463390
Event: 3.449 Thread 0x0000022184b54040 Thread exited: 0x0000022184b54040
Event: 3.451 Thread 0x0000022186432e80 Thread exited: 0x0000022186432e80
Event: 3.525 Thread 0x000002218642fbe0 Thread exited: 0x000002218642fbe0
Event: 3.525 Thread 0x0000022186432970 Before exit entered


Dynamic libraries:
0x00007ff7c9de0000 - 0x00007ff7c9dee000 	C:\Program Files\Processing\app\resources\jdk-17.0.14+7\bin\java.exe
0x00007ffa7da60000 - 0x00007ffa7dcc7000 	C:\WINDOWS\SYSTEM32\ntdll.dll
0x00007ffa7c020000 - 0x00007ffa7c0e9000 	C:\WINDOWS\System32\KERNEL32.DLL
0x00007ffa7a540000 - 0x00007ffa7a937000 	C:\WINDOWS\System32\KERNELBASE.dll
0x00007ffa7ab20000 - 0x00007ffa7ac6b000 	C:\WINDOWS\System32\ucrtbase.dll
0x00007ffa4d920000 - 0x00007ffa4d937000 	C:\Program Files\Processing\app\resources\jdk-17.0.14+7\bin\jli.dll
0x00007ffa4d900000 - 0x00007ffa4d91e000 	C:\Program Files\Processing\app\resources\jdk-17.0.14+7\bin\VCRUNTIME140.dll
0x00007ffa7bdd0000 - 0x00007ffa7bf96000 	C:\WINDOWS\System32\USER32.dll
0x00007ffa61590000 - 0x00007ffa61822000 	C:\WINDOWS\WinSxS\amd64_microsoft.windows.common-controls_6595b64144ccf1df_6.0.26100.8457_none_3e0b2faee331e92d\COMCTL32.dll
0x00007ffa7b7e0000 - 0x00007ffa7b889000 	C:\WINDOWS\System32\msvcrt.dll
0x00007ffa7b630000 - 0x00007ffa7b657000 	C:\WINDOWS\System32\win32u.dll
0x00007ffa7cc40000 - 0x00007ffa7cc6b000 	C:\WINDOWS\System32\GDI32.dll
0x00007ffa7a940000 - 0x00007ffa7aa6c000 	C:\WINDOWS\System32\gdi32full.dll
0x00007ffa7a490000 - 0x00007ffa7a533000 	C:\WINDOWS\System32\msvcp_win.dll
0x00007ffa7ba00000 - 0x00007ffa7ba32000 	C:\WINDOWS\System32\IMM32.DLL
0x00007ffa736e0000 - 0x00007ffa736ec000 	C:\Program Files\Processing\app\resources\jdk-17.0.14+7\bin\vcruntime140_1.dll
0x00007ffa24150000 - 0x00007ffa241dd000 	C:\Program Files\Processing\app\resources\jdk-17.0.14+7\bin\msvcp140.dll
0x00007ff9b1440000 - 0x00007ff9b20ab000 	C:\Program Files\Processing\app\resources\jdk-17.0.14+7\bin\server\jvm.dll
0x00007ffa7d380000 - 0x00007ffa7d436000 	C:\WINDOWS\System32\ADVAPI32.dll
0x00007ffa7d450000 - 0x00007ffa7d4f7000 	C:\WINDOWS\System32\sechost.dll
0x00007ffa7d610000 - 0x00007ffa7d728000 	C:\WINDOWS\System32\RPCRT4.dll
0x00007ffa7d500000 - 0x00007ffa7d580000 	C:\WINDOWS\System32\WS2_32.dll
0x00007ffa7a310000 - 0x00007ffa7a36e000 	C:\WINDOWS\SYSTEM32\POWRPROF.dll
0x00007ffa704a0000 - 0x00007ffa704ab000 	C:\WINDOWS\SYSTEM32\VERSION.dll
0x00007ffa61e60000 - 0x00007ffa61e96000 	C:\WINDOWS\SYSTEM32\WINMM.dll
0x00007ffa7a2f0000 - 0x00007ffa7a304000 	C:\WINDOWS\SYSTEM32\UMPDC.dll
0x00007ffa79220000 - 0x00007ffa7923b000 	C:\WINDOWS\SYSTEM32\kernel.appcore.dll
0x00007ffa4d410000 - 0x00007ffa4d41a000 	C:\Program Files\Processing\app\resources\jdk-17.0.14+7\bin\jimage.dll
0x00007ffa72470000 - 0x00007ffa726b2000 	C:\WINDOWS\SYSTEM32\DBGHELP.DLL
0x00007ffa7c870000 - 0x00007ffa7cbf3000 	C:\WINDOWS\System32\combase.dll
0x00007ffa7bc30000 - 0x00007ffa7bd09000 	C:\WINDOWS\System32\OLEAUT32.dll
0x00007ffa410a0000 - 0x00007ffa410db000 	C:\WINDOWS\SYSTEM32\dbgcore.DLL
0x00007ffa7aa70000 - 0x00007ffa7ab18000 	C:\WINDOWS\System32\bcryptPrimitives.dll
0x00007ffa457d0000 - 0x00007ffa4580b000 	C:\Program Files\Processing\app\resources\jdk-17.0.14+7\bin\jdwp.dll
0x00007ffa4c330000 - 0x00007ffa4c355000 	C:\Program Files\Processing\app\resources\jdk-17.0.14+7\bin\java.dll
0x00007ff9eca50000 - 0x00007ff9ecb27000 	C:\Program Files\Processing\app\resources\jdk-17.0.14+7\bin\jsvml.dll
0x00007ffa7c0f0000 - 0x00007ffa7c85e000 	C:\WINDOWS\System32\SHELL32.dll
0x00007ffa7ac70000 - 0x00007ffa7b4dc000 	C:\WINDOWS\System32\windows.storage.dll
0x00007ffa7d730000 - 0x00007ffa7d826000 	C:\WINDOWS\System32\SHCORE.dll
0x00007ffa7d210000 - 0x00007ffa7d276000 	C:\WINDOWS\System32\shlwapi.dll
0x00007ffa7a3b0000 - 0x00007ffa7a3d9000 	C:\WINDOWS\SYSTEM32\profapi.dll
0x00007ffa4d400000 - 0x00007ffa4d40c000 	C:\Program Files\Processing\app\resources\jdk-17.0.14+7\bin\dt_socket.dll
0x00007ffa78c30000 - 0x00007ffa78c62000 	C:\WINDOWS\SYSTEM32\IPHLPAPI.DLL
0x00007ffa79790000 - 0x00007ffa797fc000 	C:\WINDOWS\system32\mswsock.dll
0x00007ffa4ce10000 - 0x00007ffa4ce29000 	C:\Program Files\Processing\app\resources\jdk-17.0.14+7\bin\net.dll
0x00007ffa775b0000 - 0x00007ffa776d9000 	C:\WINDOWS\SYSTEM32\WINHTTP.dll
0x00007ffa4cd70000 - 0x00007ffa4cd86000 	C:\Program Files\Processing\app\resources\jdk-17.0.14+7\bin\nio.dll
0x00007ffa47890000 - 0x00007ffa478a8000 	C:\Program Files\Processing\app\resources\jdk-17.0.14+7\bin\zip.dll
0x00007ff9ec710000 - 0x00007ff9ec8a0000 	C:\Program Files\Processing\app\resources\jdk-17.0.14+7\bin\awt.dll
0x00007ffa76060000 - 0x00007ffa76100000 	C:\WINDOWS\SYSTEM32\apphelp.dll
0x00007ffa77ee0000 - 0x00007ffa77f8a000 	C:\WINDOWS\system32\uxtheme.dll
0x00007ffa7b890000 - 0x00007ffa7b9ec000 	C:\WINDOWS\System32\MSCTF.dll
0x00007ffa7ba40000 - 0x00007ffa7bbd7000 	C:\WINDOWS\System32\ole32.dll
0x00007ffa781d0000 - 0x00007ffa781ff000 	C:\WINDOWS\system32\DWMAPI.DLL
0x00007ffa33d40000 - 0x00007ffa33e4f000 	C:\WINDOWS\system32\opengl32.dll
0x00007ffa36620000 - 0x00007ffa3664d000 	C:\WINDOWS\SYSTEM32\GLU32.dll
0x00007ffa77ff0000 - 0x00007ffa78035000 	C:\WINDOWS\SYSTEM32\dxcore.dll
0x00007ffa79a70000 - 0x00007ffa79a8b000 	C:\WINDOWS\SYSTEM32\CRYPTSP.dll
0x00007ffa79180000 - 0x00007ffa791b9000 	C:\WINDOWS\system32\rsaenh.dll
0x00007ffa79840000 - 0x00007ffa79873000 	C:\WINDOWS\SYSTEM32\USERENV.dll
0x00007ffa7a380000 - 0x00007ffa7a3aa000 	C:\WINDOWS\SYSTEM32\bcrypt.dll
0x00007ffa79a90000 - 0x00007ffa79a9c000 	C:\WINDOWS\SYSTEM32\CRYPTBASE.dll
0x00007ffa7cc00000 - 0x00007ffa7cc0a000 	C:\WINDOWS\System32\NSI.dll
0x00007ffa77800000 - 0x00007ffa7781d000 	C:\WINDOWS\SYSTEM32\dhcpcsvc6.DLL
0x00007ffa77750000 - 0x00007ffa77775000 	C:\WINDOWS\SYSTEM32\dhcpcsvc.DLL
0x00007ffa78ce0000 - 0x00007ffa78e12000 	C:\WINDOWS\SYSTEM32\DNSAPI.dll
0x00007ffa419e0000 - 0x00007ffa419f3000 	C:\Users\danil\AppData\Local\Temp\jogamp_0000\file_cache\jln1493680821807360370\jln2838395975431185075\natives\windows-amd64\gluegen_rt.dll
0x00007ffa46bc0000 - 0x00007ffa46bc7000 	C:\Program Files\Processing\app\resources\jdk-17.0.14+7\bin\jawt.dll
0x00007ffa457c0000 - 0x00007ffa457cd000 	C:\Users\danil\AppData\Local\Temp\jogamp_0000\file_cache\jln1493680821807360370\jln2838395975431185075\natives\windows-amd64\nativewindow_awt.dll
0x00007ffa41800000 - 0x00007ffa41815000 	C:\Users\danil\AppData\Local\Temp\jogamp_0000\file_cache\jln1493680821807360370\jln2838395975431185075\natives\windows-amd64\nativewindow_win32.dll
0x00007ff9ec680000 - 0x00007ff9ec703000 	C:\Users\danil\AppData\Local\Temp\jogamp_0000\file_cache\jln1493680821807360370\jln2838395975431185075\natives\windows-amd64\jogl_desktop.dll
0x00007ffa24380000 - 0x00007ffa243d2000 	C:\Users\danil\AppData\Local\Temp\jogamp_0000\file_cache\jln1493680821807360370\jln2838395975431185075\natives\windows-amd64\jogl_mobile.dll
0x00007ffa73470000 - 0x00007ffa734d1000 	C:\WINDOWS\SYSTEM32\directxdatabasehelper.dll
0x00007ffa665e0000 - 0x00007ffa665fd000 	C:\WINDOWS\SYSTEM32\windows.staterepositorycore.dll
0x00007ff9af790000 - 0x00007ff9b0763000 	C:\WINDOWS\System32\DriverStore\FileRepository\iigd_dch.inf_amd64_225f37aa3862fc3f\igxelpicd64.dll
0x00007ffa78040000 - 0x00007ffa7817e000 	C:\WINDOWS\system32\dxgi.dll
0x00007ff9d3b70000 - 0x00007ff9d3ff7000 	C:\WINDOWS\System32\DriverStore\FileRepository\iigd_dch.inf_amd64_225f37aa3862fc3f\igdml64.dll
0x00007ffa7a000000 - 0x00007ffa7a051000 	C:\WINDOWS\SYSTEM32\cfgmgr32.dll
0x00007ffa704b0000 - 0x00007ffa70871000 	C:\WINDOWS\System32\DriverStore\FileRepository\iigd_dch.inf_amd64_225f37aa3862fc3f\igdgmm64.dll
0x00007ffa6d290000 - 0x00007ffa70496000 	C:\WINDOWS\System32\DriverStore\FileRepository\iigd_dch.inf_amd64_225f37aa3862fc3f\igc64.dll
0x00007ffa3ade0000 - 0x00007ffa3adf9000 	C:\Users\danil\AppData\Local\Temp\jogamp_0000\file_cache\jln1493680821807360370\jln2838395975431185075\natives\windows-amd64\newt_head.dll
0x00007ffa6bce0000 - 0x00007ffa6bd9f000 	C:\WINDOWS\SYSTEM32\mscms.dll
0x00007ffa111b0000 - 0x00007ffa111f9000 	C:\WINDOWS\SYSTEM32\icm32.dll
0x00007ffa7cc70000 - 0x00007ffa7d0f7000 	C:\WINDOWS\System32\setupapi.dll
0x00007ffa79fd0000 - 0x00007ffa79ffd000 	C:\WINDOWS\SYSTEM32\DEVOBJ.dll
0x00007ffa7b4e0000 - 0x00007ffa7b562000 	C:\WINDOWS\System32\WINTRUST.dll
0x00007ffa7b660000 - 0x00007ffa7b7d8000 	C:\WINDOWS\System32\CRYPT32.dll
0x00007ffa79ba0000 - 0x00007ffa79bb3000 	C:\WINDOWS\SYSTEM32\MSASN1.dll
0x00007ffa4d4c0000 - 0x00007ffa4d606000 	C:\WINDOWS\SYSTEM32\textinputframework.dll
0x00007ffa76ea0000 - 0x00007ffa76fc7000 	C:\WINDOWS\SYSTEM32\CoreMessaging.dll
0x00007ffa726c0000 - 0x00007ffa729a2000 	C:\WINDOWS\SYSTEM32\CoreUIComponents.dll
0x00007ffa737b0000 - 0x00007ffa7391a000 	C:\WINDOWS\SYSTEM32\wintypes.dll

dbghelp: loaded successfully - version: 4.0.5 - missing functions: none
symbol engine: initialized successfully - sym options: 0x614 - pdb path: .;C:\Program Files\Processing\app\resources\jdk-17.0.14+7\bin;C:\WINDOWS\SYSTEM32;C:\WINDOWS\WinSxS\amd64_microsoft.windows.common-controls_6595b64144ccf1df_6.0.26100.8457_none_3e0b2faee331e92d;C:\Program Files\Processing\app\resources\jdk-17.0.14+7\bin\server;C:\Users\danil\AppData\Local\Temp\jogamp_0000\file_cache\jln1493680821807360370\jln2838395975431185075\natives\windows-amd64;C:\WINDOWS\System32\DriverStore\FileRepository\iigd_dch.inf_amd64_225f37aa3862fc3f

VM Arguments:
jvm_args: -agentlib:jdwp=transport=dt_socket,address=8834,server=y,suspend=y,quiet=y -Xms64m -Xmx1024m -Djna.nosys=true -Djava.library.path=;C:\Program Files\Processing\app\resources\core\library;C:\Program Files\Processing;C:\WINDOWS\system32;C:\WINDOWS;C:\Program Files\PlasticSCM5\server;C:\Program Files\PlasticSCM5\client;C:\Program Files\Common Files\Oracle\Java\javapath;C:\Program Files (x86)\Common Files\Oracle\Java\javapath;C:\Windows\System32\HWAudioDriverLibs;C:\Windows\system32;C:\Windows;C:\Windows\System32\Wbem;C:\Windows\System32\WindowsPowerShell\v1.0;C:\Windows\System32\OpenSSH;C:\Program Files\Microsoft SQL Server\150\Tools\Binn;C:\Program Files\Microsoft SQL Server\Client SDK\ODBC\170\Tools\Binn;C:\Program Files\dotnet;D:\Windows Kits\10\Windows Performance Toolkit;C:\Program Files\Java\jdk-23\bin;C:\WINDOWS\system32;C:\WINDOWS;C:\WINDOWS\System32\Wbem;C:\WINDOWS\System32\WindowsPowerShell\v1.0;C:\WINDOWS\System32\OpenSSH;C:\Program Files\nodejs;C:\Program Files\Docker\Docker\resources\bin;C:\Program Files\TortoiseGit\bin;C:\Program Files\Git\cmd;C:\Users\danil\AppData\Local\Programs\Python\Python312\Scripts;C:\Users\danil\AppData\Local\Programs\Python\Python312;C:\Users\danil\AppData\Local\Microsoft\WindowsApps;C:\Users\danil\AppData\Local\Programs\Microsoft VS Code\bin;C:\Users\danil\AppData\Roaming\npm;D:\DataBase\18\bin;C:\Program Files\Processing\app;. -ea 
java_command: processing.core.PApplet --editor-location=-7,-7 --external --display=1 --sketch-path=C:\Users\danil\Desktop\Gravity_simul Gravity_simul
java_class_path (initial): C:\Users\danil\AppData\Local\Temp\processing\Gravity_simul749307421213117661temp;C:\Program Files\Processing\app\resources\core\library\annotations-13.0.jar;C:\Program Files\Processing\app\resources\core\library\antlr-2.7.7.jar;C:\Program Files\Processing\app\resources\core\library\core-4.4.1.jar;C:\Program Files\Processing\app\resources\core\library\gluegen-rt-2.5.0-natives-android-aarch64.jar;C:\Program Files\Processing\app\resources\core\library\gluegen-rt-2.5.0-natives-linux-aarch64.jar;C:\Program Files\Processing\app\resources\core\library\gluegen-rt-2.5.0-natives-linux-amd64.jar;C:\Program Files\Processing\app\resources\core\library\gluegen-rt-2.5.0-natives-linux-armv6hf.jar;C:\Program Files\Processing\app\resources\core\library\gluegen-rt-2.5.0-natives-macosx-universal.jar;C:\Program Files\Processing\app\resources\core\library\gluegen-rt-2.5.0-natives-windows-amd64.jar;C:\Program Files\Processing\app\resources\core\library\gluegen-rt-2.5.0.jar;C:\Program Files\Processing\app\resources\core\library\gluegen-rt-main-2.5.0.jar;C:\Program Files\Processing\app\resources\core\library\jogl-all-2.5.0-natives-android-aarch64.jar;C:\Program Files\Processing\app\resources\core\library\jogl-all-2.5.0-natives-linux-aarch64.jar;C:\Program Files\Processing\app\resources\core\library\jogl-all-2.5.0-natives-linux-amd64.jar;C:\Program Files\Processing\app\resources\core\library\jogl-all-2.5.0-natives-linux-armv6hf.jar;C:\Program Files\Processing\app\resources\core\library\jogl-all-2.5.0-natives-macosx-universal.jar;C:\Program Files\Processing\app\resources\core\library\jogl-all-2.5.0-natives-windows-amd64.jar;C:\Program Files\Processing\app\resources\core\library\jogl-all-2.5.0.jar;C:\Program Files\Processing\app\resources\core\library\jogl-all-main-2.5.0.jar;C:\Program Files\Processing\app\resources\core\library\kotlin-stdlib-2.0.20.jar
Launcher Type: SUN_STANDARD

[Global flags]
     intx CICompilerCount                          = 4                                         {product} {ergonomic}
     uint ConcGCThreads                            = 2                                         {product} {ergonomic}
     uint G1ConcRefinementThreads                  = 8                                         {product} {ergonomic}
   size_t G1HeapRegionSize                         = 1048576                                   {product} {ergonomic}
    uintx GCDrainStackTargetSize                   = 64                                        {product} {ergonomic}
   size_t InitialHeapSize                          = 67108864                                  {product} {command line}
   size_t MarkStackSize                            = 4194304                                   {product} {ergonomic}
   size_t MaxHeapSize                              = 1073741824                                {product} {command line}
   size_t MaxNewSize                               = 643825664                                 {product} {ergonomic}
   size_t MinHeapDeltaBytes                        = 1048576                                   {product} {ergonomic}
   size_t MinHeapSize                              = 67108864                                  {product} {command line}
    uintx NonNMethodCodeHeapSize                   = 5839372                                {pd product} {ergonomic}
    uintx NonProfiledCodeHeapSize                  = 122909434                              {pd product} {ergonomic}
    uintx ProfiledCodeHeapSize                     = 122909434                              {pd product} {ergonomic}
    uintx ReservedCodeCacheSize                    = 251658240                              {pd product} {ergonomic}
     bool SegmentedCodeCache                       = true                                      {product} {ergonomic}
   size_t SoftMaxHeapSize                          = 1073741824                             {manageable} {ergonomic}
     bool UseCompressedClassPointers               = true                           {product lp64_product} {ergonomic}
     bool UseCompressedOops                        = true                           {product lp64_product} {ergonomic}
     bool UseG1GC                                  = true                                      {product} {ergonomic}
     bool UseLargePagesIndividualAllocation        = false                                  {pd product} {ergonomic}

Logging:
Log output configuration:
 #0: stdout all=off uptime,level,tags
 #1: stderr all=off uptime,level,tags

Environment Variables:
JAVA_HOME=C:\Program Files\Java\jdk-23
PATH=C:\Program Files\PlasticSCM5\server;C:\Program Files\PlasticSCM5\client;C:\Program Files\Common Files\Oracle\Java\javapath;C:\Program Files (x86)\Common Files\Oracle\Java\javapath;C:\Windows\System32\HWAudioDriverLibs;C:\Windows\system32;C:\Windows;C:\Windows\System32\Wbem;C:\Windows\System32\WindowsPowerShell\v1.0\;C:\Windows\System32\OpenSSH\;C:\Users\Administrator\AppData\Local\Microsoft\WindowsApps;C:\Program Files\Microsoft SQL Server\150\Tools\Binn\;C:\Program Files\Microsoft SQL Server\Client SDK\ODBC\170\Tools\Binn\;C:\Program Files\dotnet\;D:\Windows Kits\10\Windows Performance Toolkit\;C:\Program Files\Java\jdk-23\bin;C:\WINDOWS\system32;C:\WINDOWS;C:\WINDOWS\System32\Wbem;C:\WINDOWS\System32\WindowsPowerShell\v1.0\;C:\WINDOWS\System32\OpenSSH\;C:\Program Files\nodejs\;C:\Program Files\Docker\Docker\resources\bin;C:\Program Files\TortoiseGit\bin;C:\Program Files\Git\cmd;C:\Users\danil\AppData\Local\Programs\Python\Python312\Scripts\;C:\Users\danil\AppData\Local\Programs\Python\Python312\;C:\Users\danil\AppData\Local\Microsoft\WindowsApps;C:\Users\danil\.dotnet\tools;C:\Users\danil\AppData\Local\Programs\Microsoft VS Code\bin;C:\Users\danil\AppData\Roaming\npm;D:\DataBase\18\bin;C:\Program Files\Processing\app
USERNAME=danil
OS=Windows_NT
PROCESSOR_IDENTIFIER=Intel64 Family 6 Model 140 Stepping 2, GenuineIntel
TMP=C:\Users\danil\AppData\Local\Temp
TEMP=C:\Users\danil\AppData\Local\Temp



Periodic native trim disabled


---------------  S Y S T E M  ---------------

OS:
 Windows 11 , 64 bit Build 26100 (10.0.26100.8328)
OS uptime: 0 days 4:35 hours
Hyper-V role detected

CPU: total 8 (initial active 8) (4 cores per cpu, 2 threads per core) family 6 model 140 stepping 2 microcode 0x16, cx8, cmov, fxsr, ht, mmx, 3dnowpref, sse, sse2, sse3, ssse3, sse4.1, sse4.2, popcnt, lzcnt, tsc, tscinvbit, avx, avx2, aes, erms, clmul, bmi1, bmi2, adx, avx512f, avx512dq, avx512cd, avx512bw, avx512vl, sha, fma, vzeroupper, avx512_vpopcntdq, avx512_vpclmulqdq, avx512_vaes, avx512_vnni, clflush, clflushopt, clwb, avx512_vbmi2, avx512_vbmi, hv
Processor Information for all 8 processors :
  Max Mhz: 2496, Current Mhz: 2496, Mhz Limit: 2496

Memory: 4k page, system-wide physical 7975M (2169M free)
TotalPageFile size 17703M (AvailPageFile size 8137M)
current process WorkingSet (physical memory assigned to process): 534M, peak: 539M
current process commit charge ("private bytes"): 538M, peak: 539M

vm_info: OpenJDK 64-Bit Server VM (17.0.14+7) for windows-amd64 JRE (17.0.14+7), built on Jan 21 2025 23:40:15 by "admin" with MS VC++ 17.7 (VS2022)

END.
