#
# A fatal error has been detected by the Java Runtime Environment:
#
#  EXCEPTION_ACCESS_VIOLATION (0xc0000005) at pc=0x00007ffdf360b386, pid=1860, tid=2724
#
# JRE version: OpenJDK Runtime Environment Temurin-17.0.14+7 (17.0.14+7) (build 17.0.14+7)
# Java VM: OpenJDK 64-Bit Server VM Temurin-17.0.14+7 (17.0.14+7, mixed mode, sharing, tiered, compressed oops, compressed class ptrs, g1 gc, windows-amd64)
# Problematic frame:
# C  [igxelpicd64.dll+0x23b386]
#
# No core dump will be written. Minidumps are not enabled by default on client versions of Windows
#
# If you would like to submit a bug report, please visit:
#   https://github.com/adoptium/adoptium-support/issues
#

---------------  S U M M A R Y ------------

Command Line: -agentlib:jdwp=transport=dt_socket,address=8235,server=y,suspend=y,quiet=y -Xms64m -Xmx1024m -Djna.nosys=true -Djava.library.path=;C:\Program Files\Processing\app\resources\core\library;C:\Program Files\Processing;C:\WINDOWS\system32;C:\WINDOWS;C:\Program Files\PlasticSCM5\server;C:\Program Files\PlasticSCM5\client;C:\Program Files\Common Files\Oracle\Java\javapath;C:\Program Files (x86)\Common Files\Oracle\Java\javapath;C:\Windows\System32\HWAudioDriverLibs;C:\Windows\system32;C:\Windows;C:\Windows\System32\Wbem;C:\Windows\System32\WindowsPowerShell\v1.0;C:\Windows\System32\OpenSSH;C:\Program Files\Microsoft SQL Server\150\Tools\Binn;C:\Program Files\Microsoft SQL Server\Client SDK\ODBC\170\Tools\Binn;C:\Program Files\dotnet;D:\Windows Kits\10\Windows Performance Toolkit;C:\Program Files\Java\jdk-23\bin;C:\WINDOWS\system32;C:\WINDOWS;C:\WINDOWS\System32\Wbem;C:\WINDOWS\System32\WindowsPowerShell\v1.0;C:\WINDOWS\System32\OpenSSH;C:\Program Files\nodejs;C:\Program Files\Docker\Docker\resources\bin;C:\Program Files\TortoiseGit\bin;C:\Program Files\Git\cmd;C:\Users\danil\AppData\Local\Programs\Python\Python312\Scripts;C:\Users\danil\AppData\Local\Programs\Python\Python312;C:\Users\danil\AppData\Local\Microsoft\WindowsApps;C:\Users\danil\AppData\Local\Programs\Microsoft VS Code\bin;C:\Users\danil\AppData\Roaming\npm;D:\DataBase\18\bin;C:\Program Files\Processing\app;. -ea processing.core.PApplet --editor-location=-7,-7 --external --display=1 --sketch-path=C:\Users\danil\Desktop\Gravity_simul Gravity_simul

Host: 11th Gen Intel(R) Core(TM) i5-1155G7 @ 2.50GHz, 8 cores, 7G,  Windows 11 , 64 bit Build 26100 (10.0.26100.8328)
Time: Sun Jun 28 13:45:05 2026 RTZ 3 (s 11 , 64 bit Build 26100 (10.0.26100.8328) elapsed time: 12.613689 seconds (0d 0h 0m 12s)

---------------  T H R E A D  ---------------

Current thread (0x00000232ea7a8db0):  VMThread "VM Thread" [stack: 0x0000006153300000,0x0000006153400000] [id=2724]

Stack: [0x0000006153300000,0x0000006153400000],  sp=0x00000061533fe3d0,  free space=1016k
Native frames: (J=compiled Java code, j=interpreted, Vv=VM code, C=native code)
C  [igxelpicd64.dll+0x23b386]


siginfo: EXCEPTION_ACCESS_VIOLATION (0xc0000005), reading address 0x0000000000035468


Registers:
RAX=0x00000232f1111120, RBX=0x00000232ef7b1ba0, RCX=0x0000000000000004, RDX=0x0000000000000000
RSP=0x00000061533fe3d0, RBP=0x0000000000000000, RSI=0x00000232f1110f20, RDI=0x00000232ef2346a0
R8 =0x00000232f1111020, R9 =0x00000061528fc000, R10=0x0000000000000000, R11=0x0000000000000246
R12=0x00000232f1110f20, R13=0x0000000000000000, R14=0x00000232f1111468, R15=0x00000232f110e0a0
RIP=0x00007ffdf360b386, EFLAGS=0x0000000000010202


Register to memory mapping:

RIP=0x00007ffdf360b386 igxelpicd64.dll
RAX=0x00000232f1111120 points into unknown readable memory: 0x00000000000025ab | ab 25 00 00 00 00 00 00
RBX=0x00000232ef7b1ba0 points into unknown readable memory: 0xffffffffffffffff | ff ff ff ff ff ff ff ff
RCX=0x0000000000000004 is an unknown value
RDX=0x0 is NULL
RSP=0x00000061533fe3d0 points into unknown readable memory: 0x00000232ef7b1ba0 | a0 1b 7b ef 32 02 00 00
RBP=0x0 is NULL
RSI=0x00000232f1110f20 points into unknown readable memory: 0x00000232ef80f4f0 | f0 f4 80 ef 32 02 00 00
RDI=0x00000232ef2346a0 points into unknown readable memory: 0x34000000bebafe00 | 00 fe ba be 00 00 00 34
R8 =0x00000232f1111020 points into unknown readable memory: 0x0000000000000000 | 00 00 00 00 00 00 00 00
R9 =0x00000061528fc000 points into unknown readable memory: 0x0000000000000000 | 00 00 00 00 00 00 00 00
R10=0x0 is NULL
R11=0x0000000000000246 is an unknown value
R12=0x00000232f1110f20 points into unknown readable memory: 0x00000232ef80f4f0 | f0 f4 80 ef 32 02 00 00
R13=0x0 is NULL
R14=0x00000232f1111468 points into unknown readable memory: 0x00000232f110e0a0 | a0 e0 10 f1 32 02 00 00
R15=0x00000232f110e0a0 points into unknown readable memory: 0x00000232ef80f4f0 | f0 f4 80 ef 32 02 00 00


Top of Stack: (sp=0x00000061533fe3d0)
0x00000061533fe3d0:   00000232ef7b1ba0 038350bd008f38bd
0x00000061533fe3e0:   029d43be033838be 02eec1be02aa5abe
0x00000061533fe3f0:   0000001602000000 0000000000000000
0x00000061533fe400:   0361b7c0039c4fc0 02c81bc2026319c1
0x00000061533fe410:   00000232ef7b1ba0 00f399c302908ec3
0x00000061533fe420:   02330ac5039807c4 038eebc602c88ec5
0x00000061533fe430:   036f88c800d75dc7 033fe8c9034d31c9
0x00000061533fe440:   00b723ca02c41aca 037086ca039f35ca
0x00000061533fe450:   033837cb027527cb 0385f7cb024d47cb
0x00000061533fe460:   037086cc005649cc 036711cd039807cd
0x00000061533fe470:   0165f3cf0283bacd 036f30d001ba0ad0
0x00000061533fe480:   036ac6d0039189d0 037086d101e4f6d0
0x00000061533fe490:   038d2bd20347fdd1 0377c8d20364afd2
0x00000061533fe4a0:   038469d3039f30d3 014b83d3006182d3
0x00000061533fe4b0:   032a08d40362d8d3 00007ffe8d905b54
0x00000061533fe4c0:   0000000000000000 0000000000000000
0x00000061533fe4d0:   00000061533fe670 00007ffe8b771259
0x00000061533fe4e0:   00000061533fe568 0000000000000000
0x00000061533fe4f0:   0000000000000054 0000000000000000
0x00000061533fe500:   02f463dc037086da 00007ffe8d905cc4
0x00000061533fe510:   037086df03925ade 02fd6ce0028f19e0
0x00000061533fe520:   000048db6858379f 0376e8e101b093e1
0x00000061533fe530:   00000232f1648f78 00000000000025e1
0x00000061533fe540:   0000000000000000 0000000000000016
0x00000061533fe550:   0000000000000000 0000000000000000
0x00000061533fe560:   00000061533fe670 00007ffdf36382ae
0x00000061533fe570:   00000232ef2346a0 0000000000000000
0x00000061533fe580:   00000232ef2346a0 02820cea01b0b7e9
0x00000061533fe590:   0000006100000d54 0000740400870000
0x00000061533fe5a0:   0000000000000000 035699eb01df7feb
0x00000061533fe5b0:   035546ec027a29ec 03a116ee029acaec
0x00000061533fe5c0:   02b303f002718eef 02742af0029f24f0 

Instructions: (pc=0x00007ffdf360b386)
0x00007ffdf360b286:   00 90 4c 8b bf 80 02 00 00 48 8b 05 9a 85 bd 00
0x00007ffdf360b296:   8b 80 c8 0a 00 00 89 44 24 24 c6 44 24 20 00 48
0x00007ffdf360b2a6:   c7 87 80 02 00 00 00 00 00 00 c7 87 88 02 00 00
0x00007ffdf360b2b6:   00 00 00 00 48 c7 87 a0 02 00 00 00 00 00 00 48
0x00007ffdf360b2c6:   c7 87 90 02 00 00 00 00 00 00 48 85 ed 75 3d 8b
0x00007ffdf360b2d6:   35 0d 77 cd 00 65 48 8b 04 25 58 00 00 00 b9 14
0x00007ffdf360b2e6:   00 00 00 48 8b 04 f0 40 38 2c 01 0f 84 c9 e7 75
0x00007ffdf360b2f6:   00 65 48 8b 04 25 58 00 00 00 bd 20 00 00 00 48
0x00007ffdf360b306:   8b 04 f0 48 8b 2c 28 48 89 6c 24 28 48 3b 2d 07
0x00007ffdf360b316:   9b cd 00 0f 84 9b 10 00 00 4d 85 ff 0f 84 3a 01
0x00007ffdf360b326:   00 00 0f 1f 84 00 00 00 00 00 49 8b f7 4d 8b e7
0x00007ffdf360b336:   4d 8d b7 48 05 00 00 4d 8b 3e 45 84 ed 0f 85 d9
0x00007ffdf360b346:   0e 00 00 8b 8f d0 01 00 00 48 8b 05 da 84 bd 00
0x00007ffdf360b356:   83 b8 64 03 00 00 02 75 34 4d 8d 84 24 00 01 00
0x00007ffdf360b366:   00 83 f9 10 0f 83 3a 01 00 00 8b c1 48 c1 e0 06
0x00007ffdf360b376:   49 03 c0 48 85 c0 0f 84 9b 01 00 00 48 8b 50 08
0x00007ffdf360b386:   48 3b 95 68 54 03 00 0f 87 b6 0e 00 00 48 83 be
0x00007ffdf360b396:   c0 05 00 00 00 0f 85 50 e7 75 00 44 8b 8f d0 01
0x00007ffdf360b3a6:   00 00 48 8b 87 e8 01 00 00 4c 8b 00 8b 8f d0 01
0x00007ffdf360b3b6:   00 00 48 8d 9e 00 01 00 00 83 f9 10 0f 83 1e 01
0x00007ffdf360b3c6:   00 00 8b c1 48 c1 e0 06 48 03 c3 48 85 c0 0f 84
0x00007ffdf360b3d6:   4a 01 00 00 4c 39 40 08 0f 86 40 01 00 00 48 8b
0x00007ffdf360b3e6:   87 80 02 00 00 49 89 06 48 89 b7 80 02 00 00 ff
0x00007ffdf360b3f6:   87 88 02 00 00 48 8b 4e 08 48 8b 01 ba 01 00 00
0x00007ffdf360b406:   00 48 8b 80 e0 02 00 00 ff 15 f4 c1 88 00 0f b7
0x00007ffdf360b416:   c8 48 2b c1 48 05 00 00 01 00 48 01 87 90 02 00
0x00007ffdf360b426:   00 48 8b 4e 08 48 8b 01 ba 01 00 00 00 48 8b 80
0x00007ffdf360b436:   e0 02 00 00 ff 15 c8 c1 88 00 48 01 87 a0 02 00
0x00007ffdf360b446:   00 0f b6 54 24 20 4d 85 ff 0f 85 db fe ff ff 84
0x00007ffdf360b456:   d2 0f 85 37 0f 00 00 48 8b 5c 24 40 48 8b cf 80
0x00007ffdf360b466:   7c 24 22 00 0f 85 40 0f 00 00 e8 3b f9 ff ff 90
0x00007ffdf360b476:   48 8b cb ff 15 99 bc 88 00 48 8b 8c 24 50 01 00 


Stack slot to memory mapping:
stack at sp + 0 slots: 0x00000232ef7b1ba0 points into unknown readable memory: 0xffffffffffffffff | ff ff ff ff ff ff ff ff
stack at sp + 1 slots: 0x038350bd008f38bd is an unknown value
stack at sp + 2 slots: 0x029d43be033838be is an unknown value
stack at sp + 3 slots: 0x02eec1be02aa5abe is an unknown value
stack at sp + 4 slots: 0x0000001602000000 is an unknown value
stack at sp + 5 slots: 0x0 is NULL
stack at sp + 6 slots: 0x0361b7c0039c4fc0 is an unknown value
stack at sp + 7 slots: 0x02c81bc2026319c1 is an unknown value

VM_Operation (0x00000061554fe790): Exit, mode: safepoint, requested by thread 0x00000232f10ab690


---------------  P R O C E S S  ---------------

Threads class SMR info:
_java_thread_list=0x00000232f10ea790, length=39, elements={
0x00000232ea7ac1f0, 0x00000232ea7afbe0, 0x00000232ea7c60a0, 0x00000232ea7c6970,
0x00000232ea7c7240, 0x00000232ea7c7b10, 0x00000232ea7d47f0, 0x00000232ea7dc6d0,
0x00000232ea7f1010, 0x00000232eac952c0, 0x00000232eac86230, 0x00000232eac997e0,
0x00000232eac9bc60, 0x00000232eaca6610, 0x00000232ef1fe110, 0x00000232f10ebc00,
0x00000232f10ab690, 0x00000232f1105ef0, 0x00000232f1106400, 0x00000232f11059e0,
0x00000232f1106910, 0x00000232f1104fc0, 0x00000232f11054d0, 0x00000232fea80820,
0x00000232fea81240, 0x00000232fea7e9c0, 0x00000232fea80310, 0x00000232fea80d30,
0x00000232fea81750, 0x00000232fea7f8f0, 0x00000232fea81c60, 0x00000232fea7f3e0,
0x00000232fea7e4b0, 0x00000232fea82170, 0x00000232fea82680, 0x00000232fea7eed0,
0x00000232fea82b90, 0x00000232fea7fe00, 0x00000232fea844e0
}

Java Threads: ( => current thread )
  0x00000232ea7ac1f0 JavaThread "Reference Handler" daemon [_thread_blocked, id=2348, stack(0x0000006153400000,0x0000006153500000)]
  0x00000232ea7afbe0 JavaThread "Finalizer" daemon [_thread_blocked, id=1936, stack(0x0000006153500000,0x0000006153600000)]
  0x00000232ea7c60a0 JavaThread "Signal Dispatcher" daemon [_thread_blocked, id=1852, stack(0x0000006153600000,0x0000006153700000)]
  0x00000232ea7c6970 JavaThread "Attach Listener" daemon [_thread_blocked, id=2648, stack(0x0000006153700000,0x0000006153800000)]
  0x00000232ea7c7240 JavaThread "Service Thread" daemon [_thread_blocked, id=4408, stack(0x0000006153800000,0x0000006153900000)]
  0x00000232ea7c7b10 JavaThread "Monitor Deflation Thread" daemon [_thread_blocked, id=7260, stack(0x0000006153900000,0x0000006153a00000)]
  0x00000232ea7d47f0 JavaThread "C2 CompilerThread0" daemon [_thread_blocked, id=17660, stack(0x0000006153a00000,0x0000006153b00000)]
  0x00000232ea7dc6d0 JavaThread "C1 CompilerThread0" daemon [_thread_blocked, id=18700, stack(0x0000006153b00000,0x0000006153c00000)]
  0x00000232ea7f1010 JavaThread "Sweeper thread" daemon [_thread_blocked, id=2200, stack(0x0000006153c00000,0x0000006153d00000)]
  0x00000232eac952c0 JavaThread "JDWP Transport Listener: dt_socket" daemon [_thread_blocked, id=9728, stack(0x0000006153d00000,0x0000006153e00000)]
  0x00000232eac86230 JavaThread "JDWP Event Helper Thread" daemon [_thread_blocked, id=18368, stack(0x0000006153e00000,0x0000006153f00000)]
  0x00000232eac997e0 JavaThread "JDWP Command Reader" daemon [_thread_blocked, id=908, stack(0x0000006153f00000,0x0000006154000000)]
  0x00000232eac9bc60 JavaThread "Notification Thread" daemon [_thread_blocked, id=17068, stack(0x0000006154000000,0x0000006154100000)]
  0x00000232eaca6610 JavaThread "Common-Cleaner" daemon [_thread_blocked, id=10592, stack(0x0000006154200000,0x0000006154300000)]
  0x00000232ef1fe110 JavaThread "Java2D Disposer" daemon [_thread_blocked, id=19408, stack(0x0000006154300000,0x0000006154400000)]
  0x00000232f10ebc00 JavaThread "HighResTimerThread" daemon [_thread_blocked, id=18272, stack(0x0000006155200000,0x0000006155300000)]
  0x00000232f10ab690 JavaThread "main-FPSAWTAnimator#00-Timer0" [_thread_blocked, id=9724, stack(0x0000006155400000,0x0000006155500000)]
  0x00000232f1105ef0 JavaThread "DestroyJavaVM" [_thread_blocked, id=7328, stack(0x0000006152d00000,0x0000006152e00000)]
  0x00000232f1106400 JavaThread "pool-1-thread-1" [_thread_blocked, id=2592, stack(0x0000006155700000,0x0000006155800000)]
  0x00000232f11059e0 JavaThread "pool-1-thread-2" [_thread_blocked, id=12584, stack(0x0000006155800000,0x0000006155900000)]
  0x00000232f1106910 JavaThread "pool-1-thread-3" [_thread_blocked, id=16604, stack(0x0000006155900000,0x0000006155a00000)]
  0x00000232f1104fc0 JavaThread "pool-1-thread-4" [_thread_blocked, id=6316, stack(0x0000006155a00000,0x0000006155b00000)]
  0x00000232f11054d0 JavaThread "pool-1-thread-5" [_thread_blocked, id=19348, stack(0x0000006155b00000,0x0000006155c00000)]
  0x00000232fea80820 JavaThread "pool-1-thread-6" [_thread_blocked, id=18032, stack(0x0000006155c00000,0x0000006155d00000)]
  0x00000232fea81240 JavaThread "pool-1-thread-7" [_thread_blocked, id=19124, stack(0x0000006155d00000,0x0000006155e00000)]
  0x00000232fea7e9c0 JavaThread "pool-1-thread-8" [_thread_blocked, id=912, stack(0x0000006155e00000,0x0000006155f00000)]
  0x00000232fea80310 JavaThread "pool-1-thread-9" [_thread_blocked, id=18180, stack(0x0000006155f00000,0x0000006156000000)]
  0x00000232fea80d30 JavaThread "pool-1-thread-10" [_thread_blocked, id=3864, stack(0x0000006156000000,0x0000006156100000)]
  0x00000232fea81750 JavaThread "pool-1-thread-11" [_thread_blocked, id=17588, stack(0x0000006156100000,0x0000006156200000)]
  0x00000232fea7f8f0 JavaThread "pool-1-thread-12" [_thread_blocked, id=2440, stack(0x0000006156200000,0x0000006156300000)]
  0x00000232fea81c60 JavaThread "pool-1-thread-13" [_thread_blocked, id=19292, stack(0x0000006156300000,0x0000006156400000)]
  0x00000232fea7f3e0 JavaThread "pool-1-thread-14" [_thread_blocked, id=3840, stack(0x0000006156400000,0x0000006156500000)]
  0x00000232fea7e4b0 JavaThread "pool-1-thread-15" [_thread_blocked, id=7100, stack(0x0000006156500000,0x0000006156600000)]
  0x00000232fea82170 JavaThread "pool-1-thread-16" [_thread_blocked, id=10548, stack(0x0000006156600000,0x0000006156700000)]
  0x00000232fea82680 JavaThread "pool-1-thread-17" [_thread_blocked, id=16896, stack(0x0000006156700000,0x0000006156800000)]
  0x00000232fea7eed0 JavaThread "pool-1-thread-18" [_thread_blocked, id=14232, stack(0x0000006156800000,0x0000006156900000)]
  0x00000232fea82b90 JavaThread "pool-1-thread-19" [_thread_blocked, id=18636, stack(0x0000006156a00000,0x0000006156b00000)]
  0x00000232fea7fe00 JavaThread "pool-1-thread-20" [_thread_blocked, id=16956, stack(0x0000006156b00000,0x0000006156c00000)]
  0x00000232fea844e0 JavaThread "AWT-Shutdown" [_thread_blocked, id=6264, stack(0x0000006155300000,0x0000006155400000)]

Other Threads:
=>0x00000232ea7a8db0 VMThread "VM Thread" [stack: 0x0000006153300000,0x0000006153400000] [id=2724]
  0x00000232ccc3bdd0 GCTaskThread "GC Thread#0" [stack: 0x0000006152e00000,0x0000006152f00000] [id=11896]
  0x00000232f0aefb50 GCTaskThread "GC Thread#1" [stack: 0x0000006154b00000,0x0000006154c00000] [id=17680]
  0x00000232f0aefe10 GCTaskThread "GC Thread#2" [stack: 0x0000006154c00000,0x0000006154d00000] [id=11548]
  0x00000232f0af00d0 GCTaskThread "GC Thread#3" [stack: 0x0000006154d00000,0x0000006154e00000] [id=7564]
  0x00000232f0af0390 GCTaskThread "GC Thread#4" [stack: 0x0000006154e00000,0x0000006154f00000] [id=7220]
  0x00000232f0af0650 GCTaskThread "GC Thread#5" [stack: 0x0000006154f00000,0x0000006155000000] [id=14060]
  0x00000232f0b23f70 GCTaskThread "GC Thread#6" [stack: 0x0000006155000000,0x0000006155100000] [id=17844]
  0x00000232f0b28240 GCTaskThread "GC Thread#7" [stack: 0x0000006155100000,0x0000006155200000] [id=5484]
  0x00000232ccc45da0 ConcurrentGCThread "G1 Main Marker" terminated
  0x00000232ccc47240 ConcurrentGCThread "G1 Conc#0" [stack: 0x0000006153000000,0x0000006153100000] [id=1336]
  0x00000232fe7b31c0 ConcurrentGCThread "G1 Conc#1" [stack: 0x0000006156f00000,0x0000006157000000] [id=17604]
  0x00000232cccaecc0 ConcurrentGCThread "G1 Refine#0" terminated
  0x00000232f1228190 ConcurrentGCThread "G1 Refine#1" terminated
  0x00000232fe830160 ConcurrentGCThread "G1 Refine#2" terminated
  0x00000232fe9a40f0 ConcurrentGCThread "G1 Refine#3" terminated
  0x00000232ea66f4b0 ConcurrentGCThread "G1 Service" terminated

Threads with active compile tasks:

VM state: at safepoint (shutting down)

VM Mutex/Monitor currently owned by a thread:  ([mutex/lock_event])
[0x00000232ccbf6e10] Threads_lock - owner thread: 0x00000232ea7a8db0
[0x00000232ccbf7c20] Heap_lock - owner thread: 0x00000232f10ab690

Heap address: 0x00000000c0000000, size: 1024 MB, Compressed Oops mode: 32-bit

CDS archive(s) mapped at: [0x0000023280000000-0x0000023280bb0000-0x0000023280bb0000), size 12255232, SharedBaseAddress: 0x0000023280000000, ArchiveRelocationMode: 1.
Compressed class space mapped at: 0x0000023281000000-0x00000232c1000000, reserved size: 1073741824
Narrow klass base: 0x0000023280000000, Narrow klass shift: 0, Narrow klass range: 0x100000000

GC Precious Log:
 CPUs: 8 total, 8 available
 Memory: 7975M
 Large Page Support: Disabled
 NUMA Support: Disabled
 Compressed Oops: Enabled (32-bit)
 Heap Region Size: 1M
 Heap Min Capacity: 64M
 Heap Initial Capacity: 64M
 Heap Max Capacity: 1G
 Pre-touch: Disabled
 Parallel Workers: 8
 Concurrent Workers: 2
 Concurrent Refinement Workers: 8
 Periodic GC: Disabled

Heap:
 garbage-first heap   total 148480K, used 90437K [0x00000000c0000000, 0x0000000100000000)
  region size 1024K, 9 young (9216K), 3 survivors (3072K)
 Metaspace       used 12948K, committed 13120K, reserved 1114112K
  class space    used 918K, committed 1024K, reserved 1048576K

Heap Regions: E=young(eden), S=young(survivor), O=old, HS=humongous(starts), HC=humongous(continues), CS=collection set, F=free, OA=open archive, CA=closed archive, TAMS=top-at-mark-start (previous, next)
|   0|0x00000000c0000000, 0x00000000c0100000, 0x00000000c0100000|100%| O|  |TAMS 0x00000000c0100000, 0x00000000c0000000| Untracked 
|   1|0x00000000c0100000, 0x00000000c0200000, 0x00000000c0200000|100%| O|  |TAMS 0x00000000c0200000, 0x00000000c0100000| Untracked 
|   2|0x00000000c0200000, 0x00000000c0300000, 0x00000000c0300000|100%| O|  |TAMS 0x00000000c0300000, 0x00000000c0200000| Untracked 
|   3|0x00000000c0300000, 0x00000000c0400000, 0x00000000c0400000|100%| O|  |TAMS 0x00000000c0400000, 0x00000000c0300000| Untracked 
|   4|0x00000000c0400000, 0x00000000c0500000, 0x00000000c0500000|100%| O|  |TAMS 0x00000000c0500000, 0x00000000c0400000| Untracked 
|   5|0x00000000c0500000, 0x00000000c0600000, 0x00000000c0600000|100%| O|  |TAMS 0x00000000c0600000, 0x00000000c0500000| Untracked 
|   6|0x00000000c0600000, 0x00000000c0700000, 0x00000000c0700000|100%| O|  |TAMS 0x00000000c0700000, 0x00000000c0600000| Untracked 
|   7|0x00000000c0700000, 0x00000000c0800000, 0x00000000c0800000|100%| O|  |TAMS 0x00000000c0800000, 0x00000000c0700000| Untracked 
|   8|0x00000000c0800000, 0x00000000c0800000, 0x00000000c0900000|  0%| F|  |TAMS 0x00000000c0800000, 0x00000000c0800000| Untracked 
|   9|0x00000000c0900000, 0x00000000c0a00000, 0x00000000c0a00000|100%| O|  |TAMS 0x00000000c0a00000, 0x00000000c0900000| Untracked 
|  10|0x00000000c0a00000, 0x00000000c0b00000, 0x00000000c0b00000|100%|HS|  |TAMS 0x00000000c0b00000, 0x00000000c0a00000| Complete 
|  11|0x00000000c0b00000, 0x00000000c0c00000, 0x00000000c0c00000|100%|HC|  |TAMS 0x00000000c0c00000, 0x00000000c0b00000| Complete 
|  12|0x00000000c0c00000, 0x00000000c0d00000, 0x00000000c0d00000|100%|HC|  |TAMS 0x00000000c0d00000, 0x00000000c0c00000| Complete 
|  13|0x00000000c0d00000, 0x00000000c0e00000, 0x00000000c0e00000|100%|HC|  |TAMS 0x00000000c0e00000, 0x00000000c0d00000| Complete 
|  14|0x00000000c0e00000, 0x00000000c0f00000, 0x00000000c0f00000|100%|HC|  |TAMS 0x00000000c0f00000, 0x00000000c0e00000| Complete 
|  15|0x00000000c0f00000, 0x00000000c1000000, 0x00000000c1000000|100%|HC|  |TAMS 0x00000000c1000000, 0x00000000c0f00000| Complete 
|  16|0x00000000c1000000, 0x00000000c1100000, 0x00000000c1100000|100%|HC|  |TAMS 0x00000000c1100000, 0x00000000c1000000| Complete 
|  17|0x00000000c1100000, 0x00000000c1200000, 0x00000000c1200000|100%|HC|  |TAMS 0x00000000c1200000, 0x00000000c1100000| Complete 
|  18|0x00000000c1200000, 0x00000000c1300000, 0x00000000c1300000|100%|HC|  |TAMS 0x00000000c1300000, 0x00000000c1200000| Complete 
|  19|0x00000000c1300000, 0x00000000c1400000, 0x00000000c1400000|100%|HC|  |TAMS 0x00000000c1400000, 0x00000000c1300000| Complete 
|  20|0x00000000c1400000, 0x00000000c1500000, 0x00000000c1500000|100%|HC|  |TAMS 0x00000000c1500000, 0x00000000c1400000| Complete 
|  21|0x00000000c1500000, 0x00000000c1600000, 0x00000000c1600000|100%|HC|  |TAMS 0x00000000c1600000, 0x00000000c1500000| Complete 
|  22|0x00000000c1600000, 0x00000000c1700000, 0x00000000c1700000|100%|HC|  |TAMS 0x00000000c1700000, 0x00000000c1600000| Complete 
|  23|0x00000000c1700000, 0x00000000c1800000, 0x00000000c1800000|100%|HC|  |TAMS 0x00000000c1800000, 0x00000000c1700000| Complete 
|  24|0x00000000c1800000, 0x00000000c1900000, 0x00000000c1900000|100%|HC|  |TAMS 0x00000000c1900000, 0x00000000c1800000| Complete 
|  25|0x00000000c1900000, 0x00000000c1a00000, 0x00000000c1a00000|100%|HC|  |TAMS 0x00000000c1a00000, 0x00000000c1900000| Complete 
|  26|0x00000000c1a00000, 0x00000000c1b00000, 0x00000000c1b00000|100%|HC|  |TAMS 0x00000000c1b00000, 0x00000000c1a00000| Complete 
|  27|0x00000000c1b00000, 0x00000000c1b00000, 0x00000000c1c00000|  0%| F|  |TAMS 0x00000000c1b00000, 0x00000000c1b00000| Untracked 
|  28|0x00000000c1c00000, 0x00000000c1d00000, 0x00000000c1d00000|100%| O|  |TAMS 0x00000000c1d00000, 0x00000000c1c00000| Untracked 
|  29|0x00000000c1d00000, 0x00000000c1e00000, 0x00000000c1e00000|100%|HS|  |TAMS 0x00000000c1e00000, 0x00000000c1d00000| Complete 
|  30|0x00000000c1e00000, 0x00000000c1f00000, 0x00000000c1f00000|100%|HC|  |TAMS 0x00000000c1f00000, 0x00000000c1e00000| Complete 
|  31|0x00000000c1f00000, 0x00000000c2000000, 0x00000000c2000000|100%|HC|  |TAMS 0x00000000c2000000, 0x00000000c1f00000| Complete 
|  32|0x00000000c2000000, 0x00000000c2100000, 0x00000000c2100000|100%|HC|  |TAMS 0x00000000c2100000, 0x00000000c2000000| Complete 
|  33|0x00000000c2100000, 0x00000000c2200000, 0x00000000c2200000|100%|HC|  |TAMS 0x00000000c2200000, 0x00000000c2100000| Complete 
|  34|0x00000000c2200000, 0x00000000c2300000, 0x00000000c2300000|100%|HS|  |TAMS 0x00000000c2300000, 0x00000000c2200000| Complete 
|  35|0x00000000c2300000, 0x00000000c2400000, 0x00000000c2400000|100%|HC|  |TAMS 0x00000000c2400000, 0x00000000c2300000| Complete 
|  36|0x00000000c2400000, 0x00000000c2500000, 0x00000000c2500000|100%|HC|  |TAMS 0x00000000c2500000, 0x00000000c2400000| Complete 
|  37|0x00000000c2500000, 0x00000000c2600000, 0x00000000c2600000|100%|HC|  |TAMS 0x00000000c2600000, 0x00000000c2500000| Complete 
|  38|0x00000000c2600000, 0x00000000c2700000, 0x00000000c2700000|100%|HC|  |TAMS 0x00000000c2700000, 0x00000000c2600000| Complete 
|  39|0x00000000c2700000, 0x00000000c2800000, 0x00000000c2800000|100%|HC|  |TAMS 0x00000000c2800000, 0x00000000c2700000| Complete 
|  40|0x00000000c2800000, 0x00000000c2900000, 0x00000000c2900000|100%|HC|  |TAMS 0x00000000c2900000, 0x00000000c2800000| Complete 
|  41|0x00000000c2900000, 0x00000000c2a00000, 0x00000000c2a00000|100%|HC|  |TAMS 0x00000000c2a00000, 0x00000000c2900000| Complete 
|  42|0x00000000c2a00000, 0x00000000c2b00000, 0x00000000c2b00000|100%|HC|  |TAMS 0x00000000c2b00000, 0x00000000c2a00000| Complete 
|  43|0x00000000c2b00000, 0x00000000c2c00000, 0x00000000c2c00000|100%|HC|  |TAMS 0x00000000c2c00000, 0x00000000c2b00000| Complete 
|  44|0x00000000c2c00000, 0x00000000c2d00000, 0x00000000c2d00000|100%|HC|  |TAMS 0x00000000c2d00000, 0x00000000c2c00000| Complete 
|  45|0x00000000c2d00000, 0x00000000c2e00000, 0x00000000c2e00000|100%|HC|  |TAMS 0x00000000c2e00000, 0x00000000c2d00000| Complete 
|  46|0x00000000c2e00000, 0x00000000c2f00000, 0x00000000c2f00000|100%|HC|  |TAMS 0x00000000c2f00000, 0x00000000c2e00000| Complete 
|  47|0x00000000c2f00000, 0x00000000c3000000, 0x00000000c3000000|100%|HS|  |TAMS 0x00000000c3000000, 0x00000000c2f00000| Complete 
|  48|0x00000000c3000000, 0x00000000c3100000, 0x00000000c3100000|100%|HC|  |TAMS 0x00000000c3100000, 0x00000000c3000000| Complete 
|  49|0x00000000c3100000, 0x00000000c3200000, 0x00000000c3200000|100%|HC|  |TAMS 0x00000000c3200000, 0x00000000c3100000| Complete 
|  50|0x00000000c3200000, 0x00000000c3300000, 0x00000000c3300000|100%|HC|  |TAMS 0x00000000c3300000, 0x00000000c3200000| Complete 
|  51|0x00000000c3300000, 0x00000000c3400000, 0x00000000c3400000|100%|HC|  |TAMS 0x00000000c3400000, 0x00000000c3300000| Complete 
|  52|0x00000000c3400000, 0x00000000c3500000, 0x00000000c3500000|100%|HC|  |TAMS 0x00000000c3500000, 0x00000000c3400000| Complete 
|  53|0x00000000c3500000, 0x00000000c3600000, 0x00000000c3600000|100%|HC|  |TAMS 0x00000000c3600000, 0x00000000c3500000| Complete 
|  54|0x00000000c3600000, 0x00000000c3700000, 0x00000000c3700000|100%|HC|  |TAMS 0x00000000c3700000, 0x00000000c3600000| Complete 
|  55|0x00000000c3700000, 0x00000000c3800000, 0x00000000c3800000|100%|HC|  |TAMS 0x00000000c3800000, 0x00000000c3700000| Complete 
|  56|0x00000000c3800000, 0x00000000c3900000, 0x00000000c3900000|100%| O|  |TAMS 0x00000000c3900000, 0x00000000c3800000| Untracked 
|  57|0x00000000c3900000, 0x00000000c3a00000, 0x00000000c3a00000|100%| O|  |TAMS 0x00000000c3a00000, 0x00000000c3900000| Untracked 
|  58|0x00000000c3a00000, 0x00000000c3b00000, 0x00000000c3b00000|100%|HS|  |TAMS 0x00000000c3b00000, 0x00000000c3a00000| Complete 
|  59|0x00000000c3b00000, 0x00000000c3c00000, 0x00000000c3c00000|100%|HC|  |TAMS 0x00000000c3c00000, 0x00000000c3b00000| Complete 
|  60|0x00000000c3c00000, 0x00000000c3d00000, 0x00000000c3d00000|100%|HC|  |TAMS 0x00000000c3d00000, 0x00000000c3c00000| Complete 
|  61|0x00000000c3d00000, 0x00000000c3e00000, 0x00000000c3e00000|100%|HC|  |TAMS 0x00000000c3e00000, 0x00000000c3d00000| Complete 
|  62|0x00000000c3e00000, 0x00000000c3f00000, 0x00000000c3f00000|100%|HC|  |TAMS 0x00000000c3f00000, 0x00000000c3e00000| Complete 
|  63|0x00000000c3f00000, 0x00000000c3f3e200, 0x00000000c4000000| 24%| O|  |TAMS 0x00000000c3f3d000, 0x00000000c3f00000| Untracked 
|  64|0x00000000c4000000, 0x00000000c4100000, 0x00000000c4100000|100%|HS|  |TAMS 0x00000000c4100000, 0x00000000c4000000| Complete 
|  65|0x00000000c4100000, 0x00000000c4200000, 0x00000000c4200000|100%|HC|  |TAMS 0x00000000c4200000, 0x00000000c4100000| Complete 
|  66|0x00000000c4200000, 0x00000000c4300000, 0x00000000c4300000|100%|HC|  |TAMS 0x00000000c4300000, 0x00000000c4200000| Complete 
|  67|0x00000000c4300000, 0x00000000c4400000, 0x00000000c4400000|100%|HC|  |TAMS 0x00000000c4400000, 0x00000000c4300000| Complete 
|  68|0x00000000c4400000, 0x00000000c4500000, 0x00000000c4500000|100%|HC|  |TAMS 0x00000000c4500000, 0x00000000c4400000| Complete 
|  69|0x00000000c4500000, 0x00000000c4600000, 0x00000000c4600000|100%|HS|  |TAMS 0x00000000c4600000, 0x00000000c4500000| Complete 
|  70|0x00000000c4600000, 0x00000000c4700000, 0x00000000c4700000|100%|HC|  |TAMS 0x00000000c4700000, 0x00000000c4600000| Complete 
|  71|0x00000000c4700000, 0x00000000c4800000, 0x00000000c4800000|100%|HC|  |TAMS 0x00000000c4800000, 0x00000000c4700000| Complete 
|  72|0x00000000c4800000, 0x00000000c4900000, 0x00000000c4900000|100%|HC|  |TAMS 0x00000000c4900000, 0x00000000c4800000| Complete 
|  73|0x00000000c4900000, 0x00000000c4a00000, 0x00000000c4a00000|100%|HC|  |TAMS 0x00000000c4a00000, 0x00000000c4900000| Complete 
|  74|0x00000000c4a00000, 0x00000000c4b00000, 0x00000000c4b00000|100%|HS|  |TAMS 0x00000000c4b00000, 0x00000000c4a00000| Complete 
|  75|0x00000000c4b00000, 0x00000000c4c00000, 0x00000000c4c00000|100%|HC|  |TAMS 0x00000000c4c00000, 0x00000000c4b00000| Complete 
|  76|0x00000000c4c00000, 0x00000000c4d00000, 0x00000000c4d00000|100%|HC|  |TAMS 0x00000000c4d00000, 0x00000000c4c00000| Complete 
|  77|0x00000000c4d00000, 0x00000000c4e00000, 0x00000000c4e00000|100%|HC|  |TAMS 0x00000000c4e00000, 0x00000000c4d00000| Complete 
|  78|0x00000000c4e00000, 0x00000000c4f00000, 0x00000000c4f00000|100%|HC|  |TAMS 0x00000000c4f00000, 0x00000000c4e00000| Complete 
|  79|0x00000000c4f00000, 0x00000000c5000000, 0x00000000c5000000|100%|HS|  |TAMS 0x00000000c5000000, 0x00000000c4f00000| Complete 
|  80|0x00000000c5000000, 0x00000000c5100000, 0x00000000c5100000|100%|HC|  |TAMS 0x00000000c5100000, 0x00000000c5000000| Complete 
|  81|0x00000000c5100000, 0x00000000c5200000, 0x00000000c5200000|100%|HC|  |TAMS 0x00000000c5200000, 0x00000000c5100000| Complete 
|  82|0x00000000c5200000, 0x00000000c5300000, 0x00000000c5300000|100%|HC|  |TAMS 0x00000000c5300000, 0x00000000c5200000| Complete 
|  83|0x00000000c5300000, 0x00000000c5400000, 0x00000000c5400000|100%|HC|  |TAMS 0x00000000c5400000, 0x00000000c5300000| Complete 
|  84|0x00000000c5400000, 0x00000000c5400000, 0x00000000c5500000|  0%| F|  |TAMS 0x00000000c5400000, 0x00000000c5400000| Untracked 
|  85|0x00000000c5500000, 0x00000000c5500000, 0x00000000c5600000|  0%| F|  |TAMS 0x00000000c5500000, 0x00000000c5500000| Untracked 
|  86|0x00000000c5600000, 0x00000000c5600000, 0x00000000c5700000|  0%| F|  |TAMS 0x00000000c5600000, 0x00000000c5600000| Untracked 
|  87|0x00000000c5700000, 0x00000000c5700000, 0x00000000c5800000|  0%| F|  |TAMS 0x00000000c5700000, 0x00000000c5700000| Untracked 
|  88|0x00000000c5800000, 0x00000000c5800000, 0x00000000c5900000|  0%| F|  |TAMS 0x00000000c5800000, 0x00000000c5800000| Untracked 
|  89|0x00000000c5900000, 0x00000000c5900000, 0x00000000c5a00000|  0%| F|  |TAMS 0x00000000c5900000, 0x00000000c5900000| Untracked 
|  90|0x00000000c5a00000, 0x00000000c5a00000, 0x00000000c5b00000|  0%| F|  |TAMS 0x00000000c5a00000, 0x00000000c5a00000| Untracked 
|  91|0x00000000c5b00000, 0x00000000c5b00000, 0x00000000c5c00000|  0%| F|  |TAMS 0x00000000c5b00000, 0x00000000c5b00000| Untracked 
|  92|0x00000000c5c00000, 0x00000000c5c00000, 0x00000000c5d00000|  0%| F|  |TAMS 0x00000000c5c00000, 0x00000000c5c00000| Untracked 
|  93|0x00000000c5d00000, 0x00000000c5d00000, 0x00000000c5e00000|  0%| F|  |TAMS 0x00000000c5d00000, 0x00000000c5d00000| Untracked 
|  94|0x00000000c5e00000, 0x00000000c5e00000, 0x00000000c5f00000|  0%| F|  |TAMS 0x00000000c5e00000, 0x00000000c5e00000| Untracked 
|  95|0x00000000c5f00000, 0x00000000c5f00000, 0x00000000c6000000|  0%| F|  |TAMS 0x00000000c5f00000, 0x00000000c5f00000| Untracked 
|  96|0x00000000c6000000, 0x00000000c6000000, 0x00000000c6100000|  0%| F|  |TAMS 0x00000000c6000000, 0x00000000c6000000| Untracked 
|  97|0x00000000c6100000, 0x00000000c6100000, 0x00000000c6200000|  0%| F|  |TAMS 0x00000000c6100000, 0x00000000c6100000| Untracked 
|  98|0x00000000c6200000, 0x00000000c6200000, 0x00000000c6300000|  0%| F|  |TAMS 0x00000000c6200000, 0x00000000c6200000| Untracked 
|  99|0x00000000c6300000, 0x00000000c63132f0, 0x00000000c6400000|  7%| S|CS|TAMS 0x00000000c6300000, 0x00000000c6300000| Complete 
| 100|0x00000000c6400000, 0x00000000c6500000, 0x00000000c6500000|100%| S|CS|TAMS 0x00000000c6400000, 0x00000000c6400000| Complete 
| 101|0x00000000c6500000, 0x00000000c6600000, 0x00000000c6600000|100%| S|CS|TAMS 0x00000000c6500000, 0x00000000c6500000| Complete 
| 102|0x00000000c6600000, 0x00000000c6600000, 0x00000000c6700000|  0%| F|  |TAMS 0x00000000c6600000, 0x00000000c6600000| Untracked 
| 103|0x00000000c6700000, 0x00000000c6700000, 0x00000000c6800000|  0%| F|  |TAMS 0x00000000c6700000, 0x00000000c6700000| Untracked 
| 104|0x00000000c6800000, 0x00000000c6800000, 0x00000000c6900000|  0%| F|  |TAMS 0x00000000c6800000, 0x00000000c6800000| Untracked 
| 105|0x00000000c6900000, 0x00000000c6900000, 0x00000000c6a00000|  0%| F|  |TAMS 0x00000000c6900000, 0x00000000c6900000| Untracked 
| 106|0x00000000c6a00000, 0x00000000c6a00000, 0x00000000c6b00000|  0%| F|  |TAMS 0x00000000c6a00000, 0x00000000c6a00000| Untracked 
| 107|0x00000000c6b00000, 0x00000000c6b00000, 0x00000000c6c00000|  0%| F|  |TAMS 0x00000000c6b00000, 0x00000000c6b00000| Untracked 
| 108|0x00000000c6c00000, 0x00000000c6c00000, 0x00000000c6d00000|  0%| F|  |TAMS 0x00000000c6c00000, 0x00000000c6c00000| Untracked 
| 109|0x00000000c6d00000, 0x00000000c6d00000, 0x00000000c6e00000|  0%| F|  |TAMS 0x00000000c6d00000, 0x00000000c6d00000| Untracked 
| 110|0x00000000c6e00000, 0x00000000c6e00000, 0x00000000c6f00000|  0%| F|  |TAMS 0x00000000c6e00000, 0x00000000c6e00000| Untracked 
| 111|0x00000000c6f00000, 0x00000000c6f00000, 0x00000000c7000000|  0%| F|  |TAMS 0x00000000c6f00000, 0x00000000c6f00000| Untracked 
| 112|0x00000000c7000000, 0x00000000c7000000, 0x00000000c7100000|  0%| F|  |TAMS 0x00000000c7000000, 0x00000000c7000000| Untracked 
| 113|0x00000000c7100000, 0x00000000c7100000, 0x00000000c7200000|  0%| F|  |TAMS 0x00000000c7100000, 0x00000000c7100000| Untracked 
| 114|0x00000000c7200000, 0x00000000c7200000, 0x00000000c7300000|  0%| F|  |TAMS 0x00000000c7200000, 0x00000000c7200000| Untracked 
| 115|0x00000000c7300000, 0x00000000c7300000, 0x00000000c7400000|  0%| F|  |TAMS 0x00000000c7300000, 0x00000000c7300000| Untracked 
| 116|0x00000000c7400000, 0x00000000c7400000, 0x00000000c7500000|  0%| F|  |TAMS 0x00000000c7400000, 0x00000000c7400000| Untracked 
| 117|0x00000000c7500000, 0x00000000c7500000, 0x00000000c7600000|  0%| F|  |TAMS 0x00000000c7500000, 0x00000000c7500000| Untracked 
| 118|0x00000000c7600000, 0x00000000c7600000, 0x00000000c7700000|  0%| F|  |TAMS 0x00000000c7600000, 0x00000000c7600000| Untracked 
| 119|0x00000000c7700000, 0x00000000c7700000, 0x00000000c7800000|  0%| F|  |TAMS 0x00000000c7700000, 0x00000000c7700000| Untracked 
| 120|0x00000000c7800000, 0x00000000c7800000, 0x00000000c7900000|  0%| F|  |TAMS 0x00000000c7800000, 0x00000000c7800000| Untracked 
| 121|0x00000000c7900000, 0x00000000c7900000, 0x00000000c7a00000|  0%| F|  |TAMS 0x00000000c7900000, 0x00000000c7900000| Untracked 
| 122|0x00000000c7a00000, 0x00000000c7a00000, 0x00000000c7b00000|  0%| F|  |TAMS 0x00000000c7a00000, 0x00000000c7a00000| Untracked 
| 123|0x00000000c7b00000, 0x00000000c7b00000, 0x00000000c7c00000|  0%| F|  |TAMS 0x00000000c7b00000, 0x00000000c7b00000| Untracked 
| 124|0x00000000c7c00000, 0x00000000c7c00000, 0x00000000c7d00000|  0%| F|  |TAMS 0x00000000c7c00000, 0x00000000c7c00000| Untracked 
| 125|0x00000000c7d00000, 0x00000000c7d00000, 0x00000000c7e00000|  0%| F|  |TAMS 0x00000000c7d00000, 0x00000000c7d00000| Untracked 
| 126|0x00000000c7e00000, 0x00000000c7e00000, 0x00000000c7f00000|  0%| F|  |TAMS 0x00000000c7e00000, 0x00000000c7e00000| Untracked 
| 127|0x00000000c7f00000, 0x00000000c7f00000, 0x00000000c8000000|  0%| F|  |TAMS 0x00000000c7f00000, 0x00000000c7f00000| Untracked 
| 128|0x00000000c8000000, 0x00000000c8000000, 0x00000000c8100000|  0%| F|  |TAMS 0x00000000c8000000, 0x00000000c8000000| Untracked 
| 129|0x00000000c8100000, 0x00000000c8100000, 0x00000000c8200000|  0%| F|  |TAMS 0x00000000c8100000, 0x00000000c8100000| Untracked 
| 130|0x00000000c8200000, 0x00000000c8200000, 0x00000000c8300000|  0%| F|  |TAMS 0x00000000c8200000, 0x00000000c8200000| Untracked 
| 131|0x00000000c8300000, 0x00000000c8300000, 0x00000000c8400000|  0%| F|  |TAMS 0x00000000c8300000, 0x00000000c8300000| Untracked 
| 132|0x00000000c8400000, 0x00000000c8400000, 0x00000000c8500000|  0%| F|  |TAMS 0x00000000c8400000, 0x00000000c8400000| Untracked 
| 133|0x00000000c8500000, 0x00000000c8500000, 0x00000000c8600000|  0%| F|  |TAMS 0x00000000c8500000, 0x00000000c8500000| Untracked 
| 134|0x00000000c8600000, 0x00000000c8600000, 0x00000000c8700000|  0%| F|  |TAMS 0x00000000c8600000, 0x00000000c8600000| Untracked 
| 135|0x00000000c8700000, 0x00000000c8700000, 0x00000000c8800000|  0%| F|  |TAMS 0x00000000c8700000, 0x00000000c8700000| Untracked 
| 136|0x00000000c8800000, 0x00000000c8800000, 0x00000000c8900000|  0%| F|  |TAMS 0x00000000c8800000, 0x00000000c8800000| Untracked 
| 137|0x00000000c8900000, 0x00000000c8900000, 0x00000000c8a00000|  0%| F|  |TAMS 0x00000000c8900000, 0x00000000c8900000| Untracked 
| 138|0x00000000c8a00000, 0x00000000c8a00000, 0x00000000c8b00000|  0%| F|  |TAMS 0x00000000c8a00000, 0x00000000c8a00000| Untracked 
| 139|0x00000000c8b00000, 0x00000000c8b84280, 0x00000000c8c00000| 51%| E|  |TAMS 0x00000000c8b00000, 0x00000000c8b00000| Complete 
| 140|0x00000000c8c00000, 0x00000000c8d00000, 0x00000000c8d00000|100%| E|CS|TAMS 0x00000000c8c00000, 0x00000000c8c00000| Complete 
| 141|0x00000000c8d00000, 0x00000000c8e00000, 0x00000000c8e00000|100%| E|CS|TAMS 0x00000000c8d00000, 0x00000000c8d00000| Complete 
| 142|0x00000000c8e00000, 0x00000000c8f00000, 0x00000000c8f00000|100%| E|CS|TAMS 0x00000000c8e00000, 0x00000000c8e00000| Complete 
| 143|0x00000000c8f00000, 0x00000000c9000000, 0x00000000c9000000|100%| E|CS|TAMS 0x00000000c8f00000, 0x00000000c8f00000| Complete 
| 144|0x00000000c9000000, 0x00000000c9100000, 0x00000000c9100000|100%| E|CS|TAMS 0x00000000c9000000, 0x00000000c9000000| Complete 

Card table byte_map: [0x00000232e5b80000,0x00000232e5d80000] _byte_map_base: 0x00000232e5580000

Marking Bits (Prev, Next): (CMBitMap*) 0x00000232ccc3d310, (CMBitMap*) 0x00000232ccc3d350
 Prev Bits: [0x00000232e5f80000, 0x00000232e6f80000)
 Next Bits: [0x00000232e6f80000, 0x00000232e7f80000)

Polling page: 0x00000232cccb0000

Metaspace:

Usage:
  Non-class:     11.75 MB used.
      Class:    918.73 KB used.
       Both:     12.64 MB used.

Virtual space:
  Non-class space:       64.00 MB reserved,      11.81 MB ( 18%) committed,  1 nodes.
      Class space:        1.00 GB reserved,       1.00 MB ( <1%) committed,  1 nodes.
             Both:        1.06 GB reserved,      12.81 MB (  1%) committed. 

Chunk freelists:
   Non-Class:  3.89 MB
       Class:  14.91 MB
        Both:  18.80 MB

MaxMetaspaceSize: unlimited
CompressedClassSpaceSize: 1.00 GB
Initial GC threshold: 21.00 MB
Current GC threshold: 21.38 MB
CDS: on
MetaspaceReclaimPolicy: balanced
 - commit_granule_bytes: 65536.
 - commit_granule_words: 8192.
 - virtual_space_node_default_size: 8388608.
 - enlarge_chunks_in_place: 1.
 - new_chunks_are_fully_committed: 0.
 - uncommit_free_chunks: 1.
 - use_allocation_guard: 0.
 - handle_deallocations: 1.


Internal statistics:

num_allocs_failed_limit: 0.
num_arena_births: 106.
num_arena_deaths: 0.
num_vsnodes_births: 2.
num_vsnodes_deaths: 0.
num_space_committed: 201.
num_space_uncommitted: 0.
num_chunks_returned_to_freelist: 0.
num_chunks_taken_from_freelist: 385.
num_chunk_merges: 0.
num_chunk_splits: 301.
num_chunks_enlarged: 240.
num_inconsistent_stats: 0.

CodeHeap 'non-profiled nmethods': size=120000Kb used=815Kb max_used=815Kb free=119184Kb
 bounds [0x00000232dd9e0000, 0x00000232ddc50000, 0x00000232e4f10000]
CodeHeap 'profiled nmethods': size=120000Kb used=2928Kb max_used=2928Kb free=117072Kb
 bounds [0x00000232d5f10000, 0x00000232d61f0000, 0x00000232dd440000]
CodeHeap 'non-nmethods': size=5760Kb used=1613Kb max_used=1646Kb free=4146Kb
 bounds [0x00000232dd440000, 0x00000232dd6b0000, 0x00000232dd9e0000]
 total_blobs=2551 nmethods=1613 adapters=851
 compilation: enabled
              stopped_count=0, restarted_count=0
 full_count=0

Compilation events (20 events):
Event: 11.097 Thread 0x00000232ea7dc6d0 1604       3       java.lang.String::contains (19 bytes)
Event: 11.097 Thread 0x00000232ea7dc6d0 nmethod 1604 0x00000232d61e9c10 code [0x00000232d61e9dc0, 0x00000232d61ea038]
Event: 11.097 Thread 0x00000232ea7dc6d0 1605       3       processing.opengl.PGraphicsOpenGL::updateProjmodelview (23 bytes)
Event: 11.097 Thread 0x00000232ea7dc6d0 nmethod 1605 0x00000232d61ea110 code [0x00000232d61ea2c0, 0x00000232d61ea478]
Event: 11.097 Thread 0x00000232ea7dc6d0 1606       3       processing.core.PMatrix3D::apply (69 bytes)
Event: 11.097 Thread 0x00000232ea7dc6d0 nmethod 1606 0x00000232d61ea590 code [0x00000232d61ea740, 0x00000232d61ea928]
Event: 11.392 Thread 0x00000232ea7dc6d0 1607       3       java.util.HashMap::keySet (25 bytes)
Event: 11.393 Thread 0x00000232ea7dc6d0 nmethod 1607 0x00000232d61eaa10 code [0x00000232d61eabc0, 0x00000232d61eaf98]
Event: 11.894 Thread 0x00000232ea7d47f0 1608       4       java.util.concurrent.locks.AbstractQueuedSynchronizer$ConditionObject::canReacquire (38 bytes)
Event: 11.895 Thread 0x00000232ea7d47f0 nmethod 1608 0x00000232ddaaa010 code [0x00000232ddaaa180, 0x00000232ddaaa258]
Event: 11.932 Thread 0x00000232ea7d47f0 1609       4       java.util.concurrent.locks.AbstractQueuedSynchronizer$ConditionObject::signal (34 bytes)
Event: 11.941 Thread 0x00000232ea7d47f0 nmethod 1609 0x00000232ddaaa310 code [0x00000232ddaaa4a0, 0x00000232ddaaabb8]
Event: 12.323 Thread 0x00000232ea7d47f0 1610       4       java.lang.StringLatin1::toLowerCase (186 bytes)
Event: 12.332 Thread 0x00000232ea7d47f0 nmethod 1610 0x00000232ddaaae90 code [0x00000232ddaab060, 0x00000232ddaaba98]
Event: 12.499 Thread 0x00000232ea7dc6d0 1611       3       java.lang.AbstractStringBuilder::append (55 bytes)
Event: 12.500 Thread 0x00000232ea7dc6d0 nmethod 1611 0x00000232d61eb110 code [0x00000232d61eb2e0, 0x00000232d61eb618]
Event: 12.536 Thread 0x00000232ea7dc6d0 1612       3       jdk.internal.misc.Unsafe::getAndAddLong (27 bytes)
Event: 12.536 Thread 0x00000232ea7dc6d0 nmethod 1612 0x00000232d61eb790 code [0x00000232d61eb940, 0x00000232d61ebb88]
Event: 12.536 Thread 0x00000232ea7dc6d0 1613       3       jdk.internal.misc.Unsafe::weakCompareAndSetLong (11 bytes)
Event: 12.536 Thread 0x00000232ea7dc6d0 nmethod 1613 0x00000232d61ebc90 code [0x00000232d61ebe20, 0x00000232d61ebf58]

GC Heap History (20 events):
Event: 6.086 GC heap before
{Heap before GC invocations=16 (full 0):
 garbage-first heap   total 145408K, used 121893K [0x00000000c0000000, 0x0000000100000000)
  region size 1024K, 38 young (38912K), 1 survivors (1024K)
 Metaspace       used 12817K, committed 12992K, reserved 1114112K
  class space    used 914K, committed 1024K, reserved 1048576K
}
Event: 6.088 GC heap after
{Heap after GC invocations=17 (full 0):
 garbage-first heap   total 145408K, used 84849K [0x00000000c0000000, 0x0000000100000000)
  region size 1024K, 2 young (2048K), 2 survivors (2048K)
 Metaspace       used 12817K, committed 12992K, reserved 1114112K
  class space    used 914K, committed 1024K, reserved 1048576K
}
Event: 6.731 GC heap before
{Heap before GC invocations=17 (full 0):
 garbage-first heap   total 145408K, used 121713K [0x00000000c0000000, 0x0000000100000000)
  region size 1024K, 38 young (38912K), 2 survivors (2048K)
 Metaspace       used 12817K, committed 12992K, reserved 1114112K
  class space    used 914K, committed 1024K, reserved 1048576K
}
Event: 6.733 GC heap after
{Heap after GC invocations=18 (full 0):
 garbage-first heap   total 145408K, used 84656K [0x00000000c0000000, 0x0000000100000000)
  region size 1024K, 2 young (2048K), 2 survivors (2048K)
 Metaspace       used 12817K, committed 12992K, reserved 1114112K
  class space    used 914K, committed 1024K, reserved 1048576K
}
Event: 7.370 GC heap before
{Heap before GC invocations=19 (full 0):
 garbage-first heap   total 147456K, used 122544K [0x00000000c0000000, 0x0000000100000000)
  region size 1024K, 39 young (39936K), 2 survivors (2048K)
 Metaspace       used 12855K, committed 13056K, reserved 1114112K
  class space    used 914K, committed 1024K, reserved 1048576K
}
Event: 7.372 GC heap after
{Heap after GC invocations=20 (full 0):
 garbage-first heap   total 147456K, used 85504K [0x00000000c0000000, 0x0000000100000000)
  region size 1024K, 3 young (3072K), 3 survivors (3072K)
 Metaspace       used 12855K, committed 13056K, reserved 1114112K
  class space    used 914K, committed 1024K, reserved 1048576K
}
Event: 8.070 GC heap before
{Heap before GC invocations=20 (full 0):
 garbage-first heap   total 147456K, used 123392K [0x00000000c0000000, 0x0000000100000000)
  region size 1024K, 40 young (40960K), 3 survivors (3072K)
 Metaspace       used 12856K, committed 13056K, reserved 1114112K
  class space    used 914K, committed 1024K, reserved 1048576K
}
Event: 8.071 GC heap after
{Heap after GC invocations=21 (full 0):
 garbage-first heap   total 147456K, used 83581K [0x00000000c0000000, 0x0000000100000000)
  region size 1024K, 1 young (1024K), 1 survivors (1024K)
 Metaspace       used 12856K, committed 13056K, reserved 1114112K
  class space    used 914K, committed 1024K, reserved 1048576K
}
Event: 8.772 GC heap before
{Heap before GC invocations=22 (full 0):
 garbage-first heap   total 147456K, used 125565K [0x00000000c0000000, 0x0000000100000000)
  region size 1024K, 42 young (43008K), 1 survivors (1024K)
 Metaspace       used 12856K, committed 13056K, reserved 1114112K
  class space    used 914K, committed 1024K, reserved 1048576K
}
Event: 8.775 GC heap after
{Heap after GC invocations=23 (full 0):
 garbage-first heap   total 147456K, used 85204K [0x00000000c0000000, 0x0000000100000000)
  region size 1024K, 2 young (2048K), 2 survivors (2048K)
 Metaspace       used 12856K, committed 13056K, reserved 1114112K
  class space    used 914K, committed 1024K, reserved 1048576K
}
Event: 9.549 GC heap before
{Heap before GC invocations=23 (full 0):
 garbage-first heap   total 147456K, used 125140K [0x00000000c0000000, 0x0000000100000000)
  region size 1024K, 41 young (41984K), 2 survivors (2048K)
 Metaspace       used 12861K, committed 13056K, reserved 1114112K
  class space    used 914K, committed 1024K, reserved 1048576K
}
Event: 9.551 GC heap after
{Heap after GC invocations=24 (full 0):
 garbage-first heap   total 147456K, used 85161K [0x00000000c0000000, 0x0000000100000000)
  region size 1024K, 2 young (2048K), 2 survivors (2048K)
 Metaspace       used 12861K, committed 13056K, reserved 1114112K
  class space    used 914K, committed 1024K, reserved 1048576K
}
Event: 10.253 GC heap before
{Heap before GC invocations=25 (full 0):
 garbage-first heap   total 147456K, used 125097K [0x00000000c0000000, 0x0000000100000000)
  region size 1024K, 41 young (41984K), 2 survivors (2048K)
 Metaspace       used 12902K, committed 13120K, reserved 1114112K
  class space    used 914K, committed 1024K, reserved 1048576K
}
Event: 10.254 GC heap after
{Heap after GC invocations=26 (full 0):
 garbage-first heap   total 147456K, used 85004K [0x00000000c0000000, 0x0000000100000000)
  region size 1024K, 2 young (2048K), 2 survivors (2048K)
 Metaspace       used 12902K, committed 13120K, reserved 1114112K
  class space    used 914K, committed 1024K, reserved 1048576K
}
Event: 10.990 GC heap before
{Heap before GC invocations=26 (full 0):
 garbage-first heap   total 147456K, used 125964K [0x00000000c0000000, 0x0000000100000000)
  region size 1024K, 42 young (43008K), 2 survivors (2048K)
 Metaspace       used 12902K, committed 13120K, reserved 1114112K
  class space    used 914K, committed 1024K, reserved 1048576K
}
Event: 10.992 GC heap after
{Heap after GC invocations=27 (full 0):
 garbage-first heap   total 147456K, used 85789K [0x00000000c0000000, 0x0000000100000000)
  region size 1024K, 3 young (3072K), 3 survivors (3072K)
 Metaspace       used 12902K, committed 13120K, reserved 1114112K
  class space    used 914K, committed 1024K, reserved 1048576K
}
Event: 11.689 GC heap before
{Heap before GC invocations=28 (full 0):
 garbage-first heap   total 147456K, used 124701K [0x00000000c0000000, 0x0000000100000000)
  region size 1024K, 41 young (41984K), 3 survivors (3072K)
 Metaspace       used 12903K, committed 13120K, reserved 1114112K
  class space    used 914K, committed 1024K, reserved 1048576K
}
Event: 11.690 GC heap after
{Heap after GC invocations=29 (full 0):
 garbage-first heap   total 147456K, used 84656K [0x00000000c0000000, 0x0000000100000000)
  region size 1024K, 2 young (2048K), 2 survivors (2048K)
 Metaspace       used 12903K, committed 13120K, reserved 1114112K
  class space    used 914K, committed 1024K, reserved 1048576K
}
Event: 12.387 GC heap before
{Heap before GC invocations=29 (full 0):
 garbage-first heap   total 147456K, used 125616K [0x00000000c0000000, 0x0000000100000000)
  region size 1024K, 42 young (43008K), 2 survivors (2048K)
 Metaspace       used 12903K, committed 13120K, reserved 1114112K
  class space    used 914K, committed 1024K, reserved 1048576K
}
Event: 12.389 GC heap after
{Heap after GC invocations=30 (full 0):
 garbage-first heap   total 147456K, used 85317K [0x00000000c0000000, 0x0000000100000000)
  region size 1024K, 3 young (3072K), 3 survivors (3072K)
 Metaspace       used 12903K, committed 13120K, reserved 1114112K
  class space    used 914K, committed 1024K, reserved 1048576K
}

Dll operation events (14 events):
Event: 0.008 Loaded shared library C:\Program Files\Processing\app\resources\jdk-17.0.14+7\bin\java.dll
Event: 0.023 Loaded shared library C:\Program Files\Processing\app\resources\jdk-17.0.14+7\bin\jsvml.dll
Event: 0.075 Loaded shared library C:\Program Files\Processing\app\resources\jdk-17.0.14+7\bin\net.dll
Event: 0.076 Loaded shared library C:\Program Files\Processing\app\resources\jdk-17.0.14+7\bin\nio.dll
Event: 0.080 Loaded shared library C:\Program Files\Processing\app\resources\jdk-17.0.14+7\bin\zip.dll
Event: 0.135 Loaded shared library C:\Program Files\Processing\app\resources\jdk-17.0.14+7\bin\jimage.dll
Event: 0.139 Loaded shared library C:\Program Files\Processing\app\resources\jdk-17.0.14+7\bin\awt.dll
Event: 0.609 Loaded shared library C:\Users\danil\AppData\Local\Temp\jogamp_0000\file_cache\jln5161702945579678976\jln6438696978490565028\natives\windows-amd64\gluegen_rt.dll
Event: 0.617 Loaded shared library C:\Program Files\Processing\app\resources\jdk-17.0.14+7\bin\jawt.dll
Event: 0.631 Loaded shared library C:\Users\danil\AppData\Local\Temp\jogamp_0000\file_cache\jln5161702945579678976\jln6438696978490565028\natives\windows-amd64\nativewindow_awt.dll
Event: 0.674 Loaded shared library C:\Users\danil\AppData\Local\Temp\jogamp_0000\file_cache\jln5161702945579678976\jln6438696978490565028\natives\windows-amd64\nativewindow_win32.dll
Event: 0.793 Loaded shared library C:\Users\danil\AppData\Local\Temp\jogamp_0000\file_cache\jln5161702945579678976\jln6438696978490565028\natives\windows-amd64\jogl_desktop.dll
Event: 1.025 Loaded shared library C:\Users\danil\AppData\Local\Temp\jogamp_0000\file_cache\jln5161702945579678976\jln6438696978490565028\natives\windows-amd64\jogl_mobile.dll
Event: 1.985 Loaded shared library C:\Users\danil\AppData\Local\Temp\jogamp_0000\file_cache\jln5161702945579678976\jln6438696978490565028\natives\windows-amd64\newt_head.dll

Deoptimization events (20 events):
Event: 2.672 Thread 0x00000232fea7e4b0 DEOPT PACKING pc=0x00000232d6162cd2 sp=0x00000061565ff010
Event: 2.672 Thread 0x00000232fea7e4b0 DEOPT UNPACKING pc=0x00000232dd49ace3 sp=0x00000061565fe520 mode 0
Event: 2.678 Thread 0x00000232fea7e4b0 DEOPT PACKING pc=0x00000232d6162cd2 sp=0x00000061565ff010
Event: 2.678 Thread 0x00000232fea7e4b0 DEOPT UNPACKING pc=0x00000232dd49ace3 sp=0x00000061565fe520 mode 0
Event: 7.584 Thread 0x00000232fea85e30 Uncommon trap: trap_request=0xffffff45 fr.pc=0x00000232dda947e0 relative=0x0000000000000060
Event: 7.584 Thread 0x00000232fea85e30 Uncommon trap: reason=unstable_if action=reinterpret pc=0x00000232dda947e0 method=java.util.HashMap.keySet()Ljava/util/Set; @ 6 c2
Event: 7.584 Thread 0x00000232fea85e30 DEOPT PACKING pc=0x00000232dda947e0 sp=0x00000061556ff3e0
Event: 7.584 Thread 0x00000232fea85e30 DEOPT UNPACKING pc=0x00000232dd49a1a3 sp=0x00000061556ff378 mode 2
Event: 7.584 Thread 0x00000232fea85e30 Uncommon trap: trap_request=0xffffff45 fr.pc=0x00000232dda5bb80 relative=0x00000000000000e0
Event: 7.584 Thread 0x00000232fea85e30 Uncommon trap: reason=unstable_if action=reinterpret pc=0x00000232dda5bb80 method=java.util.HashMap$HashIterator.<init>(Ljava/util/HashMap;)V @ 38 c2
Event: 7.584 Thread 0x00000232fea85e30 DEOPT PACKING pc=0x00000232dda5bb80 sp=0x00000061556ff3c0
Event: 7.584 Thread 0x00000232fea85e30 DEOPT UNPACKING pc=0x00000232dd49a1a3 sp=0x00000061556ff2a0 mode 2
Event: 12.521 Thread 0x00000232ef95b580 Uncommon trap: trap_request=0xffffff45 fr.pc=0x00000232dda5c068 relative=0x00000000000001e8
Event: 12.521 Thread 0x00000232ef95b580 Uncommon trap: reason=unstable_if action=reinterpret pc=0x00000232dda5c068 method=java.util.HashMap$HashIterator.<init>(Ljava/util/HashMap;)V @ 38 c2
Event: 12.521 Thread 0x00000232ef95b580 DEOPT PACKING pc=0x00000232dda5c068 sp=0x00000061548ff300
Event: 12.521 Thread 0x00000232ef95b580 DEOPT UNPACKING pc=0x00000232dd49a1a3 sp=0x00000061548ff2a8 mode 2
Event: 12.530 Thread 0x00000232ef95b580 Uncommon trap: trap_request=0xffffff45 fr.pc=0x00000232dda98d70 relative=0x00000000000000f0
Event: 12.530 Thread 0x00000232ef95b580 Uncommon trap: reason=unstable_if action=reinterpret pc=0x00000232dda98d70 method=com.jogamp.common.util.IntIntHashMap.put(II)I @ 21 c2
Event: 12.530 Thread 0x00000232ef95b580 DEOPT PACKING pc=0x00000232dda98d70 sp=0x00000061548ff080
Event: 12.530 Thread 0x00000232ef95b580 DEOPT UNPACKING pc=0x00000232dd49a1a3 sp=0x00000061548fefe8 mode 2

Classes loaded (20 events):
Event: 2.216 Loading class java/util/concurrent/Callable done
Event: 2.216 Loading class java/util/concurrent/Executors$RunnableAdapter done
Event: 2.216 Loading class java/util/concurrent/ThreadPoolExecutor$Worker
Event: 2.216 Loading class java/util/concurrent/ThreadPoolExecutor$Worker done
Event: 2.218 Loading class java/util/concurrent/locks/AbstractQueuedSynchronizer$SharedNode
Event: 2.218 Loading class java/util/concurrent/locks/AbstractQueuedSynchronizer$SharedNode done
Event: 2.387 Loading class sun/nio/cs/StreamDecoder
Event: 2.387 Loading class sun/nio/cs/StreamDecoder done
Event: 2.388 Loading class java/util/regex/Pattern$LookBehindEndNode
Event: 2.388 Loading class java/util/regex/Pattern$LookBehindEndNode done
Event: 2.388 Loading class java/util/regex/Pattern$NotBehind
Event: 2.388 Loading class java/util/regex/Pattern$NotBehind done
Event: 2.388 Loading class java/util/regex/Pattern$Neg
Event: 2.388 Loading class java/util/regex/Pattern$Neg done
Event: 2.389 Loading class java/util/regex/Pattern$Pos
Event: 2.389 Loading class java/util/regex/Pattern$Pos done
Event: 2.398 Loading class java/util/regex/Pattern$SliceS
Event: 2.398 Loading class java/util/regex/Pattern$SliceS done
Event: 12.498 Loading class java/nio/channels/ClosedChannelException
Event: 12.499 Loading class java/nio/channels/ClosedChannelException done

Classes unloaded (0 events):
No events

Classes redefined (0 events):
No events

Internal exceptions (20 events):
Event: 0.119 Thread 0x00000232ccbfb4d0 Exception <a 'java/lang/NoSuchMethodError'{0x00000000c3ce6618}: 'void java.lang.invoke.DirectMethodHandle$Holder.invokeStatic(java.lang.Object, java.lang.Object, java.lang.Object)'> (0x00000000c3ce6618) 
thrown [s\src\hotspot\share\interpreter\linkResolver.cpp, line 759]
Event: 0.128 Thread 0x00000232ccbfb4d0 Exception <a 'java/lang/ClassNotFoundException'{0x00000000c3b0de00}: sun/awt/resources/spi/awtProvider> (0x00000000c3b0de00) 
thrown [s\src\hotspot\share\classfile\systemDictionary.cpp, line 256]
Event: 0.151 Thread 0x00000232ccbfb4d0 Exception <a 'java/io/FileNotFoundException'{0x00000000c3b63740}> (0x00000000c3b63740) 
thrown [s\src\hotspot\share\prims\jni.cpp, line 516]
Event: 0.157 Thread 0x00000232ccbfb4d0 Exception <a 'java/io/FileNotFoundException'{0x00000000c3b90b88}> (0x00000000c3b90b88) 
thrown [s\src\hotspot\share\prims\jni.cpp, line 516]
Event: 0.199 Thread 0x00000232ccbfb4d0 Exception <a 'java/lang/NoSuchMethodError'{0x00000000c3a3e218}: 'java.lang.Object java.lang.invoke.DirectMethodHandle$Holder.invokeStaticInit(java.lang.Object)'> (0x00000000c3a3e218) 
thrown [s\src\hotspot\share\interpreter\linkResolver.cpp, line 759]
Event: 0.319 Thread 0x00000232ccbfb4d0 Exception <a 'java/lang/NoSuchMethodError'{0x00000000c364c268}: 'java.lang.Object java.lang.invoke.DirectMethodHandle$Holder.invokeStaticInit(java.lang.Object, int, int, int, int)'> (0x00000000c364c268) 
thrown [s\src\hotspot\share\interpreter\linkResolver.cpp, line 759]
Event: 0.392 Thread 0x00000232ccbfb4d0 Exception <a 'java/lang/NoSuchMethodError'{0x00000000c3536190}: 'java.lang.Object java.lang.invoke.DirectMethodHandle$Holder.invokeStaticInit(java.lang.Object, java.lang.Object, int, int, int, int)'> (0x00000000c3536190) 
thrown [s\src\hotspot\share\interpreter\linkResolver.cpp, line 759]
Event: 0.458 Thread 0x00000232ccbfb4d0 Exception <a 'java/lang/NoSuchMethodError'{0x00000000c3541830}: 'void java.lang.invoke.DirectMethodHandle$Holder.invokeStatic(java.lang.Object, long)'> (0x00000000c3541830) 
thrown [s\src\hotspot\share\interpreter\linkResolver.cpp, line 759]
Event: 0.459 Thread 0x00000232ccbfb4d0 Exception <a 'java/lang/NoSuchMethodError'{0x00000000c3546e10}: 'java.lang.Object java.lang.invoke.DirectMethodHandle$Holder.newInvokeSpecial(java.lang.Object, long)'> (0x00000000c3546e10) 
thrown [s\src\hotspot\share\interpreter\linkResolver.cpp, line 759]
Event: 0.462 Thread 0x00000232ccbfb4d0 Exception <a 'java/lang/NoSuchMethodError'{0x00000000c3551628}: 'java.lang.Object java.lang.invoke.DirectMethodHandle$Holder.invokeStaticInit(java.lang.Object, java.lang.Object, long, java.lang.Object)'> (0x00000000c3551628) 
thrown [s\src\hotspot\share\interpreter\linkResolver.cpp, line 759]
Event: 0.462 Thread 0x00000232ccbfb4d0 Exception <a 'java/lang/NoSuchMethodError'{0x00000000c3557be8}: 'java.lang.Object java.lang.invoke.DirectMethodHandle$Holder.newInvokeSpecial(java.lang.Object, java.lang.Object, long)'> (0x00000000c3557be8) 
thrown [s\src\hotspot\share\interpreter\linkResolver.cpp, line 759]
Event: 0.463 Thread 0x00000232ccbfb4d0 Exception <a 'java/lang/NoSuchMethodError'{0x00000000c355b758}: 'java.lang.Object java.lang.invoke.Invokers$Holder.linkToTargetMethod(java.lang.Object, long, java.lang.Object)'> (0x00000000c355b758) 
thrown [s\src\hotspot\share\interpreter\linkResolver.cpp, line 759]
Event: 0.645 Thread 0x00000232ccbfb4d0 Exception <a 'java/lang/NoSuchMethodError'{0x00000000c34cc3f8}: 'java.lang.Object java.lang.invoke.DirectMethodHandle$Holder.invokeInterface(java.lang.Object, java.lang.Object)'> (0x00000000c34cc3f8) 
thrown [s\src\hotspot\share\interpreter\linkResolver.cpp, line 759]
Event: 0.645 Thread 0x00000232ccbfb4d0 Exception <a 'java/lang/IncompatibleClassChangeError'{0x00000000c34cfd18}: Found class java.lang.Object, but interface was expected> (0x00000000c34cfd18) 
thrown [s\src\hotspot\share\interpreter\linkResolver.cpp, line 826]
Event: 2.077 Thread 0x00000232ccbfb4d0 Exception <a 'java/lang/NoSuchMethodError'{0x00000000c33f2f20}: 'void java.lang.invoke.DirectMethodHandle$Holder.invokeSpecial(java.lang.Object, java.lang.Object, java.lang.Object, java.lang.Object, java.lang.Object)'> (0x00000000c33f2f20) 
thrown [s\src\hotspot\share\interpreter\linkResolver.cpp, line 759]
Event: 2.079 Thread 0x00000232ccbfb4d0 Exception <a 'java/lang/NoSuchMethodError'{0x00000000c33fbee0}: 'void java.lang.invoke.DirectMethodHandle$Holder.invokeSpecial(java.lang.Object, java.lang.Object, java.lang.Object)'> (0x00000000c33fbee0) 
thrown [s\src\hotspot\share\interpreter\linkResolver.cpp, line 759]
Event: 2.079 Thread 0x00000232ccbfb4d0 Exception <a 'java/lang/NoSuchMethodError'{0x00000000c3202508}: 'void java.lang.invoke.DirectMethodHandle$Holder.invokeSpecial(java.lang.Object, java.lang.Object, int)'> (0x00000000c3202508) 
thrown [s\src\hotspot\share\interpreter\linkResolver.cpp, line 759]
Event: 2.080 Thread 0x00000232ccbfb4d0 Exception <a 'java/lang/NoSuchMethodError'{0x00000000c3208520}: 'java.lang.Object java.lang.invoke.DirectMethodHandle$Holder.newInvokeSpecial(java.lang.Object, java.lang.Object, int)'> (0x00000000c3208520) 
thrown [s\src\hotspot\share\interpreter\linkResolver.cpp, line 759]
Event: 12.498 Thread 0x00000232f10ab1b0 Exception <a 'java/lang/InterruptedException'{0x00000000c8c903c0}> (0x00000000c8c903c0) 
thrown [s\src\hotspot\share\runtime\objectMonitor.cpp, line 1658]
Event: 12.530 Thread 0x00000232ef95b580 Implicit null exception at 0x00000232dda98cc4 to 0x00000232dda98d4c

VM Operations (20 events):
Event: 9.559 Executing VM operation: G1PauseRemark done
Event: 9.561 Executing VM operation: G1PauseCleanup
Event: 9.561 Executing VM operation: G1PauseCleanup done
Event: 10.253 Executing VM operation: G1CollectForAllocation
Event: 10.254 Executing VM operation: G1CollectForAllocation done
Event: 10.990 Executing VM operation: G1CollectForAllocation
Event: 10.992 Executing VM operation: G1CollectForAllocation done
Event: 10.999 Executing VM operation: G1PauseRemark
Event: 11.000 Executing VM operation: G1PauseRemark done
Event: 11.004 Executing VM operation: G1PauseCleanup
Event: 11.004 Executing VM operation: G1PauseCleanup done
Event: 11.689 Executing VM operation: G1CollectForAllocation
Event: 11.690 Executing VM operation: G1CollectForAllocation done
Event: 12.387 Executing VM operation: G1CollectForAllocation
Event: 12.389 Executing VM operation: G1CollectForAllocation done
Event: 12.397 Executing VM operation: G1PauseRemark
Event: 12.398 Executing VM operation: G1PauseRemark done
Event: 12.401 Executing VM operation: G1PauseCleanup
Event: 12.401 Executing VM operation: G1PauseCleanup done
Event: 12.601 Executing VM operation: Exit

Memory protections (0 events):
No events

Nmethod flushes (0 events):
No events

Events (20 events):
Event: 2.217 Thread 0x00000232f10ab690 Thread added: 0x00000232fea7eed0
Event: 2.218 Thread 0x00000232f10ab690 Thread added: 0x00000232fea82b90
Event: 2.218 Thread 0x00000232ea7dc6d0 Thread added: 0x00000232fe8cf730
Event: 2.218 Thread 0x00000232f10ab690 Thread added: 0x00000232fea7fe00
Event: 2.728 Thread 0x00000232fe8cf730 Thread exited: 0x00000232fe8cf730
Event: 2.782 Thread 0x00000232fe6889e0 Thread exited: 0x00000232fe6889e0
Event: 6.570 Thread 0x00000232ef200d30 Thread added: 0x00000232fea85e30
Event: 7.584 Thread 0x00000232fea85e30 Thread exited: 0x00000232fea85e30
Event: 12.498 Thread 0x00000232f10ab690 Thread added: 0x00000232fea830a0
Event: 12.498 Thread 0x00000232f10ab690 Thread added: 0x00000232fea835b0
Event: 12.498 Thread 0x00000232f10ab690 Thread added: 0x00000232fea83ac0
Event: 12.498 Thread 0x00000232f10ab1b0 Thread exited: 0x00000232f10ab1b0
Event: 12.499 Thread 0x00000232fea83ac0 Thread exited: 0x00000232fea83ac0
Event: 12.499 Thread 0x00000232ef200d30 Thread added: 0x00000232fea844e0
Event: 12.499 Thread 0x00000232f111e450 Thread exited: 0x00000232f111e450
Event: 12.501 Thread 0x00000232ef200d30 Thread exited: 0x00000232ef200d30
Event: 12.532 Thread 0x00000232ef95b580 Thread exited: 0x00000232ef95b580
Event: 12.536 Thread 0x00000232fea830a0 Thread exited: 0x00000232fea830a0
Event: 12.600 Thread 0x00000232fea835b0 Thread exited: 0x00000232fea835b0
Event: 12.600 Thread 0x00000232f10ab690 Before exit entered


Dynamic libraries:
0x00007ff705240000 - 0x00007ff70524e000 	C:\Program Files\Processing\app\resources\jdk-17.0.14+7\bin\java.exe
0x00007ffe8d7a0000 - 0x00007ffe8da07000 	C:\WINDOWS\SYSTEM32\ntdll.dll
0x00007ffe8bad0000 - 0x00007ffe8bb99000 	C:\WINDOWS\System32\KERNEL32.DLL
0x00007ffe8afe0000 - 0x00007ffe8b3d7000 	C:\WINDOWS\System32\KERNELBASE.dll
0x00007ffe8ac60000 - 0x00007ffe8adab000 	C:\WINDOWS\System32\ucrtbase.dll
0x00007ffe879c0000 - 0x00007ffe879d7000 	C:\Program Files\Processing\app\resources\jdk-17.0.14+7\bin\jli.dll
0x00007ffe878f0000 - 0x00007ffe8790e000 	C:\Program Files\Processing\app\resources\jdk-17.0.14+7\bin\VCRUNTIME140.dll
0x00007ffe8b720000 - 0x00007ffe8b8e6000 	C:\WINDOWS\System32\USER32.dll
0x00007ffe73250000 - 0x00007ffe734e2000 	C:\WINDOWS\WinSxS\amd64_microsoft.windows.common-controls_6595b64144ccf1df_6.0.26100.8457_none_3e0b2faee331e92d\COMCTL32.dll
0x00007ffe8a290000 - 0x00007ffe8a2b7000 	C:\WINDOWS\System32\win32u.dll
0x00007ffe8b960000 - 0x00007ffe8ba09000 	C:\WINDOWS\System32\msvcrt.dll
0x00007ffe8d080000 - 0x00007ffe8d0ab000 	C:\WINDOWS\System32\GDI32.dll
0x00007ffe8a2c0000 - 0x00007ffe8a3ec000 	C:\WINDOWS\System32\gdi32full.dll
0x00007ffe8b470000 - 0x00007ffe8b513000 	C:\WINDOWS\System32\msvcp_win.dll
0x00007ffe8d720000 - 0x00007ffe8d752000 	C:\WINDOWS\System32\IMM32.DLL
0x00007ffe85b30000 - 0x00007ffe85b3c000 	C:\Program Files\Processing\app\resources\jdk-17.0.14+7\bin\vcruntime140_1.dll
0x00007ffe63cf0000 - 0x00007ffe63d7d000 	C:\Program Files\Processing\app\resources\jdk-17.0.14+7\bin\msvcp140.dll
0x00007ffdf50b0000 - 0x00007ffdf5d1b000 	C:\Program Files\Processing\app\resources\jdk-17.0.14+7\bin\server\jvm.dll
0x00007ffe8ba10000 - 0x00007ffe8bac6000 	C:\WINDOWS\System32\ADVAPI32.dll
0x00007ffe8d0f0000 - 0x00007ffe8d197000 	C:\WINDOWS\System32\sechost.dll
0x00007ffe8b520000 - 0x00007ffe8b638000 	C:\WINDOWS\System32\RPCRT4.dll
0x00007ffe8b640000 - 0x00007ffe8b6c0000 	C:\WINDOWS\System32\WS2_32.dll
0x00007ffe8a030000 - 0x00007ffe8a08e000 	C:\WINDOWS\SYSTEM32\POWRPROF.dll
0x00007ffe73640000 - 0x00007ffe73676000 	C:\WINDOWS\SYSTEM32\WINMM.dll
0x00007ffe810b0000 - 0x00007ffe810bb000 	C:\WINDOWS\SYSTEM32\VERSION.dll
0x00007ffe8a010000 - 0x00007ffe8a024000 	C:\WINDOWS\SYSTEM32\UMPDC.dll
0x00007ffe88f60000 - 0x00007ffe88f7b000 	C:\WINDOWS\SYSTEM32\kernel.appcore.dll
0x00007ffe85b20000 - 0x00007ffe85b2a000 	C:\Program Files\Processing\app\resources\jdk-17.0.14+7\bin\jimage.dll
0x00007ffe74060000 - 0x00007ffe742a2000 	C:\WINDOWS\SYSTEM32\DBGHELP.DLL
0x00007ffe8d390000 - 0x00007ffe8d713000 	C:\WINDOWS\System32\combase.dll
0x00007ffe8c8d0000 - 0x00007ffe8c9a9000 	C:\WINDOWS\System32\OLEAUT32.dll
0x00007ffe7b860000 - 0x00007ffe7b89b000 	C:\WINDOWS\SYSTEM32\dbgcore.DLL
0x00007ffe8adb0000 - 0x00007ffe8ae58000 	C:\WINDOWS\System32\bcryptPrimitives.dll
0x00007ffe85ae0000 - 0x00007ffe85b1b000 	C:\Program Files\Processing\app\resources\jdk-17.0.14+7\bin\jdwp.dll
0x00007ffe7c0a0000 - 0x00007ffe7c0c5000 	C:\Program Files\Processing\app\resources\jdk-17.0.14+7\bin\java.dll
0x00007ffe5ef00000 - 0x00007ffe5efd7000 	C:\Program Files\Processing\app\resources\jdk-17.0.14+7\bin\jsvml.dll
0x00007ffe8bca0000 - 0x00007ffe8c40e000 	C:\WINDOWS\System32\SHELL32.dll
0x00007ffe8a3f0000 - 0x00007ffe8ac5c000 	C:\WINDOWS\System32\windows.storage.dll
0x00007ffe8bba0000 - 0x00007ffe8bc96000 	C:\WINDOWS\System32\SHCORE.dll
0x00007ffe8b8f0000 - 0x00007ffe8b956000 	C:\WINDOWS\System32\shlwapi.dll
0x00007ffe8a0f0000 - 0x00007ffe8a119000 	C:\WINDOWS\SYSTEM32\profapi.dll
0x00007ffe85ad0000 - 0x00007ffe85adc000 	C:\Program Files\Processing\app\resources\jdk-17.0.14+7\bin\dt_socket.dll
0x00007ffe889a0000 - 0x00007ffe889d2000 	C:\WINDOWS\SYSTEM32\IPHLPAPI.DLL
0x00007ffe894d0000 - 0x00007ffe8953c000 	C:\WINDOWS\system32\mswsock.dll
0x00007ffe85a90000 - 0x00007ffe85aa9000 	C:\Program Files\Processing\app\resources\jdk-17.0.14+7\bin\net.dll
0x00007ffe843f0000 - 0x00007ffe84519000 	C:\WINDOWS\SYSTEM32\WINHTTP.dll
0x00007ffe85860000 - 0x00007ffe85876000 	C:\Program Files\Processing\app\resources\jdk-17.0.14+7\bin\nio.dll
0x00007ffe80870000 - 0x00007ffe80888000 	C:\Program Files\Processing\app\resources\jdk-17.0.14+7\bin\zip.dll
0x00007ffe5e560000 - 0x00007ffe5e6f0000 	C:\Program Files\Processing\app\resources\jdk-17.0.14+7\bin\awt.dll
0x00007ffe87a00000 - 0x00007ffe87aa0000 	C:\WINDOWS\SYSTEM32\apphelp.dll
0x00007ffe87d80000 - 0x00007ffe87e2a000 	C:\WINDOWS\system32\uxtheme.dll
0x00007ffe8d1a0000 - 0x00007ffe8d2fc000 	C:\WINDOWS\System32\MSCTF.dll
0x00007ffe8c430000 - 0x00007ffe8c5c7000 	C:\WINDOWS\System32\ole32.dll
0x00007ffe87f20000 - 0x00007ffe87f4f000 	C:\WINDOWS\system32\DWMAPI.DLL
0x00007ffe40100000 - 0x00007ffe4020f000 	C:\WINDOWS\system32\opengl32.dll
0x00007ffe429d0000 - 0x00007ffe429fd000 	C:\WINDOWS\SYSTEM32\GLU32.dll
0x00007ffe87eb0000 - 0x00007ffe87ef5000 	C:\WINDOWS\SYSTEM32\dxcore.dll
0x00007ffe897b0000 - 0x00007ffe897cb000 	C:\WINDOWS\SYSTEM32\CRYPTSP.dll
0x00007ffe88ec0000 - 0x00007ffe88ef9000 	C:\WINDOWS\system32\rsaenh.dll
0x00007ffe89580000 - 0x00007ffe895b3000 	C:\WINDOWS\SYSTEM32\USERENV.dll
0x00007ffe8a0c0000 - 0x00007ffe8a0ea000 	C:\WINDOWS\SYSTEM32\bcrypt.dll
0x00007ffe897d0000 - 0x00007ffe897dc000 	C:\WINDOWS\SYSTEM32\CRYPTBASE.dll
0x00007ffe8c8c0000 - 0x00007ffe8c8ca000 	C:\WINDOWS\System32\NSI.dll
0x00007ffe84550000 - 0x00007ffe8456d000 	C:\WINDOWS\SYSTEM32\dhcpcsvc6.DLL
0x00007ffe84520000 - 0x00007ffe84545000 	C:\WINDOWS\SYSTEM32\dhcpcsvc.DLL
0x00007ffe88a40000 - 0x00007ffe88b72000 	C:\WINDOWS\SYSTEM32\DNSAPI.dll
0x00007ffe7cf50000 - 0x00007ffe7cf63000 	C:\Users\danil\AppData\Local\Temp\jogamp_0000\file_cache\jln5161702945579678976\jln6438696978490565028\natives\windows-amd64\gluegen_rt.dll
0x00007ffe7c090000 - 0x00007ffe7c097000 	C:\Program Files\Processing\app\resources\jdk-17.0.14+7\bin\jawt.dll
0x00007ffe7bc20000 - 0x00007ffe7bc2d000 	C:\Users\danil\AppData\Local\Temp\jogamp_0000\file_cache\jln5161702945579678976\jln6438696978490565028\natives\windows-amd64\nativewindow_awt.dll
0x00007ffe7bc00000 - 0x00007ffe7bc15000 	C:\Users\danil\AppData\Local\Temp\jogamp_0000\file_cache\jln5161702945579678976\jln6438696978490565028\natives\windows-amd64\nativewindow_win32.dll
0x00007ffe5ee70000 - 0x00007ffe5eef3000 	C:\Users\danil\AppData\Local\Temp\jogamp_0000\file_cache\jln5161702945579678976\jln6438696978490565028\natives\windows-amd64\jogl_desktop.dll
0x00007ffe7a300000 - 0x00007ffe7a352000 	C:\Users\danil\AppData\Local\Temp\jogamp_0000\file_cache\jln5161702945579678976\jln6438696978490565028\natives\windows-amd64\jogl_mobile.dll
0x00007ffe841f0000 - 0x00007ffe84251000 	C:\WINDOWS\SYSTEM32\directxdatabasehelper.dll
0x00007ffe7b700000 - 0x00007ffe7b71d000 	C:\WINDOWS\SYSTEM32\windows.staterepositorycore.dll
0x00007ffdf33d0000 - 0x00007ffdf43a3000 	C:\WINDOWS\System32\DriverStore\FileRepository\iigd_dch.inf_amd64_225f37aa3862fc3f\igxelpicd64.dll
0x00007ffe87bd0000 - 0x00007ffe87d0e000 	C:\WINDOWS\system32\dxgi.dll
0x00007ffe59810000 - 0x00007ffe59c97000 	C:\WINDOWS\System32\DriverStore\FileRepository\iigd_dch.inf_amd64_225f37aa3862fc3f\igdml64.dll
0x00007ffe89d40000 - 0x00007ffe89d91000 	C:\WINDOWS\SYSTEM32\cfgmgr32.dll
0x00007ffe80b00000 - 0x00007ffe80ec1000 	C:\WINDOWS\System32\DriverStore\FileRepository\iigd_dch.inf_amd64_225f37aa3862fc3f\igdgmm64.dll
0x00007ffe7d5d0000 - 0x00007ffe807d6000 	C:\WINDOWS\System32\DriverStore\FileRepository\iigd_dch.inf_amd64_225f37aa3862fc3f\igc64.dll
0x00007ffe7b7e0000 - 0x00007ffe7b7f9000 	C:\Users\danil\AppData\Local\Temp\jogamp_0000\file_cache\jln5161702945579678976\jln6438696978490565028\natives\windows-amd64\newt_head.dll
0x00007ffe5e8e0000 - 0x00007ffe5e99f000 	C:\WINDOWS\SYSTEM32\mscms.dll
0x00007ffe1cd10000 - 0x00007ffe1cd59000 	C:\WINDOWS\SYSTEM32\icm32.dll
0x00007ffe8cbf0000 - 0x00007ffe8d077000 	C:\WINDOWS\System32\setupapi.dll
0x00007ffe89d10000 - 0x00007ffe89d3d000 	C:\WINDOWS\SYSTEM32\DEVOBJ.dll
0x00007ffe8b3e0000 - 0x00007ffe8b462000 	C:\WINDOWS\System32\WINTRUST.dll
0x00007ffe8ae60000 - 0x00007ffe8afd8000 	C:\WINDOWS\System32\CRYPT32.dll
0x00007ffe898e0000 - 0x00007ffe898f3000 	C:\WINDOWS\SYSTEM32\MSASN1.dll
0x00007ffe580f0000 - 0x00007ffe58236000 	C:\WINDOWS\SYSTEM32\textinputframework.dll
0x00007ffe87560000 - 0x00007ffe87687000 	C:\WINDOWS\SYSTEM32\CoreMessaging.dll
0x00007ffe83270000 - 0x00007ffe83552000 	C:\WINDOWS\SYSTEM32\CoreUIComponents.dll
0x00007ffe84e00000 - 0x00007ffe84f6a000 	C:\WINDOWS\SYSTEM32\wintypes.dll

dbghelp: loaded successfully - version: 4.0.5 - missing functions: none
symbol engine: initialized successfully - sym options: 0x614 - pdb path: .;C:\Program Files\Processing\app\resources\jdk-17.0.14+7\bin;C:\WINDOWS\SYSTEM32;C:\WINDOWS\WinSxS\amd64_microsoft.windows.common-controls_6595b64144ccf1df_6.0.26100.8457_none_3e0b2faee331e92d;C:\Program Files\Processing\app\resources\jdk-17.0.14+7\bin\server;C:\Users\danil\AppData\Local\Temp\jogamp_0000\file_cache\jln5161702945579678976\jln6438696978490565028\natives\windows-amd64;C:\WINDOWS\System32\DriverStore\FileRepository\iigd_dch.inf_amd64_225f37aa3862fc3f

VM Arguments:
jvm_args: -agentlib:jdwp=transport=dt_socket,address=8235,server=y,suspend=y,quiet=y -Xms64m -Xmx1024m -Djna.nosys=true -Djava.library.path=;C:\Program Files\Processing\app\resources\core\library;C:\Program Files\Processing;C:\WINDOWS\system32;C:\WINDOWS;C:\Program Files\PlasticSCM5\server;C:\Program Files\PlasticSCM5\client;C:\Program Files\Common Files\Oracle\Java\javapath;C:\Program Files (x86)\Common Files\Oracle\Java\javapath;C:\Windows\System32\HWAudioDriverLibs;C:\Windows\system32;C:\Windows;C:\Windows\System32\Wbem;C:\Windows\System32\WindowsPowerShell\v1.0;C:\Windows\System32\OpenSSH;C:\Program Files\Microsoft SQL Server\150\Tools\Binn;C:\Program Files\Microsoft SQL Server\Client SDK\ODBC\170\Tools\Binn;C:\Program Files\dotnet;D:\Windows Kits\10\Windows Performance Toolkit;C:\Program Files\Java\jdk-23\bin;C:\WINDOWS\system32;C:\WINDOWS;C:\WINDOWS\System32\Wbem;C:\WINDOWS\System32\WindowsPowerShell\v1.0;C:\WINDOWS\System32\OpenSSH;C:\Program Files\nodejs;C:\Program Files\Docker\Docker\resources\bin;C:\Program Files\TortoiseGit\bin;C:\Program Files\Git\cmd;C:\Users\danil\AppData\Local\Programs\Python\Python312\Scripts;C:\Users\danil\AppData\Local\Programs\Python\Python312;C:\Users\danil\AppData\Local\Microsoft\WindowsApps;C:\Users\danil\AppData\Local\Programs\Microsoft VS Code\bin;C:\Users\danil\AppData\Roaming\npm;D:\DataBase\18\bin;C:\Program Files\Processing\app;. -ea 
java_command: processing.core.PApplet --editor-location=-7,-7 --external --display=1 --sketch-path=C:\Users\danil\Desktop\Gravity_simul Gravity_simul
java_class_path (initial): C:\Users\danil\AppData\Local\Temp\processing\Gravity_simul16687850726964255166temp;C:\Program Files\Processing\app\resources\core\library\annotations-13.0.jar;C:\Program Files\Processing\app\resources\core\library\antlr-2.7.7.jar;C:\Program Files\Processing\app\resources\core\library\core-4.4.1.jar;C:\Program Files\Processing\app\resources\core\library\gluegen-rt-2.5.0-natives-android-aarch64.jar;C:\Program Files\Processing\app\resources\core\library\gluegen-rt-2.5.0-natives-linux-aarch64.jar;C:\Program Files\Processing\app\resources\core\library\gluegen-rt-2.5.0-natives-linux-amd64.jar;C:\Program Files\Processing\app\resources\core\library\gluegen-rt-2.5.0-natives-linux-armv6hf.jar;C:\Program Files\Processing\app\resources\core\library\gluegen-rt-2.5.0-natives-macosx-universal.jar;C:\Program Files\Processing\app\resources\core\library\gluegen-rt-2.5.0-natives-windows-amd64.jar;C:\Program Files\Processing\app\resources\core\library\gluegen-rt-2.5.0.jar;C:\Program Files\Processing\app\resources\core\library\gluegen-rt-main-2.5.0.jar;C:\Program Files\Processing\app\resources\core\library\jogl-all-2.5.0-natives-android-aarch64.jar;C:\Program Files\Processing\app\resources\core\library\jogl-all-2.5.0-natives-linux-aarch64.jar;C:\Program Files\Processing\app\resources\core\library\jogl-all-2.5.0-natives-linux-amd64.jar;C:\Program Files\Processing\app\resources\core\library\jogl-all-2.5.0-natives-linux-armv6hf.jar;C:\Program Files\Processing\app\resources\core\library\jogl-all-2.5.0-natives-macosx-universal.jar;C:\Program Files\Processing\app\resources\core\library\jogl-all-2.5.0-natives-windows-amd64.jar;C:\Program Files\Processing\app\resources\core\library\jogl-all-2.5.0.jar;C:\Program Files\Processing\app\resources\core\library\jogl-all-main-2.5.0.jar;C:\Program Files\Processing\app\resources\core\library\kotlin-stdlib-2.0.20.jar
Launcher Type: SUN_STANDARD

[Global flags]
     intx CICompilerCount                          = 4                                         {product} {ergonomic}
     uint ConcGCThreads                            = 2                                         {product} {ergonomic}
     uint G1ConcRefinementThreads                  = 8                                         {product} {ergonomic}
   size_t G1HeapRegionSize                         = 1048576                                   {product} {ergonomic}
    uintx GCDrainStackTargetSize                   = 64                                        {product} {ergonomic}
   size_t InitialHeapSize                          = 67108864                                  {product} {command line}
   size_t MarkStackSize                            = 4194304                                   {product} {ergonomic}
   size_t MaxHeapSize                              = 1073741824                                {product} {command line}
   size_t MaxNewSize                               = 643825664                                 {product} {ergonomic}
   size_t MinHeapDeltaBytes                        = 1048576                                   {product} {ergonomic}
   size_t MinHeapSize                              = 67108864                                  {product} {command line}
    uintx NonNMethodCodeHeapSize                   = 5839372                                {pd product} {ergonomic}
    uintx NonProfiledCodeHeapSize                  = 122909434                              {pd product} {ergonomic}
    uintx ProfiledCodeHeapSize                     = 122909434                              {pd product} {ergonomic}
    uintx ReservedCodeCacheSize                    = 251658240                              {pd product} {ergonomic}
     bool SegmentedCodeCache                       = true                                      {product} {ergonomic}
   size_t SoftMaxHeapSize                          = 1073741824                             {manageable} {ergonomic}
     bool UseCompressedClassPointers               = true                           {product lp64_product} {ergonomic}
     bool UseCompressedOops                        = true                           {product lp64_product} {ergonomic}
     bool UseG1GC                                  = true                                      {product} {ergonomic}
     bool UseLargePagesIndividualAllocation        = false                                  {pd product} {ergonomic}

Logging:
Log output configuration:
 #0: stdout all=off uptime,level,tags
 #1: stderr all=off uptime,level,tags

Environment Variables:
JAVA_HOME=C:\Program Files\Java\jdk-23
PATH=C:\Program Files\PlasticSCM5\server;C:\Program Files\PlasticSCM5\client;C:\Program Files\Common Files\Oracle\Java\javapath;C:\Program Files (x86)\Common Files\Oracle\Java\javapath;C:\Windows\System32\HWAudioDriverLibs;C:\Windows\system32;C:\Windows;C:\Windows\System32\Wbem;C:\Windows\System32\WindowsPowerShell\v1.0\;C:\Windows\System32\OpenSSH\;C:\Users\Administrator\AppData\Local\Microsoft\WindowsApps;C:\Program Files\Microsoft SQL Server\150\Tools\Binn\;C:\Program Files\Microsoft SQL Server\Client SDK\ODBC\170\Tools\Binn\;C:\Program Files\dotnet\;D:\Windows Kits\10\Windows Performance Toolkit\;C:\Program Files\Java\jdk-23\bin;C:\WINDOWS\system32;C:\WINDOWS;C:\WINDOWS\System32\Wbem;C:\WINDOWS\System32\WindowsPowerShell\v1.0\;C:\WINDOWS\System32\OpenSSH\;C:\Program Files\nodejs\;C:\Program Files\Docker\Docker\resources\bin;C:\Program Files\TortoiseGit\bin;C:\Program Files\Git\cmd;C:\Users\danil\AppData\Local\Programs\Python\Python312\Scripts\;C:\Users\danil\AppData\Local\Programs\Python\Python312\;C:\Users\danil\AppData\Local\Microsoft\WindowsApps;C:\Users\danil\.dotnet\tools;C:\Users\danil\AppData\Local\Programs\Microsoft VS Code\bin;C:\Users\danil\AppData\Roaming\npm;D:\DataBase\18\bin;C:\Program Files\Processing\app
USERNAME=danil
OS=Windows_NT
PROCESSOR_IDENTIFIER=Intel64 Family 6 Model 140 Stepping 2, GenuineIntel
TMP=C:\Users\danil\AppData\Local\Temp
TEMP=C:\Users\danil\AppData\Local\Temp



Periodic native trim disabled


---------------  S Y S T E M  ---------------

OS:
 Windows 11 , 64 bit Build 26100 (10.0.26100.8328)
OS uptime: 0 days 0:34 hours
Hyper-V role detected

CPU: total 8 (initial active 8) (4 cores per cpu, 2 threads per core) family 6 model 140 stepping 2 microcode 0x16, cx8, cmov, fxsr, ht, mmx, 3dnowpref, sse, sse2, sse3, ssse3, sse4.1, sse4.2, popcnt, lzcnt, tsc, tscinvbit, avx, avx2, aes, erms, clmul, bmi1, bmi2, adx, avx512f, avx512dq, avx512cd, avx512bw, avx512vl, sha, fma, vzeroupper, avx512_vpopcntdq, avx512_vpclmulqdq, avx512_vaes, avx512_vnni, clflush, clflushopt, clwb, avx512_vbmi2, avx512_vbmi, hv
Processor Information for processor 0
  Max Mhz: 2496, Current Mhz: 998, Mhz Limit: 2496
Processor Information for processor 1
  Max Mhz: 2496, Current Mhz: 2496, Mhz Limit: 2496
Processor Information for processor 2
  Max Mhz: 2496, Current Mhz: 2496, Mhz Limit: 2496
Processor Information for processor 3
  Max Mhz: 2496, Current Mhz: 998, Mhz Limit: 2496
Processor Information for processor 4
  Max Mhz: 2496, Current Mhz: 998, Mhz Limit: 2496
Processor Information for processor 5
  Max Mhz: 2496, Current Mhz: 998, Mhz Limit: 2496
Processor Information for processor 6
  Max Mhz: 2496, Current Mhz: 2496, Mhz Limit: 2496
Processor Information for processor 7
  Max Mhz: 2496, Current Mhz: 2496, Mhz Limit: 2496

Memory: 4k page, system-wide physical 7975M (1906M free)
TotalPageFile size 17703M (AvailPageFile size 8542M)
current process WorkingSet (physical memory assigned to process): 523M, peak: 534M
current process commit charge ("private bytes"): 516M, peak: 545M

vm_info: OpenJDK 64-Bit Server VM (17.0.14+7) for windows-amd64 JRE (17.0.14+7), built on Jan 21 2025 23:40:15 by "admin" with MS VC++ 17.7 (VS2022)

END.
